W1116 17:04:45.471000 1174 torch/distributed/run.py:766] 
W1116 17:04:45.471000 1174 torch/distributed/run.py:766] *****************************************
W1116 17:04:45.471000 1174 torch/distributed/run.py:766] Setting OMP_NUM_THREADS environment variable for each process to be 1 in default, to avoid your system being overloaded, please further tune the variable for optimal performance in your application as needed. 
W1116 17:04:45.471000 1174 torch/distributed/run.py:766] *****************************************
[Gloo] Rank [Gloo] Rank [Gloo] Rank [Gloo] Rank 0000 is connected to  is connected to  is connected to  is connected to 1111 peer ranks.  peer ranks.  peer ranks.  peer ranks. Expected number of connected peer ranks is : Expected number of connected peer ranks is : Expected number of connected peer ranks is : Expected number of connected peer ranks is : 1111



[Gloo] Rank 0 is connected to 0 peer ranks. Expected number of connected peer ranks is : 0
[Gloo] Rank 0 is connected to 0 peer ranks. Expected number of connected peer ranks is : 0
[Gloo] Rank 0 is connected to 0 peer ranks. Expected number of connected peer ranks is : 0
[Gloo] Rank 0 is connected to 0 peer ranks. Expected number of connected peer ranks is : 0
[Gloo] Rank 0 is connected to 1 peer ranks. Expected number of connected peer ranks is : 1
[Gloo] Rank 0 is connected to 1 peer ranks. Expected number of connected peer ranks is : 1
[Gloo] Rank 0 is connected to 1 peer ranks. Expected number of connected peer ranks is : 1
[Gloo] Rank 0 is connected to 1 peer ranks. Expected number of connected peer ranks is : 1
[rank22]:[W1116 17:05:24.920491851 ProcessGroupNCCL.cpp:4789] [PG ID 0 PG GUID 0 Rank 22]  using GPU 2 as device used by this process is currently unknown. This can potentially cause a hang if this rank to GPU mapping is incorrect. You can specify device_id in init_process_group() to force use of a particular device.
[rank23]:[W1116 17:05:24.920491435 ProcessGroupNCCL.cpp:4789] [PG ID 0 PG GUID 0 Rank 23]  using GPU 3 as device used by this process is currently unknown. This can potentially cause a hang if this rank to GPU mapping is incorrect. You can specify device_id in init_process_group() to force use of a particular device.
[rank21]:[W1116 17:05:24.920491851 ProcessGroupNCCL.cpp:4789] [PG ID 0 PG GUID 0 Rank 21]  using GPU 1 as device used by this process is currently unknown. This can potentially cause a hang if this rank to GPU mapping is incorrect. You can specify device_id in init_process_group() to force use of a particular device.
node15:1240:1240 [1] NCCL INFO cudaDriverVersion 12080
node15:1241:1241 [2] NCCL INFO cudaDriverVersion 12080
node15:1240:1240 [1] NCCL INFO Bootstrap: Using enP5p9s0:10.192.18.169<0>
node15:1240:1240 [1] NCCL INFO NCCL version 2.27.3+cuda12.9
node15:1240:1240 [1] NCCL INFO Comm config Blocking set to 1
node15:1242:1242 [3] NCCL INFO cudaDriverVersion 12080
node15:1241:1241 [2] NCCL INFO Bootstrap: Using enP5p9s0:10.192.18.169<0>
node15:1241:1241 [2] NCCL INFO NCCL version 2.27.3+cuda12.9
node15:1241:1241 [2] NCCL INFO Comm config Blocking set to 1
node15:1242:1242 [3] NCCL INFO Bootstrap: Using enP5p9s0:10.192.18.169<0>
node15:1242:1242 [3] NCCL INFO NCCL version 2.27.3+cuda12.9
node15:1242:1242 [3] NCCL INFO Comm config Blocking set to 1
[rank20]:[W1116 17:05:24.327184501 ProcessGroupNCCL.cpp:4789] [PG ID 0 PG GUID 0 Rank 20]  using GPU 0 as device used by this process is currently unknown. This can potentially cause a hang if this rank to GPU mapping is incorrect. You can specify device_id in init_process_group() to force use of a particular device.
node15:1239:1239 [0] NCCL INFO cudaDriverVersion 12080
node15:1239:1239 [0] NCCL INFO Bootstrap: Using enP5p9s0:10.192.18.169<0>
node15:1239:1239 [0] NCCL INFO NCCL version 2.27.3+cuda12.9
node15:1239:1239 [0] NCCL INFO Comm config Blocking set to 1
node15:1240:1707 [1] NCCL INFO NET/Plugin: Plugin name set by env to libnccl-net.so
node15:1240:1707 [1] NCCL INFO NET/Plugin: Loaded net plugin NCCL RDMA Plugin v10 (v10)
node15:1240:1707 [1] NCCL INFO NET/Plugin: Loaded collnet plugin NCCL RDMA Plugin v10 (v10)
node15:1240:1707 [1] NCCL INFO Successfully loaded external plugin libnccl-net.so
node15:1240:1707 [1] NCCL INFO Plugin Path : /opt/hpcx/nccl_rdma_sharp_plugin/lib/libnccl-net.so
node15:1240:1707 [1] NCCL INFO P2P plugin v10 IBext_v10
node15:1242:1709 [3] NCCL INFO NET/Plugin: Plugin name set by env to libnccl-net.so
node15:1242:1709 [3] NCCL INFO NET/Plugin: Loaded net plugin NCCL RDMA Plugin v10 (v10)
node15:1242:1709 [3] NCCL INFO NET/Plugin: Loaded collnet plugin NCCL RDMA Plugin v10 (v10)
node15:1242:1709 [3] NCCL INFO Successfully loaded external plugin libnccl-net.so
node15:1242:1709 [3] NCCL INFO Plugin Path : /opt/hpcx/nccl_rdma_sharp_plugin/lib/libnccl-net.so
node15:1242:1709 [3] NCCL INFO P2P plugin v10 IBext_v10
node15:1241:1708 [2] NCCL INFO NET/Plugin: Plugin name set by env to libnccl-net.so
node15:1241:1708 [2] NCCL INFO NET/Plugin: Loaded net plugin NCCL RDMA Plugin v10 (v10)
node15:1241:1708 [2] NCCL INFO NET/Plugin: Loaded collnet plugin NCCL RDMA Plugin v10 (v10)
node15:1241:1708 [2] NCCL INFO Successfully loaded external plugin libnccl-net.so
node15:1241:1708 [2] NCCL INFO Plugin Path : /opt/hpcx/nccl_rdma_sharp_plugin/lib/libnccl-net.so
node15:1241:1708 [2] NCCL INFO P2P plugin v10 IBext_v10
node15:1240:1707 [1] NCCL INFO NET/IB : Using [0]mlx5_0:1/RoCE [1]mlx5_1:1/RoCE [2]mlx5_2:1/RoCE [3]mlx5_3:1/RoCE [4]mlx5_4:1/RoCE [5]mlx5_5:1/RoCE [6]mlx5_6:1/RoCE [7]mlx5_7:1/RoCE [RO]; OOB enP5p9s0:10.192.18.169<0>
node15:1240:1707 [1] NCCL INFO Initialized NET plugin IBext_v10
node15:1241:1708 [2] NCCL INFO NET/IB : Using [0]mlx5_0:1/RoCE [1]mlx5_1:1/RoCE [2]mlx5_2:1/RoCE [3]mlx5_3:1/RoCE [4]mlx5_4:1/RoCE [5]mlx5_5:1/RoCE [6]mlx5_6:1/RoCE [7]mlx5_7:1/RoCE [RO]; OOB enP5p9s0:10.192.18.169<0>
node15:1241:1708 [2] NCCL INFO Initialized NET plugin IBext_v10
node15:1242:1709 [3] NCCL INFO NET/IB : Using [0]mlx5_0:1/RoCE [1]mlx5_1:1/RoCE [2]mlx5_2:1/RoCE [3]mlx5_3:1/RoCE [4]mlx5_4:1/RoCE [5]mlx5_5:1/RoCE [6]mlx5_6:1/RoCE [7]mlx5_7:1/RoCE [RO]; OOB enP5p9s0:10.192.18.169<0>
node15:1242:1709 [3] NCCL INFO Initialized NET plugin IBext_v10
node15:1239:1710 [0] NCCL INFO NET/Plugin: Plugin name set by env to libnccl-net.so
node15:1239:1710 [0] NCCL INFO NET/Plugin: Loaded net plugin NCCL RDMA Plugin v10 (v10)
node15:1239:1710 [0] NCCL INFO NET/Plugin: Loaded collnet plugin NCCL RDMA Plugin v10 (v10)
node15:1239:1710 [0] NCCL INFO Successfully loaded external plugin libnccl-net.so
node15:1239:1710 [0] NCCL INFO Plugin Path : /opt/hpcx/nccl_rdma_sharp_plugin/lib/libnccl-net.so
node15:1239:1710 [0] NCCL INFO P2P plugin v10 IBext_v10
node15:1241:1708 [2] NCCL INFO Assigned NET plugin IBext_v10 to comm
node15:1241:1708 [2] NCCL INFO Using network IBext_v10
node15:1242:1709 [3] NCCL INFO Assigned NET plugin IBext_v10 to comm
node15:1242:1709 [3] NCCL INFO Using network IBext_v10
node15:1240:1707 [1] NCCL INFO Assigned NET plugin IBext_v10 to comm
node15:1240:1707 [1] NCCL INFO Using network IBext_v10
node15:1239:1710 [0] NCCL INFO NET/IB : Using [0]mlx5_0:1/RoCE [1]mlx5_1:1/RoCE [2]mlx5_2:1/RoCE [3]mlx5_3:1/RoCE [4]mlx5_4:1/RoCE [5]mlx5_5:1/RoCE [6]mlx5_6:1/RoCE [7]mlx5_7:1/RoCE [RO]; OOB enP5p9s0:10.192.18.169<0>
node15:1239:1710 [0] NCCL INFO Initialized NET plugin IBext_v10
node15:1239:1710 [0] NCCL INFO Assigned NET plugin IBext_v10 to comm
node15:1239:1710 [0] NCCL INFO Using network IBext_v10
node15:1242:1709 [3] NCCL INFO DMA-BUF is available on GPU device 3
node15:1241:1708 [2] NCCL INFO DMA-BUF is available on GPU device 2
node15:1240:1707 [1] NCCL INFO DMA-BUF is available on GPU device 1
node15:1242:1709 [3] NCCL INFO ncclCommInitRankConfig comm 0x52b12a90 rank 23 nranks 64 cudaDev 3 nvmlDev 3 busId 1901000 commId 0xf9e8a31158cee9c0 - Init START
node15:1240:1707 [1] NCCL INFO ncclCommInitRankConfig comm 0x48bdff10 rank 21 nranks 64 cudaDev 1 nvmlDev 1 busId 901000 commId 0xf9e8a31158cee9c0 - Init START
node15:1241:1708 [2] NCCL INFO ncclCommInitRankConfig comm 0x43df0bf0 rank 22 nranks 64 cudaDev 2 nvmlDev 2 busId 1801000 commId 0xf9e8a31158cee9c0 - Init START
node15:1241:1708 [2] NCCL INFO RAS client listening socket at 127.0.0.1<28028>
node15:1242:1709 [3] NCCL INFO RAS client listening socket at 127.0.0.1<28028>
node15:1239:1710 [0] NCCL INFO DMA-BUF is available on GPU device 0
node15:1239:1710 [0] NCCL INFO ncclCommInitRankConfig comm 0x1bf952c0 rank 20 nranks 64 cudaDev 0 nvmlDev 0 busId 801000 commId 0xf9e8a31158cee9c0 - Init START
node15:1240:1707 [1] NCCL INFO RAS client listening socket at 127.0.0.1<28028>
node15:1239:1710 [0] NCCL INFO RAS client listening socket at 127.0.0.1<28028>
node15:1242:1709 [3] NCCL INFO Bootstrap timings total 0.101531 (create 0.000046, send 0.000179, recv 0.005845, ring 0.095162, delay 0.000000)
node15:1241:1708 [2] NCCL INFO Bootstrap timings total 0.100647 (create 0.000028, send 0.000130, recv 0.000248, ring 0.099793, delay 0.000000)
node15:1240:1707 [1] NCCL INFO Bootstrap timings total 0.100708 (create 0.000037, send 0.000171, recv 0.000355, ring 0.093617, delay 0.000000)
node15:1239:1710 [0] NCCL INFO Bootstrap timings total 0.094535 (create 0.000028, send 0.000133, recv 0.000342, ring 0.093493, delay 0.000000)
node15:1240:1707 [1] NCCL INFO MNNVL busId 0x901000 fabric UUID 4d4e0850a64dd29b.34b5c600be78169f cliqueId 0x7ffe state 3 healthMask 0xaa
node15:1241:1708 [2] NCCL INFO MNNVL busId 0x1801000 fabric UUID 4d4e0850a64dd29b.34b5c600be78169f cliqueId 0x7ffe state 3 healthMask 0xaa
node15:1242:1709 [3] NCCL INFO MNNVL busId 0x1901000 fabric UUID 4d4e0850a64dd29b.34b5c600be78169f cliqueId 0x7ffe state 3 healthMask 0xaa
node15:1239:1710 [0] NCCL INFO MNNVL busId 0x801000 fabric UUID 4d4e0850a64dd29b.34b5c600be78169f cliqueId 0x7ffe state 3 healthMask 0xaa
node15:1241:1708 [2] NCCL INFO MNNVL 1 cliqueId 7ffe cliqueSize 64 cliqueRank 22
node15:1239:1710 [0] NCCL INFO MNNVL 1 cliqueId 7ffe cliqueSize 64 cliqueRank 20
node15:1242:1709 [3] NCCL INFO MNNVL 1 cliqueId 7ffe cliqueSize 64 cliqueRank 23
node15:1240:1707 [1] NCCL INFO MNNVL 1 cliqueId 7ffe cliqueSize 64 cliqueRank 21
node15:1240:1707 [1] NCCL INFO Setting affinity for GPU 1 to 0-71
node15:1240:1707 [1] NCCL INFO NCCL_NVLS_ENABLE set by environment to 0.
node15:1241:1708 [2] NCCL INFO Setting affinity for GPU 2 to 72-143
node15:1241:1708 [2] NCCL INFO NCCL_NVLS_ENABLE set by environment to 0.
node15:1239:1710 [0] NCCL INFO Setting affinity for GPU 0 to 0-71
node15:1239:1710 [0] NCCL INFO NCCL_NVLS_ENABLE set by environment to 0.
node15:1242:1709 [3] NCCL INFO Setting affinity for GPU 3 to 72-143
node15:1242:1709 [3] NCCL INFO NCCL_NVLS_ENABLE set by environment to 0.
node15:1242:1709 [3] NCCL INFO comm 0x52b12a90 rank 23 nRanks 64 nNodes 1 localRanks 64 localRank 23 MNNVL 1
node15:1242:1709 [3] NCCL INFO Trees [0] 24/-1/-1->23->22 [1] 24/-1/-1->23->22 [2] 24/-1/-1->23->22 [3] 24/-1/-1->23->22 [4] 24/-1/-1->23->22 [5] 24/-1/-1->23->22 [6] 24/-1/-1->23->22 [7] 24/-1/-1->23->22 [8] 24/-1/-1->23->22 [9] 24/-1/-1->23->22 [10] 24/-1/-1->23->22 [11] 24/-1/-1->23->22 [12] 24/-1/-1->23->22 [13] 24/-1/-1->23->22 [14] 24/-1/-1->23->22 [15] 24/-1/-1->23->22 [16] 24/-1/-1->23->22 [17] 24/-1/-1->23->22 [18] 24/-1/-1->23->22 [19] 24/-1/-1->23->22 [20] 24/-1/-1->23->22 [21] 24/-1/-1->23->22 [22] 24/-1/-1->23->22 [23] 24/-1/-1->23->22 [24] 24/-1/-1->23->22 [25] 24/-1/-1->23->22 [26] 24/-1/-1->23->22 [27] 24/-1/-1->23->22 [28] 24/-1/-1->23->22 [29] 24/-1/-1->23->22 [30] 24/-1/-1->23->22 [31] 24/-1/-1->23->22
node15:1242:1709 [3] NCCL INFO P2P Chunksize set to 524288
node15:1239:1710 [0] NCCL INFO comm 0x1bf952c0 rank 20 nRanks 64 nNodes 1 localRanks 64 localRank 20 MNNVL 1
node15:1240:1707 [1] NCCL INFO comm 0x48bdff10 rank 21 nRanks 64 nNodes 1 localRanks 64 localRank 21 MNNVL 1
node15:1241:1708 [2] NCCL INFO comm 0x43df0bf0 rank 22 nRanks 64 nNodes 1 localRanks 64 localRank 22 MNNVL 1
node15:1239:1710 [0] NCCL INFO Trees [0] 21/-1/-1->20->19 [1] 21/-1/-1->20->19 [2] 21/-1/-1->20->19 [3] 21/-1/-1->20->19 [4] 21/-1/-1->20->19 [5] 21/-1/-1->20->19 [6] 21/-1/-1->20->19 [7] 21/-1/-1->20->19 [8] 21/-1/-1->20->19 [9] 21/-1/-1->20->19 [10] 21/-1/-1->20->19 [11] 21/-1/-1->20->19 [12] 21/-1/-1->20->19 [13] 21/-1/-1->20->19 [14] 21/-1/-1->20->19 [15] 21/-1/-1->20->19 [16] 21/-1/-1->20->19 [17] 21/-1/-1->20->19 [18] 21/-1/-1->20->19 [19] 21/-1/-1->20->19 [20] 21/-1/-1->20->19 [21] 21/-1/-1->20->19 [22] 21/-1/-1->20->19 [23] 21/-1/-1->20->19 [24] 21/-1/-1->20->19 [25] 21/-1/-1->20->19 [26] 21/-1/-1->20->19 [27] 21/-1/-1->20->19 [28] 21/-1/-1->20->19 [29] 21/-1/-1->20->19 [30] 21/-1/-1->20->19 [31] 21/-1/-1->20->19
node15:1241:1708 [2] NCCL INFO Trees [0] 23/-1/-1->22->21 [1] 23/-1/-1->22->21 [2] 23/-1/-1->22->21 [3] 23/-1/-1->22->21 [4] 23/-1/-1->22->21 [5] 23/-1/-1->22->21 [6] 23/-1/-1->22->21 [7] 23/-1/-1->22->21 [8] 23/-1/-1->22->21 [9] 23/-1/-1->22->21 [10] 23/-1/-1->22->21 [11] 23/-1/-1->22->21 [12] 23/-1/-1->22->21 [13] 23/-1/-1->22->21 [14] 23/-1/-1->22->21 [15] 23/-1/-1->22->21 [16] 23/-1/-1->22->21 [17] 23/-1/-1->22->21 [18] 23/-1/-1->22->21 [19] 23/-1/-1->22->21 [20] 23/-1/-1->22->21 [21] 23/-1/-1->22->21 [22] 23/-1/-1->22->21 [23] 23/-1/-1->22->21 [24] 23/-1/-1->22->21 [25] 23/-1/-1->22->21 [26] 23/-1/-1->22->21 [27] 23/-1/-1->22->21 [28] 23/-1/-1->22->21 [29] 23/-1/-1->22->21 [30] 23/-1/-1->22->21 [31] 23/-1/-1->22->21
node15:1240:1707 [1] NCCL INFO Trees [0] 22/-1/-1->21->20 [1] 22/-1/-1->21->20 [2] 22/-1/-1->21->20 [3] 22/-1/-1->21->20 [4] 22/-1/-1->21->20 [5] 22/-1/-1->21->20 [6] 22/-1/-1->21->20 [7] 22/-1/-1->21->20 [8] 22/-1/-1->21->20 [9] 22/-1/-1->21->20 [10] 22/-1/-1->21->20 [11] 22/-1/-1->21->20 [12] 22/-1/-1->21->20 [13] 22/-1/-1->21->20 [14] 22/-1/-1->21->20 [15] 22/-1/-1->21->20 [16] 22/-1/-1->21->20 [17] 22/-1/-1->21->20 [18] 22/-1/-1->21->20 [19] 22/-1/-1->21->20 [20] 22/-1/-1->21->20 [21] 22/-1/-1->21->20 [22] 22/-1/-1->21->20 [23] 22/-1/-1->21->20 [24] 22/-1/-1->21->20 [25] 22/-1/-1->21->20 [26] 22/-1/-1->21->20 [27] 22/-1/-1->21->20 [28] 22/-1/-1->21->20 [29] 22/-1/-1->21->20 [30] 22/-1/-1->21->20 [31] 22/-1/-1->21->20
node15:1239:1710 [0] NCCL INFO P2P Chunksize set to 524288
node15:1241:1708 [2] NCCL INFO P2P Chunksize set to 524288
node15:1240:1707 [1] NCCL INFO P2P Chunksize set to 524288
node15:1241:1708 [2] NCCL INFO PROFILER/Plugin: Could not find: libnccl-profiler.so. 
node15:1240:1707 [1] NCCL INFO PROFILER/Plugin: Could not find: libnccl-profiler.so. 
node15:1239:1710 [0] NCCL INFO PROFILER/Plugin: Could not find: libnccl-profiler.so. 
node15:1242:1709 [3] NCCL INFO PROFILER/Plugin: Could not find: libnccl-profiler.so. 
node15:1239:1747 [0] NCCL INFO [Proxy Service] Device 0 CPU core 55
node15:1241:1750 [2] NCCL INFO [Proxy Service] Device 2 CPU core 95
node15:1242:1749 [3] NCCL INFO [Proxy Service] Device 3 CPU core 80
node15:1239:1751 [0] NCCL INFO [Proxy Service UDS] Device 0 CPU core 65
node15:1240:1752 [1] NCCL INFO [Proxy Service UDS] Device 1 CPU core 56
node15:1241:1754 [2] NCCL INFO [Proxy Service UDS] Device 2 CPU core 96
node15:1240:1748 [1] NCCL INFO [Proxy Service] Device 1 CPU core 53
node15:1242:1753 [3] NCCL INFO [Proxy Service UDS] Device 3 CPU core 81
node15:1239:1710 [0] NCCL INFO threadThresholds 8/8/64 | 512/8/64 | 512 | 512
node15:1239:1710 [0] NCCL INFO 32 coll channels, 32 collnet channels, 0 nvls channels, 32 p2p channels, 32 p2p channels per peer
node15:1240:1707 [1] NCCL INFO threadThresholds 8/8/64 | 512/8/64 | 512 | 512
node15:1240:1707 [1] NCCL INFO 32 coll channels, 32 collnet channels, 0 nvls channels, 32 p2p channels, 32 p2p channels per peer
node15:1241:1708 [2] NCCL INFO threadThresholds 8/8/64 | 512/8/64 | 512 | 512
node15:1241:1708 [2] NCCL INFO 32 coll channels, 32 collnet channels, 0 nvls channels, 32 p2p channels, 32 p2p channels per peer
node15:1242:1709 [3] NCCL INFO threadThresholds 8/8/64 | 512/8/64 | 512 | 512
node15:1242:1709 [3] NCCL INFO 32 coll channels, 32 collnet channels, 0 nvls channels, 32 p2p channels, 32 p2p channels per peer
node15:1240:1707 [1] NCCL INFO TUNER/Plugin: Could not find: libnccl-tuner.so. Using internal tuner plugin.
node15:1239:1710 [0] NCCL INFO TUNER/Plugin: Could not find: libnccl-tuner.so. Using internal tuner plugin.
node15:1240:1707 [1] NCCL INFO TUNER/Plugin: Failed to find ncclTunerPlugin_v4 symbol.
node15:1240:1707 [1] NCCL INFO TUNER/Plugin: Failed to find ncclTunerPlugin_v3 symbol.
node15:1239:1710 [0] NCCL INFO TUNER/Plugin: Failed to find ncclTunerPlugin_v4 symbol.
node15:1240:1707 [1] NCCL INFO TUNER/Plugin: Failed to find ncclTunerPlugin_v2 symbol, using internal tuner instead.
node15:1239:1710 [0] NCCL INFO TUNER/Plugin: Failed to find ncclTunerPlugin_v3 symbol.
node15:1240:1707 [1] NCCL INFO ncclCommInitRankConfig comm 0x48bdff10 rank 21 nranks 64 cudaDev 1 nvmlDev 1 busId 901000 commId 0xf9e8a31158cee9c0 - Init COMPLETE
node15:1239:1710 [0] NCCL INFO TUNER/Plugin: Failed to find ncclTunerPlugin_v2 symbol, using internal tuner instead.
node15:1240:1707 [1] NCCL INFO Init timings - ncclCommInitRankConfig: rank 21 nranks 64 total 2.93 (kernels 0.23, alloc 0.17, bootstrap 0.10, allgathers 0.14, topo 2.08, graphs 0.04, connections 0.15, rest 0.02)
node15:1239:1710 [0] NCCL INFO ncclCommInitRankConfig comm 0x1bf952c0 rank 20 nranks 64 cudaDev 0 nvmlDev 0 busId 801000 commId 0xf9e8a31158cee9c0 - Init COMPLETE
node15:1239:1710 [0] NCCL INFO Init timings - ncclCommInitRankConfig: rank 20 nranks 64 total 2.71 (kernels 0.08, alloc 0.10, bootstrap 0.09, allgathers 0.11, topo 2.11, graphs 0.04, connections 0.15, rest 0.02)
node15:1241:1708 [2] NCCL INFO TUNER/Plugin: Could not find: libnccl-tuner.so. Using internal tuner plugin.
node15:1241:1708 [2] NCCL INFO TUNER/Plugin: Failed to find ncclTunerPlugin_v4 symbol.
node15:1241:1708 [2] NCCL INFO TUNER/Plugin: Failed to find ncclTunerPlugin_v3 symbol.
node15:1241:1708 [2] NCCL INFO TUNER/Plugin: Failed to find ncclTunerPlugin_v2 symbol, using internal tuner instead.
node15:1241:1708 [2] NCCL INFO ncclCommInitRankConfig comm 0x43df0bf0 rank 22 nranks 64 cudaDev 2 nvmlDev 2 busId 1801000 commId 0xf9e8a31158cee9c0 - Init COMPLETE
node15:1241:1708 [2] NCCL INFO Init timings - ncclCommInitRankConfig: rank 22 nranks 64 total 2.93 (kernels 0.23, alloc 0.17, bootstrap 0.10, allgathers 0.13, topo 2.09, graphs 0.04, connections 0.16, rest 0.01)
node15:1242:1709 [3] NCCL INFO TUNER/Plugin: Could not find: libnccl-tuner.so. Using internal tuner plugin.
node15:1242:1709 [3] NCCL INFO TUNER/Plugin: Failed to find ncclTunerPlugin_v4 symbol.
node15:1242:1709 [3] NCCL INFO TUNER/Plugin: Failed to find ncclTunerPlugin_v3 symbol.
node15:1242:1709 [3] NCCL INFO TUNER/Plugin: Failed to find ncclTunerPlugin_v2 symbol, using internal tuner instead.
node15:1242:1709 [3] NCCL INFO ncclCommInitRankConfig comm 0x52b12a90 rank 23 nranks 64 cudaDev 3 nvmlDev 3 busId 1901000 commId 0xf9e8a31158cee9c0 - Init COMPLETE
node15:1242:1709 [3] NCCL INFO Init timings - ncclCommInitRankConfig: rank 23 nranks 64 total 2.93 (kernels 0.23, alloc 0.17, bootstrap 0.10, allgathers 0.04, topo 2.18, graphs 0.04, connections 0.16, rest 0.01)
node15:1242:1757 [3] NCCL INFO Channel 00/0 : 23[3] -> 24[0] via P2P/MNNVL
node15:1239:1755 [0] NCCL INFO Channel 00/0 : 20[0] -> 21[1] via P2P/MNNVL
node15:1242:1757 [3] NCCL INFO Channel 01/0 : 23[3] -> 24[0] via P2P/MNNVL
node15:1240:1756 [1] NCCL INFO Channel 00/0 : 21[1] -> 22[2] via P2P/MNNVL
node15:1239:1755 [0] NCCL INFO Channel 01/0 : 20[0] -> 21[1] via P2P/MNNVL
node15:1239:1755 [0] NCCL INFO Channel 02/0 : 20[0] -> 21[1] via P2P/MNNVL
node15:1240:1756 [1] NCCL INFO Channel 01/0 : 21[1] -> 22[2] via P2P/MNNVL
node15:1242:1757 [3] NCCL INFO Channel 02/0 : 23[3] -> 24[0] via P2P/MNNVL
node15:1239:1755 [0] NCCL INFO Channel 03/0 : 20[0] -> 21[1] via P2P/MNNVL
node15:1240:1756 [1] NCCL INFO Channel 02/0 : 21[1] -> 22[2] via P2P/MNNVL
node15:1240:1756 [1] NCCL INFO Channel 03/0 : 21[1] -> 22[2] via P2P/MNNVL
node15:1241:1758 [2] NCCL INFO Channel 00/0 : 22[2] -> 23[3] via P2P/MNNVL
node15:1239:1755 [0] NCCL INFO Channel 04/0 : 20[0] -> 21[1] via P2P/MNNVL
node15:1242:1757 [3] NCCL INFO Channel 03/0 : 23[3] -> 24[0] via P2P/MNNVL
node15:1240:1756 [1] NCCL INFO Channel 04/0 : 21[1] -> 22[2] via P2P/MNNVL
node15:1241:1758 [2] NCCL INFO Channel 01/0 : 22[2] -> 23[3] via P2P/MNNVL
node15:1242:1757 [3] NCCL INFO Channel 04/0 : 23[3] -> 24[0] via P2P/MNNVL
node15:1239:1755 [0] NCCL INFO Channel 05/0 : 20[0] -> 21[1] via P2P/MNNVL
node15:1241:1758 [2] NCCL INFO Channel 02/0 : 22[2] -> 23[3] via P2P/MNNVL
node15:1242:1757 [3] NCCL INFO Channel 05/0 : 23[3] -> 24[0] via P2P/MNNVL
node15:1240:1756 [1] NCCL INFO Channel 05/0 : 21[1] -> 22[2] via P2P/MNNVL
node15:1241:1758 [2] NCCL INFO Channel 03/0 : 22[2] -> 23[3] via P2P/MNNVL
node15:1242:1757 [3] NCCL INFO Channel 06/0 : 23[3] -> 24[0] via P2P/MNNVL
node15:1239:1755 [0] NCCL INFO Channel 06/0 : 20[0] -> 21[1] via P2P/MNNVL
node15:1240:1756 [1] NCCL INFO Channel 06/0 : 21[1] -> 22[2] via P2P/MNNVL
node15:1240:1756 [1] NCCL INFO Channel 07/0 : 21[1] -> 22[2] via P2P/MNNVL
node15:1239:1755 [0] NCCL INFO Channel 07/0 : 20[0] -> 21[1] via P2P/MNNVL
node15:1242:1757 [3] NCCL INFO Channel 07/0 : 23[3] -> 24[0] via P2P/MNNVL
node15:1241:1758 [2] NCCL INFO Channel 04/0 : 22[2] -> 23[3] via P2P/MNNVL
node15:1239:1755 [0] NCCL INFO Channel 08/0 : 20[0] -> 21[1] via P2P/MNNVL
node15:1240:1756 [1] NCCL INFO Channel 08/0 : 21[1] -> 22[2] via P2P/MNNVL
node15:1240:1756 [1] NCCL INFO Channel 09/0 : 21[1] -> 22[2] via P2P/MNNVL
node15:1241:1758 [2] NCCL INFO Channel 05/0 : 22[2] -> 23[3] via P2P/MNNVL
node15:1239:1755 [0] NCCL INFO Channel 09/0 : 20[0] -> 21[1] via P2P/MNNVL
node15:1240:1756 [1] NCCL INFO Channel 10/0 : 21[1] -> 22[2] via P2P/MNNVL
node15:1242:1757 [3] NCCL INFO Channel 08/0 : 23[3] -> 24[0] via P2P/MNNVL
node15:1242:1757 [3] NCCL INFO Channel 09/0 : 23[3] -> 24[0] via P2P/MNNVL
node15:1241:1758 [2] NCCL INFO Channel 06/0 : 22[2] -> 23[3] via P2P/MNNVL
node15:1239:1755 [0] NCCL INFO Channel 10/0 : 20[0] -> 21[1] via P2P/MNNVL
node15:1240:1756 [1] NCCL INFO Channel 11/0 : 21[1] -> 22[2] via P2P/MNNVL
node15:1242:1757 [3] NCCL INFO Channel 10/0 : 23[3] -> 24[0] via P2P/MNNVL
node15:1241:1758 [2] NCCL INFO Channel 07/0 : 22[2] -> 23[3] via P2P/MNNVL
node15:1240:1756 [1] NCCL INFO Channel 12/0 : 21[1] -> 22[2] via P2P/MNNVL
node15:1239:1755 [0] NCCL INFO Channel 11/0 : 20[0] -> 21[1] via P2P/MNNVL
node15:1242:1757 [3] NCCL INFO Channel 11/0 : 23[3] -> 24[0] via P2P/MNNVL
node15:1241:1758 [2] NCCL INFO Channel 08/0 : 22[2] -> 23[3] via P2P/MNNVL
node15:1240:1756 [1] NCCL INFO Channel 13/0 : 21[1] -> 22[2] via P2P/MNNVL
node15:1241:1758 [2] NCCL INFO Channel 09/0 : 22[2] -> 23[3] via P2P/MNNVL
node15:1242:1757 [3] NCCL INFO Channel 12/0 : 23[3] -> 24[0] via P2P/MNNVL
node15:1239:1755 [0] NCCL INFO Channel 12/0 : 20[0] -> 21[1] via P2P/MNNVL
node15:1240:1756 [1] NCCL INFO Channel 14/0 : 21[1] -> 22[2] via P2P/MNNVL
node15:1241:1758 [2] NCCL INFO Channel 10/0 : 22[2] -> 23[3] via P2P/MNNVL
node15:1239:1755 [0] NCCL INFO Channel 13/0 : 20[0] -> 21[1] via P2P/MNNVL
node15:1242:1757 [3] NCCL INFO Channel 13/0 : 23[3] -> 24[0] via P2P/MNNVL
node15:1240:1756 [1] NCCL INFO Channel 15/0 : 21[1] -> 22[2] via P2P/MNNVL
node15:1239:1755 [0] NCCL INFO Channel 14/0 : 20[0] -> 21[1] via P2P/MNNVL
node15:1242:1757 [3] NCCL INFO Channel 14/0 : 23[3] -> 24[0] via P2P/MNNVL
node15:1241:1758 [2] NCCL INFO Channel 11/0 : 22[2] -> 23[3] via P2P/MNNVL
node15:1239:1755 [0] NCCL INFO Channel 15/0 : 20[0] -> 21[1] via P2P/MNNVL
node15:1240:1756 [1] NCCL INFO Channel 16/0 : 21[1] -> 22[2] via P2P/MNNVL
node15:1239:1755 [0] NCCL INFO Channel 16/0 : 20[0] -> 21[1] via P2P/MNNVL
node15:1242:1757 [3] NCCL INFO Channel 15/0 : 23[3] -> 24[0] via P2P/MNNVL
node15:1240:1756 [1] NCCL INFO Channel 17/0 : 21[1] -> 22[2] via P2P/MNNVL
node15:1241:1758 [2] NCCL INFO Channel 12/0 : 22[2] -> 23[3] via P2P/MNNVL
node15:1239:1755 [0] NCCL INFO Channel 17/0 : 20[0] -> 21[1] via P2P/MNNVL
node15:1242:1757 [3] NCCL INFO Channel 16/0 : 23[3] -> 24[0] via P2P/MNNVL
node15:1240:1756 [1] NCCL INFO Channel 18/0 : 21[1] -> 22[2] via P2P/MNNVL
node15:1241:1758 [2] NCCL INFO Channel 13/0 : 22[2] -> 23[3] via P2P/MNNVL
node15:1240:1756 [1] NCCL INFO Channel 19/0 : 21[1] -> 22[2] via P2P/MNNVL
node15:1239:1755 [0] NCCL INFO Channel 18/0 : 20[0] -> 21[1] via P2P/MNNVL
node15:1241:1758 [2] NCCL INFO Channel 14/0 : 22[2] -> 23[3] via P2P/MNNVL
node15:1242:1757 [3] NCCL INFO Channel 17/0 : 23[3] -> 24[0] via P2P/MNNVL
node15:1239:1755 [0] NCCL INFO Channel 19/0 : 20[0] -> 21[1] via P2P/MNNVL
node15:1240:1756 [1] NCCL INFO Channel 20/0 : 21[1] -> 22[2] via P2P/MNNVL
node15:1242:1757 [3] NCCL INFO Channel 18/0 : 23[3] -> 24[0] via P2P/MNNVL
node15:1239:1755 [0] NCCL INFO Channel 20/0 : 20[0] -> 21[1] via P2P/MNNVL
node15:1241:1758 [2] NCCL INFO Channel 15/0 : 22[2] -> 23[3] via P2P/MNNVL
node15:1242:1757 [3] NCCL INFO Channel 19/0 : 23[3] -> 24[0] via P2P/MNNVL
node15:1240:1756 [1] NCCL INFO Channel 21/0 : 21[1] -> 22[2] via P2P/MNNVL
node15:1241:1758 [2] NCCL INFO Channel 16/0 : 22[2] -> 23[3] via P2P/MNNVL
node15:1239:1755 [0] NCCL INFO Channel 21/0 : 20[0] -> 21[1] via P2P/MNNVL
node15:1240:1756 [1] NCCL INFO Channel 22/0 : 21[1] -> 22[2] via P2P/MNNVL
node15:1242:1757 [3] NCCL INFO Channel 20/0 : 23[3] -> 24[0] via P2P/MNNVL
node15:1239:1755 [0] NCCL INFO Channel 22/0 : 20[0] -> 21[1] via P2P/MNNVL
node15:1240:1756 [1] NCCL INFO Channel 23/0 : 21[1] -> 22[2] via P2P/MNNVL
node15:1241:1758 [2] NCCL INFO Channel 17/0 : 22[2] -> 23[3] via P2P/MNNVL
node15:1242:1757 [3] NCCL INFO Channel 21/0 : 23[3] -> 24[0] via P2P/MNNVL
node15:1239:1755 [0] NCCL INFO Channel 23/0 : 20[0] -> 21[1] via P2P/MNNVL
node15:1240:1756 [1] NCCL INFO Channel 24/0 : 21[1] -> 22[2] via P2P/MNNVL
node15:1242:1757 [3] NCCL INFO Channel 22/0 : 23[3] -> 24[0] via P2P/MNNVL
node15:1239:1755 [0] NCCL INFO Channel 24/0 : 20[0] -> 21[1] via P2P/MNNVL
node15:1241:1758 [2] NCCL INFO Channel 18/0 : 22[2] -> 23[3] via P2P/MNNVL
node15:1240:1756 [1] NCCL INFO Channel 25/0 : 21[1] -> 22[2] via P2P/MNNVL
node15:1239:1755 [0] NCCL INFO Channel 25/0 : 20[0] -> 21[1] via P2P/MNNVL
node15:1241:1758 [2] NCCL INFO Channel 19/0 : 22[2] -> 23[3] via P2P/MNNVL
node15:1242:1757 [3] NCCL INFO Channel 23/0 : 23[3] -> 24[0] via P2P/MNNVL
node15:1241:1758 [2] NCCL INFO Channel 20/0 : 22[2] -> 23[3] via P2P/MNNVL
node15:1239:1755 [0] NCCL INFO Channel 26/0 : 20[0] -> 21[1] via P2P/MNNVL
node15:1242:1757 [3] NCCL INFO Channel 24/0 : 23[3] -> 24[0] via P2P/MNNVL
node15:1240:1756 [1] NCCL INFO Channel 26/0 : 21[1] -> 22[2] via P2P/MNNVL
node15:1240:1756 [1] NCCL INFO Channel 27/0 : 21[1] -> 22[2] via P2P/MNNVL
node15:1241:1758 [2] NCCL INFO Channel 21/0 : 22[2] -> 23[3] via P2P/MNNVL
node15:1242:1757 [3] NCCL INFO Channel 25/0 : 23[3] -> 24[0] via P2P/MNNVL
node15:1239:1755 [0] NCCL INFO Channel 27/0 : 20[0] -> 21[1] via P2P/MNNVL
node15:1240:1756 [1] NCCL INFO Channel 28/0 : 21[1] -> 22[2] via P2P/MNNVL
node15:1241:1758 [2] NCCL INFO Channel 22/0 : 22[2] -> 23[3] via P2P/MNNVL
node15:1242:1757 [3] NCCL INFO Channel 26/0 : 23[3] -> 24[0] via P2P/MNNVL
node15:1239:1755 [0] NCCL INFO Channel 28/0 : 20[0] -> 21[1] via P2P/MNNVL
node15:1240:1756 [1] NCCL INFO Channel 29/0 : 21[1] -> 22[2] via P2P/MNNVL
node15:1239:1755 [0] NCCL INFO Channel 29/0 : 20[0] -> 21[1] via P2P/MNNVL
node15:1242:1757 [3] NCCL INFO Channel 27/0 : 23[3] -> 24[0] via P2P/MNNVL
node15:1241:1758 [2] NCCL INFO Channel 23/0 : 22[2] -> 23[3] via P2P/MNNVL
node15:1240:1756 [1] NCCL INFO Channel 30/0 : 21[1] -> 22[2] via P2P/MNNVL
node15:1239:1755 [0] NCCL INFO Channel 30/0 : 20[0] -> 21[1] via P2P/MNNVL
node15:1240:1756 [1] NCCL INFO Channel 31/0 : 21[1] -> 22[2] via P2P/MNNVL
node15:1241:1758 [2] NCCL INFO Channel 24/0 : 22[2] -> 23[3] via P2P/MNNVL
node15:1242:1757 [3] NCCL INFO Channel 28/0 : 23[3] -> 24[0] via P2P/MNNVL
node15:1239:1755 [0] NCCL INFO Channel 31/0 : 20[0] -> 21[1] via P2P/MNNVL
node15:1242:1757 [3] NCCL INFO Channel 29/0 : 23[3] -> 24[0] via P2P/MNNVL
node15:1241:1758 [2] NCCL INFO Channel 25/0 : 22[2] -> 23[3] via P2P/MNNVL
node15:1242:1757 [3] NCCL INFO Channel 30/0 : 23[3] -> 24[0] via P2P/MNNVL
node15:1241:1758 [2] NCCL INFO Channel 26/0 : 22[2] -> 23[3] via P2P/MNNVL
node15:1242:1757 [3] NCCL INFO Channel 31/0 : 23[3] -> 24[0] via P2P/MNNVL
node15:1241:1758 [2] NCCL INFO Channel 27/0 : 22[2] -> 23[3] via P2P/MNNVL
node15:1241:1758 [2] NCCL INFO Channel 28/0 : 22[2] -> 23[3] via P2P/MNNVL
node15:1241:1758 [2] NCCL INFO Channel 29/0 : 22[2] -> 23[3] via P2P/MNNVL
node15:1241:1758 [2] NCCL INFO Channel 30/0 : 22[2] -> 23[3] via P2P/MNNVL
node15:1241:1758 [2] NCCL INFO Channel 31/0 : 22[2] -> 23[3] via P2P/MNNVL
node15:1242:1757 [3] NCCL INFO Connected all rings, use ring PXN 0 GDR 1
node15:1241:1758 [2] NCCL INFO Connected all rings, use ring PXN 0 GDR 1
node15:1240:1756 [1] NCCL INFO Connected all rings, use ring PXN 0 GDR 1
node15:1239:1755 [0] NCCL INFO Connected all rings, use ring PXN 0 GDR 1
 > number of parameters on (tensor, pipeline) model parallel rank (4, 1): 8023080960 > number of parameters on (tensor, pipeline) model parallel rank (5, 1): 8023080960

 > number of parameters on (tensor, pipeline) model parallel rank (7, 1): 8023080960
 > number of parameters on (tensor, pipeline) model parallel rank (6, 1): 8023080960
node15:1239:1239 [0] NCCL INFO Comm config Blocking set to 1
node15:1240:1240 [1] NCCL INFO Comm config Blocking set to 1
node15:1239:2111 [0] NCCL INFO Assigned NET plugin IBext_v10 to comm
node15:1239:2111 [0] NCCL INFO Using network IBext_v10
node15:1242:1242 [3] NCCL INFO Comm config Blocking set to 1
node15:1239:2111 [0] NCCL INFO DMA-BUF is available on GPU device 0
node15:1240:2112 [1] NCCL INFO Assigned NET plugin IBext_v10 to comm
node15:1240:2112 [1] NCCL INFO Using network IBext_v10
node15:1240:2112 [1] NCCL INFO DMA-BUF is available on GPU device 1
node15:1239:2111 [0] NCCL INFO ncclCommInitRankConfig comm 0x26384710 rank 1 nranks 4 cudaDev 0 nvmlDev 0 busId 801000 commId 0x7de7118fefab7713 - Init START
node15:1241:1241 [2] NCCL INFO Comm config Blocking set to 1
node15:1240:2112 [1] NCCL INFO ncclCommInitRankConfig comm 0x52ee0b30 rank 1 nranks 4 cudaDev 1 nvmlDev 1 busId 901000 commId 0x28ee14efc6cfd144 - Init START
node15:1242:2113 [3] NCCL INFO Assigned NET plugin IBext_v10 to comm
node15:1242:2113 [3] NCCL INFO Using network IBext_v10
node15:1242:2113 [3] NCCL INFO DMA-BUF is available on GPU device 3
node15:1242:2113 [3] NCCL INFO ncclCommInitRankConfig comm 0x5ce155f0 rank 1 nranks 4 cudaDev 3 nvmlDev 3 busId 1901000 commId 0xb4add913d060c96c - Init START
node15:1241:2114 [2] NCCL INFO Assigned NET plugin IBext_v10 to comm
node15:1241:2114 [2] NCCL INFO Using network IBext_v10
node15:1241:2114 [2] NCCL INFO DMA-BUF is available on GPU device 2
node15:1241:2114 [2] NCCL INFO ncclCommInitRankConfig comm 0x4e178200 rank 1 nranks 4 cudaDev 2 nvmlDev 2 busId 1801000 commId 0x9e208c75a0023a24 - Init START
node15:1242:2113 [3] NCCL INFO Bootstrap timings total 0.001494 (create 0.000032, send 0.000179, recv 0.000348, ring 0.000290, delay 0.000000)
node15:1239:2111 [0] NCCL INFO Bootstrap timings total 0.001897 (create 0.000054, send 0.000175, recv 0.000724, ring 0.000692, delay 0.000000)
node15:1241:2114 [2] NCCL INFO Bootstrap timings total 0.001551 (create 0.000040, send 0.000190, recv 0.000416, ring 0.000725, delay 0.000000)
node15:1240:2112 [1] NCCL INFO Bootstrap timings total 0.002135 (create 0.000033, send 0.000119, recv 0.001245, ring 0.000530, delay 0.000000)
node15:1239:2111 [0] NCCL INFO MNNVL busId 0x801000 fabric UUID 4d4e0850a64dd29b.34b5c600be78169f cliqueId 0x7ffe state 3 healthMask 0xaa
node15:1242:2113 [3] NCCL INFO MNNVL busId 0x1901000 fabric UUID 4d4e0850a64dd29b.34b5c600be78169f cliqueId 0x7ffe state 3 healthMask 0xaa
node15:1240:2112 [1] NCCL INFO MNNVL busId 0x901000 fabric UUID 4d4e0850a64dd29b.34b5c600be78169f cliqueId 0x7ffe state 3 healthMask 0xaa
node15:1241:2114 [2] NCCL INFO MNNVL busId 0x1801000 fabric UUID 4d4e0850a64dd29b.34b5c600be78169f cliqueId 0x7ffe state 3 healthMask 0xaa
node15:1239:2111 [0] NCCL INFO MNNVL 1 cliqueId 7ffe cliqueSize 4 cliqueRank 1
node15:1242:2113 [3] NCCL INFO MNNVL 1 cliqueId 7ffe cliqueSize 4 cliqueRank 1
node15:1240:2112 [1] NCCL INFO MNNVL 1 cliqueId 7ffe cliqueSize 4 cliqueRank 1
node15:1241:2114 [2] NCCL INFO MNNVL 1 cliqueId 7ffe cliqueSize 4 cliqueRank 1
node15:1242:2113 [3] NCCL INFO Setting affinity for GPU 3 to 72-143
node15:1242:2113 [3] NCCL INFO comm 0x5ce155f0 rank 1 nRanks 4 nNodes 1 localRanks 4 localRank 1 MNNVL 1
node15:1242:2113 [3] NCCL INFO Trees [0] 2/-1/-1->1->0 [1] 2/-1/-1->1->0 [2] 2/-1/-1->1->0 [3] 2/-1/-1->1->0 [4] 2/-1/-1->1->0 [5] 2/-1/-1->1->0 [6] 2/-1/-1->1->0 [7] 2/-1/-1->1->0 [8] 2/-1/-1->1->0 [9] 2/-1/-1->1->0 [10] 2/-1/-1->1->-1 [11] 2/-1/-1->1->-1 [12] -1/-1/-1->1->0 [13] -1/-1/-1->1->0 [14] 2/-1/-1->1->0 [15] 2/-1/-1->1->0 [16] 2/-1/-1->1->0 [17] 2/-1/-1->1->0 [18] 2/-1/-1->1->0 [19] 2/-1/-1->1->0 [20] 2/-1/-1->1->0 [21] 2/-1/-1->1->0 [22] 2/-1/-1->1->0 [23] 2/-1/-1->1->0 [24] 2/-1/-1->1->0 [25] 2/-1/-1->1->0 [26] 2/-1/-1->1->-1 [27] 2/-1/-1->1->-1 [28] -1/-1/-1->1->0 [29] -1/-1/-1->1->0 [30] 2/-1/-1->1->0 [31] 2/-1/-1->1->0
node15:1242:2113 [3] NCCL INFO P2P Chunksize set to 524288
node15:1242:2115 [3] NCCL INFO [Proxy Service] Device 3 CPU core 95
node15:1242:2116 [3] NCCL INFO [Proxy Service UDS] Device 3 CPU core 96
node15:1242:2113 [3] NCCL INFO threadThresholds 8/8/64 | 32/8/64 | 512 | 512
node15:1242:2113 [3] NCCL INFO 32 coll channels, 32 collnet channels, 0 nvls channels, 32 p2p channels, 32 p2p channels per peer
node15:1242:2113 [3] NCCL INFO ncclCommInitRankConfig comm 0x5ce155f0 rank 1 nranks 4 cudaDev 3 nvmlDev 3 busId 1901000 commId 0xb4add913d060c96c - Init COMPLETE
node15:1242:2113 [3] NCCL INFO Init timings - ncclCommInitRankConfig: rank 1 nranks 4 total 0.83 (kernels 0.00, alloc 0.00, bootstrap 0.00, allgathers 0.03, topo 0.75, graphs 0.00, connections 0.03, rest 0.02)
node15:1239:2111 [0] NCCL INFO Setting affinity for GPU 0 to 0-71
node15:1241:2114 [2] NCCL INFO Setting affinity for GPU 2 to 72-143
node15:1241:2114 [2] NCCL INFO comm 0x4e178200 rank 1 nRanks 4 nNodes 1 localRanks 4 localRank 1 MNNVL 1
node15:1241:2114 [2] NCCL INFO Trees [0] 2/-1/-1->1->0 [1] 2/-1/-1->1->0 [2] 2/-1/-1->1->0 [3] 2/-1/-1->1->0 [4] 2/-1/-1->1->0 [5] 2/-1/-1->1->0 [6] 2/-1/-1->1->0 [7] 2/-1/-1->1->0 [8] 2/-1/-1->1->0 [9] 2/-1/-1->1->0 [10] 2/-1/-1->1->-1 [11] 2/-1/-1->1->-1 [12] -1/-1/-1->1->0 [13] -1/-1/-1->1->0 [14] 2/-1/-1->1->0 [15] 2/-1/-1->1->0 [16] 2/-1/-1->1->0 [17] 2/-1/-1->1->0 [18] 2/-1/-1->1->0 [19] 2/-1/-1->1->0 [20] 2/-1/-1->1->0 [21] 2/-1/-1->1->0 [22] 2/-1/-1->1->0 [23] 2/-1/-1->1->0 [24] 2/-1/-1->1->0 [25] 2/-1/-1->1->0 [26] 2/-1/-1->1->-1 [27] 2/-1/-1->1->-1 [28] -1/-1/-1->1->0 [29] -1/-1/-1->1->0 [30] 2/-1/-1->1->0 [31] 2/-1/-1->1->0
node15:1241:2114 [2] NCCL INFO P2P Chunksize set to 524288
node15:1241:2118 [2] NCCL INFO [Proxy Service] Device 2 CPU core 97
node15:1241:2119 [2] NCCL INFO [Proxy Service UDS] Device 2 CPU core 99
node15:1239:2111 [0] NCCL INFO comm 0x26384710 rank 1 nRanks 4 nNodes 1 localRanks 4 localRank 1 MNNVL 1
node15:1239:2111 [0] NCCL INFO Trees [0] 2/-1/-1->1->0 [1] 2/-1/-1->1->0 [2] 2/-1/-1->1->0 [3] 2/-1/-1->1->0 [4] 2/-1/-1->1->0 [5] 2/-1/-1->1->0 [6] 2/-1/-1->1->0 [7] 2/-1/-1->1->0 [8] 2/-1/-1->1->0 [9] 2/-1/-1->1->0 [10] 2/-1/-1->1->-1 [11] 2/-1/-1->1->-1 [12] -1/-1/-1->1->0 [13] -1/-1/-1->1->0 [14] 2/-1/-1->1->0 [15] 2/-1/-1->1->0 [16] 2/-1/-1->1->0 [17] 2/-1/-1->1->0 [18] 2/-1/-1->1->0 [19] 2/-1/-1->1->0 [20] 2/-1/-1->1->0 [21] 2/-1/-1->1->0 [22] 2/-1/-1->1->0 [23] 2/-1/-1->1->0 [24] 2/-1/-1->1->0 [25] 2/-1/-1->1->0 [26] 2/-1/-1->1->-1 [27] 2/-1/-1->1->-1 [28] -1/-1/-1->1->0 [29] -1/-1/-1->1->0 [30] 2/-1/-1->1->0 [31] 2/-1/-1->1->0
node15:1239:2111 [0] NCCL INFO P2P Chunksize set to 524288
node15:1239:2120 [0] NCCL INFO [Proxy Service] Device 0 CPU core 54
node15:1239:2121 [0] NCCL INFO [Proxy Service UDS] Device 0 CPU core 65
node15:1240:2112 [1] NCCL INFO Setting affinity for GPU 1 to 0-71
node15:1240:2112 [1] NCCL INFO comm 0x52ee0b30 rank 1 nRanks 4 nNodes 1 localRanks 4 localRank 1 MNNVL 1
node15:1240:2112 [1] NCCL INFO Trees [0] 2/-1/-1->1->0 [1] 2/-1/-1->1->0 [2] 2/-1/-1->1->0 [3] 2/-1/-1->1->0 [4] 2/-1/-1->1->0 [5] 2/-1/-1->1->0 [6] 2/-1/-1->1->0 [7] 2/-1/-1->1->0 [8] 2/-1/-1->1->0 [9] 2/-1/-1->1->0 [10] 2/-1/-1->1->-1 [11] 2/-1/-1->1->-1 [12] -1/-1/-1->1->0 [13] -1/-1/-1->1->0 [14] 2/-1/-1->1->0 [15] 2/-1/-1->1->0 [16] 2/-1/-1->1->0 [17] 2/-1/-1->1->0 [18] 2/-1/-1->1->0 [19] 2/-1/-1->1->0 [20] 2/-1/-1->1->0 [21] 2/-1/-1->1->0 [22] 2/-1/-1->1->0 [23] 2/-1/-1->1->0 [24] 2/-1/-1->1->0 [25] 2/-1/-1->1->0 [26] 2/-1/-1->1->-1 [27] 2/-1/-1->1->-1 [28] -1/-1/-1->1->0 [29] -1/-1/-1->1->0 [30] 2/-1/-1->1->0 [31] 2/-1/-1->1->0
node15:1240:2112 [1] NCCL INFO P2P Chunksize set to 524288
node15:1240:2122 [1] NCCL INFO [Proxy Service] Device 1 CPU core 53
node15:1240:2123 [1] NCCL INFO [Proxy Service UDS] Device 1 CPU core 57
node15:1239:2111 [0] NCCL INFO threadThresholds 8/8/64 | 32/8/64 | 512 | 512
node15:1239:2111 [0] NCCL INFO 32 coll channels, 32 collnet channels, 0 nvls channels, 32 p2p channels, 32 p2p channels per peer
node15:1241:2114 [2] NCCL INFO threadThresholds 8/8/64 | 32/8/64 | 512 | 512
node15:1241:2114 [2] NCCL INFO 32 coll channels, 32 collnet channels, 0 nvls channels, 32 p2p channels, 32 p2p channels per peer
node15:1240:2112 [1] NCCL INFO threadThresholds 8/8/64 | 32/8/64 | 512 | 512
node15:1240:2112 [1] NCCL INFO 32 coll channels, 32 collnet channels, 0 nvls channels, 32 p2p channels, 32 p2p channels per peer
node15:1242:1242 [3] NCCL INFO Comm config Blocking set to 1
node15:1242:2124 [3] NCCL INFO Assigned NET plugin IBext_v10 to comm
node15:1242:2124 [3] NCCL INFO Using network IBext_v10
node15:1242:2124 [3] NCCL INFO DMA-BUF is available on GPU device 3
node15:1242:2124 [3] NCCL INFO ncclCommInitRankConfig comm 0x65eda500 rank 7 nranks 8 cudaDev 3 nvmlDev 3 busId 1901000 commId 0xa3b7eff789c9867b - Init START
node15:1241:2114 [2] NCCL INFO ncclCommInitRankConfig comm 0x4e178200 rank 1 nranks 4 cudaDev 2 nvmlDev 2 busId 1801000 commId 0x9e208c75a0023a24 - Init COMPLETE
node15:1241:2114 [2] NCCL INFO Init timings - ncclCommInitRankConfig: rank 1 nranks 4 total 1.41 (kernels 0.00, alloc 0.00, bootstrap 0.00, allgathers 0.01, topo 0.87, graphs 0.01, connections 0.23, rest 0.28)
node15:1239:2111 [0] NCCL INFO ncclCommInitRankConfig comm 0x26384710 rank 1 nranks 4 cudaDev 0 nvmlDev 0 busId 801000 commId 0x7de7118fefab7713 - Init COMPLETE
node15:1239:2111 [0] NCCL INFO Init timings - ncclCommInitRankConfig: rank 1 nranks 4 total 1.41 (kernels 0.00, alloc 0.00, bootstrap 0.00, allgathers 0.02, topo 0.87, graphs 0.00, connections 0.22, rest 0.29)
node15:1240:2112 [1] NCCL INFO ncclCommInitRankConfig comm 0x52ee0b30 rank 1 nranks 4 cudaDev 1 nvmlDev 1 busId 901000 commId 0x28ee14efc6cfd144 - Init COMPLETE
node15:1240:2112 [1] NCCL INFO Init timings - ncclCommInitRankConfig: rank 1 nranks 4 total 1.51 (kernels 0.00, alloc 0.00, bootstrap 0.00, allgathers 0.01, topo 0.90, graphs 0.00, connections 0.22, rest 0.37)
node15:1239:1239 [0] NCCL INFO Comm config Blocking set to 1
node15:1239:2128 [0] NCCL INFO Assigned NET plugin IBext_v10 to comm
node15:1239:2128 [0] NCCL INFO Using network IBext_v10
node15:1239:2128 [0] NCCL INFO DMA-BUF is available on GPU device 0
node15:1239:2128 [0] NCCL INFO ncclCommInitRankConfig comm 0x2f449070 rank 4 nranks 8 cudaDev 0 nvmlDev 0 busId 801000 commId 0xa3b7eff789c9867b - Init START
node15:1241:1241 [2] NCCL INFO Comm config Blocking set to 1
node15:1241:2129 [2] NCCL INFO Assigned NET plugin IBext_v10 to comm
node15:1241:2129 [2] NCCL INFO Using network IBext_v10
node15:1241:2129 [2] NCCL INFO DMA-BUF is available on GPU device 2
node15:1241:2129 [2] NCCL INFO ncclCommInitRankConfig comm 0x5723ce40 rank 6 nranks 8 cudaDev 2 nvmlDev 2 busId 1801000 commId 0xa3b7eff789c9867b - Init START
node15:1240:1240 [1] NCCL INFO Comm config Blocking set to 1
node15:1240:2130 [1] NCCL INFO Assigned NET plugin IBext_v10 to comm
node15:1240:2130 [1] NCCL INFO Using network IBext_v10
node15:1240:2130 [1] NCCL INFO DMA-BUF is available on GPU device 1
node15:1240:2130 [1] NCCL INFO ncclCommInitRankConfig comm 0x5bfa5d20 rank 5 nranks 8 cudaDev 1 nvmlDev 1 busId 901000 commId 0xa3b7eff789c9867b - Init START
node15:1240:2130 [1] NCCL INFO Bootstrap timings total 0.000927 (create 0.000032, send 0.000128, recv 0.000346, ring 0.000273, delay 0.000000)
node15:1241:2129 [2] NCCL INFO Bootstrap timings total 0.047317 (create 0.000046, send 0.000125, recv 0.000294, ring 0.000272, delay 0.000000)
node15:1242:2124 [3] NCCL INFO Bootstrap timings total 0.789552 (create 0.000043, send 0.000122, recv 0.000642, ring 0.046649, delay 0.000000)
node15:1239:2128 [0] NCCL INFO Bootstrap timings total 0.140778 (create 0.000049, send 0.000132, recv 0.140055, ring 0.000349, delay 0.000000)
node15:1239:2128 [0] NCCL INFO MNNVL busId 0x801000 fabric UUID 4d4e0850a64dd29b.34b5c600be78169f cliqueId 0x7ffe state 3 healthMask 0xaa
node15:1240:2130 [1] NCCL INFO MNNVL busId 0x901000 fabric UUID 4d4e0850a64dd29b.34b5c600be78169f cliqueId 0x7ffe state 3 healthMask 0xaa
node15:1242:2124 [3] NCCL INFO MNNVL busId 0x1901000 fabric UUID 4d4e0850a64dd29b.34b5c600be78169f cliqueId 0x7ffe state 3 healthMask 0xaa
node15:1241:2129 [2] NCCL INFO MNNVL busId 0x1801000 fabric UUID 4d4e0850a64dd29b.34b5c600be78169f cliqueId 0x7ffe state 3 healthMask 0xaa
node15:1240:2130 [1] NCCL INFO MNNVL 1 cliqueId 7ffe cliqueSize 8 cliqueRank 5
node15:1242:2124 [3] NCCL INFO MNNVL 1 cliqueId 7ffe cliqueSize 8 cliqueRank 7
node15:1239:2128 [0] NCCL INFO MNNVL 1 cliqueId 7ffe cliqueSize 8 cliqueRank 4
node15:1241:2129 [2] NCCL INFO MNNVL 1 cliqueId 7ffe cliqueSize 8 cliqueRank 6
node15:1240:2130 [1] NCCL INFO Setting affinity for GPU 1 to 0-71
node15:1241:2129 [2] NCCL INFO Setting affinity for GPU 2 to 72-143
node15:1239:2128 [0] NCCL INFO Setting affinity for GPU 0 to 0-71
node15:1242:2124 [3] NCCL INFO Setting affinity for GPU 3 to 72-143
node15:1242:2124 [3] NCCL INFO comm 0x65eda500 rank 7 nRanks 8 nNodes 1 localRanks 8 localRank 7 MNNVL 1
node15:1242:2124 [3] NCCL INFO Trees [0] -1/-1/-1->7->6 [1] -1/-1/-1->7->6 [2] -1/-1/-1->7->6 [3] -1/-1/-1->7->6 [4] -1/-1/-1->7->6 [5] -1/-1/-1->7->6 [6] -1/-1/-1->7->6 [7] -1/-1/-1->7->6 [8] -1/-1/-1->7->6 [9] -1/-1/-1->7->6 [10] -1/-1/-1->7->6 [11] -1/-1/-1->7->6 [12] -1/-1/-1->7->6 [13] -1/-1/-1->7->6 [14] -1/-1/-1->7->6 [15] -1/-1/-1->7->6 [16] -1/-1/-1->7->6 [17] -1/-1/-1->7->6 [18] -1/-1/-1->7->6 [19] -1/-1/-1->7->6 [20] -1/-1/-1->7->6 [21] -1/-1/-1->7->6 [22] -1/-1/-1->7->6 [23] -1/-1/-1->7->6 [24] -1/-1/-1->7->6 [25] -1/-1/-1->7->6 [26] -1/-1/-1->7->6 [27] -1/-1/-1->7->6 [28] -1/-1/-1->7->6 [29] -1/-1/-1->7->6 [30] -1/-1/-1->7->6 [31] -1/-1/-1->7->6
node15:1242:2124 [3] NCCL INFO P2P Chunksize set to 524288
node15:1239:2128 [0] NCCL INFO comm 0x2f449070 rank 4 nRanks 8 nNodes 1 localRanks 8 localRank 4 MNNVL 1
node15:1240:2130 [1] NCCL INFO comm 0x5bfa5d20 rank 5 nRanks 8 nNodes 1 localRanks 8 localRank 5 MNNVL 1
node15:1241:2129 [2] NCCL INFO comm 0x5723ce40 rank 6 nRanks 8 nNodes 1 localRanks 8 localRank 6 MNNVL 1
node15:1239:2128 [0] NCCL INFO Trees [0] 5/-1/-1->4->3 [1] 5/-1/-1->4->3 [2] 5/-1/-1->4->3 [3] 5/-1/-1->4->3 [4] 5/-1/-1->4->3 [5] 5/-1/-1->4->3 [6] 5/-1/-1->4->3 [7] 5/-1/-1->4->3 [8] 5/-1/-1->4->3 [9] 5/-1/-1->4->3 [10] 5/-1/-1->4->3 [11] 5/-1/-1->4->3 [12] 5/-1/-1->4->3 [13] 5/-1/-1->4->3 [14] 5/-1/-1->4->3 [15] 5/-1/-1->4->3 [16] 5/-1/-1->4->3 [17] 5/-1/-1->4->3 [18] 5/-1/-1->4->3 [19] 5/-1/-1->4->3 [20] 5/-1/-1->4->3 [21] 5/-1/-1->4->3 [22] 5/-1/-1->4->3 [23] 5/-1/-1->4->3 [24] 5/-1/-1->4->3 [25] 5/-1/-1->4->3 [26] 5/-1/-1->4->3 [27] 5/-1/-1->4->3 [28] 5/-1/-1->4->3 [29] 5/-1/-1->4->3 [30] 5/-1/-1->4->3 [31] 5/-1/-1->4->3
node15:1240:2130 [1] NCCL INFO Trees [0] 6/-1/-1->5->4 [1] 6/-1/-1->5->4 [2] 6/-1/-1->5->4 [3] 6/-1/-1->5->4 [4] 6/-1/-1->5->4 [5] 6/-1/-1->5->4 [6] 6/-1/-1->5->4 [7] 6/-1/-1->5->4 [8] 6/-1/-1->5->4 [9] 6/-1/-1->5->4 [10] 6/-1/-1->5->4 [11] 6/-1/-1->5->4 [12] 6/-1/-1->5->4 [13] 6/-1/-1->5->4 [14] 6/-1/-1->5->4 [15] 6/-1/-1->5->4 [16] 6/-1/-1->5->4 [17] 6/-1/-1->5->4 [18] 6/-1/-1->5->4 [19] 6/-1/-1->5->4 [20] 6/-1/-1->5->4 [21] 6/-1/-1->5->4 [22] 6/-1/-1->5->4 [23] 6/-1/-1->5->4 [24] 6/-1/-1->5->4 [25] 6/-1/-1->5->4 [26] 6/-1/-1->5->4 [27] 6/-1/-1->5->4 [28] 6/-1/-1->5->4 [29] 6/-1/-1->5->4 [30] 6/-1/-1->5->4 [31] 6/-1/-1->5->4
node15:1239:2128 [0] NCCL INFO P2P Chunksize set to 524288
node15:1240:2130 [1] NCCL INFO P2P Chunksize set to 524288
node15:1241:2129 [2] NCCL INFO Trees [0] 7/-1/-1->6->5 [1] 7/-1/-1->6->5 [2] 7/-1/-1->6->5 [3] 7/-1/-1->6->5 [4] 7/-1/-1->6->5 [5] 7/-1/-1->6->5 [6] 7/-1/-1->6->5 [7] 7/-1/-1->6->5 [8] 7/-1/-1->6->5 [9] 7/-1/-1->6->5 [10] 7/-1/-1->6->5 [11] 7/-1/-1->6->5 [12] 7/-1/-1->6->5 [13] 7/-1/-1->6->5 [14] 7/-1/-1->6->5 [15] 7/-1/-1->6->5 [16] 7/-1/-1->6->5 [17] 7/-1/-1->6->5 [18] 7/-1/-1->6->5 [19] 7/-1/-1->6->5 [20] 7/-1/-1->6->5 [21] 7/-1/-1->6->5 [22] 7/-1/-1->6->5 [23] 7/-1/-1->6->5 [24] 7/-1/-1->6->5 [25] 7/-1/-1->6->5 [26] 7/-1/-1->6->5 [27] 7/-1/-1->6->5 [28] 7/-1/-1->6->5 [29] 7/-1/-1->6->5 [30] 7/-1/-1->6->5 [31] 7/-1/-1->6->5
node15:1241:2129 [2] NCCL INFO P2P Chunksize set to 524288
node15:1242:2131 [3] NCCL INFO [Proxy Service] Device 3 CPU core 80
node15:1242:2132 [3] NCCL INFO [Proxy Service UDS] Device 3 CPU core 81
node15:1239:2133 [0] NCCL INFO [Proxy Service] Device 0 CPU core 50
node15:1241:2135 [2] NCCL INFO [Proxy Service] Device 2 CPU core 95
node15:1239:2138 [0] NCCL INFO [Proxy Service UDS] Device 0 CPU core 53
node15:1240:2134 [1] NCCL INFO [Proxy Service] Device 1 CPU core 59
node15:1241:2137 [2] NCCL INFO [Proxy Service UDS] Device 2 CPU core 96
node15:1240:2136 [1] NCCL INFO [Proxy Service UDS] Device 1 CPU core 60
node15:1240:2130 [1] NCCL INFO threadThresholds 8/8/64 | 64/8/64 | 512 | 512
node15:1240:2130 [1] NCCL INFO 32 coll channels, 32 collnet channels, 0 nvls channels, 32 p2p channels, 32 p2p channels per peer
node15:1239:2128 [0] NCCL INFO threadThresholds 8/8/64 | 64/8/64 | 512 | 512
node15:1239:2128 [0] NCCL INFO 32 coll channels, 32 collnet channels, 0 nvls channels, 32 p2p channels, 32 p2p channels per peer
node15:1241:2129 [2] NCCL INFO threadThresholds 8/8/64 | 64/8/64 | 512 | 512
node15:1241:2129 [2] NCCL INFO 32 coll channels, 32 collnet channels, 0 nvls channels, 32 p2p channels, 32 p2p channels per peer
node15:1242:2124 [3] NCCL INFO threadThresholds 8/8/64 | 64/8/64 | 512 | 512
node15:1242:2124 [3] NCCL INFO 32 coll channels, 32 collnet channels, 0 nvls channels, 32 p2p channels, 32 p2p channels per peer
node15:1242:2124 [3] NCCL INFO ncclCommInitRankConfig comm 0x65eda500 rank 7 nranks 8 cudaDev 3 nvmlDev 3 busId 1901000 commId 0xa3b7eff789c9867b - Init COMPLETE
node15:1242:2124 [3] NCCL INFO Init timings - ncclCommInitRankConfig: rank 7 nranks 8 total 1.81 (kernels 0.00, alloc 0.00, bootstrap 0.79, allgathers 0.02, topo 0.83, graphs 0.00, connections 0.16, rest 0.00)
node15:1239:2128 [0] NCCL INFO ncclCommInitRankConfig comm 0x2f449070 rank 4 nranks 8 cudaDev 0 nvmlDev 0 busId 801000 commId 0xa3b7eff789c9867b - Init COMPLETE
node15:1239:2128 [0] NCCL INFO Init timings - ncclCommInitRankConfig: rank 4 nranks 8 total 1.24 (kernels 0.00, alloc 0.09, bootstrap 0.14, allgathers 0.03, topo 0.82, graphs 0.00, connections 0.16, rest 0.01)
node15:1241:2129 [2] NCCL INFO ncclCommInitRankConfig comm 0x5723ce40 rank 6 nranks 8 cudaDev 2 nvmlDev 2 busId 1801000 commId 0xa3b7eff789c9867b - Init COMPLETE
node15:1241:2129 [2] NCCL INFO Init timings - ncclCommInitRankConfig: rank 6 nranks 8 total 1.11 (kernels 0.00, alloc 0.05, bootstrap 0.05, allgathers 0.05, topo 0.80, graphs 0.00, connections 0.16, rest 0.01)
node15:1240:2130 [1] NCCL INFO ncclCommInitRankConfig comm 0x5bfa5d20 rank 5 nranks 8 cudaDev 1 nvmlDev 1 busId 901000 commId 0xa3b7eff789c9867b - Init COMPLETE
node15:1240:2130 [1] NCCL INFO Init timings - ncclCommInitRankConfig: rank 5 nranks 8 total 1.02 (kernels 0.00, alloc 0.00, bootstrap 0.00, allgathers 0.05, topo 0.80, graphs 0.00, connections 0.15, rest 0.02)
node15:1239:2139 [0] NCCL INFO Channel 00/0 : 4[0] -> 5[1] via P2P/MNNVL
node15:1241:2141 [2] NCCL INFO Channel 00/0 : 6[2] -> 7[3] via P2P/MNNVL
node15:1240:2142 [1] NCCL INFO Channel 00/0 : 5[1] -> 6[2] via P2P/MNNVL
node15:1239:2139 [0] NCCL INFO Channel 01/0 : 4[0] -> 5[1] via P2P/MNNVL
node15:1242:2140 [3] NCCL INFO Channel 00/0 : 7[3] -> 0[0] via P2P/MNNVL
node15:1241:2141 [2] NCCL INFO Channel 01/0 : 6[2] -> 7[3] via P2P/MNNVL
node15:1240:2142 [1] NCCL INFO Channel 01/0 : 5[1] -> 6[2] via P2P/MNNVL
node15:1239:2139 [0] NCCL INFO Channel 02/0 : 4[0] -> 5[1] via P2P/MNNVL
node15:1241:2141 [2] NCCL INFO Channel 02/0 : 6[2] -> 7[3] via P2P/MNNVL
node15:1242:2140 [3] NCCL INFO Channel 01/0 : 7[3] -> 0[0] via P2P/MNNVL
node15:1240:2142 [1] NCCL INFO Channel 02/0 : 5[1] -> 6[2] via P2P/MNNVL
node15:1239:2139 [0] NCCL INFO Channel 03/0 : 4[0] -> 5[1] via P2P/MNNVL
node15:1242:2140 [3] NCCL INFO Channel 02/0 : 7[3] -> 0[0] via P2P/MNNVL
node15:1239:2139 [0] NCCL INFO Channel 04/0 : 4[0] -> 5[1] via P2P/MNNVL
node15:1241:2141 [2] NCCL INFO Channel 03/0 : 6[2] -> 7[3] via P2P/MNNVL
node15:1240:2142 [1] NCCL INFO Channel 03/0 : 5[1] -> 6[2] via P2P/MNNVL
node15:1242:2140 [3] NCCL INFO Channel 03/0 : 7[3] -> 0[0] via P2P/MNNVL
node15:1239:2139 [0] NCCL INFO Channel 05/0 : 4[0] -> 5[1] via P2P/MNNVL
node15:1240:2142 [1] NCCL INFO Channel 04/0 : 5[1] -> 6[2] via P2P/MNNVL
node15:1242:2140 [3] NCCL INFO Channel 04/0 : 7[3] -> 0[0] via P2P/MNNVL
node15:1241:2141 [2] NCCL INFO Channel 04/0 : 6[2] -> 7[3] via P2P/MNNVL
node15:1242:2140 [3] NCCL INFO Channel 05/0 : 7[3] -> 0[0] via P2P/MNNVL
node15:1239:2139 [0] NCCL INFO Channel 06/0 : 4[0] -> 5[1] via P2P/MNNVL
