node06:1241:3260 [2] NCCL INFO Channel 14/0 : 0[2] -> 1[2] via P2P/MNNVL
node06:1241:3260 [2] NCCL INFO Channel 15/0 : 0[2] -> 1[2] via P2P/MNNVL
node06:1241:3260 [2] NCCL INFO Channel 16/0 : 0[2] -> 1[2] via P2P/MNNVL
node06:1241:3260 [2] NCCL INFO Channel 17/0 : 0[2] -> 1[2] via P2P/MNNVL
node06:1241:3260 [2] NCCL INFO Channel 18/0 : 0[2] -> 1[2] via P2P/MNNVL
node06:1241:3260 [2] NCCL INFO Channel 19/0 : 0[2] -> 1[2] via P2P/MNNVL
node06:1241:3260 [2] NCCL INFO Channel 20/0 : 0[2] -> 1[2] via P2P/MNNVL
node06:1241:3260 [2] NCCL INFO Channel 21/0 : 0[2] -> 1[2] via P2P/MNNVL
node06:1241:3260 [2] NCCL INFO Channel 22/0 : 0[2] -> 1[2] via P2P/MNNVL
node06:1241:3260 [2] NCCL INFO Channel 23/0 : 0[2] -> 1[2] via P2P/MNNVL
node06:1241:3260 [2] NCCL INFO Channel 24/0 : 0[2] -> 1[2] via P2P/MNNVL
node06:1241:3260 [2] NCCL INFO Channel 25/0 : 0[2] -> 1[2] via P2P/MNNVL
node06:1241:3260 [2] NCCL INFO Channel 26/0 : 0[2] -> 1[2] via P2P/MNNVL
node06:1241:3260 [2] NCCL INFO Channel 27/0 : 0[2] -> 1[2] via P2P/MNNVL
node06:1241:3260 [2] NCCL INFO Channel 28/0 : 0[2] -> 1[2] via P2P/MNNVL
node06:1241:3260 [2] NCCL INFO Channel 29/0 : 0[2] -> 1[2] via P2P/MNNVL
node06:1241:3260 [2] NCCL INFO Channel 30/0 : 0[2] -> 1[2] via P2P/MNNVL
node06:1242:3261 [3] NCCL INFO Channel 00/0 : 0[3] -> 1[3] via P2P/MNNVL
node06:1241:3260 [2] NCCL INFO Channel 31/0 : 0[2] -> 1[2] via P2P/MNNVL
node06:1242:3261 [3] NCCL INFO Channel 01/0 : 0[3] -> 1[3] via P2P/MNNVL
node06:1242:3261 [3] NCCL INFO Channel 02/0 : 0[3] -> 1[3] via P2P/MNNVL
node06:1242:3261 [3] NCCL INFO Channel 03/0 : 0[3] -> 1[3] via P2P/MNNVL
node06:1242:3261 [3] NCCL INFO Channel 04/0 : 0[3] -> 1[3] via P2P/MNNVL
node06:1242:3261 [3] NCCL INFO Channel 05/0 : 0[3] -> 1[3] via P2P/MNNVL
node06:1242:3261 [3] NCCL INFO Channel 06/0 : 0[3] -> 1[3] via P2P/MNNVL
node06:1242:3261 [3] NCCL INFO Channel 07/0 : 0[3] -> 1[3] via P2P/MNNVL
node06:1242:3261 [3] NCCL INFO Channel 08/0 : 0[3] -> 1[3] via P2P/MNNVL
node06:1240:3262 [1] NCCL INFO Channel 00/0 : 0[1] -> 1[1] via P2P/MNNVL
node06:1240:3262 [1] NCCL INFO Channel 01/0 : 0[1] -> 1[1] via P2P/MNNVL
node06:1242:3261 [3] NCCL INFO Channel 09/0 : 0[3] -> 1[3] via P2P/MNNVL
node06:1240:3262 [1] NCCL INFO Channel 02/0 : 0[1] -> 1[1] via P2P/MNNVL
node06:1242:3261 [3] NCCL INFO Channel 10/0 : 0[3] -> 1[3] via P2P/MNNVL
node06:1242:3261 [3] NCCL INFO Channel 11/0 : 0[3] -> 1[3] via P2P/MNNVL
node06:1240:3262 [1] NCCL INFO Channel 03/0 : 0[1] -> 1[1] via P2P/MNNVL
node06:1242:3261 [3] NCCL INFO Channel 12/0 : 0[3] -> 1[3] via P2P/MNNVL
node06:1240:3262 [1] NCCL INFO Channel 04/0 : 0[1] -> 1[1] via P2P/MNNVL
node06:1242:3261 [3] NCCL INFO Channel 13/0 : 0[3] -> 1[3] via P2P/MNNVL
node06:1240:3262 [1] NCCL INFO Channel 05/0 : 0[1] -> 1[1] via P2P/MNNVL
node06:1242:3261 [3] NCCL INFO Channel 14/0 : 0[3] -> 1[3] via P2P/MNNVL
node06:1242:3261 [3] NCCL INFO Channel 15/0 : 0[3] -> 1[3] via P2P/MNNVL
node06:1239:3263 [0] NCCL INFO Channel 00/0 : 0[0] -> 1[0] via P2P/MNNVL
node06:1240:3262 [1] NCCL INFO Channel 06/0 : 0[1] -> 1[1] via P2P/MNNVL
node06:1239:3263 [0] NCCL INFO Channel 01/0 : 0[0] -> 1[0] via P2P/MNNVL
node06:1242:3261 [3] NCCL INFO Channel 16/0 : 0[3] -> 1[3] via P2P/MNNVL
node06:1240:3262 [1] NCCL INFO Channel 07/0 : 0[1] -> 1[1] via P2P/MNNVL
node06:1239:3263 [0] NCCL INFO Channel 02/0 : 0[0] -> 1[0] via P2P/MNNVL
node06:1242:3261 [3] NCCL INFO Channel 17/0 : 0[3] -> 1[3] via P2P/MNNVL
node06:1242:3261 [3] NCCL INFO Channel 18/0 : 0[3] -> 1[3] via P2P/MNNVL
node06:1240:3262 [1] NCCL INFO Channel 08/0 : 0[1] -> 1[1] via P2P/MNNVL
node06:1239:3263 [0] NCCL INFO Channel 03/0 : 0[0] -> 1[0] via P2P/MNNVL
node06:1240:3262 [1] NCCL INFO Channel 09/0 : 0[1] -> 1[1] via P2P/MNNVL
node06:1242:3261 [3] NCCL INFO Channel 19/0 : 0[3] -> 1[3] via P2P/MNNVL
node06:1239:3263 [0] NCCL INFO Channel 04/0 : 0[0] -> 1[0] via P2P/MNNVL
node06:1240:3262 [1] NCCL INFO Channel 10/0 : 0[1] -> 1[1] via P2P/MNNVL
node06:1242:3261 [3] NCCL INFO Channel 20/0 : 0[3] -> 1[3] via P2P/MNNVL
node06:1240:3262 [1] NCCL INFO Channel 11/0 : 0[1] -> 1[1] via P2P/MNNVL
node06:1239:3263 [0] NCCL INFO Channel 05/0 : 0[0] -> 1[0] via P2P/MNNVL
node06:1242:3261 [3] NCCL INFO Channel 21/0 : 0[3] -> 1[3] via P2P/MNNVL
node06:1240:3262 [1] NCCL INFO Channel 12/0 : 0[1] -> 1[1] via P2P/MNNVL
node06:1239:3263 [0] NCCL INFO Channel 06/0 : 0[0] -> 1[0] via P2P/MNNVL
node06:1242:3261 [3] NCCL INFO Channel 22/0 : 0[3] -> 1[3] via P2P/MNNVL
node06:1240:3262 [1] NCCL INFO Channel 13/0 : 0[1] -> 1[1] via P2P/MNNVL
node06:1239:3263 [0] NCCL INFO Channel 07/0 : 0[0] -> 1[0] via P2P/MNNVL
node06:1242:3261 [3] NCCL INFO Channel 23/0 : 0[3] -> 1[3] via P2P/MNNVL
node06:1239:3263 [0] NCCL INFO Channel 08/0 : 0[0] -> 1[0] via P2P/MNNVL
node06:1240:3262 [1] NCCL INFO Channel 14/0 : 0[1] -> 1[1] via P2P/MNNVL
node06:1242:3261 [3] NCCL INFO Channel 24/0 : 0[3] -> 1[3] via P2P/MNNVL
node06:1239:3263 [0] NCCL INFO Channel 09/0 : 0[0] -> 1[0] via P2P/MNNVL
node06:1240:3262 [1] NCCL INFO Channel 15/0 : 0[1] -> 1[1] via P2P/MNNVL
node06:1242:3261 [3] NCCL INFO Channel 25/0 : 0[3] -> 1[3] via P2P/MNNVL
node06:1240:3262 [1] NCCL INFO Channel 16/0 : 0[1] -> 1[1] via P2P/MNNVL
node06:1239:3263 [0] NCCL INFO Channel 10/0 : 0[0] -> 1[0] via P2P/MNNVL
node06:1242:3261 [3] NCCL INFO Channel 26/0 : 0[3] -> 1[3] via P2P/MNNVL
node06:1240:3262 [1] NCCL INFO Channel 17/0 : 0[1] -> 1[1] via P2P/MNNVL
node06:1239:3263 [0] NCCL INFO Channel 11/0 : 0[0] -> 1[0] via P2P/MNNVL
node06:1242:3261 [3] NCCL INFO Channel 27/0 : 0[3] -> 1[3] via P2P/MNNVL
node06:1239:3263 [0] NCCL INFO Channel 12/0 : 0[0] -> 1[0] via P2P/MNNVL
node06:1240:3262 [1] NCCL INFO Channel 18/0 : 0[1] -> 1[1] via P2P/MNNVL
node06:1242:3261 [3] NCCL INFO Channel 28/0 : 0[3] -> 1[3] via P2P/MNNVL
node06:1242:3261 [3] NCCL INFO Channel 29/0 : 0[3] -> 1[3] via P2P/MNNVL
node06:1239:3263 [0] NCCL INFO Channel 13/0 : 0[0] -> 1[0] via P2P/MNNVL
node06:1240:3262 [1] NCCL INFO Channel 19/0 : 0[1] -> 1[1] via P2P/MNNVL
node06:1242:3261 [3] NCCL INFO Channel 30/0 : 0[3] -> 1[3] via P2P/MNNVL
node06:1240:3262 [1] NCCL INFO Channel 20/0 : 0[1] -> 1[1] via P2P/MNNVL
node06:1239:3263 [0] NCCL INFO Channel 14/0 : 0[0] -> 1[0] via P2P/MNNVL
node06:1242:3261 [3] NCCL INFO Channel 31/0 : 0[3] -> 1[3] via P2P/MNNVL
node06:1239:3263 [0] NCCL INFO Channel 15/0 : 0[0] -> 1[0] via P2P/MNNVL
node06:1240:3262 [1] NCCL INFO Channel 21/0 : 0[1] -> 1[1] via P2P/MNNVL
node06:1239:3263 [0] NCCL INFO Channel 16/0 : 0[0] -> 1[0] via P2P/MNNVL
node06:1240:3262 [1] NCCL INFO Channel 22/0 : 0[1] -> 1[1] via P2P/MNNVL
node06:1240:3262 [1] NCCL INFO Channel 23/0 : 0[1] -> 1[1] via P2P/MNNVL
node06:1239:3263 [0] NCCL INFO Channel 17/0 : 0[0] -> 1[0] via P2P/MNNVL
node06:1239:3263 [0] NCCL INFO Channel 18/0 : 0[0] -> 1[0] via P2P/MNNVL
node06:1240:3262 [1] NCCL INFO Channel 24/0 : 0[1] -> 1[1] via P2P/MNNVL
node06:1239:3263 [0] NCCL INFO Channel 19/0 : 0[0] -> 1[0] via P2P/MNNVL
node06:1240:3262 [1] NCCL INFO Channel 25/0 : 0[1] -> 1[1] via P2P/MNNVL
node06:1239:3263 [0] NCCL INFO Channel 20/0 : 0[0] -> 1[0] via P2P/MNNVL
node06:1240:3262 [1] NCCL INFO Channel 26/0 : 0[1] -> 1[1] via P2P/MNNVL
node06:1239:3263 [0] NCCL INFO Channel 21/0 : 0[0] -> 1[0] via P2P/MNNVL
node06:1240:3262 [1] NCCL INFO Channel 27/0 : 0[1] -> 1[1] via P2P/MNNVL
node06:1239:3263 [0] NCCL INFO Channel 22/0 : 0[0] -> 1[0] via P2P/MNNVL
node06:1240:3262 [1] NCCL INFO Channel 28/0 : 0[1] -> 1[1] via P2P/MNNVL
node06:1239:3263 [0] NCCL INFO Channel 23/0 : 0[0] -> 1[0] via P2P/MNNVL
node06:1240:3262 [1] NCCL INFO Channel 29/0 : 0[1] -> 1[1] via P2P/MNNVL
node06:1239:3263 [0] NCCL INFO Channel 24/0 : 0[0] -> 1[0] via P2P/MNNVL
node06:1240:3262 [1] NCCL INFO Channel 30/0 : 0[1] -> 1[1] via P2P/MNNVL
node06:1240:3262 [1] NCCL INFO Channel 31/0 : 0[1] -> 1[1] via P2P/MNNVL
node06:1239:3263 [0] NCCL INFO Channel 25/0 : 0[0] -> 1[0] via P2P/MNNVL
node06:1239:3263 [0] NCCL INFO Channel 26/0 : 0[0] -> 1[0] via P2P/MNNVL
node06:1239:3263 [0] NCCL INFO Channel 27/0 : 0[0] -> 1[0] via P2P/MNNVL
node06:1239:3263 [0] NCCL INFO Channel 28/0 : 0[0] -> 1[0] via P2P/MNNVL
node06:1239:3263 [0] NCCL INFO Channel 29/0 : 0[0] -> 1[0] via P2P/MNNVL
node06:1239:3263 [0] NCCL INFO Channel 30/0 : 0[0] -> 1[0] via P2P/MNNVL
node06:1239:3263 [0] NCCL INFO Channel 31/0 : 0[0] -> 1[0] via P2P/MNNVL
node06:1241:3260 [2] NCCL INFO Connected all rings, use ring PXN 0 GDR 1
node06:1242:3261 [3] NCCL INFO Connected all rings, use ring PXN 0 GDR 1
node06:1240:3262 [1] NCCL INFO Connected all rings, use ring PXN 0 GDR 1
node06:1241:3264 [2] NCCL INFO Channel 00/0 : 3[2] -> 0[2] via P2P/MNNVL
node06:1241:3264 [2] NCCL INFO Channel 01/0 : 3[2] -> 0[2] via P2P/MNNVL
node06:1241:3264 [2] NCCL INFO Channel 02/0 : 3[2] -> 0[2] via P2P/MNNVL
node06:1241:3264 [2] NCCL INFO Channel 03/0 : 3[2] -> 0[2] via P2P/MNNVL
node06:1241:3264 [2] NCCL INFO Channel 04/0 : 3[2] -> 0[2] via P2P/MNNVL
node06:1239:3263 [0] NCCL INFO Connected all rings, use ring PXN 0 GDR 1
node06:1241:3264 [2] NCCL INFO Channel 05/0 : 3[2] -> 0[2] via P2P/MNNVL
node06:1241:3264 [2] NCCL INFO Channel 06/0 : 3[2] -> 0[2] via P2P/MNNVL
node06:1241:3264 [2] NCCL INFO Channel 07/0 : 3[2] -> 0[2] via P2P/MNNVL
node06:1241:3264 [2] NCCL INFO Channel 08/0 : 3[2] -> 0[2] via P2P/MNNVL
node06:1241:3264 [2] NCCL INFO Channel 09/0 : 3[2] -> 0[2] via P2P/MNNVL
node06:1241:3264 [2] NCCL INFO Channel 10/0 : 3[2] -> 0[2] via P2P/MNNVL
node06:1241:3264 [2] NCCL INFO Channel 11/0 : 3[2] -> 0[2] via P2P/MNNVL
node06:1241:3264 [2] NCCL INFO Channel 12/0 : 3[2] -> 0[2] via P2P/MNNVL
node06:1241:3264 [2] NCCL INFO Channel 13/0 : 3[2] -> 0[2] via P2P/MNNVL
node06:1241:3264 [2] NCCL INFO Channel 14/0 : 3[2] -> 0[2] via P2P/MNNVL
node06:1241:3264 [2] NCCL INFO Channel 15/0 : 3[2] -> 0[2] via P2P/MNNVL
node06:1241:3264 [2] NCCL INFO Channel 16/0 : 3[2] -> 0[2] via P2P/MNNVL
node06:1241:3264 [2] NCCL INFO Channel 17/0 : 3[2] -> 0[2] via P2P/MNNVL
node06:1241:3264 [2] NCCL INFO Channel 18/0 : 3[2] -> 0[2] via P2P/MNNVL
node06:1241:3264 [2] NCCL INFO Channel 19/0 : 3[2] -> 0[2] via P2P/MNNVL
node06:1241:3264 [2] NCCL INFO Channel 20/0 : 3[2] -> 0[2] via P2P/MNNVL
node06:1241:3264 [2] NCCL INFO Channel 21/0 : 3[2] -> 0[2] via P2P/MNNVL
node06:1242:3265 [3] NCCL INFO Channel 00/0 : 3[3] -> 0[3] via P2P/MNNVL
node06:1241:3264 [2] NCCL INFO Channel 22/0 : 3[2] -> 0[2] via P2P/MNNVL
node06:1241:3264 [2] NCCL INFO Channel 23/0 : 3[2] -> 0[2] via P2P/MNNVL
node06:1242:3265 [3] NCCL INFO Channel 01/0 : 3[3] -> 0[3] via P2P/MNNVL
node06:1242:3265 [3] NCCL INFO Channel 02/0 : 3[3] -> 0[3] via P2P/MNNVL
node06:1241:3264 [2] NCCL INFO Channel 24/0 : 3[2] -> 0[2] via P2P/MNNVL
node06:1242:3265 [3] NCCL INFO Channel 03/0 : 3[3] -> 0[3] via P2P/MNNVL
node06:1241:3264 [2] NCCL INFO Channel 25/0 : 3[2] -> 0[2] via P2P/MNNVL
node06:1242:3265 [3] NCCL INFO Channel 04/0 : 3[3] -> 0[3] via P2P/MNNVL
node06:1241:3264 [2] NCCL INFO Channel 26/0 : 3[2] -> 0[2] via P2P/MNNVL
node06:1242:3265 [3] NCCL INFO Channel 05/0 : 3[3] -> 0[3] via P2P/MNNVL
node06:1241:3264 [2] NCCL INFO Channel 27/0 : 3[2] -> 0[2] via P2P/MNNVL
node06:1242:3265 [3] NCCL INFO Channel 06/0 : 3[3] -> 0[3] via P2P/MNNVL
node06:1242:3265 [3] NCCL INFO Channel 07/0 : 3[3] -> 0[3] via P2P/MNNVL
node06:1241:3264 [2] NCCL INFO Channel 28/0 : 3[2] -> 0[2] via P2P/MNNVL
node06:1242:3265 [3] NCCL INFO Channel 08/0 : 3[3] -> 0[3] via P2P/MNNVL
node06:1242:3265 [3] NCCL INFO Channel 09/0 : 3[3] -> 0[3] via P2P/MNNVL
node06:1241:3264 [2] NCCL INFO Channel 29/0 : 3[2] -> 0[2] via P2P/MNNVL
node06:1241:3264 [2] NCCL INFO Channel 30/0 : 3[2] -> 0[2] via P2P/MNNVL
node06:1242:3265 [3] NCCL INFO Channel 10/0 : 3[3] -> 0[3] via P2P/MNNVL
node06:1241:3264 [2] NCCL INFO Channel 31/0 : 3[2] -> 0[2] via P2P/MNNVL
node06:1242:3265 [3] NCCL INFO Channel 11/0 : 3[3] -> 0[3] via P2P/MNNVL
node06:1242:3265 [3] NCCL INFO Channel 12/0 : 3[3] -> 0[3] via P2P/MNNVL
node06:1240:3266 [1] NCCL INFO Channel 00/0 : 3[1] -> 0[1] via P2P/MNNVL
node06:1242:3265 [3] NCCL INFO Channel 13/0 : 3[3] -> 0[3] via P2P/MNNVL
node06:1240:3266 [1] NCCL INFO Channel 01/0 : 3[1] -> 0[1] via P2P/MNNVL
node06:1242:3265 [3] NCCL INFO Channel 14/0 : 3[3] -> 0[3] via P2P/MNNVL
node06:1240:3266 [1] NCCL INFO Channel 02/0 : 3[1] -> 0[1] via P2P/MNNVL
node06:1240:3266 [1] NCCL INFO Channel 03/0 : 3[1] -> 0[1] via P2P/MNNVL
node06:1242:3265 [3] NCCL INFO Channel 15/0 : 3[3] -> 0[3] via P2P/MNNVL
node06:1240:3266 [1] NCCL INFO Channel 04/0 : 3[1] -> 0[1] via P2P/MNNVL
node06:1242:3265 [3] NCCL INFO Channel 16/0 : 3[3] -> 0[3] via P2P/MNNVL
node06:1240:3266 [1] NCCL INFO Channel 05/0 : 3[1] -> 0[1] via P2P/MNNVL
node06:1239:3267 [0] NCCL INFO Channel 00/0 : 3[0] -> 0[0] via P2P/MNNVL
node06:1242:3265 [3] NCCL INFO Channel 17/0 : 3[3] -> 0[3] via P2P/MNNVL
node06:1239:3267 [0] NCCL INFO Channel 01/0 : 3[0] -> 0[0] via P2P/MNNVL
node06:1240:3266 [1] NCCL INFO Channel 06/0 : 3[1] -> 0[1] via P2P/MNNVL
node06:1239:3267 [0] NCCL INFO Channel 02/0 : 3[0] -> 0[0] via P2P/MNNVL
node06:1240:3266 [1] NCCL INFO Channel 07/0 : 3[1] -> 0[1] via P2P/MNNVL
node06:1242:3265 [3] NCCL INFO Channel 18/0 : 3[3] -> 0[3] via P2P/MNNVL
node06:1242:3265 [3] NCCL INFO Channel 19/0 : 3[3] -> 0[3] via P2P/MNNVL
node06:1239:3267 [0] NCCL INFO Channel 03/0 : 3[0] -> 0[0] via P2P/MNNVL
node06:1240:3266 [1] NCCL INFO Channel 08/0 : 3[1] -> 0[1] via P2P/MNNVL
node06:1242:3265 [3] NCCL INFO Channel 20/0 : 3[3] -> 0[3] via P2P/MNNVL
node06:1240:3266 [1] NCCL INFO Channel 09/0 : 3[1] -> 0[1] via P2P/MNNVL
node06:1239:3267 [0] NCCL INFO Channel 04/0 : 3[0] -> 0[0] via P2P/MNNVL
node06:1239:3267 [0] NCCL INFO Channel 05/0 : 3[0] -> 0[0] via P2P/MNNVL
node06:1240:3266 [1] NCCL INFO Channel 10/0 : 3[1] -> 0[1] via P2P/MNNVL
node06:1242:3265 [3] NCCL INFO Channel 21/0 : 3[3] -> 0[3] via P2P/MNNVL
node06:1239:3267 [0] NCCL INFO Channel 06/0 : 3[0] -> 0[0] via P2P/MNNVL
node06:1240:3266 [1] NCCL INFO Channel 11/0 : 3[1] -> 0[1] via P2P/MNNVL
node06:1242:3265 [3] NCCL INFO Channel 22/0 : 3[3] -> 0[3] via P2P/MNNVL
node06:1242:3265 [3] NCCL INFO Channel 23/0 : 3[3] -> 0[3] via P2P/MNNVL
node06:1240:3266 [1] NCCL INFO Channel 12/0 : 3[1] -> 0[1] via P2P/MNNVL
node06:1239:3267 [0] NCCL INFO Channel 07/0 : 3[0] -> 0[0] via P2P/MNNVL
node06:1242:3265 [3] NCCL INFO Channel 24/0 : 3[3] -> 0[3] via P2P/MNNVL
node06:1239:3267 [0] NCCL INFO Channel 08/0 : 3[0] -> 0[0] via P2P/MNNVL
node06:1240:3266 [1] NCCL INFO Channel 13/0 : 3[1] -> 0[1] via P2P/MNNVL
node06:1240:3266 [1] NCCL INFO Channel 14/0 : 3[1] -> 0[1] via P2P/MNNVL
node06:1239:3267 [0] NCCL INFO Channel 09/0 : 3[0] -> 0[0] via P2P/MNNVL
node06:1242:3265 [3] NCCL INFO Channel 25/0 : 3[3] -> 0[3] via P2P/MNNVL
node06:1242:3265 [3] NCCL INFO Channel 26/0 : 3[3] -> 0[3] via P2P/MNNVL
node06:1239:3267 [0] NCCL INFO Channel 10/0 : 3[0] -> 0[0] via P2P/MNNVL
node06:1240:3266 [1] NCCL INFO Channel 15/0 : 3[1] -> 0[1] via P2P/MNNVL
node06:1240:3266 [1] NCCL INFO Channel 16/0 : 3[1] -> 0[1] via P2P/MNNVL
node06:1239:3267 [0] NCCL INFO Channel 11/0 : 3[0] -> 0[0] via P2P/MNNVL
node06:1242:3265 [3] NCCL INFO Channel 27/0 : 3[3] -> 0[3] via P2P/MNNVL
node06:1240:3266 [1] NCCL INFO Channel 17/0 : 3[1] -> 0[1] via P2P/MNNVL
node06:1242:3265 [3] NCCL INFO Channel 28/0 : 3[3] -> 0[3] via P2P/MNNVL
node06:1239:3267 [0] NCCL INFO Channel 12/0 : 3[0] -> 0[0] via P2P/MNNVL
node06:1239:3267 [0] NCCL INFO Channel 13/0 : 3[0] -> 0[0] via P2P/MNNVL
node06:1240:3266 [1] NCCL INFO Channel 18/0 : 3[1] -> 0[1] via P2P/MNNVL
node06:1242:3265 [3] NCCL INFO Channel 29/0 : 3[3] -> 0[3] via P2P/MNNVL
node06:1240:3266 [1] NCCL INFO Channel 19/0 : 3[1] -> 0[1] via P2P/MNNVL
node06:1239:3267 [0] NCCL INFO Channel 14/0 : 3[0] -> 0[0] via P2P/MNNVL
node06:1242:3265 [3] NCCL INFO Channel 30/0 : 3[3] -> 0[3] via P2P/MNNVL
node06:1240:3266 [1] NCCL INFO Channel 20/0 : 3[1] -> 0[1] via P2P/MNNVL
node06:1239:3267 [0] NCCL INFO Channel 15/0 : 3[0] -> 0[0] via P2P/MNNVL
node06:1242:3265 [3] NCCL INFO Channel 31/0 : 3[3] -> 0[3] via P2P/MNNVL
node06:1240:3266 [1] NCCL INFO Channel 21/0 : 3[1] -> 0[1] via P2P/MNNVL
node06:1239:3267 [0] NCCL INFO Channel 16/0 : 3[0] -> 0[0] via P2P/MNNVL
node06:1240:3266 [1] NCCL INFO Channel 22/0 : 3[1] -> 0[1] via P2P/MNNVL
node06:1239:3267 [0] NCCL INFO Channel 17/0 : 3[0] -> 0[0] via P2P/MNNVL
node06:1240:3266 [1] NCCL INFO Channel 23/0 : 3[1] -> 0[1] via P2P/MNNVL
node06:1239:3267 [0] NCCL INFO Channel 18/0 : 3[0] -> 0[0] via P2P/MNNVL
node06:1240:3266 [1] NCCL INFO Channel 24/0 : 3[1] -> 0[1] via P2P/MNNVL
node06:1239:3267 [0] NCCL INFO Channel 19/0 : 3[0] -> 0[0] via P2P/MNNVL
node06:1239:3267 [0] NCCL INFO Channel 20/0 : 3[0] -> 0[0] via P2P/MNNVL
node06:1240:3266 [1] NCCL INFO Channel 25/0 : 3[1] -> 0[1] via P2P/MNNVL
node06:1240:3266 [1] NCCL INFO Channel 26/0 : 3[1] -> 0[1] via P2P/MNNVL
node06:1239:3267 [0] NCCL INFO Channel 21/0 : 3[0] -> 0[0] via P2P/MNNVL
node06:1240:3266 [1] NCCL INFO Channel 27/0 : 3[1] -> 0[1] via P2P/MNNVL
node06:1239:3267 [0] NCCL INFO Channel 22/0 : 3[0] -> 0[0] via P2P/MNNVL
node06:1239:3267 [0] NCCL INFO Channel 23/0 : 3[0] -> 0[0] via P2P/MNNVL
node06:1240:3266 [1] NCCL INFO Channel 28/0 : 3[1] -> 0[1] via P2P/MNNVL
node06:1240:3266 [1] NCCL INFO Channel 29/0 : 3[1] -> 0[1] via P2P/MNNVL
node06:1239:3267 [0] NCCL INFO Channel 24/0 : 3[0] -> 0[0] via P2P/MNNVL
node06:1239:3267 [0] NCCL INFO Channel 25/0 : 3[0] -> 0[0] via P2P/MNNVL
node06:1240:3266 [1] NCCL INFO Channel 30/0 : 3[1] -> 0[1] via P2P/MNNVL
node06:1239:3267 [0] NCCL INFO Channel 26/0 : 3[0] -> 0[0] via P2P/MNNVL
node06:1240:3266 [1] NCCL INFO Channel 31/0 : 3[1] -> 0[1] via P2P/MNNVL
node06:1239:3267 [0] NCCL INFO Channel 27/0 : 3[0] -> 0[0] via P2P/MNNVL
node06:1239:3267 [0] NCCL INFO Channel 28/0 : 3[0] -> 0[0] via P2P/MNNVL
node06:1239:3267 [0] NCCL INFO Channel 29/0 : 3[0] -> 0[0] via P2P/MNNVL
node06:1239:3267 [0] NCCL INFO Channel 30/0 : 3[0] -> 0[0] via P2P/MNNVL
node06:1239:3267 [0] NCCL INFO Channel 31/0 : 3[0] -> 0[0] via P2P/MNNVL
node06:1242:3265 [3] NCCL INFO Connected all rings, use ring PXN 0 GDR 1
node06:1241:3264 [2] NCCL INFO Connected all rings, use ring PXN 0 GDR 1
node06:1239:3267 [0] NCCL INFO Connected all rings, use ring PXN 0 GDR 1
node06:1240:3266 [1] NCCL INFO Connected all rings, use ring PXN 0 GDR 1
node06:1242:1242 [3] NCCL INFO Comm config Blocking set to 1
node06:1240:1240 [1] NCCL INFO Comm config Blocking set to 1
node06:1241:1241 [2] NCCL INFO Comm config Blocking set to 1
node06:1239:1239 [0] NCCL INFO Comm config Blocking set to 1
node06:1241:3270 [2] NCCL INFO Assigned NET plugin IBext_v10 to comm
node06:1242:3269 [3] NCCL INFO Assigned NET plugin IBext_v10 to comm
node06:1240:3268 [1] NCCL INFO Assigned NET plugin IBext_v10 to comm
node06:1241:3270 [2] NCCL INFO Using network IBext_v10
node06:1240:3268 [1] NCCL INFO Using network IBext_v10
node06:1242:3269 [3] NCCL INFO Using network IBext_v10
node06:1242:3269 [3] NCCL INFO DMA-BUF is available on GPU device 3
node06:1241:3270 [2] NCCL INFO DMA-BUF is available on GPU device 2
node06:1240:3268 [1] NCCL INFO DMA-BUF is available on GPU device 1
node06:1239:3271 [0] NCCL INFO Assigned NET plugin IBext_v10 to comm
node06:1239:3271 [0] NCCL INFO Using network IBext_v10
node06:1239:3271 [0] NCCL INFO DMA-BUF is available on GPU device 0
node06:1240:3268 [1] NCCL INFO ncclCommInitRankConfig comm 0x61fb1ae0 rank 49 nranks 64 cudaDev 1 nvmlDev 1 busId 901000 commId 0xefd42df40512406a - Init START
node06:1242:3269 [3] NCCL INFO ncclCommInitRankConfig comm 0x77402ee0 rank 51 nranks 64 cudaDev 3 nvmlDev 3 busId 1901000 commId 0xefd42df40512406a - Init START
node06:1241:3270 [2] NCCL INFO ncclCommInitRankConfig comm 0x728ad410 rank 50 nranks 64 cudaDev 2 nvmlDev 2 busId 1801000 commId 0xefd42df40512406a - Init START
node06:1239:3271 [0] NCCL INFO ncclCommInitRankConfig comm 0x53db59f0 rank 48 nranks 64 cudaDev 0 nvmlDev 0 busId 801000 commId 0xefd42df40512406a - Init START
node06:1242:3269 [3] NCCL INFO Bootstrap timings total 0.401636 (create 0.000063, send 0.000249, recv 0.004628, ring 0.396516, delay 0.000000)
node06:1241:3270 [2] NCCL INFO Bootstrap timings total 0.401662 (create 0.000058, send 0.000217, recv 0.004576, ring 0.396660, delay 0.000000)
node06:1240:3268 [1] NCCL INFO Bootstrap timings total 0.401673 (create 0.000068, send 0.000234, recv 0.003891, ring 0.397276, delay 0.000000)
node06:1239:3271 [0] NCCL INFO Bootstrap timings total 0.401612 (create 0.000032, send 0.000191, recv 0.003821, ring 0.396863, delay 0.000000)
node06:1241:3270 [2] NCCL INFO MNNVL busId 0x1801000 fabric UUID 4d4e0850a64dd29b.34b5c600be78169f cliqueId 0x7ffe state 3 healthMask 0xaa
node06:1242:3269 [3] NCCL INFO MNNVL busId 0x1901000 fabric UUID 4d4e0850a64dd29b.34b5c600be78169f cliqueId 0x7ffe state 3 healthMask 0xaa
node06:1239:3271 [0] NCCL INFO MNNVL busId 0x801000 fabric UUID 4d4e0850a64dd29b.34b5c600be78169f cliqueId 0x7ffe state 3 healthMask 0xaa
node06:1240:3268 [1] NCCL INFO MNNVL busId 0x901000 fabric UUID 4d4e0850a64dd29b.34b5c600be78169f cliqueId 0x7ffe state 3 healthMask 0xaa
node06:1242:3269 [3] NCCL INFO MNNVL 1 cliqueId 7ffe cliqueSize 64 cliqueRank 51
node06:1239:3271 [0] NCCL INFO MNNVL 1 cliqueId 7ffe cliqueSize 64 cliqueRank 48
node06:1241:3270 [2] NCCL INFO MNNVL 1 cliqueId 7ffe cliqueSize 64 cliqueRank 50
node06:1240:3268 [1] NCCL INFO MNNVL 1 cliqueId 7ffe cliqueSize 64 cliqueRank 49
node06:1242:3269 [3] NCCL INFO Setting affinity for GPU 3 to 72-143
node06:1241:3270 [2] NCCL INFO Setting affinity for GPU 2 to 72-143
node06:1240:3268 [1] NCCL INFO Setting affinity for GPU 1 to 0-71
node06:1239:3271 [0] NCCL INFO Setting affinity for GPU 0 to 0-71
node06:1239:3271 [0] NCCL INFO comm 0x53db59f0 rank 48 nRanks 64 nNodes 1 localRanks 64 localRank 48 MNNVL 1
node06:1241:3270 [2] NCCL INFO comm 0x728ad410 rank 50 nRanks 64 nNodes 1 localRanks 64 localRank 50 MNNVL 1
node06:1242:3269 [3] NCCL INFO comm 0x77402ee0 rank 51 nRanks 64 nNodes 1 localRanks 64 localRank 51 MNNVL 1
node06:1240:3268 [1] NCCL INFO comm 0x61fb1ae0 rank 49 nRanks 64 nNodes 1 localRanks 64 localRank 49 MNNVL 1
node06:1239:3271 [0] NCCL INFO Trees [0] 49/-1/-1->48->47 [1] 49/-1/-1->48->47 [2] 49/-1/-1->48->47 [3] 49/-1/-1->48->47 [4] 49/-1/-1->48->47 [5] 49/-1/-1->48->47 [6] 49/-1/-1->48->47 [7] 49/-1/-1->48->47 [8] 49/-1/-1->48->47 [9] 49/-1/-1->48->47 [10] 49/-1/-1->48->47 [11] 49/-1/-1->48->47 [12] 49/-1/-1->48->47 [13] 49/-1/-1->48->47 [14] 49/-1/-1->48->47 [15] 49/-1/-1->48->47 [16] 49/-1/-1->48->47 [17] 49/-1/-1->48->47 [18] 49/-1/-1->48->47 [19] 49/-1/-1->48->47 [20] 49/-1/-1->48->47 [21] 49/-1/-1->48->47 [22] 49/-1/-1->48->47 [23] 49/-1/-1->48->47 [24] 49/-1/-1->48->47 [25] 49/-1/-1->48->47 [26] 49/-1/-1->48->47 [27] 49/-1/-1->48->47 [28] 49/-1/-1->48->47 [29] 49/-1/-1->48->47 [30] 49/-1/-1->48->47 [31] 49/-1/-1->48->47
node06:1239:3271 [0] NCCL INFO P2P Chunksize set to 524288
node06:1241:3270 [2] NCCL INFO Trees [0] 51/-1/-1->50->49 [1] 51/-1/-1->50->49 [2] 51/-1/-1->50->49 [3] 51/-1/-1->50->49 [4] 51/-1/-1->50->49 [5] 51/-1/-1->50->49 [6] 51/-1/-1->50->49 [7] 51/-1/-1->50->49 [8] 51/-1/-1->50->49 [9] 51/-1/-1->50->49 [10] 51/-1/-1->50->49 [11] 51/-1/-1->50->49 [12] 51/-1/-1->50->49 [13] 51/-1/-1->50->49 [14] 51/-1/-1->50->49 [15] 51/-1/-1->50->49 [16] 51/-1/-1->50->49 [17] 51/-1/-1->50->49 [18] 51/-1/-1->50->49 [19] 51/-1/-1->50->49 [20] 51/-1/-1->50->49 [21] 51/-1/-1->50->49 [22] 51/-1/-1->50->49 [23] 51/-1/-1->50->49 [24] 51/-1/-1->50->49 [25] 51/-1/-1->50->49 [26] 51/-1/-1->50->49 [27] 51/-1/-1->50->49 [28] 51/-1/-1->50->49 [29] 51/-1/-1->50->49 [30] 51/-1/-1->50->49 [31] 51/-1/-1->50->49
node06:1242:3269 [3] NCCL INFO Trees [0] 52/-1/-1->51->50 [1] 52/-1/-1->51->50 [2] 52/-1/-1->51->50 [3] 52/-1/-1->51->50 [4] 52/-1/-1->51->50 [5] 52/-1/-1->51->50 [6] 52/-1/-1->51->50 [7] 52/-1/-1->51->50 [8] 52/-1/-1->51->50 [9] 52/-1/-1->51->50 [10] 52/-1/-1->51->50 [11] 52/-1/-1->51->50 [12] 52/-1/-1->51->50 [13] 52/-1/-1->51->50 [14] 52/-1/-1->51->50 [15] 52/-1/-1->51->50 [16] 52/-1/-1->51->50 [17] 52/-1/-1->51->50 [18] 52/-1/-1->51->50 [19] 52/-1/-1->51->50 [20] 52/-1/-1->51->50 [21] 52/-1/-1->51->50 [22] 52/-1/-1->51->50 [23] 52/-1/-1->51->50 [24] 52/-1/-1->51->50 [25] 52/-1/-1->51->50 [26] 52/-1/-1->51->50 [27] 52/-1/-1->51->50 [28] 52/-1/-1->51->50 [29] 52/-1/-1->51->50 [30] 52/-1/-1->51->50 [31] 52/-1/-1->51->50
node06:1241:3270 [2] NCCL INFO P2P Chunksize set to 524288
node06:1242:3269 [3] NCCL INFO P2P Chunksize set to 524288
node06:1240:3268 [1] NCCL INFO Trees [0] 50/-1/-1->49->48 [1] 50/-1/-1->49->48 [2] 50/-1/-1->49->48 [3] 50/-1/-1->49->48 [4] 50/-1/-1->49->48 [5] 50/-1/-1->49->48 [6] 50/-1/-1->49->48 [7] 50/-1/-1->49->48 [8] 50/-1/-1->49->48 [9] 50/-1/-1->49->48 [10] 50/-1/-1->49->48 [11] 50/-1/-1->49->48 [12] 50/-1/-1->49->48 [13] 50/-1/-1->49->48 [14] 50/-1/-1->49->48 [15] 50/-1/-1->49->48 [16] 50/-1/-1->49->48 [17] 50/-1/-1->49->48 [18] 50/-1/-1->49->48 [19] 50/-1/-1->49->48 [20] 50/-1/-1->49->48 [21] 50/-1/-1->49->48 [22] 50/-1/-1->49->48 [23] 50/-1/-1->49->48 [24] 50/-1/-1->49->48 [25] 50/-1/-1->49->48 [26] 50/-1/-1->49->48 [27] 50/-1/-1->49->48 [28] 50/-1/-1->49->48 [29] 50/-1/-1->49->48 [30] 50/-1/-1->49->48 [31] 50/-1/-1->49->48
node06:1240:3268 [1] NCCL INFO P2P Chunksize set to 524288
node06:1239:3272 [0] NCCL INFO [Proxy Service] Device 0 CPU core 11
node06:1242:3273 [3] NCCL INFO [Proxy Service] Device 3 CPU core 138
node06:1241:3274 [2] NCCL INFO [Proxy Service] Device 2 CPU core 112
node06:1242:3277 [3] NCCL INFO [Proxy Service UDS] Device 3 CPU core 139
node06:1240:3275 [1] NCCL INFO [Proxy Service] Device 1 CPU core 12
node06:1241:3278 [2] NCCL INFO [Proxy Service UDS] Device 2 CPU core 115
node06:1239:3276 [0] NCCL INFO [Proxy Service UDS] Device 0 CPU core 13
node06:1240:3279 [1] NCCL INFO [Proxy Service UDS] Device 1 CPU core 14
node06:1241:3270 [2] NCCL INFO threadThresholds 8/8/64 | 512/8/64 | 512 | 512
node06:1241:3270 [2] NCCL INFO 32 coll channels, 32 collnet channels, 0 nvls channels, 32 p2p channels, 32 p2p channels per peer
node06:1242:3269 [3] NCCL INFO threadThresholds 8/8/64 | 512/8/64 | 512 | 512
node06:1242:3269 [3] NCCL INFO 32 coll channels, 32 collnet channels, 0 nvls channels, 32 p2p channels, 32 p2p channels per peer
node06:1240:3268 [1] NCCL INFO threadThresholds 8/8/64 | 512/8/64 | 512 | 512
node06:1240:3268 [1] NCCL INFO 32 coll channels, 32 collnet channels, 0 nvls channels, 32 p2p channels, 32 p2p channels per peer
node06:1239:3271 [0] NCCL INFO threadThresholds 8/8/64 | 512/8/64 | 512 | 512
node06:1239:3271 [0] NCCL INFO 32 coll channels, 32 collnet channels, 0 nvls channels, 32 p2p channels, 32 p2p channels per peer
node06:1239:3271 [0] NCCL INFO ncclCommInitRankConfig comm 0x53db59f0 rank 48 nranks 64 cudaDev 0 nvmlDev 0 busId 801000 commId 0xefd42df40512406a - Init COMPLETE
node06:1239:3271 [0] NCCL INFO Init timings - ncclCommInitRankConfig: rank 48 nranks 64 total 3.09 (kernels 0.00, alloc 0.00, bootstrap 0.40, allgathers 0.19, topo 2.29, graphs 0.04, connections 0.16, rest 0.01)
node06:1240:3268 [1] NCCL INFO ncclCommInitRankConfig comm 0x61fb1ae0 rank 49 nranks 64 cudaDev 1 nvmlDev 1 busId 901000 commId 0xefd42df40512406a - Init COMPLETE
node06:1240:3268 [1] NCCL INFO Init timings - ncclCommInitRankConfig: rank 49 nranks 64 total 3.09 (kernels 0.00, alloc 0.00, bootstrap 0.40, allgathers 0.21, topo 2.27, graphs 0.04, connections 0.16, rest 0.01)
node06:1242:3269 [3] NCCL INFO ncclCommInitRankConfig comm 0x77402ee0 rank 51 nranks 64 cudaDev 3 nvmlDev 3 busId 1901000 commId 0xefd42df40512406a - Init COMPLETE
node06:1242:3269 [3] NCCL INFO Init timings - ncclCommInitRankConfig: rank 51 nranks 64 total 3.09 (kernels 0.00, alloc 0.00, bootstrap 0.40, allgathers 0.22, topo 2.25, graphs 0.04, connections 0.16, rest 0.01)
node06:1241:3270 [2] NCCL INFO ncclCommInitRankConfig comm 0x728ad410 rank 50 nranks 64 cudaDev 2 nvmlDev 2 busId 1801000 commId 0xefd42df40512406a - Init COMPLETE
node06:1241:3270 [2] NCCL INFO Init timings - ncclCommInitRankConfig: rank 50 nranks 64 total 3.09 (kernels 0.00, alloc 0.00, bootstrap 0.40, allgathers 0.21, topo 2.26, graphs 0.04, connections 0.16, rest 0.01)
node06:1239:3280 [0] NCCL INFO Channel 00/0 : 48[0] -> 49[1] via P2P/MNNVL
node06:1242:3282 [3] NCCL INFO Channel 00/0 : 51[3] -> 52[0] via P2P/MNNVL
node06:1241:3283 [2] NCCL INFO Channel 00/0 : 50[2] -> 51[3] via P2P/MNNVL
node06:1240:3281 [1] NCCL INFO Channel 00/0 : 49[1] -> 50[2] via P2P/MNNVL
node06:1239:3280 [0] NCCL INFO Channel 01/0 : 48[0] -> 49[1] via P2P/MNNVL
node06:1241:3283 [2] NCCL INFO Channel 01/0 : 50[2] -> 51[3] via P2P/MNNVL
node06:1242:3282 [3] NCCL INFO Channel 01/0 : 51[3] -> 52[0] via P2P/MNNVL
node06:1240:3281 [1] NCCL INFO Channel 01/0 : 49[1] -> 50[2] via P2P/MNNVL
node06:1239:3280 [0] NCCL INFO Channel 02/0 : 48[0] -> 49[1] via P2P/MNNVL
node06:1242:3282 [3] NCCL INFO Channel 02/0 : 51[3] -> 52[0] via P2P/MNNVL
node06:1241:3283 [2] NCCL INFO Channel 02/0 : 50[2] -> 51[3] via P2P/MNNVL
node06:1239:3280 [0] NCCL INFO Channel 03/0 : 48[0] -> 49[1] via P2P/MNNVL
node06:1240:3281 [1] NCCL INFO Channel 02/0 : 49[1] -> 50[2] via P2P/MNNVL
node06:1241:3283 [2] NCCL INFO Channel 03/0 : 50[2] -> 51[3] via P2P/MNNVL
node06:1242:3282 [3] NCCL INFO Channel 03/0 : 51[3] -> 52[0] via P2P/MNNVL
node06:1242:3282 [3] NCCL INFO Channel 04/0 : 51[3] -> 52[0] via P2P/MNNVL
node06:1241:3283 [2] NCCL INFO Channel 04/0 : 50[2] -> 51[3] via P2P/MNNVL
node06:1239:3280 [0] NCCL INFO Channel 04/0 : 48[0] -> 49[1] via P2P/MNNVL
node06:1240:3281 [1] NCCL INFO Channel 03/0 : 49[1] -> 50[2] via P2P/MNNVL
node06:1241:3283 [2] NCCL INFO Channel 05/0 : 50[2] -> 51[3] via P2P/MNNVL
node06:1242:3282 [3] NCCL INFO Channel 05/0 : 51[3] -> 52[0] via P2P/MNNVL
node06:1239:3280 [0] NCCL INFO Channel 05/0 : 48[0] -> 49[1] via P2P/MNNVL
node06:1240:3281 [1] NCCL INFO Channel 04/0 : 49[1] -> 50[2] via P2P/MNNVL
node06:1239:3280 [0] NCCL INFO Channel 06/0 : 48[0] -> 49[1] via P2P/MNNVL
node06:1241:3283 [2] NCCL INFO Channel 06/0 : 50[2] -> 51[3] via P2P/MNNVL
node06:1242:3282 [3] NCCL INFO Channel 06/0 : 51[3] -> 52[0] via P2P/MNNVL
node06:1240:3281 [1] NCCL INFO Channel 05/0 : 49[1] -> 50[2] via P2P/MNNVL
node06:1241:3283 [2] NCCL INFO Channel 07/0 : 50[2] -> 51[3] via P2P/MNNVL
node06:1239:3280 [0] NCCL INFO Channel 07/0 : 48[0] -> 49[1] via P2P/MNNVL
node06:1242:3282 [3] NCCL INFO Channel 07/0 : 51[3] -> 52[0] via P2P/MNNVL
node06:1241:3283 [2] NCCL INFO Channel 08/0 : 50[2] -> 51[3] via P2P/MNNVL
node06:1240:3281 [1] NCCL INFO Channel 06/0 : 49[1] -> 50[2] via P2P/MNNVL
node06:1239:3280 [0] NCCL INFO Channel 08/0 : 48[0] -> 49[1] via P2P/MNNVL
node06:1241:3283 [2] NCCL INFO Channel 09/0 : 50[2] -> 51[3] via P2P/MNNVL
node06:1242:3282 [3] NCCL INFO Channel 08/0 : 51[3] -> 52[0] via P2P/MNNVL
node06:1240:3281 [1] NCCL INFO Channel 07/0 : 49[1] -> 50[2] via P2P/MNNVL
node06:1239:3280 [0] NCCL INFO Channel 09/0 : 48[0] -> 49[1] via P2P/MNNVL
node06:1241:3283 [2] NCCL INFO Channel 10/0 : 50[2] -> 51[3] via P2P/MNNVL
node06:1240:3281 [1] NCCL INFO Channel 08/0 : 49[1] -> 50[2] via P2P/MNNVL
node06:1242:3282 [3] NCCL INFO Channel 09/0 : 51[3] -> 52[0] via P2P/MNNVL
node06:1239:3280 [0] NCCL INFO Channel 10/0 : 48[0] -> 49[1] via P2P/MNNVL
node06:1240:3281 [1] NCCL INFO Channel 09/0 : 49[1] -> 50[2] via P2P/MNNVL
node06:1241:3283 [2] NCCL INFO Channel 11/0 : 50[2] -> 51[3] via P2P/MNNVL
node06:1239:3280 [0] NCCL INFO Channel 11/0 : 48[0] -> 49[1] via P2P/MNNVL
node06:1242:3282 [3] NCCL INFO Channel 10/0 : 51[3] -> 52[0] via P2P/MNNVL
node06:1240:3281 [1] NCCL INFO Channel 10/0 : 49[1] -> 50[2] via P2P/MNNVL
node06:1241:3283 [2] NCCL INFO Channel 12/0 : 50[2] -> 51[3] via P2P/MNNVL
node06:1239:3280 [0] NCCL INFO Channel 12/0 : 48[0] -> 49[1] via P2P/MNNVL
node06:1242:3282 [3] NCCL INFO Channel 11/0 : 51[3] -> 52[0] via P2P/MNNVL
node06:1240:3281 [1] NCCL INFO Channel 11/0 : 49[1] -> 50[2] via P2P/MNNVL
node06:1241:3283 [2] NCCL INFO Channel 13/0 : 50[2] -> 51[3] via P2P/MNNVL
node06:1240:3281 [1] NCCL INFO Channel 12/0 : 49[1] -> 50[2] via P2P/MNNVL
node06:1242:3282 [3] NCCL INFO Channel 12/0 : 51[3] -> 52[0] via P2P/MNNVL
node06:1239:3280 [0] NCCL INFO Channel 13/0 : 48[0] -> 49[1] via P2P/MNNVL
node06:1240:3281 [1] NCCL INFO Channel 13/0 : 49[1] -> 50[2] via P2P/MNNVL
node06:1242:3282 [3] NCCL INFO Channel 13/0 : 51[3] -> 52[0] via P2P/MNNVL
node06:1241:3283 [2] NCCL INFO Channel 14/0 : 50[2] -> 51[3] via P2P/MNNVL
node06:1241:3283 [2] NCCL INFO Channel 15/0 : 50[2] -> 51[3] via P2P/MNNVL
node06:1240:3281 [1] NCCL INFO Channel 14/0 : 49[1] -> 50[2] via P2P/MNNVL
node06:1242:3282 [3] NCCL INFO Channel 14/0 : 51[3] -> 52[0] via P2P/MNNVL
node06:1239:3280 [0] NCCL INFO Channel 14/0 : 48[0] -> 49[1] via P2P/MNNVL
node06:1241:3283 [2] NCCL INFO Channel 16/0 : 50[2] -> 51[3] via P2P/MNNVL
node06:1239:3280 [0] NCCL INFO Channel 15/0 : 48[0] -> 49[1] via P2P/MNNVL
node06:1240:3281 [1] NCCL INFO Channel 15/0 : 49[1] -> 50[2] via P2P/MNNVL
node06:1242:3282 [3] NCCL INFO Channel 15/0 : 51[3] -> 52[0] via P2P/MNNVL
node06:1241:3283 [2] NCCL INFO Channel 17/0 : 50[2] -> 51[3] via P2P/MNNVL
node06:1239:3280 [0] NCCL INFO Channel 16/0 : 48[0] -> 49[1] via P2P/MNNVL
node06:1242:3282 [3] NCCL INFO Channel 16/0 : 51[3] -> 52[0] via P2P/MNNVL
node06:1241:3283 [2] NCCL INFO Channel 18/0 : 50[2] -> 51[3] via P2P/MNNVL
node06:1240:3281 [1] NCCL INFO Channel 16/0 : 49[1] -> 50[2] via P2P/MNNVL
node06:1239:3280 [0] NCCL INFO Channel 17/0 : 48[0] -> 49[1] via P2P/MNNVL
node06:1240:3281 [1] NCCL INFO Channel 17/0 : 49[1] -> 50[2] via P2P/MNNVL
node06:1241:3283 [2] NCCL INFO Channel 19/0 : 50[2] -> 51[3] via P2P/MNNVL
node06:1242:3282 [3] NCCL INFO Channel 17/0 : 51[3] -> 52[0] via P2P/MNNVL
node06:1239:3280 [0] NCCL INFO Channel 18/0 : 48[0] -> 49[1] via P2P/MNNVL
node06:1241:3283 [2] NCCL INFO Channel 20/0 : 50[2] -> 51[3] via P2P/MNNVL
node06:1240:3281 [1] NCCL INFO Channel 18/0 : 49[1] -> 50[2] via P2P/MNNVL
node06:1242:3282 [3] NCCL INFO Channel 18/0 : 51[3] -> 52[0] via P2P/MNNVL
node06:1239:3280 [0] NCCL INFO Channel 19/0 : 48[0] -> 49[1] via P2P/MNNVL
node06:1241:3283 [2] NCCL INFO Channel 21/0 : 50[2] -> 51[3] via P2P/MNNVL
node06:1240:3281 [1] NCCL INFO Channel 19/0 : 49[1] -> 50[2] via P2P/MNNVL
node06:1241:3283 [2] NCCL INFO Channel 22/0 : 50[2] -> 51[3] via P2P/MNNVL
node06:1242:3282 [3] NCCL INFO Channel 19/0 : 51[3] -> 52[0] via P2P/MNNVL
node06:1239:3280 [0] NCCL INFO Channel 20/0 : 48[0] -> 49[1] via P2P/MNNVL
node06:1239:3280 [0] NCCL INFO Channel 21/0 : 48[0] -> 49[1] via P2P/MNNVL
node06:1241:3283 [2] NCCL INFO Channel 23/0 : 50[2] -> 51[3] via P2P/MNNVL
node06:1242:3282 [3] NCCL INFO Channel 20/0 : 51[3] -> 52[0] via P2P/MNNVL
node06:1240:3281 [1] NCCL INFO Channel 20/0 : 49[1] -> 50[2] via P2P/MNNVL
node06:1241:3283 [2] NCCL INFO Channel 24/0 : 50[2] -> 51[3] via P2P/MNNVL
node06:1239:3280 [0] NCCL INFO Channel 22/0 : 48[0] -> 49[1] via P2P/MNNVL
node06:1242:3282 [3] NCCL INFO Channel 21/0 : 51[3] -> 52[0] via P2P/MNNVL
node06:1240:3281 [1] NCCL INFO Channel 21/0 : 49[1] -> 50[2] via P2P/MNNVL
node06:1241:3283 [2] NCCL INFO Channel 25/0 : 50[2] -> 51[3] via P2P/MNNVL
node06:1239:3280 [0] NCCL INFO Channel 23/0 : 48[0] -> 49[1] via P2P/MNNVL
node06:1242:3282 [3] NCCL INFO Channel 22/0 : 51[3] -> 52[0] via P2P/MNNVL
node06:1240:3281 [1] NCCL INFO Channel 22/0 : 49[1] -> 50[2] via P2P/MNNVL
node06:1239:3280 [0] NCCL INFO Channel 24/0 : 48[0] -> 49[1] via P2P/MNNVL
node06:1242:3282 [3] NCCL INFO Channel 23/0 : 51[3] -> 52[0] via P2P/MNNVL
node06:1239:3280 [0] NCCL INFO Channel 25/0 : 48[0] -> 49[1] via P2P/MNNVL
node06:1241:3283 [2] NCCL INFO Channel 26/0 : 50[2] -> 51[3] via P2P/MNNVL
node06:1240:3281 [1] NCCL INFO Channel 23/0 : 49[1] -> 50[2] via P2P/MNNVL
node06:1242:3282 [3] NCCL INFO Channel 24/0 : 51[3] -> 52[0] via P2P/MNNVL
node06:1239:3280 [0] NCCL INFO Channel 26/0 : 48[0] -> 49[1] via P2P/MNNVL
node06:1241:3283 [2] NCCL INFO Channel 27/0 : 50[2] -> 51[3] via P2P/MNNVL
node06:1240:3281 [1] NCCL INFO Channel 24/0 : 49[1] -> 50[2] via P2P/MNNVL
node06:1239:3280 [0] NCCL INFO Channel 27/0 : 48[0] -> 49[1] via P2P/MNNVL
node06:1242:3282 [3] NCCL INFO Channel 25/0 : 51[3] -> 52[0] via P2P/MNNVL
node06:1241:3283 [2] NCCL INFO Channel 28/0 : 50[2] -> 51[3] via P2P/MNNVL
node06:1240:3281 [1] NCCL INFO Channel 25/0 : 49[1] -> 50[2] via P2P/MNNVL
node06:1242:3282 [3] NCCL INFO Channel 26/0 : 51[3] -> 52[0] via P2P/MNNVL
node06:1239:3280 [0] NCCL INFO Channel 28/0 : 48[0] -> 49[1] via P2P/MNNVL
node06:1241:3283 [2] NCCL INFO Channel 29/0 : 50[2] -> 51[3] via P2P/MNNVL
node06:1242:3282 [3] NCCL INFO Channel 27/0 : 51[3] -> 52[0] via P2P/MNNVL
node06:1242:3282 [3] NCCL INFO Channel 28/0 : 51[3] -> 52[0] via P2P/MNNVL
node06:1240:3281 [1] NCCL INFO Channel 26/0 : 49[1] -> 50[2] via P2P/MNNVL
node06:1239:3280 [0] NCCL INFO Channel 29/0 : 48[0] -> 49[1] via P2P/MNNVL
node06:1241:3283 [2] NCCL INFO Channel 30/0 : 50[2] -> 51[3] via P2P/MNNVL
node06:1239:3280 [0] NCCL INFO Channel 30/0 : 48[0] -> 49[1] via P2P/MNNVL
node06:1240:3281 [1] NCCL INFO Channel 27/0 : 49[1] -> 50[2] via P2P/MNNVL
node06:1242:3282 [3] NCCL INFO Channel 29/0 : 51[3] -> 52[0] via P2P/MNNVL
node06:1241:3283 [2] NCCL INFO Channel 31/0 : 50[2] -> 51[3] via P2P/MNNVL
node06:1242:3282 [3] NCCL INFO Channel 30/0 : 51[3] -> 52[0] via P2P/MNNVL
node06:1239:3280 [0] NCCL INFO Channel 31/0 : 48[0] -> 49[1] via P2P/MNNVL
node06:1240:3281 [1] NCCL INFO Channel 28/0 : 49[1] -> 50[2] via P2P/MNNVL
node06:1242:3282 [3] NCCL INFO Channel 31/0 : 51[3] -> 52[0] via P2P/MNNVL
node06:1240:3281 [1] NCCL INFO Channel 29/0 : 49[1] -> 50[2] via P2P/MNNVL
node06:1240:3281 [1] NCCL INFO Channel 30/0 : 49[1] -> 50[2] via P2P/MNNVL
node06:1240:3281 [1] NCCL INFO Channel 31/0 : 49[1] -> 50[2] via P2P/MNNVL
node06:1239:3280 [0] NCCL INFO Connected all rings, use ring PXN 0 GDR 1
node06:1240:3281 [1] NCCL INFO Connected all rings, use ring PXN 0 GDR 1
node06:1242:3282 [3] NCCL INFO Connected all rings, use ring PXN 0 GDR 1
node06:1241:3283 [2] NCCL INFO Connected all rings, use ring PXN 0 GDR 1
node06:1241:1241 [2] NCCL INFO Comm config Blocking set to 1
node06:1242:1242 [3] NCCL INFO Comm config Blocking set to 1
node06:1240:1240 [1] NCCL INFO Comm config Blocking set to 1
node06:1239:1239 [0] NCCL INFO Comm config Blocking set to 1
node06:1242:3284 [3] NCCL INFO Assigned NET plugin IBext_v10 to comm
node06:1242:3284 [3] NCCL INFO Using network IBext_v10
node06:1240:3286 [1] NCCL INFO Assigned NET plugin IBext_v10 to comm
node06:1241:3285 [2] NCCL INFO Assigned NET plugin IBext_v10 to comm
node06:1240:3286 [1] NCCL INFO Using network IBext_v10
node06:1241:3285 [2] NCCL INFO Using network IBext_v10
node06:1242:3284 [3] NCCL INFO DMA-BUF is available on GPU device 3
node06:1240:3286 [1] NCCL INFO DMA-BUF is available on GPU device 1
node06:1241:3285 [2] NCCL INFO DMA-BUF is available on GPU device 2
node06:1241:3285 [2] NCCL INFO ncclCommInitRankConfig comm 0x72e38a60 rank 26 nranks 32 cudaDev 2 nvmlDev 2 busId 1801000 commId 0xb1d130bfcf67dfc1 - Init START
node06:1239:3287 [0] NCCL INFO Assigned NET plugin IBext_v10 to comm
node06:1242:3284 [3] NCCL INFO ncclCommInitRankConfig comm 0x77991d60 rank 27 nranks 32 cudaDev 3 nvmlDev 3 busId 1901000 commId 0xb1d130bfcf67dfc1 - Init START
node06:1240:3286 [1] NCCL INFO ncclCommInitRankConfig comm 0x6253e300 rank 25 nranks 32 cudaDev 1 nvmlDev 1 busId 901000 commId 0xb1d130bfcf67dfc1 - Init START
node06:1239:3287 [0] NCCL INFO Using network IBext_v10
node06:1239:3287 [0] NCCL INFO DMA-BUF is available on GPU device 0
node06:1239:3287 [0] NCCL INFO ncclCommInitRankConfig comm 0x5433d050 rank 24 nranks 32 cudaDev 0 nvmlDev 0 busId 801000 commId 0xb1d130bfcf67dfc1 - Init START
node06:1242:3284 [3] NCCL INFO Bootstrap timings total 0.248813 (create 0.000046, send 0.000184, recv 0.001800, ring 0.246569, delay 0.000000)
node06:1241:3285 [2] NCCL INFO Bootstrap timings total 0.248822 (create 0.000055, send 0.000185, recv 0.001670, ring 0.246486, delay 0.000000)
node06:1240:3286 [1] NCCL INFO Bootstrap timings total 0.248809 (create 0.000042, send 0.000191, recv 0.001942, ring 0.246111, delay 0.000000)
node06:1239:3287 [0] NCCL INFO Bootstrap timings total 0.248711 (create 0.000030, send 0.000173, recv 0.002229, ring 0.246122, delay 0.000000)
node06:1241:3285 [2] NCCL INFO MNNVL busId 0x1801000 fabric UUID 4d4e0850a64dd29b.34b5c600be78169f cliqueId 0x7ffe state 3 healthMask 0xaa
node06:1242:3284 [3] NCCL INFO MNNVL busId 0x1901000 fabric UUID 4d4e0850a64dd29b.34b5c600be78169f cliqueId 0x7ffe state 3 healthMask 0xaa
node06:1240:3286 [1] NCCL INFO MNNVL busId 0x901000 fabric UUID 4d4e0850a64dd29b.34b5c600be78169f cliqueId 0x7ffe state 3 healthMask 0xaa
node06:1239:3287 [0] NCCL INFO MNNVL busId 0x801000 fabric UUID 4d4e0850a64dd29b.34b5c600be78169f cliqueId 0x7ffe state 3 healthMask 0xaa
node06:1240:3286 [1] NCCL INFO MNNVL 1 cliqueId 7ffe cliqueSize 32 cliqueRank 25
node06:1242:3284 [3] NCCL INFO MNNVL 1 cliqueId 7ffe cliqueSize 32 cliqueRank 27
node06:1239:3287 [0] NCCL INFO MNNVL 1 cliqueId 7ffe cliqueSize 32 cliqueRank 24
node06:1241:3285 [2] NCCL INFO MNNVL 1 cliqueId 7ffe cliqueSize 32 cliqueRank 26
node06:1242:3284 [3] NCCL INFO Setting affinity for GPU 3 to 72-143
node06:1240:3286 [1] NCCL INFO Setting affinity for GPU 1 to 0-71
node06:1241:3285 [2] NCCL INFO Setting affinity for GPU 2 to 72-143
node06:1239:3287 [0] NCCL INFO Setting affinity for GPU 0 to 0-71
node06:1240:3286 [1] NCCL INFO comm 0x6253e300 rank 25 nRanks 32 nNodes 1 localRanks 32 localRank 25 MNNVL 1
node06:1241:3285 [2] NCCL INFO comm 0x72e38a60 rank 26 nRanks 32 nNodes 1 localRanks 32 localRank 26 MNNVL 1
node06:1242:3284 [3] NCCL INFO comm 0x77991d60 rank 27 nRanks 32 nNodes 1 localRanks 32 localRank 27 MNNVL 1
node06:1240:3286 [1] NCCL INFO Trees [0] 26/-1/-1->25->24 [1] 26/-1/-1->25->24 [2] 26/-1/-1->25->24 [3] 26/-1/-1->25->24 [4] 26/-1/-1->25->24 [5] 26/-1/-1->25->24 [6] 26/-1/-1->25->24 [7] 26/-1/-1->25->24 [8] 26/-1/-1->25->24 [9] 26/-1/-1->25->24 [10] 26/-1/-1->25->24 [11] 26/-1/-1->25->24 [12] 26/-1/-1->25->24 [13] 26/-1/-1->25->24 [14] 26/-1/-1->25->24 [15] 26/-1/-1->25->24 [16] 26/-1/-1->25->24 [17] 26/-1/-1->25->24 [18] 26/-1/-1->25->24 [19] 26/-1/-1->25->24 [20] 26/-1/-1->25->24 [21] 26/-1/-1->25->24 [22] 26/-1/-1->25->24 [23] 26/-1/-1->25->24 [24] 26/-1/-1->25->24 [25] 26/-1/-1->25->24 [26] 26/-1/-1->25->24 [27] 26/-1/-1->25->24 [28] 26/-1/-1->25->24 [29] 26/-1/-1->25->24 [30] 26/-1/-1->25->24 [31] 26/-1/-1->25->24
node06:1240:3286 [1] NCCL INFO P2P Chunksize set to 524288
node06:1242:3284 [3] NCCL INFO Trees [0] 28/-1/-1->27->26 [1] 28/-1/-1->27->26 [2] 28/-1/-1->27->26 [3] 28/-1/-1->27->26 [4] 28/-1/-1->27->26 [5] 28/-1/-1->27->26 [6] 28/-1/-1->27->26 [7] 28/-1/-1->27->26 [8] 28/-1/-1->27->26 [9] 28/-1/-1->27->26 [10] 28/-1/-1->27->26 [11] 28/-1/-1->27->26 [12] 28/-1/-1->27->26 [13] 28/-1/-1->27->26 [14] 28/-1/-1->27->26 [15] 28/-1/-1->27->26 [16] 28/-1/-1->27->26 [17] 28/-1/-1->27->26 [18] 28/-1/-1->27->26 [19] 28/-1/-1->27->26 [20] 28/-1/-1->27->26 [21] 28/-1/-1->27->26 [22] 28/-1/-1->27->26 [23] 28/-1/-1->27->26 [24] 28/-1/-1->27->26 [25] 28/-1/-1->27->26 [26] 28/-1/-1->27->26 [27] 28/-1/-1->27->26 [28] 28/-1/-1->27->26 [29] 28/-1/-1->27->26 [30] 28/-1/-1->27->26 [31] 28/-1/-1->27->26
node06:1241:3285 [2] NCCL INFO Trees [0] 27/-1/-1->26->25 [1] 27/-1/-1->26->25 [2] 27/-1/-1->26->25 [3] 27/-1/-1->26->25 [4] 27/-1/-1->26->25 [5] 27/-1/-1->26->25 [6] 27/-1/-1->26->25 [7] 27/-1/-1->26->25 [8] 27/-1/-1->26->25 [9] 27/-1/-1->26->25 [10] 27/-1/-1->26->25 [11] 27/-1/-1->26->25 [12] 27/-1/-1->26->25 [13] 27/-1/-1->26->25 [14] 27/-1/-1->26->25 [15] 27/-1/-1->26->25 [16] 27/-1/-1->26->25 [17] 27/-1/-1->26->25 [18] 27/-1/-1->26->25 [19] 27/-1/-1->26->25 [20] 27/-1/-1->26->25 [21] 27/-1/-1->26->25 [22] 27/-1/-1->26->25 [23] 27/-1/-1->26->25 [24] 27/-1/-1->26->25 [25] 27/-1/-1->26->25 [26] 27/-1/-1->26->25 [27] 27/-1/-1->26->25 [28] 27/-1/-1->26->25 [29] 27/-1/-1->26->25 [30] 27/-1/-1->26->25 [31] 27/-1/-1->26->25
node06:1242:3284 [3] NCCL INFO P2P Chunksize set to 524288
node06:1241:3285 [2] NCCL INFO P2P Chunksize set to 524288
node06:1239:3287 [0] NCCL INFO comm 0x5433d050 rank 24 nRanks 32 nNodes 1 localRanks 32 localRank 24 MNNVL 1
node06:1239:3287 [0] NCCL INFO Trees [0] 25/-1/-1->24->23 [1] 25/-1/-1->24->23 [2] 25/-1/-1->24->23 [3] 25/-1/-1->24->23 [4] 25/-1/-1->24->23 [5] 25/-1/-1->24->23 [6] 25/-1/-1->24->23 [7] 25/-1/-1->24->23 [8] 25/-1/-1->24->23 [9] 25/-1/-1->24->23 [10] 25/-1/-1->24->23 [11] 25/-1/-1->24->23 [12] 25/-1/-1->24->23 [13] 25/-1/-1->24->23 [14] 25/-1/-1->24->23 [15] 25/-1/-1->24->23 [16] 25/-1/-1->24->23 [17] 25/-1/-1->24->23 [18] 25/-1/-1->24->23 [19] 25/-1/-1->24->23 [20] 25/-1/-1->24->23 [21] 25/-1/-1->24->23 [22] 25/-1/-1->24->23 [23] 25/-1/-1->24->23 [24] 25/-1/-1->24->23 [25] 25/-1/-1->24->23 [26] 25/-1/-1->24->23 [27] 25/-1/-1->24->23 [28] 25/-1/-1->24->23 [29] 25/-1/-1->24->23 [30] 25/-1/-1->24->23 [31] 25/-1/-1->24->23
node06:1239:3287 [0] NCCL INFO P2P Chunksize set to 524288
node06:1242:3289 [3] NCCL INFO [Proxy Service] Device 3 CPU core 139
node06:1241:3288 [2] NCCL INFO [Proxy Service] Device 2 CPU core 109
node06:1240:3290 [1] NCCL INFO [Proxy Service] Device 1 CPU core 11
node06:1241:3292 [2] NCCL INFO [Proxy Service UDS] Device 2 CPU core 110
node06:1242:3291 [3] NCCL INFO [Proxy Service UDS] Device 3 CPU core 140
node06:1240:3293 [1] NCCL INFO [Proxy Service UDS] Device 1 CPU core 12
node06:1239:3294 [0] NCCL INFO [Proxy Service] Device 0 CPU core 13
node06:1239:3295 [0] NCCL INFO [Proxy Service UDS] Device 0 CPU core 14
node06:1240:3286 [1] NCCL INFO threadThresholds 8/8/64 | 256/8/64 | 512 | 512
node06:1240:3286 [1] NCCL INFO 32 coll channels, 32 collnet channels, 0 nvls channels, 32 p2p channels, 32 p2p channels per peer
node06:1239:3287 [0] NCCL INFO threadThresholds 8/8/64 | 256/8/64 | 512 | 512
node06:1239:3287 [0] NCCL INFO 32 coll channels, 32 collnet channels, 0 nvls channels, 32 p2p channels, 32 p2p channels per peer
node06:1241:3285 [2] NCCL INFO threadThresholds 8/8/64 | 256/8/64 | 512 | 512
node06:1241:3285 [2] NCCL INFO 32 coll channels, 32 collnet channels, 0 nvls channels, 32 p2p channels, 32 p2p channels per peer
node06:1242:3284 [3] NCCL INFO threadThresholds 8/8/64 | 256/8/64 | 512 | 512
node06:1242:3284 [3] NCCL INFO 32 coll channels, 32 collnet channels, 0 nvls channels, 32 p2p channels, 32 p2p channels per peer
node06:1240:3286 [1] NCCL INFO ncclCommInitRankConfig comm 0x6253e300 rank 25 nranks 32 cudaDev 1 nvmlDev 1 busId 901000 commId 0xb1d130bfcf67dfc1 - Init COMPLETE
node06:1240:3286 [1] NCCL INFO Init timings - ncclCommInitRankConfig: rank 25 nranks 32 total 1.85 (kernels 0.00, alloc 0.00, bootstrap 0.25, allgathers 0.03, topo 1.38, graphs 0.02, connections 0.16, rest 0.01)
node06:1239:3287 [0] NCCL INFO ncclCommInitRankConfig comm 0x5433d050 rank 24 nranks 32 cudaDev 0 nvmlDev 0 busId 801000 commId 0xb1d130bfcf67dfc1 - Init COMPLETE
node06:1241:3285 [2] NCCL INFO ncclCommInitRankConfig comm 0x72e38a60 rank 26 nranks 32 cudaDev 2 nvmlDev 2 busId 1801000 commId 0xb1d130bfcf67dfc1 - Init COMPLETE
node06:1242:3284 [3] NCCL INFO ncclCommInitRankConfig comm 0x77991d60 rank 27 nranks 32 cudaDev 3 nvmlDev 3 busId 1901000 commId 0xb1d130bfcf67dfc1 - Init COMPLETE
node06:1239:3287 [0] NCCL INFO Init timings - ncclCommInitRankConfig: rank 24 nranks 32 total 1.85 (kernels 0.00, alloc 0.00, bootstrap 0.25, allgathers 0.01, topo 1.40, graphs 0.02, connections 0.16, rest 0.01)
node06:1241:3285 [2] NCCL INFO Init timings - ncclCommInitRankConfig: rank 26 nranks 32 total 1.85 (kernels 0.00, alloc 0.00, bootstrap 0.25, allgathers 0.03, topo 1.38, graphs 0.02, connections 0.16, rest 0.01)
node06:1242:3284 [3] NCCL INFO Init timings - ncclCommInitRankConfig: rank 27 nranks 32 total 1.85 (kernels 0.00, alloc 0.00, bootstrap 0.25, allgathers 0.05, topo 1.36, graphs 0.02, connections 0.16, rest 0.01)
node06:1241:3298 [2] NCCL INFO Channel 00/0 : 26[2] -> 27[3] via P2P/MNNVL
node06:1239:3299 [0] NCCL INFO Channel 00/0 : 24[0] -> 25[1] via P2P/MNNVL
node06:1241:3298 [2] NCCL INFO Channel 01/0 : 26[2] -> 27[3] via P2P/MNNVL
node06:1239:3299 [0] NCCL INFO Channel 01/0 : 24[0] -> 25[1] via P2P/MNNVL
node06:1242:3297 [3] NCCL INFO Channel 00/0 : 27[3] -> 28[0] via P2P/MNNVL
node06:1241:3298 [2] NCCL INFO Channel 02/0 : 26[2] -> 27[3] via P2P/MNNVL
node06:1239:3299 [0] NCCL INFO Channel 02/0 : 24[0] -> 25[1] via P2P/MNNVL
node06:1240:3296 [1] NCCL INFO Channel 00/0 : 25[1] -> 26[2] via P2P/MNNVL
node06:1241:3298 [2] NCCL INFO Channel 03/0 : 26[2] -> 27[3] via P2P/MNNVL
node06:1239:3299 [0] NCCL INFO Channel 03/0 : 24[0] -> 25[1] via P2P/MNNVL
node06:1242:3297 [3] NCCL INFO Channel 01/0 : 27[3] -> 28[0] via P2P/MNNVL
node06:1240:3296 [1] NCCL INFO Channel 01/0 : 25[1] -> 26[2] via P2P/MNNVL
node06:1241:3298 [2] NCCL INFO Channel 04/0 : 26[2] -> 27[3] via P2P/MNNVL
node06:1242:3297 [3] NCCL INFO Channel 02/0 : 27[3] -> 28[0] via P2P/MNNVL
node06:1239:3299 [0] NCCL INFO Channel 04/0 : 24[0] -> 25[1] via P2P/MNNVL
node06:1241:3298 [2] NCCL INFO Channel 05/0 : 26[2] -> 27[3] via P2P/MNNVL
node06:1242:3297 [3] NCCL INFO Channel 03/0 : 27[3] -> 28[0] via P2P/MNNVL
node06:1240:3296 [1] NCCL INFO Channel 02/0 : 25[1] -> 26[2] via P2P/MNNVL
node06:1239:3299 [0] NCCL INFO Channel 05/0 : 24[0] -> 25[1] via P2P/MNNVL
node06:1241:3298 [2] NCCL INFO Channel 06/0 : 26[2] -> 27[3] via P2P/MNNVL
node06:1242:3297 [3] NCCL INFO Channel 04/0 : 27[3] -> 28[0] via P2P/MNNVL
node06:1240:3296 [1] NCCL INFO Channel 03/0 : 25[1] -> 26[2] via P2P/MNNVL
node06:1242:3297 [3] NCCL INFO Channel 05/0 : 27[3] -> 28[0] via P2P/MNNVL
node06:1239:3299 [0] NCCL INFO Channel 06/0 : 24[0] -> 25[1] via P2P/MNNVL
node06:1241:3298 [2] NCCL INFO Channel 07/0 : 26[2] -> 27[3] via P2P/MNNVL
node06:1242:3297 [3] NCCL INFO Channel 06/0 : 27[3] -> 28[0] via P2P/MNNVL
node06:1239:3299 [0] NCCL INFO Channel 07/0 : 24[0] -> 25[1] via P2P/MNNVL
node06:1240:3296 [1] NCCL INFO Channel 04/0 : 25[1] -> 26[2] via P2P/MNNVL
