W1116 17:04:49.585000 1174 torch/distributed/run.py:766] 
W1116 17:04:49.585000 1174 torch/distributed/run.py:766] *****************************************
W1116 17:04:49.585000 1174 torch/distributed/run.py:766] Setting OMP_NUM_THREADS environment variable for each process to be 1 in default, to avoid your system being overloaded, please further tune the variable for optimal performance in your application as needed. 
W1116 17:04:49.585000 1174 torch/distributed/run.py:766] *****************************************
[Gloo] Rank [Gloo] Rank 11 is connected to  is connected to 11 peer ranks. Expected number of connected peer ranks is : 1[Gloo] Rank  peer ranks. Expected number of connected peer ranks is : 1[Gloo] Rank 
1 is connected to 1 peer ranks. Expected number of connected peer ranks is : 1
1
 is connected to 1 peer ranks. Expected number of connected peer ranks is : 1
[Gloo] Rank 0 is connected to [Gloo] Rank 00 peer ranks.  is connected to 0Expected number of connected peer ranks is : 0[Gloo] Rank  peer ranks. 
0 is connected to 0 peer ranks. Expected number of connected peer ranks is : 0Expected number of connected peer ranks is : 0[Gloo] Rank 

0 is connected to 0 peer ranks. Expected number of connected peer ranks is : 0
[Gloo] Rank 1 is connected to 1 peer ranks. Expected number of connected peer ranks is : 1
[Gloo] Rank 1[Gloo] Rank  is connected to 11 is connected to  peer ranks. 1Expected number of connected peer ranks is :  peer ranks. 1Expected number of connected peer ranks is : 
1
[rank29]:[W1116 17:05:24.733242957 ProcessGroupNCCL.cpp:4789] [PG ID 0 PG GUID 0 Rank 29]  using GPU 1 as device used by this process is currently unknown. This can potentially cause a hang if this rank to GPU mapping is incorrect. You can specify device_id in init_process_group() to force use of a particular device.
[rank31]:[W1116 17:05:24.733242637 ProcessGroupNCCL.cpp:4789] [PG ID 0 PG GUID 0 Rank 31]  using GPU 3 as device used by this process is currently unknown. This can potentially cause a hang if this rank to GPU mapping is incorrect. You can specify device_id in init_process_group() to force use of a particular device.
[rank30]:[W1116 17:05:24.733249677 ProcessGroupNCCL.cpp:4789] [PG ID 0 PG GUID 0 Rank 30]  using GPU 2 as device used by this process is currently unknown. This can potentially cause a hang if this rank to GPU mapping is incorrect. You can specify device_id in init_process_group() to force use of a particular device.
[Gloo] Rank 1 is connected to 1 peer ranks. Expected number of connected peer ranks is : 1
node11:1240:1240 [1] NCCL INFO cudaDriverVersion 12080
node11:1240:1240 [1] NCCL INFO Bootstrap: Using enP5p9s0:10.192.18.155<0>
node11:1240:1240 [1] NCCL INFO NCCL version 2.27.3+cuda12.9
node11:1240:1240 [1] NCCL INFO Comm config Blocking set to 1
node11:1242:1242 [3] NCCL INFO cudaDriverVersion 12080
node11:1242:1242 [3] NCCL INFO Bootstrap: Using enP5p9s0:10.192.18.155<0>
node11:1242:1242 [3] NCCL INFO NCCL version 2.27.3+cuda12.9
node11:1242:1242 [3] NCCL INFO Comm config Blocking set to 1
node11:1241:1241 [2] NCCL INFO cudaDriverVersion 12080
node11:1241:1241 [2] NCCL INFO Bootstrap: Using enP5p9s0:10.192.18.155<0>
node11:1241:1241 [2] NCCL INFO NCCL version 2.27.3+cuda12.9
node11:1241:1241 [2] NCCL INFO Comm config Blocking set to 1
[rank28]:[W1116 17:05:25.159104196 ProcessGroupNCCL.cpp:4789] [PG ID 0 PG GUID 0 Rank 28]  using GPU 0 as device used by this process is currently unknown. This can potentially cause a hang if this rank to GPU mapping is incorrect. You can specify device_id in init_process_group() to force use of a particular device.
node11:1239:1239 [0] NCCL INFO cudaDriverVersion 12080
node11:1239:1239 [0] NCCL INFO Bootstrap: Using enP5p9s0:10.192.18.155<0>
node11:1239:1239 [0] NCCL INFO NCCL version 2.27.3+cuda12.9
node11:1239:1239 [0] NCCL INFO Comm config Blocking set to 1
node11:1242:1708 [3] NCCL INFO NET/Plugin: Plugin name set by env to libnccl-net.so
node11:1240:1707 [1] NCCL INFO NET/Plugin: Plugin name set by env to libnccl-net.so
node11:1242:1708 [3] NCCL INFO NET/Plugin: Loaded net plugin NCCL RDMA Plugin v10 (v10)
node11:1242:1708 [3] NCCL INFO NET/Plugin: Loaded collnet plugin NCCL RDMA Plugin v10 (v10)
node11:1240:1707 [1] NCCL INFO NET/Plugin: Loaded net plugin NCCL RDMA Plugin v10 (v10)
node11:1242:1708 [3] NCCL INFO Successfully loaded external plugin libnccl-net.so
node11:1240:1707 [1] NCCL INFO NET/Plugin: Loaded collnet plugin NCCL RDMA Plugin v10 (v10)
node11:1240:1707 [1] NCCL INFO Successfully loaded external plugin libnccl-net.so
node11:1242:1708 [3] NCCL INFO Plugin Path : /opt/hpcx/nccl_rdma_sharp_plugin/lib/libnccl-net.so
node11:1240:1707 [1] NCCL INFO Plugin Path : /opt/hpcx/nccl_rdma_sharp_plugin/lib/libnccl-net.so
node11:1242:1708 [3] NCCL INFO P2P plugin v10 IBext_v10
node11:1240:1707 [1] NCCL INFO P2P plugin v10 IBext_v10
node11:1241:1709 [2] NCCL INFO NET/Plugin: Plugin name set by env to libnccl-net.so
node11:1241:1709 [2] NCCL INFO NET/Plugin: Loaded net plugin NCCL RDMA Plugin v10 (v10)
node11:1241:1709 [2] NCCL INFO NET/Plugin: Loaded collnet plugin NCCL RDMA Plugin v10 (v10)
node11:1241:1709 [2] NCCL INFO Successfully loaded external plugin libnccl-net.so
node11:1241:1709 [2] NCCL INFO Plugin Path : /opt/hpcx/nccl_rdma_sharp_plugin/lib/libnccl-net.so
node11:1241:1709 [2] NCCL INFO P2P plugin v10 IBext_v10
node11:1241:1709 [2] NCCL INFO NET/IB : Using [0]mlx5_0:1/RoCE [1]mlx5_1:1/RoCE [2]mlx5_2:1/RoCE [3]mlx5_3:1/RoCE [4]mlx5_4:1/RoCE [5]mlx5_5:1/RoCE [6]mlx5_6:1/RoCE [7]mlx5_7:1/RoCE [RO]; OOB enP5p9s0:10.192.18.155<0>
node11:1241:1709 [2] NCCL INFO Initialized NET plugin IBext_v10
node11:1240:1707 [1] NCCL INFO NET/IB : Using [0]mlx5_0:1/RoCE [1]mlx5_1:1/RoCE [2]mlx5_2:1/RoCE [3]mlx5_3:1/RoCE [4]mlx5_4:1/RoCE [5]mlx5_5:1/RoCE [6]mlx5_6:1/RoCE [7]mlx5_7:1/RoCE [RO]; OOB enP5p9s0:10.192.18.155<0>
node11:1240:1707 [1] NCCL INFO Initialized NET plugin IBext_v10
node11:1242:1708 [3] NCCL INFO NET/IB : Using [0]mlx5_0:1/RoCE [1]mlx5_1:1/RoCE [2]mlx5_2:1/RoCE [3]mlx5_3:1/RoCE [4]mlx5_4:1/RoCE [5]mlx5_5:1/RoCE [6]mlx5_6:1/RoCE [7]mlx5_7:1/RoCE [RO]; OOB enP5p9s0:10.192.18.155<0>
node11:1242:1708 [3] NCCL INFO Initialized NET plugin IBext_v10
node11:1242:1708 [3] NCCL INFO Assigned NET plugin IBext_v10 to comm
node11:1242:1708 [3] NCCL INFO Using network IBext_v10
node11:1240:1707 [1] NCCL INFO Assigned NET plugin IBext_v10 to comm
node11:1240:1707 [1] NCCL INFO Using network IBext_v10
node11:1241:1709 [2] NCCL INFO Assigned NET plugin IBext_v10 to comm
node11:1241:1709 [2] NCCL INFO Using network IBext_v10
node11:1240:1707 [1] NCCL INFO DMA-BUF is available on GPU device 1
node11:1240:1707 [1] NCCL INFO ncclCommInitRankConfig comm 0x4666f460 rank 29 nranks 64 cudaDev 1 nvmlDev 1 busId 901000 commId 0xf9e8a31158cee9c0 - Init START
node11:1242:1708 [3] NCCL INFO DMA-BUF is available on GPU device 3
node11:1241:1709 [2] NCCL INFO DMA-BUF is available on GPU device 2
node11:1242:1708 [3] NCCL INFO ncclCommInitRankConfig comm 0x18e52400 rank 31 nranks 64 cudaDev 3 nvmlDev 3 busId 1901000 commId 0xf9e8a31158cee9c0 - Init START
node11:1241:1709 [2] NCCL INFO ncclCommInitRankConfig comm 0x21aeae30 rank 30 nranks 64 cudaDev 2 nvmlDev 2 busId 1801000 commId 0xf9e8a31158cee9c0 - Init START
node11:1241:1709 [2] NCCL INFO RAS client listening socket at 127.0.0.1<28028>
node11:1239:1710 [0] NCCL INFO NET/Plugin: Plugin name set by env to libnccl-net.so
node11:1239:1710 [0] NCCL INFO NET/Plugin: Loaded net plugin NCCL RDMA Plugin v10 (v10)
node11:1239:1710 [0] NCCL INFO NET/Plugin: Loaded collnet plugin NCCL RDMA Plugin v10 (v10)
node11:1239:1710 [0] NCCL INFO Successfully loaded external plugin libnccl-net.so
node11:1239:1710 [0] NCCL INFO Plugin Path : /opt/hpcx/nccl_rdma_sharp_plugin/lib/libnccl-net.so
node11:1239:1710 [0] NCCL INFO P2P plugin v10 IBext_v10
node11:1239:1710 [0] NCCL INFO NET/IB : Using [0]mlx5_0:1/RoCE [1]mlx5_1:1/RoCE [2]mlx5_2:1/RoCE [3]mlx5_3:1/RoCE [4]mlx5_4:1/RoCE [5]mlx5_5:1/RoCE [6]mlx5_6:1/RoCE [7]mlx5_7:1/RoCE [RO]; OOB enP5p9s0:10.192.18.155<0>
node11:1239:1710 [0] NCCL INFO Initialized NET plugin IBext_v10
node11:1239:1710 [0] NCCL INFO Assigned NET plugin IBext_v10 to comm
node11:1239:1710 [0] NCCL INFO Using network IBext_v10
node11:1239:1710 [0] NCCL INFO DMA-BUF is available on GPU device 0
node11:1239:1710 [0] NCCL INFO ncclCommInitRankConfig comm 0x342b0d80 rank 28 nranks 64 cudaDev 0 nvmlDev 0 busId 801000 commId 0xf9e8a31158cee9c0 - Init START
node11:1240:1707 [1] NCCL INFO RAS client listening socket at 127.0.0.1<28028>
node11:1239:1710 [0] NCCL INFO RAS client listening socket at 127.0.0.1<28028>
node11:1242:1708 [3] NCCL INFO RAS client listening socket at 127.0.0.1<28028>
node11:1242:1708 [3] NCCL INFO Bootstrap timings total 0.080863 (create 0.000027, send 0.000108, recv 0.076165, ring 0.004190, delay 0.000000)
node11:1240:1707 [1] NCCL INFO Bootstrap timings total 0.094089 (create 0.000050, send 0.000161, recv 0.013808, ring 0.006195, delay 0.000001)
node11:1241:1709 [2] NCCL INFO Bootstrap timings total 0.080532 (create 0.000051, send 0.000159, recv 0.000380, ring 0.079513, delay 0.000000)
node11:1239:1710 [0] NCCL INFO Bootstrap timings total 0.007206 (create 0.000048, send 0.000160, recv 0.000394, ring 0.006208, delay 0.000000)
node11:1242:1708 [3] NCCL INFO MNNVL busId 0x1901000 fabric UUID 4d4e0850a64dd29b.34b5c600be78169f cliqueId 0x7ffe state 3 healthMask 0xaa
node11:1240:1707 [1] NCCL INFO MNNVL busId 0x901000 fabric UUID 4d4e0850a64dd29b.34b5c600be78169f cliqueId 0x7ffe state 3 healthMask 0xaa
node11:1241:1709 [2] NCCL INFO MNNVL busId 0x1801000 fabric UUID 4d4e0850a64dd29b.34b5c600be78169f cliqueId 0x7ffe state 3 healthMask 0xaa
node11:1239:1710 [0] NCCL INFO MNNVL busId 0x801000 fabric UUID 4d4e0850a64dd29b.34b5c600be78169f cliqueId 0x7ffe state 3 healthMask 0xaa
node11:1239:1710 [0] NCCL INFO MNNVL 1 cliqueId 7ffe cliqueSize 64 cliqueRank 28
node11:1240:1707 [1] NCCL INFO MNNVL 1 cliqueId 7ffe cliqueSize 64 cliqueRank 29
node11:1242:1708 [3] NCCL INFO MNNVL 1 cliqueId 7ffe cliqueSize 64 cliqueRank 31
node11:1241:1709 [2] NCCL INFO MNNVL 1 cliqueId 7ffe cliqueSize 64 cliqueRank 30
node11:1242:1708 [3] NCCL INFO Setting affinity for GPU 3 to 72-143
node11:1242:1708 [3] NCCL INFO NCCL_NVLS_ENABLE set by environment to 0.
node11:1240:1707 [1] NCCL INFO Setting affinity for GPU 1 to 0-71
node11:1240:1707 [1] NCCL INFO NCCL_NVLS_ENABLE set by environment to 0.
node11:1241:1709 [2] NCCL INFO Setting affinity for GPU 2 to 72-143
node11:1241:1709 [2] NCCL INFO NCCL_NVLS_ENABLE set by environment to 0.
node11:1239:1710 [0] NCCL INFO Setting affinity for GPU 0 to 0-71
node11:1239:1710 [0] NCCL INFO NCCL_NVLS_ENABLE set by environment to 0.
node11:1242:1708 [3] NCCL INFO comm 0x18e52400 rank 31 nRanks 64 nNodes 1 localRanks 64 localRank 31 MNNVL 1
node11:1241:1709 [2] NCCL INFO comm 0x21aeae30 rank 30 nRanks 64 nNodes 1 localRanks 64 localRank 30 MNNVL 1
node11:1240:1707 [1] NCCL INFO comm 0x4666f460 rank 29 nRanks 64 nNodes 1 localRanks 64 localRank 29 MNNVL 1
node11:1239:1710 [0] NCCL INFO comm 0x342b0d80 rank 28 nRanks 64 nNodes 1 localRanks 64 localRank 28 MNNVL 1
node11:1241:1709 [2] NCCL INFO Trees [0] 31/-1/-1->30->29 [1] 31/-1/-1->30->29 [2] 31/-1/-1->30->29 [3] 31/-1/-1->30->29 [4] 31/-1/-1->30->29 [5] 31/-1/-1->30->29 [6] 31/-1/-1->30->29 [7] 31/-1/-1->30->29 [8] 31/-1/-1->30->29 [9] 31/-1/-1->30->29 [10] 31/-1/-1->30->29 [11] 31/-1/-1->30->29 [12] 31/-1/-1->30->29 [13] 31/-1/-1->30->29 [14] 31/-1/-1->30->29 [15] 31/-1/-1->30->29 [16] 31/-1/-1->30->29 [17] 31/-1/-1->30->29 [18] 31/-1/-1->30->29 [19] 31/-1/-1->30->29 [20] 31/-1/-1->30->29 [21] 31/-1/-1->30->29 [22] 31/-1/-1->30->29 [23] 31/-1/-1->30->29 [24] 31/-1/-1->30->29 [25] 31/-1/-1->30->29 [26] 31/-1/-1->30->29 [27] 31/-1/-1->30->29 [28] 31/-1/-1->30->29 [29] 31/-1/-1->30->29 [30] 31/-1/-1->30->29 [31] 31/-1/-1->30->29
node11:1241:1709 [2] NCCL INFO P2P Chunksize set to 524288
node11:1240:1707 [1] NCCL INFO Trees [0] 30/-1/-1->29->28 [1] 30/-1/-1->29->28 [2] 30/-1/-1->29->28 [3] 30/-1/-1->29->28 [4] 30/-1/-1->29->28 [5] 30/-1/-1->29->28 [6] 30/-1/-1->29->28 [7] 30/-1/-1->29->28 [8] 30/-1/-1->29->28 [9] 30/-1/-1->29->28 [10] 30/-1/-1->29->28 [11] 30/-1/-1->29->28 [12] 30/-1/-1->29->28 [13] 30/-1/-1->29->28 [14] 30/-1/-1->29->28 [15] 30/-1/-1->29->28 [16] 30/-1/-1->29->28 [17] 30/-1/-1->29->28 [18] 30/-1/-1->29->28 [19] 30/-1/-1->29->28 [20] 30/-1/-1->29->28 [21] 30/-1/-1->29->28 [22] 30/-1/-1->29->28 [23] 30/-1/-1->29->28 [24] 30/-1/-1->29->28 [25] 30/-1/-1->29->28 [26] 30/-1/-1->29->28 [27] 30/-1/-1->29->28 [28] 30/-1/-1->29->28 [29] 30/-1/-1->29->28 [30] 30/-1/-1->29->28 [31] 30/-1/-1->29->28
node11:1242:1708 [3] NCCL INFO Trees [0] 32/-1/-1->31->30 [1] 32/-1/-1->31->30 [2] 32/-1/-1->31->30 [3] 32/-1/-1->31->30 [4] 32/-1/-1->31->30 [5] 32/-1/-1->31->30 [6] 32/-1/-1->31->30 [7] 32/-1/-1->31->30 [8] 32/-1/-1->31->30 [9] 32/-1/-1->31->30 [10] 32/-1/-1->31->30 [11] 32/-1/-1->31->30 [12] 32/-1/-1->31->30 [13] 32/-1/-1->31->30 [14] 32/-1/-1->31->30 [15] 32/-1/-1->31->30 [16] 32/-1/-1->31->30 [17] 32/-1/-1->31->30 [18] 32/-1/-1->31->30 [19] 32/-1/-1->31->30 [20] 32/-1/-1->31->30 [21] 32/-1/-1->31->30 [22] 32/-1/-1->31->30 [23] 32/-1/-1->31->30 [24] 32/-1/-1->31->30 [25] 32/-1/-1->31->30 [26] 32/-1/-1->31->30 [27] 32/-1/-1->31->30 [28] 32/-1/-1->31->30 [29] 32/-1/-1->31->30 [30] 32/-1/-1->31->30 [31] 32/-1/-1->31->30
node11:1240:1707 [1] NCCL INFO P2P Chunksize set to 524288
node11:1239:1710 [0] NCCL INFO Trees [0] 29/-1/-1->28->27 [1] 29/-1/-1->28->27 [2] 29/-1/-1->28->27 [3] 29/-1/-1->28->27 [4] 29/-1/-1->28->27 [5] 29/-1/-1->28->27 [6] 29/-1/-1->28->27 [7] 29/-1/-1->28->27 [8] 29/-1/-1->28->27 [9] 29/-1/-1->28->27 [10] 29/-1/-1->28->27 [11] 29/-1/-1->28->27 [12] 29/-1/-1->28->27 [13] 29/-1/-1->28->27 [14] 29/-1/-1->28->27 [15] 29/-1/-1->28->27 [16] 29/-1/-1->28->27 [17] 29/-1/-1->28->27 [18] 29/-1/-1->28->27 [19] 29/-1/-1->28->27 [20] 29/-1/-1->28->27 [21] 29/-1/-1->28->27 [22] 29/-1/-1->28->27 [23] 29/-1/-1->28->27 [24] 29/-1/-1->28->27 [25] 29/-1/-1->28->27 [26] 29/-1/-1->28->27 [27] 29/-1/-1->28->27 [28] 29/-1/-1->28->27 [29] 29/-1/-1->28->27 [30] 29/-1/-1->28->27 [31] 29/-1/-1->28->27
node11:1242:1708 [3] NCCL INFO P2P Chunksize set to 524288
node11:1239:1710 [0] NCCL INFO P2P Chunksize set to 524288
node11:1240:1707 [1] NCCL INFO PROFILER/Plugin: Could not find: libnccl-profiler.so. 
node11:1239:1710 [0] NCCL INFO PROFILER/Plugin: Could not find: libnccl-profiler.so. 
node11:1241:1709 [2] NCCL INFO PROFILER/Plugin: Could not find: libnccl-profiler.so. 
node11:1242:1708 [3] NCCL INFO PROFILER/Plugin: Could not find: libnccl-profiler.so. 
node11:1240:1747 [1] NCCL INFO [Proxy Service] Device 1 CPU core 36
node11:1240:1750 [1] NCCL INFO [Proxy Service UDS] Device 1 CPU core 40
node11:1241:1749 [2] NCCL INFO [Proxy Service] Device 2 CPU core 123
node11:1239:1748 [0] NCCL INFO [Proxy Service] Device 0 CPU core 3
node11:1241:1752 [2] NCCL INFO [Proxy Service UDS] Device 2 CPU core 124
node11:1239:1751 [0] NCCL INFO [Proxy Service UDS] Device 0 CPU core 4
node11:1242:1754 [3] NCCL INFO [Proxy Service UDS] Device 3 CPU core 108
node11:1242:1753 [3] NCCL INFO [Proxy Service] Device 3 CPU core 107
node11:1241:1709 [2] NCCL INFO threadThresholds 8/8/64 | 512/8/64 | 512 | 512
node11:1241:1709 [2] NCCL INFO 32 coll channels, 32 collnet channels, 0 nvls channels, 32 p2p channels, 32 p2p channels per peer
node11:1240:1707 [1] NCCL INFO threadThresholds 8/8/64 | 512/8/64 | 512 | 512
node11:1240:1707 [1] NCCL INFO 32 coll channels, 32 collnet channels, 0 nvls channels, 32 p2p channels, 32 p2p channels per peer
node11:1239:1710 [0] NCCL INFO threadThresholds 8/8/64 | 512/8/64 | 512 | 512
node11:1239:1710 [0] NCCL INFO 32 coll channels, 32 collnet channels, 0 nvls channels, 32 p2p channels, 32 p2p channels per peer
node11:1242:1708 [3] NCCL INFO threadThresholds 8/8/64 | 512/8/64 | 512 | 512
node11:1242:1708 [3] NCCL INFO 32 coll channels, 32 collnet channels, 0 nvls channels, 32 p2p channels, 32 p2p channels per peer
node11:1241:1709 [2] NCCL INFO TUNER/Plugin: Could not find: libnccl-tuner.so. Using internal tuner plugin.
node11:1239:1710 [0] NCCL INFO TUNER/Plugin: Could not find: libnccl-tuner.so. Using internal tuner plugin.
node11:1240:1707 [1] NCCL INFO TUNER/Plugin: Could not find: libnccl-tuner.so. Using internal tuner plugin.
node11:1241:1709 [2] NCCL INFO TUNER/Plugin: Failed to find ncclTunerPlugin_v4 symbol.
node11:1239:1710 [0] NCCL INFO TUNER/Plugin: Failed to find ncclTunerPlugin_v4 symbol.
node11:1240:1707 [1] NCCL INFO TUNER/Plugin: Failed to find ncclTunerPlugin_v4 symbol.
node11:1242:1708 [3] NCCL INFO TUNER/Plugin: Could not find: libnccl-tuner.so. Using internal tuner plugin.
node11:1241:1709 [2] NCCL INFO TUNER/Plugin: Failed to find ncclTunerPlugin_v3 symbol.
node11:1239:1710 [0] NCCL INFO TUNER/Plugin: Failed to find ncclTunerPlugin_v3 symbol.
node11:1240:1707 [1] NCCL INFO TUNER/Plugin: Failed to find ncclTunerPlugin_v3 symbol.
node11:1242:1708 [3] NCCL INFO TUNER/Plugin: Failed to find ncclTunerPlugin_v4 symbol.
node11:1241:1709 [2] NCCL INFO TUNER/Plugin: Failed to find ncclTunerPlugin_v2 symbol, using internal tuner instead.
node11:1239:1710 [0] NCCL INFO TUNER/Plugin: Failed to find ncclTunerPlugin_v2 symbol, using internal tuner instead.
node11:1240:1707 [1] NCCL INFO TUNER/Plugin: Failed to find ncclTunerPlugin_v2 symbol, using internal tuner instead.
node11:1242:1708 [3] NCCL INFO TUNER/Plugin: Failed to find ncclTunerPlugin_v3 symbol.
node11:1241:1709 [2] NCCL INFO ncclCommInitRankConfig comm 0x21aeae30 rank 30 nranks 64 cudaDev 2 nvmlDev 2 busId 1801000 commId 0xf9e8a31158cee9c0 - Init COMPLETE
node11:1239:1710 [0] NCCL INFO ncclCommInitRankConfig comm 0x342b0d80 rank 28 nranks 64 cudaDev 0 nvmlDev 0 busId 801000 commId 0xf9e8a31158cee9c0 - Init COMPLETE
node11:1240:1707 [1] NCCL INFO ncclCommInitRankConfig comm 0x4666f460 rank 29 nranks 64 cudaDev 1 nvmlDev 1 busId 901000 commId 0xf9e8a31158cee9c0 - Init COMPLETE
node11:1242:1708 [3] NCCL INFO TUNER/Plugin: Failed to find ncclTunerPlugin_v2 symbol, using internal tuner instead.
node11:1241:1709 [2] NCCL INFO Init timings - ncclCommInitRankConfig: rank 30 nranks 64 total 2.95 (kernels 0.28, alloc 0.15, bootstrap 0.08, allgathers 0.05, topo 2.17, graphs 0.04, connections 0.15, rest 0.02)
node11:1239:1710 [0] NCCL INFO Init timings - ncclCommInitRankConfig: rank 28 nranks 64 total 2.66 (kernels 0.17, alloc 0.05, bootstrap 0.01, allgathers 0.03, topo 2.19, graphs 0.04, connections 0.16, rest 0.01)
node11:1240:1707 [1] NCCL INFO Init timings - ncclCommInitRankConfig: rank 29 nranks 64 total 2.96 (kernels 0.29, alloc 0.14, bootstrap 0.09, allgathers 0.05, topo 2.17, graphs 0.04, connections 0.16, rest 0.01)
node11:1242:1708 [3] NCCL INFO ncclCommInitRankConfig comm 0x18e52400 rank 31 nranks 64 cudaDev 3 nvmlDev 3 busId 1901000 commId 0xf9e8a31158cee9c0 - Init COMPLETE
node11:1242:1708 [3] NCCL INFO Init timings - ncclCommInitRankConfig: rank 31 nranks 64 total 2.95 (kernels 0.29, alloc 0.15, bootstrap 0.08, allgathers 0.08, topo 2.14, graphs 0.04, connections 0.16, rest 0.01)
node11:1241:1755 [2] NCCL INFO Channel 00/0 : 30[2] -> 31[3] via P2P/MNNVL
node11:1240:1756 [1] NCCL INFO Channel 00/0 : 29[1] -> 30[2] via P2P/MNNVL
node11:1240:1756 [1] NCCL INFO Channel 01/0 : 29[1] -> 30[2] via P2P/MNNVL
node11:1241:1755 [2] NCCL INFO Channel 01/0 : 30[2] -> 31[3] via P2P/MNNVL
node11:1239:1758 [0] NCCL INFO Channel 00/0 : 28[0] -> 29[1] via P2P/MNNVL
node11:1240:1756 [1] NCCL INFO Channel 02/0 : 29[1] -> 30[2] via P2P/MNNVL
node11:1241:1755 [2] NCCL INFO Channel 02/0 : 30[2] -> 31[3] via P2P/MNNVL
node11:1239:1758 [0] NCCL INFO Channel 01/0 : 28[0] -> 29[1] via P2P/MNNVL
node11:1242:1757 [3] NCCL INFO Channel 00/0 : 31[3] -> 32[0] via P2P/MNNVL
node11:1240:1756 [1] NCCL INFO Channel 03/0 : 29[1] -> 30[2] via P2P/MNNVL
node11:1241:1755 [2] NCCL INFO Channel 03/0 : 30[2] -> 31[3] via P2P/MNNVL
node11:1239:1758 [0] NCCL INFO Channel 02/0 : 28[0] -> 29[1] via P2P/MNNVL
node11:1242:1757 [3] NCCL INFO Channel 01/0 : 31[3] -> 32[0] via P2P/MNNVL
node11:1240:1756 [1] NCCL INFO Channel 04/0 : 29[1] -> 30[2] via P2P/MNNVL
node11:1241:1755 [2] NCCL INFO Channel 04/0 : 30[2] -> 31[3] via P2P/MNNVL
node11:1239:1758 [0] NCCL INFO Channel 03/0 : 28[0] -> 29[1] via P2P/MNNVL
node11:1242:1757 [3] NCCL INFO Channel 02/0 : 31[3] -> 32[0] via P2P/MNNVL
node11:1240:1756 [1] NCCL INFO Channel 05/0 : 29[1] -> 30[2] via P2P/MNNVL
node11:1241:1755 [2] NCCL INFO Channel 05/0 : 30[2] -> 31[3] via P2P/MNNVL
node11:1239:1758 [0] NCCL INFO Channel 04/0 : 28[0] -> 29[1] via P2P/MNNVL
node11:1240:1756 [1] NCCL INFO Channel 06/0 : 29[1] -> 30[2] via P2P/MNNVL
node11:1242:1757 [3] NCCL INFO Channel 03/0 : 31[3] -> 32[0] via P2P/MNNVL
node11:1241:1755 [2] NCCL INFO Channel 06/0 : 30[2] -> 31[3] via P2P/MNNVL
node11:1239:1758 [0] NCCL INFO Channel 05/0 : 28[0] -> 29[1] via P2P/MNNVL
node11:1242:1757 [3] NCCL INFO Channel 04/0 : 31[3] -> 32[0] via P2P/MNNVL
node11:1241:1755 [2] NCCL INFO Channel 07/0 : 30[2] -> 31[3] via P2P/MNNVL
node11:1240:1756 [1] NCCL INFO Channel 07/0 : 29[1] -> 30[2] via P2P/MNNVL
node11:1239:1758 [0] NCCL INFO Channel 06/0 : 28[0] -> 29[1] via P2P/MNNVL
node11:1242:1757 [3] NCCL INFO Channel 05/0 : 31[3] -> 32[0] via P2P/MNNVL
node11:1239:1758 [0] NCCL INFO Channel 07/0 : 28[0] -> 29[1] via P2P/MNNVL
node11:1242:1757 [3] NCCL INFO Channel 06/0 : 31[3] -> 32[0] via P2P/MNNVL
node11:1240:1756 [1] NCCL INFO Channel 08/0 : 29[1] -> 30[2] via P2P/MNNVL
node11:1241:1755 [2] NCCL INFO Channel 08/0 : 30[2] -> 31[3] via P2P/MNNVL
node11:1241:1755 [2] NCCL INFO Channel 09/0 : 30[2] -> 31[3] via P2P/MNNVL
node11:1239:1758 [0] NCCL INFO Channel 08/0 : 28[0] -> 29[1] via P2P/MNNVL
node11:1240:1756 [1] NCCL INFO Channel 09/0 : 29[1] -> 30[2] via P2P/MNNVL
node11:1242:1757 [3] NCCL INFO Channel 07/0 : 31[3] -> 32[0] via P2P/MNNVL
node11:1241:1755 [2] NCCL INFO Channel 10/0 : 30[2] -> 31[3] via P2P/MNNVL
node11:1240:1756 [1] NCCL INFO Channel 10/0 : 29[1] -> 30[2] via P2P/MNNVL
node11:1242:1757 [3] NCCL INFO Channel 08/0 : 31[3] -> 32[0] via P2P/MNNVL
node11:1239:1758 [0] NCCL INFO Channel 09/0 : 28[0] -> 29[1] via P2P/MNNVL
node11:1240:1756 [1] NCCL INFO Channel 11/0 : 29[1] -> 30[2] via P2P/MNNVL
node11:1241:1755 [2] NCCL INFO Channel 11/0 : 30[2] -> 31[3] via P2P/MNNVL
node11:1242:1757 [3] NCCL INFO Channel 09/0 : 31[3] -> 32[0] via P2P/MNNVL
node11:1239:1758 [0] NCCL INFO Channel 10/0 : 28[0] -> 29[1] via P2P/MNNVL
node11:1240:1756 [1] NCCL INFO Channel 12/0 : 29[1] -> 30[2] via P2P/MNNVL
node11:1241:1755 [2] NCCL INFO Channel 12/0 : 30[2] -> 31[3] via P2P/MNNVL
node11:1241:1755 [2] NCCL INFO Channel 13/0 : 30[2] -> 31[3] via P2P/MNNVL
node11:1240:1756 [1] NCCL INFO Channel 13/0 : 29[1] -> 30[2] via P2P/MNNVL
node11:1239:1758 [0] NCCL INFO Channel 11/0 : 28[0] -> 29[1] via P2P/MNNVL
node11:1242:1757 [3] NCCL INFO Channel 10/0 : 31[3] -> 32[0] via P2P/MNNVL
node11:1241:1755 [2] NCCL INFO Channel 14/0 : 30[2] -> 31[3] via P2P/MNNVL
node11:1242:1757 [3] NCCL INFO Channel 11/0 : 31[3] -> 32[0] via P2P/MNNVL
node11:1239:1758 [0] NCCL INFO Channel 12/0 : 28[0] -> 29[1] via P2P/MNNVL
node11:1240:1756 [1] NCCL INFO Channel 14/0 : 29[1] -> 30[2] via P2P/MNNVL
node11:1239:1758 [0] NCCL INFO Channel 13/0 : 28[0] -> 29[1] via P2P/MNNVL
node11:1242:1757 [3] NCCL INFO Channel 12/0 : 31[3] -> 32[0] via P2P/MNNVL
node11:1240:1756 [1] NCCL INFO Channel 15/0 : 29[1] -> 30[2] via P2P/MNNVL
node11:1241:1755 [2] NCCL INFO Channel 15/0 : 30[2] -> 31[3] via P2P/MNNVL
node11:1239:1758 [0] NCCL INFO Channel 14/0 : 28[0] -> 29[1] via P2P/MNNVL
node11:1241:1755 [2] NCCL INFO Channel 16/0 : 30[2] -> 31[3] via P2P/MNNVL
node11:1239:1758 [0] NCCL INFO Channel 15/0 : 28[0] -> 29[1] via P2P/MNNVL
node11:1242:1757 [3] NCCL INFO Channel 13/0 : 31[3] -> 32[0] via P2P/MNNVL
node11:1240:1756 [1] NCCL INFO Channel 16/0 : 29[1] -> 30[2] via P2P/MNNVL
node11:1239:1758 [0] NCCL INFO Channel 16/0 : 28[0] -> 29[1] via P2P/MNNVL
node11:1240:1756 [1] NCCL INFO Channel 17/0 : 29[1] -> 30[2] via P2P/MNNVL
node11:1242:1757 [3] NCCL INFO Channel 14/0 : 31[3] -> 32[0] via P2P/MNNVL
node11:1241:1755 [2] NCCL INFO Channel 17/0 : 30[2] -> 31[3] via P2P/MNNVL
node11:1239:1758 [0] NCCL INFO Channel 17/0 : 28[0] -> 29[1] via P2P/MNNVL
node11:1239:1758 [0] NCCL INFO Channel 18/0 : 28[0] -> 29[1] via P2P/MNNVL
node11:1242:1757 [3] NCCL INFO Channel 15/0 : 31[3] -> 32[0] via P2P/MNNVL
node11:1240:1756 [1] NCCL INFO Channel 18/0 : 29[1] -> 30[2] via P2P/MNNVL
node11:1241:1755 [2] NCCL INFO Channel 18/0 : 30[2] -> 31[3] via P2P/MNNVL
node11:1240:1756 [1] NCCL INFO Channel 19/0 : 29[1] -> 30[2] via P2P/MNNVL
node11:1239:1758 [0] NCCL INFO Channel 19/0 : 28[0] -> 29[1] via P2P/MNNVL
node11:1242:1757 [3] NCCL INFO Channel 16/0 : 31[3] -> 32[0] via P2P/MNNVL
node11:1241:1755 [2] NCCL INFO Channel 19/0 : 30[2] -> 31[3] via P2P/MNNVL
node11:1239:1758 [0] NCCL INFO Channel 20/0 : 28[0] -> 29[1] via P2P/MNNVL
node11:1240:1756 [1] NCCL INFO Channel 20/0 : 29[1] -> 30[2] via P2P/MNNVL
node11:1241:1755 [2] NCCL INFO Channel 20/0 : 30[2] -> 31[3] via P2P/MNNVL
node11:1242:1757 [3] NCCL INFO Channel 17/0 : 31[3] -> 32[0] via P2P/MNNVL
node11:1240:1756 [1] NCCL INFO Channel 21/0 : 29[1] -> 30[2] via P2P/MNNVL
node11:1239:1758 [0] NCCL INFO Channel 21/0 : 28[0] -> 29[1] via P2P/MNNVL
node11:1241:1755 [2] NCCL INFO Channel 21/0 : 30[2] -> 31[3] via P2P/MNNVL
node11:1242:1757 [3] NCCL INFO Channel 18/0 : 31[3] -> 32[0] via P2P/MNNVL
node11:1239:1758 [0] NCCL INFO Channel 22/0 : 28[0] -> 29[1] via P2P/MNNVL
node11:1240:1756 [1] NCCL INFO Channel 22/0 : 29[1] -> 30[2] via P2P/MNNVL
node11:1241:1755 [2] NCCL INFO Channel 22/0 : 30[2] -> 31[3] via P2P/MNNVL
node11:1239:1758 [0] NCCL INFO Channel 23/0 : 28[0] -> 29[1] via P2P/MNNVL
node11:1242:1757 [3] NCCL INFO Channel 19/0 : 31[3] -> 32[0] via P2P/MNNVL
node11:1240:1756 [1] NCCL INFO Channel 23/0 : 29[1] -> 30[2] via P2P/MNNVL
node11:1241:1755 [2] NCCL INFO Channel 23/0 : 30[2] -> 31[3] via P2P/MNNVL
node11:1239:1758 [0] NCCL INFO Channel 24/0 : 28[0] -> 29[1] via P2P/MNNVL
node11:1241:1755 [2] NCCL INFO Channel 24/0 : 30[2] -> 31[3] via P2P/MNNVL
node11:1240:1756 [1] NCCL INFO Channel 24/0 : 29[1] -> 30[2] via P2P/MNNVL
node11:1242:1757 [3] NCCL INFO Channel 20/0 : 31[3] -> 32[0] via P2P/MNNVL
node11:1239:1758 [0] NCCL INFO Channel 25/0 : 28[0] -> 29[1] via P2P/MNNVL
node11:1241:1755 [2] NCCL INFO Channel 25/0 : 30[2] -> 31[3] via P2P/MNNVL
node11:1242:1757 [3] NCCL INFO Channel 21/0 : 31[3] -> 32[0] via P2P/MNNVL
node11:1241:1755 [2] NCCL INFO Channel 26/0 : 30[2] -> 31[3] via P2P/MNNVL
node11:1239:1758 [0] NCCL INFO Channel 26/0 : 28[0] -> 29[1] via P2P/MNNVL
node11:1240:1756 [1] NCCL INFO Channel 25/0 : 29[1] -> 30[2] via P2P/MNNVL
node11:1242:1757 [3] NCCL INFO Channel 22/0 : 31[3] -> 32[0] via P2P/MNNVL
node11:1241:1755 [2] NCCL INFO Channel 27/0 : 30[2] -> 31[3] via P2P/MNNVL
node11:1240:1756 [1] NCCL INFO Channel 26/0 : 29[1] -> 30[2] via P2P/MNNVL
node11:1242:1757 [3] NCCL INFO Channel 23/0 : 31[3] -> 32[0] via P2P/MNNVL
node11:1241:1755 [2] NCCL INFO Channel 28/0 : 30[2] -> 31[3] via P2P/MNNVL
node11:1239:1758 [0] NCCL INFO Channel 27/0 : 28[0] -> 29[1] via P2P/MNNVL
node11:1240:1756 [1] NCCL INFO Channel 27/0 : 29[1] -> 30[2] via P2P/MNNVL
node11:1242:1757 [3] NCCL INFO Channel 24/0 : 31[3] -> 32[0] via P2P/MNNVL
node11:1240:1756 [1] NCCL INFO Channel 28/0 : 29[1] -> 30[2] via P2P/MNNVL
node11:1239:1758 [0] NCCL INFO Channel 28/0 : 28[0] -> 29[1] via P2P/MNNVL
node11:1241:1755 [2] NCCL INFO Channel 29/0 : 30[2] -> 31[3] via P2P/MNNVL
node11:1242:1757 [3] NCCL INFO Channel 25/0 : 31[3] -> 32[0] via P2P/MNNVL
node11:1239:1758 [0] NCCL INFO Channel 29/0 : 28[0] -> 29[1] via P2P/MNNVL
node11:1241:1755 [2] NCCL INFO Channel 30/0 : 30[2] -> 31[3] via P2P/MNNVL
node11:1240:1756 [1] NCCL INFO Channel 29/0 : 29[1] -> 30[2] via P2P/MNNVL
node11:1242:1757 [3] NCCL INFO Channel 26/0 : 31[3] -> 32[0] via P2P/MNNVL
node11:1242:1757 [3] NCCL INFO Channel 27/0 : 31[3] -> 32[0] via P2P/MNNVL
node11:1241:1755 [2] NCCL INFO Channel 31/0 : 30[2] -> 31[3] via P2P/MNNVL
node11:1239:1758 [0] NCCL INFO Channel 30/0 : 28[0] -> 29[1] via P2P/MNNVL
node11:1240:1756 [1] NCCL INFO Channel 30/0 : 29[1] -> 30[2] via P2P/MNNVL
node11:1239:1758 [0] NCCL INFO Channel 31/0 : 28[0] -> 29[1] via P2P/MNNVL
node11:1242:1757 [3] NCCL INFO Channel 28/0 : 31[3] -> 32[0] via P2P/MNNVL
node11:1240:1756 [1] NCCL INFO Channel 31/0 : 29[1] -> 30[2] via P2P/MNNVL
node11:1242:1757 [3] NCCL INFO Channel 29/0 : 31[3] -> 32[0] via P2P/MNNVL
node11:1242:1757 [3] NCCL INFO Channel 30/0 : 31[3] -> 32[0] via P2P/MNNVL
node11:1242:1757 [3] NCCL INFO Channel 31/0 : 31[3] -> 32[0] via P2P/MNNVL
node11:1239:1758 [0] NCCL INFO Connected all rings, use ring PXN 0 GDR 1
node11:1240:1756 [1] NCCL INFO Connected all rings, use ring PXN 0 GDR 1
node11:1242:1757 [3] NCCL INFO Connected all rings, use ring PXN 0 GDR 1
node11:1241:1755 [2] NCCL INFO Connected all rings, use ring PXN 0 GDR 1
node11:1240:1240 [1] NCCL INFO Comm config Blocking set to 1
node11:1239:1239 [0] NCCL INFO Comm config Blocking set to 1
node11:1241:1241 [2] NCCL INFO Comm config Blocking set to 1
node11:1242:1242 [3] NCCL INFO Comm config Blocking set to 1
node11:1241:2113 [2] NCCL INFO Assigned NET plugin IBext_v10 to comm
node11:1241:2113 [2] NCCL INFO Using network IBext_v10
node11:1240:2111 [1] NCCL INFO Assigned NET plugin IBext_v10 to comm
node11:1240:2111 [1] NCCL INFO Using network IBext_v10
node11:1239:2112 [0] NCCL INFO Assigned NET plugin IBext_v10 to comm
node11:1239:2112 [0] NCCL INFO Using network IBext_v10
node11:1241:2113 [2] NCCL INFO DMA-BUF is available on GPU device 2
node11:1240:2111 [1] NCCL INFO DMA-BUF is available on GPU device 1
node11:1242:2114 [3] NCCL INFO Assigned NET plugin IBext_v10 to comm
node11:1242:2114 [3] NCCL INFO Using network IBext_v10
node11:1239:2112 [0] NCCL INFO DMA-BUF is available on GPU device 0
node11:1242:2114 [3] NCCL INFO DMA-BUF is available on GPU device 3
node11:1241:2113 [2] NCCL INFO ncclCommInitRankConfig comm 0x2c1dd420 rank 1 nranks 4 cudaDev 2 nvmlDev 2 busId 1801000 commId 0x3b77bde6a323939c - Init START
node11:1240:2111 [1] NCCL INFO ncclCommInitRankConfig comm 0x509f90f0 rank 1 nranks 4 cudaDev 1 nvmlDev 1 busId 901000 commId 0x3c03463322940520 - Init START
node11:1239:2112 [0] NCCL INFO ncclCommInitRankConfig comm 0x3e762fa0 rank 1 nranks 4 cudaDev 0 nvmlDev 0 busId 801000 commId 0x3159f97853b65d25 - Init START
node11:1242:2114 [3] NCCL INFO ncclCommInitRankConfig comm 0x2310fc50 rank 1 nranks 4 cudaDev 3 nvmlDev 3 busId 1901000 commId 0xa71cbe30e3aa3127 - Init START
node11:1239:2112 [0] NCCL INFO Bootstrap timings total 0.001576 (create 0.000068, send 0.000142, recv 0.000627, ring 0.000455, delay 0.000000)
node11:1242:2114 [3] NCCL INFO Bootstrap timings total 0.001573 (create 0.000038, send 0.000154, recv 0.000648, ring 0.000457, delay 0.000000)
node11:1241:2113 [2] NCCL INFO Bootstrap timings total 0.001747 (create 0.000047, send 0.000231, recv 0.000717, ring 0.000516, delay 0.000000)
node11:1240:2111 [1] NCCL INFO Bootstrap timings total 0.001821 (create 0.000053, send 0.000151, recv 0.000692, ring 0.000621, delay 0.000000)
node11:1239:2112 [0] NCCL INFO MNNVL busId 0x801000 fabric UUID 4d4e0850a64dd29b.34b5c600be78169f cliqueId 0x7ffe state 3 healthMask 0xaa
node11:1241:2113 [2] NCCL INFO MNNVL busId 0x1801000 fabric UUID 4d4e0850a64dd29b.34b5c600be78169f cliqueId 0x7ffe state 3 healthMask 0xaa
node11:1242:2114 [3] NCCL INFO MNNVL busId 0x1901000 fabric UUID 4d4e0850a64dd29b.34b5c600be78169f cliqueId 0x7ffe state 3 healthMask 0xaa
node11:1240:2111 [1] NCCL INFO MNNVL busId 0x901000 fabric UUID 4d4e0850a64dd29b.34b5c600be78169f cliqueId 0x7ffe state 3 healthMask 0xaa
node11:1240:2111 [1] NCCL INFO MNNVL 1 cliqueId 7ffe cliqueSize 4 cliqueRank 1
node11:1239:2112 [0] NCCL INFO MNNVL 1 cliqueId 7ffe cliqueSize 4 cliqueRank 1
node11:1242:2114 [3] NCCL INFO MNNVL 1 cliqueId 7ffe cliqueSize 4 cliqueRank 1
node11:1241:2113 [2] NCCL INFO MNNVL 1 cliqueId 7ffe cliqueSize 4 cliqueRank 1
node11:1239:2112 [0] NCCL INFO Setting affinity for GPU 0 to 0-71
node11:1239:2112 [0] NCCL INFO comm 0x3e762fa0 rank 1 nRanks 4 nNodes 1 localRanks 4 localRank 1 MNNVL 1
node11:1239:2112 [0] NCCL INFO Trees [0] 2/-1/-1->1->0 [1] 2/-1/-1->1->0 [2] 2/-1/-1->1->0 [3] 2/-1/-1->1->0 [4] 2/-1/-1->1->0 [5] 2/-1/-1->1->0 [6] 2/-1/-1->1->0 [7] 2/-1/-1->1->0 [8] 2/-1/-1->1->0 [9] 2/-1/-1->1->0 [10] 2/-1/-1->1->-1 [11] 2/-1/-1->1->-1 [12] -1/-1/-1->1->0 [13] -1/-1/-1->1->0 [14] 2/-1/-1->1->0 [15] 2/-1/-1->1->0 [16] 2/-1/-1->1->0 [17] 2/-1/-1->1->0 [18] 2/-1/-1->1->0 [19] 2/-1/-1->1->0 [20] 2/-1/-1->1->0 [21] 2/-1/-1->1->0 [22] 2/-1/-1->1->0 [23] 2/-1/-1->1->0 [24] 2/-1/-1->1->0 [25] 2/-1/-1->1->0 [26] 2/-1/-1->1->-1 [27] 2/-1/-1->1->-1 [28] -1/-1/-1->1->0 [29] -1/-1/-1->1->0 [30] 2/-1/-1->1->0 [31] 2/-1/-1->1->0
node11:1239:2112 [0] NCCL INFO P2P Chunksize set to 524288
node11:1239:2115 [0] NCCL INFO [Proxy Service] Device 0 CPU core 39
node11:1239:2116 [0] NCCL INFO [Proxy Service UDS] Device 0 CPU core 40
node11:1241:2113 [2] NCCL INFO Setting affinity for GPU 2 to 72-143
node11:1242:2114 [3] NCCL INFO Setting affinity for GPU 3 to 72-143
node11:1240:2111 [1] NCCL INFO Setting affinity for GPU 1 to 0-71
node11:1242:2114 [3] NCCL INFO comm 0x2310fc50 rank 1 nRanks 4 nNodes 1 localRanks 4 localRank 1 MNNVL 1
node11:1242:2114 [3] NCCL INFO Trees [0] 2/-1/-1->1->0 [1] 2/-1/-1->1->0 [2] 2/-1/-1->1->0 [3] 2/-1/-1->1->0 [4] 2/-1/-1->1->0 [5] 2/-1/-1->1->0 [6] 2/-1/-1->1->0 [7] 2/-1/-1->1->0 [8] 2/-1/-1->1->0 [9] 2/-1/-1->1->0 [10] 2/-1/-1->1->-1 [11] 2/-1/-1->1->-1 [12] -1/-1/-1->1->0 [13] -1/-1/-1->1->0 [14] 2/-1/-1->1->0 [15] 2/-1/-1->1->0 [16] 2/-1/-1->1->0 [17] 2/-1/-1->1->0 [18] 2/-1/-1->1->0 [19] 2/-1/-1->1->0 [20] 2/-1/-1->1->0 [21] 2/-1/-1->1->0 [22] 2/-1/-1->1->0 [23] 2/-1/-1->1->0 [24] 2/-1/-1->1->0 [25] 2/-1/-1->1->0 [26] 2/-1/-1->1->-1 [27] 2/-1/-1->1->-1 [28] -1/-1/-1->1->0 [29] -1/-1/-1->1->0 [30] 2/-1/-1->1->0 [31] 2/-1/-1->1->0
node11:1242:2114 [3] NCCL INFO P2P Chunksize set to 524288
node11:1242:2117 [3] NCCL INFO [Proxy Service] Device 3 CPU core 123
node11:1242:2118 [3] NCCL INFO [Proxy Service UDS] Device 3 CPU core 126
node11:1240:2111 [1] NCCL INFO comm 0x509f90f0 rank 1 nRanks 4 nNodes 1 localRanks 4 localRank 1 MNNVL 1
node11:1240:2111 [1] NCCL INFO Trees [0] 2/-1/-1->1->0 [1] 2/-1/-1->1->0 [2] 2/-1/-1->1->0 [3] 2/-1/-1->1->0 [4] 2/-1/-1->1->0 [5] 2/-1/-1->1->0 [6] 2/-1/-1->1->0 [7] 2/-1/-1->1->0 [8] 2/-1/-1->1->0 [9] 2/-1/-1->1->0 [10] 2/-1/-1->1->-1 [11] 2/-1/-1->1->-1 [12] -1/-1/-1->1->0 [13] -1/-1/-1->1->0 [14] 2/-1/-1->1->0 [15] 2/-1/-1->1->0 [16] 2/-1/-1->1->0 [17] 2/-1/-1->1->0 [18] 2/-1/-1->1->0 [19] 2/-1/-1->1->0 [20] 2/-1/-1->1->0 [21] 2/-1/-1->1->0 [22] 2/-1/-1->1->0 [23] 2/-1/-1->1->0 [24] 2/-1/-1->1->0 [25] 2/-1/-1->1->0 [26] 2/-1/-1->1->-1 [27] 2/-1/-1->1->-1 [28] -1/-1/-1->1->0 [29] -1/-1/-1->1->0 [30] 2/-1/-1->1->0 [31] 2/-1/-1->1->0
node11:1240:2111 [1] NCCL INFO P2P Chunksize set to 524288
node11:1240:2119 [1] NCCL INFO [Proxy Service] Device 1 CPU core 41
node11:1240:2120 [1] NCCL INFO [Proxy Service UDS] Device 1 CPU core 42
node11:1241:2113 [2] NCCL INFO comm 0x2c1dd420 rank 1 nRanks 4 nNodes 1 localRanks 4 localRank 1 MNNVL 1
node11:1241:2113 [2] NCCL INFO Trees [0] 2/-1/-1->1->0 [1] 2/-1/-1->1->0 [2] 2/-1/-1->1->0 [3] 2/-1/-1->1->0 [4] 2/-1/-1->1->0 [5] 2/-1/-1->1->0 [6] 2/-1/-1->1->0 [7] 2/-1/-1->1->0 [8] 2/-1/-1->1->0 [9] 2/-1/-1->1->0 [10] 2/-1/-1->1->-1 [11] 2/-1/-1->1->-1 [12] -1/-1/-1->1->0 [13] -1/-1/-1->1->0 [14] 2/-1/-1->1->0 [15] 2/-1/-1->1->0 [16] 2/-1/-1->1->0 [17] 2/-1/-1->1->0 [18] 2/-1/-1->1->0 [19] 2/-1/-1->1->0 [20] 2/-1/-1->1->0 [21] 2/-1/-1->1->0 [22] 2/-1/-1->1->0 [23] 2/-1/-1->1->0 [24] 2/-1/-1->1->0 [25] 2/-1/-1->1->0 [26] 2/-1/-1->1->-1 [27] 2/-1/-1->1->-1 [28] -1/-1/-1->1->0 [29] -1/-1/-1->1->0 [30] 2/-1/-1->1->0 [31] 2/-1/-1->1->0
node11:1241:2113 [2] NCCL INFO P2P Chunksize set to 524288
node11:1241:2121 [2] NCCL INFO [Proxy Service] Device 2 CPU core 135
node11:1241:2122 [2] NCCL INFO [Proxy Service UDS] Device 2 CPU core 136
node11:1239:2112 [0] NCCL INFO threadThresholds 8/8/64 | 32/8/64 | 512 | 512
node11:1239:2112 [0] NCCL INFO 32 coll channels, 32 collnet channels, 0 nvls channels, 32 p2p channels, 32 p2p channels per peer
node11:1239:2112 [0] NCCL INFO ncclCommInitRankConfig comm 0x3e762fa0 rank 1 nranks 4 cudaDev 0 nvmlDev 0 busId 801000 commId 0x3159f97853b65d25 - Init COMPLETE
node11:1239:2112 [0] NCCL INFO Init timings - ncclCommInitRankConfig: rank 1 nranks 4 total 0.91 (kernels 0.00, alloc 0.00, bootstrap 0.00, allgathers 0.04, topo 0.80, graphs 0.00, connections 0.06, rest 0.00)
node11:1242:2114 [3] NCCL INFO threadThresholds 8/8/64 | 32/8/64 | 512 | 512
node11:1242:2114 [3] NCCL INFO 32 coll channels, 32 collnet channels, 0 nvls channels, 32 p2p channels, 32 p2p channels per peer
node11:1242:2114 [3] NCCL INFO ncclCommInitRankConfig comm 0x2310fc50 rank 1 nranks 4 cudaDev 3 nvmlDev 3 busId 1901000 commId 0xa71cbe30e3aa3127 - Init COMPLETE
node11:1242:2114 [3] NCCL INFO Init timings - ncclCommInitRankConfig: rank 1 nranks 4 total 1.03 (kernels 0.00, alloc 0.00, bootstrap 0.00, allgathers 0.01, topo 0.85, graphs 0.01, connections 0.16, rest 0.00)
node11:1241:2113 [2] NCCL INFO threadThresholds 8/8/64 | 32/8/64 | 512 | 512
node11:1241:2113 [2] NCCL INFO 32 coll channels, 32 collnet channels, 0 nvls channels, 32 p2p channels, 32 p2p channels per peer
node11:1241:2113 [2] NCCL INFO ncclCommInitRankConfig comm 0x2c1dd420 rank 1 nranks 4 cudaDev 2 nvmlDev 2 busId 1801000 commId 0x3b77bde6a323939c - Init COMPLETE
node11:1241:2113 [2] NCCL INFO Init timings - ncclCommInitRankConfig: rank 1 nranks 4 total 1.03 (kernels 0.00, alloc 0.00, bootstrap 0.00, allgathers 0.03, topo 0.84, graphs 0.00, connections 0.15, rest 0.00)
node11:1240:2111 [1] NCCL INFO threadThresholds 8/8/64 | 32/8/64 | 512 | 512
node11:1240:2111 [1] NCCL INFO 32 coll channels, 32 collnet channels, 0 nvls channels, 32 p2p channels, 32 p2p channels per peer
node11:1240:2111 [1] NCCL INFO ncclCommInitRankConfig comm 0x509f90f0 rank 1 nranks 4 cudaDev 1 nvmlDev 1 busId 901000 commId 0x3c03463322940520 - Init COMPLETE
node11:1240:2111 [1] NCCL INFO Init timings - ncclCommInitRankConfig: rank 1 nranks 4 total 1.07 (kernels 0.00, alloc 0.00, bootstrap 0.00, allgathers 0.01, topo 0.86, graphs 0.00, connections 0.19, rest 0.00)
node11:1239:1239 [0] NCCL INFO Comm config Blocking set to 1
node11:1239:2127 [0] NCCL INFO Assigned NET plugin IBext_v10 to comm
node11:1239:2127 [0] NCCL INFO Using network IBext_v10
node11:1239:2127 [0] NCCL INFO DMA-BUF is available on GPU device 0
node11:1239:2127 [0] NCCL INFO ncclCommInitRankConfig comm 0x478252e0 rank 4 nranks 8 cudaDev 0 nvmlDev 0 busId 801000 commId 0x630730ca9146981e - Init START
node11:1241:1241 [2] NCCL INFO Comm config Blocking set to 1
node11:1241:2128 [2] NCCL INFO Assigned NET plugin IBext_v10 to comm
node11:1241:2128 [2] NCCL INFO Using network IBext_v10
node11:1241:2128 [2] NCCL INFO DMA-BUF is available on GPU device 2
node11:1240:1240 [1] NCCL INFO Comm config Blocking set to 1
node11:1242:1242 [3] NCCL INFO Comm config Blocking set to 1
node11:1240:2129 [1] NCCL INFO Assigned NET plugin IBext_v10 to comm
node11:1242:2130 [3] NCCL INFO Assigned NET plugin IBext_v10 to comm
node11:1240:2129 [1] NCCL INFO Using network IBext_v10
node11:1242:2130 [3] NCCL INFO Using network IBext_v10
node11:1240:2129 [1] NCCL INFO DMA-BUF is available on GPU device 1
node11:1242:2130 [3] NCCL INFO DMA-BUF is available on GPU device 3
node11:1241:2128 [2] NCCL INFO ncclCommInitRankConfig comm 0x352a2f00 rank 6 nranks 8 cudaDev 2 nvmlDev 2 busId 1801000 commId 0x630730ca9146981e - Init START
node11:1240:2129 [1] NCCL INFO ncclCommInitRankConfig comm 0x59aba760 rank 5 nranks 8 cudaDev 1 nvmlDev 1 busId 901000 commId 0x630730ca9146981e - Init START
node11:1242:2130 [3] NCCL INFO ncclCommInitRankConfig comm 0x2c1d0a40 rank 7 nranks 8 cudaDev 3 nvmlDev 3 busId 1901000 commId 0x630730ca9146981e - Init START
node11:1242:2130 [3] NCCL INFO Bootstrap timings total 0.296930 (create 0.000033, send 0.000115, recv 0.000294, ring 0.296264, delay 0.000000)
node11:1240:2129 [1] NCCL INFO Bootstrap timings total 0.296970 (create 0.000044, send 0.000139, recv 0.000484, ring 0.295879, delay 0.000000)
node11:1241:2128 [2] NCCL INFO Bootstrap timings total 0.297723 (create 0.000047, send 0.000157, recv 0.000949, ring 0.296102, delay 0.000000)
node11:1239:2127 [0] NCCL INFO Bootstrap timings total 0.345466 (create 0.000047, send 0.000168, recv 0.049166, ring 0.295880, delay 0.000000)
node11:1240:2129 [1] NCCL INFO MNNVL busId 0x901000 fabric UUID 4d4e0850a64dd29b.34b5c600be78169f cliqueId 0x7ffe state 3 healthMask 0xaa
node11:1242:2130 [3] NCCL INFO MNNVL busId 0x1901000 fabric UUID 4d4e0850a64dd29b.34b5c600be78169f cliqueId 0x7ffe state 3 healthMask 0xaa
node11:1241:2128 [2] NCCL INFO MNNVL busId 0x1801000 fabric UUID 4d4e0850a64dd29b.34b5c600be78169f cliqueId 0x7ffe state 3 healthMask 0xaa
node11:1239:2127 [0] NCCL INFO MNNVL busId 0x801000 fabric UUID 4d4e0850a64dd29b.34b5c600be78169f cliqueId 0x7ffe state 3 healthMask 0xaa
node11:1240:2129 [1] NCCL INFO MNNVL 1 cliqueId 7ffe cliqueSize 8 cliqueRank 5
node11:1241:2128 [2] NCCL INFO MNNVL 1 cliqueId 7ffe cliqueSize 8 cliqueRank 6
node11:1242:2130 [3] NCCL INFO MNNVL 1 cliqueId 7ffe cliqueSize 8 cliqueRank 7
node11:1239:2127 [0] NCCL INFO MNNVL 1 cliqueId 7ffe cliqueSize 8 cliqueRank 4
node11:1241:2128 [2] NCCL INFO Setting affinity for GPU 2 to 72-143
node11:1240:2129 [1] NCCL INFO Setting affinity for GPU 1 to 0-71
node11:1242:2130 [3] NCCL INFO Setting affinity for GPU 3 to 72-143
node11:1239:2127 [0] NCCL INFO Setting affinity for GPU 0 to 0-71
node11:1242:2130 [3] NCCL INFO comm 0x2c1d0a40 rank 7 nRanks 8 nNodes 1 localRanks 8 localRank 7 MNNVL 1
node11:1242:2130 [3] NCCL INFO Trees [0] -1/-1/-1->7->6 [1] -1/-1/-1->7->6 [2] -1/-1/-1->7->6 [3] -1/-1/-1->7->6 [4] -1/-1/-1->7->6 [5] -1/-1/-1->7->6 [6] -1/-1/-1->7->6 [7] -1/-1/-1->7->6 [8] -1/-1/-1->7->6 [9] -1/-1/-1->7->6 [10] -1/-1/-1->7->6 [11] -1/-1/-1->7->6 [12] -1/-1/-1->7->6 [13] -1/-1/-1->7->6 [14] -1/-1/-1->7->6 [15] -1/-1/-1->7->6 [16] -1/-1/-1->7->6 [17] -1/-1/-1->7->6 [18] -1/-1/-1->7->6 [19] -1/-1/-1->7->6 [20] -1/-1/-1->7->6 [21] -1/-1/-1->7->6 [22] -1/-1/-1->7->6 [23] -1/-1/-1->7->6 [24] -1/-1/-1->7->6 [25] -1/-1/-1->7->6 [26] -1/-1/-1->7->6 [27] -1/-1/-1->7->6 [28] -1/-1/-1->7->6 [29] -1/-1/-1->7->6 [30] -1/-1/-1->7->6 [31] -1/-1/-1->7->6
node11:1242:2130 [3] NCCL INFO P2P Chunksize set to 524288
node11:1241:2128 [2] NCCL INFO comm 0x352a2f00 rank 6 nRanks 8 nNodes 1 localRanks 8 localRank 6 MNNVL 1
node11:1240:2129 [1] NCCL INFO comm 0x59aba760 rank 5 nRanks 8 nNodes 1 localRanks 8 localRank 5 MNNVL 1
node11:1239:2127 [0] NCCL INFO comm 0x478252e0 rank 4 nRanks 8 nNodes 1 localRanks 8 localRank 4 MNNVL 1
node11:1241:2128 [2] NCCL INFO Trees [0] 7/-1/-1->6->5 [1] 7/-1/-1->6->5 [2] 7/-1/-1->6->5 [3] 7/-1/-1->6->5 [4] 7/-1/-1->6->5 [5] 7/-1/-1->6->5 [6] 7/-1/-1->6->5 [7] 7/-1/-1->6->5 [8] 7/-1/-1->6->5 [9] 7/-1/-1->6->5 [10] 7/-1/-1->6->5 [11] 7/-1/-1->6->5 [12] 7/-1/-1->6->5 [13] 7/-1/-1->6->5 [14] 7/-1/-1->6->5 [15] 7/-1/-1->6->5 [16] 7/-1/-1->6->5 [17] 7/-1/-1->6->5 [18] 7/-1/-1->6->5 [19] 7/-1/-1->6->5 [20] 7/-1/-1->6->5 [21] 7/-1/-1->6->5 [22] 7/-1/-1->6->5 [23] 7/-1/-1->6->5 [24] 7/-1/-1->6->5 [25] 7/-1/-1->6->5 [26] 7/-1/-1->6->5 [27] 7/-1/-1->6->5 [28] 7/-1/-1->6->5 [29] 7/-1/-1->6->5 [30] 7/-1/-1->6->5 [31] 7/-1/-1->6->5
node11:1241:2128 [2] NCCL INFO P2P Chunksize set to 524288
node11:1240:2129 [1] NCCL INFO Trees [0] 6/-1/-1->5->4 [1] 6/-1/-1->5->4 [2] 6/-1/-1->5->4 [3] 6/-1/-1->5->4 [4] 6/-1/-1->5->4 [5] 6/-1/-1->5->4 [6] 6/-1/-1->5->4 [7] 6/-1/-1->5->4 [8] 6/-1/-1->5->4 [9] 6/-1/-1->5->4 [10] 6/-1/-1->5->4 [11] 6/-1/-1->5->4 [12] 6/-1/-1->5->4 [13] 6/-1/-1->5->4 [14] 6/-1/-1->5->4 [15] 6/-1/-1->5->4 [16] 6/-1/-1->5->4 [17] 6/-1/-1->5->4 [18] 6/-1/-1->5->4 [19] 6/-1/-1->5->4 [20] 6/-1/-1->5->4 [21] 6/-1/-1->5->4 [22] 6/-1/-1->5->4 [23] 6/-1/-1->5->4 [24] 6/-1/-1->5->4 [25] 6/-1/-1->5->4 [26] 6/-1/-1->5->4 [27] 6/-1/-1->5->4 [28] 6/-1/-1->5->4 [29] 6/-1/-1->5->4 [30] 6/-1/-1->5->4 [31] 6/-1/-1->5->4
node11:1240:2129 [1] NCCL INFO P2P Chunksize set to 524288
node11:1239:2127 [0] NCCL INFO Trees [0] 5/-1/-1->4->3 [1] 5/-1/-1->4->3 [2] 5/-1/-1->4->3 [3] 5/-1/-1->4->3 [4] 5/-1/-1->4->3 [5] 5/-1/-1->4->3 [6] 5/-1/-1->4->3 [7] 5/-1/-1->4->3 [8] 5/-1/-1->4->3 [9] 5/-1/-1->4->3 [10] 5/-1/-1->4->3 [11] 5/-1/-1->4->3 [12] 5/-1/-1->4->3 [13] 5/-1/-1->4->3 [14] 5/-1/-1->4->3 [15] 5/-1/-1->4->3 [16] 5/-1/-1->4->3 [17] 5/-1/-1->4->3 [18] 5/-1/-1->4->3 [19] 5/-1/-1->4->3 [20] 5/-1/-1->4->3 [21] 5/-1/-1->4->3 [22] 5/-1/-1->4->3 [23] 5/-1/-1->4->3 [24] 5/-1/-1->4->3 [25] 5/-1/-1->4->3 [26] 5/-1/-1->4->3 [27] 5/-1/-1->4->3 [28] 5/-1/-1->4->3 [29] 5/-1/-1->4->3 [30] 5/-1/-1->4->3 [31] 5/-1/-1->4->3
node11:1239:2127 [0] NCCL INFO P2P Chunksize set to 524288
node11:1242:2131 [3] NCCL INFO [Proxy Service] Device 3 CPU core 106
node11:1242:2132 [3] NCCL INFO [Proxy Service UDS] Device 3 CPU core 107
node11:1241:2133 [2] NCCL INFO [Proxy Service] Device 2 CPU core 122
node11:1240:2134 [1] NCCL INFO [Proxy Service] Device 1 CPU core 36
node11:1241:2135 [2] NCCL INFO [Proxy Service UDS] Device 2 CPU core 128
node11:1240:2137 [1] NCCL INFO [Proxy Service UDS] Device 1 CPU core 39
node11:1239:2136 [0] NCCL INFO [Proxy Service] Device 0 CPU core 3
node11:1239:2138 [0] NCCL INFO [Proxy Service UDS] Device 0 CPU core 4
node11:1241:2128 [2] NCCL INFO threadThresholds 8/8/64 | 64/8/64 | 512 | 512
node11:1241:2128 [2] NCCL INFO 32 coll channels, 32 collnet channels, 0 nvls channels, 32 p2p channels, 32 p2p channels per peer
node11:1242:2130 [3] NCCL INFO threadThresholds 8/8/64 | 64/8/64 | 512 | 512
node11:1242:2130 [3] NCCL INFO 32 coll channels, 32 collnet channels, 0 nvls channels, 32 p2p channels, 32 p2p channels per peer
node11:1240:2129 [1] NCCL INFO threadThresholds 8/8/64 | 64/8/64 | 512 | 512
node11:1240:2129 [1] NCCL INFO 32 coll channels, 32 collnet channels, 0 nvls channels, 32 p2p channels, 32 p2p channels per peer
node11:1239:2127 [0] NCCL INFO threadThresholds 8/8/64 | 64/8/64 | 512 | 512
node11:1239:2127 [0] NCCL INFO 32 coll channels, 32 collnet channels, 0 nvls channels, 32 p2p channels, 32 p2p channels per peer
node11:1240:2129 [1] NCCL INFO ncclCommInitRankConfig comm 0x59aba760 rank 5 nranks 8 cudaDev 1 nvmlDev 1 busId 901000 commId 0x630730ca9146981e - Init COMPLETE
node11:1239:2127 [0] NCCL INFO ncclCommInitRankConfig comm 0x478252e0 rank 4 nranks 8 cudaDev 0 nvmlDev 0 busId 801000 commId 0x630730ca9146981e - Init COMPLETE
node11:1240:2129 [1] NCCL INFO Init timings - ncclCommInitRankConfig: rank 5 nranks 8 total 1.25 (kernels 0.00, alloc 0.00, bootstrap 0.30, allgathers 0.04, topo 0.75, graphs 0.00, connections 0.16, rest 0.01)
node11:1239:2127 [0] NCCL INFO Init timings - ncclCommInitRankConfig: rank 4 nranks 8 total 1.34 (kernels 0.00, alloc 0.04, bootstrap 0.35, allgathers 0.01, topo 0.76, graphs 0.00, connections 0.16, rest 0.02)
node11:1242:2130 [3] NCCL INFO ncclCommInitRankConfig comm 0x2c1d0a40 rank 7 nranks 8 cudaDev 3 nvmlDev 3 busId 1901000 commId 0x630730ca9146981e - Init COMPLETE
node11:1241:2128 [2] NCCL INFO ncclCommInitRankConfig comm 0x352a2f00 rank 6 nranks 8 cudaDev 2 nvmlDev 2 busId 1801000 commId 0x630730ca9146981e - Init COMPLETE
node11:1242:2130 [3] NCCL INFO Init timings - ncclCommInitRankConfig: rank 7 nranks 8 total 1.25 (kernels 0.00, alloc 0.00, bootstrap 0.30, allgathers 0.02, topo 0.75, graphs 0.00, connections 0.15, rest 0.02)
node11:1241:2128 [2] NCCL INFO Init timings - ncclCommInitRankConfig: rank 6 nranks 8 total 1.25 (kernels 0.00, alloc 0.00, bootstrap 0.30, allgathers 0.04, topo 0.74, graphs 0.00, connections 0.15, rest 0.03)
node11:1240:2139 [1] NCCL INFO Channel 00/0 : 5[1] -> 6[2] via P2P/MNNVL
node11:1241:2141 [2] NCCL INFO Channel 00/0 : 6[2] -> 7[3] via P2P/MNNVL
node11:1240:2139 [1] NCCL INFO Channel 01/0 : 5[1] -> 6[2] via P2P/MNNVL
node11:1241:2141 [2] NCCL INFO Channel 01/0 : 6[2] -> 7[3] via P2P/MNNVL
node11:1240:2139 [1] NCCL INFO Channel 02/0 : 5[1] -> 6[2] via P2P/MNNVL
node11:1241:2141 [2] NCCL INFO Channel 02/0 : 6[2] -> 7[3] via P2P/MNNVL
node11:1240:2139 [1] NCCL INFO Channel 03/0 : 5[1] -> 6[2] via P2P/MNNVL
node11:1242:2142 [3] NCCL INFO Channel 00/0 : 7[3] -> 0[0] via P2P/MNNVL
node11:1239:2140 [0] NCCL INFO Channel 00/0 : 4[0] -> 5[1] via P2P/MNNVL
node11:1239:2140 [0] NCCL INFO Channel 01/0 : 4[0] -> 5[1] via P2P/MNNVL
node11:1242:2142 [3] NCCL INFO Channel 01/0 : 7[3] -> 0[0] via P2P/MNNVL
node11:1240:2139 [1] NCCL INFO Channel 04/0 : 5[1] -> 6[2] via P2P/MNNVL
node11:1241:2141 [2] NCCL INFO Channel 03/0 : 6[2] -> 7[3] via P2P/MNNVL
node11:1241:2141 [2] NCCL INFO Channel 04/0 : 6[2] -> 7[3] via P2P/MNNVL
node11:1242:2142 [3] NCCL INFO Channel 02/0 : 7[3] -> 0[0] via P2P/MNNVL
node11:1239:2140 [0] NCCL INFO Channel 02/0 : 4[0] -> 5[1] via P2P/MNNVL
node11:1240:2139 [1] NCCL INFO Channel 05/0 : 5[1] -> 6[2] via P2P/MNNVL
node11:1241:2141 [2] NCCL INFO Channel 05/0 : 6[2] -> 7[3] via P2P/MNNVL
node11:1242:2142 [3] NCCL INFO Channel 03/0 : 7[3] -> 0[0] via P2P/MNNVL
node11:1242:2142 [3] NCCL INFO Channel 04/0 : 7[3] -> 0[0] via P2P/MNNVL
node11:1241:2141 [2] NCCL INFO Channel 06/0 : 6[2] -> 7[3] via P2P/MNNVL
node11:1239:2140 [0] NCCL INFO Channel 03/0 : 4[0] -> 5[1] via P2P/MNNVL
node11:1240:2139 [1] NCCL INFO Channel 06/0 : 5[1] -> 6[2] via P2P/MNNVL
node11:1241:2141 [2] NCCL INFO Channel 07/0 : 6[2] -> 7[3] via P2P/MNNVL
node11:1239:2140 [0] NCCL INFO Channel 04/0 : 4[0] -> 5[1] via P2P/MNNVL
node11:1242:2142 [3] NCCL INFO Channel 05/0 : 7[3] -> 0[0] via P2P/MNNVL
node11:1241:2141 [2] NCCL INFO Channel 08/0 : 6[2] -> 7[3] via P2P/MNNVL
