W1116 17:04:56.632000 1174 torch/distributed/run.py:766] 
W1116 17:04:56.632000 1174 torch/distributed/run.py:766] *****************************************
W1116 17:04:56.632000 1174 torch/distributed/run.py:766] Setting OMP_NUM_THREADS environment variable for each process to be 1 in default, to avoid your system being overloaded, please further tune the variable for optimal performance in your application as needed. 
W1116 17:04:56.632000 1174 torch/distributed/run.py:766] *****************************************
[Gloo] Rank [Gloo] Rank [Gloo] Rank 111 is connected to  is connected to  is connected to 111 peer ranks.  peer ranks.  peer ranks. Expected number of connected peer ranks is : Expected number of connected peer ranks is : Expected number of connected peer ranks is : 111


[Gloo] Rank 1 is connected to 1 peer ranks. Expected number of connected peer ranks is : 1
[Gloo] Rank 0 is connected to 0 peer ranks. Expected number of connected peer ranks is : 0
[Gloo] Rank 0 is connected to 0 peer ranks. Expected number of connected peer ranks is : 0
[Gloo] Rank 0 is connected to 0 peer ranks. Expected number of connected peer ranks is : 0
[Gloo] Rank 0 is connected to 0 peer ranks. Expected number of connected peer ranks is : 0
[Gloo] Rank 1 is connected to 1 peer ranks. Expected number of connected peer ranks is : 1
[Gloo] Rank 1 is connected to 1 peer ranks. Expected number of connected peer ranks is : 1
[rank42]:[W1116 17:05:24.141112989 ProcessGroupNCCL.cpp:4789] [PG ID 0 PG GUID 0 Rank 42]  using GPU 2 as device used by this process is currently unknown. This can potentially cause a hang if this rank to GPU mapping is incorrect. You can specify device_id in init_process_group() to force use of a particular device.
[rank43]:[W1116 17:05:24.141112829 ProcessGroupNCCL.cpp:4789] [PG ID 0 PG GUID 0 Rank 43]  using GPU 3 as device used by this process is currently unknown. This can potentially cause a hang if this rank to GPU mapping is incorrect. You can specify device_id in init_process_group() to force use of a particular device.
[Gloo] Rank 1 is connected to 1 peer ranks. Expected number of connected peer ranks is : 1
[Gloo] Rank 1 is connected to 1 peer ranks. Expected number of connected peer ranks is : 1
[rank41]:[W1116 17:05:24.329060014 ProcessGroupNCCL.cpp:4789] [PG ID 0 PG GUID 0 Rank 41]  using GPU 1 as device used by this process is currently unknown. This can potentially cause a hang if this rank to GPU mapping is incorrect. You can specify device_id in init_process_group() to force use of a particular device.
node08:1242:1242 [3] NCCL INFO cudaDriverVersion 12080
node08:1242:1242 [3] NCCL INFO Bootstrap: Using enP5p9s0:10.192.18.157<0>
node08:1242:1242 [3] NCCL INFO NCCL version 2.27.3+cuda12.9
node08:1242:1242 [3] NCCL INFO Comm config Blocking set to 1
node08:1241:1241 [2] NCCL INFO cudaDriverVersion 12080
node08:1241:1241 [2] NCCL INFO Bootstrap: Using enP5p9s0:10.192.18.157<0>
node08:1241:1241 [2] NCCL INFO NCCL version 2.27.3+cuda12.9
node08:1241:1241 [2] NCCL INFO Comm config Blocking set to 1
node08:1240:1240 [1] NCCL INFO cudaDriverVersion 12080
node08:1240:1240 [1] NCCL INFO Bootstrap: Using enP5p9s0:10.192.18.157<0>
node08:1240:1240 [1] NCCL INFO NCCL version 2.27.3+cuda12.9
node08:1240:1240 [1] NCCL INFO Comm config Blocking set to 1
[rank40]:[W1116 17:05:25.592737764 ProcessGroupNCCL.cpp:4789] [PG ID 0 PG GUID 0 Rank 40]  using GPU 0 as device used by this process is currently unknown. This can potentially cause a hang if this rank to GPU mapping is incorrect. You can specify device_id in init_process_group() to force use of a particular device.
node08:1239:1239 [0] NCCL INFO cudaDriverVersion 12080
node08:1242:1707 [3] NCCL INFO NET/Plugin: Plugin name set by env to libnccl-net.so
node08:1241:1708 [2] NCCL INFO NET/Plugin: Plugin name set by env to libnccl-net.so
node08:1242:1707 [3] NCCL INFO NET/Plugin: Loaded net plugin NCCL RDMA Plugin v10 (v10)
node08:1242:1707 [3] NCCL INFO NET/Plugin: Loaded collnet plugin NCCL RDMA Plugin v10 (v10)
node08:1241:1708 [2] NCCL INFO NET/Plugin: Loaded net plugin NCCL RDMA Plugin v10 (v10)
node08:1242:1707 [3] NCCL INFO Successfully loaded external plugin libnccl-net.so
node08:1241:1708 [2] NCCL INFO NET/Plugin: Loaded collnet plugin NCCL RDMA Plugin v10 (v10)
node08:1241:1708 [2] NCCL INFO Successfully loaded external plugin libnccl-net.so
node08:1241:1708 [2] NCCL INFO Plugin Path : /opt/hpcx/nccl_rdma_sharp_plugin/lib/libnccl-net.so
node08:1242:1707 [3] NCCL INFO Plugin Path : /opt/hpcx/nccl_rdma_sharp_plugin/lib/libnccl-net.so
node08:1241:1708 [2] NCCL INFO P2P plugin v10 IBext_v10
node08:1242:1707 [3] NCCL INFO P2P plugin v10 IBext_v10
node08:1239:1239 [0] NCCL INFO Bootstrap: Using enP5p9s0:10.192.18.157<0>
node08:1239:1239 [0] NCCL INFO NCCL version 2.27.3+cuda12.9
node08:1239:1239 [0] NCCL INFO Comm config Blocking set to 1
node08:1240:1709 [1] NCCL INFO NET/Plugin: Plugin name set by env to libnccl-net.so
node08:1240:1709 [1] NCCL INFO NET/Plugin: Loaded net plugin NCCL RDMA Plugin v10 (v10)
node08:1240:1709 [1] NCCL INFO NET/Plugin: Loaded collnet plugin NCCL RDMA Plugin v10 (v10)
node08:1240:1709 [1] NCCL INFO Successfully loaded external plugin libnccl-net.so
node08:1240:1709 [1] NCCL INFO Plugin Path : /opt/hpcx/nccl_rdma_sharp_plugin/lib/libnccl-net.so
node08:1240:1709 [1] NCCL INFO P2P plugin v10 IBext_v10
node08:1242:1707 [3] NCCL INFO NET/IB : Using [0]mlx5_0:1/RoCE [1]mlx5_1:1/RoCE [2]mlx5_2:1/RoCE [3]mlx5_3:1/RoCE [4]mlx5_4:1/RoCE [5]mlx5_5:1/RoCE [6]mlx5_6:1/RoCE [7]mlx5_7:1/RoCE [RO]; OOB enP5p9s0:10.192.18.157<0>
node08:1242:1707 [3] NCCL INFO Initialized NET plugin IBext_v10
node08:1241:1708 [2] NCCL INFO NET/IB : Using [0]mlx5_0:1/RoCE [1]mlx5_1:1/RoCE [2]mlx5_2:1/RoCE [3]mlx5_3:1/RoCE [4]mlx5_4:1/RoCE [5]mlx5_5:1/RoCE [6]mlx5_6:1/RoCE [7]mlx5_7:1/RoCE [RO]; OOB enP5p9s0:10.192.18.157<0>
node08:1241:1708 [2] NCCL INFO Initialized NET plugin IBext_v10
node08:1240:1709 [1] NCCL INFO NET/IB : Using [0]mlx5_0:1/RoCE [1]mlx5_1:1/RoCE [2]mlx5_2:1/RoCE [3]mlx5_3:1/RoCE [4]mlx5_4:1/RoCE [5]mlx5_5:1/RoCE [6]mlx5_6:1/RoCE [7]mlx5_7:1/RoCE [RO]; OOB enP5p9s0:10.192.18.157<0>
node08:1240:1709 [1] NCCL INFO Initialized NET plugin IBext_v10
node08:1241:1708 [2] NCCL INFO Assigned NET plugin IBext_v10 to comm
node08:1241:1708 [2] NCCL INFO Using network IBext_v10
node08:1240:1709 [1] NCCL INFO Assigned NET plugin IBext_v10 to comm
node08:1240:1709 [1] NCCL INFO Using network IBext_v10
node08:1242:1707 [3] NCCL INFO Assigned NET plugin IBext_v10 to comm
node08:1242:1707 [3] NCCL INFO Using network IBext_v10
node08:1240:1709 [1] NCCL INFO DMA-BUF is available on GPU device 1
node08:1240:1709 [1] NCCL INFO ncclCommInitRankConfig comm 0x47826f40 rank 41 nranks 64 cudaDev 1 nvmlDev 1 busId 901000 commId 0xf9e8a31158cee9c0 - Init START
node08:1242:1707 [3] NCCL INFO DMA-BUF is available on GPU device 3
node08:1242:1707 [3] NCCL INFO ncclCommInitRankConfig comm 0x4c7ff3a0 rank 43 nranks 64 cudaDev 3 nvmlDev 3 busId 1901000 commId 0xf9e8a31158cee9c0 - Init START
node08:1241:1708 [2] NCCL INFO DMA-BUF is available on GPU device 2
node08:1241:1708 [2] NCCL INFO ncclCommInitRankConfig comm 0x3d9d3080 rank 42 nranks 64 cudaDev 2 nvmlDev 2 busId 1801000 commId 0xf9e8a31158cee9c0 - Init START
node08:1241:1708 [2] NCCL INFO RAS client listening socket at 127.0.0.1<28028>
node08:1239:1710 [0] NCCL INFO NET/Plugin: Plugin name set by env to libnccl-net.so
node08:1239:1710 [0] NCCL INFO NET/Plugin: Loaded net plugin NCCL RDMA Plugin v10 (v10)
node08:1239:1710 [0] NCCL INFO NET/Plugin: Loaded collnet plugin NCCL RDMA Plugin v10 (v10)
node08:1239:1710 [0] NCCL INFO Successfully loaded external plugin libnccl-net.so
node08:1239:1710 [0] NCCL INFO Plugin Path : /opt/hpcx/nccl_rdma_sharp_plugin/lib/libnccl-net.so
node08:1239:1710 [0] NCCL INFO P2P plugin v10 IBext_v10
node08:1239:1710 [0] NCCL INFO NET/IB : Using [0]mlx5_0:1/RoCE [1]mlx5_1:1/RoCE [2]mlx5_2:1/RoCE [3]mlx5_3:1/RoCE [4]mlx5_4:1/RoCE [5]mlx5_5:1/RoCE [6]mlx5_6:1/RoCE [7]mlx5_7:1/RoCE [RO]; OOB enP5p9s0:10.192.18.157<0>
node08:1239:1710 [0] NCCL INFO Initialized NET plugin IBext_v10
node08:1239:1710 [0] NCCL INFO Assigned NET plugin IBext_v10 to comm
node08:1239:1710 [0] NCCL INFO Using network IBext_v10
node08:1242:1707 [3] NCCL INFO RAS client listening socket at 127.0.0.1<28028>
node08:1239:1710 [0] NCCL INFO DMA-BUF is available on GPU device 0
node08:1239:1710 [0] NCCL INFO ncclCommInitRankConfig comm 0x2e6170c0 rank 40 nranks 64 cudaDev 0 nvmlDev 0 busId 801000 commId 0xf9e8a31158cee9c0 - Init START
node08:1239:1710 [0] NCCL INFO RAS client listening socket at 127.0.0.1<28028>
node08:1240:1709 [1] NCCL INFO RAS client listening socket at 127.0.0.1<28028>
node08:1242:1707 [3] NCCL INFO Bootstrap timings total 0.099658 (create 0.000050, send 0.000151, recv 0.057347, ring 0.041139, delay 0.000001)
node08:1239:1710 [0] NCCL INFO Bootstrap timings total 0.034168 (create 0.000028, send 0.000107, recv 0.000370, ring 0.033412, delay 0.000000)
node08:1241:1708 [2] NCCL INFO Bootstrap timings total 0.095178 (create 0.000032, send 0.000120, recv 0.000360, ring 0.094276, delay 0.000000)
node08:1240:1709 [1] NCCL INFO Bootstrap timings total 0.123425 (create 0.000052, send 0.000192, recv 0.028429, ring 0.033127, delay 0.000001)
node08:1241:1708 [2] NCCL INFO MNNVL busId 0x1801000 fabric UUID 4d4e0850a64dd29b.34b5c600be78169f cliqueId 0x7ffe state 3 healthMask 0xaa
node08:1239:1710 [0] NCCL INFO MNNVL busId 0x801000 fabric UUID 4d4e0850a64dd29b.34b5c600be78169f cliqueId 0x7ffe state 3 healthMask 0xaa
node08:1242:1707 [3] NCCL INFO MNNVL busId 0x1901000 fabric UUID 4d4e0850a64dd29b.34b5c600be78169f cliqueId 0x7ffe state 3 healthMask 0xaa
node08:1240:1709 [1] NCCL INFO MNNVL busId 0x901000 fabric UUID 4d4e0850a64dd29b.34b5c600be78169f cliqueId 0x7ffe state 3 healthMask 0xaa
node08:1241:1708 [2] NCCL INFO MNNVL 1 cliqueId 7ffe cliqueSize 64 cliqueRank 42
node08:1242:1707 [3] NCCL INFO MNNVL 1 cliqueId 7ffe cliqueSize 64 cliqueRank 43
node08:1239:1710 [0] NCCL INFO MNNVL 1 cliqueId 7ffe cliqueSize 64 cliqueRank 40
node08:1240:1709 [1] NCCL INFO MNNVL 1 cliqueId 7ffe cliqueSize 64 cliqueRank 41
node08:1242:1707 [3] NCCL INFO Setting affinity for GPU 3 to 72-143
node08:1242:1707 [3] NCCL INFO NCCL_NVLS_ENABLE set by environment to 0.
node08:1240:1709 [1] NCCL INFO Setting affinity for GPU 1 to 0-71
node08:1240:1709 [1] NCCL INFO NCCL_NVLS_ENABLE set by environment to 0.
node08:1241:1708 [2] NCCL INFO Setting affinity for GPU 2 to 72-143
node08:1241:1708 [2] NCCL INFO NCCL_NVLS_ENABLE set by environment to 0.
node08:1239:1710 [0] NCCL INFO Setting affinity for GPU 0 to 0-71
node08:1239:1710 [0] NCCL INFO NCCL_NVLS_ENABLE set by environment to 0.
node08:1242:1707 [3] NCCL INFO comm 0x4c7ff3a0 rank 43 nRanks 64 nNodes 1 localRanks 64 localRank 43 MNNVL 1
node08:1242:1707 [3] NCCL INFO Trees [0] 44/-1/-1->43->42 [1] 44/-1/-1->43->42 [2] 44/-1/-1->43->42 [3] 44/-1/-1->43->42 [4] 44/-1/-1->43->42 [5] 44/-1/-1->43->42 [6] 44/-1/-1->43->42 [7] 44/-1/-1->43->42 [8] 44/-1/-1->43->42 [9] 44/-1/-1->43->42 [10] 44/-1/-1->43->42 [11] 44/-1/-1->43->42 [12] 44/-1/-1->43->42 [13] 44/-1/-1->43->42 [14] 44/-1/-1->43->42 [15] 44/-1/-1->43->42 [16] 44/-1/-1->43->42 [17] 44/-1/-1->43->42 [18] 44/-1/-1->43->42 [19] 44/-1/-1->43->42 [20] 44/-1/-1->43->42 [21] 44/-1/-1->43->42 [22] 44/-1/-1->43->42 [23] 44/-1/-1->43->42 [24] 44/-1/-1->43->42 [25] 44/-1/-1->43->42 [26] 44/-1/-1->43->42 [27] 44/-1/-1->43->42 [28] 44/-1/-1->43->42 [29] 44/-1/-1->43->42 [30] 44/-1/-1->43->42 [31] 44/-1/-1->43->42
node08:1242:1707 [3] NCCL INFO P2P Chunksize set to 524288
node08:1241:1708 [2] NCCL INFO comm 0x3d9d3080 rank 42 nRanks 64 nNodes 1 localRanks 64 localRank 42 MNNVL 1
node08:1240:1709 [1] NCCL INFO comm 0x47826f40 rank 41 nRanks 64 nNodes 1 localRanks 64 localRank 41 MNNVL 1
node08:1239:1710 [0] NCCL INFO comm 0x2e6170c0 rank 40 nRanks 64 nNodes 1 localRanks 64 localRank 40 MNNVL 1
node08:1241:1708 [2] NCCL INFO Trees [0] 43/-1/-1->42->41 [1] 43/-1/-1->42->41 [2] 43/-1/-1->42->41 [3] 43/-1/-1->42->41 [4] 43/-1/-1->42->41 [5] 43/-1/-1->42->41 [6] 43/-1/-1->42->41 [7] 43/-1/-1->42->41 [8] 43/-1/-1->42->41 [9] 43/-1/-1->42->41 [10] 43/-1/-1->42->41 [11] 43/-1/-1->42->41 [12] 43/-1/-1->42->41 [13] 43/-1/-1->42->41 [14] 43/-1/-1->42->41 [15] 43/-1/-1->42->41 [16] 43/-1/-1->42->41 [17] 43/-1/-1->42->41 [18] 43/-1/-1->42->41 [19] 43/-1/-1->42->41 [20] 43/-1/-1->42->41 [21] 43/-1/-1->42->41 [22] 43/-1/-1->42->41 [23] 43/-1/-1->42->41 [24] 43/-1/-1->42->41 [25] 43/-1/-1->42->41 [26] 43/-1/-1->42->41 [27] 43/-1/-1->42->41 [28] 43/-1/-1->42->41 [29] 43/-1/-1->42->41 [30] 43/-1/-1->42->41 [31] 43/-1/-1->42->41
node08:1241:1708 [2] NCCL INFO P2P Chunksize set to 524288
node08:1240:1709 [1] NCCL INFO Trees [0] 42/-1/-1->41->40 [1] 42/-1/-1->41->40 [2] 42/-1/-1->41->40 [3] 42/-1/-1->41->40 [4] 42/-1/-1->41->40 [5] 42/-1/-1->41->40 [6] 42/-1/-1->41->40 [7] 42/-1/-1->41->40 [8] 42/-1/-1->41->40 [9] 42/-1/-1->41->40 [10] 42/-1/-1->41->40 [11] 42/-1/-1->41->40 [12] 42/-1/-1->41->40 [13] 42/-1/-1->41->40 [14] 42/-1/-1->41->40 [15] 42/-1/-1->41->40 [16] 42/-1/-1->41->40 [17] 42/-1/-1->41->40 [18] 42/-1/-1->41->40 [19] 42/-1/-1->41->40 [20] 42/-1/-1->41->40 [21] 42/-1/-1->41->40 [22] 42/-1/-1->41->40 [23] 42/-1/-1->41->40 [24] 42/-1/-1->41->40 [25] 42/-1/-1->41->40 [26] 42/-1/-1->41->40 [27] 42/-1/-1->41->40 [28] 42/-1/-1->41->40 [29] 42/-1/-1->41->40 [30] 42/-1/-1->41->40 [31] 42/-1/-1->41->40
node08:1240:1709 [1] NCCL INFO P2P Chunksize set to 524288
node08:1239:1710 [0] NCCL INFO Trees [0] 41/-1/-1->40->39 [1] 41/-1/-1->40->39 [2] 41/-1/-1->40->39 [3] 41/-1/-1->40->39 [4] 41/-1/-1->40->39 [5] 41/-1/-1->40->39 [6] 41/-1/-1->40->39 [7] 41/-1/-1->40->39 [8] 41/-1/-1->40->39 [9] 41/-1/-1->40->39 [10] 41/-1/-1->40->39 [11] 41/-1/-1->40->39 [12] 41/-1/-1->40->39 [13] 41/-1/-1->40->39 [14] 41/-1/-1->40->39 [15] 41/-1/-1->40->39 [16] 41/-1/-1->40->39 [17] 41/-1/-1->40->39 [18] 41/-1/-1->40->39 [19] 41/-1/-1->40->39 [20] 41/-1/-1->40->39 [21] 41/-1/-1->40->39 [22] 41/-1/-1->40->39 [23] 41/-1/-1->40->39 [24] 41/-1/-1->40->39 [25] 41/-1/-1->40->39 [26] 41/-1/-1->40->39 [27] 41/-1/-1->40->39 [28] 41/-1/-1->40->39 [29] 41/-1/-1->40->39 [30] 41/-1/-1->40->39 [31] 41/-1/-1->40->39
node08:1239:1710 [0] NCCL INFO P2P Chunksize set to 524288
node08:1242:1707 [3] NCCL INFO PROFILER/Plugin: Could not find: libnccl-profiler.so. 
node08:1240:1709 [1] NCCL INFO PROFILER/Plugin: Could not find: libnccl-profiler.so. 
node08:1239:1710 [0] NCCL INFO PROFILER/Plugin: Could not find: libnccl-profiler.so. 
node08:1241:1708 [2] NCCL INFO PROFILER/Plugin: Could not find: libnccl-profiler.so. 
node08:1240:1747 [1] NCCL INFO [Proxy Service] Device 1 CPU core 48
node08:1240:1750 [1] NCCL INFO [Proxy Service UDS] Device 1 CPU core 49
node08:1239:1751 [0] NCCL INFO [Proxy Service] Device 0 CPU core 66
node08:1242:1748 [3] NCCL INFO [Proxy Service] Device 3 CPU core 122
node08:1239:1752 [0] NCCL INFO [Proxy Service UDS] Device 0 CPU core 67
node08:1242:1749 [3] NCCL INFO [Proxy Service UDS] Device 3 CPU core 123
node08:1241:1753 [2] NCCL INFO [Proxy Service] Device 2 CPU core 130
node08:1241:1754 [2] NCCL INFO [Proxy Service UDS] Device 2 CPU core 132
node08:1241:1708 [2] NCCL INFO threadThresholds 8/8/64 | 512/8/64 | 512 | 512
node08:1241:1708 [2] NCCL INFO 32 coll channels, 32 collnet channels, 0 nvls channels, 32 p2p channels, 32 p2p channels per peer
node08:1242:1707 [3] NCCL INFO threadThresholds 8/8/64 | 512/8/64 | 512 | 512
node08:1242:1707 [3] NCCL INFO 32 coll channels, 32 collnet channels, 0 nvls channels, 32 p2p channels, 32 p2p channels per peer
node08:1239:1710 [0] NCCL INFO threadThresholds 8/8/64 | 512/8/64 | 512 | 512
node08:1239:1710 [0] NCCL INFO 32 coll channels, 32 collnet channels, 0 nvls channels, 32 p2p channels, 32 p2p channels per peer
node08:1240:1709 [1] NCCL INFO threadThresholds 8/8/64 | 512/8/64 | 512 | 512
node08:1240:1709 [1] NCCL INFO 32 coll channels, 32 collnet channels, 0 nvls channels, 32 p2p channels, 32 p2p channels per peer
node08:1239:1710 [0] NCCL INFO TUNER/Plugin: Could not find: libnccl-tuner.so. Using internal tuner plugin.
node08:1241:1708 [2] NCCL INFO TUNER/Plugin: Could not find: libnccl-tuner.so. Using internal tuner plugin.
node08:1240:1709 [1] NCCL INFO TUNER/Plugin: Could not find: libnccl-tuner.so. Using internal tuner plugin.
node08:1242:1707 [3] NCCL INFO TUNER/Plugin: Could not find: libnccl-tuner.so. Using internal tuner plugin.
node08:1239:1710 [0] NCCL INFO TUNER/Plugin: Failed to find ncclTunerPlugin_v4 symbol.
node08:1241:1708 [2] NCCL INFO TUNER/Plugin: Failed to find ncclTunerPlugin_v4 symbol.
node08:1240:1709 [1] NCCL INFO TUNER/Plugin: Failed to find ncclTunerPlugin_v4 symbol.
node08:1242:1707 [3] NCCL INFO TUNER/Plugin: Failed to find ncclTunerPlugin_v4 symbol.
node08:1239:1710 [0] NCCL INFO TUNER/Plugin: Failed to find ncclTunerPlugin_v3 symbol.
node08:1241:1708 [2] NCCL INFO TUNER/Plugin: Failed to find ncclTunerPlugin_v3 symbol.
node08:1240:1709 [1] NCCL INFO TUNER/Plugin: Failed to find ncclTunerPlugin_v3 symbol.
node08:1242:1707 [3] NCCL INFO TUNER/Plugin: Failed to find ncclTunerPlugin_v3 symbol.
node08:1239:1710 [0] NCCL INFO TUNER/Plugin: Failed to find ncclTunerPlugin_v2 symbol, using internal tuner instead.
node08:1241:1708 [2] NCCL INFO TUNER/Plugin: Failed to find ncclTunerPlugin_v2 symbol, using internal tuner instead.
node08:1240:1709 [1] NCCL INFO TUNER/Plugin: Failed to find ncclTunerPlugin_v2 symbol, using internal tuner instead.
node08:1242:1707 [3] NCCL INFO TUNER/Plugin: Failed to find ncclTunerPlugin_v2 symbol, using internal tuner instead.
node08:1239:1710 [0] NCCL INFO ncclCommInitRankConfig comm 0x2e6170c0 rank 40 nranks 64 cudaDev 0 nvmlDev 0 busId 801000 commId 0xf9e8a31158cee9c0 - Init COMPLETE
node08:1241:1708 [2] NCCL INFO ncclCommInitRankConfig comm 0x3d9d3080 rank 42 nranks 64 cudaDev 2 nvmlDev 2 busId 1801000 commId 0xf9e8a31158cee9c0 - Init COMPLETE
node08:1240:1709 [1] NCCL INFO ncclCommInitRankConfig comm 0x47826f40 rank 41 nranks 64 cudaDev 1 nvmlDev 1 busId 901000 commId 0xf9e8a31158cee9c0 - Init COMPLETE
node08:1241:1708 [2] NCCL INFO Init timings - ncclCommInitRankConfig: rank 42 nranks 64 total 2.90 (kernels 0.22, alloc 0.15, bootstrap 0.10, allgathers 0.07, topo 2.15, graphs 0.04, connections 0.15, rest 0.02)
node08:1242:1707 [3] NCCL INFO ncclCommInitRankConfig comm 0x4c7ff3a0 rank 43 nranks 64 cudaDev 3 nvmlDev 3 busId 1901000 commId 0xf9e8a31158cee9c0 - Init COMPLETE
node08:1239:1710 [0] NCCL INFO Init timings - ncclCommInitRankConfig: rank 40 nranks 64 total 2.67 (kernels 0.15, alloc 0.05, bootstrap 0.03, allgathers 0.05, topo 2.17, graphs 0.04, connections 0.16, rest 0.01)
node08:1240:1709 [1] NCCL INFO Init timings - ncclCommInitRankConfig: rank 41 nranks 64 total 2.89 (kernels 0.23, alloc 0.11, bootstrap 0.12, allgathers 0.07, topo 2.15, graphs 0.04, connections 0.16, rest 0.01)
node08:1242:1707 [3] NCCL INFO Init timings - ncclCommInitRankConfig: rank 43 nranks 64 total 2.91 (kernels 0.23, alloc 0.15, bootstrap 0.10, allgathers 0.10, topo 2.12, graphs 0.04, connections 0.15, rest 0.02)
node08:1239:1755 [0] NCCL INFO Channel 00/0 : 40[0] -> 41[1] via P2P/MNNVL
node08:1239:1755 [0] NCCL INFO Channel 01/0 : 40[0] -> 41[1] via P2P/MNNVL
node08:1239:1755 [0] NCCL INFO Channel 02/0 : 40[0] -> 41[1] via P2P/MNNVL
node08:1239:1755 [0] NCCL INFO Channel 03/0 : 40[0] -> 41[1] via P2P/MNNVL
node08:1240:1758 [1] NCCL INFO Channel 00/0 : 41[1] -> 42[2] via P2P/MNNVL
node08:1240:1758 [1] NCCL INFO Channel 01/0 : 41[1] -> 42[2] via P2P/MNNVL
node08:1239:1755 [0] NCCL INFO Channel 04/0 : 40[0] -> 41[1] via P2P/MNNVL
node08:1241:1757 [2] NCCL INFO Channel 00/0 : 42[2] -> 43[3] via P2P/MNNVL
node08:1239:1755 [0] NCCL INFO Channel 05/0 : 40[0] -> 41[1] via P2P/MNNVL
node08:1241:1757 [2] NCCL INFO Channel 01/0 : 42[2] -> 43[3] via P2P/MNNVL
node08:1240:1758 [1] NCCL INFO Channel 02/0 : 41[1] -> 42[2] via P2P/MNNVL
node08:1241:1757 [2] NCCL INFO Channel 02/0 : 42[2] -> 43[3] via P2P/MNNVL
node08:1242:1756 [3] NCCL INFO Channel 00/0 : 43[3] -> 44[0] via P2P/MNNVL
node08:1239:1755 [0] NCCL INFO Channel 06/0 : 40[0] -> 41[1] via P2P/MNNVL
node08:1241:1757 [2] NCCL INFO Channel 03/0 : 42[2] -> 43[3] via P2P/MNNVL
node08:1240:1758 [1] NCCL INFO Channel 03/0 : 41[1] -> 42[2] via P2P/MNNVL
node08:1242:1756 [3] NCCL INFO Channel 01/0 : 43[3] -> 44[0] via P2P/MNNVL
node08:1239:1755 [0] NCCL INFO Channel 07/0 : 40[0] -> 41[1] via P2P/MNNVL
node08:1240:1758 [1] NCCL INFO Channel 04/0 : 41[1] -> 42[2] via P2P/MNNVL
node08:1242:1756 [3] NCCL INFO Channel 02/0 : 43[3] -> 44[0] via P2P/MNNVL
node08:1241:1757 [2] NCCL INFO Channel 04/0 : 42[2] -> 43[3] via P2P/MNNVL
node08:1239:1755 [0] NCCL INFO Channel 08/0 : 40[0] -> 41[1] via P2P/MNNVL
node08:1240:1758 [1] NCCL INFO Channel 05/0 : 41[1] -> 42[2] via P2P/MNNVL
node08:1241:1757 [2] NCCL INFO Channel 05/0 : 42[2] -> 43[3] via P2P/MNNVL
node08:1242:1756 [3] NCCL INFO Channel 03/0 : 43[3] -> 44[0] via P2P/MNNVL
node08:1239:1755 [0] NCCL INFO Channel 09/0 : 40[0] -> 41[1] via P2P/MNNVL
node08:1242:1756 [3] NCCL INFO Channel 04/0 : 43[3] -> 44[0] via P2P/MNNVL
node08:1240:1758 [1] NCCL INFO Channel 06/0 : 41[1] -> 42[2] via P2P/MNNVL
node08:1241:1757 [2] NCCL INFO Channel 06/0 : 42[2] -> 43[3] via P2P/MNNVL
node08:1241:1757 [2] NCCL INFO Channel 07/0 : 42[2] -> 43[3] via P2P/MNNVL
node08:1242:1756 [3] NCCL INFO Channel 05/0 : 43[3] -> 44[0] via P2P/MNNVL
node08:1240:1758 [1] NCCL INFO Channel 07/0 : 41[1] -> 42[2] via P2P/MNNVL
node08:1239:1755 [0] NCCL INFO Channel 10/0 : 40[0] -> 41[1] via P2P/MNNVL
node08:1239:1755 [0] NCCL INFO Channel 11/0 : 40[0] -> 41[1] via P2P/MNNVL
node08:1242:1756 [3] NCCL INFO Channel 06/0 : 43[3] -> 44[0] via P2P/MNNVL
node08:1240:1758 [1] NCCL INFO Channel 08/0 : 41[1] -> 42[2] via P2P/MNNVL
node08:1239:1755 [0] NCCL INFO Channel 12/0 : 40[0] -> 41[1] via P2P/MNNVL
node08:1241:1757 [2] NCCL INFO Channel 08/0 : 42[2] -> 43[3] via P2P/MNNVL
node08:1241:1757 [2] NCCL INFO Channel 09/0 : 42[2] -> 43[3] via P2P/MNNVL
node08:1242:1756 [3] NCCL INFO Channel 07/0 : 43[3] -> 44[0] via P2P/MNNVL
node08:1240:1758 [1] NCCL INFO Channel 09/0 : 41[1] -> 42[2] via P2P/MNNVL
node08:1239:1755 [0] NCCL INFO Channel 13/0 : 40[0] -> 41[1] via P2P/MNNVL
node08:1241:1757 [2] NCCL INFO Channel 10/0 : 42[2] -> 43[3] via P2P/MNNVL
node08:1240:1758 [1] NCCL INFO Channel 10/0 : 41[1] -> 42[2] via P2P/MNNVL
node08:1242:1756 [3] NCCL INFO Channel 08/0 : 43[3] -> 44[0] via P2P/MNNVL
node08:1239:1755 [0] NCCL INFO Channel 14/0 : 40[0] -> 41[1] via P2P/MNNVL
node08:1242:1756 [3] NCCL INFO Channel 09/0 : 43[3] -> 44[0] via P2P/MNNVL
node08:1240:1758 [1] NCCL INFO Channel 11/0 : 41[1] -> 42[2] via P2P/MNNVL
node08:1241:1757 [2] NCCL INFO Channel 11/0 : 42[2] -> 43[3] via P2P/MNNVL
node08:1239:1755 [0] NCCL INFO Channel 15/0 : 40[0] -> 41[1] via P2P/MNNVL
node08:1242:1756 [3] NCCL INFO Channel 10/0 : 43[3] -> 44[0] via P2P/MNNVL
node08:1240:1758 [1] NCCL INFO Channel 12/0 : 41[1] -> 42[2] via P2P/MNNVL
node08:1241:1757 [2] NCCL INFO Channel 12/0 : 42[2] -> 43[3] via P2P/MNNVL
node08:1239:1755 [0] NCCL INFO Channel 16/0 : 40[0] -> 41[1] via P2P/MNNVL
node08:1242:1756 [3] NCCL INFO Channel 11/0 : 43[3] -> 44[0] via P2P/MNNVL
node08:1240:1758 [1] NCCL INFO Channel 13/0 : 41[1] -> 42[2] via P2P/MNNVL
node08:1239:1755 [0] NCCL INFO Channel 17/0 : 40[0] -> 41[1] via P2P/MNNVL
node08:1240:1758 [1] NCCL INFO Channel 14/0 : 41[1] -> 42[2] via P2P/MNNVL
node08:1241:1757 [2] NCCL INFO Channel 13/0 : 42[2] -> 43[3] via P2P/MNNVL
node08:1239:1755 [0] NCCL INFO Channel 18/0 : 40[0] -> 41[1] via P2P/MNNVL
node08:1242:1756 [3] NCCL INFO Channel 12/0 : 43[3] -> 44[0] via P2P/MNNVL
node08:1241:1757 [2] NCCL INFO Channel 14/0 : 42[2] -> 43[3] via P2P/MNNVL
node08:1240:1758 [1] NCCL INFO Channel 15/0 : 41[1] -> 42[2] via P2P/MNNVL
node08:1242:1756 [3] NCCL INFO Channel 13/0 : 43[3] -> 44[0] via P2P/MNNVL
node08:1241:1757 [2] NCCL INFO Channel 15/0 : 42[2] -> 43[3] via P2P/MNNVL
node08:1239:1755 [0] NCCL INFO Channel 19/0 : 40[0] -> 41[1] via P2P/MNNVL
node08:1241:1757 [2] NCCL INFO Channel 16/0 : 42[2] -> 43[3] via P2P/MNNVL
node08:1242:1756 [3] NCCL INFO Channel 14/0 : 43[3] -> 44[0] via P2P/MNNVL
node08:1240:1758 [1] NCCL INFO Channel 16/0 : 41[1] -> 42[2] via P2P/MNNVL
node08:1241:1757 [2] NCCL INFO Channel 17/0 : 42[2] -> 43[3] via P2P/MNNVL
node08:1242:1756 [3] NCCL INFO Channel 15/0 : 43[3] -> 44[0] via P2P/MNNVL
node08:1240:1758 [1] NCCL INFO Channel 17/0 : 41[1] -> 42[2] via P2P/MNNVL
node08:1239:1755 [0] NCCL INFO Channel 20/0 : 40[0] -> 41[1] via P2P/MNNVL
node08:1242:1756 [3] NCCL INFO Channel 16/0 : 43[3] -> 44[0] via P2P/MNNVL
node08:1241:1757 [2] NCCL INFO Channel 18/0 : 42[2] -> 43[3] via P2P/MNNVL
node08:1240:1758 [1] NCCL INFO Channel 18/0 : 41[1] -> 42[2] via P2P/MNNVL
node08:1239:1755 [0] NCCL INFO Channel 21/0 : 40[0] -> 41[1] via P2P/MNNVL
node08:1241:1757 [2] NCCL INFO Channel 19/0 : 42[2] -> 43[3] via P2P/MNNVL
node08:1242:1756 [3] NCCL INFO Channel 17/0 : 43[3] -> 44[0] via P2P/MNNVL
node08:1239:1755 [0] NCCL INFO Channel 22/0 : 40[0] -> 41[1] via P2P/MNNVL
node08:1240:1758 [1] NCCL INFO Channel 19/0 : 41[1] -> 42[2] via P2P/MNNVL
node08:1242:1756 [3] NCCL INFO Channel 18/0 : 43[3] -> 44[0] via P2P/MNNVL
node08:1241:1757 [2] NCCL INFO Channel 20/0 : 42[2] -> 43[3] via P2P/MNNVL
node08:1239:1755 [0] NCCL INFO Channel 23/0 : 40[0] -> 41[1] via P2P/MNNVL
node08:1242:1756 [3] NCCL INFO Channel 19/0 : 43[3] -> 44[0] via P2P/MNNVL
node08:1241:1757 [2] NCCL INFO Channel 21/0 : 42[2] -> 43[3] via P2P/MNNVL
node08:1240:1758 [1] NCCL INFO Channel 20/0 : 41[1] -> 42[2] via P2P/MNNVL
node08:1242:1756 [3] NCCL INFO Channel 20/0 : 43[3] -> 44[0] via P2P/MNNVL
node08:1239:1755 [0] NCCL INFO Channel 24/0 : 40[0] -> 41[1] via P2P/MNNVL
node08:1240:1758 [1] NCCL INFO Channel 21/0 : 41[1] -> 42[2] via P2P/MNNVL
node08:1241:1757 [2] NCCL INFO Channel 22/0 : 42[2] -> 43[3] via P2P/MNNVL
node08:1240:1758 [1] NCCL INFO Channel 22/0 : 41[1] -> 42[2] via P2P/MNNVL
node08:1239:1755 [0] NCCL INFO Channel 25/0 : 40[0] -> 41[1] via P2P/MNNVL
node08:1242:1756 [3] NCCL INFO Channel 21/0 : 43[3] -> 44[0] via P2P/MNNVL
node08:1241:1757 [2] NCCL INFO Channel 23/0 : 42[2] -> 43[3] via P2P/MNNVL
node08:1240:1758 [1] NCCL INFO Channel 23/0 : 41[1] -> 42[2] via P2P/MNNVL
node08:1239:1755 [0] NCCL INFO Channel 26/0 : 40[0] -> 41[1] via P2P/MNNVL
node08:1242:1756 [3] NCCL INFO Channel 22/0 : 43[3] -> 44[0] via P2P/MNNVL
node08:1241:1757 [2] NCCL INFO Channel 24/0 : 42[2] -> 43[3] via P2P/MNNVL
node08:1240:1758 [1] NCCL INFO Channel 24/0 : 41[1] -> 42[2] via P2P/MNNVL
node08:1241:1757 [2] NCCL INFO Channel 25/0 : 42[2] -> 43[3] via P2P/MNNVL
node08:1242:1756 [3] NCCL INFO Channel 23/0 : 43[3] -> 44[0] via P2P/MNNVL
node08:1239:1755 [0] NCCL INFO Channel 27/0 : 40[0] -> 41[1] via P2P/MNNVL
node08:1240:1758 [1] NCCL INFO Channel 25/0 : 41[1] -> 42[2] via P2P/MNNVL
node08:1242:1756 [3] NCCL INFO Channel 24/0 : 43[3] -> 44[0] via P2P/MNNVL
node08:1241:1757 [2] NCCL INFO Channel 26/0 : 42[2] -> 43[3] via P2P/MNNVL
node08:1240:1758 [1] NCCL INFO Channel 26/0 : 41[1] -> 42[2] via P2P/MNNVL
node08:1239:1755 [0] NCCL INFO Channel 28/0 : 40[0] -> 41[1] via P2P/MNNVL
node08:1240:1758 [1] NCCL INFO Channel 27/0 : 41[1] -> 42[2] via P2P/MNNVL
node08:1239:1755 [0] NCCL INFO Channel 29/0 : 40[0] -> 41[1] via P2P/MNNVL
node08:1241:1757 [2] NCCL INFO Channel 27/0 : 42[2] -> 43[3] via P2P/MNNVL
node08:1242:1756 [3] NCCL INFO Channel 25/0 : 43[3] -> 44[0] via P2P/MNNVL
node08:1240:1758 [1] NCCL INFO Channel 28/0 : 41[1] -> 42[2] via P2P/MNNVL
node08:1239:1755 [0] NCCL INFO Channel 30/0 : 40[0] -> 41[1] via P2P/MNNVL
node08:1242:1756 [3] NCCL INFO Channel 26/0 : 43[3] -> 44[0] via P2P/MNNVL
node08:1241:1757 [2] NCCL INFO Channel 28/0 : 42[2] -> 43[3] via P2P/MNNVL
node08:1239:1755 [0] NCCL INFO Channel 31/0 : 40[0] -> 41[1] via P2P/MNNVL
node08:1242:1756 [3] NCCL INFO Channel 27/0 : 43[3] -> 44[0] via P2P/MNNVL
node08:1241:1757 [2] NCCL INFO Channel 29/0 : 42[2] -> 43[3] via P2P/MNNVL
node08:1240:1758 [1] NCCL INFO Channel 29/0 : 41[1] -> 42[2] via P2P/MNNVL
node08:1241:1757 [2] NCCL INFO Channel 30/0 : 42[2] -> 43[3] via P2P/MNNVL
node08:1242:1756 [3] NCCL INFO Channel 28/0 : 43[3] -> 44[0] via P2P/MNNVL
node08:1240:1758 [1] NCCL INFO Channel 30/0 : 41[1] -> 42[2] via P2P/MNNVL
node08:1240:1758 [1] NCCL INFO Channel 31/0 : 41[1] -> 42[2] via P2P/MNNVL
node08:1242:1756 [3] NCCL INFO Channel 29/0 : 43[3] -> 44[0] via P2P/MNNVL
node08:1241:1757 [2] NCCL INFO Channel 31/0 : 42[2] -> 43[3] via P2P/MNNVL
node08:1242:1756 [3] NCCL INFO Channel 30/0 : 43[3] -> 44[0] via P2P/MNNVL
node08:1242:1756 [3] NCCL INFO Channel 31/0 : 43[3] -> 44[0] via P2P/MNNVL
node08:1242:1756 [3] NCCL INFO Connected all rings, use ring PXN 0 GDR 1
node08:1240:1758 [1] NCCL INFO Connected all rings, use ring PXN 0 GDR 1
node08:1241:1757 [2] NCCL INFO Connected all rings, use ring PXN 0 GDR 1
node08:1239:1755 [0] NCCL INFO Connected all rings, use ring PXN 0 GDR 1
node08:1239:1239 [0] NCCL INFO Comm config Blocking set to 1
node08:1242:1242 [3] NCCL INFO Comm config Blocking set to 1
node08:1241:1241 [2] NCCL INFO Comm config Blocking set to 1
node08:1239:2106 [0] NCCL INFO Assigned NET plugin IBext_v10 to comm
node08:1239:2106 [0] NCCL INFO Using network IBext_v10
node08:1242:2107 [3] NCCL INFO Assigned NET plugin IBext_v10 to comm
node08:1242:2107 [3] NCCL INFO Using network IBext_v10
node08:1239:2106 [0] NCCL INFO DMA-BUF is available on GPU device 0
node08:1242:2107 [3] NCCL INFO DMA-BUF is available on GPU device 3
node08:1240:1240 [1] NCCL INFO Comm config Blocking set to 1
node08:1239:2106 [0] NCCL INFO ncclCommInitRankConfig comm 0x38918590 rank 2 nranks 4 cudaDev 0 nvmlDev 0 busId 801000 commId 0xb4176e3ab0e03c2f - Init START
node08:1242:2107 [3] NCCL INFO ncclCommInitRankConfig comm 0x56aa17e0 rank 2 nranks 4 cudaDev 3 nvmlDev 3 busId 1901000 commId 0xf30f94db0d22b228 - Init START
node08:1241:2108 [2] NCCL INFO Assigned NET plugin IBext_v10 to comm
node08:1241:2108 [2] NCCL INFO Using network IBext_v10
node08:1241:2108 [2] NCCL INFO DMA-BUF is available on GPU device 2
node08:1241:2108 [2] NCCL INFO ncclCommInitRankConfig comm 0x48366540 rank 2 nranks 4 cudaDev 2 nvmlDev 2 busId 1801000 commId 0xa13fc9b89de52ed4 - Init START
node08:1241:2108 [2] NCCL INFO Bootstrap timings total 0.001422 (create 0.000032, send 0.000182, recv 0.000388, ring 0.000581, delay 0.000000)
node08:1242:2107 [3] NCCL INFO Bootstrap timings total 0.001771 (create 0.000048, send 0.000181, recv 0.000492, ring 0.000675, delay 0.000000)
node08:1239:2106 [0] NCCL INFO Bootstrap timings total 0.002060 (create 0.000051, send 0.000181, recv 0.001117, ring 0.000516, delay 0.000000)
node08:1240:2109 [1] NCCL INFO Assigned NET plugin IBext_v10 to comm
node08:1240:2109 [1] NCCL INFO Using network IBext_v10
node08:1240:2109 [1] NCCL INFO DMA-BUF is available on GPU device 1
node08:1240:2109 [1] NCCL INFO ncclCommInitRankConfig comm 0x52034dc0 rank 2 nranks 4 cudaDev 1 nvmlDev 1 busId 901000 commId 0x384cc4a68e25a8d9 - Init START
node08:1241:2108 [2] NCCL INFO MNNVL busId 0x1801000 fabric UUID 4d4e0850a64dd29b.34b5c600be78169f cliqueId 0x7ffe state 3 healthMask 0xaa
node08:1242:2107 [3] NCCL INFO MNNVL busId 0x1901000 fabric UUID 4d4e0850a64dd29b.34b5c600be78169f cliqueId 0x7ffe state 3 healthMask 0xaa
node08:1239:2106 [0] NCCL INFO MNNVL busId 0x801000 fabric UUID 4d4e0850a64dd29b.34b5c600be78169f cliqueId 0x7ffe state 3 healthMask 0xaa
node08:1240:2109 [1] NCCL INFO Bootstrap timings total 0.001146 (create 0.000053, send 0.000166, recv 0.000357, ring 0.000289, delay 0.000000)
node08:1240:2109 [1] NCCL INFO MNNVL busId 0x901000 fabric UUID 4d4e0850a64dd29b.34b5c600be78169f cliqueId 0x7ffe state 3 healthMask 0xaa
node08:1241:2108 [2] NCCL INFO MNNVL 1 cliqueId 7ffe cliqueSize 4 cliqueRank 2
node08:1242:2107 [3] NCCL INFO MNNVL 1 cliqueId 7ffe cliqueSize 4 cliqueRank 2
node08:1240:2109 [1] NCCL INFO MNNVL 1 cliqueId 7ffe cliqueSize 4 cliqueRank 2
node08:1239:2106 [0] NCCL INFO MNNVL 1 cliqueId 7ffe cliqueSize 4 cliqueRank 2
node08:1242:2107 [3] NCCL INFO Setting affinity for GPU 3 to 72-143
node08:1242:2107 [3] NCCL INFO comm 0x56aa17e0 rank 2 nRanks 4 nNodes 1 localRanks 4 localRank 2 MNNVL 1
node08:1242:2107 [3] NCCL INFO Trees [0] 3/-1/-1->2->1 [1] 3/-1/-1->2->1 [2] 3/-1/-1->2->1 [3] 3/-1/-1->2->1 [4] 3/-1/-1->2->1 [5] 3/-1/-1->2->1 [6] 3/-1/-1->2->1 [7] 3/-1/-1->2->1 [8] 3/-1/-1->2->1 [9] 3/-1/-1->2->1 [10] 3/-1/-1->2->1 [11] 3/-1/-1->2->1 [12] 3/-1/-1->2->-1 [13] 3/-1/-1->2->-1 [14] -1/-1/-1->2->1 [15] -1/-1/-1->2->1 [16] 3/-1/-1->2->1 [17] 3/-1/-1->2->1 [18] 3/-1/-1->2->1 [19] 3/-1/-1->2->1 [20] 3/-1/-1->2->1 [21] 3/-1/-1->2->1 [22] 3/-1/-1->2->1 [23] 3/-1/-1->2->1 [24] 3/-1/-1->2->1 [25] 3/-1/-1->2->1 [26] 3/-1/-1->2->1 [27] 3/-1/-1->2->1 [28] 3/-1/-1->2->-1 [29] 3/-1/-1->2->-1 [30] -1/-1/-1->2->1 [31] -1/-1/-1->2->1
node08:1242:2107 [3] NCCL INFO P2P Chunksize set to 524288
node08:1242:2110 [3] NCCL INFO [Proxy Service] Device 3 CPU core 122
node08:1242:2111 [3] NCCL INFO [Proxy Service UDS] Device 3 CPU core 123
node08:1242:2107 [3] NCCL INFO threadThresholds 8/8/64 | 32/8/64 | 512 | 512
node08:1242:2107 [3] NCCL INFO 32 coll channels, 32 collnet channels, 0 nvls channels, 32 p2p channels, 32 p2p channels per peer
node08:1242:2107 [3] NCCL INFO ncclCommInitRankConfig comm 0x56aa17e0 rank 2 nranks 4 cudaDev 3 nvmlDev 3 busId 1901000 commId 0xf30f94db0d22b228 - Init COMPLETE
node08:1242:2107 [3] NCCL INFO Init timings - ncclCommInitRankConfig: rank 2 nranks 4 total 0.68 (kernels 0.00, alloc 0.00, bootstrap 0.00, allgathers 0.01, topo 0.62, graphs 0.00, connections 0.03, rest 0.01)
node08:1240:2109 [1] NCCL INFO Setting affinity for GPU 1 to 0-71
node08:1240:2109 [1] NCCL INFO comm 0x52034dc0 rank 2 nRanks 4 nNodes 1 localRanks 4 localRank 2 MNNVL 1
node08:1240:2109 [1] NCCL INFO Trees [0] 3/-1/-1->2->1 [1] 3/-1/-1->2->1 [2] 3/-1/-1->2->1 [3] 3/-1/-1->2->1 [4] 3/-1/-1->2->1 [5] 3/-1/-1->2->1 [6] 3/-1/-1->2->1 [7] 3/-1/-1->2->1 [8] 3/-1/-1->2->1 [9] 3/-1/-1->2->1 [10] 3/-1/-1->2->1 [11] 3/-1/-1->2->1 [12] 3/-1/-1->2->-1 [13] 3/-1/-1->2->-1 [14] -1/-1/-1->2->1 [15] -1/-1/-1->2->1 [16] 3/-1/-1->2->1 [17] 3/-1/-1->2->1 [18] 3/-1/-1->2->1 [19] 3/-1/-1->2->1 [20] 3/-1/-1->2->1 [21] 3/-1/-1->2->1 [22] 3/-1/-1->2->1 [23] 3/-1/-1->2->1 [24] 3/-1/-1->2->1 [25] 3/-1/-1->2->1 [26] 3/-1/-1->2->1 [27] 3/-1/-1->2->1 [28] 3/-1/-1->2->-1 [29] 3/-1/-1->2->-1 [30] -1/-1/-1->2->1 [31] -1/-1/-1->2->1
node08:1240:2109 [1] NCCL INFO P2P Chunksize set to 524288
node08:1240:2113 [1] NCCL INFO [Proxy Service] Device 1 CPU core 48
node08:1240:2114 [1] NCCL INFO [Proxy Service UDS] Device 1 CPU core 51
node08:1239:2106 [0] NCCL INFO Setting affinity for GPU 0 to 0-71
node08:1240:2109 [1] NCCL INFO threadThresholds 8/8/64 | 32/8/64 | 512 | 512
node08:1240:2109 [1] NCCL INFO 32 coll channels, 32 collnet channels, 0 nvls channels, 32 p2p channels, 32 p2p channels per peer
node08:1239:2106 [0] NCCL INFO comm 0x38918590 rank 2 nRanks 4 nNodes 1 localRanks 4 localRank 2 MNNVL 1
node08:1239:2106 [0] NCCL INFO Trees [0] 3/-1/-1->2->1 [1] 3/-1/-1->2->1 [2] 3/-1/-1->2->1 [3] 3/-1/-1->2->1 [4] 3/-1/-1->2->1 [5] 3/-1/-1->2->1 [6] 3/-1/-1->2->1 [7] 3/-1/-1->2->1 [8] 3/-1/-1->2->1 [9] 3/-1/-1->2->1 [10] 3/-1/-1->2->1 [11] 3/-1/-1->2->1 [12] 3/-1/-1->2->-1 [13] 3/-1/-1->2->-1 [14] -1/-1/-1->2->1 [15] -1/-1/-1->2->1 [16] 3/-1/-1->2->1 [17] 3/-1/-1->2->1 [18] 3/-1/-1->2->1 [19] 3/-1/-1->2->1 [20] 3/-1/-1->2->1 [21] 3/-1/-1->2->1 [22] 3/-1/-1->2->1 [23] 3/-1/-1->2->1 [24] 3/-1/-1->2->1 [25] 3/-1/-1->2->1 [26] 3/-1/-1->2->1 [27] 3/-1/-1->2->1 [28] 3/-1/-1->2->-1 [29] 3/-1/-1->2->-1 [30] -1/-1/-1->2->1 [31] -1/-1/-1->2->1
node08:1239:2106 [0] NCCL INFO P2P Chunksize set to 524288
node08:1239:2115 [0] NCCL INFO [Proxy Service] Device 0 CPU core 52
node08:1239:2116 [0] NCCL INFO [Proxy Service UDS] Device 0 CPU core 53
node08:1241:2108 [2] NCCL INFO Setting affinity for GPU 2 to 72-143
node08:1240:2109 [1] NCCL INFO ncclCommInitRankConfig comm 0x52034dc0 rank 2 nranks 4 cudaDev 1 nvmlDev 1 busId 901000 commId 0x384cc4a68e25a8d9 - Init COMPLETE
node08:1240:2109 [1] NCCL INFO Init timings - ncclCommInitRankConfig: rank 2 nranks 4 total 0.81 (kernels 0.00, alloc 0.00, bootstrap 0.00, allgathers 0.01, topo 0.74, graphs 0.00, connections 0.03, rest 0.02)
node08:1241:2108 [2] NCCL INFO comm 0x48366540 rank 2 nRanks 4 nNodes 1 localRanks 4 localRank 2 MNNVL 1
node08:1241:2108 [2] NCCL INFO Trees [0] 3/-1/-1->2->1 [1] 3/-1/-1->2->1 [2] 3/-1/-1->2->1 [3] 3/-1/-1->2->1 [4] 3/-1/-1->2->1 [5] 3/-1/-1->2->1 [6] 3/-1/-1->2->1 [7] 3/-1/-1->2->1 [8] 3/-1/-1->2->1 [9] 3/-1/-1->2->1 [10] 3/-1/-1->2->1 [11] 3/-1/-1->2->1 [12] 3/-1/-1->2->-1 [13] 3/-1/-1->2->-1 [14] -1/-1/-1->2->1 [15] -1/-1/-1->2->1 [16] 3/-1/-1->2->1 [17] 3/-1/-1->2->1 [18] 3/-1/-1->2->1 [19] 3/-1/-1->2->1 [20] 3/-1/-1->2->1 [21] 3/-1/-1->2->1 [22] 3/-1/-1->2->1 [23] 3/-1/-1->2->1 [24] 3/-1/-1->2->1 [25] 3/-1/-1->2->1 [26] 3/-1/-1->2->1 [27] 3/-1/-1->2->1 [28] 3/-1/-1->2->-1 [29] 3/-1/-1->2->-1 [30] -1/-1/-1->2->1 [31] -1/-1/-1->2->1
node08:1241:2108 [2] NCCL INFO P2P Chunksize set to 524288
node08:1241:2118 [2] NCCL INFO [Proxy Service] Device 2 CPU core 124
node08:1241:2119 [2] NCCL INFO [Proxy Service UDS] Device 2 CPU core 125
node08:1239:2106 [0] NCCL INFO threadThresholds 8/8/64 | 32/8/64 | 512 | 512
node08:1239:2106 [0] NCCL INFO 32 coll channels, 32 collnet channels, 0 nvls channels, 32 p2p channels, 32 p2p channels per peer
node08:1241:2108 [2] NCCL INFO threadThresholds 8/8/64 | 32/8/64 | 512 | 512
node08:1241:2108 [2] NCCL INFO 32 coll channels, 32 collnet channels, 0 nvls channels, 32 p2p channels, 32 p2p channels per peer
node08:1239:2106 [0] NCCL INFO ncclCommInitRankConfig comm 0x38918590 rank 2 nranks 4 cudaDev 0 nvmlDev 0 busId 801000 commId 0xb4176e3ab0e03c2f - Init COMPLETE
node08:1239:2106 [0] NCCL INFO Init timings - ncclCommInitRankConfig: rank 2 nranks 4 total 1.14 (kernels 0.00, alloc 0.00, bootstrap 0.00, allgathers 0.01, topo 0.78, graphs 0.00, connections 0.10, rest 0.24)
node08:1241:2108 [2] NCCL INFO ncclCommInitRankConfig comm 0x48366540 rank 2 nranks 4 cudaDev 2 nvmlDev 2 busId 1801000 commId 0xa13fc9b89de52ed4 - Init COMPLETE
node08:1241:2108 [2] NCCL INFO Init timings - ncclCommInitRankConfig: rank 2 nranks 4 total 1.24 (kernels 0.00, alloc 0.00, bootstrap 0.00, allgathers 0.01, topo 0.79, graphs 0.00, connections 0.10, rest 0.34)
node08:1239:1239 [0] NCCL INFO Comm config Blocking set to 1
node08:1242:1242 [3] NCCL INFO Comm config Blocking set to 1
node08:1240:1240 [1] NCCL INFO Comm config Blocking set to 1
node08:1239:2123 [0] NCCL INFO Assigned NET plugin IBext_v10 to comm
node08:1239:2123 [0] NCCL INFO Using network IBext_v10
node08:1239:2123 [0] NCCL INFO DMA-BUF is available on GPU device 0
node08:1242:2124 [3] NCCL INFO Assigned NET plugin IBext_v10 to comm
node08:1242:2124 [3] NCCL INFO Using network IBext_v10
node08:1242:2124 [3] NCCL INFO DMA-BUF is available on GPU device 3
node08:1240:2125 [1] NCCL INFO Assigned NET plugin IBext_v10 to comm
node08:1240:2125 [1] NCCL INFO Using network IBext_v10
node08:1240:2125 [1] NCCL INFO DMA-BUF is available on GPU device 1
node08:1239:2123 [0] NCCL INFO ncclCommInitRankConfig comm 0x419dd310 rank 0 nranks 8 cudaDev 0 nvmlDev 0 busId 801000 commId 0xf3be977f20191009 - Init START
node08:1240:2125 [1] NCCL INFO ncclCommInitRankConfig comm 0x5b0f9b10 rank 1 nranks 8 cudaDev 1 nvmlDev 1 busId 901000 commId 0xf3be977f20191009 - Init START
node08:1242:2124 [3] NCCL INFO ncclCommInitRankConfig comm 0x5fb66910 rank 3 nranks 8 cudaDev 3 nvmlDev 3 busId 1901000 commId 0xf3be977f20191009 - Init START
node08:1241:1241 [2] NCCL INFO Comm config Blocking set to 1
node08:1241:2126 [2] NCCL INFO Assigned NET plugin IBext_v10 to comm
node08:1241:2126 [2] NCCL INFO Using network IBext_v10
node08:1241:2126 [2] NCCL INFO DMA-BUF is available on GPU device 2
node08:1241:2126 [2] NCCL INFO ncclCommInitRankConfig comm 0x5142b190 rank 2 nranks 8 cudaDev 2 nvmlDev 2 busId 1801000 commId 0xf3be977f20191009 - Init START
node08:1241:2126 [2] NCCL INFO Bootstrap timings total 0.000806 (create 0.000040, send 0.000126, recv 0.000139, ring 0.000317, delay 0.000000)
node08:1242:2124 [3] NCCL INFO Bootstrap timings total 0.047804 (create 0.000034, send 0.000094, recv 0.000173, ring 0.000343, delay 0.000000)
node08:1240:2125 [1] NCCL INFO Bootstrap timings total 0.047825 (create 0.000052, send 0.000152, recv 0.047123, ring 0.000261, delay 0.000000)
node08:1239:2123 [0] NCCL INFO Bootstrap timings total 0.047894 (create 0.000037, send 0.000123, recv 0.000284, ring 0.047140, delay 0.000000)
node08:1239:2123 [0] NCCL INFO MNNVL busId 0x801000 fabric UUID 4d4e0850a64dd29b.34b5c600be78169f cliqueId 0x7ffe state 3 healthMask 0xaa
node08:1241:2126 [2] NCCL INFO MNNVL busId 0x1801000 fabric UUID 4d4e0850a64dd29b.34b5c600be78169f cliqueId 0x7ffe state 3 healthMask 0xaa
node08:1242:2124 [3] NCCL INFO MNNVL busId 0x1901000 fabric UUID 4d4e0850a64dd29b.34b5c600be78169f cliqueId 0x7ffe state 3 healthMask 0xaa
node08:1240:2125 [1] NCCL INFO MNNVL busId 0x901000 fabric UUID 4d4e0850a64dd29b.34b5c600be78169f cliqueId 0x7ffe state 3 healthMask 0xaa
node08:1242:2124 [3] NCCL INFO MNNVL 1 cliqueId 7ffe cliqueSize 8 cliqueRank 3
node08:1241:2126 [2] NCCL INFO MNNVL 1 cliqueId 7ffe cliqueSize 8 cliqueRank 2
node08:1239:2123 [0] NCCL INFO MNNVL 1 cliqueId 7ffe cliqueSize 8 cliqueRank 0
node08:1240:2125 [1] NCCL INFO MNNVL 1 cliqueId 7ffe cliqueSize 8 cliqueRank 1
node08:1241:2126 [2] NCCL INFO Setting affinity for GPU 2 to 72-143
node08:1240:2125 [1] NCCL INFO Setting affinity for GPU 1 to 0-71
node08:1242:2124 [3] NCCL INFO Setting affinity for GPU 3 to 72-143
node08:1239:2123 [0] NCCL INFO Setting affinity for GPU 0 to 0-71
node08:1242:2124 [3] NCCL INFO comm 0x5fb66910 rank 3 nRanks 8 nNodes 1 localRanks 8 localRank 3 MNNVL 1
node08:1242:2124 [3] NCCL INFO Trees [0] 4/-1/-1->3->2 [1] 4/-1/-1->3->2 [2] 4/-1/-1->3->2 [3] 4/-1/-1->3->2 [4] 4/-1/-1->3->2 [5] 4/-1/-1->3->2 [6] 4/-1/-1->3->2 [7] 4/-1/-1->3->2 [8] 4/-1/-1->3->2 [9] 4/-1/-1->3->2 [10] 4/-1/-1->3->2 [11] 4/-1/-1->3->2 [12] 4/-1/-1->3->2 [13] 4/-1/-1->3->2 [14] 4/-1/-1->3->2 [15] 4/-1/-1->3->2 [16] 4/-1/-1->3->2 [17] 4/-1/-1->3->2 [18] 4/-1/-1->3->2 [19] 4/-1/-1->3->2 [20] 4/-1/-1->3->2 [21] 4/-1/-1->3->2 [22] 4/-1/-1->3->2 [23] 4/-1/-1->3->2 [24] 4/-1/-1->3->2 [25] 4/-1/-1->3->2 [26] 4/-1/-1->3->2 [27] 4/-1/-1->3->2 [28] 4/-1/-1->3->2 [29] 4/-1/-1->3->2 [30] 4/-1/-1->3->2 [31] 4/-1/-1->3->2
node08:1242:2124 [3] NCCL INFO P2P Chunksize set to 524288
node08:1239:2123 [0] NCCL INFO comm 0x419dd310 rank 0 nRanks 8 nNodes 1 localRanks 8 localRank 0 MNNVL 1
node08:1241:2126 [2] NCCL INFO comm 0x5142b190 rank 2 nRanks 8 nNodes 1 localRanks 8 localRank 2 MNNVL 1
node08:1240:2125 [1] NCCL INFO comm 0x5b0f9b10 rank 1 nRanks 8 nNodes 1 localRanks 8 localRank 1 MNNVL 1
node08:1239:2123 [0] NCCL INFO Channel 00/32 : 0 1 2 3 4 5 6 7
node08:1239:2123 [0] NCCL INFO Channel 01/32 : 0 1 2 3 4 5 6 7
node08:1239:2123 [0] NCCL INFO Channel 02/32 : 0 1 2 3 4 5 6 7
node08:1241:2126 [2] NCCL INFO Trees [0] 3/-1/-1->2->1 [1] 3/-1/-1->2->1 [2] 3/-1/-1->2->1 [3] 3/-1/-1->2->1 [4] 3/-1/-1->2->1 [5] 3/-1/-1->2->1 [6] 3/-1/-1->2->1 [7] 3/-1/-1->2->1 [8] 3/-1/-1->2->1 [9] 3/-1/-1->2->1 [10] 3/-1/-1->2->1 [11] 3/-1/-1->2->1 [12] 3/-1/-1->2->1 [13] 3/-1/-1->2->1 [14] 3/-1/-1->2->1 [15] 3/-1/-1->2->1 [16] 3/-1/-1->2->1 [17] 3/-1/-1->2->1 [18] 3/-1/-1->2->1 [19] 3/-1/-1->2->1 [20] 3/-1/-1->2->1 [21] 3/-1/-1->2->1 [22] 3/-1/-1->2->1 [23] 3/-1/-1->2->1 [24] 3/-1/-1->2->1 [25] 3/-1/-1->2->1 [26] 3/-1/-1->2->1 [27] 3/-1/-1->2->1 [28] 3/-1/-1->2->1 [29] 3/-1/-1->2->1 [30] 3/-1/-1->2->1 [31] 3/-1/-1->2->1
node08:1239:2123 [0] NCCL INFO Channel 03/32 : 0 1 2 3 4 5 6 7
node08:1241:2126 [2] NCCL INFO P2P Chunksize set to 524288
node08:1239:2123 [0] NCCL INFO Channel 04/32 : 0 1 2 3 4 5 6 7
node08:1240:2125 [1] NCCL INFO Trees [0] 2/-1/-1->1->0 [1] 2/-1/-1->1->0 [2] 2/-1/-1->1->0 [3] 2/-1/-1->1->0 [4] 2/-1/-1->1->0 [5] 2/-1/-1->1->0 [6] 2/-1/-1->1->0 [7] 2/-1/-1->1->0 [8] 2/-1/-1->1->0 [9] 2/-1/-1->1->0 [10] 2/-1/-1->1->0 [11] 2/-1/-1->1->0 [12] 2/-1/-1->1->0 [13] 2/-1/-1->1->0 [14] 2/-1/-1->1->0 [15] 2/-1/-1->1->0 [16] 2/-1/-1->1->0 [17] 2/-1/-1->1->0 [18] 2/-1/-1->1->0 [19] 2/-1/-1->1->0 [20] 2/-1/-1->1->0 [21] 2/-1/-1->1->0 [22] 2/-1/-1->1->0 [23] 2/-1/-1->1->0 [24] 2/-1/-1->1->0 [25] 2/-1/-1->1->0 [26] 2/-1/-1->1->0 [27] 2/-1/-1->1->0 [28] 2/-1/-1->1->0 [29] 2/-1/-1->1->0 [30] 2/-1/-1->1->0 [31] 2/-1/-1->1->0
node08:1239:2123 [0] NCCL INFO Channel 05/32 : 0 1 2 3 4 5 6 7
node08:1240:2125 [1] NCCL INFO P2P Chunksize set to 524288
node08:1239:2123 [0] NCCL INFO Channel 06/32 : 0 1 2 3 4 5 6 7
node08:1239:2123 [0] NCCL INFO Channel 07/32 : 0 1 2 3 4 5 6 7
node08:1239:2123 [0] NCCL INFO Channel 08/32 : 0 1 2 3 4 5 6 7
node08:1239:2123 [0] NCCL INFO Channel 09/32 : 0 1 2 3 4 5 6 7
node08:1239:2123 [0] NCCL INFO Channel 10/32 : 0 1 2 3 4 5 6 7
node08:1239:2123 [0] NCCL INFO Channel 11/32 : 0 1 2 3 4 5 6 7
node08:1239:2123 [0] NCCL INFO Channel 12/32 : 0 1 2 3 4 5 6 7
node08:1239:2123 [0] NCCL INFO Channel 13/32 : 0 1 2 3 4 5 6 7
node08:1239:2123 [0] NCCL INFO Channel 14/32 : 0 1 2 3 4 5 6 7
node08:1239:2123 [0] NCCL INFO Channel 15/32 : 0 1 2 3 4 5 6 7
node08:1239:2123 [0] NCCL INFO Channel 16/32 : 0 1 2 3 4 5 6 7
node08:1239:2123 [0] NCCL INFO Channel 17/32 : 0 1 2 3 4 5 6 7
node08:1239:2123 [0] NCCL INFO Channel 18/32 : 0 1 2 3 4 5 6 7
node08:1239:2123 [0] NCCL INFO Channel 19/32 : 0 1 2 3 4 5 6 7
node08:1239:2123 [0] NCCL INFO Channel 20/32 : 0 1 2 3 4 5 6 7
node08:1239:2123 [0] NCCL INFO Channel 21/32 : 0 1 2 3 4 5 6 7
node08:1239:2123 [0] NCCL INFO Channel 22/32 : 0 1 2 3 4 5 6 7
node08:1239:2123 [0] NCCL INFO Channel 23/32 : 0 1 2 3 4 5 6 7
node08:1239:2123 [0] NCCL INFO Channel 24/32 : 0 1 2 3 4 5 6 7
node08:1239:2123 [0] NCCL INFO Channel 25/32 : 0 1 2 3 4 5 6 7
node08:1239:2123 [0] NCCL INFO Channel 26/32 : 0 1 2 3 4 5 6 7
node08:1239:2123 [0] NCCL INFO Channel 27/32 : 0 1 2 3 4 5 6 7
node08:1239:2123 [0] NCCL INFO Channel 28/32 : 0 1 2 3 4 5 6 7
node08:1239:2123 [0] NCCL INFO Channel 29/32 : 0 1 2 3 4 5 6 7
node08:1239:2123 [0] NCCL INFO Channel 30/32 : 0 1 2 3 4 5 6 7
node08:1239:2123 [0] NCCL INFO Channel 31/32 : 0 1 2 3 4 5 6 7
node08:1239:2123 [0] NCCL INFO Trees [0] 1/-1/-1->0->-1 [1] 1/-1/-1->0->-1 [2] 1/-1/-1->0->-1 [3] 1/-1/-1->0->-1 [4] 1/-1/-1->0->-1 [5] 1/-1/-1->0->-1 [6] 1/-1/-1->0->-1 [7] 1/-1/-1->0->-1 [8] 1/-1/-1->0->-1 [9] 1/-1/-1->0->-1 [10] 1/-1/-1->0->-1 [11] 1/-1/-1->0->-1 [12] 1/-1/-1->0->-1 [13] 1/-1/-1->0->-1 [14] 1/-1/-1->0->-1 [15] 1/-1/-1->0->-1 [16] 1/-1/-1->0->-1 [17] 1/-1/-1->0->-1 [18] 1/-1/-1->0->-1 [19] 1/-1/-1->0->-1 [20] 1/-1/-1->0->-1 [21] 1/-1/-1->0->-1 [22] 1/-1/-1->0->-1 [23] 1/-1/-1->0->-1 [24] 1/-1/-1->0->-1 [25] 1/-1/-1->0->-1 [26] 1/-1/-1->0->-1 [27] 1/-1/-1->0->-1 [28] 1/-1/-1->0->-1 [29] 1/-1/-1->0->-1 [30] 1/-1/-1->0->-1 [31] 1/-1/-1->0->-1
node08:1239:2123 [0] NCCL INFO P2P Chunksize set to 524288
node08:1239:2123 [0] NCCL INFO Check P2P Type isAllDirectP2p 1 directMode 0
node08:1242:2127 [3] NCCL INFO [Proxy Service] Device 3 CPU core 130
node08:1242:2128 [3] NCCL INFO [Proxy Service UDS] Device 3 CPU core 131
node08:1239:2130 [0] NCCL INFO [Proxy Service] Device 0 CPU core 62
node08:1240:2131 [1] NCCL INFO [Proxy Service] Device 1 CPU core 51
node08:1241:2129 [2] NCCL INFO [Proxy Service] Device 2 CPU core 122
node08:1239:2134 [0] NCCL INFO [Proxy Service UDS] Device 0 CPU core 63
node08:1240:2133 [1] NCCL INFO [Proxy Service UDS] Device 1 CPU core 52
node08:1241:2132 [2] NCCL INFO [Proxy Service UDS] Device 2 CPU core 123
node08:1240:2125 [1] NCCL INFO threadThresholds 8/8/64 | 64/8/64 | 512 | 512
node08:1240:2125 [1] NCCL INFO 32 coll channels, 32 collnet channels, 0 nvls channels, 32 p2p channels, 32 p2p channels per peer
node08:1239:2123 [0] NCCL INFO threadThresholds 8/8/64 | 64/8/64 | 512 | 512
node08:1239:2123 [0] NCCL INFO 32 coll channels, 32 collnet channels, 0 nvls channels, 32 p2p channels, 32 p2p channels per peer
node08:1241:2126 [2] NCCL INFO threadThresholds 8/8/64 | 64/8/64 | 512 | 512
node08:1241:2126 [2] NCCL INFO 32 coll channels, 32 collnet channels, 0 nvls channels, 32 p2p channels, 32 p2p channels per peer
node08:1239:2123 [0] NCCL INFO CC Off, workFifoBytes 1048576
node08:1242:2124 [3] NCCL INFO threadThresholds 8/8/64 | 64/8/64 | 512 | 512
node08:1242:2124 [3] NCCL INFO 32 coll channels, 32 collnet channels, 0 nvls channels, 32 p2p channels, 32 p2p channels per peer
node08:1239:2123 [0] NCCL INFO ncclCommInitRankConfig comm 0x419dd310 rank 0 nranks 8 cudaDev 0 nvmlDev 0 busId 801000 commId 0xf3be977f20191009 - Init COMPLETE
node08:1239:2123 [0] NCCL INFO Init timings - ncclCommInitRankConfig: rank 0 nranks 8 total 1.04 (kernels 0.00, alloc 0.09, bootstrap 0.05, allgathers 0.01, topo 0.72, graphs 0.00, connections 0.16, rest 0.01)
node08:1242:2124 [3] NCCL INFO ncclCommInitRankConfig comm 0x5fb66910 rank 3 nranks 8 cudaDev 3 nvmlDev 3 busId 1901000 commId 0xf3be977f20191009 - Init COMPLETE
node08:1240:2125 [1] NCCL INFO ncclCommInitRankConfig comm 0x5b0f9b10 rank 1 nranks 8 cudaDev 1 nvmlDev 1 busId 901000 commId 0xf3be977f20191009 - Init COMPLETE
node08:1242:2124 [3] NCCL INFO Init timings - ncclCommInitRankConfig: rank 3 nranks 8 total 1.04 (kernels 0.00, alloc 0.09, bootstrap 0.05, allgathers 0.02, topo 0.71, graphs 0.00, connections 0.16, rest 0.00)
node08:1240:2125 [1] NCCL INFO Init timings - ncclCommInitRankConfig: rank 1 nranks 8 total 1.04 (kernels 0.00, alloc 0.09, bootstrap 0.05, allgathers 0.03, topo 0.70, graphs 0.00, connections 0.15, rest 0.01)
node08:1241:2126 [2] NCCL INFO ncclCommInitRankConfig comm 0x5142b190 rank 2 nranks 8 cudaDev 2 nvmlDev 2 busId 1801000 commId 0xf3be977f20191009 - Init COMPLETE
