W1116 17:05:01.076000 1174 torch/distributed/run.py:766] 
W1116 17:05:01.076000 1174 torch/distributed/run.py:766] *****************************************
W1116 17:05:01.076000 1174 torch/distributed/run.py:766] Setting OMP_NUM_THREADS environment variable for each process to be 1 in default, to avoid your system being overloaded, please further tune the variable for optimal performance in your application as needed. 
W1116 17:05:01.076000 1174 torch/distributed/run.py:766] *****************************************
[Gloo] Rank [Gloo] Rank [Gloo] Rank [Gloo] Rank 000 is connected to 0 is connected to  is connected to 1 is connected to 11 peer ranks. 1 peer ranks.  peer ranks. Expected number of connected peer ranks is :  peer ranks. Expected number of connected peer ranks is : Expected number of connected peer ranks is : 1Expected number of connected peer ranks is : 
111


[Gloo] Rank 0[Gloo] Rank  is connected to 00 is connected to  peer ranks. 0Expected number of connected peer ranks is :  peer ranks. 0Expected number of connected peer ranks is : 
0
[Gloo] Rank 0 is connected to 0 peer ranks. Expected number of connected peer ranks is : 0
[Gloo] Rank 0 is connected to 0 peer ranks. Expected number of connected peer ranks is : 0
[Gloo] Rank 0 is connected to 1 peer ranks. Expected number of connected peer ranks is : 1
[Gloo] Rank [Gloo] Rank 00 is connected to  is connected to 11 peer ranks.  peer ranks. Expected number of connected peer ranks is : Expected number of connected peer ranks is : 11

[rank51]:[W1116 17:05:24.437435980 ProcessGroupNCCL.cpp:4789] [PG ID 0 PG GUID 0 Rank 51]  using GPU 3 as device used by this process is currently unknown. This can potentially cause a hang if this rank to GPU mapping is incorrect. You can specify device_id in init_process_group() to force use of a particular device.
[rank49]:[W1116 17:05:24.437435756 ProcessGroupNCCL.cpp:4789] [PG ID 0 PG GUID 0 Rank 49]  using GPU 1 as device used by this process is currently unknown. This can potentially cause a hang if this rank to GPU mapping is incorrect. You can specify device_id in init_process_group() to force use of a particular device.
[rank50]:[W1116 17:05:24.437436044 ProcessGroupNCCL.cpp:4789] [PG ID 0 PG GUID 0 Rank 50]  using GPU 2 as device used by this process is currently unknown. This can potentially cause a hang if this rank to GPU mapping is incorrect. You can specify device_id in init_process_group() to force use of a particular device.
[Gloo] Rank 0 is connected to 1 peer ranks. Expected number of connected peer ranks is : 1
node06:1240:1240 [1] NCCL INFO cudaDriverVersion 12080
node06:1240:1240 [1] NCCL INFO Bootstrap: Using enP5p9s0:10.192.18.153<0>
node06:1240:1240 [1] NCCL INFO NCCL version 2.27.3+cuda12.9
node06:1240:1240 [1] NCCL INFO Comm config Blocking set to 1
node06:1242:1242 [3] NCCL INFO cudaDriverVersion 12080
node06:1241:1241 [2] NCCL INFO cudaDriverVersion 12080
node06:1242:1242 [3] NCCL INFO Bootstrap: Using enP5p9s0:10.192.18.153<0>
node06:1241:1241 [2] NCCL INFO Bootstrap: Using enP5p9s0:10.192.18.153<0>
node06:1242:1242 [3] NCCL INFO NCCL version 2.27.3+cuda12.9
node06:1241:1241 [2] NCCL INFO NCCL version 2.27.3+cuda12.9
node06:1242:1242 [3] NCCL INFO Comm config Blocking set to 1
node06:1241:1241 [2] NCCL INFO Comm config Blocking set to 1
[rank48]:[W1116 17:05:25.844428116 ProcessGroupNCCL.cpp:4789] [PG ID 0 PG GUID 0 Rank 48]  using GPU 0 as device used by this process is currently unknown. This can potentially cause a hang if this rank to GPU mapping is incorrect. You can specify device_id in init_process_group() to force use of a particular device.
node06:1239:1239 [0] NCCL INFO cudaDriverVersion 12080
node06:1239:1239 [0] NCCL INFO Bootstrap: Using enP5p9s0:10.192.18.153<0>
node06:1239:1239 [0] NCCL INFO NCCL version 2.27.3+cuda12.9
node06:1239:1239 [0] NCCL INFO Comm config Blocking set to 1
node06:1242:1716 [3] NCCL INFO NET/Plugin: Plugin name set by env to libnccl-net.so
node06:1241:1717 [2] NCCL INFO NET/Plugin: Plugin name set by env to libnccl-net.so
node06:1240:1715 [1] NCCL INFO NET/Plugin: Plugin name set by env to libnccl-net.so
node06:1242:1716 [3] NCCL INFO NET/Plugin: Loaded net plugin NCCL RDMA Plugin v10 (v10)
node06:1241:1717 [2] NCCL INFO NET/Plugin: Loaded net plugin NCCL RDMA Plugin v10 (v10)
node06:1242:1716 [3] NCCL INFO NET/Plugin: Loaded collnet plugin NCCL RDMA Plugin v10 (v10)
node06:1240:1715 [1] NCCL INFO NET/Plugin: Loaded net plugin NCCL RDMA Plugin v10 (v10)
node06:1241:1717 [2] NCCL INFO NET/Plugin: Loaded collnet plugin NCCL RDMA Plugin v10 (v10)
node06:1242:1716 [3] NCCL INFO Successfully loaded external plugin libnccl-net.so
node06:1240:1715 [1] NCCL INFO NET/Plugin: Loaded collnet plugin NCCL RDMA Plugin v10 (v10)
node06:1241:1717 [2] NCCL INFO Successfully loaded external plugin libnccl-net.so
node06:1240:1715 [1] NCCL INFO Successfully loaded external plugin libnccl-net.so
node06:1241:1717 [2] NCCL INFO Plugin Path : /opt/hpcx/nccl_rdma_sharp_plugin/lib/libnccl-net.so
node06:1242:1716 [3] NCCL INFO Plugin Path : /opt/hpcx/nccl_rdma_sharp_plugin/lib/libnccl-net.so
node06:1241:1717 [2] NCCL INFO P2P plugin v10 IBext_v10
node06:1242:1716 [3] NCCL INFO P2P plugin v10 IBext_v10
node06:1240:1715 [1] NCCL INFO Plugin Path : /opt/hpcx/nccl_rdma_sharp_plugin/lib/libnccl-net.so
node06:1240:1715 [1] NCCL INFO P2P plugin v10 IBext_v10
node06:1241:1717 [2] NCCL INFO NET/IB : Using [0]mlx5_0:1/RoCE [1]mlx5_1:1/RoCE [2]mlx5_2:1/RoCE [3]mlx5_3:1/RoCE [4]mlx5_4:1/RoCE [5]mlx5_5:1/RoCE [6]mlx5_6:1/RoCE [7]mlx5_7:1/RoCE [RO]; OOB enP5p9s0:10.192.18.153<0>
node06:1241:1717 [2] NCCL INFO Initialized NET plugin IBext_v10
node06:1240:1715 [1] NCCL INFO NET/IB : Using [0]mlx5_0:1/RoCE [1]mlx5_1:1/RoCE [2]mlx5_2:1/RoCE [3]mlx5_3:1/RoCE [4]mlx5_4:1/RoCE [5]mlx5_5:1/RoCE [6]mlx5_6:1/RoCE [7]mlx5_7:1/RoCE [RO]; OOB enP5p9s0:10.192.18.153<0>
node06:1240:1715 [1] NCCL INFO Initialized NET plugin IBext_v10
node06:1242:1716 [3] NCCL INFO NET/IB : Using [0]mlx5_0:1/RoCE [1]mlx5_1:1/RoCE [2]mlx5_2:1/RoCE [3]mlx5_3:1/RoCE [4]mlx5_4:1/RoCE [5]mlx5_5:1/RoCE [6]mlx5_6:1/RoCE [7]mlx5_7:1/RoCE [RO]; OOB enP5p9s0:10.192.18.153<0>
node06:1242:1716 [3] NCCL INFO Initialized NET plugin IBext_v10
node06:1240:1715 [1] NCCL INFO Assigned NET plugin IBext_v10 to comm
node06:1240:1715 [1] NCCL INFO Using network IBext_v10
node06:1242:1716 [3] NCCL INFO Assigned NET plugin IBext_v10 to comm
node06:1242:1716 [3] NCCL INFO Using network IBext_v10
node06:1241:1717 [2] NCCL INFO Assigned NET plugin IBext_v10 to comm
node06:1241:1717 [2] NCCL INFO Using network IBext_v10
node06:1239:1718 [0] NCCL INFO NET/Plugin: Plugin name set by env to libnccl-net.so
node06:1239:1718 [0] NCCL INFO NET/Plugin: Loaded net plugin NCCL RDMA Plugin v10 (v10)
node06:1239:1718 [0] NCCL INFO NET/Plugin: Loaded collnet plugin NCCL RDMA Plugin v10 (v10)
node06:1239:1718 [0] NCCL INFO Successfully loaded external plugin libnccl-net.so
node06:1239:1718 [0] NCCL INFO Plugin Path : /opt/hpcx/nccl_rdma_sharp_plugin/lib/libnccl-net.so
node06:1239:1718 [0] NCCL INFO P2P plugin v10 IBext_v10
node06:1242:1716 [3] NCCL INFO DMA-BUF is available on GPU device 3
node06:1242:1716 [3] NCCL INFO ncclCommInitRankConfig comm 0x51acd690 rank 51 nranks 64 cudaDev 3 nvmlDev 3 busId 1901000 commId 0xf9e8a31158cee9c0 - Init START
node06:1241:1717 [2] NCCL INFO DMA-BUF is available on GPU device 2
node06:1240:1715 [1] NCCL INFO DMA-BUF is available on GPU device 1
node06:1241:1717 [2] NCCL INFO ncclCommInitRankConfig comm 0x4d17b1b0 rank 50 nranks 64 cudaDev 2 nvmlDev 2 busId 1801000 commId 0xf9e8a31158cee9c0 - Init START
node06:1240:1715 [1] NCCL INFO ncclCommInitRankConfig comm 0x3dd94f90 rank 49 nranks 64 cudaDev 1 nvmlDev 1 busId 901000 commId 0xf9e8a31158cee9c0 - Init START
node06:1241:1717 [2] NCCL INFO RAS client listening socket at 127.0.0.1<28028>
node06:1239:1718 [0] NCCL INFO NET/IB : Using [0]mlx5_0:1/RoCE [1]mlx5_1:1/RoCE [2]mlx5_2:1/RoCE [3]mlx5_3:1/RoCE [4]mlx5_4:1/RoCE [5]mlx5_5:1/RoCE [6]mlx5_6:1/RoCE [7]mlx5_7:1/RoCE [RO]; OOB enP5p9s0:10.192.18.153<0>
node06:1239:1718 [0] NCCL INFO Initialized NET plugin IBext_v10
node06:1239:1718 [0] NCCL INFO Assigned NET plugin IBext_v10 to comm
node06:1239:1718 [0] NCCL INFO Using network IBext_v10
node06:1242:1716 [3] NCCL INFO RAS client listening socket at 127.0.0.1<28028>
node06:1239:1718 [0] NCCL INFO DMA-BUF is available on GPU device 0
node06:1239:1718 [0] NCCL INFO ncclCommInitRankConfig comm 0x2f3c41b0 rank 48 nranks 64 cudaDev 0 nvmlDev 0 busId 801000 commId 0xf9e8a31158cee9c0 - Init START
node06:1240:1715 [1] NCCL INFO RAS client listening socket at 127.0.0.1<28028>
node06:1239:1718 [0] NCCL INFO RAS client listening socket at 127.0.0.1<28028>
node06:1242:1716 [3] NCCL INFO Bootstrap timings total 0.098228 (create 0.000060, send 0.000163, recv 0.026505, ring 0.071181, delay 0.000000)
node06:1241:1717 [2] NCCL INFO Bootstrap timings total 0.093133 (create 0.000029, send 0.000196, recv 0.000334, ring 0.092041, delay 0.000000)
node06:1239:1718 [0] NCCL INFO Bootstrap timings total 0.064422 (create 0.000028, send 0.000122, recv 0.000348, ring 0.063664, delay 0.000000)
node06:1240:1715 [1] NCCL INFO Bootstrap timings total 0.093077 (create 0.000038, send 0.000172, recv 0.000479, ring 0.063647, delay 0.000000)
node06:1242:1716 [3] NCCL INFO MNNVL busId 0x1901000 fabric UUID 4d4e0850a64dd29b.34b5c600be78169f cliqueId 0x7ffe state 3 healthMask 0xaa
node06:1241:1717 [2] NCCL INFO MNNVL busId 0x1801000 fabric UUID 4d4e0850a64dd29b.34b5c600be78169f cliqueId 0x7ffe state 3 healthMask 0xaa
node06:1240:1715 [1] NCCL INFO MNNVL busId 0x901000 fabric UUID 4d4e0850a64dd29b.34b5c600be78169f cliqueId 0x7ffe state 3 healthMask 0xaa
node06:1239:1718 [0] NCCL INFO MNNVL busId 0x801000 fabric UUID 4d4e0850a64dd29b.34b5c600be78169f cliqueId 0x7ffe state 3 healthMask 0xaa
node06:1242:1716 [3] NCCL INFO MNNVL 1 cliqueId 7ffe cliqueSize 64 cliqueRank 51
node06:1240:1715 [1] NCCL INFO MNNVL 1 cliqueId 7ffe cliqueSize 64 cliqueRank 49
node06:1239:1718 [0] NCCL INFO MNNVL 1 cliqueId 7ffe cliqueSize 64 cliqueRank 48
node06:1241:1717 [2] NCCL INFO MNNVL 1 cliqueId 7ffe cliqueSize 64 cliqueRank 50
node06:1240:1715 [1] NCCL INFO Setting affinity for GPU 1 to 0-71
node06:1240:1715 [1] NCCL INFO NCCL_NVLS_ENABLE set by environment to 0.
node06:1241:1717 [2] NCCL INFO Setting affinity for GPU 2 to 72-143
node06:1241:1717 [2] NCCL INFO NCCL_NVLS_ENABLE set by environment to 0.
node06:1242:1716 [3] NCCL INFO Setting affinity for GPU 3 to 72-143
node06:1242:1716 [3] NCCL INFO NCCL_NVLS_ENABLE set by environment to 0.
node06:1239:1718 [0] NCCL INFO Setting affinity for GPU 0 to 0-71
node06:1239:1718 [0] NCCL INFO NCCL_NVLS_ENABLE set by environment to 0.
node06:1241:1717 [2] NCCL INFO comm 0x4d17b1b0 rank 50 nRanks 64 nNodes 1 localRanks 64 localRank 50 MNNVL 1
node06:1242:1716 [3] NCCL INFO comm 0x51acd690 rank 51 nRanks 64 nNodes 1 localRanks 64 localRank 51 MNNVL 1
node06:1240:1715 [1] NCCL INFO comm 0x3dd94f90 rank 49 nRanks 64 nNodes 1 localRanks 64 localRank 49 MNNVL 1
node06:1241:1717 [2] NCCL INFO Trees [0] 51/-1/-1->50->49 [1] 51/-1/-1->50->49 [2] 51/-1/-1->50->49 [3] 51/-1/-1->50->49 [4] 51/-1/-1->50->49 [5] 51/-1/-1->50->49 [6] 51/-1/-1->50->49 [7] 51/-1/-1->50->49 [8] 51/-1/-1->50->49 [9] 51/-1/-1->50->49 [10] 51/-1/-1->50->49 [11] 51/-1/-1->50->49 [12] 51/-1/-1->50->49 [13] 51/-1/-1->50->49 [14] 51/-1/-1->50->49 [15] 51/-1/-1->50->49 [16] 51/-1/-1->50->49 [17] 51/-1/-1->50->49 [18] 51/-1/-1->50->49 [19] 51/-1/-1->50->49 [20] 51/-1/-1->50->49 [21] 51/-1/-1->50->49 [22] 51/-1/-1->50->49 [23] 51/-1/-1->50->49 [24] 51/-1/-1->50->49 [25] 51/-1/-1->50->49 [26] 51/-1/-1->50->49 [27] 51/-1/-1->50->49 [28] 51/-1/-1->50->49 [29] 51/-1/-1->50->49 [30] 51/-1/-1->50->49 [31] 51/-1/-1->50->49
node06:1242:1716 [3] NCCL INFO Trees [0] 52/-1/-1->51->50 [1] 52/-1/-1->51->50 [2] 52/-1/-1->51->50 [3] 52/-1/-1->51->50 [4] 52/-1/-1->51->50 [5] 52/-1/-1->51->50 [6] 52/-1/-1->51->50 [7] 52/-1/-1->51->50 [8] 52/-1/-1->51->50 [9] 52/-1/-1->51->50 [10] 52/-1/-1->51->50 [11] 52/-1/-1->51->50 [12] 52/-1/-1->51->50 [13] 52/-1/-1->51->50 [14] 52/-1/-1->51->50 [15] 52/-1/-1->51->50 [16] 52/-1/-1->51->50 [17] 52/-1/-1->51->50 [18] 52/-1/-1->51->50 [19] 52/-1/-1->51->50 [20] 52/-1/-1->51->50 [21] 52/-1/-1->51->50 [22] 52/-1/-1->51->50 [23] 52/-1/-1->51->50 [24] 52/-1/-1->51->50 [25] 52/-1/-1->51->50 [26] 52/-1/-1->51->50 [27] 52/-1/-1->51->50 [28] 52/-1/-1->51->50 [29] 52/-1/-1->51->50 [30] 52/-1/-1->51->50 [31] 52/-1/-1->51->50
node06:1241:1717 [2] NCCL INFO P2P Chunksize set to 524288
node06:1242:1716 [3] NCCL INFO P2P Chunksize set to 524288
node06:1239:1718 [0] NCCL INFO comm 0x2f3c41b0 rank 48 nRanks 64 nNodes 1 localRanks 64 localRank 48 MNNVL 1
node06:1240:1715 [1] NCCL INFO Trees [0] 50/-1/-1->49->48 [1] 50/-1/-1->49->48 [2] 50/-1/-1->49->48 [3] 50/-1/-1->49->48 [4] 50/-1/-1->49->48 [5] 50/-1/-1->49->48 [6] 50/-1/-1->49->48 [7] 50/-1/-1->49->48 [8] 50/-1/-1->49->48 [9] 50/-1/-1->49->48 [10] 50/-1/-1->49->48 [11] 50/-1/-1->49->48 [12] 50/-1/-1->49->48 [13] 50/-1/-1->49->48 [14] 50/-1/-1->49->48 [15] 50/-1/-1->49->48 [16] 50/-1/-1->49->48 [17] 50/-1/-1->49->48 [18] 50/-1/-1->49->48 [19] 50/-1/-1->49->48 [20] 50/-1/-1->49->48 [21] 50/-1/-1->49->48 [22] 50/-1/-1->49->48 [23] 50/-1/-1->49->48 [24] 50/-1/-1->49->48 [25] 50/-1/-1->49->48 [26] 50/-1/-1->49->48 [27] 50/-1/-1->49->48 [28] 50/-1/-1->49->48 [29] 50/-1/-1->49->48 [30] 50/-1/-1->49->48 [31] 50/-1/-1->49->48
node06:1240:1715 [1] NCCL INFO P2P Chunksize set to 524288
node06:1239:1718 [0] NCCL INFO Trees [0] 49/-1/-1->48->47 [1] 49/-1/-1->48->47 [2] 49/-1/-1->48->47 [3] 49/-1/-1->48->47 [4] 49/-1/-1->48->47 [5] 49/-1/-1->48->47 [6] 49/-1/-1->48->47 [7] 49/-1/-1->48->47 [8] 49/-1/-1->48->47 [9] 49/-1/-1->48->47 [10] 49/-1/-1->48->47 [11] 49/-1/-1->48->47 [12] 49/-1/-1->48->47 [13] 49/-1/-1->48->47 [14] 49/-1/-1->48->47 [15] 49/-1/-1->48->47 [16] 49/-1/-1->48->47 [17] 49/-1/-1->48->47 [18] 49/-1/-1->48->47 [19] 49/-1/-1->48->47 [20] 49/-1/-1->48->47 [21] 49/-1/-1->48->47 [22] 49/-1/-1->48->47 [23] 49/-1/-1->48->47 [24] 49/-1/-1->48->47 [25] 49/-1/-1->48->47 [26] 49/-1/-1->48->47 [27] 49/-1/-1->48->47 [28] 49/-1/-1->48->47 [29] 49/-1/-1->48->47 [30] 49/-1/-1->48->47 [31] 49/-1/-1->48->47
node06:1239:1718 [0] NCCL INFO P2P Chunksize set to 524288
node06:1242:1716 [3] NCCL INFO PROFILER/Plugin: Could not find: libnccl-profiler.so. 
node06:1241:1717 [2] NCCL INFO PROFILER/Plugin: Could not find: libnccl-profiler.so. 
node06:1239:1718 [0] NCCL INFO PROFILER/Plugin: Could not find: libnccl-profiler.so. 
node06:1240:1715 [1] NCCL INFO PROFILER/Plugin: Could not find: libnccl-profiler.so. 
node06:1242:1755 [3] NCCL INFO [Proxy Service] Device 3 CPU core 111
node06:1241:1756 [2] NCCL INFO [Proxy Service] Device 2 CPU core 109
node06:1242:1758 [3] NCCL INFO [Proxy Service UDS] Device 3 CPU core 115
node06:1241:1759 [2] NCCL INFO [Proxy Service UDS] Device 2 CPU core 139
node06:1239:1760 [0] NCCL INFO [Proxy Service UDS] Device 0 CPU core 12
node06:1239:1757 [0] NCCL INFO [Proxy Service] Device 0 CPU core 11
node06:1240:1761 [1] NCCL INFO [Proxy Service] Device 1 CPU core 13
node06:1240:1762 [1] NCCL INFO [Proxy Service UDS] Device 1 CPU core 14
node06:1240:1715 [1] NCCL INFO threadThresholds 8/8/64 | 512/8/64 | 512 | 512
node06:1240:1715 [1] NCCL INFO 32 coll channels, 32 collnet channels, 0 nvls channels, 32 p2p channels, 32 p2p channels per peer
node06:1241:1717 [2] NCCL INFO threadThresholds 8/8/64 | 512/8/64 | 512 | 512
node06:1241:1717 [2] NCCL INFO 32 coll channels, 32 collnet channels, 0 nvls channels, 32 p2p channels, 32 p2p channels per peer
node06:1242:1716 [3] NCCL INFO threadThresholds 8/8/64 | 512/8/64 | 512 | 512
node06:1242:1716 [3] NCCL INFO 32 coll channels, 32 collnet channels, 0 nvls channels, 32 p2p channels, 32 p2p channels per peer
node06:1239:1718 [0] NCCL INFO threadThresholds 8/8/64 | 512/8/64 | 512 | 512
node06:1239:1718 [0] NCCL INFO 32 coll channels, 32 collnet channels, 0 nvls channels, 32 p2p channels, 32 p2p channels per peer
node06:1241:1717 [2] NCCL INFO TUNER/Plugin: Could not find: libnccl-tuner.so. Using internal tuner plugin.
node06:1239:1718 [0] NCCL INFO TUNER/Plugin: Could not find: libnccl-tuner.so. Using internal tuner plugin.
node06:1240:1715 [1] NCCL INFO TUNER/Plugin: Could not find: libnccl-tuner.so. Using internal tuner plugin.
node06:1241:1717 [2] NCCL INFO TUNER/Plugin: Failed to find ncclTunerPlugin_v4 symbol.
node06:1239:1718 [0] NCCL INFO TUNER/Plugin: Failed to find ncclTunerPlugin_v4 symbol.
node06:1240:1715 [1] NCCL INFO TUNER/Plugin: Failed to find ncclTunerPlugin_v4 symbol.
node06:1241:1717 [2] NCCL INFO TUNER/Plugin: Failed to find ncclTunerPlugin_v3 symbol.
node06:1239:1718 [0] NCCL INFO TUNER/Plugin: Failed to find ncclTunerPlugin_v3 symbol.
node06:1240:1715 [1] NCCL INFO TUNER/Plugin: Failed to find ncclTunerPlugin_v3 symbol.
node06:1241:1717 [2] NCCL INFO TUNER/Plugin: Failed to find ncclTunerPlugin_v2 symbol, using internal tuner instead.
node06:1239:1718 [0] NCCL INFO TUNER/Plugin: Failed to find ncclTunerPlugin_v2 symbol, using internal tuner instead.
node06:1240:1715 [1] NCCL INFO TUNER/Plugin: Failed to find ncclTunerPlugin_v2 symbol, using internal tuner instead.
node06:1241:1717 [2] NCCL INFO ncclCommInitRankConfig comm 0x4d17b1b0 rank 50 nranks 64 cudaDev 2 nvmlDev 2 busId 1801000 commId 0xf9e8a31158cee9c0 - Init COMPLETE
node06:1239:1718 [0] NCCL INFO ncclCommInitRankConfig comm 0x2f3c41b0 rank 48 nranks 64 cudaDev 0 nvmlDev 0 busId 801000 commId 0xf9e8a31158cee9c0 - Init COMPLETE
node06:1242:1716 [3] NCCL INFO TUNER/Plugin: Could not find: libnccl-tuner.so. Using internal tuner plugin.
node06:1240:1715 [1] NCCL INFO ncclCommInitRankConfig comm 0x3dd94f90 rank 49 nranks 64 cudaDev 1 nvmlDev 1 busId 901000 commId 0xf9e8a31158cee9c0 - Init COMPLETE
node06:1241:1717 [2] NCCL INFO Init timings - ncclCommInitRankConfig: rank 50 nranks 64 total 2.96 (kernels 0.28, alloc 0.16, bootstrap 0.09, allgathers 0.12, topo 2.10, graphs 0.04, connections 0.16, rest 0.01)
node06:1239:1718 [0] NCCL INFO Init timings - ncclCommInitRankConfig: rank 48 nranks 64 total 2.68 (kernels 0.13, alloc 0.05, bootstrap 0.06, allgathers 0.10, topo 2.12, graphs 0.04, connections 0.16, rest 0.01)
node06:1242:1716 [3] NCCL INFO TUNER/Plugin: Failed to find ncclTunerPlugin_v4 symbol.
node06:1240:1715 [1] NCCL INFO Init timings - ncclCommInitRankConfig: rank 49 nranks 64 total 2.97 (kernels 0.29, alloc 0.16, bootstrap 0.09, allgathers 0.12, topo 2.10, graphs 0.04, connections 0.16, rest 0.01)
node06:1242:1716 [3] NCCL INFO TUNER/Plugin: Failed to find ncclTunerPlugin_v3 symbol.
node06:1242:1716 [3] NCCL INFO TUNER/Plugin: Failed to find ncclTunerPlugin_v2 symbol, using internal tuner instead.
node06:1242:1716 [3] NCCL INFO ncclCommInitRankConfig comm 0x51acd690 rank 51 nranks 64 cudaDev 3 nvmlDev 3 busId 1901000 commId 0xf9e8a31158cee9c0 - Init COMPLETE
node06:1242:1716 [3] NCCL INFO Init timings - ncclCommInitRankConfig: rank 51 nranks 64 total 2.96 (kernels 0.28, alloc 0.15, bootstrap 0.10, allgathers 0.11, topo 2.11, graphs 0.04, connections 0.16, rest 0.01)
node06:1242:1765 [3] NCCL INFO Channel 00/0 : 51[3] -> 52[0] via P2P/MNNVL
node06:1242:1765 [3] NCCL INFO Channel 01/0 : 51[3] -> 52[0] via P2P/MNNVL
node06:1241:1763 [2] NCCL INFO Channel 00/0 : 50[2] -> 51[3] via P2P/MNNVL
node06:1241:1763 [2] NCCL INFO Channel 01/0 : 50[2] -> 51[3] via P2P/MNNVL
node06:1242:1765 [3] NCCL INFO Channel 02/0 : 51[3] -> 52[0] via P2P/MNNVL
node06:1241:1763 [2] NCCL INFO Channel 02/0 : 50[2] -> 51[3] via P2P/MNNVL
node06:1242:1765 [3] NCCL INFO Channel 03/0 : 51[3] -> 52[0] via P2P/MNNVL
node06:1241:1763 [2] NCCL INFO Channel 03/0 : 50[2] -> 51[3] via P2P/MNNVL
node06:1242:1765 [3] NCCL INFO Channel 04/0 : 51[3] -> 52[0] via P2P/MNNVL
node06:1241:1763 [2] NCCL INFO Channel 04/0 : 50[2] -> 51[3] via P2P/MNNVL
node06:1241:1763 [2] NCCL INFO Channel 05/0 : 50[2] -> 51[3] via P2P/MNNVL
node06:1242:1765 [3] NCCL INFO Channel 05/0 : 51[3] -> 52[0] via P2P/MNNVL
node06:1242:1765 [3] NCCL INFO Channel 06/0 : 51[3] -> 52[0] via P2P/MNNVL
node06:1241:1763 [2] NCCL INFO Channel 06/0 : 50[2] -> 51[3] via P2P/MNNVL
node06:1242:1765 [3] NCCL INFO Channel 07/0 : 51[3] -> 52[0] via P2P/MNNVL
node06:1241:1763 [2] NCCL INFO Channel 07/0 : 50[2] -> 51[3] via P2P/MNNVL
node06:1239:1764 [0] NCCL INFO Channel 00/0 : 48[0] -> 49[1] via P2P/MNNVL
node06:1242:1765 [3] NCCL INFO Channel 08/0 : 51[3] -> 52[0] via P2P/MNNVL
node06:1241:1763 [2] NCCL INFO Channel 08/0 : 50[2] -> 51[3] via P2P/MNNVL
node06:1239:1764 [0] NCCL INFO Channel 01/0 : 48[0] -> 49[1] via P2P/MNNVL
node06:1241:1763 [2] NCCL INFO Channel 09/0 : 50[2] -> 51[3] via P2P/MNNVL
node06:1240:1766 [1] NCCL INFO Channel 00/0 : 49[1] -> 50[2] via P2P/MNNVL
node06:1242:1765 [3] NCCL INFO Channel 09/0 : 51[3] -> 52[0] via P2P/MNNVL
node06:1239:1764 [0] NCCL INFO Channel 02/0 : 48[0] -> 49[1] via P2P/MNNVL
node06:1241:1763 [2] NCCL INFO Channel 10/0 : 50[2] -> 51[3] via P2P/MNNVL
node06:1242:1765 [3] NCCL INFO Channel 10/0 : 51[3] -> 52[0] via P2P/MNNVL
node06:1239:1764 [0] NCCL INFO Channel 03/0 : 48[0] -> 49[1] via P2P/MNNVL
node06:1240:1766 [1] NCCL INFO Channel 01/0 : 49[1] -> 50[2] via P2P/MNNVL
node06:1241:1763 [2] NCCL INFO Channel 11/0 : 50[2] -> 51[3] via P2P/MNNVL
node06:1242:1765 [3] NCCL INFO Channel 11/0 : 51[3] -> 52[0] via P2P/MNNVL
node06:1239:1764 [0] NCCL INFO Channel 04/0 : 48[0] -> 49[1] via P2P/MNNVL
node06:1240:1766 [1] NCCL INFO Channel 02/0 : 49[1] -> 50[2] via P2P/MNNVL
node06:1242:1765 [3] NCCL INFO Channel 12/0 : 51[3] -> 52[0] via P2P/MNNVL
node06:1241:1763 [2] NCCL INFO Channel 12/0 : 50[2] -> 51[3] via P2P/MNNVL
node06:1242:1765 [3] NCCL INFO Channel 13/0 : 51[3] -> 52[0] via P2P/MNNVL
node06:1239:1764 [0] NCCL INFO Channel 05/0 : 48[0] -> 49[1] via P2P/MNNVL
node06:1241:1763 [2] NCCL INFO Channel 13/0 : 50[2] -> 51[3] via P2P/MNNVL
node06:1240:1766 [1] NCCL INFO Channel 03/0 : 49[1] -> 50[2] via P2P/MNNVL
node06:1242:1765 [3] NCCL INFO Channel 14/0 : 51[3] -> 52[0] via P2P/MNNVL
node06:1241:1763 [2] NCCL INFO Channel 14/0 : 50[2] -> 51[3] via P2P/MNNVL
node06:1239:1764 [0] NCCL INFO Channel 06/0 : 48[0] -> 49[1] via P2P/MNNVL
node06:1240:1766 [1] NCCL INFO Channel 04/0 : 49[1] -> 50[2] via P2P/MNNVL
node06:1241:1763 [2] NCCL INFO Channel 15/0 : 50[2] -> 51[3] via P2P/MNNVL
node06:1242:1765 [3] NCCL INFO Channel 15/0 : 51[3] -> 52[0] via P2P/MNNVL
node06:1242:1765 [3] NCCL INFO Channel 16/0 : 51[3] -> 52[0] via P2P/MNNVL
node06:1241:1763 [2] NCCL INFO Channel 16/0 : 50[2] -> 51[3] via P2P/MNNVL
node06:1239:1764 [0] NCCL INFO Channel 07/0 : 48[0] -> 49[1] via P2P/MNNVL
node06:1240:1766 [1] NCCL INFO Channel 05/0 : 49[1] -> 50[2] via P2P/MNNVL
node06:1242:1765 [3] NCCL INFO Channel 17/0 : 51[3] -> 52[0] via P2P/MNNVL
node06:1241:1763 [2] NCCL INFO Channel 17/0 : 50[2] -> 51[3] via P2P/MNNVL
node06:1239:1764 [0] NCCL INFO Channel 08/0 : 48[0] -> 49[1] via P2P/MNNVL
node06:1240:1766 [1] NCCL INFO Channel 06/0 : 49[1] -> 50[2] via P2P/MNNVL
node06:1239:1764 [0] NCCL INFO Channel 09/0 : 48[0] -> 49[1] via P2P/MNNVL
node06:1242:1765 [3] NCCL INFO Channel 18/0 : 51[3] -> 52[0] via P2P/MNNVL
node06:1240:1766 [1] NCCL INFO Channel 07/0 : 49[1] -> 50[2] via P2P/MNNVL
node06:1241:1763 [2] NCCL INFO Channel 18/0 : 50[2] -> 51[3] via P2P/MNNVL
node06:1242:1765 [3] NCCL INFO Channel 19/0 : 51[3] -> 52[0] via P2P/MNNVL
node06:1239:1764 [0] NCCL INFO Channel 10/0 : 48[0] -> 49[1] via P2P/MNNVL
node06:1241:1763 [2] NCCL INFO Channel 19/0 : 50[2] -> 51[3] via P2P/MNNVL
node06:1240:1766 [1] NCCL INFO Channel 08/0 : 49[1] -> 50[2] via P2P/MNNVL
node06:1242:1765 [3] NCCL INFO Channel 20/0 : 51[3] -> 52[0] via P2P/MNNVL
node06:1239:1764 [0] NCCL INFO Channel 11/0 : 48[0] -> 49[1] via P2P/MNNVL
node06:1241:1763 [2] NCCL INFO Channel 20/0 : 50[2] -> 51[3] via P2P/MNNVL
node06:1240:1766 [1] NCCL INFO Channel 09/0 : 49[1] -> 50[2] via P2P/MNNVL
node06:1241:1763 [2] NCCL INFO Channel 21/0 : 50[2] -> 51[3] via P2P/MNNVL
node06:1239:1764 [0] NCCL INFO Channel 12/0 : 48[0] -> 49[1] via P2P/MNNVL
node06:1240:1766 [1] NCCL INFO Channel 10/0 : 49[1] -> 50[2] via P2P/MNNVL
node06:1242:1765 [3] NCCL INFO Channel 21/0 : 51[3] -> 52[0] via P2P/MNNVL
node06:1241:1763 [2] NCCL INFO Channel 22/0 : 50[2] -> 51[3] via P2P/MNNVL
node06:1239:1764 [0] NCCL INFO Channel 13/0 : 48[0] -> 49[1] via P2P/MNNVL
node06:1242:1765 [3] NCCL INFO Channel 22/0 : 51[3] -> 52[0] via P2P/MNNVL
node06:1240:1766 [1] NCCL INFO Channel 11/0 : 49[1] -> 50[2] via P2P/MNNVL
node06:1239:1764 [0] NCCL INFO Channel 14/0 : 48[0] -> 49[1] via P2P/MNNVL
node06:1241:1763 [2] NCCL INFO Channel 23/0 : 50[2] -> 51[3] via P2P/MNNVL
node06:1242:1765 [3] NCCL INFO Channel 23/0 : 51[3] -> 52[0] via P2P/MNNVL
node06:1240:1766 [1] NCCL INFO Channel 12/0 : 49[1] -> 50[2] via P2P/MNNVL
node06:1239:1764 [0] NCCL INFO Channel 15/0 : 48[0] -> 49[1] via P2P/MNNVL
node06:1242:1765 [3] NCCL INFO Channel 24/0 : 51[3] -> 52[0] via P2P/MNNVL
node06:1241:1763 [2] NCCL INFO Channel 24/0 : 50[2] -> 51[3] via P2P/MNNVL
node06:1240:1766 [1] NCCL INFO Channel 13/0 : 49[1] -> 50[2] via P2P/MNNVL
node06:1239:1764 [0] NCCL INFO Channel 16/0 : 48[0] -> 49[1] via P2P/MNNVL
node06:1241:1763 [2] NCCL INFO Channel 25/0 : 50[2] -> 51[3] via P2P/MNNVL
node06:1240:1766 [1] NCCL INFO Channel 14/0 : 49[1] -> 50[2] via P2P/MNNVL
node06:1242:1765 [3] NCCL INFO Channel 25/0 : 51[3] -> 52[0] via P2P/MNNVL
node06:1239:1764 [0] NCCL INFO Channel 17/0 : 48[0] -> 49[1] via P2P/MNNVL
node06:1239:1764 [0] NCCL INFO Channel 18/0 : 48[0] -> 49[1] via P2P/MNNVL
node06:1240:1766 [1] NCCL INFO Channel 15/0 : 49[1] -> 50[2] via P2P/MNNVL
node06:1242:1765 [3] NCCL INFO Channel 26/0 : 51[3] -> 52[0] via P2P/MNNVL
node06:1241:1763 [2] NCCL INFO Channel 26/0 : 50[2] -> 51[3] via P2P/MNNVL
node06:1240:1766 [1] NCCL INFO Channel 16/0 : 49[1] -> 50[2] via P2P/MNNVL
node06:1239:1764 [0] NCCL INFO Channel 19/0 : 48[0] -> 49[1] via P2P/MNNVL
node06:1242:1765 [3] NCCL INFO Channel 27/0 : 51[3] -> 52[0] via P2P/MNNVL
node06:1241:1763 [2] NCCL INFO Channel 27/0 : 50[2] -> 51[3] via P2P/MNNVL
node06:1240:1766 [1] NCCL INFO Channel 17/0 : 49[1] -> 50[2] via P2P/MNNVL
node06:1242:1765 [3] NCCL INFO Channel 28/0 : 51[3] -> 52[0] via P2P/MNNVL
node06:1239:1764 [0] NCCL INFO Channel 20/0 : 48[0] -> 49[1] via P2P/MNNVL
node06:1241:1763 [2] NCCL INFO Channel 28/0 : 50[2] -> 51[3] via P2P/MNNVL
node06:1242:1765 [3] NCCL INFO Channel 29/0 : 51[3] -> 52[0] via P2P/MNNVL
node06:1240:1766 [1] NCCL INFO Channel 18/0 : 49[1] -> 50[2] via P2P/MNNVL
node06:1239:1764 [0] NCCL INFO Channel 21/0 : 48[0] -> 49[1] via P2P/MNNVL
node06:1242:1765 [3] NCCL INFO Channel 30/0 : 51[3] -> 52[0] via P2P/MNNVL
node06:1241:1763 [2] NCCL INFO Channel 29/0 : 50[2] -> 51[3] via P2P/MNNVL
node06:1240:1766 [1] NCCL INFO Channel 19/0 : 49[1] -> 50[2] via P2P/MNNVL
node06:1239:1764 [0] NCCL INFO Channel 22/0 : 48[0] -> 49[1] via P2P/MNNVL
node06:1242:1765 [3] NCCL INFO Channel 31/0 : 51[3] -> 52[0] via P2P/MNNVL
node06:1240:1766 [1] NCCL INFO Channel 20/0 : 49[1] -> 50[2] via P2P/MNNVL
node06:1241:1763 [2] NCCL INFO Channel 30/0 : 50[2] -> 51[3] via P2P/MNNVL
node06:1240:1766 [1] NCCL INFO Channel 21/0 : 49[1] -> 50[2] via P2P/MNNVL
node06:1239:1764 [0] NCCL INFO Channel 23/0 : 48[0] -> 49[1] via P2P/MNNVL
node06:1241:1763 [2] NCCL INFO Channel 31/0 : 50[2] -> 51[3] via P2P/MNNVL
node06:1240:1766 [1] NCCL INFO Channel 22/0 : 49[1] -> 50[2] via P2P/MNNVL
node06:1239:1764 [0] NCCL INFO Channel 24/0 : 48[0] -> 49[1] via P2P/MNNVL
node06:1240:1766 [1] NCCL INFO Channel 23/0 : 49[1] -> 50[2] via P2P/MNNVL
node06:1239:1764 [0] NCCL INFO Channel 25/0 : 48[0] -> 49[1] via P2P/MNNVL
node06:1239:1764 [0] NCCL INFO Channel 26/0 : 48[0] -> 49[1] via P2P/MNNVL
node06:1240:1766 [1] NCCL INFO Channel 24/0 : 49[1] -> 50[2] via P2P/MNNVL
node06:1239:1764 [0] NCCL INFO Channel 27/0 : 48[0] -> 49[1] via P2P/MNNVL
node06:1240:1766 [1] NCCL INFO Channel 25/0 : 49[1] -> 50[2] via P2P/MNNVL
node06:1240:1766 [1] NCCL INFO Channel 26/0 : 49[1] -> 50[2] via P2P/MNNVL
node06:1239:1764 [0] NCCL INFO Channel 28/0 : 48[0] -> 49[1] via P2P/MNNVL
node06:1240:1766 [1] NCCL INFO Channel 27/0 : 49[1] -> 50[2] via P2P/MNNVL
node06:1239:1764 [0] NCCL INFO Channel 29/0 : 48[0] -> 49[1] via P2P/MNNVL
node06:1240:1766 [1] NCCL INFO Channel 28/0 : 49[1] -> 50[2] via P2P/MNNVL
node06:1239:1764 [0] NCCL INFO Channel 30/0 : 48[0] -> 49[1] via P2P/MNNVL
node06:1240:1766 [1] NCCL INFO Channel 29/0 : 49[1] -> 50[2] via P2P/MNNVL
node06:1239:1764 [0] NCCL INFO Channel 31/0 : 48[0] -> 49[1] via P2P/MNNVL
node06:1240:1766 [1] NCCL INFO Channel 30/0 : 49[1] -> 50[2] via P2P/MNNVL
node06:1240:1766 [1] NCCL INFO Channel 31/0 : 49[1] -> 50[2] via P2P/MNNVL
node06:1242:1765 [3] NCCL INFO Connected all rings, use ring PXN 0 GDR 1
node06:1241:1763 [2] NCCL INFO Connected all rings, use ring PXN 0 GDR 1
node06:1240:1766 [1] NCCL INFO Connected all rings, use ring PXN 0 GDR 1
node06:1239:1764 [0] NCCL INFO Connected all rings, use ring PXN 0 GDR 1
 > number of parameters on (tensor, pipeline) model parallel rank (3, 3): 8221286400 > number of parameters on (tensor, pipeline) model parallel rank (2, 3): 8221286400

 > number of parameters on (tensor, pipeline) model parallel rank (1, 3): 8221286400 > number of parameters on (tensor, pipeline) model parallel rank (0, 3): 8221286400

INFO:megatron.core.distributed.param_and_grad_buffer:Number of buckets for gradient all-reduce / reduce-scatter: 1
Params for bucket 1 (8021606400 elements, 8021606400 padded size):
	module.decoder.layers.26.self_attention.linear_qkv.weight
	module.decoder.layers.6.self_attention.linear_proj.weight
	module.decoder.layers.25.self_attention.linear_proj.weight
	module.decoder.layers.24.self_attention.linear_proj.weight
	module.decoder.layers.15.mlp.linear_fc1.weight
	module.decoder.layers.14.mlp.linear_fc1.weight
	module.decoder.layers.10.self_attention.linear_qkv.weight
	module.decoder.layers.29.self_attention.linear_proj.weight
	module.decoder.layers.21.self_attention.linear_proj.weight
	module.decoder.layers.16.mlp.linear_fc2.weight
	module.decoder.layers.9.self_attention.linear_proj.weight
	module.decoder.layers.8.self_attention.linear_qkv.weight
	module.decoder.layers.4.mlp.linear_fc2.weight
	module.decoder.layers.28.self_attention.linear_qkv.weight
	module.decoder.layers.27.self_attention.linear_qkv.weight
	module.decoder.layers.7.self_attention.linear_proj.weight
	module.decoder.layers.27.self_attention.linear_proj.weight
	module.decoder.layers.26.self_attention.linear_proj.weight
	module.decoder.layers.16.mlp.linear_fc1.weight
	module.decoder.layers.12.self_attention.linear_qkv.weight
	module.decoder.layers.11.self_attention.linear_qkv.weight
	module.decoder.layers.4.mlp.linear_fc1.weight
	module.decoder.layers.11.self_attention.linear_proj.weight
	module.decoder.layers.18.mlp.linear_fc2.weight
	module.decoder.layers.17.mlp.linear_fc2.weight
	module.decoder.layers.10.self_attention.linear_proj.weight
	module.decoder.layers.8.self_attention.linear_proj.weight
	module.decoder.layers.28.self_attention.linear_proj.weight
	module.decoder.layers.23.mlp.linear_fc2.weight
	module.decoder.layers.22.mlp.linear_fc2.weight
	module.decoder.layers.2.mlp.linear_fc2.weight
	module.decoder.layers.14.self_attention.linear_qkv.weight
	module.decoder.layers.29.mlp.linear_fc2.weight
	module.decoder.layers.18.mlp.linear_fc1.weight
	module.decoder.layers.17.mlp.linear_fc1.weight
	module.decoder.layers.13.self_attention.linear_qkv.weight
	module.decoder.layers.0.self_attention.linear_qkv.weight
	module.decoder.layers.19.mlp.linear_fc2.weight
	module.decoder.layers.12.self_attention.linear_proj.weight
	module.decoder.layers.1.self_attention.linear_qkv.weight
	module.decoder.layers.23.mlp.linear_fc1.weight
	module.decoder.layers.22.mlp.linear_fc1.weight
	module.decoder.layers.5.mlp.linear_fc2.weight
	module.decoder.layers.2.mlp.linear_fc1.weight
	module.decoder.layers.1.mlp.linear_fc2.weight
	module.decoder.layers.29.mlp.linear_fc1.weight
	module.decoder.layers.24.mlp.linear_fc2.weight
	module.decoder.layers.3.mlp.linear_fc2.weight
	module.decoder.layers.0.self_attention.linear_proj.weight
	module.decoder.layers.20.mlp.linear_fc1.weight
	module.decoder.layers.19.mlp.linear_fc1.weight
	module.decoder.layers.15.self_attention.linear_qkv.weight
	module.decoder.layers.13.self_attention.linear_proj.weight
	module.decoder.layers.21.mlp.linear_fc2.weight
	module.decoder.layers.20.mlp.linear_fc2.weight
	module.decoder.layers.14.self_attention.linear_proj.weight
	module.decoder.layers.5.mlp.linear_fc1.weight
	module.decoder.layers.24.mlp.linear_fc1.weight
	module.decoder.layers.7.mlp.linear_fc2.weight
	module.decoder.layers.6.mlp.linear_fc2.weight
	module.decoder.layers.3.mlp.linear_fc1.weight
	module.decoder.layers.0.mlp.linear_fc2.weight
	module.decoder.layers.26.mlp.linear_fc2.weight
	module.decoder.layers.25.mlp.linear_fc2.weight
	module.decoder.layers.2.self_attention.linear_proj.weight
	module.decoder.layers.21.mlp.linear_fc1.weight
	module.decoder.layers.17.self_attention.linear_qkv.weight
	module.decoder.layers.16.self_attention.linear_qkv.weight
	module.decoder.layers.9.mlp.linear_fc1.weight
	module.decoder.layers.4.self_attention.linear_qkv.weight
	module.decoder.layers.15.self_attention.linear_proj.weight
	module.decoder.layers.10.mlp.linear_fc2.weight
	module.decoder.layers.9.mlp.linear_fc2.weight
	module.decoder.layers.7.mlp.linear_fc1.weight
	module.decoder.layers.6.mlp.linear_fc1.weight
	module.decoder.layers.28.mlp.linear_fc2.weight
	module.decoder.layers.26.mlp.linear_fc1.weight
	module.decoder.layers.25.mlp.linear_fc1.weight
	module.decoder.layers.22.self_attention.linear_qkv.weight
	module.decoder.layers.8.mlp.linear_fc2.weight
	module.decoder.layers.27.mlp.linear_fc2.weight
	module.decoder.layers.1.self_attention.linear_proj.weight
	module.decoder.layers.18.self_attention.linear_qkv.weight
	module.decoder.layers.10.mlp.linear_fc1.weight
	module.decoder.layers.5.self_attention.linear_qkv.weight
	module.decoder.layers.5.self_attention.linear_proj.weight
	module.decoder.layers.12.mlp.linear_fc2.weight
	module.decoder.layers.11.mlp.linear_fc2.weight
	module.decoder.layers.17.self_attention.linear_proj.weight
	module.decoder.layers.16.self_attention.linear_proj.weight
	module.decoder.layers.8.mlp.linear_fc1.weight
	module.decoder.layers.28.mlp.linear_fc1.weight
	module.decoder.layers.27.mlp.linear_fc1.weight
	module.decoder.layers.23.self_attention.linear_qkv.weight
	module.decoder.layers.29.self_attention.linear_qkv.weight
	module.decoder.layers.22.self_attention.linear_proj.weight
	module.decoder.layers.1.mlp.linear_fc1.weight
	module.decoder.layers.11.mlp.linear_fc1.weight
	module.decoder.layers.20.self_attention.linear_qkv.weight
	module.decoder.layers.19.self_attention.linear_qkv.weight
	module.decoder.layers.12.mlp.linear_fc1.weight
	module.decoder.layers.19.self_attention.linear_proj.weight
	module.decoder.layers.18.self_attention.linear_proj.weight
	module.decoder.layers.13.mlp.linear_fc2.weight
	module.decoder.layers.6.self_attention.linear_qkv.weight
	module.decoder.layers.0.mlp.linear_fc1.weight
	module.decoder.layers.25.self_attention.linear_qkv.weight
	module.decoder.layers.24.self_attention.linear_qkv.weight
	module.decoder.layers.4.self_attention.linear_proj.weight
	module.decoder.layers.3.self_attention.linear_qkv.weight
	module.decoder.layers.23.self_attention.linear_proj.weight
	module.decoder.layers.3.self_attention.linear_proj.weight
	module.decoder.layers.2.self_attention.linear_qkv.weight
	module.decoder.layers.21.self_attention.linear_qkv.weight
	module.decoder.layers.13.mlp.linear_fc1.weight
	module.decoder.layers.9.self_attention.linear_qkv.weight
	module.decoder.layers.20.self_attention.linear_proj.weight
	module.decoder.layers.15.mlp.linear_fc2.weight
	module.decoder.layers.14.mlp.linear_fc2.weight
	module.decoder.layers.7.self_attention.linear_qkv.weight
INFO:megatron.core.distributed.param_and_grad_buffer:Number of buckets for gradient all-reduce / reduce-scatter: 1
Params for bucket 1 (199680000 elements, 199680000 padded size):
	module.decoder.layers.8.self_attention.linear_qkv.layer_norm_bias
	module.decoder.layers.28.self_attention.linear_qkv.layer_norm_bias
	module.decoder.layers.27.self_attention.linear_qkv.layer_norm_bias
	module.decoder.layers.18.mlp.linear_fc1.layer_norm_weight
	module.decoder.layers.14.self_attention.linear_qkv.layer_norm_weight
	module.decoder.layers.13.self_attention.linear_qkv.layer_norm_weight
	module.decoder.layers.0.self_attention.linear_qkv.layer_norm_weight
	module.decoder.layers.17.mlp.linear_fc1.layer_norm_bias
	module.decoder.layers.16.mlp.linear_fc1.layer_norm_bias
	module.decoder.layers.12.self_attention.linear_qkv.layer_norm_bias
	module.decoder.layers.11.self_attention.linear_qkv.layer_norm_bias
	module.decoder.layers.4.mlp.linear_fc1.layer_norm_bias
	module.decoder.layers.23.mlp.linear_fc1.layer_norm_weight
	module.decoder.layers.22.mlp.linear_fc1.layer_norm_weight
	module.decoder.layers.2.mlp.linear_fc1.layer_norm_weight
	module.decoder.layers.29.mlp.linear_fc1.layer_norm_weight
	module.decoder.layers.20.mlp.linear_fc1.layer_norm_weight
	module.decoder.layers.19.mlp.linear_fc1.layer_norm_weight
	module.decoder.layers.15.self_attention.linear_qkv.layer_norm_weight
	module.decoder.layers.13.self_attention.linear_qkv.layer_norm_bias
	module.decoder.final_layernorm.weight
	module.decoder.layers.18.mlp.linear_fc1.layer_norm_bias
	module.decoder.layers.14.self_attention.linear_qkv.layer_norm_bias
	module.decoder.layers.5.mlp.linear_fc1.layer_norm_weight
	module.decoder.layers.0.self_attention.linear_qkv.layer_norm_bias
	module.decoder.layers.25.mlp.linear_fc1.layer_norm_weight
	module.decoder.layers.24.mlp.linear_fc1.layer_norm_weight
	module.decoder.layers.3.mlp.linear_fc1.layer_norm_weight
	module.decoder.layers.1.self_attention.linear_qkv.layer_norm_bias
	module.decoder.layers.23.mlp.linear_fc1.layer_norm_bias
	module.decoder.layers.22.mlp.linear_fc1.layer_norm_bias
	module.decoder.layers.2.mlp.linear_fc1.layer_norm_bias
	module.decoder.layers.29.mlp.linear_fc1.layer_norm_bias
	module.decoder.layers.21.mlp.linear_fc1.layer_norm_weight
	module.decoder.layers.17.self_attention.linear_qkv.layer_norm_weight
	module.decoder.layers.16.self_attention.linear_qkv.layer_norm_weight
	module.decoder.layers.9.mlp.linear_fc1.layer_norm_weight
	module.decoder.layers.20.mlp.linear_fc1.layer_norm_bias
	module.decoder.layers.19.mlp.linear_fc1.layer_norm_bias
	module.decoder.layers.15.self_attention.linear_qkv.layer_norm_bias
	module.decoder.layers.7.mlp.linear_fc1.layer_norm_weight
	module.decoder.layers.6.mlp.linear_fc1.layer_norm_weight
	module.decoder.layers.26.mlp.linear_fc1.layer_norm_weight
	module.decoder.layers.22.self_attention.linear_qkv.layer_norm_weight
	module.decoder.layers.5.mlp.linear_fc1.layer_norm_bias
	module.decoder.layers.25.mlp.linear_fc1.layer_norm_bias
	module.decoder.layers.24.mlp.linear_fc1.layer_norm_bias
	module.decoder.layers.3.mlp.linear_fc1.layer_norm_bias
	module.decoder.layers.1.mlp.linear_fc1.layer_norm_weight
	module.decoder.layers.18.self_attention.linear_qkv.layer_norm_weight
	module.decoder.layers.10.mlp.linear_fc1.layer_norm_weight
	module.decoder.layers.5.self_attention.linear_qkv.layer_norm_weight
	module.decoder.layers.21.mlp.linear_fc1.layer_norm_bias
	module.decoder.layers.17.self_attention.linear_qkv.layer_norm_bias
	module.decoder.layers.16.self_attention.linear_qkv.layer_norm_bias
	module.decoder.layers.9.mlp.linear_fc1.layer_norm_bias
	module.decoder.layers.8.mlp.linear_fc1.layer_norm_weight
	module.decoder.layers.4.self_attention.linear_qkv.layer_norm_weight
	module.decoder.layers.28.mlp.linear_fc1.layer_norm_weight
	module.decoder.layers.27.mlp.linear_fc1.layer_norm_weight
	module.decoder.layers.23.self_attention.linear_qkv.layer_norm_weight
	module.decoder.layers.7.mlp.linear_fc1.layer_norm_bias
	module.decoder.layers.6.mlp.linear_fc1.layer_norm_bias
	module.output_layer.weight
	module.decoder.layers.26.mlp.linear_fc1.layer_norm_bias
	module.decoder.layers.22.self_attention.linear_qkv.layer_norm_bias
	module.decoder.layers.11.mlp.linear_fc1.layer_norm_weight
	module.decoder.layers.20.self_attention.linear_qkv.layer_norm_weight
	module.decoder.layers.19.self_attention.linear_qkv.layer_norm_weight
	module.decoder.layers.12.mlp.linear_fc1.layer_norm_weight
	module.decoder.layers.1.mlp.linear_fc1.layer_norm_bias
	module.decoder.layers.18.self_attention.linear_qkv.layer_norm_bias
	module.decoder.layers.10.mlp.linear_fc1.layer_norm_bias
	module.decoder.layers.6.self_attention.linear_qkv.layer_norm_weight
	module.decoder.layers.5.self_attention.linear_qkv.layer_norm_bias
	module.decoder.layers.0.mlp.linear_fc1.layer_norm_weight
	module.decoder.layers.25.self_attention.linear_qkv.layer_norm_weight
	module.decoder.layers.24.self_attention.linear_qkv.layer_norm_weight
	module.decoder.layers.8.mlp.linear_fc1.layer_norm_bias
	module.decoder.layers.4.self_attention.linear_qkv.layer_norm_bias
	module.decoder.layers.3.self_attention.linear_qkv.layer_norm_weight
	module.decoder.layers.28.mlp.linear_fc1.layer_norm_bias
	module.decoder.layers.27.mlp.linear_fc1.layer_norm_bias
	module.decoder.layers.23.self_attention.linear_qkv.layer_norm_bias
	module.decoder.layers.29.self_attention.linear_qkv.layer_norm_weight
	module.decoder.layers.21.self_attention.linear_qkv.layer_norm_weight
	module.decoder.layers.13.mlp.linear_fc1.layer_norm_weight
	module.decoder.layers.9.self_attention.linear_qkv.layer_norm_weight
	module.decoder.layers.11.mlp.linear_fc1.layer_norm_bias
	module.decoder.layers.12.mlp.linear_fc1.layer_norm_bias
	module.decoder.layers.20.self_attention.linear_qkv.layer_norm_bias
	module.decoder.layers.19.self_attention.linear_qkv.layer_norm_bias
	module.decoder.layers.7.self_attention.linear_qkv.layer_norm_weight
	module.decoder.layers.26.self_attention.linear_qkv.layer_norm_weight
	module.decoder.layers.6.self_attention.linear_qkv.layer_norm_bias
	module.decoder.layers.0.mlp.linear_fc1.layer_norm_bias
	module.decoder.layers.25.self_attention.linear_qkv.layer_norm_bias
	module.decoder.layers.24.self_attention.linear_qkv.layer_norm_bias
	module.decoder.layers.3.self_attention.linear_qkv.layer_norm_bias
	module.decoder.layers.15.mlp.linear_fc1.layer_norm_weight
	module.decoder.layers.14.mlp.linear_fc1.layer_norm_weight
	module.decoder.layers.10.self_attention.linear_qkv.layer_norm_weight
	module.decoder.layers.2.self_attention.linear_qkv.layer_norm_weight
	module.decoder.layers.29.self_attention.linear_qkv.layer_norm_bias
	module.decoder.layers.21.self_attention.linear_qkv.layer_norm_bias
	module.decoder.layers.13.mlp.linear_fc1.layer_norm_bias
	module.decoder.layers.9.self_attention.linear_qkv.layer_norm_bias
	module.decoder.layers.8.self_attention.linear_qkv.layer_norm_weight
	module.decoder.layers.28.self_attention.linear_qkv.layer_norm_weight
	module.decoder.layers.27.self_attention.linear_qkv.layer_norm_weight
	module.decoder.layers.7.self_attention.linear_qkv.layer_norm_bias
	module.decoder.layers.26.self_attention.linear_qkv.layer_norm_bias
	module.decoder.final_layernorm.bias
	module.decoder.layers.17.mlp.linear_fc1.layer_norm_weight
	module.decoder.layers.16.mlp.linear_fc1.layer_norm_weight
	module.decoder.layers.12.self_attention.linear_qkv.layer_norm_weight
	module.decoder.layers.11.self_attention.linear_qkv.layer_norm_weight
	module.decoder.layers.4.mlp.linear_fc1.layer_norm_weight
	module.decoder.layers.1.self_attention.linear_qkv.layer_norm_weight
	module.decoder.layers.15.mlp.linear_fc1.layer_norm_bias
	module.decoder.layers.14.mlp.linear_fc1.layer_norm_bias
	module.decoder.layers.10.self_attention.linear_qkv.layer_norm_bias
	module.decoder.layers.2.self_attention.linear_qkv.layer_norm_bias
node06:1241:1241 [2] NCCL INFO Comm config Blocking set to 1
node06:1242:1242 [3] NCCL INFO Comm config Blocking set to 1
node06:1240:1240 [1] NCCL INFO Comm config Blocking set to 1
node06:1241:2134 [2] NCCL INFO Assigned NET plugin IBext_v10 to comm
node06:1242:2135 [3] NCCL INFO Assigned NET plugin IBext_v10 to comm
node06:1241:2134 [2] NCCL INFO Using network IBext_v10
node06:1242:2135 [3] NCCL INFO Using network IBext_v10
node06:1242:2135 [3] NCCL INFO DMA-BUF is available on GPU device 3
node06:1241:2134 [2] NCCL INFO DMA-BUF is available on GPU device 2
node06:1240:2136 [1] NCCL INFO Assigned NET plugin IBext_v10 to comm
node06:1240:2136 [1] NCCL INFO Using network IBext_v10
node06:1240:2136 [1] NCCL INFO DMA-BUF is available on GPU device 1
node06:1241:2134 [2] NCCL INFO ncclCommInitRankConfig comm 0x574c6010 rank 3 nranks 4 cudaDev 2 nvmlDev 2 busId 1801000 commId 0xf329a24877f4539b - Init START
node06:1242:2135 [3] NCCL INFO ncclCommInitRankConfig comm 0x5be6fdd0 rank 3 nranks 4 cudaDev 3 nvmlDev 3 busId 1901000 commId 0xbaf1d898cbb520ea - Init START
node06:1239:1239 [0] NCCL INFO Comm config Blocking set to 1
node06:1240:2136 [1] NCCL INFO ncclCommInitRankConfig comm 0x48033100 rank 3 nranks 4 cudaDev 1 nvmlDev 1 busId 901000 commId 0x5198e7096aedca0e - Init START
node06:1239:2137 [0] NCCL INFO Assigned NET plugin IBext_v10 to comm
node06:1239:2137 [0] NCCL INFO Using network IBext_v10
node06:1239:2137 [0] NCCL INFO DMA-BUF is available on GPU device 0
node06:1239:2137 [0] NCCL INFO ncclCommInitRankConfig comm 0x39e41670 rank 3 nranks 4 cudaDev 0 nvmlDev 0 busId 801000 commId 0x8b0cb135804e9162 - Init START
node06:1240:2136 [1] NCCL INFO Bootstrap timings total 0.001723 (create 0.000031, send 0.000161, recv 0.000821, ring 0.000420, delay 0.000000)
node06:1241:2134 [2] NCCL INFO Bootstrap timings total 0.001835 (create 0.000050, send 0.000188, recv 0.000831, ring 0.000473, delay 0.000000)
node06:1241:2134 [2] NCCL INFO MNNVL busId 0x1801000 fabric UUID 4d4e0850a64dd29b.34b5c600be78169f cliqueId 0x7ffe state 3 healthMask 0xaa
node06:1240:2136 [1] NCCL INFO MNNVL busId 0x901000 fabric UUID 4d4e0850a64dd29b.34b5c600be78169f cliqueId 0x7ffe state 3 healthMask 0xaa
node06:1241:2134 [2] NCCL INFO MNNVL 1 cliqueId 7ffe cliqueSize 4 cliqueRank 3
node06:1240:2136 [1] NCCL INFO MNNVL 1 cliqueId 7ffe cliqueSize 4 cliqueRank 3
node06:1239:2137 [0] NCCL INFO Bootstrap timings total 0.003883 (create 0.000040, send 0.000200, recv 0.000263, ring 0.000263, delay 0.000000)
node06:1242:2135 [3] NCCL INFO Bootstrap timings total 0.006748 (create 0.000032, send 0.000168, recv 0.000804, ring 0.005403, delay 0.000000)
node06:1239:2137 [0] NCCL INFO MNNVL busId 0x801000 fabric UUID 4d4e0850a64dd29b.34b5c600be78169f cliqueId 0x7ffe state 3 healthMask 0xaa
node06:1242:2135 [3] NCCL INFO MNNVL busId 0x1901000 fabric UUID 4d4e0850a64dd29b.34b5c600be78169f cliqueId 0x7ffe state 3 healthMask 0xaa
node06:1239:2137 [0] NCCL INFO MNNVL 1 cliqueId 7ffe cliqueSize 4 cliqueRank 3
node06:1242:2135 [3] NCCL INFO MNNVL 1 cliqueId 7ffe cliqueSize 4 cliqueRank 3
node06:1240:2136 [1] NCCL INFO Setting affinity for GPU 1 to 0-71
node06:1240:2136 [1] NCCL INFO comm 0x48033100 rank 3 nRanks 4 nNodes 1 localRanks 4 localRank 3 MNNVL 1
node06:1240:2136 [1] NCCL INFO Trees [0] -1/-1/-1->3->2 [1] -1/-1/-1->3->2 [2] -1/-1/-1->3->2 [3] -1/-1/-1->3->2 [4] -1/-1/-1->3->2 [5] -1/-1/-1->3->2 [6] -1/-1/-1->3->2 [7] -1/-1/-1->3->2 [8] -1/-1/-1->3->2 [9] -1/-1/-1->3->2 [10] 0/-1/-1->3->2 [11] 0/-1/-1->3->2 [12] 0/-1/-1->3->2 [13] 0/-1/-1->3->2 [14] 0/-1/-1->3->-1 [15] 0/-1/-1->3->-1 [16] -1/-1/-1->3->2 [17] -1/-1/-1->3->2 [18] -1/-1/-1->3->2 [19] -1/-1/-1->3->2 [20] -1/-1/-1->3->2 [21] -1/-1/-1->3->2 [22] -1/-1/-1->3->2 [23] -1/-1/-1->3->2 [24] -1/-1/-1->3->2 [25] -1/-1/-1->3->2 [26] 0/-1/-1->3->2 [27] 0/-1/-1->3->2 [28] 0/-1/-1->3->2 [29] 0/-1/-1->3->2 [30] 0/-1/-1->3->-1 [31] 0/-1/-1->3->-1
node06:1240:2136 [1] NCCL INFO P2P Chunksize set to 524288
node06:1240:2138 [1] NCCL INFO [Proxy Service] Device 1 CPU core 10
node06:1240:2139 [1] NCCL INFO [Proxy Service UDS] Device 1 CPU core 11
node06:1241:2134 [2] NCCL INFO Setting affinity for GPU 2 to 72-143
node06:1241:2134 [2] NCCL INFO comm 0x574c6010 rank 3 nRanks 4 nNodes 1 localRanks 4 localRank 3 MNNVL 1
node06:1241:2134 [2] NCCL INFO Trees [0] -1/-1/-1->3->2 [1] -1/-1/-1->3->2 [2] -1/-1/-1->3->2 [3] -1/-1/-1->3->2 [4] -1/-1/-1->3->2 [5] -1/-1/-1->3->2 [6] -1/-1/-1->3->2 [7] -1/-1/-1->3->2 [8] -1/-1/-1->3->2 [9] -1/-1/-1->3->2 [10] 0/-1/-1->3->2 [11] 0/-1/-1->3->2 [12] 0/-1/-1->3->2 [13] 0/-1/-1->3->2 [14] 0/-1/-1->3->-1 [15] 0/-1/-1->3->-1 [16] -1/-1/-1->3->2 [17] -1/-1/-1->3->2 [18] -1/-1/-1->3->2 [19] -1/-1/-1->3->2 [20] -1/-1/-1->3->2 [21] -1/-1/-1->3->2 [22] -1/-1/-1->3->2 [23] -1/-1/-1->3->2 [24] -1/-1/-1->3->2 [25] -1/-1/-1->3->2 [26] 0/-1/-1->3->2 [27] 0/-1/-1->3->2 [28] 0/-1/-1->3->2 [29] 0/-1/-1->3->2 [30] 0/-1/-1->3->-1 [31] 0/-1/-1->3->-1
node06:1241:2134 [2] NCCL INFO P2P Chunksize set to 524288
node06:1241:2140 [2] NCCL INFO [Proxy Service] Device 2 CPU core 111
node06:1241:2141 [2] NCCL INFO [Proxy Service UDS] Device 2 CPU core 113
node06:1240:2136 [1] NCCL INFO threadThresholds 8/8/64 | 32/8/64 | 512 | 512
node06:1240:2136 [1] NCCL INFO 32 coll channels, 32 collnet channels, 0 nvls channels, 32 p2p channels, 32 p2p channels per peer
node06:1241:2134 [2] NCCL INFO threadThresholds 8/8/64 | 32/8/64 | 512 | 512
node06:1241:2134 [2] NCCL INFO 32 coll channels, 32 collnet channels, 0 nvls channels, 32 p2p channels, 32 p2p channels per peer
node06:1241:2134 [2] NCCL INFO ncclCommInitRankConfig comm 0x574c6010 rank 3 nranks 4 cudaDev 2 nvmlDev 2 busId 1801000 commId 0xf329a24877f4539b - Init COMPLETE
node06:1241:2134 [2] NCCL INFO Init timings - ncclCommInitRankConfig: rank 3 nranks 4 total 0.45 (kernels 0.00, alloc 0.00, bootstrap 0.00, allgathers 0.00, topo 0.32, graphs 0.00, connections 0.04, rest 0.08)
node06:1240:2136 [1] NCCL INFO ncclCommInitRankConfig comm 0x48033100 rank 3 nranks 4 cudaDev 1 nvmlDev 1 busId 901000 commId 0x5198e7096aedca0e - Init COMPLETE
