W1116 17:04:40.708000 1174 torch/distributed/run.py:766] 
W1116 17:04:40.708000 1174 torch/distributed/run.py:766] *****************************************
W1116 17:04:40.708000 1174 torch/distributed/run.py:766] Setting OMP_NUM_THREADS environment variable for each process to be 1 in default, to avoid your system being overloaded, please further tune the variable for optimal performance in your application as needed. 
W1116 17:04:40.708000 1174 torch/distributed/run.py:766] *****************************************
[Gloo] Rank [Gloo] Rank 11 is connected to  is connected to 11 peer ranks.  peer ranks. Expected number of connected peer ranks is : Expected number of connected peer ranks is : 11

[Gloo] Rank 1 is connected to 1 peer ranks. Expected number of connected peer ranks is : 1
[Gloo] Rank 1 is connected to 1 peer ranks. Expected number of connected peer ranks is : 1
[Gloo] Rank 0 is connected to 0 peer ranks. Expected number of connected peer ranks is : 0
[Gloo] Rank 0 is connected to 0 peer ranks. Expected number of connected peer ranks is : 0
[Gloo] Rank [Gloo] Rank 00 is connected to  is connected to 00 peer ranks.  peer ranks. Expected number of connected peer ranks is : Expected number of connected peer ranks is : 00

[Gloo] Rank 1 is connected to 1 peer ranks. Expected number of connected peer ranks is : 1
[Gloo] Rank 1 is connected to 1 peer ranks. Expected number of connected peer ranks is : 1
[Gloo] Rank 1 is connected to 1 peer ranks. Expected number of connected peer ranks is : 1
[Gloo] Rank 1 is connected to 1 peer ranks. Expected number of connected peer ranks is : 1
[rank13]:[W1116 17:05:24.010297942 ProcessGroupNCCL.cpp:4789] [PG ID 0 PG GUID 0 Rank 13]  using GPU 1 as device used by this process is currently unknown. This can potentially cause a hang if this rank to GPU mapping is incorrect. You can specify device_id in init_process_group() to force use of a particular device.
[rank14]:[W1116 17:05:24.010297910 ProcessGroupNCCL.cpp:4789] [PG ID 0 PG GUID 0 Rank 14]  using GPU 2 as device used by this process is currently unknown. This can potentially cause a hang if this rank to GPU mapping is incorrect. You can specify device_id in init_process_group() to force use of a particular device.
[rank15]:[W1116 17:05:24.010297270 ProcessGroupNCCL.cpp:4789] [PG ID 0 PG GUID 0 Rank 15]  using GPU 3 as device used by this process is currently unknown. This can potentially cause a hang if this rank to GPU mapping is incorrect. You can specify device_id in init_process_group() to force use of a particular device.
AD12-node04:1241:1241 [2] NCCL INFO cudaDriverVersion 12080
AD12-node04:1242:1242 [3] NCCL INFO cudaDriverVersion 12080
AD12-node04:1240:1240 [1] NCCL INFO cudaDriverVersion 12080
AD12-node04:1241:1241 [2] NCCL INFO Bootstrap: Using enP5p9s0:10.192.18.167<0>
AD12-node04:1242:1242 [3] NCCL INFO Bootstrap: Using enP5p9s0:10.192.18.167<0>
AD12-node04:1241:1241 [2] NCCL INFO NCCL version 2.27.3+cuda12.9
AD12-node04:1242:1242 [3] NCCL INFO NCCL version 2.27.3+cuda12.9
AD12-node04:1241:1241 [2] NCCL INFO Comm config Blocking set to 1
AD12-node04:1242:1242 [3] NCCL INFO Comm config Blocking set to 1
AD12-node04:1240:1240 [1] NCCL INFO Bootstrap: Using enP5p9s0:10.192.18.167<0>
AD12-node04:1240:1240 [1] NCCL INFO NCCL version 2.27.3+cuda12.9
AD12-node04:1240:1240 [1] NCCL INFO Comm config Blocking set to 1
[rank12]:[W1116 17:05:24.415271921 ProcessGroupNCCL.cpp:4789] [PG ID 0 PG GUID 0 Rank 12]  using GPU 0 as device used by this process is currently unknown. This can potentially cause a hang if this rank to GPU mapping is incorrect. You can specify device_id in init_process_group() to force use of a particular device.
AD12-node04:1239:1239 [0] NCCL INFO cudaDriverVersion 12080
AD12-node04:1239:1239 [0] NCCL INFO Bootstrap: Using enP5p9s0:10.192.18.167<0>
AD12-node04:1239:1239 [0] NCCL INFO NCCL version 2.27.3+cuda12.9
AD12-node04:1239:1239 [0] NCCL INFO Comm config Blocking set to 1
AD12-node04:1241:1723 [2] NCCL INFO NET/Plugin: Plugin name set by env to libnccl-net.so
AD12-node04:1242:1724 [3] NCCL INFO NET/Plugin: Plugin name set by env to libnccl-net.so
AD12-node04:1240:1725 [1] NCCL INFO NET/Plugin: Plugin name set by env to libnccl-net.so
AD12-node04:1241:1723 [2] NCCL INFO NET/Plugin: Loaded net plugin NCCL RDMA Plugin v10 (v10)
AD12-node04:1242:1724 [3] NCCL INFO NET/Plugin: Loaded net plugin NCCL RDMA Plugin v10 (v10)
AD12-node04:1241:1723 [2] NCCL INFO NET/Plugin: Loaded collnet plugin NCCL RDMA Plugin v10 (v10)
AD12-node04:1240:1725 [1] NCCL INFO NET/Plugin: Loaded net plugin NCCL RDMA Plugin v10 (v10)
AD12-node04:1242:1724 [3] NCCL INFO NET/Plugin: Loaded collnet plugin NCCL RDMA Plugin v10 (v10)
AD12-node04:1241:1723 [2] NCCL INFO Successfully loaded external plugin libnccl-net.so
AD12-node04:1240:1725 [1] NCCL INFO NET/Plugin: Loaded collnet plugin NCCL RDMA Plugin v10 (v10)
AD12-node04:1242:1724 [3] NCCL INFO Successfully loaded external plugin libnccl-net.so
AD12-node04:1240:1725 [1] NCCL INFO Successfully loaded external plugin libnccl-net.so
AD12-node04:1242:1724 [3] NCCL INFO Plugin Path : /opt/hpcx/nccl_rdma_sharp_plugin/lib/libnccl-net.so
AD12-node04:1242:1724 [3] NCCL INFO P2P plugin v10 IBext_v10
AD12-node04:1240:1725 [1] NCCL INFO Plugin Path : /opt/hpcx/nccl_rdma_sharp_plugin/lib/libnccl-net.so
AD12-node04:1240:1725 [1] NCCL INFO P2P plugin v10 IBext_v10
AD12-node04:1241:1723 [2] NCCL INFO Plugin Path : /opt/hpcx/nccl_rdma_sharp_plugin/lib/libnccl-net.so
AD12-node04:1241:1723 [2] NCCL INFO P2P plugin v10 IBext_v10
AD12-node04:1241:1723 [2] NCCL INFO NET/IB : Using [0]mlx5_0:1/RoCE [1]mlx5_1:1/RoCE [2]mlx5_2:1/RoCE [3]mlx5_3:1/RoCE [4]mlx5_4:1/RoCE [5]mlx5_5:1/RoCE [6]mlx5_6:1/RoCE [7]mlx5_7:1/RoCE [RO]; OOB enP5p9s0:10.192.18.167<0>
AD12-node04:1240:1725 [1] NCCL INFO NET/IB : Using [0]mlx5_0:1/RoCE [1]mlx5_1:1/RoCE [2]mlx5_2:1/RoCE [3]mlx5_3:1/RoCE [4]mlx5_4:1/RoCE [5]mlx5_5:1/RoCE [6]mlx5_6:1/RoCE [7]mlx5_7:1/RoCE [RO]; OOB enP5p9s0:10.192.18.167<0>
AD12-node04:1241:1723 [2] NCCL INFO Initialized NET plugin IBext_v10
AD12-node04:1240:1725 [1] NCCL INFO Initialized NET plugin IBext_v10
AD12-node04:1242:1724 [3] NCCL INFO NET/IB : Using [0]mlx5_0:1/RoCE [1]mlx5_1:1/RoCE [2]mlx5_2:1/RoCE [3]mlx5_3:1/RoCE [4]mlx5_4:1/RoCE [5]mlx5_5:1/RoCE [6]mlx5_6:1/RoCE [7]mlx5_7:1/RoCE [RO]; OOB enP5p9s0:10.192.18.167<0>
AD12-node04:1242:1724 [3] NCCL INFO Initialized NET plugin IBext_v10
AD12-node04:1240:1725 [1] NCCL INFO Assigned NET plugin IBext_v10 to comm
AD12-node04:1240:1725 [1] NCCL INFO Using network IBext_v10
AD12-node04:1241:1723 [2] NCCL INFO Assigned NET plugin IBext_v10 to comm
AD12-node04:1241:1723 [2] NCCL INFO Using network IBext_v10
AD12-node04:1242:1724 [3] NCCL INFO Assigned NET plugin IBext_v10 to comm
AD12-node04:1242:1724 [3] NCCL INFO Using network IBext_v10
AD12-node04:1239:1726 [0] NCCL INFO NET/Plugin: Plugin name set by env to libnccl-net.so
AD12-node04:1239:1726 [0] NCCL INFO NET/Plugin: Loaded net plugin NCCL RDMA Plugin v10 (v10)
AD12-node04:1239:1726 [0] NCCL INFO NET/Plugin: Loaded collnet plugin NCCL RDMA Plugin v10 (v10)
AD12-node04:1239:1726 [0] NCCL INFO Successfully loaded external plugin libnccl-net.so
AD12-node04:1239:1726 [0] NCCL INFO Plugin Path : /opt/hpcx/nccl_rdma_sharp_plugin/lib/libnccl-net.so
AD12-node04:1239:1726 [0] NCCL INFO P2P plugin v10 IBext_v10
AD12-node04:1241:1723 [2] NCCL INFO DMA-BUF is available on GPU device 2
AD12-node04:1240:1725 [1] NCCL INFO DMA-BUF is available on GPU device 1
AD12-node04:1241:1723 [2] NCCL INFO ncclCommInitRankConfig comm 0x23095b50 rank 14 nranks 64 cudaDev 2 nvmlDev 2 busId 1801000 commId 0xf9e8a31158cee9c0 - Init START
AD12-node04:1240:1725 [1] NCCL INFO ncclCommInitRankConfig comm 0x464abe10 rank 13 nranks 64 cudaDev 1 nvmlDev 1 busId 901000 commId 0xf9e8a31158cee9c0 - Init START
AD12-node04:1242:1724 [3] NCCL INFO DMA-BUF is available on GPU device 3
AD12-node04:1239:1726 [0] NCCL INFO NET/IB : Using [0]mlx5_0:1/RoCE [1]mlx5_1:1/RoCE [2]mlx5_2:1/RoCE [3]mlx5_3:1/RoCE [4]mlx5_4:1/RoCE [5]mlx5_5:1/RoCE [6]mlx5_6:1/RoCE [7]mlx5_7:1/RoCE [RO]; OOB enP5p9s0:10.192.18.167<0>
AD12-node04:1239:1726 [0] NCCL INFO Initialized NET plugin IBext_v10
AD12-node04:1242:1724 [3] NCCL INFO ncclCommInitRankConfig comm 0x49bf1400 rank 15 nranks 64 cudaDev 3 nvmlDev 3 busId 1901000 commId 0xf9e8a31158cee9c0 - Init START
AD12-node04:1239:1726 [0] NCCL INFO Assigned NET plugin IBext_v10 to comm
AD12-node04:1239:1726 [0] NCCL INFO Using network IBext_v10
AD12-node04:1241:1723 [2] NCCL INFO RAS client listening socket at 127.0.0.1<28028>
AD12-node04:1239:1726 [0] NCCL INFO DMA-BUF is available on GPU device 0
AD12-node04:1239:1726 [0] NCCL INFO ncclCommInitRankConfig comm 0x44ac5540 rank 12 nranks 64 cudaDev 0 nvmlDev 0 busId 801000 commId 0xf9e8a31158cee9c0 - Init START
AD12-node04:1239:1726 [0] NCCL INFO RAS client listening socket at 127.0.0.1<28028>
AD12-node04:1240:1725 [1] NCCL INFO RAS client listening socket at 127.0.0.1<28028>
AD12-node04:1242:1724 [3] NCCL INFO RAS client listening socket at 127.0.0.1<28028>
AD12-node04:1241:1723 [2] NCCL INFO Bootstrap timings total 0.097459 (create 0.000057, send 0.000203, recv 0.003610, ring 0.093213, delay 0.000001)
AD12-node04:1242:1724 [3] NCCL INFO Bootstrap timings total 0.093979 (create 0.000038, send 0.000124, recv 0.077436, ring 0.015961, delay 0.000000)
AD12-node04:1240:1725 [1] NCCL INFO Bootstrap timings total 0.095428 (create 0.000027, send 0.000167, recv 0.000494, ring 0.067446, delay 0.000000)
AD12-node04:1239:1726 [0] NCCL INFO Bootstrap timings total 0.069087 (create 0.000033, send 0.000133, recv 0.000398, ring 0.068181, delay 0.000000)
AD12-node04:1241:1723 [2] NCCL INFO MNNVL busId 0x1801000 fabric UUID 4d4e0850a64dd29b.34b5c600be78169f cliqueId 0x7ffe state 3 healthMask 0xaa
AD12-node04:1242:1724 [3] NCCL INFO MNNVL busId 0x1901000 fabric UUID 4d4e0850a64dd29b.34b5c600be78169f cliqueId 0x7ffe state 3 healthMask 0xaa
AD12-node04:1240:1725 [1] NCCL INFO MNNVL busId 0x901000 fabric UUID 4d4e0850a64dd29b.34b5c600be78169f cliqueId 0x7ffe state 3 healthMask 0xaa
AD12-node04:1239:1726 [0] NCCL INFO MNNVL busId 0x801000 fabric UUID 4d4e0850a64dd29b.34b5c600be78169f cliqueId 0x7ffe state 3 healthMask 0xaa
AD12-node04:1241:1723 [2] NCCL INFO MNNVL 1 cliqueId 7ffe cliqueSize 64 cliqueRank 14
AD12-node04:1242:1724 [3] NCCL INFO MNNVL 1 cliqueId 7ffe cliqueSize 64 cliqueRank 15
AD12-node04:1240:1725 [1] NCCL INFO MNNVL 1 cliqueId 7ffe cliqueSize 64 cliqueRank 13
AD12-node04:1239:1726 [0] NCCL INFO MNNVL 1 cliqueId 7ffe cliqueSize 64 cliqueRank 12
AD12-node04:1242:1724 [3] NCCL INFO Setting affinity for GPU 3 to 72-143
AD12-node04:1242:1724 [3] NCCL INFO NCCL_NVLS_ENABLE set by environment to 0.
AD12-node04:1240:1725 [1] NCCL INFO Setting affinity for GPU 1 to 0-71
AD12-node04:1240:1725 [1] NCCL INFO NCCL_NVLS_ENABLE set by environment to 0.
AD12-node04:1241:1723 [2] NCCL INFO Setting affinity for GPU 2 to 72-143
AD12-node04:1241:1723 [2] NCCL INFO NCCL_NVLS_ENABLE set by environment to 0.
AD12-node04:1239:1726 [0] NCCL INFO Setting affinity for GPU 0 to 0-71
AD12-node04:1239:1726 [0] NCCL INFO NCCL_NVLS_ENABLE set by environment to 0.
AD12-node04:1242:1724 [3] NCCL INFO comm 0x49bf1400 rank 15 nRanks 64 nNodes 1 localRanks 64 localRank 15 MNNVL 1
AD12-node04:1240:1725 [1] NCCL INFO comm 0x464abe10 rank 13 nRanks 64 nNodes 1 localRanks 64 localRank 13 MNNVL 1
AD12-node04:1241:1723 [2] NCCL INFO comm 0x23095b50 rank 14 nRanks 64 nNodes 1 localRanks 64 localRank 14 MNNVL 1
AD12-node04:1242:1724 [3] NCCL INFO Trees [0] 16/-1/-1->15->14 [1] 16/-1/-1->15->14 [2] 16/-1/-1->15->14 [3] 16/-1/-1->15->14 [4] 16/-1/-1->15->14 [5] 16/-1/-1->15->14 [6] 16/-1/-1->15->14 [7] 16/-1/-1->15->14 [8] 16/-1/-1->15->14 [9] 16/-1/-1->15->14 [10] 16/-1/-1->15->14 [11] 16/-1/-1->15->14 [12] 16/-1/-1->15->14 [13] 16/-1/-1->15->14 [14] 16/-1/-1->15->14 [15] 16/-1/-1->15->14 [16] 16/-1/-1->15->14 [17] 16/-1/-1->15->14 [18] 16/-1/-1->15->14 [19] 16/-1/-1->15->14 [20] 16/-1/-1->15->14 [21] 16/-1/-1->15->14 [22] 16/-1/-1->15->14 [23] 16/-1/-1->15->14 [24] 16/-1/-1->15->14 [25] 16/-1/-1->15->14 [26] 16/-1/-1->15->14 [27] 16/-1/-1->15->14 [28] 16/-1/-1->15->14 [29] 16/-1/-1->15->14 [30] 16/-1/-1->15->14 [31] 16/-1/-1->15->14
AD12-node04:1242:1724 [3] NCCL INFO P2P Chunksize set to 524288
AD12-node04:1240:1725 [1] NCCL INFO Trees [0] 14/-1/-1->13->12 [1] 14/-1/-1->13->12 [2] 14/-1/-1->13->12 [3] 14/-1/-1->13->12 [4] 14/-1/-1->13->12 [5] 14/-1/-1->13->12 [6] 14/-1/-1->13->12 [7] 14/-1/-1->13->12 [8] 14/-1/-1->13->12 [9] 14/-1/-1->13->12 [10] 14/-1/-1->13->12 [11] 14/-1/-1->13->12 [12] 14/-1/-1->13->12 [13] 14/-1/-1->13->12 [14] 14/-1/-1->13->12 [15] 14/-1/-1->13->12 [16] 14/-1/-1->13->12 [17] 14/-1/-1->13->12 [18] 14/-1/-1->13->12 [19] 14/-1/-1->13->12 [20] 14/-1/-1->13->12 [21] 14/-1/-1->13->12 [22] 14/-1/-1->13->12 [23] 14/-1/-1->13->12 [24] 14/-1/-1->13->12 [25] 14/-1/-1->13->12 [26] 14/-1/-1->13->12 [27] 14/-1/-1->13->12 [28] 14/-1/-1->13->12 [29] 14/-1/-1->13->12 [30] 14/-1/-1->13->12 [31] 14/-1/-1->13->12
AD12-node04:1241:1723 [2] NCCL INFO Trees [0] 15/-1/-1->14->13 [1] 15/-1/-1->14->13 [2] 15/-1/-1->14->13 [3] 15/-1/-1->14->13 [4] 15/-1/-1->14->13 [5] 15/-1/-1->14->13 [6] 15/-1/-1->14->13 [7] 15/-1/-1->14->13 [8] 15/-1/-1->14->13 [9] 15/-1/-1->14->13 [10] 15/-1/-1->14->13 [11] 15/-1/-1->14->13 [12] 15/-1/-1->14->13 [13] 15/-1/-1->14->13 [14] 15/-1/-1->14->13 [15] 15/-1/-1->14->13 [16] 15/-1/-1->14->13 [17] 15/-1/-1->14->13 [18] 15/-1/-1->14->13 [19] 15/-1/-1->14->13 [20] 15/-1/-1->14->13 [21] 15/-1/-1->14->13 [22] 15/-1/-1->14->13 [23] 15/-1/-1->14->13 [24] 15/-1/-1->14->13 [25] 15/-1/-1->14->13 [26] 15/-1/-1->14->13 [27] 15/-1/-1->14->13 [28] 15/-1/-1->14->13 [29] 15/-1/-1->14->13 [30] 15/-1/-1->14->13 [31] 15/-1/-1->14->13
AD12-node04:1240:1725 [1] NCCL INFO P2P Chunksize set to 524288
AD12-node04:1241:1723 [2] NCCL INFO P2P Chunksize set to 524288
AD12-node04:1239:1726 [0] NCCL INFO comm 0x44ac5540 rank 12 nRanks 64 nNodes 1 localRanks 64 localRank 12 MNNVL 1
AD12-node04:1239:1726 [0] NCCL INFO Trees [0] 13/-1/-1->12->11 [1] 13/-1/-1->12->11 [2] 13/-1/-1->12->11 [3] 13/-1/-1->12->11 [4] 13/-1/-1->12->11 [5] 13/-1/-1->12->11 [6] 13/-1/-1->12->11 [7] 13/-1/-1->12->11 [8] 13/-1/-1->12->11 [9] 13/-1/-1->12->11 [10] 13/-1/-1->12->11 [11] 13/-1/-1->12->11 [12] 13/-1/-1->12->11 [13] 13/-1/-1->12->11 [14] 13/-1/-1->12->11 [15] 13/-1/-1->12->11 [16] 13/-1/-1->12->11 [17] 13/-1/-1->12->11 [18] 13/-1/-1->12->11 [19] 13/-1/-1->12->11 [20] 13/-1/-1->12->11 [21] 13/-1/-1->12->11 [22] 13/-1/-1->12->11 [23] 13/-1/-1->12->11 [24] 13/-1/-1->12->11 [25] 13/-1/-1->12->11 [26] 13/-1/-1->12->11 [27] 13/-1/-1->12->11 [28] 13/-1/-1->12->11 [29] 13/-1/-1->12->11 [30] 13/-1/-1->12->11 [31] 13/-1/-1->12->11
AD12-node04:1239:1726 [0] NCCL INFO P2P Chunksize set to 524288
AD12-node04:1242:1724 [3] NCCL INFO PROFILER/Plugin: Could not find: libnccl-profiler.so. 
AD12-node04:1240:1725 [1] NCCL INFO PROFILER/Plugin: Could not find: libnccl-profiler.so. 
AD12-node04:1241:1723 [2] NCCL INFO PROFILER/Plugin: Could not find: libnccl-profiler.so. 
AD12-node04:1242:1763 [3] NCCL INFO [Proxy Service] Device 3 CPU core 99
AD12-node04:1241:1764 [2] NCCL INFO [Proxy Service] Device 2 CPU core 95
AD12-node04:1242:1766 [3] NCCL INFO [Proxy Service UDS] Device 3 CPU core 101
AD12-node04:1241:1767 [2] NCCL INFO [Proxy Service UDS] Device 2 CPU core 98
AD12-node04:1240:1765 [1] NCCL INFO [Proxy Service] Device 1 CPU core 55
AD12-node04:1240:1768 [1] NCCL INFO [Proxy Service UDS] Device 1 CPU core 56
AD12-node04:1239:1726 [0] NCCL INFO PROFILER/Plugin: Could not find: libnccl-profiler.so. 
AD12-node04:1239:1769 [0] NCCL INFO [Proxy Service] Device 0 CPU core 65
AD12-node04:1239:1770 [0] NCCL INFO [Proxy Service UDS] Device 0 CPU core 66
AD12-node04:1242:1724 [3] NCCL INFO threadThresholds 8/8/64 | 512/8/64 | 512 | 512
AD12-node04:1242:1724 [3] NCCL INFO 32 coll channels, 32 collnet channels, 0 nvls channels, 32 p2p channels, 32 p2p channels per peer
AD12-node04:1241:1723 [2] NCCL INFO threadThresholds 8/8/64 | 512/8/64 | 512 | 512
AD12-node04:1241:1723 [2] NCCL INFO 32 coll channels, 32 collnet channels, 0 nvls channels, 32 p2p channels, 32 p2p channels per peer
AD12-node04:1240:1725 [1] NCCL INFO threadThresholds 8/8/64 | 512/8/64 | 512 | 512
AD12-node04:1240:1725 [1] NCCL INFO 32 coll channels, 32 collnet channels, 0 nvls channels, 32 p2p channels, 32 p2p channels per peer
AD12-node04:1239:1726 [0] NCCL INFO threadThresholds 8/8/64 | 512/8/64 | 512 | 512
AD12-node04:1239:1726 [0] NCCL INFO 32 coll channels, 32 collnet channels, 0 nvls channels, 32 p2p channels, 32 p2p channels per peer
AD12-node04:1239:1726 [0] NCCL INFO TUNER/Plugin: Could not find: libnccl-tuner.so. Using internal tuner plugin.
AD12-node04:1241:1723 [2] NCCL INFO TUNER/Plugin: Could not find: libnccl-tuner.so. Using internal tuner plugin.
AD12-node04:1242:1724 [3] NCCL INFO TUNER/Plugin: Could not find: libnccl-tuner.so. Using internal tuner plugin.
AD12-node04:1240:1725 [1] NCCL INFO TUNER/Plugin: Could not find: libnccl-tuner.so. Using internal tuner plugin.
AD12-node04:1239:1726 [0] NCCL INFO TUNER/Plugin: Failed to find ncclTunerPlugin_v4 symbol.
AD12-node04:1241:1723 [2] NCCL INFO TUNER/Plugin: Failed to find ncclTunerPlugin_v4 symbol.
AD12-node04:1242:1724 [3] NCCL INFO TUNER/Plugin: Failed to find ncclTunerPlugin_v4 symbol.
AD12-node04:1239:1726 [0] NCCL INFO TUNER/Plugin: Failed to find ncclTunerPlugin_v3 symbol.
AD12-node04:1240:1725 [1] NCCL INFO TUNER/Plugin: Failed to find ncclTunerPlugin_v4 symbol.
AD12-node04:1241:1723 [2] NCCL INFO TUNER/Plugin: Failed to find ncclTunerPlugin_v3 symbol.
AD12-node04:1242:1724 [3] NCCL INFO TUNER/Plugin: Failed to find ncclTunerPlugin_v3 symbol.
AD12-node04:1239:1726 [0] NCCL INFO TUNER/Plugin: Failed to find ncclTunerPlugin_v2 symbol, using internal tuner instead.
AD12-node04:1240:1725 [1] NCCL INFO TUNER/Plugin: Failed to find ncclTunerPlugin_v3 symbol.
AD12-node04:1239:1726 [0] NCCL INFO ncclCommInitRankConfig comm 0x44ac5540 rank 12 nranks 64 cudaDev 0 nvmlDev 0 busId 801000 commId 0xf9e8a31158cee9c0 - Init COMPLETE
AD12-node04:1241:1723 [2] NCCL INFO TUNER/Plugin: Failed to find ncclTunerPlugin_v2 symbol, using internal tuner instead.
AD12-node04:1239:1726 [0] NCCL INFO Init timings - ncclCommInitRankConfig: rank 12 nranks 64 total 2.68 (kernels 0.13, alloc 0.05, bootstrap 0.07, allgathers 0.09, topo 2.13, graphs 0.05, connections 0.15, rest 0.02)
AD12-node04:1242:1724 [3] NCCL INFO TUNER/Plugin: Failed to find ncclTunerPlugin_v2 symbol, using internal tuner instead.
AD12-node04:1240:1725 [1] NCCL INFO TUNER/Plugin: Failed to find ncclTunerPlugin_v2 symbol, using internal tuner instead.
AD12-node04:1241:1723 [2] NCCL INFO ncclCommInitRankConfig comm 0x23095b50 rank 14 nranks 64 cudaDev 2 nvmlDev 2 busId 1801000 commId 0xf9e8a31158cee9c0 - Init COMPLETE
AD12-node04:1242:1724 [3] NCCL INFO ncclCommInitRankConfig comm 0x49bf1400 rank 15 nranks 64 cudaDev 3 nvmlDev 3 busId 1901000 commId 0xf9e8a31158cee9c0 - Init COMPLETE
AD12-node04:1240:1725 [1] NCCL INFO ncclCommInitRankConfig comm 0x464abe10 rank 13 nranks 64 cudaDev 1 nvmlDev 1 busId 901000 commId 0xf9e8a31158cee9c0 - Init COMPLETE
AD12-node04:1241:1723 [2] NCCL INFO Init timings - ncclCommInitRankConfig: rank 14 nranks 64 total 2.96 (kernels 0.28, alloc 0.15, bootstrap 0.10, allgathers 0.11, topo 2.11, graphs 0.04, connections 0.15, rest 0.02)
AD12-node04:1242:1724 [3] NCCL INFO Init timings - ncclCommInitRankConfig: rank 15 nranks 64 total 2.96 (kernels 0.28, alloc 0.15, bootstrap 0.09, allgathers 0.13, topo 2.09, graphs 0.04, connections 0.14, rest 0.03)
AD12-node04:1240:1725 [1] NCCL INFO Init timings - ncclCommInitRankConfig: rank 13 nranks 64 total 2.96 (kernels 0.28, alloc 0.15, bootstrap 0.10, allgathers 0.11, topo 2.11, graphs 0.04, connections 0.15, rest 0.01)
AD12-node04:1242:1771 [3] NCCL INFO Channel 00/0 : 15[3] -> 16[0] via P2P/MNNVL
AD12-node04:1242:1771 [3] NCCL INFO Channel 01/0 : 15[3] -> 16[0] via P2P/MNNVL
AD12-node04:1241:1772 [2] NCCL INFO Channel 00/0 : 14[2] -> 15[3] via P2P/MNNVL
AD12-node04:1242:1771 [3] NCCL INFO Channel 02/0 : 15[3] -> 16[0] via P2P/MNNVL
AD12-node04:1241:1772 [2] NCCL INFO Channel 01/0 : 14[2] -> 15[3] via P2P/MNNVL
AD12-node04:1242:1771 [3] NCCL INFO Channel 03/0 : 15[3] -> 16[0] via P2P/MNNVL
AD12-node04:1241:1772 [2] NCCL INFO Channel 02/0 : 14[2] -> 15[3] via P2P/MNNVL
AD12-node04:1242:1771 [3] NCCL INFO Channel 04/0 : 15[3] -> 16[0] via P2P/MNNVL
AD12-node04:1241:1772 [2] NCCL INFO Channel 03/0 : 14[2] -> 15[3] via P2P/MNNVL
AD12-node04:1240:1773 [1] NCCL INFO Channel 00/0 : 13[1] -> 14[2] via P2P/MNNVL
AD12-node04:1242:1771 [3] NCCL INFO Channel 05/0 : 15[3] -> 16[0] via P2P/MNNVL
AD12-node04:1240:1773 [1] NCCL INFO Channel 01/0 : 13[1] -> 14[2] via P2P/MNNVL
AD12-node04:1241:1772 [2] NCCL INFO Channel 04/0 : 14[2] -> 15[3] via P2P/MNNVL
AD12-node04:1242:1771 [3] NCCL INFO Channel 06/0 : 15[3] -> 16[0] via P2P/MNNVL
AD12-node04:1241:1772 [2] NCCL INFO Channel 05/0 : 14[2] -> 15[3] via P2P/MNNVL
AD12-node04:1240:1773 [1] NCCL INFO Channel 02/0 : 13[1] -> 14[2] via P2P/MNNVL
AD12-node04:1242:1771 [3] NCCL INFO Channel 07/0 : 15[3] -> 16[0] via P2P/MNNVL
AD12-node04:1241:1772 [2] NCCL INFO Channel 06/0 : 14[2] -> 15[3] via P2P/MNNVL
AD12-node04:1240:1773 [1] NCCL INFO Channel 03/0 : 13[1] -> 14[2] via P2P/MNNVL
AD12-node04:1239:1774 [0] NCCL INFO Channel 00/0 : 12[0] -> 13[1] via P2P/MNNVL
AD12-node04:1241:1772 [2] NCCL INFO Channel 07/0 : 14[2] -> 15[3] via P2P/MNNVL
AD12-node04:1242:1771 [3] NCCL INFO Channel 08/0 : 15[3] -> 16[0] via P2P/MNNVL
AD12-node04:1239:1774 [0] NCCL INFO Channel 01/0 : 12[0] -> 13[1] via P2P/MNNVL
AD12-node04:1241:1772 [2] NCCL INFO Channel 08/0 : 14[2] -> 15[3] via P2P/MNNVL
AD12-node04:1240:1773 [1] NCCL INFO Channel 04/0 : 13[1] -> 14[2] via P2P/MNNVL
AD12-node04:1242:1771 [3] NCCL INFO Channel 09/0 : 15[3] -> 16[0] via P2P/MNNVL
AD12-node04:1241:1772 [2] NCCL INFO Channel 09/0 : 14[2] -> 15[3] via P2P/MNNVL
AD12-node04:1239:1774 [0] NCCL INFO Channel 02/0 : 12[0] -> 13[1] via P2P/MNNVL
AD12-node04:1240:1773 [1] NCCL INFO Channel 05/0 : 13[1] -> 14[2] via P2P/MNNVL
AD12-node04:1242:1771 [3] NCCL INFO Channel 10/0 : 15[3] -> 16[0] via P2P/MNNVL
AD12-node04:1241:1772 [2] NCCL INFO Channel 10/0 : 14[2] -> 15[3] via P2P/MNNVL
AD12-node04:1242:1771 [3] NCCL INFO Channel 11/0 : 15[3] -> 16[0] via P2P/MNNVL
AD12-node04:1239:1774 [0] NCCL INFO Channel 03/0 : 12[0] -> 13[1] via P2P/MNNVL
AD12-node04:1240:1773 [1] NCCL INFO Channel 06/0 : 13[1] -> 14[2] via P2P/MNNVL
AD12-node04:1241:1772 [2] NCCL INFO Channel 11/0 : 14[2] -> 15[3] via P2P/MNNVL
AD12-node04:1242:1771 [3] NCCL INFO Channel 12/0 : 15[3] -> 16[0] via P2P/MNNVL
AD12-node04:1239:1774 [0] NCCL INFO Channel 04/0 : 12[0] -> 13[1] via P2P/MNNVL
AD12-node04:1240:1773 [1] NCCL INFO Channel 07/0 : 13[1] -> 14[2] via P2P/MNNVL
AD12-node04:1242:1771 [3] NCCL INFO Channel 13/0 : 15[3] -> 16[0] via P2P/MNNVL
AD12-node04:1239:1774 [0] NCCL INFO Channel 05/0 : 12[0] -> 13[1] via P2P/MNNVL
AD12-node04:1241:1772 [2] NCCL INFO Channel 12/0 : 14[2] -> 15[3] via P2P/MNNVL
AD12-node04:1240:1773 [1] NCCL INFO Channel 08/0 : 13[1] -> 14[2] via P2P/MNNVL
AD12-node04:1242:1771 [3] NCCL INFO Channel 14/0 : 15[3] -> 16[0] via P2P/MNNVL
AD12-node04:1239:1774 [0] NCCL INFO Channel 06/0 : 12[0] -> 13[1] via P2P/MNNVL
AD12-node04:1240:1773 [1] NCCL INFO Channel 09/0 : 13[1] -> 14[2] via P2P/MNNVL
AD12-node04:1240:1773 [1] NCCL INFO Channel 10/0 : 13[1] -> 14[2] via P2P/MNNVL
AD12-node04:1241:1772 [2] NCCL INFO Channel 13/0 : 14[2] -> 15[3] via P2P/MNNVL
AD12-node04:1239:1774 [0] NCCL INFO Channel 07/0 : 12[0] -> 13[1] via P2P/MNNVL
AD12-node04:1242:1771 [3] NCCL INFO Channel 15/0 : 15[3] -> 16[0] via P2P/MNNVL
AD12-node04:1240:1773 [1] NCCL INFO Channel 11/0 : 13[1] -> 14[2] via P2P/MNNVL
AD12-node04:1239:1774 [0] NCCL INFO Channel 08/0 : 12[0] -> 13[1] via P2P/MNNVL
AD12-node04:1242:1771 [3] NCCL INFO Channel 16/0 : 15[3] -> 16[0] via P2P/MNNVL
AD12-node04:1241:1772 [2] NCCL INFO Channel 14/0 : 14[2] -> 15[3] via P2P/MNNVL
AD12-node04:1240:1773 [1] NCCL INFO Channel 12/0 : 13[1] -> 14[2] via P2P/MNNVL
AD12-node04:1239:1774 [0] NCCL INFO Channel 09/0 : 12[0] -> 13[1] via P2P/MNNVL
AD12-node04:1241:1772 [2] NCCL INFO Channel 15/0 : 14[2] -> 15[3] via P2P/MNNVL
AD12-node04:1240:1773 [1] NCCL INFO Channel 13/0 : 13[1] -> 14[2] via P2P/MNNVL
AD12-node04:1242:1771 [3] NCCL INFO Channel 17/0 : 15[3] -> 16[0] via P2P/MNNVL
AD12-node04:1239:1774 [0] NCCL INFO Channel 10/0 : 12[0] -> 13[1] via P2P/MNNVL
AD12-node04:1241:1772 [2] NCCL INFO Channel 16/0 : 14[2] -> 15[3] via P2P/MNNVL
AD12-node04:1242:1771 [3] NCCL INFO Channel 18/0 : 15[3] -> 16[0] via P2P/MNNVL
AD12-node04:1241:1772 [2] NCCL INFO Channel 17/0 : 14[2] -> 15[3] via P2P/MNNVL
AD12-node04:1239:1774 [0] NCCL INFO Channel 11/0 : 12[0] -> 13[1] via P2P/MNNVL
AD12-node04:1240:1773 [1] NCCL INFO Channel 14/0 : 13[1] -> 14[2] via P2P/MNNVL
AD12-node04:1241:1772 [2] NCCL INFO Channel 18/0 : 14[2] -> 15[3] via P2P/MNNVL
AD12-node04:1242:1771 [3] NCCL INFO Channel 19/0 : 15[3] -> 16[0] via P2P/MNNVL
AD12-node04:1242:1771 [3] NCCL INFO Channel 20/0 : 15[3] -> 16[0] via P2P/MNNVL
AD12-node04:1240:1773 [1] NCCL INFO Channel 15/0 : 13[1] -> 14[2] via P2P/MNNVL
AD12-node04:1241:1772 [2] NCCL INFO Channel 19/0 : 14[2] -> 15[3] via P2P/MNNVL
AD12-node04:1239:1774 [0] NCCL INFO Channel 12/0 : 12[0] -> 13[1] via P2P/MNNVL
AD12-node04:1242:1771 [3] NCCL INFO Channel 21/0 : 15[3] -> 16[0] via P2P/MNNVL
AD12-node04:1240:1773 [1] NCCL INFO Channel 16/0 : 13[1] -> 14[2] via P2P/MNNVL
AD12-node04:1239:1774 [0] NCCL INFO Channel 13/0 : 12[0] -> 13[1] via P2P/MNNVL
AD12-node04:1242:1771 [3] NCCL INFO Channel 22/0 : 15[3] -> 16[0] via P2P/MNNVL
AD12-node04:1241:1772 [2] NCCL INFO Channel 20/0 : 14[2] -> 15[3] via P2P/MNNVL
AD12-node04:1241:1772 [2] NCCL INFO Channel 21/0 : 14[2] -> 15[3] via P2P/MNNVL
AD12-node04:1242:1771 [3] NCCL INFO Channel 23/0 : 15[3] -> 16[0] via P2P/MNNVL
AD12-node04:1240:1773 [1] NCCL INFO Channel 17/0 : 13[1] -> 14[2] via P2P/MNNVL
AD12-node04:1239:1774 [0] NCCL INFO Channel 14/0 : 12[0] -> 13[1] via P2P/MNNVL
AD12-node04:1241:1772 [2] NCCL INFO Channel 22/0 : 14[2] -> 15[3] via P2P/MNNVL
AD12-node04:1242:1771 [3] NCCL INFO Channel 24/0 : 15[3] -> 16[0] via P2P/MNNVL
AD12-node04:1239:1774 [0] NCCL INFO Channel 15/0 : 12[0] -> 13[1] via P2P/MNNVL
AD12-node04:1240:1773 [1] NCCL INFO Channel 18/0 : 13[1] -> 14[2] via P2P/MNNVL
AD12-node04:1242:1771 [3] NCCL INFO Channel 25/0 : 15[3] -> 16[0] via P2P/MNNVL
AD12-node04:1241:1772 [2] NCCL INFO Channel 23/0 : 14[2] -> 15[3] via P2P/MNNVL
AD12-node04:1241:1772 [2] NCCL INFO Channel 24/0 : 14[2] -> 15[3] via P2P/MNNVL
AD12-node04:1239:1774 [0] NCCL INFO Channel 16/0 : 12[0] -> 13[1] via P2P/MNNVL
AD12-node04:1242:1771 [3] NCCL INFO Channel 26/0 : 15[3] -> 16[0] via P2P/MNNVL
AD12-node04:1240:1773 [1] NCCL INFO Channel 19/0 : 13[1] -> 14[2] via P2P/MNNVL
AD12-node04:1241:1772 [2] NCCL INFO Channel 25/0 : 14[2] -> 15[3] via P2P/MNNVL
AD12-node04:1239:1774 [0] NCCL INFO Channel 17/0 : 12[0] -> 13[1] via P2P/MNNVL
AD12-node04:1242:1771 [3] NCCL INFO Channel 27/0 : 15[3] -> 16[0] via P2P/MNNVL
AD12-node04:1240:1773 [1] NCCL INFO Channel 20/0 : 13[1] -> 14[2] via P2P/MNNVL
AD12-node04:1242:1771 [3] NCCL INFO Channel 28/0 : 15[3] -> 16[0] via P2P/MNNVL
AD12-node04:1239:1774 [0] NCCL INFO Channel 18/0 : 12[0] -> 13[1] via P2P/MNNVL
AD12-node04:1242:1771 [3] NCCL INFO Channel 29/0 : 15[3] -> 16[0] via P2P/MNNVL
AD12-node04:1240:1773 [1] NCCL INFO Channel 21/0 : 13[1] -> 14[2] via P2P/MNNVL
AD12-node04:1241:1772 [2] NCCL INFO Channel 26/0 : 14[2] -> 15[3] via P2P/MNNVL
AD12-node04:1242:1771 [3] NCCL INFO Channel 30/0 : 15[3] -> 16[0] via P2P/MNNVL
AD12-node04:1241:1772 [2] NCCL INFO Channel 27/0 : 14[2] -> 15[3] via P2P/MNNVL
AD12-node04:1240:1773 [1] NCCL INFO Channel 22/0 : 13[1] -> 14[2] via P2P/MNNVL
AD12-node04:1239:1774 [0] NCCL INFO Channel 19/0 : 12[0] -> 13[1] via P2P/MNNVL
AD12-node04:1240:1773 [1] NCCL INFO Channel 23/0 : 13[1] -> 14[2] via P2P/MNNVL
AD12-node04:1239:1774 [0] NCCL INFO Channel 20/0 : 12[0] -> 13[1] via P2P/MNNVL
AD12-node04:1242:1771 [3] NCCL INFO Channel 31/0 : 15[3] -> 16[0] via P2P/MNNVL
AD12-node04:1241:1772 [2] NCCL INFO Channel 28/0 : 14[2] -> 15[3] via P2P/MNNVL
AD12-node04:1241:1772 [2] NCCL INFO Channel 29/0 : 14[2] -> 15[3] via P2P/MNNVL
AD12-node04:1240:1773 [1] NCCL INFO Channel 24/0 : 13[1] -> 14[2] via P2P/MNNVL
AD12-node04:1239:1774 [0] NCCL INFO Channel 21/0 : 12[0] -> 13[1] via P2P/MNNVL
AD12-node04:1240:1773 [1] NCCL INFO Channel 25/0 : 13[1] -> 14[2] via P2P/MNNVL
AD12-node04:1239:1774 [0] NCCL INFO Channel 22/0 : 12[0] -> 13[1] via P2P/MNNVL
AD12-node04:1241:1772 [2] NCCL INFO Channel 30/0 : 14[2] -> 15[3] via P2P/MNNVL
AD12-node04:1241:1772 [2] NCCL INFO Channel 31/0 : 14[2] -> 15[3] via P2P/MNNVL
AD12-node04:1240:1773 [1] NCCL INFO Channel 26/0 : 13[1] -> 14[2] via P2P/MNNVL
AD12-node04:1239:1774 [0] NCCL INFO Channel 23/0 : 12[0] -> 13[1] via P2P/MNNVL
AD12-node04:1239:1774 [0] NCCL INFO Channel 24/0 : 12[0] -> 13[1] via P2P/MNNVL
AD12-node04:1240:1773 [1] NCCL INFO Channel 27/0 : 13[1] -> 14[2] via P2P/MNNVL
AD12-node04:1240:1773 [1] NCCL INFO Channel 28/0 : 13[1] -> 14[2] via P2P/MNNVL
AD12-node04:1239:1774 [0] NCCL INFO Channel 25/0 : 12[0] -> 13[1] via P2P/MNNVL
AD12-node04:1239:1774 [0] NCCL INFO Channel 26/0 : 12[0] -> 13[1] via P2P/MNNVL
AD12-node04:1240:1773 [1] NCCL INFO Channel 29/0 : 13[1] -> 14[2] via P2P/MNNVL
AD12-node04:1239:1774 [0] NCCL INFO Channel 27/0 : 12[0] -> 13[1] via P2P/MNNVL
AD12-node04:1240:1773 [1] NCCL INFO Channel 30/0 : 13[1] -> 14[2] via P2P/MNNVL
AD12-node04:1239:1774 [0] NCCL INFO Channel 28/0 : 12[0] -> 13[1] via P2P/MNNVL
AD12-node04:1240:1773 [1] NCCL INFO Channel 31/0 : 13[1] -> 14[2] via P2P/MNNVL
AD12-node04:1239:1774 [0] NCCL INFO Channel 29/0 : 12[0] -> 13[1] via P2P/MNNVL
AD12-node04:1239:1774 [0] NCCL INFO Channel 30/0 : 12[0] -> 13[1] via P2P/MNNVL
AD12-node04:1239:1774 [0] NCCL INFO Channel 31/0 : 12[0] -> 13[1] via P2P/MNNVL
AD12-node04:1239:1774 [0] NCCL INFO Connected all rings, use ring PXN 0 GDR 1
AD12-node04:1242:1771 [3] NCCL INFO Connected all rings, use ring PXN 0 GDR 1
AD12-node04:1240:1773 [1] NCCL INFO Connected all rings, use ring PXN 0 GDR 1
AD12-node04:1241:1772 [2] NCCL INFO Connected all rings, use ring PXN 0 GDR 1
AD12-node04:1240:1240 [1] NCCL INFO Comm config Blocking set to 1
AD12-node04:1242:1242 [3] NCCL INFO Comm config Blocking set to 1
AD12-node04:1241:1241 [2] NCCL INFO Comm config Blocking set to 1
AD12-node04:1239:1239 [0] NCCL INFO Comm config Blocking set to 1
AD12-node04:1242:2127 [3] NCCL INFO Assigned NET plugin IBext_v10 to comm
AD12-node04:1241:2129 [2] NCCL INFO Assigned NET plugin IBext_v10 to comm
AD12-node04:1240:2128 [1] NCCL INFO Assigned NET plugin IBext_v10 to comm
AD12-node04:1242:2127 [3] NCCL INFO Using network IBext_v10
AD12-node04:1241:2129 [2] NCCL INFO Using network IBext_v10
AD12-node04:1240:2128 [1] NCCL INFO Using network IBext_v10
AD12-node04:1240:2128 [1] NCCL INFO DMA-BUF is available on GPU device 1
AD12-node04:1242:2127 [3] NCCL INFO DMA-BUF is available on GPU device 3
AD12-node04:1241:2129 [2] NCCL INFO DMA-BUF is available on GPU device 2
AD12-node04:1239:2130 [0] NCCL INFO Assigned NET plugin IBext_v10 to comm
AD12-node04:1239:2130 [0] NCCL INFO Using network IBext_v10
AD12-node04:1239:2130 [0] NCCL INFO DMA-BUF is available on GPU device 0
AD12-node04:1242:2127 [3] NCCL INFO ncclCommInitRankConfig comm 0x53ee31a0 rank 7 nranks 8 cudaDev 3 nvmlDev 3 busId 1901000 commId 0x7a5f7489c53a8c5e - Init START
AD12-node04:1240:2128 [1] NCCL INFO ncclCommInitRankConfig comm 0x50ec5f20 rank 5 nranks 8 cudaDev 1 nvmlDev 1 busId 901000 commId 0x7a5f7489c53a8c5e - Init START
AD12-node04:1241:2129 [2] NCCL INFO ncclCommInitRankConfig comm 0x2d8d22f0 rank 6 nranks 8 cudaDev 2 nvmlDev 2 busId 1801000 commId 0x7a5f7489c53a8c5e - Init START
AD12-node04:1239:2130 [0] NCCL INFO ncclCommInitRankConfig comm 0x4fa61730 rank 4 nranks 8 cudaDev 0 nvmlDev 0 busId 801000 commId 0x7a5f7489c53a8c5e - Init START
AD12-node04:1242:2127 [3] NCCL INFO Bootstrap timings total 0.002738 (create 0.000062, send 0.000183, recv 0.001849, ring 0.000380, delay 0.000000)
AD12-node04:1241:2129 [2] NCCL INFO Bootstrap timings total 0.002760 (create 0.000057, send 0.000224, recv 0.000564, ring 0.001772, delay 0.000000)
AD12-node04:1240:2128 [1] NCCL INFO Bootstrap timings total 0.002808 (create 0.000060, send 0.000195, recv 0.000500, ring 0.001857, delay 0.000000)
AD12-node04:1239:2130 [0] NCCL INFO Bootstrap timings total 0.002767 (create 0.000030, send 0.000171, recv 0.000341, ring 0.001556, delay 0.000000)
AD12-node04:1241:2129 [2] NCCL INFO MNNVL busId 0x1801000 fabric UUID 4d4e0850a64dd29b.34b5c600be78169f cliqueId 0x7ffe state 3 healthMask 0xaa
AD12-node04:1240:2128 [1] NCCL INFO MNNVL busId 0x901000 fabric UUID 4d4e0850a64dd29b.34b5c600be78169f cliqueId 0x7ffe state 3 healthMask 0xaa
AD12-node04:1242:2127 [3] NCCL INFO MNNVL busId 0x1901000 fabric UUID 4d4e0850a64dd29b.34b5c600be78169f cliqueId 0x7ffe state 3 healthMask 0xaa
AD12-node04:1239:2130 [0] NCCL INFO MNNVL busId 0x801000 fabric UUID 4d4e0850a64dd29b.34b5c600be78169f cliqueId 0x7ffe state 3 healthMask 0xaa
AD12-node04:1241:2129 [2] NCCL INFO MNNVL 1 cliqueId 7ffe cliqueSize 8 cliqueRank 6
AD12-node04:1242:2127 [3] NCCL INFO MNNVL 1 cliqueId 7ffe cliqueSize 8 cliqueRank 7
AD12-node04:1239:2130 [0] NCCL INFO MNNVL 1 cliqueId 7ffe cliqueSize 8 cliqueRank 4
AD12-node04:1240:2128 [1] NCCL INFO MNNVL 1 cliqueId 7ffe cliqueSize 8 cliqueRank 5
AD12-node04:1241:2129 [2] NCCL INFO Setting affinity for GPU 2 to 72-143
AD12-node04:1240:2128 [1] NCCL INFO Setting affinity for GPU 1 to 0-71
AD12-node04:1242:2127 [3] NCCL INFO Setting affinity for GPU 3 to 72-143
AD12-node04:1239:2130 [0] NCCL INFO Setting affinity for GPU 0 to 0-71
AD12-node04:1242:2127 [3] NCCL INFO comm 0x53ee31a0 rank 7 nRanks 8 nNodes 1 localRanks 8 localRank 7 MNNVL 1
AD12-node04:1239:2130 [0] NCCL INFO comm 0x4fa61730 rank 4 nRanks 8 nNodes 1 localRanks 8 localRank 4 MNNVL 1
AD12-node04:1242:2127 [3] NCCL INFO Trees [0] -1/-1/-1->7->6 [1] -1/-1/-1->7->6 [2] -1/-1/-1->7->6 [3] -1/-1/-1->7->6 [4] -1/-1/-1->7->6 [5] -1/-1/-1->7->6 [6] -1/-1/-1->7->6 [7] -1/-1/-1->7->6 [8] -1/-1/-1->7->6 [9] -1/-1/-1->7->6 [10] -1/-1/-1->7->6 [11] -1/-1/-1->7->6 [12] -1/-1/-1->7->6 [13] -1/-1/-1->7->6 [14] -1/-1/-1->7->6 [15] -1/-1/-1->7->6 [16] -1/-1/-1->7->6 [17] -1/-1/-1->7->6 [18] -1/-1/-1->7->6 [19] -1/-1/-1->7->6 [20] -1/-1/-1->7->6 [21] -1/-1/-1->7->6 [22] -1/-1/-1->7->6 [23] -1/-1/-1->7->6 [24] -1/-1/-1->7->6 [25] -1/-1/-1->7->6 [26] -1/-1/-1->7->6 [27] -1/-1/-1->7->6 [28] -1/-1/-1->7->6 [29] -1/-1/-1->7->6 [30] -1/-1/-1->7->6 [31] -1/-1/-1->7->6
AD12-node04:1241:2129 [2] NCCL INFO comm 0x2d8d22f0 rank 6 nRanks 8 nNodes 1 localRanks 8 localRank 6 MNNVL 1
AD12-node04:1240:2128 [1] NCCL INFO comm 0x50ec5f20 rank 5 nRanks 8 nNodes 1 localRanks 8 localRank 5 MNNVL 1
AD12-node04:1242:2127 [3] NCCL INFO P2P Chunksize set to 524288
AD12-node04:1239:2130 [0] NCCL INFO Trees [0] 5/-1/-1->4->3 [1] 5/-1/-1->4->3 [2] 5/-1/-1->4->3 [3] 5/-1/-1->4->3 [4] 5/-1/-1->4->3 [5] 5/-1/-1->4->3 [6] 5/-1/-1->4->3 [7] 5/-1/-1->4->3 [8] 5/-1/-1->4->3 [9] 5/-1/-1->4->3 [10] 5/-1/-1->4->3 [11] 5/-1/-1->4->3 [12] 5/-1/-1->4->3 [13] 5/-1/-1->4->3 [14] 5/-1/-1->4->3 [15] 5/-1/-1->4->3 [16] 5/-1/-1->4->3 [17] 5/-1/-1->4->3 [18] 5/-1/-1->4->3 [19] 5/-1/-1->4->3 [20] 5/-1/-1->4->3 [21] 5/-1/-1->4->3 [22] 5/-1/-1->4->3 [23] 5/-1/-1->4->3 [24] 5/-1/-1->4->3 [25] 5/-1/-1->4->3 [26] 5/-1/-1->4->3 [27] 5/-1/-1->4->3 [28] 5/-1/-1->4->3 [29] 5/-1/-1->4->3 [30] 5/-1/-1->4->3 [31] 5/-1/-1->4->3
AD12-node04:1241:2129 [2] NCCL INFO Trees [0] 7/-1/-1->6->5 [1] 7/-1/-1->6->5 [2] 7/-1/-1->6->5 [3] 7/-1/-1->6->5 [4] 7/-1/-1->6->5 [5] 7/-1/-1->6->5 [6] 7/-1/-1->6->5 [7] 7/-1/-1->6->5 [8] 7/-1/-1->6->5 [9] 7/-1/-1->6->5 [10] 7/-1/-1->6->5 [11] 7/-1/-1->6->5 [12] 7/-1/-1->6->5 [13] 7/-1/-1->6->5 [14] 7/-1/-1->6->5 [15] 7/-1/-1->6->5 [16] 7/-1/-1->6->5 [17] 7/-1/-1->6->5 [18] 7/-1/-1->6->5 [19] 7/-1/-1->6->5 [20] 7/-1/-1->6->5 [21] 7/-1/-1->6->5 [22] 7/-1/-1->6->5 [23] 7/-1/-1->6->5 [24] 7/-1/-1->6->5 [25] 7/-1/-1->6->5 [26] 7/-1/-1->6->5 [27] 7/-1/-1->6->5 [28] 7/-1/-1->6->5 [29] 7/-1/-1->6->5 [30] 7/-1/-1->6->5 [31] 7/-1/-1->6->5
AD12-node04:1239:2130 [0] NCCL INFO P2P Chunksize set to 524288
AD12-node04:1240:2128 [1] NCCL INFO Trees [0] 6/-1/-1->5->4 [1] 6/-1/-1->5->4 [2] 6/-1/-1->5->4 [3] 6/-1/-1->5->4 [4] 6/-1/-1->5->4 [5] 6/-1/-1->5->4 [6] 6/-1/-1->5->4 [7] 6/-1/-1->5->4 [8] 6/-1/-1->5->4 [9] 6/-1/-1->5->4 [10] 6/-1/-1->5->4 [11] 6/-1/-1->5->4 [12] 6/-1/-1->5->4 [13] 6/-1/-1->5->4 [14] 6/-1/-1->5->4 [15] 6/-1/-1->5->4 [16] 6/-1/-1->5->4 [17] 6/-1/-1->5->4 [18] 6/-1/-1->5->4 [19] 6/-1/-1->5->4 [20] 6/-1/-1->5->4 [21] 6/-1/-1->5->4 [22] 6/-1/-1->5->4 [23] 6/-1/-1->5->4 [24] 6/-1/-1->5->4 [25] 6/-1/-1->5->4 [26] 6/-1/-1->5->4 [27] 6/-1/-1->5->4 [28] 6/-1/-1->5->4 [29] 6/-1/-1->5->4 [30] 6/-1/-1->5->4 [31] 6/-1/-1->5->4
AD12-node04:1241:2129 [2] NCCL INFO P2P Chunksize set to 524288
AD12-node04:1240:2128 [1] NCCL INFO P2P Chunksize set to 524288
AD12-node04:1242:2131 [3] NCCL INFO [Proxy Service] Device 3 CPU core 100
AD12-node04:1241:2132 [2] NCCL INFO [Proxy Service] Device 2 CPU core 97
AD12-node04:1242:2134 [3] NCCL INFO [Proxy Service UDS] Device 3 CPU core 103
AD12-node04:1239:2133 [0] NCCL INFO [Proxy Service] Device 0 CPU core 65
AD12-node04:1241:2136 [2] NCCL INFO [Proxy Service UDS] Device 2 CPU core 98
AD12-node04:1240:2135 [1] NCCL INFO [Proxy Service] Device 1 CPU core 55
AD12-node04:1239:2137 [0] NCCL INFO [Proxy Service UDS] Device 0 CPU core 66
AD12-node04:1240:2138 [1] NCCL INFO [Proxy Service UDS] Device 1 CPU core 56
AD12-node04:1242:2127 [3] NCCL INFO threadThresholds 8/8/64 | 64/8/64 | 512 | 512
AD12-node04:1242:2127 [3] NCCL INFO 32 coll channels, 32 collnet channels, 0 nvls channels, 32 p2p channels, 32 p2p channels per peer
AD12-node04:1241:2129 [2] NCCL INFO threadThresholds 8/8/64 | 64/8/64 | 512 | 512
AD12-node04:1241:2129 [2] NCCL INFO 32 coll channels, 32 collnet channels, 0 nvls channels, 32 p2p channels, 32 p2p channels per peer
AD12-node04:1239:2130 [0] NCCL INFO threadThresholds 8/8/64 | 64/8/64 | 512 | 512
AD12-node04:1239:2130 [0] NCCL INFO 32 coll channels, 32 collnet channels, 0 nvls channels, 32 p2p channels, 32 p2p channels per peer
AD12-node04:1240:2128 [1] NCCL INFO threadThresholds 8/8/64 | 64/8/64 | 512 | 512
AD12-node04:1240:2128 [1] NCCL INFO 32 coll channels, 32 collnet channels, 0 nvls channels, 32 p2p channels, 32 p2p channels per peer
AD12-node04:1240:2128 [1] NCCL INFO ncclCommInitRankConfig comm 0x50ec5f20 rank 5 nranks 8 cudaDev 1 nvmlDev 1 busId 901000 commId 0x7a5f7489c53a8c5e - Init COMPLETE
AD12-node04:1240:2128 [1] NCCL INFO Init timings - ncclCommInitRankConfig: rank 5 nranks 8 total 0.95 (kernels 0.00, alloc 0.00, bootstrap 0.00, allgathers 0.05, topo 0.74, graphs 0.00, connections 0.15, rest 0.01)
AD12-node04:1239:2130 [0] NCCL INFO ncclCommInitRankConfig comm 0x4fa61730 rank 4 nranks 8 cudaDev 0 nvmlDev 0 busId 801000 commId 0x7a5f7489c53a8c5e - Init COMPLETE
AD12-node04:1239:2130 [0] NCCL INFO Init timings - ncclCommInitRankConfig: rank 4 nranks 8 total 0.95 (kernels 0.00, alloc 0.00, bootstrap 0.00, allgathers 0.02, topo 0.76, graphs 0.00, connections 0.15, rest 0.01)
AD12-node04:1241:2129 [2] NCCL INFO ncclCommInitRankConfig comm 0x2d8d22f0 rank 6 nranks 8 cudaDev 2 nvmlDev 2 busId 1801000 commId 0x7a5f7489c53a8c5e - Init COMPLETE
AD12-node04:1241:2129 [2] NCCL INFO Init timings - ncclCommInitRankConfig: rank 6 nranks 8 total 0.95 (kernels 0.00, alloc 0.00, bootstrap 0.00, allgathers 0.05, topo 0.74, graphs 0.00, connections 0.15, rest 0.01)
AD12-node04:1242:2127 [3] NCCL INFO ncclCommInitRankConfig comm 0x53ee31a0 rank 7 nranks 8 cudaDev 3 nvmlDev 3 busId 1901000 commId 0x7a5f7489c53a8c5e - Init COMPLETE
AD12-node04:1242:2127 [3] NCCL INFO Init timings - ncclCommInitRankConfig: rank 7 nranks 8 total 0.95 (kernels 0.00, alloc 0.00, bootstrap 0.00, allgathers 0.03, topo 0.75, graphs 0.00, connections 0.15, rest 0.01)
AD12-node04:1242:2142 [3] NCCL INFO Channel 00/0 : 7[3] -> 0[0] via P2P/MNNVL
AD12-node04:1239:2141 [0] NCCL INFO Channel 00/0 : 4[0] -> 5[1] via P2P/MNNVL
AD12-node04:1242:2142 [3] NCCL INFO Channel 01/0 : 7[3] -> 0[0] via P2P/MNNVL
AD12-node04:1241:2139 [2] NCCL INFO Channel 00/0 : 6[2] -> 7[3] via P2P/MNNVL
AD12-node04:1241:2139 [2] NCCL INFO Channel 01/0 : 6[2] -> 7[3] via P2P/MNNVL
AD12-node04:1242:2142 [3] NCCL INFO Channel 02/0 : 7[3] -> 0[0] via P2P/MNNVL
AD12-node04:1239:2141 [0] NCCL INFO Channel 01/0 : 4[0] -> 5[1] via P2P/MNNVL
AD12-node04:1239:2141 [0] NCCL INFO Channel 02/0 : 4[0] -> 5[1] via P2P/MNNVL
AD12-node04:1242:2142 [3] NCCL INFO Channel 03/0 : 7[3] -> 0[0] via P2P/MNNVL
AD12-node04:1241:2139 [2] NCCL INFO Channel 02/0 : 6[2] -> 7[3] via P2P/MNNVL
AD12-node04:1240:2140 [1] NCCL INFO Channel 00/0 : 5[1] -> 6[2] via P2P/MNNVL
AD12-node04:1239:2141 [0] NCCL INFO Channel 03/0 : 4[0] -> 5[1] via P2P/MNNVL
AD12-node04:1240:2140 [1] NCCL INFO Channel 01/0 : 5[1] -> 6[2] via P2P/MNNVL
AD12-node04:1241:2139 [2] NCCL INFO Channel 03/0 : 6[2] -> 7[3] via P2P/MNNVL
AD12-node04:1239:2141 [0] NCCL INFO Channel 04/0 : 4[0] -> 5[1] via P2P/MNNVL
AD12-node04:1242:2142 [3] NCCL INFO Channel 04/0 : 7[3] -> 0[0] via P2P/MNNVL
AD12-node04:1241:2139 [2] NCCL INFO Channel 04/0 : 6[2] -> 7[3] via P2P/MNNVL
AD12-node04:1239:2141 [0] NCCL INFO Channel 05/0 : 4[0] -> 5[1] via P2P/MNNVL
AD12-node04:1240:2140 [1] NCCL INFO Channel 02/0 : 5[1] -> 6[2] via P2P/MNNVL
AD12-node04:1241:2139 [2] NCCL INFO Channel 05/0 : 6[2] -> 7[3] via P2P/MNNVL
AD12-node04:1242:2142 [3] NCCL INFO Channel 05/0 : 7[3] -> 0[0] via P2P/MNNVL
AD12-node04:1239:2141 [0] NCCL INFO Channel 06/0 : 4[0] -> 5[1] via P2P/MNNVL
AD12-node04:1241:2139 [2] NCCL INFO Channel 06/0 : 6[2] -> 7[3] via P2P/MNNVL
AD12-node04:1240:2140 [1] NCCL INFO Channel 03/0 : 5[1] -> 6[2] via P2P/MNNVL
AD12-node04:1239:2141 [0] NCCL INFO Channel 07/0 : 4[0] -> 5[1] via P2P/MNNVL
AD12-node04:1242:2142 [3] NCCL INFO Channel 06/0 : 7[3] -> 0[0] via P2P/MNNVL
AD12-node04:1241:2139 [2] NCCL INFO Channel 07/0 : 6[2] -> 7[3] via P2P/MNNVL
AD12-node04:1240:2140 [1] NCCL INFO Channel 04/0 : 5[1] -> 6[2] via P2P/MNNVL
AD12-node04:1242:2142 [3] NCCL INFO Channel 07/0 : 7[3] -> 0[0] via P2P/MNNVL
AD12-node04:1239:2141 [0] NCCL INFO Channel 08/0 : 4[0] -> 5[1] via P2P/MNNVL
AD12-node04:1240:2140 [1] NCCL INFO Channel 05/0 : 5[1] -> 6[2] via P2P/MNNVL
AD12-node04:1241:2139 [2] NCCL INFO Channel 08/0 : 6[2] -> 7[3] via P2P/MNNVL
AD12-node04:1242:2142 [3] NCCL INFO Channel 08/0 : 7[3] -> 0[0] via P2P/MNNVL
AD12-node04:1239:2141 [0] NCCL INFO Channel 09/0 : 4[0] -> 5[1] via P2P/MNNVL
AD12-node04:1241:2139 [2] NCCL INFO Channel 09/0 : 6[2] -> 7[3] via P2P/MNNVL
AD12-node04:1242:2142 [3] NCCL INFO Channel 09/0 : 7[3] -> 0[0] via P2P/MNNVL
AD12-node04:1239:2141 [0] NCCL INFO Channel 10/0 : 4[0] -> 5[1] via P2P/MNNVL
AD12-node04:1240:2140 [1] NCCL INFO Channel 06/0 : 5[1] -> 6[2] via P2P/MNNVL
AD12-node04:1242:2142 [3] NCCL INFO Channel 10/0 : 7[3] -> 0[0] via P2P/MNNVL
AD12-node04:1241:2139 [2] NCCL INFO Channel 10/0 : 6[2] -> 7[3] via P2P/MNNVL
AD12-node04:1239:2141 [0] NCCL INFO Channel 11/0 : 4[0] -> 5[1] via P2P/MNNVL
AD12-node04:1240:2140 [1] NCCL INFO Channel 07/0 : 5[1] -> 6[2] via P2P/MNNVL
AD12-node04:1241:2139 [2] NCCL INFO Channel 11/0 : 6[2] -> 7[3] via P2P/MNNVL
AD12-node04:1242:2142 [3] NCCL INFO Channel 11/0 : 7[3] -> 0[0] via P2P/MNNVL
AD12-node04:1239:2141 [0] NCCL INFO Channel 12/0 : 4[0] -> 5[1] via P2P/MNNVL
AD12-node04:1240:2140 [1] NCCL INFO Channel 08/0 : 5[1] -> 6[2] via P2P/MNNVL
AD12-node04:1239:2141 [0] NCCL INFO Channel 13/0 : 4[0] -> 5[1] via P2P/MNNVL
AD12-node04:1241:2139 [2] NCCL INFO Channel 12/0 : 6[2] -> 7[3] via P2P/MNNVL
AD12-node04:1242:2142 [3] NCCL INFO Channel 12/0 : 7[3] -> 0[0] via P2P/MNNVL
AD12-node04:1239:2141 [0] NCCL INFO Channel 14/0 : 4[0] -> 5[1] via P2P/MNNVL
AD12-node04:1240:2140 [1] NCCL INFO Channel 09/0 : 5[1] -> 6[2] via P2P/MNNVL
AD12-node04:1242:2142 [3] NCCL INFO Channel 13/0 : 7[3] -> 0[0] via P2P/MNNVL
AD12-node04:1239:2141 [0] NCCL INFO Channel 15/0 : 4[0] -> 5[1] via P2P/MNNVL
AD12-node04:1241:2139 [2] NCCL INFO Channel 13/0 : 6[2] -> 7[3] via P2P/MNNVL
AD12-node04:1240:2140 [1] NCCL INFO Channel 10/0 : 5[1] -> 6[2] via P2P/MNNVL
AD12-node04:1240:2140 [1] NCCL INFO Channel 11/0 : 5[1] -> 6[2] via P2P/MNNVL
AD12-node04:1239:2141 [0] NCCL INFO Channel 16/0 : 4[0] -> 5[1] via P2P/MNNVL
AD12-node04:1241:2139 [2] NCCL INFO Channel 14/0 : 6[2] -> 7[3] via P2P/MNNVL
AD12-node04:1242:2142 [3] NCCL INFO Channel 14/0 : 7[3] -> 0[0] via P2P/MNNVL
AD12-node04:1242:2142 [3] NCCL INFO Channel 15/0 : 7[3] -> 0[0] via P2P/MNNVL
AD12-node04:1241:2139 [2] NCCL INFO Channel 15/0 : 6[2] -> 7[3] via P2P/MNNVL
AD12-node04:1239:2141 [0] NCCL INFO Channel 17/0 : 4[0] -> 5[1] via P2P/MNNVL
AD12-node04:1240:2140 [1] NCCL INFO Channel 12/0 : 5[1] -> 6[2] via P2P/MNNVL
AD12-node04:1241:2139 [2] NCCL INFO Channel 16/0 : 6[2] -> 7[3] via P2P/MNNVL
AD12-node04:1242:2142 [3] NCCL INFO Channel 16/0 : 7[3] -> 0[0] via P2P/MNNVL
AD12-node04:1240:2140 [1] NCCL INFO Channel 13/0 : 5[1] -> 6[2] via P2P/MNNVL
AD12-node04:1239:2141 [0] NCCL INFO Channel 18/0 : 4[0] -> 5[1] via P2P/MNNVL
AD12-node04:1242:2142 [3] NCCL INFO Channel 17/0 : 7[3] -> 0[0] via P2P/MNNVL
AD12-node04:1241:2139 [2] NCCL INFO Channel 17/0 : 6[2] -> 7[3] via P2P/MNNVL
AD12-node04:1241:2139 [2] NCCL INFO Channel 18/0 : 6[2] -> 7[3] via P2P/MNNVL
AD12-node04:1239:2141 [0] NCCL INFO Channel 19/0 : 4[0] -> 5[1] via P2P/MNNVL
AD12-node04:1240:2140 [1] NCCL INFO Channel 14/0 : 5[1] -> 6[2] via P2P/MNNVL
AD12-node04:1242:2142 [3] NCCL INFO Channel 18/0 : 7[3] -> 0[0] via P2P/MNNVL
AD12-node04:1241:2139 [2] NCCL INFO Channel 19/0 : 6[2] -> 7[3] via P2P/MNNVL
AD12-node04:1240:2140 [1] NCCL INFO Channel 15/0 : 5[1] -> 6[2] via P2P/MNNVL
AD12-node04:1242:2142 [3] NCCL INFO Channel 19/0 : 7[3] -> 0[0] via P2P/MNNVL
AD12-node04:1241:2139 [2] NCCL INFO Channel 20/0 : 6[2] -> 7[3] via P2P/MNNVL
AD12-node04:1239:2141 [0] NCCL INFO Channel 20/0 : 4[0] -> 5[1] via P2P/MNNVL
AD12-node04:1241:2139 [2] NCCL INFO Channel 21/0 : 6[2] -> 7[3] via P2P/MNNVL
AD12-node04:1242:2142 [3] NCCL INFO Channel 20/0 : 7[3] -> 0[0] via P2P/MNNVL
AD12-node04:1240:2140 [1] NCCL INFO Channel 16/0 : 5[1] -> 6[2] via P2P/MNNVL
AD12-node04:1239:2141 [0] NCCL INFO Channel 21/0 : 4[0] -> 5[1] via P2P/MNNVL
AD12-node04:1240:2140 [1] NCCL INFO Channel 17/0 : 5[1] -> 6[2] via P2P/MNNVL
AD12-node04:1239:2141 [0] NCCL INFO Channel 22/0 : 4[0] -> 5[1] via P2P/MNNVL
AD12-node04:1242:2142 [3] NCCL INFO Channel 21/0 : 7[3] -> 0[0] via P2P/MNNVL
AD12-node04:1241:2139 [2] NCCL INFO Channel 22/0 : 6[2] -> 7[3] via P2P/MNNVL
AD12-node04:1241:2139 [2] NCCL INFO Channel 23/0 : 6[2] -> 7[3] via P2P/MNNVL
AD12-node04:1240:2140 [1] NCCL INFO Channel 18/0 : 5[1] -> 6[2] via P2P/MNNVL
AD12-node04:1242:2142 [3] NCCL INFO Channel 22/0 : 7[3] -> 0[0] via P2P/MNNVL
AD12-node04:1241:2139 [2] NCCL INFO Channel 24/0 : 6[2] -> 7[3] via P2P/MNNVL
AD12-node04:1239:2141 [0] NCCL INFO Channel 23/0 : 4[0] -> 5[1] via P2P/MNNVL
AD12-node04:1242:2142 [3] NCCL INFO Channel 23/0 : 7[3] -> 0[0] via P2P/MNNVL
AD12-node04:1240:2140 [1] NCCL INFO Channel 19/0 : 5[1] -> 6[2] via P2P/MNNVL
AD12-node04:1241:2139 [2] NCCL INFO Channel 25/0 : 6[2] -> 7[3] via P2P/MNNVL
AD12-node04:1239:2141 [0] NCCL INFO Channel 24/0 : 4[0] -> 5[1] via P2P/MNNVL
AD12-node04:1240:2140 [1] NCCL INFO Channel 20/0 : 5[1] -> 6[2] via P2P/MNNVL
AD12-node04:1240:2140 [1] NCCL INFO Channel 21/0 : 5[1] -> 6[2] via P2P/MNNVL
AD12-node04:1242:2142 [3] NCCL INFO Channel 24/0 : 7[3] -> 0[0] via P2P/MNNVL
AD12-node04:1239:2141 [0] NCCL INFO Channel 25/0 : 4[0] -> 5[1] via P2P/MNNVL
AD12-node04:1241:2139 [2] NCCL INFO Channel 26/0 : 6[2] -> 7[3] via P2P/MNNVL
AD12-node04:1240:2140 [1] NCCL INFO Channel 22/0 : 5[1] -> 6[2] via P2P/MNNVL
AD12-node04:1242:2142 [3] NCCL INFO Channel 25/0 : 7[3] -> 0[0] via P2P/MNNVL
AD12-node04:1239:2141 [0] NCCL INFO Channel 26/0 : 4[0] -> 5[1] via P2P/MNNVL
AD12-node04:1241:2139 [2] NCCL INFO Channel 27/0 : 6[2] -> 7[3] via P2P/MNNVL
AD12-node04:1240:2140 [1] NCCL INFO Channel 23/0 : 5[1] -> 6[2] via P2P/MNNVL
AD12-node04:1242:2142 [3] NCCL INFO Channel 26/0 : 7[3] -> 0[0] via P2P/MNNVL
AD12-node04:1241:2139 [2] NCCL INFO Channel 28/0 : 6[2] -> 7[3] via P2P/MNNVL
AD12-node04:1239:2141 [0] NCCL INFO Channel 27/0 : 4[0] -> 5[1] via P2P/MNNVL
AD12-node04:1240:2140 [1] NCCL INFO Channel 24/0 : 5[1] -> 6[2] via P2P/MNNVL
AD12-node04:1242:2142 [3] NCCL INFO Channel 27/0 : 7[3] -> 0[0] via P2P/MNNVL
AD12-node04:1239:2141 [0] NCCL INFO Channel 28/0 : 4[0] -> 5[1] via P2P/MNNVL
AD12-node04:1242:2142 [3] NCCL INFO Channel 28/0 : 7[3] -> 0[0] via P2P/MNNVL
AD12-node04:1240:2140 [1] NCCL INFO Channel 25/0 : 5[1] -> 6[2] via P2P/MNNVL
AD12-node04:1241:2139 [2] NCCL INFO Channel 29/0 : 6[2] -> 7[3] via P2P/MNNVL
AD12-node04:1239:2141 [0] NCCL INFO Channel 29/0 : 4[0] -> 5[1] via P2P/MNNVL
AD12-node04:1242:2142 [3] NCCL INFO Channel 29/0 : 7[3] -> 0[0] via P2P/MNNVL
AD12-node04:1240:2140 [1] NCCL INFO Channel 26/0 : 5[1] -> 6[2] via P2P/MNNVL
AD12-node04:1241:2139 [2] NCCL INFO Channel 30/0 : 6[2] -> 7[3] via P2P/MNNVL
AD12-node04:1239:2141 [0] NCCL INFO Channel 30/0 : 4[0] -> 5[1] via P2P/MNNVL
AD12-node04:1242:2142 [3] NCCL INFO Channel 30/0 : 7[3] -> 0[0] via P2P/MNNVL
AD12-node04:1240:2140 [1] NCCL INFO Channel 27/0 : 5[1] -> 6[2] via P2P/MNNVL
AD12-node04:1241:2139 [2] NCCL INFO Channel 31/0 : 6[2] -> 7[3] via P2P/MNNVL
AD12-node04:1239:2141 [0] NCCL INFO Channel 31/0 : 4[0] -> 5[1] via P2P/MNNVL
AD12-node04:1242:2142 [3] NCCL INFO Channel 31/0 : 7[3] -> 0[0] via P2P/MNNVL
