W1116 17:04:54.026000 1174 torch/distributed/run.py:766] 
W1116 17:04:54.026000 1174 torch/distributed/run.py:766] *****************************************
W1116 17:04:54.026000 1174 torch/distributed/run.py:766] Setting OMP_NUM_THREADS environment variable for each process to be 1 in default, to avoid your system being overloaded, please further tune the variable for optimal performance in your application as needed. 
W1116 17:04:54.026000 1174 torch/distributed/run.py:766] *****************************************
[Gloo] Rank 0 is connected to 1 peer ranks. Expected number of connected peer ranks is : 1
[Gloo] Rank 0 is connected to 0 peer ranks. Expected number of connected peer ranks is : 0
[Gloo] Rank 0 is connected to 1 peer ranks. Expected number of connected peer ranks is : 1
[Gloo] Rank 0 is connected to 1 peer ranks. Expected number of connected peer ranks is : 1
[Gloo] Rank 0 is connected to 1 peer ranks. Expected number of connected peer ranks is : 1
[Gloo] Rank 0 is connected to 0 peer ranks. Expected number of connected peer ranks is : 0
[Gloo] Rank 0 is connected to 0 peer ranks. Expected number of connected peer ranks is : 0
[Gloo] Rank 0 is connected to 0 peer ranks. Expected number of connected peer ranks is : 0
[Gloo] Rank 0 is connected to 1 peer ranks. Expected number of connected peer ranks is : 1
[Gloo] Rank 0 is connected to 1 peer ranks. Expected number of connected peer ranks is : 1
[Gloo] Rank 0 is connected to 1 peer ranks. Expected number of connected peer ranks is : 1
[Gloo] Rank 0 is connected to 1 peer ranks. Expected number of connected peer ranks is : 1
[rank38]:[W1116 17:05:24.722889811 ProcessGroupNCCL.cpp:4789] [PG ID 0 PG GUID 0 Rank 38]  using GPU 2 as device used by this process is currently unknown. This can potentially cause a hang if this rank to GPU mapping is incorrect. You can specify device_id in init_process_group() to force use of a particular device.
[rank39]:[W1116 17:05:24.722889875 ProcessGroupNCCL.cpp:4789] [PG ID 0 PG GUID 0 Rank 39]  using GPU 3 as device used by this process is currently unknown. This can potentially cause a hang if this rank to GPU mapping is incorrect. You can specify device_id in init_process_group() to force use of a particular device.
[rank37]:[W1116 17:05:24.723204770 ProcessGroupNCCL.cpp:4789] [PG ID 0 PG GUID 0 Rank 37]  using GPU 1 as device used by this process is currently unknown. This can potentially cause a hang if this rank to GPU mapping is incorrect. You can specify device_id in init_process_group() to force use of a particular device.
node09:1242:1242 [3] NCCL INFO cudaDriverVersion 12080
node09:1242:1242 [3] NCCL INFO Bootstrap: Using enP5p9s0:10.192.18.152<0>
node09:1242:1242 [3] NCCL INFO NCCL version 2.27.3+cuda12.9
node09:1242:1242 [3] NCCL INFO Comm config Blocking set to 1
node09:1241:1241 [2] NCCL INFO cudaDriverVersion 12080
node09:1240:1240 [1] NCCL INFO cudaDriverVersion 12080
node09:1241:1241 [2] NCCL INFO Bootstrap: Using enP5p9s0:10.192.18.152<0>
node09:1241:1241 [2] NCCL INFO NCCL version 2.27.3+cuda12.9
node09:1241:1241 [2] NCCL INFO Comm config Blocking set to 1
node09:1240:1240 [1] NCCL INFO Bootstrap: Using enP5p9s0:10.192.18.152<0>
node09:1240:1240 [1] NCCL INFO NCCL version 2.27.3+cuda12.9
node09:1240:1240 [1] NCCL INFO Comm config Blocking set to 1
[rank36]:[W1116 17:05:24.075178942 ProcessGroupNCCL.cpp:4789] [PG ID 0 PG GUID 0 Rank 36]  using GPU 0 as device used by this process is currently unknown. This can potentially cause a hang if this rank to GPU mapping is incorrect. You can specify device_id in init_process_group() to force use of a particular device.
node09:1239:1239 [0] NCCL INFO cudaDriverVersion 12080
node09:1239:1239 [0] NCCL INFO Bootstrap: Using enP5p9s0:10.192.18.152<0>
node09:1239:1239 [0] NCCL INFO NCCL version 2.27.3+cuda12.9
node09:1239:1239 [0] NCCL INFO Comm config Blocking set to 1
node09:1241:1708 [2] NCCL INFO NET/Plugin: Plugin name set by env to libnccl-net.so
node09:1242:1707 [3] NCCL INFO NET/Plugin: Plugin name set by env to libnccl-net.so
node09:1241:1708 [2] NCCL INFO NET/Plugin: Loaded net plugin NCCL RDMA Plugin v10 (v10)
node09:1241:1708 [2] NCCL INFO NET/Plugin: Loaded collnet plugin NCCL RDMA Plugin v10 (v10)
node09:1241:1708 [2] NCCL INFO Successfully loaded external plugin libnccl-net.so
node09:1242:1707 [3] NCCL INFO NET/Plugin: Loaded net plugin NCCL RDMA Plugin v10 (v10)
node09:1242:1707 [3] NCCL INFO NET/Plugin: Loaded collnet plugin NCCL RDMA Plugin v10 (v10)
node09:1242:1707 [3] NCCL INFO Successfully loaded external plugin libnccl-net.so
node09:1241:1708 [2] NCCL INFO Plugin Path : /opt/hpcx/nccl_rdma_sharp_plugin/lib/libnccl-net.so
node09:1242:1707 [3] NCCL INFO Plugin Path : /opt/hpcx/nccl_rdma_sharp_plugin/lib/libnccl-net.so
node09:1241:1708 [2] NCCL INFO P2P plugin v10 IBext_v10
node09:1242:1707 [3] NCCL INFO P2P plugin v10 IBext_v10
node09:1240:1709 [1] NCCL INFO NET/Plugin: Plugin name set by env to libnccl-net.so
node09:1240:1709 [1] NCCL INFO NET/Plugin: Loaded net plugin NCCL RDMA Plugin v10 (v10)
node09:1240:1709 [1] NCCL INFO NET/Plugin: Loaded collnet plugin NCCL RDMA Plugin v10 (v10)
node09:1240:1709 [1] NCCL INFO Successfully loaded external plugin libnccl-net.so
node09:1240:1709 [1] NCCL INFO Plugin Path : /opt/hpcx/nccl_rdma_sharp_plugin/lib/libnccl-net.so
node09:1240:1709 [1] NCCL INFO P2P plugin v10 IBext_v10
node09:1241:1708 [2] NCCL INFO NET/IB : Using [0]mlx5_0:1/RoCE [1]mlx5_1:1/RoCE [2]mlx5_2:1/RoCE [3]mlx5_3:1/RoCE [4]mlx5_4:1/RoCE [5]mlx5_5:1/RoCE [6]mlx5_6:1/RoCE [7]mlx5_7:1/RoCE [RO]; OOB enP5p9s0:10.192.18.152<0>
node09:1240:1709 [1] NCCL INFO NET/IB : Using [0]mlx5_0:1/RoCE [1]mlx5_1:1/RoCE [2]mlx5_2:1/RoCE [3]mlx5_3:1/RoCE [4]mlx5_4:1/RoCE [5]mlx5_5:1/RoCE [6]mlx5_6:1/RoCE [7]mlx5_7:1/RoCE [RO]; OOB enP5p9s0:10.192.18.152<0>
node09:1242:1707 [3] NCCL INFO NET/IB : Using [0]mlx5_0:1/RoCE [1]mlx5_1:1/RoCE [2]mlx5_2:1/RoCE [3]mlx5_3:1/RoCE [4]mlx5_4:1/RoCE [5]mlx5_5:1/RoCE [6]mlx5_6:1/RoCE [7]mlx5_7:1/RoCE [RO]; OOB enP5p9s0:10.192.18.152<0>
node09:1241:1708 [2] NCCL INFO Initialized NET plugin IBext_v10
node09:1240:1709 [1] NCCL INFO Initialized NET plugin IBext_v10
node09:1242:1707 [3] NCCL INFO Initialized NET plugin IBext_v10
node09:1239:1710 [0] NCCL INFO NET/Plugin: Plugin name set by env to libnccl-net.so
node09:1239:1710 [0] NCCL INFO NET/Plugin: Loaded net plugin NCCL RDMA Plugin v10 (v10)
node09:1239:1710 [0] NCCL INFO NET/Plugin: Loaded collnet plugin NCCL RDMA Plugin v10 (v10)
node09:1239:1710 [0] NCCL INFO Successfully loaded external plugin libnccl-net.so
node09:1239:1710 [0] NCCL INFO Plugin Path : /opt/hpcx/nccl_rdma_sharp_plugin/lib/libnccl-net.so
node09:1239:1710 [0] NCCL INFO P2P plugin v10 IBext_v10
node09:1241:1708 [2] NCCL INFO Assigned NET plugin IBext_v10 to comm
node09:1241:1708 [2] NCCL INFO Using network IBext_v10
node09:1242:1707 [3] NCCL INFO Assigned NET plugin IBext_v10 to comm
node09:1242:1707 [3] NCCL INFO Using network IBext_v10
node09:1240:1709 [1] NCCL INFO Assigned NET plugin IBext_v10 to comm
node09:1240:1709 [1] NCCL INFO Using network IBext_v10
node09:1239:1710 [0] NCCL INFO NET/IB : Using [0]mlx5_0:1/RoCE [1]mlx5_1:1/RoCE [2]mlx5_2:1/RoCE [3]mlx5_3:1/RoCE [4]mlx5_4:1/RoCE [5]mlx5_5:1/RoCE [6]mlx5_6:1/RoCE [7]mlx5_7:1/RoCE [RO]; OOB enP5p9s0:10.192.18.152<0>
node09:1239:1710 [0] NCCL INFO Initialized NET plugin IBext_v10
node09:1239:1710 [0] NCCL INFO Assigned NET plugin IBext_v10 to comm
node09:1239:1710 [0] NCCL INFO Using network IBext_v10
node09:1242:1707 [3] NCCL INFO DMA-BUF is available on GPU device 3
node09:1241:1708 [2] NCCL INFO DMA-BUF is available on GPU device 2
node09:1240:1709 [1] NCCL INFO DMA-BUF is available on GPU device 1
node09:1242:1707 [3] NCCL INFO ncclCommInitRankConfig comm 0x367f80f0 rank 39 nranks 64 cudaDev 3 nvmlDev 3 busId 1901000 commId 0xf9e8a31158cee9c0 - Init START
node09:1241:1708 [2] NCCL INFO ncclCommInitRankConfig comm 0x538ea560 rank 38 nranks 64 cudaDev 2 nvmlDev 2 busId 1801000 commId 0xf9e8a31158cee9c0 - Init START
node09:1240:1709 [1] NCCL INFO ncclCommInitRankConfig comm 0x3e63e0c0 rank 37 nranks 64 cudaDev 1 nvmlDev 1 busId 901000 commId 0xf9e8a31158cee9c0 - Init START
node09:1241:1708 [2] NCCL INFO RAS client listening socket at 127.0.0.1<28028>
node09:1239:1710 [0] NCCL INFO DMA-BUF is available on GPU device 0
node09:1239:1710 [0] NCCL INFO ncclCommInitRankConfig comm 0x1f77a620 rank 36 nranks 64 cudaDev 0 nvmlDev 0 busId 801000 commId 0xf9e8a31158cee9c0 - Init START
node09:1239:1710 [0] NCCL INFO RAS client listening socket at 127.0.0.1<28028>
node09:1240:1709 [1] NCCL INFO RAS client listening socket at 127.0.0.1<28028>
node09:1242:1707 [3] NCCL INFO RAS client listening socket at 127.0.0.1<28028>
node09:1239:1710 [0] NCCL INFO Bootstrap timings total 0.072693 (create 0.000033, send 0.000131, recv 0.000381, ring 0.071792, delay 0.000000)
node09:1242:1707 [3] NCCL INFO Bootstrap timings total 0.077453 (create 0.000048, send 0.000152, recv 0.043548, ring 0.033355, delay 0.000000)
node09:1241:1708 [2] NCCL INFO Bootstrap timings total 0.076491 (create 0.000033, send 0.000128, recv 0.000308, ring 0.075473, delay 0.000000)
node09:1240:1709 [1] NCCL INFO Bootstrap timings total 0.076371 (create 0.000042, send 0.000186, recv 0.000290, ring 0.071714, delay 0.000000)
node09:1241:1708 [2] NCCL INFO MNNVL busId 0x1801000 fabric UUID 4d4e0850a64dd29b.34b5c600be78169f cliqueId 0x7ffe state 3 healthMask 0xaa
node09:1239:1710 [0] NCCL INFO MNNVL busId 0x801000 fabric UUID 4d4e0850a64dd29b.34b5c600be78169f cliqueId 0x7ffe state 3 healthMask 0xaa
node09:1242:1707 [3] NCCL INFO MNNVL busId 0x1901000 fabric UUID 4d4e0850a64dd29b.34b5c600be78169f cliqueId 0x7ffe state 3 healthMask 0xaa
node09:1240:1709 [1] NCCL INFO MNNVL busId 0x901000 fabric UUID 4d4e0850a64dd29b.34b5c600be78169f cliqueId 0x7ffe state 3 healthMask 0xaa
node09:1242:1707 [3] NCCL INFO MNNVL 1 cliqueId 7ffe cliqueSize 64 cliqueRank 39
node09:1239:1710 [0] NCCL INFO MNNVL 1 cliqueId 7ffe cliqueSize 64 cliqueRank 36
node09:1241:1708 [2] NCCL INFO MNNVL 1 cliqueId 7ffe cliqueSize 64 cliqueRank 38
node09:1240:1709 [1] NCCL INFO MNNVL 1 cliqueId 7ffe cliqueSize 64 cliqueRank 37
node09:1240:1709 [1] NCCL INFO Setting affinity for GPU 1 to 0-71
node09:1240:1709 [1] NCCL INFO NCCL_NVLS_ENABLE set by environment to 0.
node09:1241:1708 [2] NCCL INFO Setting affinity for GPU 2 to 72-143
node09:1241:1708 [2] NCCL INFO NCCL_NVLS_ENABLE set by environment to 0.
node09:1242:1707 [3] NCCL INFO Setting affinity for GPU 3 to 72-143
node09:1242:1707 [3] NCCL INFO NCCL_NVLS_ENABLE set by environment to 0.
node09:1239:1710 [0] NCCL INFO Setting affinity for GPU 0 to 0-71
node09:1239:1710 [0] NCCL INFO NCCL_NVLS_ENABLE set by environment to 0.
node09:1242:1707 [3] NCCL INFO comm 0x367f80f0 rank 39 nRanks 64 nNodes 1 localRanks 64 localRank 39 MNNVL 1
node09:1241:1708 [2] NCCL INFO comm 0x538ea560 rank 38 nRanks 64 nNodes 1 localRanks 64 localRank 38 MNNVL 1
node09:1240:1709 [1] NCCL INFO comm 0x3e63e0c0 rank 37 nRanks 64 nNodes 1 localRanks 64 localRank 37 MNNVL 1
node09:1241:1708 [2] NCCL INFO Trees [0] 39/-1/-1->38->37 [1] 39/-1/-1->38->37 [2] 39/-1/-1->38->37 [3] 39/-1/-1->38->37 [4] 39/-1/-1->38->37 [5] 39/-1/-1->38->37 [6] 39/-1/-1->38->37 [7] 39/-1/-1->38->37 [8] 39/-1/-1->38->37 [9] 39/-1/-1->38->37 [10] 39/-1/-1->38->37 [11] 39/-1/-1->38->37 [12] 39/-1/-1->38->37 [13] 39/-1/-1->38->37 [14] 39/-1/-1->38->37 [15] 39/-1/-1->38->37 [16] 39/-1/-1->38->37 [17] 39/-1/-1->38->37 [18] 39/-1/-1->38->37 [19] 39/-1/-1->38->37 [20] 39/-1/-1->38->37 [21] 39/-1/-1->38->37 [22] 39/-1/-1->38->37 [23] 39/-1/-1->38->37 [24] 39/-1/-1->38->37 [25] 39/-1/-1->38->37 [26] 39/-1/-1->38->37 [27] 39/-1/-1->38->37 [28] 39/-1/-1->38->37 [29] 39/-1/-1->38->37 [30] 39/-1/-1->38->37 [31] 39/-1/-1->38->37
node09:1242:1707 [3] NCCL INFO Trees [0] 40/-1/-1->39->38 [1] 40/-1/-1->39->38 [2] 40/-1/-1->39->38 [3] 40/-1/-1->39->38 [4] 40/-1/-1->39->38 [5] 40/-1/-1->39->38 [6] 40/-1/-1->39->38 [7] 40/-1/-1->39->38 [8] 40/-1/-1->39->38 [9] 40/-1/-1->39->38 [10] 40/-1/-1->39->38 [11] 40/-1/-1->39->38 [12] 40/-1/-1->39->38 [13] 40/-1/-1->39->38 [14] 40/-1/-1->39->38 [15] 40/-1/-1->39->38 [16] 40/-1/-1->39->38 [17] 40/-1/-1->39->38 [18] 40/-1/-1->39->38 [19] 40/-1/-1->39->38 [20] 40/-1/-1->39->38 [21] 40/-1/-1->39->38 [22] 40/-1/-1->39->38 [23] 40/-1/-1->39->38 [24] 40/-1/-1->39->38 [25] 40/-1/-1->39->38 [26] 40/-1/-1->39->38 [27] 40/-1/-1->39->38 [28] 40/-1/-1->39->38 [29] 40/-1/-1->39->38 [30] 40/-1/-1->39->38 [31] 40/-1/-1->39->38
node09:1241:1708 [2] NCCL INFO P2P Chunksize set to 524288
node09:1242:1707 [3] NCCL INFO P2P Chunksize set to 524288
node09:1240:1709 [1] NCCL INFO Trees [0] 38/-1/-1->37->36 [1] 38/-1/-1->37->36 [2] 38/-1/-1->37->36 [3] 38/-1/-1->37->36 [4] 38/-1/-1->37->36 [5] 38/-1/-1->37->36 [6] 38/-1/-1->37->36 [7] 38/-1/-1->37->36 [8] 38/-1/-1->37->36 [9] 38/-1/-1->37->36 [10] 38/-1/-1->37->36 [11] 38/-1/-1->37->36 [12] 38/-1/-1->37->36 [13] 38/-1/-1->37->36 [14] 38/-1/-1->37->36 [15] 38/-1/-1->37->36 [16] 38/-1/-1->37->36 [17] 38/-1/-1->37->36 [18] 38/-1/-1->37->36 [19] 38/-1/-1->37->36 [20] 38/-1/-1->37->36 [21] 38/-1/-1->37->36 [22] 38/-1/-1->37->36 [23] 38/-1/-1->37->36 [24] 38/-1/-1->37->36 [25] 38/-1/-1->37->36 [26] 38/-1/-1->37->36 [27] 38/-1/-1->37->36 [28] 38/-1/-1->37->36 [29] 38/-1/-1->37->36 [30] 38/-1/-1->37->36 [31] 38/-1/-1->37->36
node09:1240:1709 [1] NCCL INFO P2P Chunksize set to 524288
node09:1239:1710 [0] NCCL INFO comm 0x1f77a620 rank 36 nRanks 64 nNodes 1 localRanks 64 localRank 36 MNNVL 1
node09:1239:1710 [0] NCCL INFO Trees [0] 37/-1/-1->36->35 [1] 37/-1/-1->36->35 [2] 37/-1/-1->36->35 [3] 37/-1/-1->36->35 [4] 37/-1/-1->36->35 [5] 37/-1/-1->36->35 [6] 37/-1/-1->36->35 [7] 37/-1/-1->36->35 [8] 37/-1/-1->36->35 [9] 37/-1/-1->36->35 [10] 37/-1/-1->36->35 [11] 37/-1/-1->36->35 [12] 37/-1/-1->36->35 [13] 37/-1/-1->36->35 [14] 37/-1/-1->36->35 [15] 37/-1/-1->36->35 [16] 37/-1/-1->36->35 [17] 37/-1/-1->36->35 [18] 37/-1/-1->36->35 [19] 37/-1/-1->36->35 [20] 37/-1/-1->36->35 [21] 37/-1/-1->36->35 [22] 37/-1/-1->36->35 [23] 37/-1/-1->36->35 [24] 37/-1/-1->36->35 [25] 37/-1/-1->36->35 [26] 37/-1/-1->36->35 [27] 37/-1/-1->36->35 [28] 37/-1/-1->36->35 [29] 37/-1/-1->36->35 [30] 37/-1/-1->36->35 [31] 37/-1/-1->36->35
node09:1239:1710 [0] NCCL INFO P2P Chunksize set to 524288
node09:1240:1709 [1] NCCL INFO PROFILER/Plugin: Could not find: libnccl-profiler.so. 
node09:1242:1707 [3] NCCL INFO PROFILER/Plugin: Could not find: libnccl-profiler.so. 
node09:1241:1708 [2] NCCL INFO PROFILER/Plugin: Could not find: libnccl-profiler.so. 
node09:1242:1747 [3] NCCL INFO [Proxy Service] Device 3 CPU core 86
node09:1240:1749 [1] NCCL INFO [Proxy Service] Device 1 CPU core 48
node09:1241:1748 [2] NCCL INFO [Proxy Service] Device 2 CPU core 84
node09:1242:1750 [3] NCCL INFO [Proxy Service UDS] Device 3 CPU core 105
node09:1241:1751 [2] NCCL INFO [Proxy Service UDS] Device 2 CPU core 88
node09:1240:1752 [1] NCCL INFO [Proxy Service UDS] Device 1 CPU core 49
node09:1239:1710 [0] NCCL INFO PROFILER/Plugin: Could not find: libnccl-profiler.so. 
node09:1239:1753 [0] NCCL INFO [Proxy Service] Device 0 CPU core 21
node09:1239:1754 [0] NCCL INFO [Proxy Service UDS] Device 0 CPU core 22
node09:1242:1707 [3] NCCL INFO threadThresholds 8/8/64 | 512/8/64 | 512 | 512
node09:1242:1707 [3] NCCL INFO 32 coll channels, 32 collnet channels, 0 nvls channels, 32 p2p channels, 32 p2p channels per peer
node09:1241:1708 [2] NCCL INFO threadThresholds 8/8/64 | 512/8/64 | 512 | 512
node09:1241:1708 [2] NCCL INFO 32 coll channels, 32 collnet channels, 0 nvls channels, 32 p2p channels, 32 p2p channels per peer
node09:1240:1709 [1] NCCL INFO threadThresholds 8/8/64 | 512/8/64 | 512 | 512
node09:1240:1709 [1] NCCL INFO 32 coll channels, 32 collnet channels, 0 nvls channels, 32 p2p channels, 32 p2p channels per peer
node09:1239:1710 [0] NCCL INFO threadThresholds 8/8/64 | 512/8/64 | 512 | 512
node09:1239:1710 [0] NCCL INFO 32 coll channels, 32 collnet channels, 0 nvls channels, 32 p2p channels, 32 p2p channels per peer
node09:1240:1709 [1] NCCL INFO TUNER/Plugin: Could not find: libnccl-tuner.so. Using internal tuner plugin.
node09:1240:1709 [1] NCCL INFO TUNER/Plugin: Failed to find ncclTunerPlugin_v4 symbol.
node09:1240:1709 [1] NCCL INFO TUNER/Plugin: Failed to find ncclTunerPlugin_v3 symbol.
node09:1240:1709 [1] NCCL INFO TUNER/Plugin: Failed to find ncclTunerPlugin_v2 symbol, using internal tuner instead.
node09:1240:1709 [1] NCCL INFO ncclCommInitRankConfig comm 0x3e63e0c0 rank 37 nranks 64 cudaDev 1 nvmlDev 1 busId 901000 commId 0xf9e8a31158cee9c0 - Init COMPLETE
node09:1240:1709 [1] NCCL INFO Init timings - ncclCommInitRankConfig: rank 37 nranks 64 total 2.96 (kernels 0.28, alloc 0.18, bootstrap 0.08, allgathers 0.09, topo 2.13, graphs 0.04, connections 0.16, rest 0.01)
node09:1241:1708 [2] NCCL INFO TUNER/Plugin: Could not find: libnccl-tuner.so. Using internal tuner plugin.
node09:1239:1710 [0] NCCL INFO TUNER/Plugin: Could not find: libnccl-tuner.so. Using internal tuner plugin.
node09:1241:1708 [2] NCCL INFO TUNER/Plugin: Failed to find ncclTunerPlugin_v4 symbol.
node09:1239:1710 [0] NCCL INFO TUNER/Plugin: Failed to find ncclTunerPlugin_v4 symbol.
node09:1241:1708 [2] NCCL INFO TUNER/Plugin: Failed to find ncclTunerPlugin_v3 symbol.
node09:1239:1710 [0] NCCL INFO TUNER/Plugin: Failed to find ncclTunerPlugin_v3 symbol.
node09:1241:1708 [2] NCCL INFO TUNER/Plugin: Failed to find ncclTunerPlugin_v2 symbol, using internal tuner instead.
node09:1239:1710 [0] NCCL INFO TUNER/Plugin: Failed to find ncclTunerPlugin_v2 symbol, using internal tuner instead.
node09:1241:1708 [2] NCCL INFO ncclCommInitRankConfig comm 0x538ea560 rank 38 nranks 64 cudaDev 2 nvmlDev 2 busId 1801000 commId 0xf9e8a31158cee9c0 - Init COMPLETE
node09:1239:1710 [0] NCCL INFO ncclCommInitRankConfig comm 0x1f77a620 rank 36 nranks 64 cudaDev 0 nvmlDev 0 busId 801000 commId 0xf9e8a31158cee9c0 - Init COMPLETE
node09:1241:1708 [2] NCCL INFO Init timings - ncclCommInitRankConfig: rank 38 nranks 64 total 2.96 (kernels 0.27, alloc 0.18, bootstrap 0.08, allgathers 0.09, topo 2.13, graphs 0.04, connections 0.16, rest 0.01)
node09:1239:1710 [0] NCCL INFO Init timings - ncclCommInitRankConfig: rank 36 nranks 64 total 2.71 (kernels 0.09, alloc 0.11, bootstrap 0.07, allgathers 0.07, topo 2.15, graphs 0.04, connections 0.16, rest 0.01)
node09:1242:1707 [3] NCCL INFO TUNER/Plugin: Could not find: libnccl-tuner.so. Using internal tuner plugin.
node09:1242:1707 [3] NCCL INFO TUNER/Plugin: Failed to find ncclTunerPlugin_v4 symbol.
node09:1242:1707 [3] NCCL INFO TUNER/Plugin: Failed to find ncclTunerPlugin_v3 symbol.
node09:1242:1707 [3] NCCL INFO TUNER/Plugin: Failed to find ncclTunerPlugin_v2 symbol, using internal tuner instead.
node09:1242:1707 [3] NCCL INFO ncclCommInitRankConfig comm 0x367f80f0 rank 39 nranks 64 cudaDev 3 nvmlDev 3 busId 1901000 commId 0xf9e8a31158cee9c0 - Init COMPLETE
node09:1242:1707 [3] NCCL INFO Init timings - ncclCommInitRankConfig: rank 39 nranks 64 total 2.97 (kernels 0.28, alloc 0.18, bootstrap 0.08, allgathers 0.08, topo 2.14, graphs 0.04, connections 0.16, rest 0.01)
node09:1241:1755 [2] NCCL INFO Channel 00/0 : 38[2] -> 39[3] via P2P/MNNVL
node09:1241:1755 [2] NCCL INFO Channel 01/0 : 38[2] -> 39[3] via P2P/MNNVL
node09:1241:1755 [2] NCCL INFO Channel 02/0 : 38[2] -> 39[3] via P2P/MNNVL
node09:1241:1755 [2] NCCL INFO Channel 03/0 : 38[2] -> 39[3] via P2P/MNNVL
node09:1242:1756 [3] NCCL INFO Channel 00/0 : 39[3] -> 40[0] via P2P/MNNVL
node09:1241:1755 [2] NCCL INFO Channel 04/0 : 38[2] -> 39[3] via P2P/MNNVL
node09:1242:1756 [3] NCCL INFO Channel 01/0 : 39[3] -> 40[0] via P2P/MNNVL
node09:1241:1755 [2] NCCL INFO Channel 05/0 : 38[2] -> 39[3] via P2P/MNNVL
node09:1242:1756 [3] NCCL INFO Channel 02/0 : 39[3] -> 40[0] via P2P/MNNVL
node09:1242:1756 [3] NCCL INFO Channel 03/0 : 39[3] -> 40[0] via P2P/MNNVL
node09:1241:1755 [2] NCCL INFO Channel 06/0 : 38[2] -> 39[3] via P2P/MNNVL
node09:1242:1756 [3] NCCL INFO Channel 04/0 : 39[3] -> 40[0] via P2P/MNNVL
node09:1241:1755 [2] NCCL INFO Channel 07/0 : 38[2] -> 39[3] via P2P/MNNVL
node09:1242:1756 [3] NCCL INFO Channel 05/0 : 39[3] -> 40[0] via P2P/MNNVL
node09:1241:1755 [2] NCCL INFO Channel 08/0 : 38[2] -> 39[3] via P2P/MNNVL
node09:1239:1757 [0] NCCL INFO Channel 00/0 : 36[0] -> 37[1] via P2P/MNNVL
node09:1242:1756 [3] NCCL INFO Channel 06/0 : 39[3] -> 40[0] via P2P/MNNVL
node09:1241:1755 [2] NCCL INFO Channel 09/0 : 38[2] -> 39[3] via P2P/MNNVL
node09:1240:1758 [1] NCCL INFO Channel 00/0 : 37[1] -> 38[2] via P2P/MNNVL
node09:1239:1757 [0] NCCL INFO Channel 01/0 : 36[0] -> 37[1] via P2P/MNNVL
node09:1241:1755 [2] NCCL INFO Channel 10/0 : 38[2] -> 39[3] via P2P/MNNVL
node09:1240:1758 [1] NCCL INFO Channel 01/0 : 37[1] -> 38[2] via P2P/MNNVL
node09:1242:1756 [3] NCCL INFO Channel 07/0 : 39[3] -> 40[0] via P2P/MNNVL
node09:1241:1755 [2] NCCL INFO Channel 11/0 : 38[2] -> 39[3] via P2P/MNNVL
node09:1239:1757 [0] NCCL INFO Channel 02/0 : 36[0] -> 37[1] via P2P/MNNVL
node09:1240:1758 [1] NCCL INFO Channel 02/0 : 37[1] -> 38[2] via P2P/MNNVL
node09:1239:1757 [0] NCCL INFO Channel 03/0 : 36[0] -> 37[1] via P2P/MNNVL
node09:1242:1756 [3] NCCL INFO Channel 08/0 : 39[3] -> 40[0] via P2P/MNNVL
node09:1239:1757 [0] NCCL INFO Channel 04/0 : 36[0] -> 37[1] via P2P/MNNVL
node09:1241:1755 [2] NCCL INFO Channel 12/0 : 38[2] -> 39[3] via P2P/MNNVL
node09:1240:1758 [1] NCCL INFO Channel 03/0 : 37[1] -> 38[2] via P2P/MNNVL
node09:1242:1756 [3] NCCL INFO Channel 09/0 : 39[3] -> 40[0] via P2P/MNNVL
node09:1239:1757 [0] NCCL INFO Channel 05/0 : 36[0] -> 37[1] via P2P/MNNVL
node09:1241:1755 [2] NCCL INFO Channel 13/0 : 38[2] -> 39[3] via P2P/MNNVL
node09:1240:1758 [1] NCCL INFO Channel 04/0 : 37[1] -> 38[2] via P2P/MNNVL
node09:1239:1757 [0] NCCL INFO Channel 06/0 : 36[0] -> 37[1] via P2P/MNNVL
node09:1242:1756 [3] NCCL INFO Channel 10/0 : 39[3] -> 40[0] via P2P/MNNVL
node09:1241:1755 [2] NCCL INFO Channel 14/0 : 38[2] -> 39[3] via P2P/MNNVL
node09:1242:1756 [3] NCCL INFO Channel 11/0 : 39[3] -> 40[0] via P2P/MNNVL
node09:1240:1758 [1] NCCL INFO Channel 05/0 : 37[1] -> 38[2] via P2P/MNNVL
node09:1239:1757 [0] NCCL INFO Channel 07/0 : 36[0] -> 37[1] via P2P/MNNVL
node09:1242:1756 [3] NCCL INFO Channel 12/0 : 39[3] -> 40[0] via P2P/MNNVL
node09:1240:1758 [1] NCCL INFO Channel 06/0 : 37[1] -> 38[2] via P2P/MNNVL
node09:1241:1755 [2] NCCL INFO Channel 15/0 : 38[2] -> 39[3] via P2P/MNNVL
node09:1239:1757 [0] NCCL INFO Channel 08/0 : 36[0] -> 37[1] via P2P/MNNVL
node09:1242:1756 [3] NCCL INFO Channel 13/0 : 39[3] -> 40[0] via P2P/MNNVL
node09:1240:1758 [1] NCCL INFO Channel 07/0 : 37[1] -> 38[2] via P2P/MNNVL
node09:1241:1755 [2] NCCL INFO Channel 16/0 : 38[2] -> 39[3] via P2P/MNNVL
node09:1239:1757 [0] NCCL INFO Channel 09/0 : 36[0] -> 37[1] via P2P/MNNVL
node09:1242:1756 [3] NCCL INFO Channel 14/0 : 39[3] -> 40[0] via P2P/MNNVL
node09:1240:1758 [1] NCCL INFO Channel 08/0 : 37[1] -> 38[2] via P2P/MNNVL
node09:1241:1755 [2] NCCL INFO Channel 17/0 : 38[2] -> 39[3] via P2P/MNNVL
node09:1239:1757 [0] NCCL INFO Channel 10/0 : 36[0] -> 37[1] via P2P/MNNVL
node09:1242:1756 [3] NCCL INFO Channel 15/0 : 39[3] -> 40[0] via P2P/MNNVL
node09:1239:1757 [0] NCCL INFO Channel 11/0 : 36[0] -> 37[1] via P2P/MNNVL
node09:1240:1758 [1] NCCL INFO Channel 09/0 : 37[1] -> 38[2] via P2P/MNNVL
node09:1240:1758 [1] NCCL INFO Channel 10/0 : 37[1] -> 38[2] via P2P/MNNVL
node09:1241:1755 [2] NCCL INFO Channel 18/0 : 38[2] -> 39[3] via P2P/MNNVL
node09:1239:1757 [0] NCCL INFO Channel 12/0 : 36[0] -> 37[1] via P2P/MNNVL
node09:1242:1756 [3] NCCL INFO Channel 16/0 : 39[3] -> 40[0] via P2P/MNNVL
node09:1241:1755 [2] NCCL INFO Channel 19/0 : 38[2] -> 39[3] via P2P/MNNVL
node09:1242:1756 [3] NCCL INFO Channel 17/0 : 39[3] -> 40[0] via P2P/MNNVL
node09:1240:1758 [1] NCCL INFO Channel 11/0 : 37[1] -> 38[2] via P2P/MNNVL
node09:1239:1757 [0] NCCL INFO Channel 13/0 : 36[0] -> 37[1] via P2P/MNNVL
node09:1242:1756 [3] NCCL INFO Channel 18/0 : 39[3] -> 40[0] via P2P/MNNVL
node09:1240:1758 [1] NCCL INFO Channel 12/0 : 37[1] -> 38[2] via P2P/MNNVL
node09:1241:1755 [2] NCCL INFO Channel 20/0 : 38[2] -> 39[3] via P2P/MNNVL
node09:1239:1757 [0] NCCL INFO Channel 14/0 : 36[0] -> 37[1] via P2P/MNNVL
node09:1242:1756 [3] NCCL INFO Channel 19/0 : 39[3] -> 40[0] via P2P/MNNVL
node09:1239:1757 [0] NCCL INFO Channel 15/0 : 36[0] -> 37[1] via P2P/MNNVL
node09:1240:1758 [1] NCCL INFO Channel 13/0 : 37[1] -> 38[2] via P2P/MNNVL
node09:1242:1756 [3] NCCL INFO Channel 20/0 : 39[3] -> 40[0] via P2P/MNNVL
node09:1241:1755 [2] NCCL INFO Channel 21/0 : 38[2] -> 39[3] via P2P/MNNVL
node09:1241:1755 [2] NCCL INFO Channel 22/0 : 38[2] -> 39[3] via P2P/MNNVL
node09:1242:1756 [3] NCCL INFO Channel 21/0 : 39[3] -> 40[0] via P2P/MNNVL
node09:1240:1758 [1] NCCL INFO Channel 14/0 : 37[1] -> 38[2] via P2P/MNNVL
node09:1239:1757 [0] NCCL INFO Channel 16/0 : 36[0] -> 37[1] via P2P/MNNVL
node09:1241:1755 [2] NCCL INFO Channel 23/0 : 38[2] -> 39[3] via P2P/MNNVL
node09:1242:1756 [3] NCCL INFO Channel 22/0 : 39[3] -> 40[0] via P2P/MNNVL
node09:1241:1755 [2] NCCL INFO Channel 24/0 : 38[2] -> 39[3] via P2P/MNNVL
node09:1242:1756 [3] NCCL INFO Channel 23/0 : 39[3] -> 40[0] via P2P/MNNVL
node09:1239:1757 [0] NCCL INFO Channel 17/0 : 36[0] -> 37[1] via P2P/MNNVL
node09:1240:1758 [1] NCCL INFO Channel 15/0 : 37[1] -> 38[2] via P2P/MNNVL
node09:1242:1756 [3] NCCL INFO Channel 24/0 : 39[3] -> 40[0] via P2P/MNNVL
node09:1241:1755 [2] NCCL INFO Channel 25/0 : 38[2] -> 39[3] via P2P/MNNVL
node09:1239:1757 [0] NCCL INFO Channel 18/0 : 36[0] -> 37[1] via P2P/MNNVL
node09:1240:1758 [1] NCCL INFO Channel 16/0 : 37[1] -> 38[2] via P2P/MNNVL
node09:1241:1755 [2] NCCL INFO Channel 26/0 : 38[2] -> 39[3] via P2P/MNNVL
node09:1242:1756 [3] NCCL INFO Channel 25/0 : 39[3] -> 40[0] via P2P/MNNVL
node09:1239:1757 [0] NCCL INFO Channel 19/0 : 36[0] -> 37[1] via P2P/MNNVL
node09:1240:1758 [1] NCCL INFO Channel 17/0 : 37[1] -> 38[2] via P2P/MNNVL
node09:1242:1756 [3] NCCL INFO Channel 26/0 : 39[3] -> 40[0] via P2P/MNNVL
node09:1241:1755 [2] NCCL INFO Channel 27/0 : 38[2] -> 39[3] via P2P/MNNVL
node09:1239:1757 [0] NCCL INFO Channel 20/0 : 36[0] -> 37[1] via P2P/MNNVL
node09:1240:1758 [1] NCCL INFO Channel 18/0 : 37[1] -> 38[2] via P2P/MNNVL
node09:1241:1755 [2] NCCL INFO Channel 28/0 : 38[2] -> 39[3] via P2P/MNNVL
node09:1242:1756 [3] NCCL INFO Channel 27/0 : 39[3] -> 40[0] via P2P/MNNVL
node09:1239:1757 [0] NCCL INFO Channel 21/0 : 36[0] -> 37[1] via P2P/MNNVL
node09:1242:1756 [3] NCCL INFO Channel 28/0 : 39[3] -> 40[0] via P2P/MNNVL
node09:1240:1758 [1] NCCL INFO Channel 19/0 : 37[1] -> 38[2] via P2P/MNNVL
node09:1241:1755 [2] NCCL INFO Channel 29/0 : 38[2] -> 39[3] via P2P/MNNVL
node09:1239:1757 [0] NCCL INFO Channel 22/0 : 36[0] -> 37[1] via P2P/MNNVL
node09:1241:1755 [2] NCCL INFO Channel 30/0 : 38[2] -> 39[3] via P2P/MNNVL
node09:1240:1758 [1] NCCL INFO Channel 20/0 : 37[1] -> 38[2] via P2P/MNNVL
node09:1239:1757 [0] NCCL INFO Channel 23/0 : 36[0] -> 37[1] via P2P/MNNVL
node09:1242:1756 [3] NCCL INFO Channel 29/0 : 39[3] -> 40[0] via P2P/MNNVL
node09:1241:1755 [2] NCCL INFO Channel 31/0 : 38[2] -> 39[3] via P2P/MNNVL
node09:1240:1758 [1] NCCL INFO Channel 21/0 : 37[1] -> 38[2] via P2P/MNNVL
node09:1242:1756 [3] NCCL INFO Channel 30/0 : 39[3] -> 40[0] via P2P/MNNVL
node09:1239:1757 [0] NCCL INFO Channel 24/0 : 36[0] -> 37[1] via P2P/MNNVL
node09:1239:1757 [0] NCCL INFO Channel 25/0 : 36[0] -> 37[1] via P2P/MNNVL
node09:1242:1756 [3] NCCL INFO Channel 31/0 : 39[3] -> 40[0] via P2P/MNNVL
node09:1240:1758 [1] NCCL INFO Channel 22/0 : 37[1] -> 38[2] via P2P/MNNVL
node09:1240:1758 [1] NCCL INFO Channel 23/0 : 37[1] -> 38[2] via P2P/MNNVL
node09:1239:1757 [0] NCCL INFO Channel 26/0 : 36[0] -> 37[1] via P2P/MNNVL
node09:1239:1757 [0] NCCL INFO Channel 27/0 : 36[0] -> 37[1] via P2P/MNNVL
node09:1240:1758 [1] NCCL INFO Channel 24/0 : 37[1] -> 38[2] via P2P/MNNVL
node09:1239:1757 [0] NCCL INFO Channel 28/0 : 36[0] -> 37[1] via P2P/MNNVL
node09:1240:1758 [1] NCCL INFO Channel 25/0 : 37[1] -> 38[2] via P2P/MNNVL
node09:1239:1757 [0] NCCL INFO Channel 29/0 : 36[0] -> 37[1] via P2P/MNNVL
node09:1240:1758 [1] NCCL INFO Channel 26/0 : 37[1] -> 38[2] via P2P/MNNVL
node09:1239:1757 [0] NCCL INFO Channel 30/0 : 36[0] -> 37[1] via P2P/MNNVL
node09:1240:1758 [1] NCCL INFO Channel 27/0 : 37[1] -> 38[2] via P2P/MNNVL
node09:1240:1758 [1] NCCL INFO Channel 28/0 : 37[1] -> 38[2] via P2P/MNNVL
node09:1239:1757 [0] NCCL INFO Channel 31/0 : 36[0] -> 37[1] via P2P/MNNVL
node09:1240:1758 [1] NCCL INFO Channel 29/0 : 37[1] -> 38[2] via P2P/MNNVL
node09:1240:1758 [1] NCCL INFO Channel 30/0 : 37[1] -> 38[2] via P2P/MNNVL
node09:1240:1758 [1] NCCL INFO Channel 31/0 : 37[1] -> 38[2] via P2P/MNNVL
node09:1242:1756 [3] NCCL INFO Connected all rings, use ring PXN 0 GDR 1
node09:1240:1758 [1] NCCL INFO Connected all rings, use ring PXN 0 GDR 1
node09:1241:1755 [2] NCCL INFO Connected all rings, use ring PXN 0 GDR 1
node09:1239:1757 [0] NCCL INFO Connected all rings, use ring PXN 0 GDR 1
 > number of parameters on (tensor, pipeline) model parallel rank (6, 2): 8023080960
 > number of parameters on (tensor, pipeline) model parallel rank (4, 2): 8023080960
 > number of parameters on (tensor, pipeline) model parallel rank (5, 2): 8023080960
 > number of parameters on (tensor, pipeline) model parallel rank (7, 2): 8023080960
node09:1239:1239 [0] NCCL INFO Comm config Blocking set to 1
node09:1242:1242 [3] NCCL INFO Comm config Blocking set to 1
node09:1240:1240 [1] NCCL INFO Comm config Blocking set to 1
node09:1242:2111 [3] NCCL INFO Assigned NET plugin IBext_v10 to comm
node09:1239:2112 [0] NCCL INFO Assigned NET plugin IBext_v10 to comm
node09:1242:2111 [3] NCCL INFO Using network IBext_v10
node09:1239:2112 [0] NCCL INFO Using network IBext_v10
node09:1242:2111 [3] NCCL INFO DMA-BUF is available on GPU device 3
node09:1241:1241 [2] NCCL INFO Comm config Blocking set to 1
node09:1239:2112 [0] NCCL INFO DMA-BUF is available on GPU device 0
node09:1242:2111 [3] NCCL INFO ncclCommInitRankConfig comm 0x409d54c0 rank 2 nranks 4 cudaDev 3 nvmlDev 3 busId 1901000 commId 0xb4add913d060c96c - Init START
node09:1239:2112 [0] NCCL INFO ncclCommInitRankConfig comm 0x29a259b0 rank 2 nranks 4 cudaDev 0 nvmlDev 0 busId 801000 commId 0x7de7118fefab7713 - Init START
node09:1241:2114 [2] NCCL INFO Assigned NET plugin IBext_v10 to comm
node09:1241:2114 [2] NCCL INFO Using network IBext_v10
node09:1241:2114 [2] NCCL INFO DMA-BUF is available on GPU device 2
node09:1241:2114 [2] NCCL INFO ncclCommInitRankConfig comm 0x5dd7f240 rank 2 nranks 4 cudaDev 2 nvmlDev 2 busId 1801000 commId 0x9e208c75a0023a24 - Init START
node09:1240:2113 [1] NCCL INFO Assigned NET plugin IBext_v10 to comm
node09:1240:2113 [1] NCCL INFO Using network IBext_v10
node09:1240:2113 [1] NCCL INFO DMA-BUF is available on GPU device 1
node09:1240:2113 [1] NCCL INFO ncclCommInitRankConfig comm 0x48e517f0 rank 2 nranks 4 cudaDev 1 nvmlDev 1 busId 901000 commId 0x28ee14efc6cfd144 - Init START
node09:1242:2111 [3] NCCL INFO Bootstrap timings total 0.001566 (create 0.000044, send 0.000195, recv 0.000567, ring 0.000495, delay 0.000000)
node09:1239:2112 [0] NCCL INFO Bootstrap timings total 0.001626 (create 0.000069, send 0.000168, recv 0.000671, ring 0.000449, delay 0.000000)
node09:1241:2114 [2] NCCL INFO Bootstrap timings total 0.001428 (create 0.000037, send 0.000152, recv 0.000563, ring 0.000475, delay 0.000000)
node09:1240:2113 [1] NCCL INFO Bootstrap timings total 0.001201 (create 0.000054, send 0.000151, recv 0.000325, ring 0.000317, delay 0.000000)
node09:1242:2111 [3] NCCL INFO MNNVL busId 0x1901000 fabric UUID 4d4e0850a64dd29b.34b5c600be78169f cliqueId 0x7ffe state 3 healthMask 0xaa
node09:1239:2112 [0] NCCL INFO MNNVL busId 0x801000 fabric UUID 4d4e0850a64dd29b.34b5c600be78169f cliqueId 0x7ffe state 3 healthMask 0xaa
node09:1241:2114 [2] NCCL INFO MNNVL busId 0x1801000 fabric UUID 4d4e0850a64dd29b.34b5c600be78169f cliqueId 0x7ffe state 3 healthMask 0xaa
node09:1240:2113 [1] NCCL INFO MNNVL busId 0x901000 fabric UUID 4d4e0850a64dd29b.34b5c600be78169f cliqueId 0x7ffe state 3 healthMask 0xaa
node09:1242:2111 [3] NCCL INFO MNNVL 1 cliqueId 7ffe cliqueSize 4 cliqueRank 2
node09:1241:2114 [2] NCCL INFO MNNVL 1 cliqueId 7ffe cliqueSize 4 cliqueRank 2
node09:1239:2112 [0] NCCL INFO MNNVL 1 cliqueId 7ffe cliqueSize 4 cliqueRank 2
node09:1240:2113 [1] NCCL INFO MNNVL 1 cliqueId 7ffe cliqueSize 4 cliqueRank 2
node09:1242:2111 [3] NCCL INFO Setting affinity for GPU 3 to 72-143
node09:1242:2111 [3] NCCL INFO comm 0x409d54c0 rank 2 nRanks 4 nNodes 1 localRanks 4 localRank 2 MNNVL 1
node09:1242:2111 [3] NCCL INFO Trees [0] 3/-1/-1->2->1 [1] 3/-1/-1->2->1 [2] 3/-1/-1->2->1 [3] 3/-1/-1->2->1 [4] 3/-1/-1->2->1 [5] 3/-1/-1->2->1 [6] 3/-1/-1->2->1 [7] 3/-1/-1->2->1 [8] 3/-1/-1->2->1 [9] 3/-1/-1->2->1 [10] 3/-1/-1->2->1 [11] 3/-1/-1->2->1 [12] 3/-1/-1->2->-1 [13] 3/-1/-1->2->-1 [14] -1/-1/-1->2->1 [15] -1/-1/-1->2->1 [16] 3/-1/-1->2->1 [17] 3/-1/-1->2->1 [18] 3/-1/-1->2->1 [19] 3/-1/-1->2->1 [20] 3/-1/-1->2->1 [21] 3/-1/-1->2->1 [22] 3/-1/-1->2->1 [23] 3/-1/-1->2->1 [24] 3/-1/-1->2->1 [25] 3/-1/-1->2->1 [26] 3/-1/-1->2->1 [27] 3/-1/-1->2->1 [28] 3/-1/-1->2->-1 [29] 3/-1/-1->2->-1 [30] -1/-1/-1->2->1 [31] -1/-1/-1->2->1
node09:1242:2111 [3] NCCL INFO P2P Chunksize set to 524288
node09:1242:2115 [3] NCCL INFO [Proxy Service] Device 3 CPU core 85
node09:1242:2116 [3] NCCL INFO [Proxy Service UDS] Device 3 CPU core 87
node09:1242:2111 [3] NCCL INFO threadThresholds 8/8/64 | 32/8/64 | 512 | 512
node09:1242:2111 [3] NCCL INFO 32 coll channels, 32 collnet channels, 0 nvls channels, 32 p2p channels, 32 p2p channels per peer
node09:1242:2111 [3] NCCL INFO ncclCommInitRankConfig comm 0x409d54c0 rank 2 nranks 4 cudaDev 3 nvmlDev 3 busId 1901000 commId 0xb4add913d060c96c - Init COMPLETE
node09:1242:2111 [3] NCCL INFO Init timings - ncclCommInitRankConfig: rank 2 nranks 4 total 0.83 (kernels 0.00, alloc 0.00, bootstrap 0.00, allgathers 0.01, topo 0.77, graphs 0.00, connections 0.03, rest 0.01)
node09:1241:2114 [2] NCCL INFO Setting affinity for GPU 2 to 72-143
node09:1239:2112 [0] NCCL INFO Setting affinity for GPU 0 to 0-71
node09:1241:2114 [2] NCCL INFO comm 0x5dd7f240 rank 2 nRanks 4 nNodes 1 localRanks 4 localRank 2 MNNVL 1
node09:1241:2114 [2] NCCL INFO Trees [0] 3/-1/-1->2->1 [1] 3/-1/-1->2->1 [2] 3/-1/-1->2->1 [3] 3/-1/-1->2->1 [4] 3/-1/-1->2->1 [5] 3/-1/-1->2->1 [6] 3/-1/-1->2->1 [7] 3/-1/-1->2->1 [8] 3/-1/-1->2->1 [9] 3/-1/-1->2->1 [10] 3/-1/-1->2->1 [11] 3/-1/-1->2->1 [12] 3/-1/-1->2->-1 [13] 3/-1/-1->2->-1 [14] -1/-1/-1->2->1 [15] -1/-1/-1->2->1 [16] 3/-1/-1->2->1 [17] 3/-1/-1->2->1 [18] 3/-1/-1->2->1 [19] 3/-1/-1->2->1 [20] 3/-1/-1->2->1 [21] 3/-1/-1->2->1 [22] 3/-1/-1->2->1 [23] 3/-1/-1->2->1 [24] 3/-1/-1->2->1 [25] 3/-1/-1->2->1 [26] 3/-1/-1->2->1 [27] 3/-1/-1->2->1 [28] 3/-1/-1->2->-1 [29] 3/-1/-1->2->-1 [30] -1/-1/-1->2->1 [31] -1/-1/-1->2->1
node09:1241:2114 [2] NCCL INFO P2P Chunksize set to 524288
node09:1241:2118 [2] NCCL INFO [Proxy Service] Device 2 CPU core 92
node09:1241:2119 [2] NCCL INFO [Proxy Service UDS] Device 2 CPU core 98
node09:1239:2112 [0] NCCL INFO comm 0x29a259b0 rank 2 nRanks 4 nNodes 1 localRanks 4 localRank 2 MNNVL 1
node09:1239:2112 [0] NCCL INFO Trees [0] 3/-1/-1->2->1 [1] 3/-1/-1->2->1 [2] 3/-1/-1->2->1 [3] 3/-1/-1->2->1 [4] 3/-1/-1->2->1 [5] 3/-1/-1->2->1 [6] 3/-1/-1->2->1 [7] 3/-1/-1->2->1 [8] 3/-1/-1->2->1 [9] 3/-1/-1->2->1 [10] 3/-1/-1->2->1 [11] 3/-1/-1->2->1 [12] 3/-1/-1->2->-1 [13] 3/-1/-1->2->-1 [14] -1/-1/-1->2->1 [15] -1/-1/-1->2->1 [16] 3/-1/-1->2->1 [17] 3/-1/-1->2->1 [18] 3/-1/-1->2->1 [19] 3/-1/-1->2->1 [20] 3/-1/-1->2->1 [21] 3/-1/-1->2->1 [22] 3/-1/-1->2->1 [23] 3/-1/-1->2->1 [24] 3/-1/-1->2->1 [25] 3/-1/-1->2->1 [26] 3/-1/-1->2->1 [27] 3/-1/-1->2->1 [28] 3/-1/-1->2->-1 [29] 3/-1/-1->2->-1 [30] -1/-1/-1->2->1 [31] -1/-1/-1->2->1
node09:1239:2112 [0] NCCL INFO P2P Chunksize set to 524288
node09:1239:2120 [0] NCCL INFO [Proxy Service] Device 0 CPU core 48
node09:1239:2121 [0] NCCL INFO [Proxy Service UDS] Device 0 CPU core 49
node09:1240:2113 [1] NCCL INFO Setting affinity for GPU 1 to 0-71
node09:1240:2113 [1] NCCL INFO comm 0x48e517f0 rank 2 nRanks 4 nNodes 1 localRanks 4 localRank 2 MNNVL 1
node09:1240:2113 [1] NCCL INFO Trees [0] 3/-1/-1->2->1 [1] 3/-1/-1->2->1 [2] 3/-1/-1->2->1 [3] 3/-1/-1->2->1 [4] 3/-1/-1->2->1 [5] 3/-1/-1->2->1 [6] 3/-1/-1->2->1 [7] 3/-1/-1->2->1 [8] 3/-1/-1->2->1 [9] 3/-1/-1->2->1 [10] 3/-1/-1->2->1 [11] 3/-1/-1->2->1 [12] 3/-1/-1->2->-1 [13] 3/-1/-1->2->-1 [14] -1/-1/-1->2->1 [15] -1/-1/-1->2->1 [16] 3/-1/-1->2->1 [17] 3/-1/-1->2->1 [18] 3/-1/-1->2->1 [19] 3/-1/-1->2->1 [20] 3/-1/-1->2->1 [21] 3/-1/-1->2->1 [22] 3/-1/-1->2->1 [23] 3/-1/-1->2->1 [24] 3/-1/-1->2->1 [25] 3/-1/-1->2->1 [26] 3/-1/-1->2->1 [27] 3/-1/-1->2->1 [28] 3/-1/-1->2->-1 [29] 3/-1/-1->2->-1 [30] -1/-1/-1->2->1 [31] -1/-1/-1->2->1
node09:1240:2113 [1] NCCL INFO P2P Chunksize set to 524288
node09:1240:2122 [1] NCCL INFO [Proxy Service] Device 1 CPU core 2
node09:1240:2123 [1] NCCL INFO [Proxy Service UDS] Device 1 CPU core 3
node09:1241:2114 [2] NCCL INFO threadThresholds 8/8/64 | 32/8/64 | 512 | 512
node09:1241:2114 [2] NCCL INFO 32 coll channels, 32 collnet channels, 0 nvls channels, 32 p2p channels, 32 p2p channels per peer
node09:1239:2112 [0] NCCL INFO threadThresholds 8/8/64 | 32/8/64 | 512 | 512
node09:1239:2112 [0] NCCL INFO 32 coll channels, 32 collnet channels, 0 nvls channels, 32 p2p channels, 32 p2p channels per peer
node09:1240:2113 [1] NCCL INFO threadThresholds 8/8/64 | 32/8/64 | 512 | 512
node09:1240:2113 [1] NCCL INFO 32 coll channels, 32 collnet channels, 0 nvls channels, 32 p2p channels, 32 p2p channels per peer
node09:1241:2114 [2] NCCL INFO ncclCommInitRankConfig comm 0x5dd7f240 rank 2 nranks 4 cudaDev 2 nvmlDev 2 busId 1801000 commId 0x9e208c75a0023a24 - Init COMPLETE
node09:1241:2114 [2] NCCL INFO Init timings - ncclCommInitRankConfig: rank 2 nranks 4 total 1.41 (kernels 0.00, alloc 0.00, bootstrap 0.00, allgathers 0.01, topo 0.88, graphs 0.00, connections 0.10, rest 0.42)
node09:1239:2112 [0] NCCL INFO ncclCommInitRankConfig comm 0x29a259b0 rank 2 nranks 4 cudaDev 0 nvmlDev 0 busId 801000 commId 0x7de7118fefab7713 - Init COMPLETE
node09:1239:2112 [0] NCCL INFO Init timings - ncclCommInitRankConfig: rank 2 nranks 4 total 1.41 (kernels 0.00, alloc 0.00, bootstrap 0.00, allgathers 0.01, topo 0.89, graphs 0.00, connections 0.11, rest 0.40)
node09:1240:2113 [1] NCCL INFO ncclCommInitRankConfig comm 0x48e517f0 rank 2 nranks 4 cudaDev 1 nvmlDev 1 busId 901000 commId 0x28ee14efc6cfd144 - Init COMPLETE
node09:1240:2113 [1] NCCL INFO Init timings - ncclCommInitRankConfig: rank 2 nranks 4 total 1.51 (kernels 0.00, alloc 0.00, bootstrap 0.00, allgathers 0.00, topo 0.91, graphs 0.00, connections 0.10, rest 0.49)
node09:1239:1239 [0] NCCL INFO Comm config Blocking set to 1
node09:1242:1242 [3] NCCL INFO Comm config Blocking set to 1
node09:1241:1241 [2] NCCL INFO Comm config Blocking set to 1
node09:1242:2128 [3] NCCL INFO Assigned NET plugin IBext_v10 to comm
node09:1242:2128 [3] NCCL INFO Using network IBext_v10
node09:1241:2129 [2] NCCL INFO Assigned NET plugin IBext_v10 to comm
node09:1239:2127 [0] NCCL INFO Assigned NET plugin IBext_v10 to comm
node09:1241:2129 [2] NCCL INFO Using network IBext_v10
node09:1239:2127 [0] NCCL INFO Using network IBext_v10
node09:1242:2128 [3] NCCL INFO DMA-BUF is available on GPU device 3
node09:1241:2129 [2] NCCL INFO DMA-BUF is available on GPU device 2
node09:1239:2127 [0] NCCL INFO DMA-BUF is available on GPU device 0
node09:1240:1240 [1] NCCL INFO Comm config Blocking set to 1
node09:1240:2130 [1] NCCL INFO Assigned NET plugin IBext_v10 to comm
node09:1240:2130 [1] NCCL INFO Using network IBext_v10
node09:1240:2130 [1] NCCL INFO DMA-BUF is available on GPU device 1
node09:1239:2127 [0] NCCL INFO ncclCommInitRankConfig comm 0x32ae4b30 rank 4 nranks 8 cudaDev 0 nvmlDev 0 busId 801000 commId 0x16f4cb3c92c03ba9 - Init START
node09:1241:2129 [2] NCCL INFO ncclCommInitRankConfig comm 0x66e3fae0 rank 6 nranks 8 cudaDev 2 nvmlDev 2 busId 1801000 commId 0x16f4cb3c92c03ba9 - Init START
node09:1242:2128 [3] NCCL INFO ncclCommInitRankConfig comm 0x49a94e20 rank 7 nranks 8 cudaDev 3 nvmlDev 3 busId 1901000 commId 0x16f4cb3c92c03ba9 - Init START
node09:1240:2130 [1] NCCL INFO ncclCommInitRankConfig comm 0x51f16350 rank 5 nranks 8 cudaDev 1 nvmlDev 1 busId 901000 commId 0x16f4cb3c92c03ba9 - Init START
node09:1242:2128 [3] NCCL INFO Bootstrap timings total 0.001385 (create 0.000031, send 0.000162, recv 0.000412, ring 0.000452, delay 0.000000)
node09:1239:2127 [0] NCCL INFO Bootstrap timings total 0.001714 (create 0.000058, send 0.000181, recv 0.000837, ring 0.000456, delay 0.000001)
node09:1241:2129 [2] NCCL INFO Bootstrap timings total 0.001394 (create 0.000034, send 0.000150, recv 0.000291, ring 0.000384, delay 0.000000)
node09:1240:2130 [1] NCCL INFO Bootstrap timings total 0.001268 (create 0.000048, send 0.000180, recv 0.000488, ring 0.000305, delay 0.000000)
node09:1239:2127 [0] NCCL INFO MNNVL busId 0x801000 fabric UUID 4d4e0850a64dd29b.34b5c600be78169f cliqueId 0x7ffe state 3 healthMask 0xaa
node09:1242:2128 [3] NCCL INFO MNNVL busId 0x1901000 fabric UUID 4d4e0850a64dd29b.34b5c600be78169f cliqueId 0x7ffe state 3 healthMask 0xaa
node09:1241:2129 [2] NCCL INFO MNNVL busId 0x1801000 fabric UUID 4d4e0850a64dd29b.34b5c600be78169f cliqueId 0x7ffe state 3 healthMask 0xaa
node09:1240:2130 [1] NCCL INFO MNNVL busId 0x901000 fabric UUID 4d4e0850a64dd29b.34b5c600be78169f cliqueId 0x7ffe state 3 healthMask 0xaa
node09:1239:2127 [0] NCCL INFO MNNVL 1 cliqueId 7ffe cliqueSize 8 cliqueRank 4
node09:1242:2128 [3] NCCL INFO MNNVL 1 cliqueId 7ffe cliqueSize 8 cliqueRank 7
node09:1241:2129 [2] NCCL INFO MNNVL 1 cliqueId 7ffe cliqueSize 8 cliqueRank 6
node09:1240:2130 [1] NCCL INFO MNNVL 1 cliqueId 7ffe cliqueSize 8 cliqueRank 5
node09:1242:2128 [3] NCCL INFO Setting affinity for GPU 3 to 72-143
node09:1241:2129 [2] NCCL INFO Setting affinity for GPU 2 to 72-143
node09:1240:2130 [1] NCCL INFO Setting affinity for GPU 1 to 0-71
node09:1239:2127 [0] NCCL INFO Setting affinity for GPU 0 to 0-71
node09:1242:2128 [3] NCCL INFO comm 0x49a94e20 rank 7 nRanks 8 nNodes 1 localRanks 8 localRank 7 MNNVL 1
node09:1240:2130 [1] NCCL INFO comm 0x51f16350 rank 5 nRanks 8 nNodes 1 localRanks 8 localRank 5 MNNVL 1
node09:1241:2129 [2] NCCL INFO comm 0x66e3fae0 rank 6 nRanks 8 nNodes 1 localRanks 8 localRank 6 MNNVL 1
node09:1242:2128 [3] NCCL INFO Trees [0] -1/-1/-1->7->6 [1] -1/-1/-1->7->6 [2] -1/-1/-1->7->6 [3] -1/-1/-1->7->6 [4] -1/-1/-1->7->6 [5] -1/-1/-1->7->6 [6] -1/-1/-1->7->6 [7] -1/-1/-1->7->6 [8] -1/-1/-1->7->6 [9] -1/-1/-1->7->6 [10] -1/-1/-1->7->6 [11] -1/-1/-1->7->6 [12] -1/-1/-1->7->6 [13] -1/-1/-1->7->6 [14] -1/-1/-1->7->6 [15] -1/-1/-1->7->6 [16] -1/-1/-1->7->6 [17] -1/-1/-1->7->6 [18] -1/-1/-1->7->6 [19] -1/-1/-1->7->6 [20] -1/-1/-1->7->6 [21] -1/-1/-1->7->6 [22] -1/-1/-1->7->6 [23] -1/-1/-1->7->6 [24] -1/-1/-1->7->6 [25] -1/-1/-1->7->6 [26] -1/-1/-1->7->6 [27] -1/-1/-1->7->6 [28] -1/-1/-1->7->6 [29] -1/-1/-1->7->6 [30] -1/-1/-1->7->6 [31] -1/-1/-1->7->6
node09:1242:2128 [3] NCCL INFO P2P Chunksize set to 524288
node09:1240:2130 [1] NCCL INFO Trees [0] 6/-1/-1->5->4 [1] 6/-1/-1->5->4 [2] 6/-1/-1->5->4 [3] 6/-1/-1->5->4 [4] 6/-1/-1->5->4 [5] 6/-1/-1->5->4 [6] 6/-1/-1->5->4 [7] 6/-1/-1->5->4 [8] 6/-1/-1->5->4 [9] 6/-1/-1->5->4 [10] 6/-1/-1->5->4 [11] 6/-1/-1->5->4 [12] 6/-1/-1->5->4 [13] 6/-1/-1->5->4 [14] 6/-1/-1->5->4 [15] 6/-1/-1->5->4 [16] 6/-1/-1->5->4 [17] 6/-1/-1->5->4 [18] 6/-1/-1->5->4 [19] 6/-1/-1->5->4 [20] 6/-1/-1->5->4 [21] 6/-1/-1->5->4 [22] 6/-1/-1->5->4 [23] 6/-1/-1->5->4 [24] 6/-1/-1->5->4 [25] 6/-1/-1->5->4 [26] 6/-1/-1->5->4 [27] 6/-1/-1->5->4 [28] 6/-1/-1->5->4 [29] 6/-1/-1->5->4 [30] 6/-1/-1->5->4 [31] 6/-1/-1->5->4
node09:1241:2129 [2] NCCL INFO Trees [0] 7/-1/-1->6->5 [1] 7/-1/-1->6->5 [2] 7/-1/-1->6->5 [3] 7/-1/-1->6->5 [4] 7/-1/-1->6->5 [5] 7/-1/-1->6->5 [6] 7/-1/-1->6->5 [7] 7/-1/-1->6->5 [8] 7/-1/-1->6->5 [9] 7/-1/-1->6->5 [10] 7/-1/-1->6->5 [11] 7/-1/-1->6->5 [12] 7/-1/-1->6->5 [13] 7/-1/-1->6->5 [14] 7/-1/-1->6->5 [15] 7/-1/-1->6->5 [16] 7/-1/-1->6->5 [17] 7/-1/-1->6->5 [18] 7/-1/-1->6->5 [19] 7/-1/-1->6->5 [20] 7/-1/-1->6->5 [21] 7/-1/-1->6->5 [22] 7/-1/-1->6->5 [23] 7/-1/-1->6->5 [24] 7/-1/-1->6->5 [25] 7/-1/-1->6->5 [26] 7/-1/-1->6->5 [27] 7/-1/-1->6->5 [28] 7/-1/-1->6->5 [29] 7/-1/-1->6->5 [30] 7/-1/-1->6->5 [31] 7/-1/-1->6->5
node09:1240:2130 [1] NCCL INFO P2P Chunksize set to 524288
node09:1241:2129 [2] NCCL INFO P2P Chunksize set to 524288
node09:1239:2127 [0] NCCL INFO comm 0x32ae4b30 rank 4 nRanks 8 nNodes 1 localRanks 8 localRank 4 MNNVL 1
node09:1241:2132 [2] NCCL INFO [Proxy Service] Device 2 CPU core 93
node09:1242:2131 [3] NCCL INFO [Proxy Service] Device 3 CPU core 85
node09:1240:2133 [1] NCCL INFO [Proxy Service] Device 1 CPU core 2
node09:1239:2127 [0] NCCL INFO Trees [0] 5/-1/-1->4->3 [1] 5/-1/-1->4->3 [2] 5/-1/-1->4->3 [3] 5/-1/-1->4->3 [4] 5/-1/-1->4->3 [5] 5/-1/-1->4->3 [6] 5/-1/-1->4->3 [7] 5/-1/-1->4->3 [8] 5/-1/-1->4->3 [9] 5/-1/-1->4->3 [10] 5/-1/-1->4->3 [11] 5/-1/-1->4->3 [12] 5/-1/-1->4->3 [13] 5/-1/-1->4->3 [14] 5/-1/-1->4->3 [15] 5/-1/-1->4->3 [16] 5/-1/-1->4->3 [17] 5/-1/-1->4->3 [18] 5/-1/-1->4->3 [19] 5/-1/-1->4->3 [20] 5/-1/-1->4->3 [21] 5/-1/-1->4->3 [22] 5/-1/-1->4->3 [23] 5/-1/-1->4->3 [24] 5/-1/-1->4->3 [25] 5/-1/-1->4->3 [26] 5/-1/-1->4->3 [27] 5/-1/-1->4->3 [28] 5/-1/-1->4->3 [29] 5/-1/-1->4->3 [30] 5/-1/-1->4->3 [31] 5/-1/-1->4->3
node09:1239:2127 [0] NCCL INFO P2P Chunksize set to 524288
node09:1241:2135 [2] NCCL INFO [Proxy Service UDS] Device 2 CPU core 94
node09:1242:2134 [3] NCCL INFO [Proxy Service UDS] Device 3 CPU core 87
node09:1240:2136 [1] NCCL INFO [Proxy Service UDS] Device 1 CPU core 3
node09:1239:2138 [0] NCCL INFO [Proxy Service UDS] Device 0 CPU core 49
node09:1239:2137 [0] NCCL INFO [Proxy Service] Device 0 CPU core 48
node09:1241:2129 [2] NCCL INFO threadThresholds 8/8/64 | 64/8/64 | 512 | 512
node09:1241:2129 [2] NCCL INFO 32 coll channels, 32 collnet channels, 0 nvls channels, 32 p2p channels, 32 p2p channels per peer
node09:1242:2128 [3] NCCL INFO threadThresholds 8/8/64 | 64/8/64 | 512 | 512
node09:1242:2128 [3] NCCL INFO 32 coll channels, 32 collnet channels, 0 nvls channels, 32 p2p channels, 32 p2p channels per peer
node09:1240:2130 [1] NCCL INFO threadThresholds 8/8/64 | 64/8/64 | 512 | 512
node09:1240:2130 [1] NCCL INFO 32 coll channels, 32 collnet channels, 0 nvls channels, 32 p2p channels, 32 p2p channels per peer
node09:1239:2127 [0] NCCL INFO threadThresholds 8/8/64 | 64/8/64 | 512 | 512
node09:1239:2127 [0] NCCL INFO 32 coll channels, 32 collnet channels, 0 nvls channels, 32 p2p channels, 32 p2p channels per peer
node09:1240:2130 [1] NCCL INFO ncclCommInitRankConfig comm 0x51f16350 rank 5 nranks 8 cudaDev 1 nvmlDev 1 busId 901000 commId 0x16f4cb3c92c03ba9 - Init COMPLETE
node09:1239:2127 [0] NCCL INFO ncclCommInitRankConfig comm 0x32ae4b30 rank 4 nranks 8 cudaDev 0 nvmlDev 0 busId 801000 commId 0x16f4cb3c92c03ba9 - Init COMPLETE
node09:1240:2130 [1] NCCL INFO Init timings - ncclCommInitRankConfig: rank 5 nranks 8 total 0.83 (kernels 0.00, alloc 0.00, bootstrap 0.00, allgathers 0.02, topo 0.64, graphs 0.00, connections 0.16, rest 0.01)
node09:1239:2127 [0] NCCL INFO Init timings - ncclCommInitRankConfig: rank 4 nranks 8 total 0.83 (kernels 0.00, alloc 0.00, bootstrap 0.00, allgathers 0.00, topo 0.66, graphs 0.00, connections 0.16, rest 0.00)
node09:1242:2128 [3] NCCL INFO ncclCommInitRankConfig comm 0x49a94e20 rank 7 nranks 8 cudaDev 3 nvmlDev 3 busId 1901000 commId 0x16f4cb3c92c03ba9 - Init COMPLETE
node09:1242:2128 [3] NCCL INFO Init timings - ncclCommInitRankConfig: rank 7 nranks 8 total 0.83 (kernels 0.00, alloc 0.00, bootstrap 0.00, allgathers 0.04, topo 0.63, graphs 0.00, connections 0.16, rest 0.00)
node09:1241:2129 [2] NCCL INFO ncclCommInitRankConfig comm 0x66e3fae0 rank 6 nranks 8 cudaDev 2 nvmlDev 2 busId 1801000 commId 0x16f4cb3c92c03ba9 - Init COMPLETE
node09:1241:2129 [2] NCCL INFO Init timings - ncclCommInitRankConfig: rank 6 nranks 8 total 0.83 (kernels 0.00, alloc 0.00, bootstrap 0.00, allgathers 0.02, topo 0.64, graphs 0.00, connections 0.15, rest 0.02)
node09:1241:2142 [2] NCCL INFO Channel 00/0 : 6[2] -> 7[3] via P2P/MNNVL
node09:1241:2142 [2] NCCL INFO Channel 01/0 : 6[2] -> 7[3] via P2P/MNNVL
node09:1241:2142 [2] NCCL INFO Channel 02/0 : 6[2] -> 7[3] via P2P/MNNVL
node09:1242:2141 [3] NCCL INFO Channel 00/0 : 7[3] -> 0[0] via P2P/MNNVL
node09:1242:2141 [3] NCCL INFO Channel 01/0 : 7[3] -> 0[0] via P2P/MNNVL
node09:1241:2142 [2] NCCL INFO Channel 03/0 : 6[2] -> 7[3] via P2P/MNNVL
node09:1239:2140 [0] NCCL INFO Channel 00/0 : 4[0] -> 5[1] via P2P/MNNVL
node09:1240:2139 [1] NCCL INFO Channel 00/0 : 5[1] -> 6[2] via P2P/MNNVL
node09:1241:2142 [2] NCCL INFO Channel 04/0 : 6[2] -> 7[3] via P2P/MNNVL
node09:1239:2140 [0] NCCL INFO Channel 01/0 : 4[0] -> 5[1] via P2P/MNNVL
node09:1242:2141 [3] NCCL INFO Channel 02/0 : 7[3] -> 0[0] via P2P/MNNVL
node09:1241:2142 [2] NCCL INFO Channel 05/0 : 6[2] -> 7[3] via P2P/MNNVL
node09:1240:2139 [1] NCCL INFO Channel 01/0 : 5[1] -> 6[2] via P2P/MNNVL
node09:1242:2141 [3] NCCL INFO Channel 03/0 : 7[3] -> 0[0] via P2P/MNNVL
node09:1239:2140 [0] NCCL INFO Channel 02/0 : 4[0] -> 5[1] via P2P/MNNVL
node09:1239:2140 [0] NCCL INFO Channel 03/0 : 4[0] -> 5[1] via P2P/MNNVL
node09:1241:2142 [2] NCCL INFO Channel 06/0 : 6[2] -> 7[3] via P2P/MNNVL
node09:1242:2141 [3] NCCL INFO Channel 04/0 : 7[3] -> 0[0] via P2P/MNNVL
node09:1240:2139 [1] NCCL INFO Channel 02/0 : 5[1] -> 6[2] via P2P/MNNVL
node09:1242:2141 [3] NCCL INFO Channel 05/0 : 7[3] -> 0[0] via P2P/MNNVL
node09:1240:2139 [1] NCCL INFO Channel 03/0 : 5[1] -> 6[2] via P2P/MNNVL
node09:1241:2142 [2] NCCL INFO Channel 07/0 : 6[2] -> 7[3] via P2P/MNNVL
node09:1239:2140 [0] NCCL INFO Channel 04/0 : 4[0] -> 5[1] via P2P/MNNVL
