W1116 17:04:58.830000 1174 torch/distributed/run.py:766] 
W1116 17:04:58.830000 1174 torch/distributed/run.py:766] *****************************************
W1116 17:04:58.830000 1174 torch/distributed/run.py:766] Setting OMP_NUM_THREADS environment variable for each process to be 1 in default, to avoid your system being overloaded, please further tune the variable for optimal performance in your application as needed. 
W1116 17:04:58.830000 1174 torch/distributed/run.py:766] *****************************************
[Gloo] Rank 1 is connected to 1 peer ranks. Expected number of connected peer ranks is : 1
[Gloo] Rank 0 is connected to 0 peer ranks. Expected number of connected peer ranks is : 0
[Gloo] Rank 1 is connected to 1 peer ranks. Expected number of connected peer ranks is : 1
[Gloo] Rank 1 is connected to 1 peer ranks. Expected number of connected peer ranks is : 1
[Gloo] Rank 1 is connected to 1 peer ranks. Expected number of connected peer ranks is : 1
[Gloo] Rank 0 is connected to 0 peer ranks. Expected number of connected peer ranks is : 0
[Gloo] Rank 0 is connected to 0 peer ranks. Expected number of connected peer ranks is : 0
[Gloo] Rank 0 is connected to 0 peer ranks. Expected number of connected peer ranks is : 0
[Gloo] Rank 1 is connected to 1 peer ranks. Expected number of connected peer ranks is : 1
[Gloo] Rank 1 is connected to 1 peer ranks. Expected number of connected peer ranks is : 1
[Gloo] Rank 1 is connected to 1 peer ranks. Expected number of connected peer ranks is : 1
[rank47]:[W1116 17:05:24.980328299 ProcessGroupNCCL.cpp:4789] [PG ID 0 PG GUID 0 Rank 47]  using GPU 3 as device used by this process is currently unknown. This can potentially cause a hang if this rank to GPU mapping is incorrect. You can specify device_id in init_process_group() to force use of a particular device.
[rank46]:[W1116 17:05:24.980328363 ProcessGroupNCCL.cpp:4789] [PG ID 0 PG GUID 0 Rank 46]  using GPU 2 as device used by this process is currently unknown. This can potentially cause a hang if this rank to GPU mapping is incorrect. You can specify device_id in init_process_group() to force use of a particular device.
[Gloo] Rank 1 is connected to 1 peer ranks. Expected number of connected peer ranks is : 1
[rank45]:[W1116 17:05:24.000447476 ProcessGroupNCCL.cpp:4789] [PG ID 0 PG GUID 0 Rank 45]  using GPU 1 as device used by this process is currently unknown. This can potentially cause a hang if this rank to GPU mapping is incorrect. You can specify device_id in init_process_group() to force use of a particular device.
node07:1242:1242 [3] NCCL INFO cudaDriverVersion 12080
node07:1242:1242 [3] NCCL INFO Bootstrap: Using enP5p9s0:10.192.18.160<0>
node07:1242:1242 [3] NCCL INFO NCCL version 2.27.3+cuda12.9
node07:1242:1242 [3] NCCL INFO Comm config Blocking set to 1
node07:1241:1241 [2] NCCL INFO cudaDriverVersion 12080
node07:1240:1240 [1] NCCL INFO cudaDriverVersion 12080
node07:1241:1241 [2] NCCL INFO Bootstrap: Using enP5p9s0:10.192.18.160<0>
node07:1241:1241 [2] NCCL INFO NCCL version 2.27.3+cuda12.9
node07:1241:1241 [2] NCCL INFO Comm config Blocking set to 1
node07:1240:1240 [1] NCCL INFO Bootstrap: Using enP5p9s0:10.192.18.160<0>
node07:1240:1240 [1] NCCL INFO NCCL version 2.27.3+cuda12.9
node07:1240:1240 [1] NCCL INFO Comm config Blocking set to 1
[rank44]:[W1116 17:05:24.384038504 ProcessGroupNCCL.cpp:4789] [PG ID 0 PG GUID 0 Rank 44]  using GPU 0 as device used by this process is currently unknown. This can potentially cause a hang if this rank to GPU mapping is incorrect. You can specify device_id in init_process_group() to force use of a particular device.
node07:1239:1239 [0] NCCL INFO cudaDriverVersion 12080
node07:1239:1239 [0] NCCL INFO Bootstrap: Using enP5p9s0:10.192.18.160<0>
node07:1239:1239 [0] NCCL INFO NCCL version 2.27.3+cuda12.9
node07:1239:1239 [0] NCCL INFO Comm config Blocking set to 1
node07:1242:1707 [3] NCCL INFO NET/Plugin: Plugin name set by env to libnccl-net.so
node07:1241:1708 [2] NCCL INFO NET/Plugin: Plugin name set by env to libnccl-net.so
node07:1242:1707 [3] NCCL INFO NET/Plugin: Loaded net plugin NCCL RDMA Plugin v10 (v10)
node07:1242:1707 [3] NCCL INFO NET/Plugin: Loaded collnet plugin NCCL RDMA Plugin v10 (v10)
node07:1242:1707 [3] NCCL INFO Successfully loaded external plugin libnccl-net.so
node07:1241:1708 [2] NCCL INFO NET/Plugin: Loaded net plugin NCCL RDMA Plugin v10 (v10)
node07:1241:1708 [2] NCCL INFO NET/Plugin: Loaded collnet plugin NCCL RDMA Plugin v10 (v10)
node07:1241:1708 [2] NCCL INFO Successfully loaded external plugin libnccl-net.so
node07:1242:1707 [3] NCCL INFO Plugin Path : /opt/hpcx/nccl_rdma_sharp_plugin/lib/libnccl-net.so
node07:1241:1708 [2] NCCL INFO Plugin Path : /opt/hpcx/nccl_rdma_sharp_plugin/lib/libnccl-net.so
node07:1242:1707 [3] NCCL INFO P2P plugin v10 IBext_v10
node07:1241:1708 [2] NCCL INFO P2P plugin v10 IBext_v10
node07:1240:1709 [1] NCCL INFO NET/Plugin: Plugin name set by env to libnccl-net.so
node07:1240:1709 [1] NCCL INFO NET/Plugin: Loaded net plugin NCCL RDMA Plugin v10 (v10)
node07:1240:1709 [1] NCCL INFO NET/Plugin: Loaded collnet plugin NCCL RDMA Plugin v10 (v10)
node07:1240:1709 [1] NCCL INFO Successfully loaded external plugin libnccl-net.so
node07:1240:1709 [1] NCCL INFO Plugin Path : /opt/hpcx/nccl_rdma_sharp_plugin/lib/libnccl-net.so
node07:1240:1709 [1] NCCL INFO P2P plugin v10 IBext_v10
node07:1241:1708 [2] NCCL INFO NET/IB : Using [0]mlx5_0:1/RoCE [1]mlx5_1:1/RoCE [2]mlx5_2:1/RoCE [3]mlx5_3:1/RoCE [4]mlx5_4:1/RoCE [5]mlx5_5:1/RoCE [6]mlx5_6:1/RoCE [7]mlx5_7:1/RoCE [RO]; OOB enP5p9s0:10.192.18.160<0>
node07:1242:1707 [3] NCCL INFO NET/IB : Using [0]mlx5_0:1/RoCE [1]mlx5_1:1/RoCE [2]mlx5_2:1/RoCE [3]mlx5_3:1/RoCE [4]mlx5_4:1/RoCE [5]mlx5_5:1/RoCE [6]mlx5_6:1/RoCE [7]mlx5_7:1/RoCE [RO]; OOB enP5p9s0:10.192.18.160<0>
node07:1241:1708 [2] NCCL INFO Initialized NET plugin IBext_v10
node07:1242:1707 [3] NCCL INFO Initialized NET plugin IBext_v10
node07:1240:1709 [1] NCCL INFO NET/IB : Using [0]mlx5_0:1/RoCE [1]mlx5_1:1/RoCE [2]mlx5_2:1/RoCE [3]mlx5_3:1/RoCE [4]mlx5_4:1/RoCE [5]mlx5_5:1/RoCE [6]mlx5_6:1/RoCE [7]mlx5_7:1/RoCE [RO]; OOB enP5p9s0:10.192.18.160<0>
node07:1240:1709 [1] NCCL INFO Initialized NET plugin IBext_v10
node07:1240:1709 [1] NCCL INFO Assigned NET plugin IBext_v10 to comm
node07:1240:1709 [1] NCCL INFO Using network IBext_v10
node07:1241:1708 [2] NCCL INFO Assigned NET plugin IBext_v10 to comm
node07:1241:1708 [2] NCCL INFO Using network IBext_v10
node07:1242:1707 [3] NCCL INFO Assigned NET plugin IBext_v10 to comm
node07:1242:1707 [3] NCCL INFO Using network IBext_v10
node07:1240:1709 [1] NCCL INFO DMA-BUF is available on GPU device 1
node07:1242:1707 [3] NCCL INFO DMA-BUF is available on GPU device 3
node07:1240:1709 [1] NCCL INFO ncclCommInitRankConfig comm 0x4b3ad5d0 rank 45 nranks 64 cudaDev 1 nvmlDev 1 busId 901000 commId 0xf9e8a31158cee9c0 - Init START
node07:1241:1708 [2] NCCL INFO DMA-BUF is available on GPU device 2
node07:1242:1707 [3] NCCL INFO ncclCommInitRankConfig comm 0x17675910 rank 47 nranks 64 cudaDev 3 nvmlDev 3 busId 1901000 commId 0xf9e8a31158cee9c0 - Init START
node07:1241:1708 [2] NCCL INFO ncclCommInitRankConfig comm 0x1bac2660 rank 46 nranks 64 cudaDev 2 nvmlDev 2 busId 1801000 commId 0xf9e8a31158cee9c0 - Init START
node07:1241:1708 [2] NCCL INFO RAS client listening socket at 127.0.0.1<28028>
node07:1239:1710 [0] NCCL INFO NET/Plugin: Plugin name set by env to libnccl-net.so
node07:1239:1710 [0] NCCL INFO NET/Plugin: Loaded net plugin NCCL RDMA Plugin v10 (v10)
node07:1239:1710 [0] NCCL INFO NET/Plugin: Loaded collnet plugin NCCL RDMA Plugin v10 (v10)
node07:1239:1710 [0] NCCL INFO Successfully loaded external plugin libnccl-net.so
node07:1239:1710 [0] NCCL INFO Plugin Path : /opt/hpcx/nccl_rdma_sharp_plugin/lib/libnccl-net.so
node07:1239:1710 [0] NCCL INFO P2P plugin v10 IBext_v10
node07:1239:1710 [0] NCCL INFO NET/IB : Using [0]mlx5_0:1/RoCE [1]mlx5_1:1/RoCE [2]mlx5_2:1/RoCE [3]mlx5_3:1/RoCE [4]mlx5_4:1/RoCE [5]mlx5_5:1/RoCE [6]mlx5_6:1/RoCE [7]mlx5_7:1/RoCE [RO]; OOB enP5p9s0:10.192.18.160<0>
node07:1239:1710 [0] NCCL INFO Initialized NET plugin IBext_v10
node07:1239:1710 [0] NCCL INFO Assigned NET plugin IBext_v10 to comm
node07:1239:1710 [0] NCCL INFO Using network IBext_v10
node07:1242:1707 [3] NCCL INFO RAS client listening socket at 127.0.0.1<28028>
node07:1239:1710 [0] NCCL INFO DMA-BUF is available on GPU device 0
node07:1239:1710 [0] NCCL INFO ncclCommInitRankConfig comm 0x53f9cb40 rank 44 nranks 64 cudaDev 0 nvmlDev 0 busId 801000 commId 0xf9e8a31158cee9c0 - Init START
node07:1240:1709 [1] NCCL INFO RAS client listening socket at 127.0.0.1<28028>
node07:1239:1710 [0] NCCL INFO RAS client listening socket at 127.0.0.1<28028>
node07:1242:1707 [3] NCCL INFO Bootstrap timings total 0.107553 (create 0.000036, send 0.000137, recv 0.043424, ring 0.063624, delay 0.000000)
node07:1240:1709 [1] NCCL INFO Bootstrap timings total 0.112010 (create 0.000058, send 0.000211, recv 0.005205, ring 0.041673, delay 0.000000)
node07:1239:1710 [0] NCCL INFO Bootstrap timings total 0.042511 (create 0.000028, send 0.000127, recv 0.000379, ring 0.041681, delay 0.000000)
node07:1241:1708 [2] NCCL INFO Bootstrap timings total 0.106970 (create 0.000050, send 0.000124, recv 0.000343, ring 0.106100, delay 0.000000)
node07:1242:1707 [3] NCCL INFO MNNVL busId 0x1901000 fabric UUID 4d4e0850a64dd29b.34b5c600be78169f cliqueId 0x7ffe state 3 healthMask 0xaa
node07:1240:1709 [1] NCCL INFO MNNVL busId 0x901000 fabric UUID 4d4e0850a64dd29b.34b5c600be78169f cliqueId 0x7ffe state 3 healthMask 0xaa
node07:1241:1708 [2] NCCL INFO MNNVL busId 0x1801000 fabric UUID 4d4e0850a64dd29b.34b5c600be78169f cliqueId 0x7ffe state 3 healthMask 0xaa
node07:1239:1710 [0] NCCL INFO MNNVL busId 0x801000 fabric UUID 4d4e0850a64dd29b.34b5c600be78169f cliqueId 0x7ffe state 3 healthMask 0xaa
node07:1240:1709 [1] NCCL INFO MNNVL 1 cliqueId 7ffe cliqueSize 64 cliqueRank 45
node07:1241:1708 [2] NCCL INFO MNNVL 1 cliqueId 7ffe cliqueSize 64 cliqueRank 46
node07:1242:1707 [3] NCCL INFO MNNVL 1 cliqueId 7ffe cliqueSize 64 cliqueRank 47
node07:1239:1710 [0] NCCL INFO MNNVL 1 cliqueId 7ffe cliqueSize 64 cliqueRank 44
node07:1242:1707 [3] NCCL INFO Setting affinity for GPU 3 to 72-143
node07:1242:1707 [3] NCCL INFO NCCL_NVLS_ENABLE set by environment to 0.
node07:1241:1708 [2] NCCL INFO Setting affinity for GPU 2 to 72-143
node07:1241:1708 [2] NCCL INFO NCCL_NVLS_ENABLE set by environment to 0.
node07:1240:1709 [1] NCCL INFO Setting affinity for GPU 1 to 0-71
node07:1240:1709 [1] NCCL INFO NCCL_NVLS_ENABLE set by environment to 0.
node07:1239:1710 [0] NCCL INFO Setting affinity for GPU 0 to 0-71
node07:1239:1710 [0] NCCL INFO NCCL_NVLS_ENABLE set by environment to 0.
node07:1239:1710 [0] NCCL INFO comm 0x53f9cb40 rank 44 nRanks 64 nNodes 1 localRanks 64 localRank 44 MNNVL 1
node07:1242:1707 [3] NCCL INFO comm 0x17675910 rank 47 nRanks 64 nNodes 1 localRanks 64 localRank 47 MNNVL 1
node07:1241:1708 [2] NCCL INFO comm 0x1bac2660 rank 46 nRanks 64 nNodes 1 localRanks 64 localRank 46 MNNVL 1
node07:1240:1709 [1] NCCL INFO comm 0x4b3ad5d0 rank 45 nRanks 64 nNodes 1 localRanks 64 localRank 45 MNNVL 1
node07:1239:1710 [0] NCCL INFO Trees [0] 45/-1/-1->44->43 [1] 45/-1/-1->44->43 [2] 45/-1/-1->44->43 [3] 45/-1/-1->44->43 [4] 45/-1/-1->44->43 [5] 45/-1/-1->44->43 [6] 45/-1/-1->44->43 [7] 45/-1/-1->44->43 [8] 45/-1/-1->44->43 [9] 45/-1/-1->44->43 [10] 45/-1/-1->44->43 [11] 45/-1/-1->44->43 [12] 45/-1/-1->44->43 [13] 45/-1/-1->44->43 [14] 45/-1/-1->44->43 [15] 45/-1/-1->44->43 [16] 45/-1/-1->44->43 [17] 45/-1/-1->44->43 [18] 45/-1/-1->44->43 [19] 45/-1/-1->44->43 [20] 45/-1/-1->44->43 [21] 45/-1/-1->44->43 [22] 45/-1/-1->44->43 [23] 45/-1/-1->44->43 [24] 45/-1/-1->44->43 [25] 45/-1/-1->44->43 [26] 45/-1/-1->44->43 [27] 45/-1/-1->44->43 [28] 45/-1/-1->44->43 [29] 45/-1/-1->44->43 [30] 45/-1/-1->44->43 [31] 45/-1/-1->44->43
node07:1239:1710 [0] NCCL INFO P2P Chunksize set to 524288
node07:1241:1708 [2] NCCL INFO Trees [0] 47/-1/-1->46->45 [1] 47/-1/-1->46->45 [2] 47/-1/-1->46->45 [3] 47/-1/-1->46->45 [4] 47/-1/-1->46->45 [5] 47/-1/-1->46->45 [6] 47/-1/-1->46->45 [7] 47/-1/-1->46->45 [8] 47/-1/-1->46->45 [9] 47/-1/-1->46->45 [10] 47/-1/-1->46->45 [11] 47/-1/-1->46->45 [12] 47/-1/-1->46->45 [13] 47/-1/-1->46->45 [14] 47/-1/-1->46->45 [15] 47/-1/-1->46->45 [16] 47/-1/-1->46->45 [17] 47/-1/-1->46->45 [18] 47/-1/-1->46->45 [19] 47/-1/-1->46->45 [20] 47/-1/-1->46->45 [21] 47/-1/-1->46->45 [22] 47/-1/-1->46->45 [23] 47/-1/-1->46->45 [24] 47/-1/-1->46->45 [25] 47/-1/-1->46->45 [26] 47/-1/-1->46->45 [27] 47/-1/-1->46->45 [28] 47/-1/-1->46->45 [29] 47/-1/-1->46->45 [30] 47/-1/-1->46->45 [31] 47/-1/-1->46->45
node07:1242:1707 [3] NCCL INFO Trees [0] 48/-1/-1->47->46 [1] 48/-1/-1->47->46 [2] 48/-1/-1->47->46 [3] 48/-1/-1->47->46 [4] 48/-1/-1->47->46 [5] 48/-1/-1->47->46 [6] 48/-1/-1->47->46 [7] 48/-1/-1->47->46 [8] 48/-1/-1->47->46 [9] 48/-1/-1->47->46 [10] 48/-1/-1->47->46 [11] 48/-1/-1->47->46 [12] 48/-1/-1->47->46 [13] 48/-1/-1->47->46 [14] 48/-1/-1->47->46 [15] 48/-1/-1->47->46 [16] 48/-1/-1->47->46 [17] 48/-1/-1->47->46 [18] 48/-1/-1->47->46 [19] 48/-1/-1->47->46 [20] 48/-1/-1->47->46 [21] 48/-1/-1->47->46 [22] 48/-1/-1->47->46 [23] 48/-1/-1->47->46 [24] 48/-1/-1->47->46 [25] 48/-1/-1->47->46 [26] 48/-1/-1->47->46 [27] 48/-1/-1->47->46 [28] 48/-1/-1->47->46 [29] 48/-1/-1->47->46 [30] 48/-1/-1->47->46 [31] 48/-1/-1->47->46
node07:1241:1708 [2] NCCL INFO P2P Chunksize set to 524288
node07:1242:1707 [3] NCCL INFO P2P Chunksize set to 524288
node07:1240:1709 [1] NCCL INFO Trees [0] 46/-1/-1->45->44 [1] 46/-1/-1->45->44 [2] 46/-1/-1->45->44 [3] 46/-1/-1->45->44 [4] 46/-1/-1->45->44 [5] 46/-1/-1->45->44 [6] 46/-1/-1->45->44 [7] 46/-1/-1->45->44 [8] 46/-1/-1->45->44 [9] 46/-1/-1->45->44 [10] 46/-1/-1->45->44 [11] 46/-1/-1->45->44 [12] 46/-1/-1->45->44 [13] 46/-1/-1->45->44 [14] 46/-1/-1->45->44 [15] 46/-1/-1->45->44 [16] 46/-1/-1->45->44 [17] 46/-1/-1->45->44 [18] 46/-1/-1->45->44 [19] 46/-1/-1->45->44 [20] 46/-1/-1->45->44 [21] 46/-1/-1->45->44 [22] 46/-1/-1->45->44 [23] 46/-1/-1->45->44 [24] 46/-1/-1->45->44 [25] 46/-1/-1->45->44 [26] 46/-1/-1->45->44 [27] 46/-1/-1->45->44 [28] 46/-1/-1->45->44 [29] 46/-1/-1->45->44 [30] 46/-1/-1->45->44 [31] 46/-1/-1->45->44
node07:1240:1709 [1] NCCL INFO P2P Chunksize set to 524288
node07:1242:1707 [3] NCCL INFO PROFILER/Plugin: Could not find: libnccl-profiler.so. 
node07:1241:1708 [2] NCCL INFO PROFILER/Plugin: Could not find: libnccl-profiler.so. 
node07:1239:1710 [0] NCCL INFO PROFILER/Plugin: Could not find: libnccl-profiler.so. 
node07:1241:1747 [2] NCCL INFO [Proxy Service] Device 2 CPU core 120
node07:1242:1748 [3] NCCL INFO [Proxy Service] Device 3 CPU core 76
node07:1242:1751 [3] NCCL INFO [Proxy Service UDS] Device 3 CPU core 77
node07:1241:1750 [2] NCCL INFO [Proxy Service UDS] Device 2 CPU core 121
node07:1239:1749 [0] NCCL INFO [Proxy Service] Device 0 CPU core 19
node07:1239:1752 [0] NCCL INFO [Proxy Service UDS] Device 0 CPU core 20
node07:1240:1709 [1] NCCL INFO PROFILER/Plugin: Could not find: libnccl-profiler.so. 
node07:1240:1753 [1] NCCL INFO [Proxy Service] Device 1 CPU core 4
node07:1240:1754 [1] NCCL INFO [Proxy Service UDS] Device 1 CPU core 6
node07:1241:1708 [2] NCCL INFO threadThresholds 8/8/64 | 512/8/64 | 512 | 512
node07:1241:1708 [2] NCCL INFO 32 coll channels, 32 collnet channels, 0 nvls channels, 32 p2p channels, 32 p2p channels per peer
node07:1242:1707 [3] NCCL INFO threadThresholds 8/8/64 | 512/8/64 | 512 | 512
node07:1242:1707 [3] NCCL INFO 32 coll channels, 32 collnet channels, 0 nvls channels, 32 p2p channels, 32 p2p channels per peer
node07:1239:1710 [0] NCCL INFO threadThresholds 8/8/64 | 512/8/64 | 512 | 512
node07:1239:1710 [0] NCCL INFO 32 coll channels, 32 collnet channels, 0 nvls channels, 32 p2p channels, 32 p2p channels per peer
node07:1240:1709 [1] NCCL INFO threadThresholds 8/8/64 | 512/8/64 | 512 | 512
node07:1240:1709 [1] NCCL INFO 32 coll channels, 32 collnet channels, 0 nvls channels, 32 p2p channels, 32 p2p channels per peer
node07:1241:1708 [2] NCCL INFO TUNER/Plugin: Could not find: libnccl-tuner.so. Using internal tuner plugin.
node07:1239:1710 [0] NCCL INFO TUNER/Plugin: Could not find: libnccl-tuner.so. Using internal tuner plugin.
node07:1241:1708 [2] NCCL INFO TUNER/Plugin: Failed to find ncclTunerPlugin_v4 symbol.
node07:1241:1708 [2] NCCL INFO TUNER/Plugin: Failed to find ncclTunerPlugin_v3 symbol.
node07:1239:1710 [0] NCCL INFO TUNER/Plugin: Failed to find ncclTunerPlugin_v4 symbol.
node07:1241:1708 [2] NCCL INFO TUNER/Plugin: Failed to find ncclTunerPlugin_v2 symbol, using internal tuner instead.
node07:1239:1710 [0] NCCL INFO TUNER/Plugin: Failed to find ncclTunerPlugin_v3 symbol.
node07:1241:1708 [2] NCCL INFO ncclCommInitRankConfig comm 0x1bac2660 rank 46 nranks 64 cudaDev 2 nvmlDev 2 busId 1801000 commId 0xf9e8a31158cee9c0 - Init COMPLETE
node07:1239:1710 [0] NCCL INFO TUNER/Plugin: Failed to find ncclTunerPlugin_v2 symbol, using internal tuner instead.
node07:1242:1707 [3] NCCL INFO TUNER/Plugin: Could not find: libnccl-tuner.so. Using internal tuner plugin.
node07:1241:1708 [2] NCCL INFO Init timings - ncclCommInitRankConfig: rank 46 nranks 64 total 2.97 (kernels 0.28, alloc 0.15, bootstrap 0.11, allgathers 0.10, topo 2.12, graphs 0.04, connections 0.14, rest 0.03)
node07:1239:1710 [0] NCCL INFO ncclCommInitRankConfig comm 0x53f9cb40 rank 44 nranks 64 cudaDev 0 nvmlDev 0 busId 801000 commId 0xf9e8a31158cee9c0 - Init COMPLETE
node07:1242:1707 [3] NCCL INFO TUNER/Plugin: Failed to find ncclTunerPlugin_v4 symbol.
node07:1239:1710 [0] NCCL INFO Init timings - ncclCommInitRankConfig: rank 44 nranks 64 total 2.69 (kernels 0.16, alloc 0.05, bootstrap 0.04, allgathers 0.08, topo 2.14, graphs 0.04, connections 0.15, rest 0.02)
node07:1240:1709 [1] NCCL INFO TUNER/Plugin: Could not find: libnccl-tuner.so. Using internal tuner plugin.
node07:1242:1707 [3] NCCL INFO TUNER/Plugin: Failed to find ncclTunerPlugin_v3 symbol.
node07:1240:1709 [1] NCCL INFO TUNER/Plugin: Failed to find ncclTunerPlugin_v4 symbol.
node07:1242:1707 [3] NCCL INFO TUNER/Plugin: Failed to find ncclTunerPlugin_v2 symbol, using internal tuner instead.
node07:1240:1709 [1] NCCL INFO TUNER/Plugin: Failed to find ncclTunerPlugin_v3 symbol.
node07:1242:1707 [3] NCCL INFO ncclCommInitRankConfig comm 0x17675910 rank 47 nranks 64 cudaDev 3 nvmlDev 3 busId 1901000 commId 0xf9e8a31158cee9c0 - Init COMPLETE
node07:1240:1709 [1] NCCL INFO TUNER/Plugin: Failed to find ncclTunerPlugin_v2 symbol, using internal tuner instead.
node07:1242:1707 [3] NCCL INFO Init timings - ncclCommInitRankConfig: rank 47 nranks 64 total 2.98 (kernels 0.28, alloc 0.15, bootstrap 0.11, allgathers 0.12, topo 2.10, graphs 0.04, connections 0.15, rest 0.02)
node07:1240:1709 [1] NCCL INFO ncclCommInitRankConfig comm 0x4b3ad5d0 rank 45 nranks 64 cudaDev 1 nvmlDev 1 busId 901000 commId 0xf9e8a31158cee9c0 - Init COMPLETE
node07:1240:1709 [1] NCCL INFO Init timings - ncclCommInitRankConfig: rank 45 nranks 64 total 2.97 (kernels 0.28, alloc 0.14, bootstrap 0.11, allgathers 0.10, topo 2.12, graphs 0.04, connections 0.15, rest 0.03)
node07:1242:1756 [3] NCCL INFO Channel 00/0 : 47[3] -> 48[0] via P2P/MNNVL
node07:1241:1755 [2] NCCL INFO Channel 00/0 : 46[2] -> 47[3] via P2P/MNNVL
node07:1242:1756 [3] NCCL INFO Channel 01/0 : 47[3] -> 48[0] via P2P/MNNVL
node07:1241:1755 [2] NCCL INFO Channel 01/0 : 46[2] -> 47[3] via P2P/MNNVL
node07:1242:1756 [3] NCCL INFO Channel 02/0 : 47[3] -> 48[0] via P2P/MNNVL
node07:1241:1755 [2] NCCL INFO Channel 02/0 : 46[2] -> 47[3] via P2P/MNNVL
node07:1242:1756 [3] NCCL INFO Channel 03/0 : 47[3] -> 48[0] via P2P/MNNVL
node07:1242:1756 [3] NCCL INFO Channel 04/0 : 47[3] -> 48[0] via P2P/MNNVL
node07:1241:1755 [2] NCCL INFO Channel 03/0 : 46[2] -> 47[3] via P2P/MNNVL
node07:1242:1756 [3] NCCL INFO Channel 05/0 : 47[3] -> 48[0] via P2P/MNNVL
node07:1241:1755 [2] NCCL INFO Channel 04/0 : 46[2] -> 47[3] via P2P/MNNVL
node07:1239:1757 [0] NCCL INFO Channel 00/0 : 44[0] -> 45[1] via P2P/MNNVL
node07:1242:1756 [3] NCCL INFO Channel 06/0 : 47[3] -> 48[0] via P2P/MNNVL
node07:1241:1755 [2] NCCL INFO Channel 05/0 : 46[2] -> 47[3] via P2P/MNNVL
node07:1240:1758 [1] NCCL INFO Channel 00/0 : 45[1] -> 46[2] via P2P/MNNVL
node07:1242:1756 [3] NCCL INFO Channel 07/0 : 47[3] -> 48[0] via P2P/MNNVL
node07:1239:1757 [0] NCCL INFO Channel 01/0 : 44[0] -> 45[1] via P2P/MNNVL
node07:1241:1755 [2] NCCL INFO Channel 06/0 : 46[2] -> 47[3] via P2P/MNNVL
node07:1242:1756 [3] NCCL INFO Channel 08/0 : 47[3] -> 48[0] via P2P/MNNVL
node07:1240:1758 [1] NCCL INFO Channel 01/0 : 45[1] -> 46[2] via P2P/MNNVL
node07:1242:1756 [3] NCCL INFO Channel 09/0 : 47[3] -> 48[0] via P2P/MNNVL
node07:1241:1755 [2] NCCL INFO Channel 07/0 : 46[2] -> 47[3] via P2P/MNNVL
node07:1239:1757 [0] NCCL INFO Channel 02/0 : 44[0] -> 45[1] via P2P/MNNVL
node07:1242:1756 [3] NCCL INFO Channel 10/0 : 47[3] -> 48[0] via P2P/MNNVL
node07:1240:1758 [1] NCCL INFO Channel 02/0 : 45[1] -> 46[2] via P2P/MNNVL
node07:1241:1755 [2] NCCL INFO Channel 08/0 : 46[2] -> 47[3] via P2P/MNNVL
node07:1239:1757 [0] NCCL INFO Channel 03/0 : 44[0] -> 45[1] via P2P/MNNVL
node07:1242:1756 [3] NCCL INFO Channel 11/0 : 47[3] -> 48[0] via P2P/MNNVL
node07:1240:1758 [1] NCCL INFO Channel 03/0 : 45[1] -> 46[2] via P2P/MNNVL
node07:1241:1755 [2] NCCL INFO Channel 09/0 : 46[2] -> 47[3] via P2P/MNNVL
node07:1239:1757 [0] NCCL INFO Channel 04/0 : 44[0] -> 45[1] via P2P/MNNVL
node07:1242:1756 [3] NCCL INFO Channel 12/0 : 47[3] -> 48[0] via P2P/MNNVL
node07:1240:1758 [1] NCCL INFO Channel 04/0 : 45[1] -> 46[2] via P2P/MNNVL
node07:1241:1755 [2] NCCL INFO Channel 10/0 : 46[2] -> 47[3] via P2P/MNNVL
node07:1239:1757 [0] NCCL INFO Channel 05/0 : 44[0] -> 45[1] via P2P/MNNVL
node07:1242:1756 [3] NCCL INFO Channel 13/0 : 47[3] -> 48[0] via P2P/MNNVL
node07:1240:1758 [1] NCCL INFO Channel 05/0 : 45[1] -> 46[2] via P2P/MNNVL
node07:1241:1755 [2] NCCL INFO Channel 11/0 : 46[2] -> 47[3] via P2P/MNNVL
node07:1239:1757 [0] NCCL INFO Channel 06/0 : 44[0] -> 45[1] via P2P/MNNVL
node07:1242:1756 [3] NCCL INFO Channel 14/0 : 47[3] -> 48[0] via P2P/MNNVL
node07:1241:1755 [2] NCCL INFO Channel 12/0 : 46[2] -> 47[3] via P2P/MNNVL
node07:1240:1758 [1] NCCL INFO Channel 06/0 : 45[1] -> 46[2] via P2P/MNNVL
node07:1242:1756 [3] NCCL INFO Channel 15/0 : 47[3] -> 48[0] via P2P/MNNVL
node07:1241:1755 [2] NCCL INFO Channel 13/0 : 46[2] -> 47[3] via P2P/MNNVL
node07:1239:1757 [0] NCCL INFO Channel 07/0 : 44[0] -> 45[1] via P2P/MNNVL
node07:1240:1758 [1] NCCL INFO Channel 07/0 : 45[1] -> 46[2] via P2P/MNNVL
node07:1239:1757 [0] NCCL INFO Channel 08/0 : 44[0] -> 45[1] via P2P/MNNVL
node07:1241:1755 [2] NCCL INFO Channel 14/0 : 46[2] -> 47[3] via P2P/MNNVL
node07:1242:1756 [3] NCCL INFO Channel 16/0 : 47[3] -> 48[0] via P2P/MNNVL
node07:1240:1758 [1] NCCL INFO Channel 08/0 : 45[1] -> 46[2] via P2P/MNNVL
node07:1239:1757 [0] NCCL INFO Channel 09/0 : 44[0] -> 45[1] via P2P/MNNVL
node07:1242:1756 [3] NCCL INFO Channel 17/0 : 47[3] -> 48[0] via P2P/MNNVL
node07:1241:1755 [2] NCCL INFO Channel 15/0 : 46[2] -> 47[3] via P2P/MNNVL
node07:1240:1758 [1] NCCL INFO Channel 09/0 : 45[1] -> 46[2] via P2P/MNNVL
node07:1239:1757 [0] NCCL INFO Channel 10/0 : 44[0] -> 45[1] via P2P/MNNVL
node07:1242:1756 [3] NCCL INFO Channel 18/0 : 47[3] -> 48[0] via P2P/MNNVL
node07:1241:1755 [2] NCCL INFO Channel 16/0 : 46[2] -> 47[3] via P2P/MNNVL
node07:1242:1756 [3] NCCL INFO Channel 19/0 : 47[3] -> 48[0] via P2P/MNNVL
node07:1240:1758 [1] NCCL INFO Channel 10/0 : 45[1] -> 46[2] via P2P/MNNVL
node07:1239:1757 [0] NCCL INFO Channel 11/0 : 44[0] -> 45[1] via P2P/MNNVL
node07:1240:1758 [1] NCCL INFO Channel 11/0 : 45[1] -> 46[2] via P2P/MNNVL
node07:1242:1756 [3] NCCL INFO Channel 20/0 : 47[3] -> 48[0] via P2P/MNNVL
node07:1241:1755 [2] NCCL INFO Channel 17/0 : 46[2] -> 47[3] via P2P/MNNVL
node07:1239:1757 [0] NCCL INFO Channel 12/0 : 44[0] -> 45[1] via P2P/MNNVL
node07:1242:1756 [3] NCCL INFO Channel 21/0 : 47[3] -> 48[0] via P2P/MNNVL
node07:1240:1758 [1] NCCL INFO Channel 12/0 : 45[1] -> 46[2] via P2P/MNNVL
node07:1239:1757 [0] NCCL INFO Channel 13/0 : 44[0] -> 45[1] via P2P/MNNVL
node07:1241:1755 [2] NCCL INFO Channel 18/0 : 46[2] -> 47[3] via P2P/MNNVL
node07:1240:1758 [1] NCCL INFO Channel 13/0 : 45[1] -> 46[2] via P2P/MNNVL
node07:1241:1755 [2] NCCL INFO Channel 19/0 : 46[2] -> 47[3] via P2P/MNNVL
node07:1239:1757 [0] NCCL INFO Channel 14/0 : 44[0] -> 45[1] via P2P/MNNVL
node07:1242:1756 [3] NCCL INFO Channel 22/0 : 47[3] -> 48[0] via P2P/MNNVL
node07:1242:1756 [3] NCCL INFO Channel 23/0 : 47[3] -> 48[0] via P2P/MNNVL
node07:1241:1755 [2] NCCL INFO Channel 20/0 : 46[2] -> 47[3] via P2P/MNNVL
node07:1239:1757 [0] NCCL INFO Channel 15/0 : 44[0] -> 45[1] via P2P/MNNVL
node07:1240:1758 [1] NCCL INFO Channel 14/0 : 45[1] -> 46[2] via P2P/MNNVL
node07:1240:1758 [1] NCCL INFO Channel 15/0 : 45[1] -> 46[2] via P2P/MNNVL
node07:1241:1755 [2] NCCL INFO Channel 21/0 : 46[2] -> 47[3] via P2P/MNNVL
node07:1242:1756 [3] NCCL INFO Channel 24/0 : 47[3] -> 48[0] via P2P/MNNVL
node07:1239:1757 [0] NCCL INFO Channel 16/0 : 44[0] -> 45[1] via P2P/MNNVL
node07:1241:1755 [2] NCCL INFO Channel 22/0 : 46[2] -> 47[3] via P2P/MNNVL
node07:1240:1758 [1] NCCL INFO Channel 16/0 : 45[1] -> 46[2] via P2P/MNNVL
node07:1239:1757 [0] NCCL INFO Channel 17/0 : 44[0] -> 45[1] via P2P/MNNVL
node07:1242:1756 [3] NCCL INFO Channel 25/0 : 47[3] -> 48[0] via P2P/MNNVL
node07:1241:1755 [2] NCCL INFO Channel 23/0 : 46[2] -> 47[3] via P2P/MNNVL
node07:1240:1758 [1] NCCL INFO Channel 17/0 : 45[1] -> 46[2] via P2P/MNNVL
node07:1242:1756 [3] NCCL INFO Channel 26/0 : 47[3] -> 48[0] via P2P/MNNVL
node07:1239:1757 [0] NCCL INFO Channel 18/0 : 44[0] -> 45[1] via P2P/MNNVL
node07:1241:1755 [2] NCCL INFO Channel 24/0 : 46[2] -> 47[3] via P2P/MNNVL
node07:1242:1756 [3] NCCL INFO Channel 27/0 : 47[3] -> 48[0] via P2P/MNNVL
node07:1240:1758 [1] NCCL INFO Channel 18/0 : 45[1] -> 46[2] via P2P/MNNVL
node07:1242:1756 [3] NCCL INFO Channel 28/0 : 47[3] -> 48[0] via P2P/MNNVL
node07:1241:1755 [2] NCCL INFO Channel 25/0 : 46[2] -> 47[3] via P2P/MNNVL
node07:1239:1757 [0] NCCL INFO Channel 19/0 : 44[0] -> 45[1] via P2P/MNNVL
node07:1241:1755 [2] NCCL INFO Channel 26/0 : 46[2] -> 47[3] via P2P/MNNVL
node07:1242:1756 [3] NCCL INFO Channel 29/0 : 47[3] -> 48[0] via P2P/MNNVL
node07:1239:1757 [0] NCCL INFO Channel 20/0 : 44[0] -> 45[1] via P2P/MNNVL
node07:1240:1758 [1] NCCL INFO Channel 19/0 : 45[1] -> 46[2] via P2P/MNNVL
node07:1242:1756 [3] NCCL INFO Channel 30/0 : 47[3] -> 48[0] via P2P/MNNVL
node07:1241:1755 [2] NCCL INFO Channel 27/0 : 46[2] -> 47[3] via P2P/MNNVL
node07:1241:1755 [2] NCCL INFO Channel 28/0 : 46[2] -> 47[3] via P2P/MNNVL
node07:1242:1756 [3] NCCL INFO Channel 31/0 : 47[3] -> 48[0] via P2P/MNNVL
node07:1240:1758 [1] NCCL INFO Channel 20/0 : 45[1] -> 46[2] via P2P/MNNVL
node07:1239:1757 [0] NCCL INFO Channel 21/0 : 44[0] -> 45[1] via P2P/MNNVL
node07:1241:1755 [2] NCCL INFO Channel 29/0 : 46[2] -> 47[3] via P2P/MNNVL
node07:1240:1758 [1] NCCL INFO Channel 21/0 : 45[1] -> 46[2] via P2P/MNNVL
node07:1241:1755 [2] NCCL INFO Channel 30/0 : 46[2] -> 47[3] via P2P/MNNVL
node07:1239:1757 [0] NCCL INFO Channel 22/0 : 44[0] -> 45[1] via P2P/MNNVL
node07:1240:1758 [1] NCCL INFO Channel 22/0 : 45[1] -> 46[2] via P2P/MNNVL
node07:1240:1758 [1] NCCL INFO Channel 23/0 : 45[1] -> 46[2] via P2P/MNNVL
node07:1241:1755 [2] NCCL INFO Channel 31/0 : 46[2] -> 47[3] via P2P/MNNVL
node07:1239:1757 [0] NCCL INFO Channel 23/0 : 44[0] -> 45[1] via P2P/MNNVL
node07:1240:1758 [1] NCCL INFO Channel 24/0 : 45[1] -> 46[2] via P2P/MNNVL
node07:1239:1757 [0] NCCL INFO Channel 24/0 : 44[0] -> 45[1] via P2P/MNNVL
node07:1240:1758 [1] NCCL INFO Channel 25/0 : 45[1] -> 46[2] via P2P/MNNVL
node07:1239:1757 [0] NCCL INFO Channel 25/0 : 44[0] -> 45[1] via P2P/MNNVL
node07:1240:1758 [1] NCCL INFO Channel 26/0 : 45[1] -> 46[2] via P2P/MNNVL
node07:1239:1757 [0] NCCL INFO Channel 26/0 : 44[0] -> 45[1] via P2P/MNNVL
node07:1240:1758 [1] NCCL INFO Channel 27/0 : 45[1] -> 46[2] via P2P/MNNVL
node07:1239:1757 [0] NCCL INFO Channel 27/0 : 44[0] -> 45[1] via P2P/MNNVL
node07:1240:1758 [1] NCCL INFO Channel 28/0 : 45[1] -> 46[2] via P2P/MNNVL
node07:1239:1757 [0] NCCL INFO Channel 28/0 : 44[0] -> 45[1] via P2P/MNNVL
node07:1240:1758 [1] NCCL INFO Channel 29/0 : 45[1] -> 46[2] via P2P/MNNVL
node07:1239:1757 [0] NCCL INFO Channel 29/0 : 44[0] -> 45[1] via P2P/MNNVL
node07:1240:1758 [1] NCCL INFO Channel 30/0 : 45[1] -> 46[2] via P2P/MNNVL
node07:1239:1757 [0] NCCL INFO Channel 30/0 : 44[0] -> 45[1] via P2P/MNNVL
node07:1239:1757 [0] NCCL INFO Channel 31/0 : 44[0] -> 45[1] via P2P/MNNVL
node07:1240:1758 [1] NCCL INFO Channel 31/0 : 45[1] -> 46[2] via P2P/MNNVL
node07:1242:1756 [3] NCCL INFO Connected all rings, use ring PXN 0 GDR 1
node07:1241:1755 [2] NCCL INFO Connected all rings, use ring PXN 0 GDR 1
node07:1240:1758 [1] NCCL INFO Connected all rings, use ring PXN 0 GDR 1
node07:1239:1757 [0] NCCL INFO Connected all rings, use ring PXN 0 GDR 1
node07:1240:1240 [1] NCCL INFO Comm config Blocking set to 1
node07:1242:1242 [3] NCCL INFO Comm config Blocking set to 1
node07:1239:1239 [0] NCCL INFO Comm config Blocking set to 1
node07:1241:1241 [2] NCCL INFO Comm config Blocking set to 1
node07:1240:2113 [1] NCCL INFO Assigned NET plugin IBext_v10 to comm
node07:1242:2111 [3] NCCL INFO Assigned NET plugin IBext_v10 to comm
node07:1239:2112 [0] NCCL INFO Assigned NET plugin IBext_v10 to comm
node07:1240:2113 [1] NCCL INFO Using network IBext_v10
node07:1242:2111 [3] NCCL INFO Using network IBext_v10
node07:1239:2112 [0] NCCL INFO Using network IBext_v10
node07:1239:2112 [0] NCCL INFO DMA-BUF is available on GPU device 0
node07:1242:2111 [3] NCCL INFO DMA-BUF is available on GPU device 3
node07:1240:2113 [1] NCCL INFO DMA-BUF is available on GPU device 1
node07:1242:2111 [3] NCCL INFO ncclCommInitRankConfig comm 0x21a8b340 rank 2 nranks 4 cudaDev 3 nvmlDev 3 busId 1901000 commId 0xa71cbe30e3aa3127 - Init START
node07:1241:2114 [2] NCCL INFO Assigned NET plugin IBext_v10 to comm
node07:1241:2114 [2] NCCL INFO Using network IBext_v10
node07:1239:2112 [0] NCCL INFO ncclCommInitRankConfig comm 0x5e249890 rank 2 nranks 4 cudaDev 0 nvmlDev 0 busId 801000 commId 0x3159f97853b65d25 - Init START
node07:1240:2113 [1] NCCL INFO ncclCommInitRankConfig comm 0x55cf7fe0 rank 2 nranks 4 cudaDev 1 nvmlDev 1 busId 901000 commId 0x3c03463322940520 - Init START
node07:1241:2114 [2] NCCL INFO DMA-BUF is available on GPU device 2
node07:1241:2114 [2] NCCL INFO ncclCommInitRankConfig comm 0x267bcfd0 rank 2 nranks 4 cudaDev 2 nvmlDev 2 busId 1801000 commId 0x3b77bde6a323939c - Init START
node07:1239:2112 [0] NCCL INFO Bootstrap timings total 0.001539 (create 0.000029, send 0.000169, recv 0.000481, ring 0.000316, delay 0.000000)
node07:1240:2113 [1] NCCL INFO Bootstrap timings total 0.001696 (create 0.000037, send 0.000239, recv 0.000842, ring 0.000389, delay 0.000000)
node07:1241:2114 [2] NCCL INFO Bootstrap timings total 0.001635 (create 0.000039, send 0.000147, recv 0.000456, ring 0.000375, delay 0.000000)
node07:1242:2111 [3] NCCL INFO Bootstrap timings total 0.001801 (create 0.000046, send 0.000175, recv 0.000504, ring 0.000408, delay 0.000000)
node07:1239:2112 [0] NCCL INFO MNNVL busId 0x801000 fabric UUID 4d4e0850a64dd29b.34b5c600be78169f cliqueId 0x7ffe state 3 healthMask 0xaa
node07:1241:2114 [2] NCCL INFO MNNVL busId 0x1801000 fabric UUID 4d4e0850a64dd29b.34b5c600be78169f cliqueId 0x7ffe state 3 healthMask 0xaa
node07:1242:2111 [3] NCCL INFO MNNVL busId 0x1901000 fabric UUID 4d4e0850a64dd29b.34b5c600be78169f cliqueId 0x7ffe state 3 healthMask 0xaa
node07:1240:2113 [1] NCCL INFO MNNVL busId 0x901000 fabric UUID 4d4e0850a64dd29b.34b5c600be78169f cliqueId 0x7ffe state 3 healthMask 0xaa
node07:1239:2112 [0] NCCL INFO MNNVL 1 cliqueId 7ffe cliqueSize 4 cliqueRank 2
node07:1242:2111 [3] NCCL INFO MNNVL 1 cliqueId 7ffe cliqueSize 4 cliqueRank 2
node07:1240:2113 [1] NCCL INFO MNNVL 1 cliqueId 7ffe cliqueSize 4 cliqueRank 2
node07:1241:2114 [2] NCCL INFO MNNVL 1 cliqueId 7ffe cliqueSize 4 cliqueRank 2
node07:1239:2112 [0] NCCL INFO Setting affinity for GPU 0 to 0-71
node07:1239:2112 [0] NCCL INFO comm 0x5e249890 rank 2 nRanks 4 nNodes 1 localRanks 4 localRank 2 MNNVL 1
node07:1239:2112 [0] NCCL INFO Trees [0] 3/-1/-1->2->1 [1] 3/-1/-1->2->1 [2] 3/-1/-1->2->1 [3] 3/-1/-1->2->1 [4] 3/-1/-1->2->1 [5] 3/-1/-1->2->1 [6] 3/-1/-1->2->1 [7] 3/-1/-1->2->1 [8] 3/-1/-1->2->1 [9] 3/-1/-1->2->1 [10] 3/-1/-1->2->1 [11] 3/-1/-1->2->1 [12] 3/-1/-1->2->-1 [13] 3/-1/-1->2->-1 [14] -1/-1/-1->2->1 [15] -1/-1/-1->2->1 [16] 3/-1/-1->2->1 [17] 3/-1/-1->2->1 [18] 3/-1/-1->2->1 [19] 3/-1/-1->2->1 [20] 3/-1/-1->2->1 [21] 3/-1/-1->2->1 [22] 3/-1/-1->2->1 [23] 3/-1/-1->2->1 [24] 3/-1/-1->2->1 [25] 3/-1/-1->2->1 [26] 3/-1/-1->2->1 [27] 3/-1/-1->2->1 [28] 3/-1/-1->2->-1 [29] 3/-1/-1->2->-1 [30] -1/-1/-1->2->1 [31] -1/-1/-1->2->1
node07:1239:2112 [0] NCCL INFO P2P Chunksize set to 524288
node07:1239:2116 [0] NCCL INFO [Proxy Service UDS] Device 0 CPU core 6
node07:1239:2115 [0] NCCL INFO [Proxy Service] Device 0 CPU core 5
node07:1242:2111 [3] NCCL INFO Setting affinity for GPU 3 to 72-143
node07:1242:2111 [3] NCCL INFO comm 0x21a8b340 rank 2 nRanks 4 nNodes 1 localRanks 4 localRank 2 MNNVL 1
node07:1242:2111 [3] NCCL INFO Trees [0] 3/-1/-1->2->1 [1] 3/-1/-1->2->1 [2] 3/-1/-1->2->1 [3] 3/-1/-1->2->1 [4] 3/-1/-1->2->1 [5] 3/-1/-1->2->1 [6] 3/-1/-1->2->1 [7] 3/-1/-1->2->1 [8] 3/-1/-1->2->1 [9] 3/-1/-1->2->1 [10] 3/-1/-1->2->1 [11] 3/-1/-1->2->1 [12] 3/-1/-1->2->-1 [13] 3/-1/-1->2->-1 [14] -1/-1/-1->2->1 [15] -1/-1/-1->2->1 [16] 3/-1/-1->2->1 [17] 3/-1/-1->2->1 [18] 3/-1/-1->2->1 [19] 3/-1/-1->2->1 [20] 3/-1/-1->2->1 [21] 3/-1/-1->2->1 [22] 3/-1/-1->2->1 [23] 3/-1/-1->2->1 [24] 3/-1/-1->2->1 [25] 3/-1/-1->2->1 [26] 3/-1/-1->2->1 [27] 3/-1/-1->2->1 [28] 3/-1/-1->2->-1 [29] 3/-1/-1->2->-1 [30] -1/-1/-1->2->1 [31] -1/-1/-1->2->1
node07:1242:2111 [3] NCCL INFO P2P Chunksize set to 524288
node07:1242:2117 [3] NCCL INFO [Proxy Service] Device 3 CPU core 104
node07:1242:2118 [3] NCCL INFO [Proxy Service UDS] Device 3 CPU core 112
node07:1240:2113 [1] NCCL INFO Setting affinity for GPU 1 to 0-71
node07:1241:2114 [2] NCCL INFO Setting affinity for GPU 2 to 72-143
node07:1240:2113 [1] NCCL INFO comm 0x55cf7fe0 rank 2 nRanks 4 nNodes 1 localRanks 4 localRank 2 MNNVL 1
node07:1240:2113 [1] NCCL INFO Trees [0] 3/-1/-1->2->1 [1] 3/-1/-1->2->1 [2] 3/-1/-1->2->1 [3] 3/-1/-1->2->1 [4] 3/-1/-1->2->1 [5] 3/-1/-1->2->1 [6] 3/-1/-1->2->1 [7] 3/-1/-1->2->1 [8] 3/-1/-1->2->1 [9] 3/-1/-1->2->1 [10] 3/-1/-1->2->1 [11] 3/-1/-1->2->1 [12] 3/-1/-1->2->-1 [13] 3/-1/-1->2->-1 [14] -1/-1/-1->2->1 [15] -1/-1/-1->2->1 [16] 3/-1/-1->2->1 [17] 3/-1/-1->2->1 [18] 3/-1/-1->2->1 [19] 3/-1/-1->2->1 [20] 3/-1/-1->2->1 [21] 3/-1/-1->2->1 [22] 3/-1/-1->2->1 [23] 3/-1/-1->2->1 [24] 3/-1/-1->2->1 [25] 3/-1/-1->2->1 [26] 3/-1/-1->2->1 [27] 3/-1/-1->2->1 [28] 3/-1/-1->2->-1 [29] 3/-1/-1->2->-1 [30] -1/-1/-1->2->1 [31] -1/-1/-1->2->1
node07:1240:2113 [1] NCCL INFO P2P Chunksize set to 524288
node07:1240:2119 [1] NCCL INFO [Proxy Service] Device 1 CPU core 19
node07:1240:2120 [1] NCCL INFO [Proxy Service UDS] Device 1 CPU core 20
node07:1241:2114 [2] NCCL INFO comm 0x267bcfd0 rank 2 nRanks 4 nNodes 1 localRanks 4 localRank 2 MNNVL 1
node07:1241:2114 [2] NCCL INFO Trees [0] 3/-1/-1->2->1 [1] 3/-1/-1->2->1 [2] 3/-1/-1->2->1 [3] 3/-1/-1->2->1 [4] 3/-1/-1->2->1 [5] 3/-1/-1->2->1 [6] 3/-1/-1->2->1 [7] 3/-1/-1->2->1 [8] 3/-1/-1->2->1 [9] 3/-1/-1->2->1 [10] 3/-1/-1->2->1 [11] 3/-1/-1->2->1 [12] 3/-1/-1->2->-1 [13] 3/-1/-1->2->-1 [14] -1/-1/-1->2->1 [15] -1/-1/-1->2->1 [16] 3/-1/-1->2->1 [17] 3/-1/-1->2->1 [18] 3/-1/-1->2->1 [19] 3/-1/-1->2->1 [20] 3/-1/-1->2->1 [21] 3/-1/-1->2->1 [22] 3/-1/-1->2->1 [23] 3/-1/-1->2->1 [24] 3/-1/-1->2->1 [25] 3/-1/-1->2->1 [26] 3/-1/-1->2->1 [27] 3/-1/-1->2->1 [28] 3/-1/-1->2->-1 [29] 3/-1/-1->2->-1 [30] -1/-1/-1->2->1 [31] -1/-1/-1->2->1
node07:1241:2114 [2] NCCL INFO P2P Chunksize set to 524288
node07:1241:2122 [2] NCCL INFO [Proxy Service UDS] Device 2 CPU core 115
node07:1241:2121 [2] NCCL INFO [Proxy Service] Device 2 CPU core 114
node07:1239:2112 [0] NCCL INFO threadThresholds 8/8/64 | 32/8/64 | 512 | 512
node07:1239:2112 [0] NCCL INFO 32 coll channels, 32 collnet channels, 0 nvls channels, 32 p2p channels, 32 p2p channels per peer
node07:1239:2112 [0] NCCL INFO ncclCommInitRankConfig comm 0x5e249890 rank 2 nranks 4 cudaDev 0 nvmlDev 0 busId 801000 commId 0x3159f97853b65d25 - Init COMPLETE
node07:1239:2112 [0] NCCL INFO Init timings - ncclCommInitRankConfig: rank 2 nranks 4 total 0.91 (kernels 0.00, alloc 0.00, bootstrap 0.00, allgathers 0.04, topo 0.79, graphs 0.01, connections 0.06, rest 0.01)
node07:1242:2111 [3] NCCL INFO threadThresholds 8/8/64 | 32/8/64 | 512 | 512
node07:1242:2111 [3] NCCL INFO 32 coll channels, 32 collnet channels, 0 nvls channels, 32 p2p channels, 32 p2p channels per peer
node07:1241:2114 [2] NCCL INFO threadThresholds 8/8/64 | 32/8/64 | 512 | 512
node07:1241:2114 [2] NCCL INFO 32 coll channels, 32 collnet channels, 0 nvls channels, 32 p2p channels, 32 p2p channels per peer
node07:1240:2113 [1] NCCL INFO threadThresholds 8/8/64 | 32/8/64 | 512 | 512
node07:1240:2113 [1] NCCL INFO 32 coll channels, 32 collnet channels, 0 nvls channels, 32 p2p channels, 32 p2p channels per peer
node07:1242:2111 [3] NCCL INFO ncclCommInitRankConfig comm 0x21a8b340 rank 2 nranks 4 cudaDev 3 nvmlDev 3 busId 1901000 commId 0xa71cbe30e3aa3127 - Init COMPLETE
node07:1242:2111 [3] NCCL INFO Init timings - ncclCommInitRankConfig: rank 2 nranks 4 total 1.03 (kernels 0.00, alloc 0.00, bootstrap 0.00, allgathers 0.01, topo 0.85, graphs 0.00, connections 0.14, rest 0.02)
node07:1241:2114 [2] NCCL INFO ncclCommInitRankConfig comm 0x267bcfd0 rank 2 nranks 4 cudaDev 2 nvmlDev 2 busId 1801000 commId 0x3b77bde6a323939c - Init COMPLETE
node07:1241:2114 [2] NCCL INFO Init timings - ncclCommInitRankConfig: rank 2 nranks 4 total 1.03 (kernels 0.00, alloc 0.00, bootstrap 0.00, allgathers 0.01, topo 0.86, graphs 0.00, connections 0.14, rest 0.02)
node07:1240:2113 [1] NCCL INFO ncclCommInitRankConfig comm 0x55cf7fe0 rank 2 nranks 4 cudaDev 1 nvmlDev 1 busId 901000 commId 0x3c03463322940520 - Init COMPLETE
node07:1240:2113 [1] NCCL INFO Init timings - ncclCommInitRankConfig: rank 2 nranks 4 total 1.07 (kernels 0.00, alloc 0.00, bootstrap 0.00, allgathers 0.01, topo 0.86, graphs 0.00, connections 0.14, rest 0.05)
node07:1241:1241 [2] NCCL INFO Comm config Blocking set to 1
node07:1239:1239 [0] NCCL INFO Comm config Blocking set to 1
node07:1242:1242 [3] NCCL INFO Comm config Blocking set to 1
node07:1241:2128 [2] NCCL INFO Assigned NET plugin IBext_v10 to comm
node07:1242:2129 [3] NCCL INFO Assigned NET plugin IBext_v10 to comm
node07:1241:2128 [2] NCCL INFO Using network IBext_v10
node07:1242:2129 [3] NCCL INFO Using network IBext_v10
node07:1239:2127 [0] NCCL INFO Assigned NET plugin IBext_v10 to comm
node07:1242:2129 [3] NCCL INFO DMA-BUF is available on GPU device 3
node07:1239:2127 [0] NCCL INFO Using network IBext_v10
node07:1241:2128 [2] NCCL INFO DMA-BUF is available on GPU device 2
node07:1239:2127 [0] NCCL INFO DMA-BUF is available on GPU device 0
node07:1242:2129 [3] NCCL INFO ncclCommInitRankConfig comm 0x2ab4cc80 rank 7 nranks 8 cudaDev 3 nvmlDev 3 busId 1901000 commId 0xf3be977f20191009 - Init START
node07:1241:2128 [2] NCCL INFO ncclCommInitRankConfig comm 0x2f87f960 rank 6 nranks 8 cudaDev 2 nvmlDev 2 busId 1801000 commId 0xf3be977f20191009 - Init START
node07:1239:2127 [0] NCCL INFO ncclCommInitRankConfig comm 0x6730a720 rank 4 nranks 8 cudaDev 0 nvmlDev 0 busId 801000 commId 0xf3be977f20191009 - Init START
node07:1240:1240 [1] NCCL INFO Comm config Blocking set to 1
node07:1240:2130 [1] NCCL INFO Assigned NET plugin IBext_v10 to comm
node07:1240:2130 [1] NCCL INFO Using network IBext_v10
node07:1240:2130 [1] NCCL INFO DMA-BUF is available on GPU device 1
node07:1240:2130 [1] NCCL INFO ncclCommInitRankConfig comm 0x5edb9bf0 rank 5 nranks 8 cudaDev 1 nvmlDev 1 busId 901000 commId 0xf3be977f20191009 - Init START
node07:1242:2129 [3] NCCL INFO Bootstrap timings total 0.104194 (create 0.000046, send 0.000223, recv 0.056463, ring 0.047211, delay 0.000000)
node07:1241:2128 [2] NCCL INFO Bootstrap timings total 0.104216 (create 0.000043, send 0.000151, recv 0.000413, ring 0.056827, delay 0.000000)
node07:1240:2130 [1] NCCL INFO Bootstrap timings total 0.057719 (create 0.000057, send 0.000178, recv 0.000422, ring 0.056869, delay 0.000000)
node07:1239:2127 [0] NCCL INFO Bootstrap timings total 0.104257 (create 0.000032, send 0.000164, recv 0.046896, ring 0.047237, delay 0.000000)
node07:1241:2128 [2] NCCL INFO MNNVL busId 0x1801000 fabric UUID 4d4e0850a64dd29b.34b5c600be78169f cliqueId 0x7ffe state 3 healthMask 0xaa
node07:1242:2129 [3] NCCL INFO MNNVL busId 0x1901000 fabric UUID 4d4e0850a64dd29b.34b5c600be78169f cliqueId 0x7ffe state 3 healthMask 0xaa
node07:1240:2130 [1] NCCL INFO MNNVL busId 0x901000 fabric UUID 4d4e0850a64dd29b.34b5c600be78169f cliqueId 0x7ffe state 3 healthMask 0xaa
node07:1239:2127 [0] NCCL INFO MNNVL busId 0x801000 fabric UUID 4d4e0850a64dd29b.34b5c600be78169f cliqueId 0x7ffe state 3 healthMask 0xaa
node07:1240:2130 [1] NCCL INFO MNNVL 1 cliqueId 7ffe cliqueSize 8 cliqueRank 5
node07:1239:2127 [0] NCCL INFO MNNVL 1 cliqueId 7ffe cliqueSize 8 cliqueRank 4
node07:1242:2129 [3] NCCL INFO MNNVL 1 cliqueId 7ffe cliqueSize 8 cliqueRank 7
node07:1241:2128 [2] NCCL INFO MNNVL 1 cliqueId 7ffe cliqueSize 8 cliqueRank 6
node07:1242:2129 [3] NCCL INFO Setting affinity for GPU 3 to 72-143
node07:1241:2128 [2] NCCL INFO Setting affinity for GPU 2 to 72-143
node07:1240:2130 [1] NCCL INFO Setting affinity for GPU 1 to 0-71
node07:1239:2127 [0] NCCL INFO Setting affinity for GPU 0 to 0-71
node07:1242:2129 [3] NCCL INFO comm 0x2ab4cc80 rank 7 nRanks 8 nNodes 1 localRanks 8 localRank 7 MNNVL 1
node07:1239:2127 [0] NCCL INFO comm 0x6730a720 rank 4 nRanks 8 nNodes 1 localRanks 8 localRank 4 MNNVL 1
node07:1241:2128 [2] NCCL INFO comm 0x2f87f960 rank 6 nRanks 8 nNodes 1 localRanks 8 localRank 6 MNNVL 1
node07:1240:2130 [1] NCCL INFO comm 0x5edb9bf0 rank 5 nRanks 8 nNodes 1 localRanks 8 localRank 5 MNNVL 1
node07:1242:2129 [3] NCCL INFO Trees [0] -1/-1/-1->7->6 [1] -1/-1/-1->7->6 [2] -1/-1/-1->7->6 [3] -1/-1/-1->7->6 [4] -1/-1/-1->7->6 [5] -1/-1/-1->7->6 [6] -1/-1/-1->7->6 [7] -1/-1/-1->7->6 [8] -1/-1/-1->7->6 [9] -1/-1/-1->7->6 [10] -1/-1/-1->7->6 [11] -1/-1/-1->7->6 [12] -1/-1/-1->7->6 [13] -1/-1/-1->7->6 [14] -1/-1/-1->7->6 [15] -1/-1/-1->7->6 [16] -1/-1/-1->7->6 [17] -1/-1/-1->7->6 [18] -1/-1/-1->7->6 [19] -1/-1/-1->7->6 [20] -1/-1/-1->7->6 [21] -1/-1/-1->7->6 [22] -1/-1/-1->7->6 [23] -1/-1/-1->7->6 [24] -1/-1/-1->7->6 [25] -1/-1/-1->7->6 [26] -1/-1/-1->7->6 [27] -1/-1/-1->7->6 [28] -1/-1/-1->7->6 [29] -1/-1/-1->7->6 [30] -1/-1/-1->7->6 [31] -1/-1/-1->7->6
node07:1239:2127 [0] NCCL INFO Trees [0] 5/-1/-1->4->3 [1] 5/-1/-1->4->3 [2] 5/-1/-1->4->3 [3] 5/-1/-1->4->3 [4] 5/-1/-1->4->3 [5] 5/-1/-1->4->3 [6] 5/-1/-1->4->3 [7] 5/-1/-1->4->3 [8] 5/-1/-1->4->3 [9] 5/-1/-1->4->3 [10] 5/-1/-1->4->3 [11] 5/-1/-1->4->3 [12] 5/-1/-1->4->3 [13] 5/-1/-1->4->3 [14] 5/-1/-1->4->3 [15] 5/-1/-1->4->3 [16] 5/-1/-1->4->3 [17] 5/-1/-1->4->3 [18] 5/-1/-1->4->3 [19] 5/-1/-1->4->3 [20] 5/-1/-1->4->3 [21] 5/-1/-1->4->3 [22] 5/-1/-1->4->3 [23] 5/-1/-1->4->3 [24] 5/-1/-1->4->3 [25] 5/-1/-1->4->3 [26] 5/-1/-1->4->3 [27] 5/-1/-1->4->3 [28] 5/-1/-1->4->3 [29] 5/-1/-1->4->3 [30] 5/-1/-1->4->3 [31] 5/-1/-1->4->3
node07:1241:2128 [2] NCCL INFO Trees [0] 7/-1/-1->6->5 [1] 7/-1/-1->6->5 [2] 7/-1/-1->6->5 [3] 7/-1/-1->6->5 [4] 7/-1/-1->6->5 [5] 7/-1/-1->6->5 [6] 7/-1/-1->6->5 [7] 7/-1/-1->6->5 [8] 7/-1/-1->6->5 [9] 7/-1/-1->6->5 [10] 7/-1/-1->6->5 [11] 7/-1/-1->6->5 [12] 7/-1/-1->6->5 [13] 7/-1/-1->6->5 [14] 7/-1/-1->6->5 [15] 7/-1/-1->6->5 [16] 7/-1/-1->6->5 [17] 7/-1/-1->6->5 [18] 7/-1/-1->6->5 [19] 7/-1/-1->6->5 [20] 7/-1/-1->6->5 [21] 7/-1/-1->6->5 [22] 7/-1/-1->6->5 [23] 7/-1/-1->6->5 [24] 7/-1/-1->6->5 [25] 7/-1/-1->6->5 [26] 7/-1/-1->6->5 [27] 7/-1/-1->6->5 [28] 7/-1/-1->6->5 [29] 7/-1/-1->6->5 [30] 7/-1/-1->6->5 [31] 7/-1/-1->6->5
node07:1242:2129 [3] NCCL INFO P2P Chunksize set to 524288
node07:1239:2127 [0] NCCL INFO P2P Chunksize set to 524288
node07:1240:2130 [1] NCCL INFO Trees [0] 6/-1/-1->5->4 [1] 6/-1/-1->5->4 [2] 6/-1/-1->5->4 [3] 6/-1/-1->5->4 [4] 6/-1/-1->5->4 [5] 6/-1/-1->5->4 [6] 6/-1/-1->5->4 [7] 6/-1/-1->5->4 [8] 6/-1/-1->5->4 [9] 6/-1/-1->5->4 [10] 6/-1/-1->5->4 [11] 6/-1/-1->5->4 [12] 6/-1/-1->5->4 [13] 6/-1/-1->5->4 [14] 6/-1/-1->5->4 [15] 6/-1/-1->5->4 [16] 6/-1/-1->5->4 [17] 6/-1/-1->5->4 [18] 6/-1/-1->5->4 [19] 6/-1/-1->5->4 [20] 6/-1/-1->5->4 [21] 6/-1/-1->5->4 [22] 6/-1/-1->5->4 [23] 6/-1/-1->5->4 [24] 6/-1/-1->5->4 [25] 6/-1/-1->5->4 [26] 6/-1/-1->5->4 [27] 6/-1/-1->5->4 [28] 6/-1/-1->5->4 [29] 6/-1/-1->5->4 [30] 6/-1/-1->5->4 [31] 6/-1/-1->5->4
node07:1241:2128 [2] NCCL INFO P2P Chunksize set to 524288
node07:1240:2130 [1] NCCL INFO P2P Chunksize set to 524288
node07:1239:2133 [0] NCCL INFO [Proxy Service] Device 0 CPU core 19
node07:1242:2131 [3] NCCL INFO [Proxy Service] Device 3 CPU core 109
node07:1239:2137 [0] NCCL INFO [Proxy Service UDS] Device 0 CPU core 20
node07:1241:2135 [2] NCCL INFO [Proxy Service UDS] Device 2 CPU core 76
node07:1240:2134 [1] NCCL INFO [Proxy Service] Device 1 CPU core 5
node07:1242:2136 [3] NCCL INFO [Proxy Service UDS] Device 3 CPU core 110
node07:1241:2132 [2] NCCL INFO [Proxy Service] Device 2 CPU core 75
node07:1240:2138 [1] NCCL INFO [Proxy Service UDS] Device 1 CPU core 6
node07:1241:2128 [2] NCCL INFO threadThresholds 8/8/64 | 64/8/64 | 512 | 512
node07:1241:2128 [2] NCCL INFO 32 coll channels, 32 collnet channels, 0 nvls channels, 32 p2p channels, 32 p2p channels per peer
node07:1242:2129 [3] NCCL INFO threadThresholds 8/8/64 | 64/8/64 | 512 | 512
node07:1242:2129 [3] NCCL INFO 32 coll channels, 32 collnet channels, 0 nvls channels, 32 p2p channels, 32 p2p channels per peer
node07:1239:2127 [0] NCCL INFO threadThresholds 8/8/64 | 64/8/64 | 512 | 512
node07:1239:2127 [0] NCCL INFO 32 coll channels, 32 collnet channels, 0 nvls channels, 32 p2p channels, 32 p2p channels per peer
node07:1240:2130 [1] NCCL INFO threadThresholds 8/8/64 | 64/8/64 | 512 | 512
node07:1240:2130 [1] NCCL INFO 32 coll channels, 32 collnet channels, 0 nvls channels, 32 p2p channels, 32 p2p channels per peer
node07:1239:2127 [0] NCCL INFO ncclCommInitRankConfig comm 0x6730a720 rank 4 nranks 8 cudaDev 0 nvmlDev 0 busId 801000 commId 0xf3be977f20191009 - Init COMPLETE
node07:1239:2127 [0] NCCL INFO Init timings - ncclCommInitRankConfig: rank 4 nranks 8 total 1.04 (kernels 0.00, alloc 0.04, bootstrap 0.10, allgathers 0.00, topo 0.73, graphs 0.00, connections 0.15, rest 0.01)
node07:1240:2130 [1] NCCL INFO ncclCommInitRankConfig comm 0x5edb9bf0 rank 5 nranks 8 cudaDev 1 nvmlDev 1 busId 901000 commId 0xf3be977f20191009 - Init COMPLETE
node07:1241:2128 [2] NCCL INFO ncclCommInitRankConfig comm 0x2f87f960 rank 6 nranks 8 cudaDev 2 nvmlDev 2 busId 1801000 commId 0xf3be977f20191009 - Init COMPLETE
node07:1240:2130 [1] NCCL INFO Init timings - ncclCommInitRankConfig: rank 5 nranks 8 total 0.96 (kernels 0.00, alloc 0.00, bootstrap 0.06, allgathers 0.03, topo 0.71, graphs 0.00, connections 0.15, rest 0.01)
node07:1241:2128 [2] NCCL INFO Init timings - ncclCommInitRankConfig: rank 6 nranks 8 total 1.04 (kernels 0.00, alloc 0.04, bootstrap 0.10, allgathers 0.03, topo 0.71, graphs 0.00, connections 0.14, rest 0.02)
node07:1242:2129 [3] NCCL INFO ncclCommInitRankConfig comm 0x2ab4cc80 rank 7 nranks 8 cudaDev 3 nvmlDev 3 busId 1901000 commId 0xf3be977f20191009 - Init COMPLETE
node07:1242:2129 [3] NCCL INFO Init timings - ncclCommInitRankConfig: rank 7 nranks 8 total 1.04 (kernels 0.00, alloc 0.04, bootstrap 0.10, allgathers 0.03, topo 0.71, graphs 0.00, connections 0.15, rest 0.02)
node07:1242:2142 [3] NCCL INFO Channel 00/0 : 7[3] -> 0[0] via P2P/MNNVL
node07:1240:2141 [1] NCCL INFO Channel 00/0 : 5[1] -> 6[2] via P2P/MNNVL
node07:1242:2142 [3] NCCL INFO Channel 01/0 : 7[3] -> 0[0] via P2P/MNNVL
node07:1241:2140 [2] NCCL INFO Channel 00/0 : 6[2] -> 7[3] via P2P/MNNVL
node07:1240:2141 [1] NCCL INFO Channel 01/0 : 5[1] -> 6[2] via P2P/MNNVL
node07:1239:2139 [0] NCCL INFO Channel 00/0 : 4[0] -> 5[1] via P2P/MNNVL
node07:1242:2142 [3] NCCL INFO Channel 02/0 : 7[3] -> 0[0] via P2P/MNNVL
node07:1241:2140 [2] NCCL INFO Channel 01/0 : 6[2] -> 7[3] via P2P/MNNVL
node07:1242:2142 [3] NCCL INFO Channel 03/0 : 7[3] -> 0[0] via P2P/MNNVL
node07:1240:2141 [1] NCCL INFO Channel 02/0 : 5[1] -> 6[2] via P2P/MNNVL
node07:1241:2140 [2] NCCL INFO Channel 02/0 : 6[2] -> 7[3] via P2P/MNNVL
node07:1239:2139 [0] NCCL INFO Channel 01/0 : 4[0] -> 5[1] via P2P/MNNVL
node07:1241:2140 [2] NCCL INFO Channel 03/0 : 6[2] -> 7[3] via P2P/MNNVL
node07:1240:2141 [1] NCCL INFO Channel 03/0 : 5[1] -> 6[2] via P2P/MNNVL
node07:1239:2139 [0] NCCL INFO Channel 02/0 : 4[0] -> 5[1] via P2P/MNNVL
node07:1242:2142 [3] NCCL INFO Channel 04/0 : 7[3] -> 0[0] via P2P/MNNVL
node07:1241:2140 [2] NCCL INFO Channel 04/0 : 6[2] -> 7[3] via P2P/MNNVL
node07:1239:2139 [0] NCCL INFO Channel 03/0 : 4[0] -> 5[1] via P2P/MNNVL
node07:1242:2142 [3] NCCL INFO Channel 05/0 : 7[3] -> 0[0] via P2P/MNNVL
node07:1240:2141 [1] NCCL INFO Channel 04/0 : 5[1] -> 6[2] via P2P/MNNVL
node07:1241:2140 [2] NCCL INFO Channel 05/0 : 6[2] -> 7[3] via P2P/MNNVL
node07:1239:2139 [0] NCCL INFO Channel 04/0 : 4[0] -> 5[1] via P2P/MNNVL
node07:1242:2142 [3] NCCL INFO Channel 06/0 : 7[3] -> 0[0] via P2P/MNNVL
node07:1240:2141 [1] NCCL INFO Channel 05/0 : 5[1] -> 6[2] via P2P/MNNVL
node07:1241:2140 [2] NCCL INFO Channel 06/0 : 6[2] -> 7[3] via P2P/MNNVL
node07:1242:2142 [3] NCCL INFO Channel 07/0 : 7[3] -> 0[0] via P2P/MNNVL
node07:1239:2139 [0] NCCL INFO Channel 05/0 : 4[0] -> 5[1] via P2P/MNNVL
