W1116 04:16:18.415000 1174 torch/distributed/run.py:766] 
W1116 04:16:18.415000 1174 torch/distributed/run.py:766] *****************************************
W1116 04:16:18.415000 1174 torch/distributed/run.py:766] Setting OMP_NUM_THREADS environment variable for each process to be 1 in default, to avoid your system being overloaded, please further tune the variable for optimal performance in your application as needed. 
W1116 04:16:18.415000 1174 torch/distributed/run.py:766] *****************************************
[Gloo] Rank [Gloo] Rank [Gloo] Rank [Gloo] Rank 1111 is connected to  is connected to  is connected to  is connected to 1111 peer ranks.  peer ranks.  peer ranks.  peer ranks. Expected number of connected peer ranks is : Expected number of connected peer ranks is : Expected number of connected peer ranks is : Expected number of connected peer ranks is : 1111



[Gloo] Rank [Gloo] Rank 00 is connected to  is connected to 00 peer ranks.  peer ranks. Expected number of connected peer ranks is : Expected number of connected peer ranks is : 0[Gloo] Rank 0
0
 is connected to 0 peer ranks. Expected number of connected peer ranks is : 0
[Gloo] Rank 0 is connected to 0 peer ranks. Expected number of connected peer ranks is : 0
[Gloo] Rank 1 is connected to 1 peer ranks. Expected number of connected peer ranks is : 1
[Gloo] Rank 1 is connected to 1 peer ranks. Expected number of connected peer ranks is : 1
[Gloo] Rank 1 is connected to 1 peer ranks. Expected number of connected peer ranks is : 1
[rank42]:[W1116 04:16:46.357413586 ProcessGroupNCCL.cpp:4789] [PG ID 0 PG GUID 0 Rank 42]  using GPU 2 as device used by this process is currently unknown. This can potentially cause a hang if this rank to GPU mapping is incorrect. You can specify device_id in init_process_group() to force use of a particular device.
[rank41]:[W1116 04:16:46.357413522 ProcessGroupNCCL.cpp:4789] [PG ID 0 PG GUID 0 Rank 41]  using GPU 1 as device used by this process is currently unknown. This can potentially cause a hang if this rank to GPU mapping is incorrect. You can specify device_id in init_process_group() to force use of a particular device.
[rank43]:[W1116 04:16:46.357413682 ProcessGroupNCCL.cpp:4789] [PG ID 0 PG GUID 0 Rank 43]  using GPU 3 as device used by this process is currently unknown. This can potentially cause a hang if this rank to GPU mapping is incorrect. You can specify device_id in init_process_group() to force use of a particular device.
[Gloo] Rank 1 is connected to 1 peer ranks. Expected number of connected peer ranks is : 1
[rank40]:[W1116 04:16:46.727709159 ProcessGroupNCCL.cpp:4789] [PG ID 0 PG GUID 0 Rank 40]  using GPU 0 as device used by this process is currently unknown. This can potentially cause a hang if this rank to GPU mapping is incorrect. You can specify device_id in init_process_group() to force use of a particular device.
node23D400669:1240:1240 [1] NCCL INFO cudaDriverVersion 12080
node23D400669:1239:1239 [0] NCCL INFO cudaDriverVersion 12080
node23D400669:1242:1242 [3] NCCL INFO cudaDriverVersion 12080
node23D400669:1241:1241 [2] NCCL INFO cudaDriverVersion 12080
node23D400669:1242:1242 [3] NCCL INFO Bootstrap: Using enP5p9s0:10.192.23.148<0>
node23D400669:1242:1242 [3] NCCL INFO NCCL version 2.27.3+cuda12.9
node23D400669:1240:1240 [1] NCCL INFO Bootstrap: Using enP5p9s0:10.192.23.148<0>
node23D400669:1239:1239 [0] NCCL INFO Bootstrap: Using enP5p9s0:10.192.23.148<0>
node23D400669:1240:1240 [1] NCCL INFO NCCL version 2.27.3+cuda12.9
node23D400669:1239:1239 [0] NCCL INFO NCCL version 2.27.3+cuda12.9
node23D400669:1241:1241 [2] NCCL INFO Bootstrap: Using enP5p9s0:10.192.23.148<0>
node23D400669:1241:1241 [2] NCCL INFO NCCL version 2.27.3+cuda12.9
node23D400669:1239:1239 [0] NCCL INFO Comm config Blocking set to 1
node23D400669:1242:1242 [3] NCCL INFO Comm config Blocking set to 1
node23D400669:1241:1241 [2] NCCL INFO Comm config Blocking set to 1
node23D400669:1240:1240 [1] NCCL INFO Comm config Blocking set to 1
node23D400669:1240:1710 [1] NCCL INFO NET/Plugin: Plugin name set by env to libnccl-net.so
node23D400669:1241:1709 [2] NCCL INFO NET/Plugin: Plugin name set by env to libnccl-net.so
node23D400669:1239:1707 [0] NCCL INFO NET/Plugin: Plugin name set by env to libnccl-net.so
node23D400669:1242:1708 [3] NCCL INFO NET/Plugin: Plugin name set by env to libnccl-net.so
node23D400669:1240:1710 [1] NCCL INFO NET/Plugin: Loaded net plugin NCCL RDMA Plugin v10 (v10)
node23D400669:1241:1709 [2] NCCL INFO NET/Plugin: Loaded net plugin NCCL RDMA Plugin v10 (v10)
node23D400669:1239:1707 [0] NCCL INFO NET/Plugin: Loaded net plugin NCCL RDMA Plugin v10 (v10)
node23D400669:1240:1710 [1] NCCL INFO NET/Plugin: Loaded collnet plugin NCCL RDMA Plugin v10 (v10)
node23D400669:1242:1708 [3] NCCL INFO NET/Plugin: Loaded net plugin NCCL RDMA Plugin v10 (v10)
node23D400669:1241:1709 [2] NCCL INFO NET/Plugin: Loaded collnet plugin NCCL RDMA Plugin v10 (v10)
node23D400669:1239:1707 [0] NCCL INFO NET/Plugin: Loaded collnet plugin NCCL RDMA Plugin v10 (v10)
node23D400669:1240:1710 [1] NCCL INFO Successfully loaded external plugin libnccl-net.so
node23D400669:1242:1708 [3] NCCL INFO NET/Plugin: Loaded collnet plugin NCCL RDMA Plugin v10 (v10)
node23D400669:1241:1709 [2] NCCL INFO Successfully loaded external plugin libnccl-net.so
node23D400669:1239:1707 [0] NCCL INFO Successfully loaded external plugin libnccl-net.so
node23D400669:1242:1708 [3] NCCL INFO Successfully loaded external plugin libnccl-net.so
node23D400669:1240:1710 [1] NCCL INFO Plugin Path : /opt/hpcx/nccl_rdma_sharp_plugin/lib/libnccl-net.so
node23D400669:1241:1709 [2] NCCL INFO Plugin Path : /opt/hpcx/nccl_rdma_sharp_plugin/lib/libnccl-net.so
node23D400669:1240:1710 [1] NCCL INFO P2P plugin v10 IBext_v10
node23D400669:1241:1709 [2] NCCL INFO P2P plugin v10 IBext_v10
node23D400669:1239:1707 [0] NCCL INFO Plugin Path : /opt/hpcx/nccl_rdma_sharp_plugin/lib/libnccl-net.so
node23D400669:1242:1708 [3] NCCL INFO Plugin Path : /opt/hpcx/nccl_rdma_sharp_plugin/lib/libnccl-net.so
node23D400669:1239:1707 [0] NCCL INFO P2P plugin v10 IBext_v10
node23D400669:1242:1708 [3] NCCL INFO P2P plugin v10 IBext_v10
node23D400669:1240:1710 [1] NCCL INFO NET/IB : No device found.
node23D400669:1240:1710 [1] NCCL INFO NET/IB : Using [RO]; OOB enP5p9s0:10.192.23.148<0>
node23D400669:1242:1708 [3] NCCL INFO NET/IB : No device found.
node23D400669:1242:1708 [3] NCCL INFO NET/IB : Using [RO]; OOB enP5p9s0:10.192.23.148<0>
node23D400669:1241:1709 [2] NCCL INFO NET/IB : No device found.
node23D400669:1241:1709 [2] NCCL INFO NET/IB : Using [RO]; OOB enP5p9s0:10.192.23.148<0>
node23D400669:1239:1707 [0] NCCL INFO NET/IB : No device found.
node23D400669:1239:1707 [0] NCCL INFO NET/IB : Using [RO]; OOB enP5p9s0:10.192.23.148<0>
node23D400669:1240:1710 [1] NCCL INFO NET/IB : No device found.
node23D400669:1240:1710 [1] NCCL INFO NET/IB : Using [RO]; OOB enP5p9s0:10.192.23.148<0>
node23D400669:1240:1710 [1] NCCL INFO NET/Socket : Using [0]enP5p9s0:10.192.23.148<0>
node23D400669:1240:1710 [1] NCCL INFO Initialized NET plugin Socket
node23D400669:1240:1710 [1] NCCL INFO Assigned NET plugin Socket to comm
node23D400669:1240:1710 [1] NCCL INFO Using network Socket
node23D400669:1242:1708 [3] NCCL INFO NET/IB : No device found.
node23D400669:1242:1708 [3] NCCL INFO NET/IB : Using [RO]; OOB enP5p9s0:10.192.23.148<0>
node23D400669:1242:1708 [3] NCCL INFO NET/Socket : Using [0]enP5p9s0:10.192.23.148<0>
node23D400669:1242:1708 [3] NCCL INFO Initialized NET plugin Socket
node23D400669:1242:1708 [3] NCCL INFO Assigned NET plugin Socket to comm
node23D400669:1242:1708 [3] NCCL INFO Using network Socket
node23D400669:1239:1707 [0] NCCL INFO NET/IB : No device found.
node23D400669:1239:1707 [0] NCCL INFO NET/IB : Using [RO]; OOB enP5p9s0:10.192.23.148<0>
node23D400669:1241:1709 [2] NCCL INFO NET/IB : No device found.
node23D400669:1241:1709 [2] NCCL INFO NET/IB : Using [RO]; OOB enP5p9s0:10.192.23.148<0>
node23D400669:1239:1707 [0] NCCL INFO NET/Socket : Using [0]enP5p9s0:10.192.23.148<0>
node23D400669:1241:1709 [2] NCCL INFO NET/Socket : Using [0]enP5p9s0:10.192.23.148<0>
node23D400669:1239:1707 [0] NCCL INFO Initialized NET plugin Socket
node23D400669:1241:1709 [2] NCCL INFO Initialized NET plugin Socket
node23D400669:1239:1707 [0] NCCL INFO Assigned NET plugin Socket to comm
node23D400669:1239:1707 [0] NCCL INFO Using network Socket
node23D400669:1241:1709 [2] NCCL INFO Assigned NET plugin Socket to comm
node23D400669:1241:1709 [2] NCCL INFO Using network Socket
node23D400669:1240:1710 [1] NCCL INFO ncclCommInitRankConfig comm 0x272f1200 rank 41 nranks 64 cudaDev 1 nvmlDev 1 busId 901000 commId 0x75c27e0d7f7ac035 - Init START
node23D400669:1242:1708 [3] NCCL INFO ncclCommInitRankConfig comm 0x1d720e00 rank 43 nranks 64 cudaDev 3 nvmlDev 3 busId 1901000 commId 0x75c27e0d7f7ac035 - Init START
node23D400669:1239:1707 [0] NCCL INFO ncclCommInitRankConfig comm 0x44572590 rank 40 nranks 64 cudaDev 0 nvmlDev 0 busId 801000 commId 0x75c27e0d7f7ac035 - Init START
node23D400669:1241:1709 [2] NCCL INFO ncclCommInitRankConfig comm 0x1c002bc0 rank 42 nranks 64 cudaDev 2 nvmlDev 2 busId 1801000 commId 0x75c27e0d7f7ac035 - Init START
node23D400669:1239:1707 [0] NCCL INFO RAS client listening socket at 127.0.0.1<28028>
node23D400669:1240:1710 [1] NCCL INFO RAS client listening socket at 127.0.0.1<28028>
node23D400669:1242:1708 [3] NCCL INFO RAS client listening socket at 127.0.0.1<28028>
node23D400669:1241:1709 [2] NCCL INFO RAS client listening socket at 127.0.0.1<28028>
node23D400669:1242:1708 [3] NCCL INFO Bootstrap timings total 0.012876 (create 0.000029, send 0.000128, recv 0.000251, ring 0.011659, delay 0.000000)
node23D400669:1240:1710 [1] NCCL INFO Bootstrap timings total 0.015230 (create 0.000035, send 0.000125, recv 0.002973, ring 0.011829, delay 0.000001)
node23D400669:1239:1707 [0] NCCL INFO Bootstrap timings total 0.012920 (create 0.000025, send 0.000172, recv 0.000466, ring 0.011817, delay 0.000000)
node23D400669:1241:1709 [2] NCCL INFO Bootstrap timings total 0.012870 (create 0.000031, send 0.000145, recv 0.000714, ring 0.011730, delay 0.000000)
node23D400669:1242:1708 [3] NCCL INFO MNNVL busId 0x1901000 fabric UUID aa48724aeeaad6a8.b34b901796a1c18d cliqueId 0x7ffe state 3 healthMask 0xaa
node23D400669:1240:1710 [1] NCCL INFO MNNVL busId 0x901000 fabric UUID aa48724aeeaad6a8.b34b901796a1c18d cliqueId 0x7ffe state 3 healthMask 0xaa
node23D400669:1241:1709 [2] NCCL INFO MNNVL busId 0x1801000 fabric UUID aa48724aeeaad6a8.b34b901796a1c18d cliqueId 0x7ffe state 3 healthMask 0xaa
node23D400669:1239:1707 [0] NCCL INFO MNNVL busId 0x801000 fabric UUID aa48724aeeaad6a8.b34b901796a1c18d cliqueId 0x7ffe state 3 healthMask 0xaa
node23D400669:1242:1708 [3] NCCL INFO MNNVL 1 cliqueId 7ffe cliqueSize 64 cliqueRank 43
node23D400669:1239:1707 [0] NCCL INFO MNNVL 1 cliqueId 7ffe cliqueSize 64 cliqueRank 40
node23D400669:1240:1710 [1] NCCL INFO MNNVL 1 cliqueId 7ffe cliqueSize 64 cliqueRank 41
node23D400669:1241:1709 [2] NCCL INFO MNNVL 1 cliqueId 7ffe cliqueSize 64 cliqueRank 42
node23D400669:1242:1708 [3] NCCL INFO Setting affinity for GPU 3 to 72-143
node23D400669:1242:1708 [3] NCCL INFO NCCL_NVLS_ENABLE set by environment to 0.
node23D400669:1240:1710 [1] NCCL INFO Setting affinity for GPU 1 to 0-71
node23D400669:1240:1710 [1] NCCL INFO NCCL_NVLS_ENABLE set by environment to 0.
node23D400669:1241:1709 [2] NCCL INFO Setting affinity for GPU 2 to 72-143
node23D400669:1241:1709 [2] NCCL INFO NCCL_NVLS_ENABLE set by environment to 0.
node23D400669:1239:1707 [0] NCCL INFO Setting affinity for GPU 0 to 0-71
node23D400669:1239:1707 [0] NCCL INFO NCCL_NVLS_ENABLE set by environment to 0.
node23D400669:1241:1709 [2] NCCL INFO comm 0x1c002bc0 rank 42 nRanks 64 nNodes 1 localRanks 64 localRank 42 MNNVL 1
node23D400669:1242:1708 [3] NCCL INFO comm 0x1d720e00 rank 43 nRanks 64 nNodes 1 localRanks 64 localRank 43 MNNVL 1
node23D400669:1240:1710 [1] NCCL INFO comm 0x272f1200 rank 41 nRanks 64 nNodes 1 localRanks 64 localRank 41 MNNVL 1
node23D400669:1241:1709 [2] NCCL INFO Trees [0] 43/-1/-1->42->41 [1] 43/-1/-1->42->41 [2] 43/-1/-1->42->41 [3] 43/-1/-1->42->41 [4] 43/-1/-1->42->41 [5] 43/-1/-1->42->41 [6] 43/-1/-1->42->41 [7] 43/-1/-1->42->41 [8] 43/-1/-1->42->41 [9] 43/-1/-1->42->41 [10] 43/-1/-1->42->41 [11] 43/-1/-1->42->41 [12] 43/-1/-1->42->41 [13] 43/-1/-1->42->41 [14] 43/-1/-1->42->41 [15] 43/-1/-1->42->41 [16] 43/-1/-1->42->41 [17] 43/-1/-1->42->41 [18] 43/-1/-1->42->41 [19] 43/-1/-1->42->41 [20] 43/-1/-1->42->41 [21] 43/-1/-1->42->41 [22] 43/-1/-1->42->41 [23] 43/-1/-1->42->41 [24] 43/-1/-1->42->41 [25] 43/-1/-1->42->41 [26] 43/-1/-1->42->41 [27] 43/-1/-1->42->41 [28] 43/-1/-1->42->41 [29] 43/-1/-1->42->41 [30] 43/-1/-1->42->41 [31] 43/-1/-1->42->41
node23D400669:1239:1707 [0] NCCL INFO comm 0x44572590 rank 40 nRanks 64 nNodes 1 localRanks 64 localRank 40 MNNVL 1
node23D400669:1242:1708 [3] NCCL INFO Trees [0] 44/-1/-1->43->42 [1] 44/-1/-1->43->42 [2] 44/-1/-1->43->42 [3] 44/-1/-1->43->42 [4] 44/-1/-1->43->42 [5] 44/-1/-1->43->42 [6] 44/-1/-1->43->42 [7] 44/-1/-1->43->42 [8] 44/-1/-1->43->42 [9] 44/-1/-1->43->42 [10] 44/-1/-1->43->42 [11] 44/-1/-1->43->42 [12] 44/-1/-1->43->42 [13] 44/-1/-1->43->42 [14] 44/-1/-1->43->42 [15] 44/-1/-1->43->42 [16] 44/-1/-1->43->42 [17] 44/-1/-1->43->42 [18] 44/-1/-1->43->42 [19] 44/-1/-1->43->42 [20] 44/-1/-1->43->42 [21] 44/-1/-1->43->42 [22] 44/-1/-1->43->42 [23] 44/-1/-1->43->42 [24] 44/-1/-1->43->42 [25] 44/-1/-1->43->42 [26] 44/-1/-1->43->42 [27] 44/-1/-1->43->42 [28] 44/-1/-1->43->42 [29] 44/-1/-1->43->42 [30] 44/-1/-1->43->42 [31] 44/-1/-1->43->42
node23D400669:1241:1709 [2] NCCL INFO P2P Chunksize set to 524288
node23D400669:1240:1710 [1] NCCL INFO Trees [0] 42/-1/-1->41->40 [1] 42/-1/-1->41->40 [2] 42/-1/-1->41->40 [3] 42/-1/-1->41->40 [4] 42/-1/-1->41->40 [5] 42/-1/-1->41->40 [6] 42/-1/-1->41->40 [7] 42/-1/-1->41->40 [8] 42/-1/-1->41->40 [9] 42/-1/-1->41->40 [10] 42/-1/-1->41->40 [11] 42/-1/-1->41->40 [12] 42/-1/-1->41->40 [13] 42/-1/-1->41->40 [14] 42/-1/-1->41->40 [15] 42/-1/-1->41->40 [16] 42/-1/-1->41->40 [17] 42/-1/-1->41->40 [18] 42/-1/-1->41->40 [19] 42/-1/-1->41->40 [20] 42/-1/-1->41->40 [21] 42/-1/-1->41->40 [22] 42/-1/-1->41->40 [23] 42/-1/-1->41->40 [24] 42/-1/-1->41->40 [25] 42/-1/-1->41->40 [26] 42/-1/-1->41->40 [27] 42/-1/-1->41->40 [28] 42/-1/-1->41->40 [29] 42/-1/-1->41->40 [30] 42/-1/-1->41->40 [31] 42/-1/-1->41->40
node23D400669:1242:1708 [3] NCCL INFO P2P Chunksize set to 524288
node23D400669:1240:1710 [1] NCCL INFO P2P Chunksize set to 524288
node23D400669:1239:1707 [0] NCCL INFO Trees [0] 41/-1/-1->40->39 [1] 41/-1/-1->40->39 [2] 41/-1/-1->40->39 [3] 41/-1/-1->40->39 [4] 41/-1/-1->40->39 [5] 41/-1/-1->40->39 [6] 41/-1/-1->40->39 [7] 41/-1/-1->40->39 [8] 41/-1/-1->40->39 [9] 41/-1/-1->40->39 [10] 41/-1/-1->40->39 [11] 41/-1/-1->40->39 [12] 41/-1/-1->40->39 [13] 41/-1/-1->40->39 [14] 41/-1/-1->40->39 [15] 41/-1/-1->40->39 [16] 41/-1/-1->40->39 [17] 41/-1/-1->40->39 [18] 41/-1/-1->40->39 [19] 41/-1/-1->40->39 [20] 41/-1/-1->40->39 [21] 41/-1/-1->40->39 [22] 41/-1/-1->40->39 [23] 41/-1/-1->40->39 [24] 41/-1/-1->40->39 [25] 41/-1/-1->40->39 [26] 41/-1/-1->40->39 [27] 41/-1/-1->40->39 [28] 41/-1/-1->40->39 [29] 41/-1/-1->40->39 [30] 41/-1/-1->40->39 [31] 41/-1/-1->40->39
node23D400669:1239:1707 [0] NCCL INFO P2P Chunksize set to 524288
node23D400669:1239:1707 [0] NCCL INFO PROFILER/Plugin: Could not find: libnccl-profiler.so. 
node23D400669:1240:1710 [1] NCCL INFO PROFILER/Plugin: Could not find: libnccl-profiler.so. 
node23D400669:1241:1709 [2] NCCL INFO PROFILER/Plugin: Could not find: libnccl-profiler.so. 
node23D400669:1242:1708 [3] NCCL INFO PROFILER/Plugin: Could not find: libnccl-profiler.so. 
node23D400669:1239:1715 [0] NCCL INFO [Proxy Service] Device 0 CPU core 43
node23D400669:1240:1716 [1] NCCL INFO [Proxy Service] Device 1 CPU core 2
node23D400669:1239:1717 [0] NCCL INFO [Proxy Service UDS] Device 0 CPU core 45
node23D400669:1240:1720 [1] NCCL INFO [Proxy Service UDS] Device 1 CPU core 5
node23D400669:1242:1718 [3] NCCL INFO [Proxy Service] Device 3 CPU core 107
node23D400669:1241:1719 [2] NCCL INFO [Proxy Service] Device 2 CPU core 138
node23D400669:1242:1721 [3] NCCL INFO [Proxy Service UDS] Device 3 CPU core 108
node23D400669:1241:1722 [2] NCCL INFO [Proxy Service UDS] Device 2 CPU core 139
node23D400669:1240:1710 [1] NCCL INFO threadThresholds 8/8/64 | 512/8/64 | 512 | 512
node23D400669:1240:1710 [1] NCCL INFO 32 coll channels, 32 collnet channels, 0 nvls channels, 32 p2p channels, 32 p2p channels per peer
node23D400669:1239:1707 [0] NCCL INFO threadThresholds 8/8/64 | 512/8/64 | 512 | 512
node23D400669:1239:1707 [0] NCCL INFO 32 coll channels, 32 collnet channels, 0 nvls channels, 32 p2p channels, 32 p2p channels per peer
node23D400669:1241:1709 [2] NCCL INFO threadThresholds 8/8/64 | 512/8/64 | 512 | 512
node23D400669:1241:1709 [2] NCCL INFO 32 coll channels, 32 collnet channels, 0 nvls channels, 32 p2p channels, 32 p2p channels per peer
node23D400669:1242:1708 [3] NCCL INFO threadThresholds 8/8/64 | 512/8/64 | 512 | 512
node23D400669:1242:1708 [3] NCCL INFO 32 coll channels, 32 collnet channels, 0 nvls channels, 32 p2p channels, 32 p2p channels per peer
node23D400669:1240:1710 [1] NCCL INFO TUNER/Plugin: Could not find: libnccl-tuner.so. Using internal tuner plugin.
node23D400669:1239:1707 [0] NCCL INFO TUNER/Plugin: Could not find: libnccl-tuner.so. Using internal tuner plugin.
node23D400669:1240:1710 [1] NCCL INFO TUNER/Plugin: Failed to find ncclTunerPlugin_v4 symbol.
node23D400669:1239:1707 [0] NCCL INFO TUNER/Plugin: Failed to find ncclTunerPlugin_v4 symbol.
node23D400669:1240:1710 [1] NCCL INFO TUNER/Plugin: Failed to find ncclTunerPlugin_v3 symbol.
node23D400669:1239:1707 [0] NCCL INFO TUNER/Plugin: Failed to find ncclTunerPlugin_v3 symbol.
node23D400669:1240:1710 [1] NCCL INFO TUNER/Plugin: Failed to find ncclTunerPlugin_v2 symbol, using internal tuner instead.
node23D400669:1239:1707 [0] NCCL INFO TUNER/Plugin: Failed to find ncclTunerPlugin_v2 symbol, using internal tuner instead.
node23D400669:1240:1710 [1] NCCL INFO ncclCommInitRankConfig comm 0x272f1200 rank 41 nranks 64 cudaDev 1 nvmlDev 1 busId 901000 commId 0x75c27e0d7f7ac035 - Init COMPLETE
node23D400669:1239:1707 [0] NCCL INFO ncclCommInitRankConfig comm 0x44572590 rank 40 nranks 64 cudaDev 0 nvmlDev 0 busId 801000 commId 0x75c27e0d7f7ac035 - Init COMPLETE
node23D400669:1240:1710 [1] NCCL INFO Init timings - ncclCommInitRankConfig: rank 41 nranks 64 total 2.76 (kernels 0.13, alloc 0.25, bootstrap 0.02, allgathers 0.08, topo 2.07, graphs 0.04, connections 0.15, rest 0.02)
node23D400669:1239:1707 [0] NCCL INFO Init timings - ncclCommInitRankConfig: rank 40 nranks 64 total 2.76 (kernels 0.13, alloc 0.26, bootstrap 0.01, allgathers 0.06, topo 2.09, graphs 0.04, connections 0.15, rest 0.02)
node23D400669:1241:1709 [2] NCCL INFO TUNER/Plugin: Could not find: libnccl-tuner.so. Using internal tuner plugin.
node23D400669:1241:1709 [2] NCCL INFO TUNER/Plugin: Failed to find ncclTunerPlugin_v4 symbol.
node23D400669:1241:1709 [2] NCCL INFO TUNER/Plugin: Failed to find ncclTunerPlugin_v3 symbol.
node23D400669:1241:1709 [2] NCCL INFO TUNER/Plugin: Failed to find ncclTunerPlugin_v2 symbol, using internal tuner instead.
node23D400669:1241:1709 [2] NCCL INFO ncclCommInitRankConfig comm 0x1c002bc0 rank 42 nranks 64 cudaDev 2 nvmlDev 2 busId 1801000 commId 0x75c27e0d7f7ac035 - Init COMPLETE
node23D400669:1242:1708 [3] NCCL INFO TUNER/Plugin: Could not find: libnccl-tuner.so. Using internal tuner plugin.
node23D400669:1241:1709 [2] NCCL INFO Init timings - ncclCommInitRankConfig: rank 42 nranks 64 total 2.76 (kernels 0.13, alloc 0.26, bootstrap 0.01, allgathers 0.08, topo 2.07, graphs 0.04, connections 0.15, rest 0.01)
node23D400669:1242:1708 [3] NCCL INFO TUNER/Plugin: Failed to find ncclTunerPlugin_v4 symbol.
node23D400669:1242:1708 [3] NCCL INFO TUNER/Plugin: Failed to find ncclTunerPlugin_v3 symbol.
node23D400669:1242:1708 [3] NCCL INFO TUNER/Plugin: Failed to find ncclTunerPlugin_v2 symbol, using internal tuner instead.
node23D400669:1242:1708 [3] NCCL INFO ncclCommInitRankConfig comm 0x1d720e00 rank 43 nranks 64 cudaDev 3 nvmlDev 3 busId 1901000 commId 0x75c27e0d7f7ac035 - Init COMPLETE
node23D400669:1242:1708 [3] NCCL INFO Init timings - ncclCommInitRankConfig: rank 43 nranks 64 total 2.76 (kernels 0.13, alloc 0.26, bootstrap 0.01, allgathers 0.10, topo 2.05, graphs 0.04, connections 0.15, rest 0.01)
node23D400669:1239:1723 [0] NCCL INFO Channel 00/0 : 40[0] -> 41[1] via P2P/MNNVL
node23D400669:1239:1723 [0] NCCL INFO Channel 01/0 : 40[0] -> 41[1] via P2P/MNNVL
node23D400669:1240:1724 [1] NCCL INFO Channel 00/0 : 41[1] -> 42[2] via P2P/MNNVL
node23D400669:1239:1723 [0] NCCL INFO Channel 02/0 : 40[0] -> 41[1] via P2P/MNNVL
node23D400669:1240:1724 [1] NCCL INFO Channel 01/0 : 41[1] -> 42[2] via P2P/MNNVL
node23D400669:1239:1723 [0] NCCL INFO Channel 03/0 : 40[0] -> 41[1] via P2P/MNNVL
node23D400669:1242:1726 [3] NCCL INFO Channel 00/0 : 43[3] -> 44[0] via P2P/MNNVL
node23D400669:1241:1725 [2] NCCL INFO Channel 00/0 : 42[2] -> 43[3] via P2P/MNNVL
node23D400669:1240:1724 [1] NCCL INFO Channel 02/0 : 41[1] -> 42[2] via P2P/MNNVL
node23D400669:1242:1726 [3] NCCL INFO Channel 01/0 : 43[3] -> 44[0] via P2P/MNNVL
node23D400669:1239:1723 [0] NCCL INFO Channel 04/0 : 40[0] -> 41[1] via P2P/MNNVL
node23D400669:1241:1725 [2] NCCL INFO Channel 01/0 : 42[2] -> 43[3] via P2P/MNNVL
node23D400669:1240:1724 [1] NCCL INFO Channel 03/0 : 41[1] -> 42[2] via P2P/MNNVL
node23D400669:1241:1725 [2] NCCL INFO Channel 02/0 : 42[2] -> 43[3] via P2P/MNNVL
node23D400669:1242:1726 [3] NCCL INFO Channel 02/0 : 43[3] -> 44[0] via P2P/MNNVL
node23D400669:1239:1723 [0] NCCL INFO Channel 05/0 : 40[0] -> 41[1] via P2P/MNNVL
node23D400669:1240:1724 [1] NCCL INFO Channel 04/0 : 41[1] -> 42[2] via P2P/MNNVL
node23D400669:1240:1724 [1] NCCL INFO Channel 05/0 : 41[1] -> 42[2] via P2P/MNNVL
node23D400669:1239:1723 [0] NCCL INFO Channel 06/0 : 40[0] -> 41[1] via P2P/MNNVL
node23D400669:1241:1725 [2] NCCL INFO Channel 03/0 : 42[2] -> 43[3] via P2P/MNNVL
node23D400669:1242:1726 [3] NCCL INFO Channel 03/0 : 43[3] -> 44[0] via P2P/MNNVL
node23D400669:1242:1726 [3] NCCL INFO Channel 04/0 : 43[3] -> 44[0] via P2P/MNNVL
node23D400669:1240:1724 [1] NCCL INFO Channel 06/0 : 41[1] -> 42[2] via P2P/MNNVL
node23D400669:1241:1725 [2] NCCL INFO Channel 04/0 : 42[2] -> 43[3] via P2P/MNNVL
node23D400669:1239:1723 [0] NCCL INFO Channel 07/0 : 40[0] -> 41[1] via P2P/MNNVL
node23D400669:1242:1726 [3] NCCL INFO Channel 05/0 : 43[3] -> 44[0] via P2P/MNNVL
node23D400669:1241:1725 [2] NCCL INFO Channel 05/0 : 42[2] -> 43[3] via P2P/MNNVL
node23D400669:1242:1726 [3] NCCL INFO Channel 06/0 : 43[3] -> 44[0] via P2P/MNNVL
node23D400669:1240:1724 [1] NCCL INFO Channel 07/0 : 41[1] -> 42[2] via P2P/MNNVL
node23D400669:1241:1725 [2] NCCL INFO Channel 06/0 : 42[2] -> 43[3] via P2P/MNNVL
node23D400669:1239:1723 [0] NCCL INFO Channel 08/0 : 40[0] -> 41[1] via P2P/MNNVL
node23D400669:1242:1726 [3] NCCL INFO Channel 07/0 : 43[3] -> 44[0] via P2P/MNNVL
node23D400669:1240:1724 [1] NCCL INFO Channel 08/0 : 41[1] -> 42[2] via P2P/MNNVL
node23D400669:1241:1725 [2] NCCL INFO Channel 07/0 : 42[2] -> 43[3] via P2P/MNNVL
node23D400669:1239:1723 [0] NCCL INFO Channel 09/0 : 40[0] -> 41[1] via P2P/MNNVL
node23D400669:1242:1726 [3] NCCL INFO Channel 08/0 : 43[3] -> 44[0] via P2P/MNNVL
node23D400669:1240:1724 [1] NCCL INFO Channel 09/0 : 41[1] -> 42[2] via P2P/MNNVL
node23D400669:1241:1725 [2] NCCL INFO Channel 08/0 : 42[2] -> 43[3] via P2P/MNNVL
node23D400669:1239:1723 [0] NCCL INFO Channel 10/0 : 40[0] -> 41[1] via P2P/MNNVL
node23D400669:1240:1724 [1] NCCL INFO Channel 10/0 : 41[1] -> 42[2] via P2P/MNNVL
node23D400669:1242:1726 [3] NCCL INFO Channel 09/0 : 43[3] -> 44[0] via P2P/MNNVL
node23D400669:1240:1724 [1] NCCL INFO Channel 11/0 : 41[1] -> 42[2] via P2P/MNNVL
node23D400669:1241:1725 [2] NCCL INFO Channel 09/0 : 42[2] -> 43[3] via P2P/MNNVL
node23D400669:1239:1723 [0] NCCL INFO Channel 11/0 : 40[0] -> 41[1] via P2P/MNNVL
node23D400669:1242:1726 [3] NCCL INFO Channel 10/0 : 43[3] -> 44[0] via P2P/MNNVL
node23D400669:1240:1724 [1] NCCL INFO Channel 12/0 : 41[1] -> 42[2] via P2P/MNNVL
node23D400669:1239:1723 [0] NCCL INFO Channel 12/0 : 40[0] -> 41[1] via P2P/MNNVL
node23D400669:1242:1726 [3] NCCL INFO Channel 11/0 : 43[3] -> 44[0] via P2P/MNNVL
node23D400669:1241:1725 [2] NCCL INFO Channel 10/0 : 42[2] -> 43[3] via P2P/MNNVL
node23D400669:1240:1724 [1] NCCL INFO Channel 13/0 : 41[1] -> 42[2] via P2P/MNNVL
node23D400669:1239:1723 [0] NCCL INFO Channel 13/0 : 40[0] -> 41[1] via P2P/MNNVL
node23D400669:1242:1726 [3] NCCL INFO Channel 12/0 : 43[3] -> 44[0] via P2P/MNNVL
node23D400669:1241:1725 [2] NCCL INFO Channel 11/0 : 42[2] -> 43[3] via P2P/MNNVL
node23D400669:1239:1723 [0] NCCL INFO Channel 14/0 : 40[0] -> 41[1] via P2P/MNNVL
node23D400669:1240:1724 [1] NCCL INFO Channel 14/0 : 41[1] -> 42[2] via P2P/MNNVL
node23D400669:1242:1726 [3] NCCL INFO Channel 13/0 : 43[3] -> 44[0] via P2P/MNNVL
node23D400669:1241:1725 [2] NCCL INFO Channel 12/0 : 42[2] -> 43[3] via P2P/MNNVL
node23D400669:1242:1726 [3] NCCL INFO Channel 14/0 : 43[3] -> 44[0] via P2P/MNNVL
node23D400669:1240:1724 [1] NCCL INFO Channel 15/0 : 41[1] -> 42[2] via P2P/MNNVL
node23D400669:1241:1725 [2] NCCL INFO Channel 13/0 : 42[2] -> 43[3] via P2P/MNNVL
node23D400669:1239:1723 [0] NCCL INFO Channel 15/0 : 40[0] -> 41[1] via P2P/MNNVL
node23D400669:1242:1726 [3] NCCL INFO Channel 15/0 : 43[3] -> 44[0] via P2P/MNNVL
node23D400669:1241:1725 [2] NCCL INFO Channel 14/0 : 42[2] -> 43[3] via P2P/MNNVL
node23D400669:1239:1723 [0] NCCL INFO Channel 16/0 : 40[0] -> 41[1] via P2P/MNNVL
node23D400669:1240:1724 [1] NCCL INFO Channel 16/0 : 41[1] -> 42[2] via P2P/MNNVL
node23D400669:1239:1723 [0] NCCL INFO Channel 17/0 : 40[0] -> 41[1] via P2P/MNNVL
node23D400669:1241:1725 [2] NCCL INFO Channel 15/0 : 42[2] -> 43[3] via P2P/MNNVL
node23D400669:1242:1726 [3] NCCL INFO Channel 16/0 : 43[3] -> 44[0] via P2P/MNNVL
node23D400669:1240:1724 [1] NCCL INFO Channel 17/0 : 41[1] -> 42[2] via P2P/MNNVL
node23D400669:1239:1723 [0] NCCL INFO Channel 18/0 : 40[0] -> 41[1] via P2P/MNNVL
node23D400669:1241:1725 [2] NCCL INFO Channel 16/0 : 42[2] -> 43[3] via P2P/MNNVL
node23D400669:1242:1726 [3] NCCL INFO Channel 17/0 : 43[3] -> 44[0] via P2P/MNNVL
node23D400669:1240:1724 [1] NCCL INFO Channel 18/0 : 41[1] -> 42[2] via P2P/MNNVL
node23D400669:1241:1725 [2] NCCL INFO Channel 17/0 : 42[2] -> 43[3] via P2P/MNNVL
node23D400669:1242:1726 [3] NCCL INFO Channel 18/0 : 43[3] -> 44[0] via P2P/MNNVL
node23D400669:1239:1723 [0] NCCL INFO Channel 19/0 : 40[0] -> 41[1] via P2P/MNNVL
node23D400669:1241:1725 [2] NCCL INFO Channel 18/0 : 42[2] -> 43[3] via P2P/MNNVL
node23D400669:1242:1726 [3] NCCL INFO Channel 19/0 : 43[3] -> 44[0] via P2P/MNNVL
node23D400669:1240:1724 [1] NCCL INFO Channel 19/0 : 41[1] -> 42[2] via P2P/MNNVL
node23D400669:1239:1723 [0] NCCL INFO Channel 20/0 : 40[0] -> 41[1] via P2P/MNNVL
node23D400669:1242:1726 [3] NCCL INFO Channel 20/0 : 43[3] -> 44[0] via P2P/MNNVL
node23D400669:1240:1724 [1] NCCL INFO Channel 20/0 : 41[1] -> 42[2] via P2P/MNNVL
node23D400669:1241:1725 [2] NCCL INFO Channel 19/0 : 42[2] -> 43[3] via P2P/MNNVL
node23D400669:1239:1723 [0] NCCL INFO Channel 21/0 : 40[0] -> 41[1] via P2P/MNNVL
node23D400669:1242:1726 [3] NCCL INFO Channel 21/0 : 43[3] -> 44[0] via P2P/MNNVL
node23D400669:1241:1725 [2] NCCL INFO Channel 20/0 : 42[2] -> 43[3] via P2P/MNNVL
node23D400669:1240:1724 [1] NCCL INFO Channel 21/0 : 41[1] -> 42[2] via P2P/MNNVL
node23D400669:1239:1723 [0] NCCL INFO Channel 22/0 : 40[0] -> 41[1] via P2P/MNNVL
node23D400669:1242:1726 [3] NCCL INFO Channel 22/0 : 43[3] -> 44[0] via P2P/MNNVL
node23D400669:1241:1725 [2] NCCL INFO Channel 21/0 : 42[2] -> 43[3] via P2P/MNNVL
node23D400669:1240:1724 [1] NCCL INFO Channel 22/0 : 41[1] -> 42[2] via P2P/MNNVL
node23D400669:1240:1724 [1] NCCL INFO Channel 23/0 : 41[1] -> 42[2] via P2P/MNNVL
node23D400669:1242:1726 [3] NCCL INFO Channel 23/0 : 43[3] -> 44[0] via P2P/MNNVL
node23D400669:1241:1725 [2] NCCL INFO Channel 22/0 : 42[2] -> 43[3] via P2P/MNNVL
node23D400669:1239:1723 [0] NCCL INFO Channel 23/0 : 40[0] -> 41[1] via P2P/MNNVL
node23D400669:1240:1724 [1] NCCL INFO Channel 24/0 : 41[1] -> 42[2] via P2P/MNNVL
node23D400669:1239:1723 [0] NCCL INFO Channel 24/0 : 40[0] -> 41[1] via P2P/MNNVL
node23D400669:1241:1725 [2] NCCL INFO Channel 23/0 : 42[2] -> 43[3] via P2P/MNNVL
node23D400669:1242:1726 [3] NCCL INFO Channel 24/0 : 43[3] -> 44[0] via P2P/MNNVL
node23D400669:1239:1723 [0] NCCL INFO Channel 25/0 : 40[0] -> 41[1] via P2P/MNNVL
node23D400669:1241:1725 [2] NCCL INFO Channel 24/0 : 42[2] -> 43[3] via P2P/MNNVL
node23D400669:1240:1724 [1] NCCL INFO Channel 25/0 : 41[1] -> 42[2] via P2P/MNNVL
node23D400669:1239:1723 [0] NCCL INFO Channel 26/0 : 40[0] -> 41[1] via P2P/MNNVL
node23D400669:1242:1726 [3] NCCL INFO Channel 25/0 : 43[3] -> 44[0] via P2P/MNNVL
node23D400669:1240:1724 [1] NCCL INFO Channel 26/0 : 41[1] -> 42[2] via P2P/MNNVL
node23D400669:1241:1725 [2] NCCL INFO Channel 25/0 : 42[2] -> 43[3] via P2P/MNNVL
node23D400669:1242:1726 [3] NCCL INFO Channel 26/0 : 43[3] -> 44[0] via P2P/MNNVL
node23D400669:1240:1724 [1] NCCL INFO Channel 27/0 : 41[1] -> 42[2] via P2P/MNNVL
node23D400669:1241:1725 [2] NCCL INFO Channel 26/0 : 42[2] -> 43[3] via P2P/MNNVL
node23D400669:1239:1723 [0] NCCL INFO Channel 27/0 : 40[0] -> 41[1] via P2P/MNNVL
node23D400669:1242:1726 [3] NCCL INFO Channel 27/0 : 43[3] -> 44[0] via P2P/MNNVL
node23D400669:1240:1724 [1] NCCL INFO Channel 28/0 : 41[1] -> 42[2] via P2P/MNNVL
node23D400669:1241:1725 [2] NCCL INFO Channel 27/0 : 42[2] -> 43[3] via P2P/MNNVL
node23D400669:1242:1726 [3] NCCL INFO Channel 28/0 : 43[3] -> 44[0] via P2P/MNNVL
node23D400669:1239:1723 [0] NCCL INFO Channel 28/0 : 40[0] -> 41[1] via P2P/MNNVL
node23D400669:1241:1725 [2] NCCL INFO Channel 28/0 : 42[2] -> 43[3] via P2P/MNNVL
node23D400669:1240:1724 [1] NCCL INFO Channel 29/0 : 41[1] -> 42[2] via P2P/MNNVL
node23D400669:1242:1726 [3] NCCL INFO Channel 29/0 : 43[3] -> 44[0] via P2P/MNNVL
node23D400669:1241:1725 [2] NCCL INFO Channel 29/0 : 42[2] -> 43[3] via P2P/MNNVL
node23D400669:1240:1724 [1] NCCL INFO Channel 30/0 : 41[1] -> 42[2] via P2P/MNNVL
node23D400669:1239:1723 [0] NCCL INFO Channel 29/0 : 40[0] -> 41[1] via P2P/MNNVL
node23D400669:1242:1726 [3] NCCL INFO Channel 30/0 : 43[3] -> 44[0] via P2P/MNNVL
node23D400669:1242:1726 [3] NCCL INFO Channel 31/0 : 43[3] -> 44[0] via P2P/MNNVL
node23D400669:1240:1724 [1] NCCL INFO Channel 31/0 : 41[1] -> 42[2] via P2P/MNNVL
node23D400669:1239:1723 [0] NCCL INFO Channel 30/0 : 40[0] -> 41[1] via P2P/MNNVL
node23D400669:1241:1725 [2] NCCL INFO Channel 30/0 : 42[2] -> 43[3] via P2P/MNNVL
node23D400669:1239:1723 [0] NCCL INFO Channel 31/0 : 40[0] -> 41[1] via P2P/MNNVL
node23D400669:1241:1725 [2] NCCL INFO Channel 31/0 : 42[2] -> 43[3] via P2P/MNNVL
node23D400669:1239:1723 [0] NCCL INFO Connected all rings, use ring PXN 0 GDR 1
node23D400669:1240:1724 [1] NCCL INFO Connected all rings, use ring PXN 0 GDR 1
node23D400669:1242:1726 [3] NCCL INFO Connected all rings, use ring PXN 0 GDR 1
node23D400669:1241:1725 [2] NCCL INFO Connected all rings, use ring PXN 0 GDR 1
node23D400669:1239:1239 [0] NCCL INFO Comm config Blocking set to 1
node23D400669:1240:1240 [1] NCCL INFO Comm config Blocking set to 1
node23D400669:1242:1242 [3] NCCL INFO Comm config Blocking set to 1
node23D400669:1241:1241 [2] NCCL INFO Comm config Blocking set to 1
node23D400669:1239:2079 [0] NCCL INFO Assigned NET plugin Socket to comm
node23D400669:1240:2080 [1] NCCL INFO Assigned NET plugin Socket to comm
node23D400669:1239:2079 [0] NCCL INFO Using network Socket
node23D400669:1240:2080 [1] NCCL INFO Using network Socket
node23D400669:1242:2081 [3] NCCL INFO Assigned NET plugin Socket to comm
node23D400669:1242:2081 [3] NCCL INFO Using network Socket
node23D400669:1240:2080 [1] NCCL INFO ncclCommInitRankConfig comm 0x31af88d0 rank 2 nranks 4 cudaDev 1 nvmlDev 1 busId 901000 commId 0x91d319b7fb5aa941 - Init START
node23D400669:1239:2079 [0] NCCL INFO ncclCommInitRankConfig comm 0x4e83b200 rank 2 nranks 4 cudaDev 0 nvmlDev 0 busId 801000 commId 0x930dfe39e089f928 - Init START
node23D400669:1242:2081 [3] NCCL INFO ncclCommInitRankConfig comm 0x28454a70 rank 2 nranks 4 cudaDev 3 nvmlDev 3 busId 1901000 commId 0x7df2e0960bcfb522 - Init START
node23D400669:1241:2082 [2] NCCL INFO Assigned NET plugin Socket to comm
node23D400669:1241:2082 [2] NCCL INFO Using network Socket
node23D400669:1241:2082 [2] NCCL INFO ncclCommInitRankConfig comm 0x26492e90 rank 2 nranks 4 cudaDev 2 nvmlDev 2 busId 1801000 commId 0x5ac046c8d9f25271 - Init START
node23D400669:1242:2081 [3] NCCL INFO Bootstrap timings total 0.001562 (create 0.000033, send 0.000165, recv 0.000454, ring 0.000303, delay 0.000000)
node23D400669:1241:2082 [2] NCCL INFO Bootstrap timings total 0.001477 (create 0.000028, send 0.000118, recv 0.000622, ring 0.000491, delay 0.000000)
node23D400669:1239:2079 [0] NCCL INFO Bootstrap timings total 0.002120 (create 0.000042, send 0.000165, recv 0.001282, ring 0.000438, delay 0.000000)
node23D400669:1242:2081 [3] NCCL INFO MNNVL busId 0x1901000 fabric UUID aa48724aeeaad6a8.b34b901796a1c18d cliqueId 0x7ffe state 3 healthMask 0xaa
node23D400669:1239:2079 [0] NCCL INFO MNNVL busId 0x801000 fabric UUID aa48724aeeaad6a8.b34b901796a1c18d cliqueId 0x7ffe state 3 healthMask 0xaa
node23D400669:1241:2082 [2] NCCL INFO MNNVL busId 0x1801000 fabric UUID aa48724aeeaad6a8.b34b901796a1c18d cliqueId 0x7ffe state 3 healthMask 0xaa
node23D400669:1239:2079 [0] NCCL INFO MNNVL 1 cliqueId 7ffe cliqueSize 4 cliqueRank 2
node23D400669:1241:2082 [2] NCCL INFO MNNVL 1 cliqueId 7ffe cliqueSize 4 cliqueRank 2
node23D400669:1242:2081 [3] NCCL INFO MNNVL 1 cliqueId 7ffe cliqueSize 4 cliqueRank 2
node23D400669:1240:2080 [1] NCCL INFO Bootstrap timings total 0.041301 (create 0.000045, send 0.000200, recv 0.011476, ring 0.029367, delay 0.000000)
node23D400669:1240:2080 [1] NCCL INFO MNNVL busId 0x901000 fabric UUID aa48724aeeaad6a8.b34b901796a1c18d cliqueId 0x7ffe state 3 healthMask 0xaa
node23D400669:1240:2080 [1] NCCL INFO MNNVL 1 cliqueId 7ffe cliqueSize 4 cliqueRank 2
node23D400669:1239:2079 [0] NCCL INFO Setting affinity for GPU 0 to 0-71
node23D400669:1239:2079 [0] NCCL INFO comm 0x4e83b200 rank 2 nRanks 4 nNodes 1 localRanks 4 localRank 2 MNNVL 1
node23D400669:1239:2079 [0] NCCL INFO Trees [0] 3/-1/-1->2->1 [1] 3/-1/-1->2->1 [2] 3/-1/-1->2->1 [3] 3/-1/-1->2->1 [4] 3/-1/-1->2->1 [5] 3/-1/-1->2->1 [6] 3/-1/-1->2->1 [7] 3/-1/-1->2->1 [8] 3/-1/-1->2->1 [9] 3/-1/-1->2->1 [10] 3/-1/-1->2->1 [11] 3/-1/-1->2->1 [12] 3/-1/-1->2->-1 [13] 3/-1/-1->2->-1 [14] -1/-1/-1->2->1 [15] -1/-1/-1->2->1 [16] 3/-1/-1->2->1 [17] 3/-1/-1->2->1 [18] 3/-1/-1->2->1 [19] 3/-1/-1->2->1 [20] 3/-1/-1->2->1 [21] 3/-1/-1->2->1 [22] 3/-1/-1->2->1 [23] 3/-1/-1->2->1 [24] 3/-1/-1->2->1 [25] 3/-1/-1->2->1 [26] 3/-1/-1->2->1 [27] 3/-1/-1->2->1 [28] 3/-1/-1->2->-1 [29] 3/-1/-1->2->-1 [30] -1/-1/-1->2->1 [31] -1/-1/-1->2->1
node23D400669:1239:2079 [0] NCCL INFO P2P Chunksize set to 524288
node23D400669:1239:2083 [0] NCCL INFO [Proxy Service] Device 0 CPU core 43
node23D400669:1239:2084 [0] NCCL INFO [Proxy Service UDS] Device 0 CPU core 44
node23D400669:1239:2079 [0] NCCL INFO threadThresholds 8/8/64 | 32/8/64 | 512 | 512
node23D400669:1239:2079 [0] NCCL INFO 32 coll channels, 32 collnet channels, 0 nvls channels, 32 p2p channels, 32 p2p channels per peer
node23D400669:1239:2079 [0] NCCL INFO ncclCommInitRankConfig comm 0x4e83b200 rank 2 nranks 4 cudaDev 0 nvmlDev 0 busId 801000 commId 0x930dfe39e089f928 - Init COMPLETE
node23D400669:1239:2079 [0] NCCL INFO Init timings - ncclCommInitRankConfig: rank 2 nranks 4 total 0.61 (kernels 0.00, alloc 0.00, bootstrap 0.00, allgathers 0.02, topo 0.53, graphs 0.00, connections 0.03, rest 0.02)
node23D400669:1242:2081 [3] NCCL INFO Setting affinity for GPU 3 to 72-143
node23D400669:1242:2081 [3] NCCL INFO comm 0x28454a70 rank 2 nRanks 4 nNodes 1 localRanks 4 localRank 2 MNNVL 1
node23D400669:1242:2081 [3] NCCL INFO Trees [0] 3/-1/-1->2->1 [1] 3/-1/-1->2->1 [2] 3/-1/-1->2->1 [3] 3/-1/-1->2->1 [4] 3/-1/-1->2->1 [5] 3/-1/-1->2->1 [6] 3/-1/-1->2->1 [7] 3/-1/-1->2->1 [8] 3/-1/-1->2->1 [9] 3/-1/-1->2->1 [10] 3/-1/-1->2->1 [11] 3/-1/-1->2->1 [12] 3/-1/-1->2->-1 [13] 3/-1/-1->2->-1 [14] -1/-1/-1->2->1 [15] -1/-1/-1->2->1 [16] 3/-1/-1->2->1 [17] 3/-1/-1->2->1 [18] 3/-1/-1->2->1 [19] 3/-1/-1->2->1 [20] 3/-1/-1->2->1 [21] 3/-1/-1->2->1 [22] 3/-1/-1->2->1 [23] 3/-1/-1->2->1 [24] 3/-1/-1->2->1 [25] 3/-1/-1->2->1 [26] 3/-1/-1->2->1 [27] 3/-1/-1->2->1 [28] 3/-1/-1->2->-1 [29] 3/-1/-1->2->-1 [30] -1/-1/-1->2->1 [31] -1/-1/-1->2->1
node23D400669:1242:2081 [3] NCCL INFO P2P Chunksize set to 524288
node23D400669:1242:2086 [3] NCCL INFO [Proxy Service] Device 3 CPU core 107
node23D400669:1242:2087 [3] NCCL INFO [Proxy Service UDS] Device 3 CPU core 108
node23D400669:1241:2082 [2] NCCL INFO Setting affinity for GPU 2 to 72-143
node23D400669:1241:2082 [2] NCCL INFO comm 0x26492e90 rank 2 nRanks 4 nNodes 1 localRanks 4 localRank 2 MNNVL 1
node23D400669:1241:2082 [2] NCCL INFO Trees [0] 3/-1/-1->2->1 [1] 3/-1/-1->2->1 [2] 3/-1/-1->2->1 [3] 3/-1/-1->2->1 [4] 3/-1/-1->2->1 [5] 3/-1/-1->2->1 [6] 3/-1/-1->2->1 [7] 3/-1/-1->2->1 [8] 3/-1/-1->2->1 [9] 3/-1/-1->2->1 [10] 3/-1/-1->2->1 [11] 3/-1/-1->2->1 [12] 3/-1/-1->2->-1 [13] 3/-1/-1->2->-1 [14] -1/-1/-1->2->1 [15] -1/-1/-1->2->1 [16] 3/-1/-1->2->1 [17] 3/-1/-1->2->1 [18] 3/-1/-1->2->1 [19] 3/-1/-1->2->1 [20] 3/-1/-1->2->1 [21] 3/-1/-1->2->1 [22] 3/-1/-1->2->1 [23] 3/-1/-1->2->1 [24] 3/-1/-1->2->1 [25] 3/-1/-1->2->1 [26] 3/-1/-1->2->1 [27] 3/-1/-1->2->1 [28] 3/-1/-1->2->-1 [29] 3/-1/-1->2->-1 [30] -1/-1/-1->2->1 [31] -1/-1/-1->2->1
node23D400669:1241:2082 [2] NCCL INFO P2P Chunksize set to 524288
node23D400669:1241:2089 [2] NCCL INFO [Proxy Service UDS] Device 2 CPU core 139
node23D400669:1241:2088 [2] NCCL INFO [Proxy Service] Device 2 CPU core 138
node23D400669:1240:2080 [1] NCCL INFO Setting affinity for GPU 1 to 0-71
node23D400669:1240:2080 [1] NCCL INFO comm 0x31af88d0 rank 2 nRanks 4 nNodes 1 localRanks 4 localRank 2 MNNVL 1
node23D400669:1240:2080 [1] NCCL INFO Trees [0] 3/-1/-1->2->1 [1] 3/-1/-1->2->1 [2] 3/-1/-1->2->1 [3] 3/-1/-1->2->1 [4] 3/-1/-1->2->1 [5] 3/-1/-1->2->1 [6] 3/-1/-1->2->1 [7] 3/-1/-1->2->1 [8] 3/-1/-1->2->1 [9] 3/-1/-1->2->1 [10] 3/-1/-1->2->1 [11] 3/-1/-1->2->1 [12] 3/-1/-1->2->-1 [13] 3/-1/-1->2->-1 [14] -1/-1/-1->2->1 [15] -1/-1/-1->2->1 [16] 3/-1/-1->2->1 [17] 3/-1/-1->2->1 [18] 3/-1/-1->2->1 [19] 3/-1/-1->2->1 [20] 3/-1/-1->2->1 [21] 3/-1/-1->2->1 [22] 3/-1/-1->2->1 [23] 3/-1/-1->2->1 [24] 3/-1/-1->2->1 [25] 3/-1/-1->2->1 [26] 3/-1/-1->2->1 [27] 3/-1/-1->2->1 [28] 3/-1/-1->2->-1 [29] 3/-1/-1->2->-1 [30] -1/-1/-1->2->1 [31] -1/-1/-1->2->1
node23D400669:1240:2080 [1] NCCL INFO P2P Chunksize set to 524288
node23D400669:1240:2090 [1] NCCL INFO [Proxy Service] Device 1 CPU core 7
node23D400669:1240:2091 [1] NCCL INFO [Proxy Service UDS] Device 1 CPU core 8
node23D400669:1242:2081 [3] NCCL INFO threadThresholds 8/8/64 | 32/8/64 | 512 | 512
node23D400669:1242:2081 [3] NCCL INFO 32 coll channels, 32 collnet channels, 0 nvls channels, 32 p2p channels, 32 p2p channels per peer
node23D400669:1241:2082 [2] NCCL INFO threadThresholds 8/8/64 | 32/8/64 | 512 | 512
node23D400669:1241:2082 [2] NCCL INFO 32 coll channels, 32 collnet channels, 0 nvls channels, 32 p2p channels, 32 p2p channels per peer
node23D400669:1240:2080 [1] NCCL INFO threadThresholds 8/8/64 | 32/8/64 | 512 | 512
node23D400669:1240:2080 [1] NCCL INFO 32 coll channels, 32 collnet channels, 0 nvls channels, 32 p2p channels, 32 p2p channels per peer
node23D400669:1242:2081 [3] NCCL INFO ncclCommInitRankConfig comm 0x28454a70 rank 2 nranks 4 cudaDev 3 nvmlDev 3 busId 1901000 commId 0x7df2e0960bcfb522 - Init COMPLETE
node23D400669:1242:2081 [3] NCCL INFO Init timings - ncclCommInitRankConfig: rank 2 nranks 4 total 0.86 (kernels 0.00, alloc 0.00, bootstrap 0.00, allgathers 0.03, topo 0.67, graphs 0.00, connections 0.05, rest 0.10)
node23D400669:1241:2082 [2] NCCL INFO ncclCommInitRankConfig comm 0x26492e90 rank 2 nranks 4 cudaDev 2 nvmlDev 2 busId 1801000 commId 0x5ac046c8d9f25271 - Init COMPLETE
node23D400669:1241:2082 [2] NCCL INFO Init timings - ncclCommInitRankConfig: rank 2 nranks 4 total 0.99 (kernels 0.00, alloc 0.00, bootstrap 0.00, allgathers 0.01, topo 0.71, graphs 0.00, connections 0.08, rest 0.19)
node23D400669:1240:2080 [1] NCCL INFO ncclCommInitRankConfig comm 0x31af88d0 rank 2 nranks 4 cudaDev 1 nvmlDev 1 busId 901000 commId 0x91d319b7fb5aa941 - Init COMPLETE
node23D400669:1240:2080 [1] NCCL INFO Init timings - ncclCommInitRankConfig: rank 2 nranks 4 total 1.12 (kernels 0.00, alloc 0.00, bootstrap 0.04, allgathers 0.10, topo 0.47, graphs 0.00, connections 0.06, rest 0.45)
node23D400669:1239:1239 [0] NCCL INFO Comm config Blocking set to 1
node23D400669:1239:2096 [0] NCCL INFO Assigned NET plugin Socket to comm
node23D400669:1239:2096 [0] NCCL INFO Using network Socket
node23D400669:1240:1240 [1] NCCL INFO Comm config Blocking set to 1
node23D400669:1240:2097 [1] NCCL INFO Assigned NET plugin Socket to comm
node23D400669:1240:2097 [1] NCCL INFO Using network Socket
node23D400669:1239:2096 [0] NCCL INFO ncclCommInitRankConfig comm 0x578fca30 rank 0 nranks 8 cudaDev 0 nvmlDev 0 busId 801000 commId 0xd06ec834f07f6ee8 - Init START
node23D400669:1240:2097 [1] NCCL INFO ncclCommInitRankConfig comm 0x3abbfaa0 rank 1 nranks 8 cudaDev 1 nvmlDev 1 busId 901000 commId 0xd06ec834f07f6ee8 - Init START
node23D400669:1241:1241 [2] NCCL INFO Comm config Blocking set to 1
node23D400669:1242:1242 [3] NCCL INFO Comm config Blocking set to 1
node23D400669:1242:2099 [3] NCCL INFO Assigned NET plugin Socket to comm
node23D400669:1241:2098 [2] NCCL INFO Assigned NET plugin Socket to comm
node23D400669:1242:2099 [3] NCCL INFO Using network Socket
node23D400669:1241:2098 [2] NCCL INFO Using network Socket
node23D400669:1241:2098 [2] NCCL INFO ncclCommInitRankConfig comm 0x2f55a980 rank 2 nranks 8 cudaDev 2 nvmlDev 2 busId 1801000 commId 0xd06ec834f07f6ee8 - Init START
node23D400669:1242:2099 [3] NCCL INFO ncclCommInitRankConfig comm 0x3151ca40 rank 3 nranks 8 cudaDev 3 nvmlDev 3 busId 1901000 commId 0xd06ec834f07f6ee8 - Init START
node23D400669:1242:2099 [3] NCCL INFO Bootstrap timings total 0.000793 (create 0.000040, send 0.000107, recv 0.000160, ring 0.000322, delay 0.000000)
node23D400669:1241:2098 [2] NCCL INFO Bootstrap timings total 0.000824 (create 0.000035, send 0.000114, recv 0.000139, ring 0.000428, delay 0.000000)
node23D400669:1240:2097 [1] NCCL INFO Bootstrap timings total 0.170129 (create 0.000038, send 0.000114, recv 0.169339, ring 0.000470, delay 0.000000)
node23D400669:1239:2096 [0] NCCL INFO Bootstrap timings total 0.170519 (create 0.000056, send 0.000193, recv 0.000380, ring 0.039967, delay 0.000000)
node23D400669:1241:2098 [2] NCCL INFO MNNVL busId 0x1801000 fabric UUID aa48724aeeaad6a8.b34b901796a1c18d cliqueId 0x7ffe state 3 healthMask 0xaa
node23D400669:1242:2099 [3] NCCL INFO MNNVL busId 0x1901000 fabric UUID aa48724aeeaad6a8.b34b901796a1c18d cliqueId 0x7ffe state 3 healthMask 0xaa
node23D400669:1240:2097 [1] NCCL INFO MNNVL busId 0x901000 fabric UUID aa48724aeeaad6a8.b34b901796a1c18d cliqueId 0x7ffe state 3 healthMask 0xaa
node23D400669:1239:2096 [0] NCCL INFO MNNVL busId 0x801000 fabric UUID aa48724aeeaad6a8.b34b901796a1c18d cliqueId 0x7ffe state 3 healthMask 0xaa
node23D400669:1239:2096 [0] NCCL INFO MNNVL 1 cliqueId 7ffe cliqueSize 8 cliqueRank 0
node23D400669:1242:2099 [3] NCCL INFO MNNVL 1 cliqueId 7ffe cliqueSize 8 cliqueRank 3
node23D400669:1241:2098 [2] NCCL INFO MNNVL 1 cliqueId 7ffe cliqueSize 8 cliqueRank 2
node23D400669:1240:2097 [1] NCCL INFO MNNVL 1 cliqueId 7ffe cliqueSize 8 cliqueRank 1
node23D400669:1241:2098 [2] NCCL INFO Setting affinity for GPU 2 to 72-143
node23D400669:1240:2097 [1] NCCL INFO Setting affinity for GPU 1 to 0-71
node23D400669:1239:2096 [0] NCCL INFO Setting affinity for GPU 0 to 0-71
node23D400669:1242:2099 [3] NCCL INFO Setting affinity for GPU 3 to 72-143
node23D400669:1242:2099 [3] NCCL INFO comm 0x3151ca40 rank 3 nRanks 8 nNodes 1 localRanks 8 localRank 3 MNNVL 1
node23D400669:1242:2099 [3] NCCL INFO Trees [0] 4/-1/-1->3->2 [1] 4/-1/-1->3->2 [2] 4/-1/-1->3->2 [3] 4/-1/-1->3->2 [4] 4/-1/-1->3->2 [5] 4/-1/-1->3->2 [6] 4/-1/-1->3->2 [7] 4/-1/-1->3->2 [8] 4/-1/-1->3->2 [9] 4/-1/-1->3->2 [10] 4/-1/-1->3->2 [11] 4/-1/-1->3->2 [12] 4/-1/-1->3->2 [13] 4/-1/-1->3->2 [14] 4/-1/-1->3->2 [15] 4/-1/-1->3->2 [16] 4/-1/-1->3->2 [17] 4/-1/-1->3->2 [18] 4/-1/-1->3->2 [19] 4/-1/-1->3->2 [20] 4/-1/-1->3->2 [21] 4/-1/-1->3->2 [22] 4/-1/-1->3->2 [23] 4/-1/-1->3->2 [24] 4/-1/-1->3->2 [25] 4/-1/-1->3->2 [26] 4/-1/-1->3->2 [27] 4/-1/-1->3->2 [28] 4/-1/-1->3->2 [29] 4/-1/-1->3->2 [30] 4/-1/-1->3->2 [31] 4/-1/-1->3->2
node23D400669:1242:2099 [3] NCCL INFO P2P Chunksize set to 524288
node23D400669:1239:2096 [0] NCCL INFO comm 0x578fca30 rank 0 nRanks 8 nNodes 1 localRanks 8 localRank 0 MNNVL 1
node23D400669:1241:2098 [2] NCCL INFO comm 0x2f55a980 rank 2 nRanks 8 nNodes 1 localRanks 8 localRank 2 MNNVL 1
node23D400669:1240:2097 [1] NCCL INFO comm 0x3abbfaa0 rank 1 nRanks 8 nNodes 1 localRanks 8 localRank 1 MNNVL 1
node23D400669:1242:2100 [3] NCCL INFO [Proxy Service] Device 3 CPU core 138
node23D400669:1239:2096 [0] NCCL INFO Channel 00/32 : 0 1 2 3 4 5 6 7
node23D400669:1241:2098 [2] NCCL INFO Trees [0] 3/-1/-1->2->1 [1] 3/-1/-1->2->1 [2] 3/-1/-1->2->1 [3] 3/-1/-1->2->1 [4] 3/-1/-1->2->1 [5] 3/-1/-1->2->1 [6] 3/-1/-1->2->1 [7] 3/-1/-1->2->1 [8] 3/-1/-1->2->1 [9] 3/-1/-1->2->1 [10] 3/-1/-1->2->1 [11] 3/-1/-1->2->1 [12] 3/-1/-1->2->1 [13] 3/-1/-1->2->1 [14] 3/-1/-1->2->1 [15] 3/-1/-1->2->1 [16] 3/-1/-1->2->1 [17] 3/-1/-1->2->1 [18] 3/-1/-1->2->1 [19] 3/-1/-1->2->1 [20] 3/-1/-1->2->1 [21] 3/-1/-1->2->1 [22] 3/-1/-1->2->1 [23] 3/-1/-1->2->1 [24] 3/-1/-1->2->1 [25] 3/-1/-1->2->1 [26] 3/-1/-1->2->1 [27] 3/-1/-1->2->1 [28] 3/-1/-1->2->1 [29] 3/-1/-1->2->1 [30] 3/-1/-1->2->1 [31] 3/-1/-1->2->1
node23D400669:1240:2097 [1] NCCL INFO Trees [0] 2/-1/-1->1->0 [1] 2/-1/-1->1->0 [2] 2/-1/-1->1->0 [3] 2/-1/-1->1->0 [4] 2/-1/-1->1->0 [5] 2/-1/-1->1->0 [6] 2/-1/-1->1->0 [7] 2/-1/-1->1->0 [8] 2/-1/-1->1->0 [9] 2/-1/-1->1->0 [10] 2/-1/-1->1->0 [11] 2/-1/-1->1->0 [12] 2/-1/-1->1->0 [13] 2/-1/-1->1->0 [14] 2/-1/-1->1->0 [15] 2/-1/-1->1->0 [16] 2/-1/-1->1->0 [17] 2/-1/-1->1->0 [18] 2/-1/-1->1->0 [19] 2/-1/-1->1->0 [20] 2/-1/-1->1->0 [21] 2/-1/-1->1->0 [22] 2/-1/-1->1->0 [23] 2/-1/-1->1->0 [24] 2/-1/-1->1->0 [25] 2/-1/-1->1->0 [26] 2/-1/-1->1->0 [27] 2/-1/-1->1->0 [28] 2/-1/-1->1->0 [29] 2/-1/-1->1->0 [30] 2/-1/-1->1->0 [31] 2/-1/-1->1->0
node23D400669:1239:2096 [0] NCCL INFO Channel 01/32 : 0 1 2 3 4 5 6 7
node23D400669:1242:2101 [3] NCCL INFO [Proxy Service UDS] Device 3 CPU core 139
node23D400669:1241:2098 [2] NCCL INFO P2P Chunksize set to 524288
node23D400669:1240:2097 [1] NCCL INFO P2P Chunksize set to 524288
node23D400669:1239:2096 [0] NCCL INFO Channel 02/32 : 0 1 2 3 4 5 6 7
node23D400669:1239:2096 [0] NCCL INFO Channel 03/32 : 0 1 2 3 4 5 6 7
node23D400669:1239:2096 [0] NCCL INFO Channel 04/32 : 0 1 2 3 4 5 6 7
node23D400669:1239:2096 [0] NCCL INFO Channel 05/32 : 0 1 2 3 4 5 6 7
node23D400669:1239:2096 [0] NCCL INFO Channel 06/32 : 0 1 2 3 4 5 6 7
node23D400669:1239:2096 [0] NCCL INFO Channel 07/32 : 0 1 2 3 4 5 6 7
node23D400669:1239:2096 [0] NCCL INFO Channel 08/32 : 0 1 2 3 4 5 6 7
node23D400669:1239:2096 [0] NCCL INFO Channel 09/32 : 0 1 2 3 4 5 6 7
node23D400669:1239:2096 [0] NCCL INFO Channel 10/32 : 0 1 2 3 4 5 6 7
node23D400669:1239:2096 [0] NCCL INFO Channel 11/32 : 0 1 2 3 4 5 6 7
node23D400669:1239:2096 [0] NCCL INFO Channel 12/32 : 0 1 2 3 4 5 6 7
node23D400669:1239:2096 [0] NCCL INFO Channel 13/32 : 0 1 2 3 4 5 6 7
node23D400669:1239:2096 [0] NCCL INFO Channel 14/32 : 0 1 2 3 4 5 6 7
node23D400669:1239:2096 [0] NCCL INFO Channel 15/32 : 0 1 2 3 4 5 6 7
node23D400669:1239:2096 [0] NCCL INFO Channel 16/32 : 0 1 2 3 4 5 6 7
node23D400669:1239:2096 [0] NCCL INFO Channel 17/32 : 0 1 2 3 4 5 6 7
node23D400669:1239:2096 [0] NCCL INFO Channel 18/32 : 0 1 2 3 4 5 6 7
node23D400669:1239:2096 [0] NCCL INFO Channel 19/32 : 0 1 2 3 4 5 6 7
node23D400669:1239:2096 [0] NCCL INFO Channel 20/32 : 0 1 2 3 4 5 6 7
node23D400669:1239:2096 [0] NCCL INFO Channel 21/32 : 0 1 2 3 4 5 6 7
node23D400669:1239:2096 [0] NCCL INFO Channel 22/32 : 0 1 2 3 4 5 6 7
node23D400669:1239:2096 [0] NCCL INFO Channel 23/32 : 0 1 2 3 4 5 6 7
node23D400669:1239:2096 [0] NCCL INFO Channel 24/32 : 0 1 2 3 4 5 6 7
node23D400669:1239:2096 [0] NCCL INFO Channel 25/32 : 0 1 2 3 4 5 6 7
node23D400669:1239:2096 [0] NCCL INFO Channel 26/32 : 0 1 2 3 4 5 6 7
node23D400669:1239:2096 [0] NCCL INFO Channel 27/32 : 0 1 2 3 4 5 6 7
node23D400669:1239:2096 [0] NCCL INFO Channel 28/32 : 0 1 2 3 4 5 6 7
node23D400669:1239:2096 [0] NCCL INFO Channel 29/32 : 0 1 2 3 4 5 6 7
node23D400669:1239:2096 [0] NCCL INFO Channel 30/32 : 0 1 2 3 4 5 6 7
node23D400669:1239:2096 [0] NCCL INFO Channel 31/32 : 0 1 2 3 4 5 6 7
node23D400669:1239:2096 [0] NCCL INFO Trees [0] 1/-1/-1->0->-1 [1] 1/-1/-1->0->-1 [2] 1/-1/-1->0->-1 [3] 1/-1/-1->0->-1 [4] 1/-1/-1->0->-1 [5] 1/-1/-1->0->-1 [6] 1/-1/-1->0->-1 [7] 1/-1/-1->0->-1 [8] 1/-1/-1->0->-1 [9] 1/-1/-1->0->-1 [10] 1/-1/-1->0->-1 [11] 1/-1/-1->0->-1 [12] 1/-1/-1->0->-1 [13] 1/-1/-1->0->-1 [14] 1/-1/-1->0->-1 [15] 1/-1/-1->0->-1 [16] 1/-1/-1->0->-1 [17] 1/-1/-1->0->-1 [18] 1/-1/-1->0->-1 [19] 1/-1/-1->0->-1 [20] 1/-1/-1->0->-1 [21] 1/-1/-1->0->-1 [22] 1/-1/-1->0->-1 [23] 1/-1/-1->0->-1 [24] 1/-1/-1->0->-1 [25] 1/-1/-1->0->-1 [26] 1/-1/-1->0->-1 [27] 1/-1/-1->0->-1 [28] 1/-1/-1->0->-1 [29] 1/-1/-1->0->-1 [30] 1/-1/-1->0->-1 [31] 1/-1/-1->0->-1
node23D400669:1239:2096 [0] NCCL INFO P2P Chunksize set to 524288
