node23D400669:1240:2585 [1] NCCL INFO Channel 31/0 : 2[1] -> 3[1] via P2P/MNNVL
node23D400669:1239:2586 [0] NCCL INFO Channel 00/0 : 2[0] -> 3[0] via P2P/MNNVL
node23D400669:1239:2586 [0] NCCL INFO Channel 01/0 : 2[0] -> 3[0] via P2P/MNNVL
node23D400669:1239:2586 [0] NCCL INFO Channel 02/0 : 2[0] -> 3[0] via P2P/MNNVL
node23D400669:1239:2586 [0] NCCL INFO Channel 03/0 : 2[0] -> 3[0] via P2P/MNNVL
node23D400669:1239:2586 [0] NCCL INFO Channel 04/0 : 2[0] -> 3[0] via P2P/MNNVL
node23D400669:1239:2586 [0] NCCL INFO Channel 05/0 : 2[0] -> 3[0] via P2P/MNNVL
node23D400669:1239:2586 [0] NCCL INFO Channel 06/0 : 2[0] -> 3[0] via P2P/MNNVL
node23D400669:1239:2586 [0] NCCL INFO Channel 07/0 : 2[0] -> 3[0] via P2P/MNNVL
node23D400669:1239:2586 [0] NCCL INFO Channel 08/0 : 2[0] -> 3[0] via P2P/MNNVL
node23D400669:1239:2586 [0] NCCL INFO Channel 09/0 : 2[0] -> 3[0] via P2P/MNNVL
node23D400669:1239:2586 [0] NCCL INFO Channel 10/0 : 2[0] -> 3[0] via P2P/MNNVL
node23D400669:1239:2586 [0] NCCL INFO Channel 11/0 : 2[0] -> 3[0] via P2P/MNNVL
node23D400669:1239:2586 [0] NCCL INFO Channel 12/0 : 2[0] -> 3[0] via P2P/MNNVL
node23D400669:1239:2586 [0] NCCL INFO Channel 13/0 : 2[0] -> 3[0] via P2P/MNNVL
node23D400669:1239:2586 [0] NCCL INFO Channel 14/0 : 2[0] -> 3[0] via P2P/MNNVL
node23D400669:1239:2586 [0] NCCL INFO Channel 15/0 : 2[0] -> 3[0] via P2P/MNNVL
node23D400669:1239:2586 [0] NCCL INFO Channel 16/0 : 2[0] -> 3[0] via P2P/MNNVL
node23D400669:1239:2586 [0] NCCL INFO Channel 17/0 : 2[0] -> 3[0] via P2P/MNNVL
node23D400669:1239:2586 [0] NCCL INFO Channel 18/0 : 2[0] -> 3[0] via P2P/MNNVL
node23D400669:1241:2587 [2] NCCL INFO Channel 00/0 : 2[2] -> 3[2] via P2P/MNNVL
node23D400669:1241:2587 [2] NCCL INFO Channel 01/0 : 2[2] -> 3[2] via P2P/MNNVL
node23D400669:1239:2586 [0] NCCL INFO Channel 19/0 : 2[0] -> 3[0] via P2P/MNNVL
node23D400669:1241:2587 [2] NCCL INFO Channel 02/0 : 2[2] -> 3[2] via P2P/MNNVL
node23D400669:1239:2586 [0] NCCL INFO Channel 20/0 : 2[0] -> 3[0] via P2P/MNNVL
node23D400669:1241:2587 [2] NCCL INFO Channel 03/0 : 2[2] -> 3[2] via P2P/MNNVL
node23D400669:1239:2586 [0] NCCL INFO Channel 21/0 : 2[0] -> 3[0] via P2P/MNNVL
node23D400669:1241:2587 [2] NCCL INFO Channel 04/0 : 2[2] -> 3[2] via P2P/MNNVL
node23D400669:1239:2586 [0] NCCL INFO Channel 22/0 : 2[0] -> 3[0] via P2P/MNNVL
node23D400669:1239:2586 [0] NCCL INFO Channel 23/0 : 2[0] -> 3[0] via P2P/MNNVL
node23D400669:1241:2587 [2] NCCL INFO Channel 05/0 : 2[2] -> 3[2] via P2P/MNNVL
node23D400669:1239:2586 [0] NCCL INFO Channel 24/0 : 2[0] -> 3[0] via P2P/MNNVL
node23D400669:1241:2587 [2] NCCL INFO Channel 06/0 : 2[2] -> 3[2] via P2P/MNNVL
node23D400669:1241:2587 [2] NCCL INFO Channel 07/0 : 2[2] -> 3[2] via P2P/MNNVL
node23D400669:1239:2586 [0] NCCL INFO Channel 25/0 : 2[0] -> 3[0] via P2P/MNNVL
node23D400669:1241:2587 [2] NCCL INFO Channel 08/0 : 2[2] -> 3[2] via P2P/MNNVL
node23D400669:1239:2586 [0] NCCL INFO Channel 26/0 : 2[0] -> 3[0] via P2P/MNNVL
node23D400669:1241:2587 [2] NCCL INFO Channel 09/0 : 2[2] -> 3[2] via P2P/MNNVL
node23D400669:1239:2586 [0] NCCL INFO Channel 27/0 : 2[0] -> 3[0] via P2P/MNNVL
node23D400669:1241:2587 [2] NCCL INFO Channel 10/0 : 2[2] -> 3[2] via P2P/MNNVL
node23D400669:1239:2586 [0] NCCL INFO Channel 28/0 : 2[0] -> 3[0] via P2P/MNNVL
node23D400669:1241:2587 [2] NCCL INFO Channel 11/0 : 2[2] -> 3[2] via P2P/MNNVL
node23D400669:1239:2586 [0] NCCL INFO Channel 29/0 : 2[0] -> 3[0] via P2P/MNNVL
node23D400669:1241:2587 [2] NCCL INFO Channel 12/0 : 2[2] -> 3[2] via P2P/MNNVL
node23D400669:1239:2586 [0] NCCL INFO Channel 30/0 : 2[0] -> 3[0] via P2P/MNNVL
node23D400669:1241:2587 [2] NCCL INFO Channel 13/0 : 2[2] -> 3[2] via P2P/MNNVL
node23D400669:1239:2586 [0] NCCL INFO Channel 31/0 : 2[0] -> 3[0] via P2P/MNNVL
node23D400669:1241:2587 [2] NCCL INFO Channel 14/0 : 2[2] -> 3[2] via P2P/MNNVL
node23D400669:1241:2587 [2] NCCL INFO Channel 15/0 : 2[2] -> 3[2] via P2P/MNNVL
node23D400669:1241:2587 [2] NCCL INFO Channel 16/0 : 2[2] -> 3[2] via P2P/MNNVL
node23D400669:1241:2587 [2] NCCL INFO Channel 17/0 : 2[2] -> 3[2] via P2P/MNNVL
node23D400669:1241:2587 [2] NCCL INFO Channel 18/0 : 2[2] -> 3[2] via P2P/MNNVL
node23D400669:1241:2587 [2] NCCL INFO Channel 19/0 : 2[2] -> 3[2] via P2P/MNNVL
node23D400669:1241:2587 [2] NCCL INFO Channel 20/0 : 2[2] -> 3[2] via P2P/MNNVL
node23D400669:1241:2587 [2] NCCL INFO Channel 21/0 : 2[2] -> 3[2] via P2P/MNNVL
node23D400669:1241:2587 [2] NCCL INFO Channel 22/0 : 2[2] -> 3[2] via P2P/MNNVL
node23D400669:1241:2587 [2] NCCL INFO Channel 23/0 : 2[2] -> 3[2] via P2P/MNNVL
node23D400669:1241:2587 [2] NCCL INFO Channel 24/0 : 2[2] -> 3[2] via P2P/MNNVL
node23D400669:1241:2587 [2] NCCL INFO Channel 25/0 : 2[2] -> 3[2] via P2P/MNNVL
node23D400669:1241:2587 [2] NCCL INFO Channel 26/0 : 2[2] -> 3[2] via P2P/MNNVL
node23D400669:1241:2587 [2] NCCL INFO Channel 27/0 : 2[2] -> 3[2] via P2P/MNNVL
node23D400669:1241:2587 [2] NCCL INFO Channel 28/0 : 2[2] -> 3[2] via P2P/MNNVL
node23D400669:1241:2587 [2] NCCL INFO Channel 29/0 : 2[2] -> 3[2] via P2P/MNNVL
node23D400669:1241:2587 [2] NCCL INFO Channel 30/0 : 2[2] -> 3[2] via P2P/MNNVL
node23D400669:1241:2587 [2] NCCL INFO Channel 31/0 : 2[2] -> 3[2] via P2P/MNNVL
node23D400669:1240:2585 [1] NCCL INFO Connected all rings, use ring PXN 0 GDR 1
node23D400669:1239:2586 [0] NCCL INFO Connected all rings, use ring PXN 0 GDR 1
node23D400669:1241:2587 [2] NCCL INFO Connected all rings, use ring PXN 0 GDR 1
node23D400669:1242:2584 [3] NCCL INFO Connected all rings, use ring PXN 0 GDR 1
node23D400669:1242:1242 [3] NCCL INFO Comm config Blocking set to 1
node23D400669:1239:1239 [0] NCCL INFO Comm config Blocking set to 1
node23D400669:1240:1240 [1] NCCL INFO Comm config Blocking set to 1
node23D400669:1241:1241 [2] NCCL INFO Comm config Blocking set to 1
node23D400669:1239:2588 [0] NCCL INFO Assigned NET plugin Socket to comm
node23D400669:1239:2588 [0] NCCL INFO Using network Socket
node23D400669:1242:2589 [3] NCCL INFO Assigned NET plugin Socket to comm
node23D400669:1242:2589 [3] NCCL INFO Using network Socket
node23D400669:1240:2590 [1] NCCL INFO Assigned NET plugin Socket to comm
node23D400669:1240:2590 [1] NCCL INFO Using network Socket
node23D400669:1241:2591 [2] NCCL INFO Assigned NET plugin Socket to comm
node23D400669:1241:2591 [2] NCCL INFO Using network Socket
node23D400669:1240:2590 [1] NCCL INFO ncclCommInitRankConfig comm 0x435e5c80 rank 41 nranks 64 cudaDev 1 nvmlDev 1 busId 901000 commId 0xa67dc088c42e2de5 - Init START
node23D400669:1239:2588 [0] NCCL INFO ncclCommInitRankConfig comm 0x60317130 rank 40 nranks 64 cudaDev 0 nvmlDev 0 busId 801000 commId 0xa67dc088c42e2de5 - Init START
node23D400669:1242:2589 [3] NCCL INFO ncclCommInitRankConfig comm 0x3a10f590 rank 43 nranks 64 cudaDev 3 nvmlDev 3 busId 1901000 commId 0xa67dc088c42e2de5 - Init START
node23D400669:1241:2591 [2] NCCL INFO ncclCommInitRankConfig comm 0x381497c0 rank 42 nranks 64 cudaDev 2 nvmlDev 2 busId 1801000 commId 0xa67dc088c42e2de5 - Init START
node23D400669:1240:2590 [1] NCCL INFO Bootstrap timings total 0.059430 (create 0.000047, send 0.000170, recv 0.001922, ring 0.057132, delay 0.000000)
node23D400669:1239:2588 [0] NCCL INFO Bootstrap timings total 0.059424 (create 0.000042, send 0.000163, recv 0.001785, ring 0.055318, delay 0.000000)
node23D400669:1241:2591 [2] NCCL INFO Bootstrap timings total 0.059332 (create 0.000027, send 0.000166, recv 0.002196, ring 0.056807, delay 0.000000)
node23D400669:1242:2589 [3] NCCL INFO Bootstrap timings total 0.059350 (create 0.000035, send 0.000182, recv 0.002310, ring 0.056647, delay 0.000000)
node23D400669:1242:2589 [3] NCCL INFO MNNVL busId 0x1901000 fabric UUID aa48724aeeaad6a8.b34b901796a1c18d cliqueId 0x7ffe state 3 healthMask 0xaa
node23D400669:1241:2591 [2] NCCL INFO MNNVL busId 0x1801000 fabric UUID aa48724aeeaad6a8.b34b901796a1c18d cliqueId 0x7ffe state 3 healthMask 0xaa
node23D400669:1240:2590 [1] NCCL INFO MNNVL busId 0x901000 fabric UUID aa48724aeeaad6a8.b34b901796a1c18d cliqueId 0x7ffe state 3 healthMask 0xaa
node23D400669:1239:2588 [0] NCCL INFO MNNVL busId 0x801000 fabric UUID aa48724aeeaad6a8.b34b901796a1c18d cliqueId 0x7ffe state 3 healthMask 0xaa
node23D400669:1241:2591 [2] NCCL INFO MNNVL 1 cliqueId 7ffe cliqueSize 64 cliqueRank 42
node23D400669:1239:2588 [0] NCCL INFO MNNVL 1 cliqueId 7ffe cliqueSize 64 cliqueRank 40
node23D400669:1242:2589 [3] NCCL INFO MNNVL 1 cliqueId 7ffe cliqueSize 64 cliqueRank 43
node23D400669:1240:2590 [1] NCCL INFO MNNVL 1 cliqueId 7ffe cliqueSize 64 cliqueRank 41
node23D400669:1242:2589 [3] NCCL INFO Setting affinity for GPU 3 to 72-143
node23D400669:1240:2590 [1] NCCL INFO Setting affinity for GPU 1 to 0-71
node23D400669:1241:2591 [2] NCCL INFO Setting affinity for GPU 2 to 72-143
node23D400669:1239:2588 [0] NCCL INFO Setting affinity for GPU 0 to 0-71
node23D400669:1242:2589 [3] NCCL INFO comm 0x3a10f590 rank 43 nRanks 64 nNodes 1 localRanks 64 localRank 43 MNNVL 1
node23D400669:1242:2589 [3] NCCL INFO Trees [0] 44/-1/-1->43->42 [1] 44/-1/-1->43->42 [2] 44/-1/-1->43->42 [3] 44/-1/-1->43->42 [4] 44/-1/-1->43->42 [5] 44/-1/-1->43->42 [6] 44/-1/-1->43->42 [7] 44/-1/-1->43->42 [8] 44/-1/-1->43->42 [9] 44/-1/-1->43->42 [10] 44/-1/-1->43->42 [11] 44/-1/-1->43->42 [12] 44/-1/-1->43->42 [13] 44/-1/-1->43->42 [14] 44/-1/-1->43->42 [15] 44/-1/-1->43->42 [16] 44/-1/-1->43->42 [17] 44/-1/-1->43->42 [18] 44/-1/-1->43->42 [19] 44/-1/-1->43->42 [20] 44/-1/-1->43->42 [21] 44/-1/-1->43->42 [22] 44/-1/-1->43->42 [23] 44/-1/-1->43->42 [24] 44/-1/-1->43->42 [25] 44/-1/-1->43->42 [26] 44/-1/-1->43->42 [27] 44/-1/-1->43->42 [28] 44/-1/-1->43->42 [29] 44/-1/-1->43->42 [30] 44/-1/-1->43->42 [31] 44/-1/-1->43->42
node23D400669:1242:2589 [3] NCCL INFO P2P Chunksize set to 524288
node23D400669:1239:2588 [0] NCCL INFO comm 0x60317130 rank 40 nRanks 64 nNodes 1 localRanks 64 localRank 40 MNNVL 1
node23D400669:1241:2591 [2] NCCL INFO comm 0x381497c0 rank 42 nRanks 64 nNodes 1 localRanks 64 localRank 42 MNNVL 1
node23D400669:1240:2590 [1] NCCL INFO comm 0x435e5c80 rank 41 nRanks 64 nNodes 1 localRanks 64 localRank 41 MNNVL 1
node23D400669:1239:2588 [0] NCCL INFO Trees [0] 41/-1/-1->40->39 [1] 41/-1/-1->40->39 [2] 41/-1/-1->40->39 [3] 41/-1/-1->40->39 [4] 41/-1/-1->40->39 [5] 41/-1/-1->40->39 [6] 41/-1/-1->40->39 [7] 41/-1/-1->40->39 [8] 41/-1/-1->40->39 [9] 41/-1/-1->40->39 [10] 41/-1/-1->40->39 [11] 41/-1/-1->40->39 [12] 41/-1/-1->40->39 [13] 41/-1/-1->40->39 [14] 41/-1/-1->40->39 [15] 41/-1/-1->40->39 [16] 41/-1/-1->40->39 [17] 41/-1/-1->40->39 [18] 41/-1/-1->40->39 [19] 41/-1/-1->40->39 [20] 41/-1/-1->40->39 [21] 41/-1/-1->40->39 [22] 41/-1/-1->40->39 [23] 41/-1/-1->40->39 [24] 41/-1/-1->40->39 [25] 41/-1/-1->40->39 [26] 41/-1/-1->40->39 [27] 41/-1/-1->40->39 [28] 41/-1/-1->40->39 [29] 41/-1/-1->40->39 [30] 41/-1/-1->40->39 [31] 41/-1/-1->40->39
node23D400669:1239:2588 [0] NCCL INFO P2P Chunksize set to 524288
node23D400669:1241:2591 [2] NCCL INFO Trees [0] 43/-1/-1->42->41 [1] 43/-1/-1->42->41 [2] 43/-1/-1->42->41 [3] 43/-1/-1->42->41 [4] 43/-1/-1->42->41 [5] 43/-1/-1->42->41 [6] 43/-1/-1->42->41 [7] 43/-1/-1->42->41 [8] 43/-1/-1->42->41 [9] 43/-1/-1->42->41 [10] 43/-1/-1->42->41 [11] 43/-1/-1->42->41 [12] 43/-1/-1->42->41 [13] 43/-1/-1->42->41 [14] 43/-1/-1->42->41 [15] 43/-1/-1->42->41 [16] 43/-1/-1->42->41 [17] 43/-1/-1->42->41 [18] 43/-1/-1->42->41 [19] 43/-1/-1->42->41 [20] 43/-1/-1->42->41 [21] 43/-1/-1->42->41 [22] 43/-1/-1->42->41 [23] 43/-1/-1->42->41 [24] 43/-1/-1->42->41 [25] 43/-1/-1->42->41 [26] 43/-1/-1->42->41 [27] 43/-1/-1->42->41 [28] 43/-1/-1->42->41 [29] 43/-1/-1->42->41 [30] 43/-1/-1->42->41 [31] 43/-1/-1->42->41
node23D400669:1240:2590 [1] NCCL INFO Trees [0] 42/-1/-1->41->40 [1] 42/-1/-1->41->40 [2] 42/-1/-1->41->40 [3] 42/-1/-1->41->40 [4] 42/-1/-1->41->40 [5] 42/-1/-1->41->40 [6] 42/-1/-1->41->40 [7] 42/-1/-1->41->40 [8] 42/-1/-1->41->40 [9] 42/-1/-1->41->40 [10] 42/-1/-1->41->40 [11] 42/-1/-1->41->40 [12] 42/-1/-1->41->40 [13] 42/-1/-1->41->40 [14] 42/-1/-1->41->40 [15] 42/-1/-1->41->40 [16] 42/-1/-1->41->40 [17] 42/-1/-1->41->40 [18] 42/-1/-1->41->40 [19] 42/-1/-1->41->40 [20] 42/-1/-1->41->40 [21] 42/-1/-1->41->40 [22] 42/-1/-1->41->40 [23] 42/-1/-1->41->40 [24] 42/-1/-1->41->40 [25] 42/-1/-1->41->40 [26] 42/-1/-1->41->40 [27] 42/-1/-1->41->40 [28] 42/-1/-1->41->40 [29] 42/-1/-1->41->40 [30] 42/-1/-1->41->40 [31] 42/-1/-1->41->40
node23D400669:1241:2591 [2] NCCL INFO P2P Chunksize set to 524288
node23D400669:1240:2590 [1] NCCL INFO P2P Chunksize set to 524288
node23D400669:1242:2592 [3] NCCL INFO [Proxy Service] Device 3 CPU core 107
node23D400669:1242:2593 [3] NCCL INFO [Proxy Service UDS] Device 3 CPU core 108
node23D400669:1239:2594 [0] NCCL INFO [Proxy Service] Device 0 CPU core 4
node23D400669:1239:2597 [0] NCCL INFO [Proxy Service UDS] Device 0 CPU core 8
node23D400669:1240:2595 [1] NCCL INFO [Proxy Service] Device 1 CPU core 6
node23D400669:1240:2599 [1] NCCL INFO [Proxy Service UDS] Device 1 CPU core 10
node23D400669:1241:2596 [2] NCCL INFO [Proxy Service] Device 2 CPU core 138
node23D400669:1241:2598 [2] NCCL INFO [Proxy Service UDS] Device 2 CPU core 139
node23D400669:1240:2590 [1] NCCL INFO threadThresholds 8/8/64 | 512/8/64 | 512 | 512
node23D400669:1240:2590 [1] NCCL INFO 32 coll channels, 32 collnet channels, 0 nvls channels, 32 p2p channels, 32 p2p channels per peer
node23D400669:1239:2588 [0] NCCL INFO threadThresholds 8/8/64 | 512/8/64 | 512 | 512
node23D400669:1239:2588 [0] NCCL INFO 32 coll channels, 32 collnet channels, 0 nvls channels, 32 p2p channels, 32 p2p channels per peer
node23D400669:1242:2589 [3] NCCL INFO threadThresholds 8/8/64 | 512/8/64 | 512 | 512
node23D400669:1242:2589 [3] NCCL INFO 32 coll channels, 32 collnet channels, 0 nvls channels, 32 p2p channels, 32 p2p channels per peer
node23D400669:1241:2591 [2] NCCL INFO threadThresholds 8/8/64 | 512/8/64 | 512 | 512
node23D400669:1241:2591 [2] NCCL INFO 32 coll channels, 32 collnet channels, 0 nvls channels, 32 p2p channels, 32 p2p channels per peer
node23D400669:1240:2590 [1] NCCL INFO ncclCommInitRankConfig comm 0x435e5c80 rank 41 nranks 64 cudaDev 1 nvmlDev 1 busId 901000 commId 0xa67dc088c42e2de5 - Init COMPLETE
node23D400669:1240:2590 [1] NCCL INFO Init timings - ncclCommInitRankConfig: rank 41 nranks 64 total 2.36 (kernels 0.00, alloc 0.00, bootstrap 0.06, allgathers 0.04, topo 2.06, graphs 0.04, connections 0.15, rest 0.01)
node23D400669:1239:2588 [0] NCCL INFO ncclCommInitRankConfig comm 0x60317130 rank 40 nranks 64 cudaDev 0 nvmlDev 0 busId 801000 commId 0xa67dc088c42e2de5 - Init COMPLETE
node23D400669:1239:2588 [0] NCCL INFO Init timings - ncclCommInitRankConfig: rank 40 nranks 64 total 2.36 (kernels 0.00, alloc 0.00, bootstrap 0.06, allgathers 0.01, topo 2.08, graphs 0.04, connections 0.15, rest 0.01)
node23D400669:1241:2591 [2] NCCL INFO ncclCommInitRankConfig comm 0x381497c0 rank 42 nranks 64 cudaDev 2 nvmlDev 2 busId 1801000 commId 0xa67dc088c42e2de5 - Init COMPLETE
node23D400669:1241:2591 [2] NCCL INFO Init timings - ncclCommInitRankConfig: rank 42 nranks 64 total 2.36 (kernels 0.00, alloc 0.00, bootstrap 0.06, allgathers 0.03, topo 2.06, graphs 0.04, connections 0.15, rest 0.01)
node23D400669:1242:2589 [3] NCCL INFO ncclCommInitRankConfig comm 0x3a10f590 rank 43 nranks 64 cudaDev 3 nvmlDev 3 busId 1901000 commId 0xa67dc088c42e2de5 - Init COMPLETE
node23D400669:1242:2589 [3] NCCL INFO Init timings - ncclCommInitRankConfig: rank 43 nranks 64 total 2.36 (kernels 0.00, alloc 0.00, bootstrap 0.06, allgathers 0.06, topo 2.03, graphs 0.04, connections 0.15, rest 0.01)
node23D400669:1241:2602 [2] NCCL INFO Channel 00/0 : 42[2] -> 43[3] via P2P/MNNVL
node23D400669:1241:2602 [2] NCCL INFO Channel 01/0 : 42[2] -> 43[3] via P2P/MNNVL
node23D400669:1240:2600 [1] NCCL INFO Channel 00/0 : 41[1] -> 42[2] via P2P/MNNVL
node23D400669:1241:2602 [2] NCCL INFO Channel 02/0 : 42[2] -> 43[3] via P2P/MNNVL
node23D400669:1242:2603 [3] NCCL INFO Channel 00/0 : 43[3] -> 44[0] via P2P/MNNVL
node23D400669:1241:2602 [2] NCCL INFO Channel 03/0 : 42[2] -> 43[3] via P2P/MNNVL
node23D400669:1239:2601 [0] NCCL INFO Channel 00/0 : 40[0] -> 41[1] via P2P/MNNVL
node23D400669:1240:2600 [1] NCCL INFO Channel 01/0 : 41[1] -> 42[2] via P2P/MNNVL
node23D400669:1239:2601 [0] NCCL INFO Channel 01/0 : 40[0] -> 41[1] via P2P/MNNVL
node23D400669:1242:2603 [3] NCCL INFO Channel 01/0 : 43[3] -> 44[0] via P2P/MNNVL
node23D400669:1240:2600 [1] NCCL INFO Channel 02/0 : 41[1] -> 42[2] via P2P/MNNVL
node23D400669:1241:2602 [2] NCCL INFO Channel 04/0 : 42[2] -> 43[3] via P2P/MNNVL
node23D400669:1242:2603 [3] NCCL INFO Channel 02/0 : 43[3] -> 44[0] via P2P/MNNVL
node23D400669:1240:2600 [1] NCCL INFO Channel 03/0 : 41[1] -> 42[2] via P2P/MNNVL
node23D400669:1239:2601 [0] NCCL INFO Channel 02/0 : 40[0] -> 41[1] via P2P/MNNVL
node23D400669:1241:2602 [2] NCCL INFO Channel 05/0 : 42[2] -> 43[3] via P2P/MNNVL
node23D400669:1242:2603 [3] NCCL INFO Channel 03/0 : 43[3] -> 44[0] via P2P/MNNVL
node23D400669:1241:2602 [2] NCCL INFO Channel 06/0 : 42[2] -> 43[3] via P2P/MNNVL
node23D400669:1239:2601 [0] NCCL INFO Channel 03/0 : 40[0] -> 41[1] via P2P/MNNVL
node23D400669:1240:2600 [1] NCCL INFO Channel 04/0 : 41[1] -> 42[2] via P2P/MNNVL
node23D400669:1240:2600 [1] NCCL INFO Channel 05/0 : 41[1] -> 42[2] via P2P/MNNVL
node23D400669:1242:2603 [3] NCCL INFO Channel 04/0 : 43[3] -> 44[0] via P2P/MNNVL
node23D400669:1239:2601 [0] NCCL INFO Channel 04/0 : 40[0] -> 41[1] via P2P/MNNVL
node23D400669:1241:2602 [2] NCCL INFO Channel 07/0 : 42[2] -> 43[3] via P2P/MNNVL
node23D400669:1240:2600 [1] NCCL INFO Channel 06/0 : 41[1] -> 42[2] via P2P/MNNVL
node23D400669:1239:2601 [0] NCCL INFO Channel 05/0 : 40[0] -> 41[1] via P2P/MNNVL
node23D400669:1242:2603 [3] NCCL INFO Channel 05/0 : 43[3] -> 44[0] via P2P/MNNVL
node23D400669:1241:2602 [2] NCCL INFO Channel 08/0 : 42[2] -> 43[3] via P2P/MNNVL
node23D400669:1240:2600 [1] NCCL INFO Channel 07/0 : 41[1] -> 42[2] via P2P/MNNVL
node23D400669:1240:2600 [1] NCCL INFO Channel 08/0 : 41[1] -> 42[2] via P2P/MNNVL
node23D400669:1242:2603 [3] NCCL INFO Channel 06/0 : 43[3] -> 44[0] via P2P/MNNVL
node23D400669:1241:2602 [2] NCCL INFO Channel 09/0 : 42[2] -> 43[3] via P2P/MNNVL
node23D400669:1239:2601 [0] NCCL INFO Channel 06/0 : 40[0] -> 41[1] via P2P/MNNVL
node23D400669:1240:2600 [1] NCCL INFO Channel 09/0 : 41[1] -> 42[2] via P2P/MNNVL
node23D400669:1239:2601 [0] NCCL INFO Channel 07/0 : 40[0] -> 41[1] via P2P/MNNVL
node23D400669:1241:2602 [2] NCCL INFO Channel 10/0 : 42[2] -> 43[3] via P2P/MNNVL
node23D400669:1242:2603 [3] NCCL INFO Channel 07/0 : 43[3] -> 44[0] via P2P/MNNVL
node23D400669:1240:2600 [1] NCCL INFO Channel 10/0 : 41[1] -> 42[2] via P2P/MNNVL
node23D400669:1239:2601 [0] NCCL INFO Channel 08/0 : 40[0] -> 41[1] via P2P/MNNVL
node23D400669:1242:2603 [3] NCCL INFO Channel 08/0 : 43[3] -> 44[0] via P2P/MNNVL
node23D400669:1241:2602 [2] NCCL INFO Channel 11/0 : 42[2] -> 43[3] via P2P/MNNVL
node23D400669:1240:2600 [1] NCCL INFO Channel 11/0 : 41[1] -> 42[2] via P2P/MNNVL
node23D400669:1239:2601 [0] NCCL INFO Channel 09/0 : 40[0] -> 41[1] via P2P/MNNVL
node23D400669:1239:2601 [0] NCCL INFO Channel 10/0 : 40[0] -> 41[1] via P2P/MNNVL
node23D400669:1242:2603 [3] NCCL INFO Channel 09/0 : 43[3] -> 44[0] via P2P/MNNVL
node23D400669:1240:2600 [1] NCCL INFO Channel 12/0 : 41[1] -> 42[2] via P2P/MNNVL
node23D400669:1239:2601 [0] NCCL INFO Channel 11/0 : 40[0] -> 41[1] via P2P/MNNVL
node23D400669:1241:2602 [2] NCCL INFO Channel 12/0 : 42[2] -> 43[3] via P2P/MNNVL
node23D400669:1240:2600 [1] NCCL INFO Channel 13/0 : 41[1] -> 42[2] via P2P/MNNVL
node23D400669:1242:2603 [3] NCCL INFO Channel 10/0 : 43[3] -> 44[0] via P2P/MNNVL
node23D400669:1241:2602 [2] NCCL INFO Channel 13/0 : 42[2] -> 43[3] via P2P/MNNVL
node23D400669:1239:2601 [0] NCCL INFO Channel 12/0 : 40[0] -> 41[1] via P2P/MNNVL
node23D400669:1240:2600 [1] NCCL INFO Channel 14/0 : 41[1] -> 42[2] via P2P/MNNVL
node23D400669:1242:2603 [3] NCCL INFO Channel 11/0 : 43[3] -> 44[0] via P2P/MNNVL
node23D400669:1241:2602 [2] NCCL INFO Channel 14/0 : 42[2] -> 43[3] via P2P/MNNVL
node23D400669:1242:2603 [3] NCCL INFO Channel 12/0 : 43[3] -> 44[0] via P2P/MNNVL
node23D400669:1239:2601 [0] NCCL INFO Channel 13/0 : 40[0] -> 41[1] via P2P/MNNVL
node23D400669:1240:2600 [1] NCCL INFO Channel 15/0 : 41[1] -> 42[2] via P2P/MNNVL
node23D400669:1242:2603 [3] NCCL INFO Channel 13/0 : 43[3] -> 44[0] via P2P/MNNVL
node23D400669:1242:2603 [3] NCCL INFO Channel 14/0 : 43[3] -> 44[0] via P2P/MNNVL
node23D400669:1241:2602 [2] NCCL INFO Channel 15/0 : 42[2] -> 43[3] via P2P/MNNVL
node23D400669:1239:2601 [0] NCCL INFO Channel 14/0 : 40[0] -> 41[1] via P2P/MNNVL
node23D400669:1240:2600 [1] NCCL INFO Channel 16/0 : 41[1] -> 42[2] via P2P/MNNVL
node23D400669:1242:2603 [3] NCCL INFO Channel 15/0 : 43[3] -> 44[0] via P2P/MNNVL
node23D400669:1241:2602 [2] NCCL INFO Channel 16/0 : 42[2] -> 43[3] via P2P/MNNVL
node23D400669:1242:2603 [3] NCCL INFO Channel 16/0 : 43[3] -> 44[0] via P2P/MNNVL
node23D400669:1239:2601 [0] NCCL INFO Channel 15/0 : 40[0] -> 41[1] via P2P/MNNVL
node23D400669:1240:2600 [1] NCCL INFO Channel 17/0 : 41[1] -> 42[2] via P2P/MNNVL
node23D400669:1242:2603 [3] NCCL INFO Channel 17/0 : 43[3] -> 44[0] via P2P/MNNVL
node23D400669:1241:2602 [2] NCCL INFO Channel 17/0 : 42[2] -> 43[3] via P2P/MNNVL
node23D400669:1239:2601 [0] NCCL INFO Channel 16/0 : 40[0] -> 41[1] via P2P/MNNVL
node23D400669:1240:2600 [1] NCCL INFO Channel 18/0 : 41[1] -> 42[2] via P2P/MNNVL
node23D400669:1240:2600 [1] NCCL INFO Channel 19/0 : 41[1] -> 42[2] via P2P/MNNVL
node23D400669:1241:2602 [2] NCCL INFO Channel 18/0 : 42[2] -> 43[3] via P2P/MNNVL
node23D400669:1242:2603 [3] NCCL INFO Channel 18/0 : 43[3] -> 44[0] via P2P/MNNVL
node23D400669:1239:2601 [0] NCCL INFO Channel 17/0 : 40[0] -> 41[1] via P2P/MNNVL
node23D400669:1240:2600 [1] NCCL INFO Channel 20/0 : 41[1] -> 42[2] via P2P/MNNVL
node23D400669:1241:2602 [2] NCCL INFO Channel 19/0 : 42[2] -> 43[3] via P2P/MNNVL
node23D400669:1242:2603 [3] NCCL INFO Channel 19/0 : 43[3] -> 44[0] via P2P/MNNVL
node23D400669:1239:2601 [0] NCCL INFO Channel 18/0 : 40[0] -> 41[1] via P2P/MNNVL
node23D400669:1241:2602 [2] NCCL INFO Channel 20/0 : 42[2] -> 43[3] via P2P/MNNVL
node23D400669:1240:2600 [1] NCCL INFO Channel 21/0 : 41[1] -> 42[2] via P2P/MNNVL
node23D400669:1241:2602 [2] NCCL INFO Channel 21/0 : 42[2] -> 43[3] via P2P/MNNVL
node23D400669:1239:2601 [0] NCCL INFO Channel 19/0 : 40[0] -> 41[1] via P2P/MNNVL
node23D400669:1242:2603 [3] NCCL INFO Channel 20/0 : 43[3] -> 44[0] via P2P/MNNVL
node23D400669:1239:2601 [0] NCCL INFO Channel 20/0 : 40[0] -> 41[1] via P2P/MNNVL
node23D400669:1240:2600 [1] NCCL INFO Channel 22/0 : 41[1] -> 42[2] via P2P/MNNVL
node23D400669:1242:2603 [3] NCCL INFO Channel 21/0 : 43[3] -> 44[0] via P2P/MNNVL
node23D400669:1241:2602 [2] NCCL INFO Channel 22/0 : 42[2] -> 43[3] via P2P/MNNVL
node23D400669:1239:2601 [0] NCCL INFO Channel 21/0 : 40[0] -> 41[1] via P2P/MNNVL
node23D400669:1240:2600 [1] NCCL INFO Channel 23/0 : 41[1] -> 42[2] via P2P/MNNVL
node23D400669:1242:2603 [3] NCCL INFO Channel 22/0 : 43[3] -> 44[0] via P2P/MNNVL
node23D400669:1241:2602 [2] NCCL INFO Channel 23/0 : 42[2] -> 43[3] via P2P/MNNVL
node23D400669:1241:2602 [2] NCCL INFO Channel 24/0 : 42[2] -> 43[3] via P2P/MNNVL
node23D400669:1242:2603 [3] NCCL INFO Channel 23/0 : 43[3] -> 44[0] via P2P/MNNVL
node23D400669:1240:2600 [1] NCCL INFO Channel 24/0 : 41[1] -> 42[2] via P2P/MNNVL
node23D400669:1239:2601 [0] NCCL INFO Channel 22/0 : 40[0] -> 41[1] via P2P/MNNVL
node23D400669:1241:2602 [2] NCCL INFO Channel 25/0 : 42[2] -> 43[3] via P2P/MNNVL
node23D400669:1242:2603 [3] NCCL INFO Channel 24/0 : 43[3] -> 44[0] via P2P/MNNVL
node23D400669:1242:2603 [3] NCCL INFO Channel 25/0 : 43[3] -> 44[0] via P2P/MNNVL
node23D400669:1241:2602 [2] NCCL INFO Channel 26/0 : 42[2] -> 43[3] via P2P/MNNVL
node23D400669:1239:2601 [0] NCCL INFO Channel 23/0 : 40[0] -> 41[1] via P2P/MNNVL
node23D400669:1240:2600 [1] NCCL INFO Channel 25/0 : 41[1] -> 42[2] via P2P/MNNVL
node23D400669:1241:2602 [2] NCCL INFO Channel 27/0 : 42[2] -> 43[3] via P2P/MNNVL
node23D400669:1242:2603 [3] NCCL INFO Channel 26/0 : 43[3] -> 44[0] via P2P/MNNVL
node23D400669:1242:2603 [3] NCCL INFO Channel 27/0 : 43[3] -> 44[0] via P2P/MNNVL
node23D400669:1241:2602 [2] NCCL INFO Channel 28/0 : 42[2] -> 43[3] via P2P/MNNVL
node23D400669:1239:2601 [0] NCCL INFO Channel 24/0 : 40[0] -> 41[1] via P2P/MNNVL
node23D400669:1240:2600 [1] NCCL INFO Channel 26/0 : 41[1] -> 42[2] via P2P/MNNVL
node23D400669:1242:2603 [3] NCCL INFO Channel 28/0 : 43[3] -> 44[0] via P2P/MNNVL
node23D400669:1239:2601 [0] NCCL INFO Channel 25/0 : 40[0] -> 41[1] via P2P/MNNVL
node23D400669:1240:2600 [1] NCCL INFO Channel 27/0 : 41[1] -> 42[2] via P2P/MNNVL
node23D400669:1241:2602 [2] NCCL INFO Channel 29/0 : 42[2] -> 43[3] via P2P/MNNVL
node23D400669:1242:2603 [3] NCCL INFO Channel 29/0 : 43[3] -> 44[0] via P2P/MNNVL
node23D400669:1241:2602 [2] NCCL INFO Channel 30/0 : 42[2] -> 43[3] via P2P/MNNVL
node23D400669:1242:2603 [3] NCCL INFO Channel 30/0 : 43[3] -> 44[0] via P2P/MNNVL
node23D400669:1239:2601 [0] NCCL INFO Channel 26/0 : 40[0] -> 41[1] via P2P/MNNVL
node23D400669:1240:2600 [1] NCCL INFO Channel 28/0 : 41[1] -> 42[2] via P2P/MNNVL
node23D400669:1241:2602 [2] NCCL INFO Channel 31/0 : 42[2] -> 43[3] via P2P/MNNVL
node23D400669:1239:2601 [0] NCCL INFO Channel 27/0 : 40[0] -> 41[1] via P2P/MNNVL
node23D400669:1242:2603 [3] NCCL INFO Channel 31/0 : 43[3] -> 44[0] via P2P/MNNVL
node23D400669:1240:2600 [1] NCCL INFO Channel 29/0 : 41[1] -> 42[2] via P2P/MNNVL
node23D400669:1239:2601 [0] NCCL INFO Channel 28/0 : 40[0] -> 41[1] via P2P/MNNVL
node23D400669:1240:2600 [1] NCCL INFO Channel 30/0 : 41[1] -> 42[2] via P2P/MNNVL
node23D400669:1239:2601 [0] NCCL INFO Channel 29/0 : 40[0] -> 41[1] via P2P/MNNVL
node23D400669:1240:2600 [1] NCCL INFO Channel 31/0 : 41[1] -> 42[2] via P2P/MNNVL
node23D400669:1239:2601 [0] NCCL INFO Channel 30/0 : 40[0] -> 41[1] via P2P/MNNVL
node23D400669:1239:2601 [0] NCCL INFO Channel 31/0 : 40[0] -> 41[1] via P2P/MNNVL
node23D400669:1239:2601 [0] NCCL INFO Connected all rings, use ring PXN 0 GDR 1
node23D400669:1240:2600 [1] NCCL INFO Connected all rings, use ring PXN 0 GDR 1
node23D400669:1242:2603 [3] NCCL INFO Connected all rings, use ring PXN 0 GDR 1
node23D400669:1241:2602 [2] NCCL INFO Connected all rings, use ring PXN 0 GDR 1
node23D400669:1242:1242 [3] NCCL INFO Comm config Blocking set to 1
node23D400669:1241:1241 [2] NCCL INFO Comm config Blocking set to 1
node23D400669:1242:2605 [3] NCCL INFO Assigned NET plugin Socket to comm
node23D400669:1241:2604 [2] NCCL INFO Assigned NET plugin Socket to comm
node23D400669:1242:2605 [3] NCCL INFO Using network Socket
node23D400669:1241:2604 [2] NCCL INFO Using network Socket
node23D400669:1242:2605 [3] NCCL INFO ncclCommInitRankConfig comm 0x3a669f50 rank 19 nranks 32 cudaDev 3 nvmlDev 3 busId 1901000 commId 0x7afa755705f06a48 - Init START
node23D400669:1241:2604 [2] NCCL INFO ncclCommInitRankConfig comm 0x386a4180 rank 18 nranks 32 cudaDev 2 nvmlDev 2 busId 1801000 commId 0x7afa755705f06a48 - Init START
node23D400669:1239:1239 [0] NCCL INFO Comm config Blocking set to 1
node23D400669:1239:2606 [0] NCCL INFO Assigned NET plugin Socket to comm
node23D400669:1239:2606 [0] NCCL INFO Using network Socket
node23D400669:1239:2606 [0] NCCL INFO ncclCommInitRankConfig comm 0x6086fa90 rank 16 nranks 32 cudaDev 0 nvmlDev 0 busId 801000 commId 0x7afa755705f06a48 - Init START
node23D400669:1240:1240 [1] NCCL INFO Comm config Blocking set to 1
node23D400669:1240:2607 [1] NCCL INFO Assigned NET plugin Socket to comm
node23D400669:1240:2607 [1] NCCL INFO Using network Socket
node23D400669:1240:2607 [1] NCCL INFO ncclCommInitRankConfig comm 0x43b3c5b0 rank 17 nranks 32 cudaDev 1 nvmlDev 1 busId 901000 commId 0x7afa755705f06a48 - Init START
node23D400669:1241:2604 [2] NCCL INFO Bootstrap timings total 0.531589 (create 0.000038, send 0.000161, recv 0.001796, ring 0.506902, delay 0.000000)
node23D400669:1242:2605 [3] NCCL INFO Bootstrap timings total 0.531592 (create 0.000041, send 0.000174, recv 0.001897, ring 0.529273, delay 0.000000)
node23D400669:1239:2606 [0] NCCL INFO Bootstrap timings total 0.518326 (create 0.000030, send 0.000099, recv 0.011114, ring 0.506944, delay 0.000000)
node23D400669:1240:2607 [1] NCCL INFO Bootstrap timings total 0.507528 (create 0.000028, send 0.000094, recv 0.000341, ring 0.506930, delay 0.000000)
node23D400669:1242:2605 [3] NCCL INFO MNNVL busId 0x1901000 fabric UUID aa48724aeeaad6a8.b34b901796a1c18d cliqueId 0x7ffe state 3 healthMask 0xaa
node23D400669:1241:2604 [2] NCCL INFO MNNVL busId 0x1801000 fabric UUID aa48724aeeaad6a8.b34b901796a1c18d cliqueId 0x7ffe state 3 healthMask 0xaa
node23D400669:1240:2607 [1] NCCL INFO MNNVL busId 0x901000 fabric UUID aa48724aeeaad6a8.b34b901796a1c18d cliqueId 0x7ffe state 3 healthMask 0xaa
node23D400669:1239:2606 [0] NCCL INFO MNNVL busId 0x801000 fabric UUID aa48724aeeaad6a8.b34b901796a1c18d cliqueId 0x7ffe state 3 healthMask 0xaa
node23D400669:1242:2605 [3] NCCL INFO MNNVL 1 cliqueId 7ffe cliqueSize 32 cliqueRank 19
node23D400669:1241:2604 [2] NCCL INFO MNNVL 1 cliqueId 7ffe cliqueSize 32 cliqueRank 18
node23D400669:1240:2607 [1] NCCL INFO MNNVL 1 cliqueId 7ffe cliqueSize 32 cliqueRank 17
node23D400669:1239:2606 [0] NCCL INFO MNNVL 1 cliqueId 7ffe cliqueSize 32 cliqueRank 16
node23D400669:1242:2605 [3] NCCL INFO Setting affinity for GPU 3 to 72-143
node23D400669:1240:2607 [1] NCCL INFO Setting affinity for GPU 1 to 0-71
node23D400669:1241:2604 [2] NCCL INFO Setting affinity for GPU 2 to 72-143
node23D400669:1239:2606 [0] NCCL INFO Setting affinity for GPU 0 to 0-71
node23D400669:1242:2605 [3] NCCL INFO comm 0x3a669f50 rank 19 nRanks 32 nNodes 1 localRanks 32 localRank 19 MNNVL 1
node23D400669:1241:2604 [2] NCCL INFO comm 0x386a4180 rank 18 nRanks 32 nNodes 1 localRanks 32 localRank 18 MNNVL 1
node23D400669:1240:2607 [1] NCCL INFO comm 0x43b3c5b0 rank 17 nRanks 32 nNodes 1 localRanks 32 localRank 17 MNNVL 1
node23D400669:1242:2605 [3] NCCL INFO Trees [0] 20/-1/-1->19->18 [1] 20/-1/-1->19->18 [2] 20/-1/-1->19->18 [3] 20/-1/-1->19->18 [4] 20/-1/-1->19->18 [5] 20/-1/-1->19->18 [6] 20/-1/-1->19->18 [7] 20/-1/-1->19->18 [8] 20/-1/-1->19->18 [9] 20/-1/-1->19->18 [10] 20/-1/-1->19->18 [11] 20/-1/-1->19->18 [12] 20/-1/-1->19->18 [13] 20/-1/-1->19->18 [14] 20/-1/-1->19->18 [15] 20/-1/-1->19->18 [16] 20/-1/-1->19->18 [17] 20/-1/-1->19->18 [18] 20/-1/-1->19->18 [19] 20/-1/-1->19->18 [20] 20/-1/-1->19->18 [21] 20/-1/-1->19->18 [22] 20/-1/-1->19->18 [23] 20/-1/-1->19->18 [24] 20/-1/-1->19->18 [25] 20/-1/-1->19->18 [26] 20/-1/-1->19->18 [27] 20/-1/-1->19->18 [28] 20/-1/-1->19->18 [29] 20/-1/-1->19->18 [30] 20/-1/-1->19->18 [31] 20/-1/-1->19->18
node23D400669:1241:2604 [2] NCCL INFO Trees [0] 19/-1/-1->18->17 [1] 19/-1/-1->18->17 [2] 19/-1/-1->18->17 [3] 19/-1/-1->18->17 [4] 19/-1/-1->18->17 [5] 19/-1/-1->18->17 [6] 19/-1/-1->18->17 [7] 19/-1/-1->18->17 [8] 19/-1/-1->18->17 [9] 19/-1/-1->18->17 [10] 19/-1/-1->18->17 [11] 19/-1/-1->18->17 [12] 19/-1/-1->18->17 [13] 19/-1/-1->18->17 [14] 19/-1/-1->18->17 [15] 19/-1/-1->18->17 [16] 19/-1/-1->18->17 [17] 19/-1/-1->18->17 [18] 19/-1/-1->18->17 [19] 19/-1/-1->18->17 [20] 19/-1/-1->18->17 [21] 19/-1/-1->18->17 [22] 19/-1/-1->18->17 [23] 19/-1/-1->18->17 [24] 19/-1/-1->18->17 [25] 19/-1/-1->18->17 [26] 19/-1/-1->18->17 [27] 19/-1/-1->18->17 [28] 19/-1/-1->18->17 [29] 19/-1/-1->18->17 [30] 19/-1/-1->18->17 [31] 19/-1/-1->18->17
node23D400669:1242:2605 [3] NCCL INFO P2P Chunksize set to 524288
node23D400669:1241:2604 [2] NCCL INFO P2P Chunksize set to 524288
node23D400669:1240:2607 [1] NCCL INFO Trees [0] 18/-1/-1->17->16 [1] 18/-1/-1->17->16 [2] 18/-1/-1->17->16 [3] 18/-1/-1->17->16 [4] 18/-1/-1->17->16 [5] 18/-1/-1->17->16 [6] 18/-1/-1->17->16 [7] 18/-1/-1->17->16 [8] 18/-1/-1->17->16 [9] 18/-1/-1->17->16 [10] 18/-1/-1->17->16 [11] 18/-1/-1->17->16 [12] 18/-1/-1->17->16 [13] 18/-1/-1->17->16 [14] 18/-1/-1->17->16 [15] 18/-1/-1->17->16 [16] 18/-1/-1->17->16 [17] 18/-1/-1->17->16 [18] 18/-1/-1->17->16 [19] 18/-1/-1->17->16 [20] 18/-1/-1->17->16 [21] 18/-1/-1->17->16 [22] 18/-1/-1->17->16 [23] 18/-1/-1->17->16 [24] 18/-1/-1->17->16 [25] 18/-1/-1->17->16 [26] 18/-1/-1->17->16 [27] 18/-1/-1->17->16 [28] 18/-1/-1->17->16 [29] 18/-1/-1->17->16 [30] 18/-1/-1->17->16 [31] 18/-1/-1->17->16
node23D400669:1240:2607 [1] NCCL INFO P2P Chunksize set to 524288
node23D400669:1239:2606 [0] NCCL INFO comm 0x6086fa90 rank 16 nRanks 32 nNodes 1 localRanks 32 localRank 16 MNNVL 1
node23D400669:1239:2606 [0] NCCL INFO Trees [0] 17/-1/-1->16->15 [1] 17/-1/-1->16->15 [2] 17/-1/-1->16->15 [3] 17/-1/-1->16->15 [4] 17/-1/-1->16->15 [5] 17/-1/-1->16->15 [6] 17/-1/-1->16->15 [7] 17/-1/-1->16->15 [8] 17/-1/-1->16->15 [9] 17/-1/-1->16->15 [10] 17/-1/-1->16->15 [11] 17/-1/-1->16->15 [12] 17/-1/-1->16->15 [13] 17/-1/-1->16->15 [14] 17/-1/-1->16->15 [15] 17/-1/-1->16->15 [16] 17/-1/-1->16->15 [17] 17/-1/-1->16->15 [18] 17/-1/-1->16->15 [19] 17/-1/-1->16->15 [20] 17/-1/-1->16->15 [21] 17/-1/-1->16->15 [22] 17/-1/-1->16->15 [23] 17/-1/-1->16->15 [24] 17/-1/-1->16->15 [25] 17/-1/-1->16->15 [26] 17/-1/-1->16->15 [27] 17/-1/-1->16->15 [28] 17/-1/-1->16->15 [29] 17/-1/-1->16->15 [30] 17/-1/-1->16->15 [31] 17/-1/-1->16->15
node23D400669:1239:2606 [0] NCCL INFO P2P Chunksize set to 524288
node23D400669:1241:2609 [2] NCCL INFO [Proxy Service] Device 2 CPU core 138
node23D400669:1242:2608 [3] NCCL INFO [Proxy Service] Device 3 CPU core 107
node23D400669:1241:2611 [2] NCCL INFO [Proxy Service UDS] Device 2 CPU core 139
node23D400669:1242:2612 [3] NCCL INFO [Proxy Service UDS] Device 3 CPU core 108
node23D400669:1240:2613 [1] NCCL INFO [Proxy Service UDS] Device 1 CPU core 42
node23D400669:1240:2610 [1] NCCL INFO [Proxy Service] Device 1 CPU core 41
node23D400669:1239:2614 [0] NCCL INFO [Proxy Service] Device 0 CPU core 3
node23D400669:1239:2615 [0] NCCL INFO [Proxy Service UDS] Device 0 CPU core 5
node23D400669:1239:2606 [0] NCCL INFO threadThresholds 8/8/64 | 256/8/64 | 512 | 512
node23D400669:1239:2606 [0] NCCL INFO 32 coll channels, 32 collnet channels, 0 nvls channels, 32 p2p channels, 32 p2p channels per peer
node23D400669:1242:2605 [3] NCCL INFO threadThresholds 8/8/64 | 256/8/64 | 512 | 512
node23D400669:1242:2605 [3] NCCL INFO 32 coll channels, 32 collnet channels, 0 nvls channels, 32 p2p channels, 32 p2p channels per peer
node23D400669:1240:2607 [1] NCCL INFO threadThresholds 8/8/64 | 256/8/64 | 512 | 512
node23D400669:1240:2607 [1] NCCL INFO 32 coll channels, 32 collnet channels, 0 nvls channels, 32 p2p channels, 32 p2p channels per peer
node23D400669:1241:2604 [2] NCCL INFO threadThresholds 8/8/64 | 256/8/64 | 512 | 512
node23D400669:1241:2604 [2] NCCL INFO 32 coll channels, 32 collnet channels, 0 nvls channels, 32 p2p channels, 32 p2p channels per peer
node23D400669:1240:2607 [1] NCCL INFO ncclCommInitRankConfig comm 0x43b3c5b0 rank 17 nranks 32 cudaDev 1 nvmlDev 1 busId 901000 commId 0x7afa755705f06a48 - Init COMPLETE
node23D400669:1240:2607 [1] NCCL INFO Init timings - ncclCommInitRankConfig: rank 17 nranks 32 total 2.03 (kernels 0.00, alloc 0.00, bootstrap 0.51, allgathers 0.09, topo 1.25, graphs 0.02, connections 0.15, rest 0.01)
node23D400669:1239:2606 [0] NCCL INFO ncclCommInitRankConfig comm 0x6086fa90 rank 16 nranks 32 cudaDev 0 nvmlDev 0 busId 801000 commId 0x7afa755705f06a48 - Init COMPLETE
node23D400669:1239:2606 [0] NCCL INFO Init timings - ncclCommInitRankConfig: rank 16 nranks 32 total 2.04 (kernels 0.00, alloc 0.00, bootstrap 0.52, allgathers 0.06, topo 1.27, graphs 0.02, connections 0.15, rest 0.02)
node23D400669:1241:2604 [2] NCCL INFO ncclCommInitRankConfig comm 0x386a4180 rank 18 nranks 32 cudaDev 2 nvmlDev 2 busId 1801000 commId 0x7afa755705f06a48 - Init COMPLETE
node23D400669:1241:2604 [2] NCCL INFO Init timings - ncclCommInitRankConfig: rank 18 nranks 32 total 2.06 (kernels 0.00, alloc 0.00, bootstrap 0.53, allgathers 0.09, topo 1.25, graphs 0.02, connections 0.15, rest 0.01)
node23D400669:1242:2605 [3] NCCL INFO ncclCommInitRankConfig comm 0x3a669f50 rank 19 nranks 32 cudaDev 3 nvmlDev 3 busId 1901000 commId 0x7afa755705f06a48 - Init COMPLETE
node23D400669:1242:2605 [3] NCCL INFO Init timings - ncclCommInitRankConfig: rank 19 nranks 32 total 2.06 (kernels 0.00, alloc 0.00, bootstrap 0.53, allgathers 0.09, topo 1.24, graphs 0.02, connections 0.15, rest 0.02)
node23D400669:1242:2619 [3] NCCL INFO Channel 00/0 : 19[3] -> 20[0] via P2P/MNNVL
node23D400669:1241:2618 [2] NCCL INFO Channel 00/0 : 18[2] -> 19[3] via P2P/MNNVL
node23D400669:1242:2619 [3] NCCL INFO Channel 01/0 : 19[3] -> 20[0] via P2P/MNNVL
node23D400669:1241:2618 [2] NCCL INFO Channel 01/0 : 18[2] -> 19[3] via P2P/MNNVL
node23D400669:1242:2619 [3] NCCL INFO Channel 02/0 : 19[3] -> 20[0] via P2P/MNNVL
node23D400669:1241:2618 [2] NCCL INFO Channel 02/0 : 18[2] -> 19[3] via P2P/MNNVL
node23D400669:1242:2619 [3] NCCL INFO Channel 03/0 : 19[3] -> 20[0] via P2P/MNNVL
node23D400669:1241:2618 [2] NCCL INFO Channel 03/0 : 18[2] -> 19[3] via P2P/MNNVL
node23D400669:1242:2619 [3] NCCL INFO Channel 04/0 : 19[3] -> 20[0] via P2P/MNNVL
node23D400669:1239:2617 [0] NCCL INFO Channel 00/0 : 16[0] -> 17[1] via P2P/MNNVL
node23D400669:1242:2619 [3] NCCL INFO Channel 05/0 : 19[3] -> 20[0] via P2P/MNNVL
node23D400669:1241:2618 [2] NCCL INFO Channel 04/0 : 18[2] -> 19[3] via P2P/MNNVL
node23D400669:1241:2618 [2] NCCL INFO Channel 05/0 : 18[2] -> 19[3] via P2P/MNNVL
node23D400669:1239:2617 [0] NCCL INFO Channel 01/0 : 16[0] -> 17[1] via P2P/MNNVL
node23D400669:1242:2619 [3] NCCL INFO Channel 06/0 : 19[3] -> 20[0] via P2P/MNNVL
node23D400669:1240:2616 [1] NCCL INFO Channel 00/0 : 17[1] -> 18[2] via P2P/MNNVL
node23D400669:1241:2618 [2] NCCL INFO Channel 06/0 : 18[2] -> 19[3] via P2P/MNNVL
node23D400669:1239:2617 [0] NCCL INFO Channel 02/0 : 16[0] -> 17[1] via P2P/MNNVL
node23D400669:1242:2619 [3] NCCL INFO Channel 07/0 : 19[3] -> 20[0] via P2P/MNNVL
node23D400669:1240:2616 [1] NCCL INFO Channel 01/0 : 17[1] -> 18[2] via P2P/MNNVL
node23D400669:1239:2617 [0] NCCL INFO Channel 03/0 : 16[0] -> 17[1] via P2P/MNNVL
node23D400669:1240:2616 [1] NCCL INFO Channel 02/0 : 17[1] -> 18[2] via P2P/MNNVL
node23D400669:1242:2619 [3] NCCL INFO Channel 08/0 : 19[3] -> 20[0] via P2P/MNNVL
node23D400669:1241:2618 [2] NCCL INFO Channel 07/0 : 18[2] -> 19[3] via P2P/MNNVL
node23D400669:1241:2618 [2] NCCL INFO Channel 08/0 : 18[2] -> 19[3] via P2P/MNNVL
node23D400669:1242:2619 [3] NCCL INFO Channel 09/0 : 19[3] -> 20[0] via P2P/MNNVL
node23D400669:1240:2616 [1] NCCL INFO Channel 03/0 : 17[1] -> 18[2] via P2P/MNNVL
node23D400669:1239:2617 [0] NCCL INFO Channel 04/0 : 16[0] -> 17[1] via P2P/MNNVL
node23D400669:1239:2617 [0] NCCL INFO Channel 05/0 : 16[0] -> 17[1] via P2P/MNNVL
node23D400669:1240:2616 [1] NCCL INFO Channel 04/0 : 17[1] -> 18[2] via P2P/MNNVL
node23D400669:1242:2619 [3] NCCL INFO Channel 10/0 : 19[3] -> 20[0] via P2P/MNNVL
node23D400669:1241:2618 [2] NCCL INFO Channel 09/0 : 18[2] -> 19[3] via P2P/MNNVL
node23D400669:1241:2618 [2] NCCL INFO Channel 10/0 : 18[2] -> 19[3] via P2P/MNNVL
node23D400669:1240:2616 [1] NCCL INFO Channel 05/0 : 17[1] -> 18[2] via P2P/MNNVL
node23D400669:1239:2617 [0] NCCL INFO Channel 06/0 : 16[0] -> 17[1] via P2P/MNNVL
node23D400669:1242:2619 [3] NCCL INFO Channel 11/0 : 19[3] -> 20[0] via P2P/MNNVL
node23D400669:1239:2617 [0] NCCL INFO Channel 07/0 : 16[0] -> 17[1] via P2P/MNNVL
node23D400669:1240:2616 [1] NCCL INFO Channel 06/0 : 17[1] -> 18[2] via P2P/MNNVL
node23D400669:1241:2618 [2] NCCL INFO Channel 11/0 : 18[2] -> 19[3] via P2P/MNNVL
node23D400669:1242:2619 [3] NCCL INFO Channel 12/0 : 19[3] -> 20[0] via P2P/MNNVL
node23D400669:1240:2616 [1] NCCL INFO Channel 07/0 : 17[1] -> 18[2] via P2P/MNNVL
node23D400669:1239:2617 [0] NCCL INFO Channel 08/0 : 16[0] -> 17[1] via P2P/MNNVL
node23D400669:1241:2618 [2] NCCL INFO Channel 12/0 : 18[2] -> 19[3] via P2P/MNNVL
node23D400669:1242:2619 [3] NCCL INFO Channel 13/0 : 19[3] -> 20[0] via P2P/MNNVL
node23D400669:1240:2616 [1] NCCL INFO Channel 08/0 : 17[1] -> 18[2] via P2P/MNNVL
node23D400669:1239:2617 [0] NCCL INFO Channel 09/0 : 16[0] -> 17[1] via P2P/MNNVL
node23D400669:1241:2618 [2] NCCL INFO Channel 13/0 : 18[2] -> 19[3] via P2P/MNNVL
node23D400669:1240:2616 [1] NCCL INFO Channel 09/0 : 17[1] -> 18[2] via P2P/MNNVL
node23D400669:1242:2619 [3] NCCL INFO Channel 14/0 : 19[3] -> 20[0] via P2P/MNNVL
node23D400669:1239:2617 [0] NCCL INFO Channel 10/0 : 16[0] -> 17[1] via P2P/MNNVL
node23D400669:1240:2616 [1] NCCL INFO Channel 10/0 : 17[1] -> 18[2] via P2P/MNNVL
node23D400669:1239:2617 [0] NCCL INFO Channel 11/0 : 16[0] -> 17[1] via P2P/MNNVL
node23D400669:1242:2619 [3] NCCL INFO Channel 15/0 : 19[3] -> 20[0] via P2P/MNNVL
node23D400669:1241:2618 [2] NCCL INFO Channel 14/0 : 18[2] -> 19[3] via P2P/MNNVL
node23D400669:1242:2619 [3] NCCL INFO Channel 16/0 : 19[3] -> 20[0] via P2P/MNNVL
node23D400669:1239:2617 [0] NCCL INFO Channel 12/0 : 16[0] -> 17[1] via P2P/MNNVL
node23D400669:1240:2616 [1] NCCL INFO Channel 11/0 : 17[1] -> 18[2] via P2P/MNNVL
node23D400669:1241:2618 [2] NCCL INFO Channel 15/0 : 18[2] -> 19[3] via P2P/MNNVL
node23D400669:1239:2617 [0] NCCL INFO Channel 13/0 : 16[0] -> 17[1] via P2P/MNNVL
node23D400669:1242:2619 [3] NCCL INFO Channel 17/0 : 19[3] -> 20[0] via P2P/MNNVL
node23D400669:1241:2618 [2] NCCL INFO Channel 16/0 : 18[2] -> 19[3] via P2P/MNNVL
node23D400669:1240:2616 [1] NCCL INFO Channel 12/0 : 17[1] -> 18[2] via P2P/MNNVL
node23D400669:1239:2617 [0] NCCL INFO Channel 14/0 : 16[0] -> 17[1] via P2P/MNNVL
node23D400669:1242:2619 [3] NCCL INFO Channel 18/0 : 19[3] -> 20[0] via P2P/MNNVL
node23D400669:1240:2616 [1] NCCL INFO Channel 13/0 : 17[1] -> 18[2] via P2P/MNNVL
node23D400669:1241:2618 [2] NCCL INFO Channel 17/0 : 18[2] -> 19[3] via P2P/MNNVL
node23D400669:1240:2616 [1] NCCL INFO Channel 14/0 : 17[1] -> 18[2] via P2P/MNNVL
node23D400669:1242:2619 [3] NCCL INFO Channel 19/0 : 19[3] -> 20[0] via P2P/MNNVL
node23D400669:1239:2617 [0] NCCL INFO Channel 15/0 : 16[0] -> 17[1] via P2P/MNNVL
node23D400669:1241:2618 [2] NCCL INFO Channel 18/0 : 18[2] -> 19[3] via P2P/MNNVL
node23D400669:1241:2618 [2] NCCL INFO Channel 19/0 : 18[2] -> 19[3] via P2P/MNNVL
node23D400669:1242:2619 [3] NCCL INFO Channel 20/0 : 19[3] -> 20[0] via P2P/MNNVL
node23D400669:1239:2617 [0] NCCL INFO Channel 16/0 : 16[0] -> 17[1] via P2P/MNNVL
node23D400669:1240:2616 [1] NCCL INFO Channel 15/0 : 17[1] -> 18[2] via P2P/MNNVL
node23D400669:1241:2618 [2] NCCL INFO Channel 20/0 : 18[2] -> 19[3] via P2P/MNNVL
node23D400669:1242:2619 [3] NCCL INFO Channel 21/0 : 19[3] -> 20[0] via P2P/MNNVL
node23D400669:1240:2616 [1] NCCL INFO Channel 16/0 : 17[1] -> 18[2] via P2P/MNNVL
node23D400669:1239:2617 [0] NCCL INFO Channel 17/0 : 16[0] -> 17[1] via P2P/MNNVL
node23D400669:1240:2616 [1] NCCL INFO Channel 17/0 : 17[1] -> 18[2] via P2P/MNNVL
node23D400669:1239:2617 [0] NCCL INFO Channel 18/0 : 16[0] -> 17[1] via P2P/MNNVL
node23D400669:1241:2618 [2] NCCL INFO Channel 21/0 : 18[2] -> 19[3] via P2P/MNNVL
node23D400669:1242:2619 [3] NCCL INFO Channel 22/0 : 19[3] -> 20[0] via P2P/MNNVL
node23D400669:1240:2616 [1] NCCL INFO Channel 18/0 : 17[1] -> 18[2] via P2P/MNNVL
node23D400669:1239:2617 [0] NCCL INFO Channel 19/0 : 16[0] -> 17[1] via P2P/MNNVL
node23D400669:1242:2619 [3] NCCL INFO Channel 23/0 : 19[3] -> 20[0] via P2P/MNNVL
node23D400669:1241:2618 [2] NCCL INFO Channel 22/0 : 18[2] -> 19[3] via P2P/MNNVL
node23D400669:1239:2617 [0] NCCL INFO Channel 20/0 : 16[0] -> 17[1] via P2P/MNNVL
node23D400669:1240:2616 [1] NCCL INFO Channel 19/0 : 17[1] -> 18[2] via P2P/MNNVL
node23D400669:1242:2619 [3] NCCL INFO Channel 24/0 : 19[3] -> 20[0] via P2P/MNNVL
node23D400669:1241:2618 [2] NCCL INFO Channel 23/0 : 18[2] -> 19[3] via P2P/MNNVL
node23D400669:1239:2617 [0] NCCL INFO Channel 21/0 : 16[0] -> 17[1] via P2P/MNNVL
node23D400669:1242:2619 [3] NCCL INFO Channel 25/0 : 19[3] -> 20[0] via P2P/MNNVL
node23D400669:1240:2616 [1] NCCL INFO Channel 20/0 : 17[1] -> 18[2] via P2P/MNNVL
node23D400669:1239:2617 [0] NCCL INFO Channel 22/0 : 16[0] -> 17[1] via P2P/MNNVL
node23D400669:1241:2618 [2] NCCL INFO Channel 24/0 : 18[2] -> 19[3] via P2P/MNNVL
node23D400669:1242:2619 [3] NCCL INFO Channel 26/0 : 19[3] -> 20[0] via P2P/MNNVL
node23D400669:1241:2618 [2] NCCL INFO Channel 25/0 : 18[2] -> 19[3] via P2P/MNNVL
node23D400669:1239:2617 [0] NCCL INFO Channel 23/0 : 16[0] -> 17[1] via P2P/MNNVL
node23D400669:1242:2619 [3] NCCL INFO Channel 27/0 : 19[3] -> 20[0] via P2P/MNNVL
node23D400669:1240:2616 [1] NCCL INFO Channel 21/0 : 17[1] -> 18[2] via P2P/MNNVL
node23D400669:1241:2618 [2] NCCL INFO Channel 26/0 : 18[2] -> 19[3] via P2P/MNNVL
node23D400669:1240:2616 [1] NCCL INFO Channel 22/0 : 17[1] -> 18[2] via P2P/MNNVL
node23D400669:1239:2617 [0] NCCL INFO Channel 24/0 : 16[0] -> 17[1] via P2P/MNNVL
node23D400669:1242:2619 [3] NCCL INFO Channel 28/0 : 19[3] -> 20[0] via P2P/MNNVL
node23D400669:1240:2616 [1] NCCL INFO Channel 23/0 : 17[1] -> 18[2] via P2P/MNNVL
node23D400669:1241:2618 [2] NCCL INFO Channel 27/0 : 18[2] -> 19[3] via P2P/MNNVL
node23D400669:1240:2616 [1] NCCL INFO Channel 24/0 : 17[1] -> 18[2] via P2P/MNNVL
node23D400669:1242:2619 [3] NCCL INFO Channel 29/0 : 19[3] -> 20[0] via P2P/MNNVL
node23D400669:1239:2617 [0] NCCL INFO Channel 25/0 : 16[0] -> 17[1] via P2P/MNNVL
node23D400669:1241:2618 [2] NCCL INFO Channel 28/0 : 18[2] -> 19[3] via P2P/MNNVL
node23D400669:1240:2616 [1] NCCL INFO Channel 25/0 : 17[1] -> 18[2] via P2P/MNNVL
node23D400669:1242:2619 [3] NCCL INFO Channel 30/0 : 19[3] -> 20[0] via P2P/MNNVL
node23D400669:1239:2617 [0] NCCL INFO Channel 26/0 : 16[0] -> 17[1] via P2P/MNNVL
node23D400669:1241:2618 [2] NCCL INFO Channel 29/0 : 18[2] -> 19[3] via P2P/MNNVL
node23D400669:1240:2616 [1] NCCL INFO Channel 26/0 : 17[1] -> 18[2] via P2P/MNNVL
node23D400669:1239:2617 [0] NCCL INFO Channel 27/0 : 16[0] -> 17[1] via P2P/MNNVL
node23D400669:1242:2619 [3] NCCL INFO Channel 31/0 : 19[3] -> 20[0] via P2P/MNNVL
node23D400669:1239:2617 [0] NCCL INFO Channel 28/0 : 16[0] -> 17[1] via P2P/MNNVL
node23D400669:1241:2618 [2] NCCL INFO Channel 30/0 : 18[2] -> 19[3] via P2P/MNNVL
node23D400669:1240:2616 [1] NCCL INFO Channel 27/0 : 17[1] -> 18[2] via P2P/MNNVL
node23D400669:1239:2617 [0] NCCL INFO Channel 29/0 : 16[0] -> 17[1] via P2P/MNNVL
node23D400669:1240:2616 [1] NCCL INFO Channel 28/0 : 17[1] -> 18[2] via P2P/MNNVL
node23D400669:1241:2618 [2] NCCL INFO Channel 31/0 : 18[2] -> 19[3] via P2P/MNNVL
node23D400669:1239:2617 [0] NCCL INFO Channel 30/0 : 16[0] -> 17[1] via P2P/MNNVL
node23D400669:1240:2616 [1] NCCL INFO Channel 29/0 : 17[1] -> 18[2] via P2P/MNNVL
node23D400669:1239:2617 [0] NCCL INFO Channel 31/0 : 16[0] -> 17[1] via P2P/MNNVL
node23D400669:1240:2616 [1] NCCL INFO Channel 30/0 : 17[1] -> 18[2] via P2P/MNNVL
node23D400669:1240:2616 [1] NCCL INFO Channel 31/0 : 17[1] -> 18[2] via P2P/MNNVL
node23D400669:1239:2617 [0] NCCL INFO Connected all rings, use ring PXN 0 GDR 1
node23D400669:1242:2619 [3] NCCL INFO Connected all rings, use ring PXN 0 GDR 1
node23D400669:1240:2616 [1] NCCL INFO Connected all rings, use ring PXN 0 GDR 1
node23D400669:1241:2618 [2] NCCL INFO Connected all rings, use ring PXN 0 GDR 1
[Rank 40] (after 1 iterations) memory (MB) | allocated: 84739.185546875 | max allocated: 92389.1875 | reserved: 85486.0 | max reserved: 92632.0[Rank 42] (after 1 iterations) memory (MB) | allocated: 84739.185546875 | max allocated: 92389.1875 | reserved: 85426.0 | max reserved: 92650.0
[Rank 43] (after 1 iterations) memory (MB) | allocated: 84739.185546875 | max allocated: 92389.1875 | reserved: 85510.0 | max reserved: 92656.0[Rank 41] (after 1 iterations) memory (MB) | allocated: 84739.185546875 | max allocated: 92389.1875 | reserved: 85510.0 | max reserved: 92692.0


node23D400669:1240:2620 [1] NCCL INFO Channel 00/1 : 41[1] -> 0[0] via P2P/MNNVL
node23D400669:1239:2621 [0] NCCL INFO Channel 00/1 : 40[0] -> 0[0] via P2P/MNNVL
node23D400669:1242:2622 [3] NCCL INFO Channel 00/1 : 43[3] -> 0[0] via P2P/MNNVL
node23D400669:1241:2623 [2] NCCL INFO Channel 00/1 : 42[2] -> 0[0] via P2P/MNNVL
node23D400669:1240:2620 [1] NCCL INFO Channel 01/1 : 41[1] -> 0[0] via P2P/MNNVL
node23D400669:1239:2621 [0] NCCL INFO Channel 01/1 : 40[0] -> 0[0] via P2P/MNNVL
node23D400669:1242:2622 [3] NCCL INFO Channel 01/1 : 43[3] -> 0[0] via P2P/MNNVL
node23D400669:1241:2623 [2] NCCL INFO Channel 01/1 : 42[2] -> 0[0] via P2P/MNNVL
node23D400669:1239:2621 [0] NCCL INFO Channel 02/1 : 40[0] -> 0[0] via P2P/MNNVL
node23D400669:1240:2620 [1] NCCL INFO Channel 02/1 : 41[1] -> 0[0] via P2P/MNNVL
node23D400669:1239:2621 [0] NCCL INFO Channel 03/1 : 40[0] -> 0[0] via P2P/MNNVL
node23D400669:1242:2622 [3] NCCL INFO Channel 02/1 : 43[3] -> 0[0] via P2P/MNNVL
node23D400669:1241:2623 [2] NCCL INFO Channel 02/1 : 42[2] -> 0[0] via P2P/MNNVL
node23D400669:1240:2620 [1] NCCL INFO Channel 03/1 : 41[1] -> 0[0] via P2P/MNNVL
node23D400669:1239:2621 [0] NCCL INFO Channel 04/1 : 40[0] -> 0[0] via P2P/MNNVL
node23D400669:1241:2623 [2] NCCL INFO Channel 03/1 : 42[2] -> 0[0] via P2P/MNNVL
node23D400669:1242:2622 [3] NCCL INFO Channel 03/1 : 43[3] -> 0[0] via P2P/MNNVL
node23D400669:1240:2620 [1] NCCL INFO Channel 04/1 : 41[1] -> 0[0] via P2P/MNNVL
node23D400669:1239:2621 [0] NCCL INFO Channel 05/1 : 40[0] -> 0[0] via P2P/MNNVL
node23D400669:1242:2622 [3] NCCL INFO Channel 04/1 : 43[3] -> 0[0] via P2P/MNNVL
node23D400669:1241:2623 [2] NCCL INFO Channel 04/1 : 42[2] -> 0[0] via P2P/MNNVL
node23D400669:1240:2620 [1] NCCL INFO Channel 05/1 : 41[1] -> 0[0] via P2P/MNNVL
node23D400669:1242:2622 [3] NCCL INFO Channel 05/1 : 43[3] -> 0[0] via P2P/MNNVL
node23D400669:1239:2621 [0] NCCL INFO Channel 06/1 : 40[0] -> 0[0] via P2P/MNNVL
node23D400669:1241:2623 [2] NCCL INFO Channel 05/1 : 42[2] -> 0[0] via P2P/MNNVL
node23D400669:1240:2620 [1] NCCL INFO Channel 06/1 : 41[1] -> 0[0] via P2P/MNNVL
node23D400669:1242:2622 [3] NCCL INFO Channel 06/1 : 43[3] -> 0[0] via P2P/MNNVL
