W1116 04:16:25.040000 1174 torch/distributed/run.py:766] 
W1116 04:16:25.040000 1174 torch/distributed/run.py:766] *****************************************
W1116 04:16:25.040000 1174 torch/distributed/run.py:766] Setting OMP_NUM_THREADS environment variable for each process to be 1 in default, to avoid your system being overloaded, please further tune the variable for optimal performance in your application as needed. 
W1116 04:16:25.040000 1174 torch/distributed/run.py:766] *****************************************
[Gloo] Rank [Gloo] Rank [Gloo] Rank 000 is connected to  is connected to  is connected to 111 peer ranks.  peer ranks.  peer ranks. Expected number of connected peer ranks is : Expected number of connected peer ranks is : Expected number of connected peer ranks is : 111


[Gloo] Rank 0 is connected to 1 peer ranks. Expected number of connected peer ranks is : 1
[Gloo] Rank 0 is connected to 0 peer ranks. Expected number of connected peer ranks is : 0
[Gloo] Rank 0 is connected to 0 peer ranks. Expected number of connected peer ranks is : 0
[Gloo] Rank [Gloo] Rank 00 is connected to  is connected to 00 peer ranks.  peer ranks. Expected number of connected peer ranks is : Expected number of connected peer ranks is : 00

[Gloo] Rank 0 is connected to 1 peer ranks. Expected number of connected peer ranks is : 1
[Gloo] Rank 0 is connected to 1 peer ranks. Expected number of connected peer ranks is : 1
[Gloo] Rank 0 is connected to 1 peer ranks. Expected number of connected peer ranks is : 1
[rank54]:[W1116 04:16:46.940241936 ProcessGroupNCCL.cpp:4789] [PG ID 0 PG GUID 0 Rank 54]  using GPU 2 as device used by this process is currently unknown. This can potentially cause a hang if this rank to GPU mapping is incorrect. You can specify device_id in init_process_group() to force use of a particular device.
[rank55]:[W1116 04:16:46.940241840 ProcessGroupNCCL.cpp:4789] [PG ID 0 PG GUID 0 Rank 55]  using GPU 3 as device used by this process is currently unknown. This can potentially cause a hang if this rank to GPU mapping is incorrect. You can specify device_id in init_process_group() to force use of a particular device.
[rank53]:[W1116 04:16:46.940242000 ProcessGroupNCCL.cpp:4789] [PG ID 0 PG GUID 0 Rank 53]  using GPU 1 as device used by this process is currently unknown. This can potentially cause a hang if this rank to GPU mapping is incorrect. You can specify device_id in init_process_group() to force use of a particular device.
[Gloo] Rank 0 is connected to 1 peer ranks. Expected number of connected peer ranks is : 1
[rank52]:[W1116 04:16:46.309572790 ProcessGroupNCCL.cpp:4789] [PG ID 0 PG GUID 0 Rank 52]  using GPU 0 as device used by this process is currently unknown. This can potentially cause a hang if this rank to GPU mapping is incorrect. You can specify device_id in init_process_group() to force use of a particular device.
node23D400671:1239:1239 [0] NCCL INFO cudaDriverVersion 12080
node23D400671:1239:1239 [0] NCCL INFO Bootstrap: Using enP5p9s0:10.192.23.145<0>
node23D400671:1239:1239 [0] NCCL INFO NCCL version 2.27.3+cuda12.9
node23D400671:1239:1239 [0] NCCL INFO Comm config Blocking set to 1
node23D400671:1241:1241 [2] NCCL INFO cudaDriverVersion 12080
node23D400671:1240:1240 [1] NCCL INFO cudaDriverVersion 12080
node23D400671:1242:1242 [3] NCCL INFO cudaDriverVersion 12080
node23D400671:1241:1241 [2] NCCL INFO Bootstrap: Using enP5p9s0:10.192.23.145<0>
node23D400671:1240:1240 [1] NCCL INFO Bootstrap: Using enP5p9s0:10.192.23.145<0>
node23D400671:1242:1242 [3] NCCL INFO Bootstrap: Using enP5p9s0:10.192.23.145<0>
node23D400671:1241:1241 [2] NCCL INFO NCCL version 2.27.3+cuda12.9
node23D400671:1240:1240 [1] NCCL INFO NCCL version 2.27.3+cuda12.9
node23D400671:1242:1242 [3] NCCL INFO NCCL version 2.27.3+cuda12.9
node23D400671:1241:1241 [2] NCCL INFO Comm config Blocking set to 1
node23D400671:1242:1242 [3] NCCL INFO Comm config Blocking set to 1
node23D400671:1240:1240 [1] NCCL INFO Comm config Blocking set to 1
node23D400671:1240:1718 [1] NCCL INFO NET/Plugin: Plugin name set by env to libnccl-net.so
node23D400671:1239:1715 [0] NCCL INFO NET/Plugin: Plugin name set by env to libnccl-net.so
node23D400671:1241:1717 [2] NCCL INFO NET/Plugin: Plugin name set by env to libnccl-net.so
node23D400671:1242:1716 [3] NCCL INFO NET/Plugin: Plugin name set by env to libnccl-net.so
node23D400671:1240:1718 [1] NCCL INFO NET/Plugin: Loaded net plugin NCCL RDMA Plugin v10 (v10)
node23D400671:1239:1715 [0] NCCL INFO NET/Plugin: Loaded net plugin NCCL RDMA Plugin v10 (v10)
node23D400671:1241:1717 [2] NCCL INFO NET/Plugin: Loaded net plugin NCCL RDMA Plugin v10 (v10)
node23D400671:1240:1718 [1] NCCL INFO NET/Plugin: Loaded collnet plugin NCCL RDMA Plugin v10 (v10)
node23D400671:1242:1716 [3] NCCL INFO NET/Plugin: Loaded net plugin NCCL RDMA Plugin v10 (v10)
node23D400671:1239:1715 [0] NCCL INFO NET/Plugin: Loaded collnet plugin NCCL RDMA Plugin v10 (v10)
node23D400671:1241:1717 [2] NCCL INFO NET/Plugin: Loaded collnet plugin NCCL RDMA Plugin v10 (v10)
node23D400671:1240:1718 [1] NCCL INFO Successfully loaded external plugin libnccl-net.so
node23D400671:1242:1716 [3] NCCL INFO NET/Plugin: Loaded collnet plugin NCCL RDMA Plugin v10 (v10)
node23D400671:1239:1715 [0] NCCL INFO Successfully loaded external plugin libnccl-net.so
node23D400671:1241:1717 [2] NCCL INFO Successfully loaded external plugin libnccl-net.so
node23D400671:1242:1716 [3] NCCL INFO Successfully loaded external plugin libnccl-net.so
node23D400671:1240:1718 [1] NCCL INFO Plugin Path : /opt/hpcx/nccl_rdma_sharp_plugin/lib/libnccl-net.so
node23D400671:1239:1715 [0] NCCL INFO Plugin Path : /opt/hpcx/nccl_rdma_sharp_plugin/lib/libnccl-net.so
node23D400671:1241:1717 [2] NCCL INFO Plugin Path : /opt/hpcx/nccl_rdma_sharp_plugin/lib/libnccl-net.so
node23D400671:1240:1718 [1] NCCL INFO P2P plugin v10 IBext_v10
node23D400671:1239:1715 [0] NCCL INFO P2P plugin v10 IBext_v10
node23D400671:1242:1716 [3] NCCL INFO Plugin Path : /opt/hpcx/nccl_rdma_sharp_plugin/lib/libnccl-net.so
node23D400671:1241:1717 [2] NCCL INFO P2P plugin v10 IBext_v10
node23D400671:1242:1716 [3] NCCL INFO P2P plugin v10 IBext_v10
node23D400671:1240:1718 [1] NCCL INFO NET/IB : No device found.
node23D400671:1240:1718 [1] NCCL INFO NET/IB : Using [RO]; OOB enP5p9s0:10.192.23.145<0>
node23D400671:1241:1717 [2] NCCL INFO NET/IB : No device found.
node23D400671:1241:1717 [2] NCCL INFO NET/IB : Using [RO]; OOB enP5p9s0:10.192.23.145<0>
node23D400671:1242:1716 [3] NCCL INFO NET/IB : No device found.
node23D400671:1242:1716 [3] NCCL INFO NET/IB : Using [RO]; OOB enP5p9s0:10.192.23.145<0>
node23D400671:1239:1715 [0] NCCL INFO NET/IB : No device found.
node23D400671:1239:1715 [0] NCCL INFO NET/IB : Using [RO]; OOB enP5p9s0:10.192.23.145<0>
node23D400671:1239:1715 [0] NCCL INFO NET/IB : No device found.
node23D400671:1239:1715 [0] NCCL INFO NET/IB : Using [RO]; OOB enP5p9s0:10.192.23.145<0>
node23D400671:1239:1715 [0] NCCL INFO NET/Socket : Using [0]enP5p9s0:10.192.23.145<0>
node23D400671:1239:1715 [0] NCCL INFO Initialized NET plugin Socket
node23D400671:1239:1715 [0] NCCL INFO Assigned NET plugin Socket to comm
node23D400671:1239:1715 [0] NCCL INFO Using network Socket
node23D400671:1241:1717 [2] NCCL INFO NET/IB : No device found.
node23D400671:1241:1717 [2] NCCL INFO NET/IB : Using [RO]; OOB enP5p9s0:10.192.23.145<0>
node23D400671:1241:1717 [2] NCCL INFO NET/Socket : Using [0]enP5p9s0:10.192.23.145<0>
node23D400671:1241:1717 [2] NCCL INFO Initialized NET plugin Socket
node23D400671:1241:1717 [2] NCCL INFO Assigned NET plugin Socket to comm
node23D400671:1241:1717 [2] NCCL INFO Using network Socket
node23D400671:1240:1718 [1] NCCL INFO NET/IB : No device found.
node23D400671:1240:1718 [1] NCCL INFO NET/IB : Using [RO]; OOB enP5p9s0:10.192.23.145<0>
node23D400671:1242:1716 [3] NCCL INFO NET/IB : No device found.
node23D400671:1242:1716 [3] NCCL INFO NET/IB : Using [RO]; OOB enP5p9s0:10.192.23.145<0>
node23D400671:1242:1716 [3] NCCL INFO NET/Socket : Using [0]enP5p9s0:10.192.23.145<0>
node23D400671:1240:1718 [1] NCCL INFO NET/Socket : Using [0]enP5p9s0:10.192.23.145<0>
node23D400671:1242:1716 [3] NCCL INFO Initialized NET plugin Socket
node23D400671:1240:1718 [1] NCCL INFO Initialized NET plugin Socket
node23D400671:1242:1716 [3] NCCL INFO Assigned NET plugin Socket to comm
node23D400671:1242:1716 [3] NCCL INFO Using network Socket
node23D400671:1240:1718 [1] NCCL INFO Assigned NET plugin Socket to comm
node23D400671:1240:1718 [1] NCCL INFO Using network Socket
node23D400671:1239:1715 [0] NCCL INFO ncclCommInitRankConfig comm 0x1ba4b110 rank 52 nranks 64 cudaDev 0 nvmlDev 0 busId 801000 commId 0x75c27e0d7f7ac035 - Init START
node23D400671:1241:1717 [2] NCCL INFO ncclCommInitRankConfig comm 0x2672a850 rank 54 nranks 64 cudaDev 2 nvmlDev 2 busId 1801000 commId 0x75c27e0d7f7ac035 - Init START
node23D400671:1240:1718 [1] NCCL INFO ncclCommInitRankConfig comm 0x3fb5c5f0 rank 53 nranks 64 cudaDev 1 nvmlDev 1 busId 901000 commId 0x75c27e0d7f7ac035 - Init START
node23D400671:1242:1716 [3] NCCL INFO ncclCommInitRankConfig comm 0x1874d1a0 rank 55 nranks 64 cudaDev 3 nvmlDev 3 busId 1901000 commId 0x75c27e0d7f7ac035 - Init START
node23D400671:1239:1715 [0] NCCL INFO RAS client listening socket at 127.0.0.1<28028>
node23D400671:1240:1718 [1] NCCL INFO RAS client listening socket at 127.0.0.1<28028>
node23D400671:1241:1717 [2] NCCL INFO RAS client listening socket at 127.0.0.1<28028>
node23D400671:1242:1716 [3] NCCL INFO RAS client listening socket at 127.0.0.1<28028>
node23D400671:1242:1716 [3] NCCL INFO Bootstrap timings total 0.017978 (create 0.000023, send 0.000140, recv 0.003928, ring 0.013606, delay 0.000000)
node23D400671:1239:1715 [0] NCCL INFO Bootstrap timings total 0.023083 (create 0.000035, send 0.000160, recv 0.005423, ring 0.017127, delay 0.000000)
node23D400671:1240:1718 [1] NCCL INFO Bootstrap timings total 0.018085 (create 0.000036, send 0.000175, recv 0.000507, ring 0.017108, delay 0.000001)
node23D400671:1241:1717 [2] NCCL INFO Bootstrap timings total 0.020101 (create 0.000028, send 0.000141, recv 0.002268, ring 0.017102, delay 0.000001)
node23D400671:1240:1718 [1] NCCL INFO MNNVL busId 0x901000 fabric UUID aa48724aeeaad6a8.b34b901796a1c18d cliqueId 0x7ffe state 3 healthMask 0xaa
node23D400671:1241:1717 [2] NCCL INFO MNNVL busId 0x1801000 fabric UUID aa48724aeeaad6a8.b34b901796a1c18d cliqueId 0x7ffe state 3 healthMask 0xaa
node23D400671:1239:1715 [0] NCCL INFO MNNVL busId 0x801000 fabric UUID aa48724aeeaad6a8.b34b901796a1c18d cliqueId 0x7ffe state 3 healthMask 0xaa
node23D400671:1242:1716 [3] NCCL INFO MNNVL busId 0x1901000 fabric UUID aa48724aeeaad6a8.b34b901796a1c18d cliqueId 0x7ffe state 3 healthMask 0xaa
node23D400671:1242:1716 [3] NCCL INFO MNNVL 1 cliqueId 7ffe cliqueSize 64 cliqueRank 55
node23D400671:1240:1718 [1] NCCL INFO MNNVL 1 cliqueId 7ffe cliqueSize 64 cliqueRank 53
node23D400671:1239:1715 [0] NCCL INFO MNNVL 1 cliqueId 7ffe cliqueSize 64 cliqueRank 52
node23D400671:1241:1717 [2] NCCL INFO MNNVL 1 cliqueId 7ffe cliqueSize 64 cliqueRank 54
node23D400671:1241:1717 [2] NCCL INFO Setting affinity for GPU 2 to 72-143
node23D400671:1241:1717 [2] NCCL INFO NCCL_NVLS_ENABLE set by environment to 0.
node23D400671:1240:1718 [1] NCCL INFO Setting affinity for GPU 1 to 0-71
node23D400671:1240:1718 [1] NCCL INFO NCCL_NVLS_ENABLE set by environment to 0.
node23D400671:1242:1716 [3] NCCL INFO Setting affinity for GPU 3 to 72-143
node23D400671:1242:1716 [3] NCCL INFO NCCL_NVLS_ENABLE set by environment to 0.
node23D400671:1239:1715 [0] NCCL INFO Setting affinity for GPU 0 to 0-71
node23D400671:1239:1715 [0] NCCL INFO NCCL_NVLS_ENABLE set by environment to 0.
node23D400671:1242:1716 [3] NCCL INFO comm 0x1874d1a0 rank 55 nRanks 64 nNodes 1 localRanks 64 localRank 55 MNNVL 1
node23D400671:1240:1718 [1] NCCL INFO comm 0x3fb5c5f0 rank 53 nRanks 64 nNodes 1 localRanks 64 localRank 53 MNNVL 1
node23D400671:1241:1717 [2] NCCL INFO comm 0x2672a850 rank 54 nRanks 64 nNodes 1 localRanks 64 localRank 54 MNNVL 1
node23D400671:1242:1716 [3] NCCL INFO Trees [0] 56/-1/-1->55->54 [1] 56/-1/-1->55->54 [2] 56/-1/-1->55->54 [3] 56/-1/-1->55->54 [4] 56/-1/-1->55->54 [5] 56/-1/-1->55->54 [6] 56/-1/-1->55->54 [7] 56/-1/-1->55->54 [8] 56/-1/-1->55->54 [9] 56/-1/-1->55->54 [10] 56/-1/-1->55->54 [11] 56/-1/-1->55->54 [12] 56/-1/-1->55->54 [13] 56/-1/-1->55->54 [14] 56/-1/-1->55->54 [15] 56/-1/-1->55->54 [16] 56/-1/-1->55->54 [17] 56/-1/-1->55->54 [18] 56/-1/-1->55->54 [19] 56/-1/-1->55->54 [20] 56/-1/-1->55->54 [21] 56/-1/-1->55->54 [22] 56/-1/-1->55->54 [23] 56/-1/-1->55->54 [24] 56/-1/-1->55->54 [25] 56/-1/-1->55->54 [26] 56/-1/-1->55->54 [27] 56/-1/-1->55->54 [28] 56/-1/-1->55->54 [29] 56/-1/-1->55->54 [30] 56/-1/-1->55->54 [31] 56/-1/-1->55->54
node23D400671:1242:1716 [3] NCCL INFO P2P Chunksize set to 524288
node23D400671:1240:1718 [1] NCCL INFO Trees [0] 54/-1/-1->53->52 [1] 54/-1/-1->53->52 [2] 54/-1/-1->53->52 [3] 54/-1/-1->53->52 [4] 54/-1/-1->53->52 [5] 54/-1/-1->53->52 [6] 54/-1/-1->53->52 [7] 54/-1/-1->53->52 [8] 54/-1/-1->53->52 [9] 54/-1/-1->53->52 [10] 54/-1/-1->53->52 [11] 54/-1/-1->53->52 [12] 54/-1/-1->53->52 [13] 54/-1/-1->53->52 [14] 54/-1/-1->53->52 [15] 54/-1/-1->53->52 [16] 54/-1/-1->53->52 [17] 54/-1/-1->53->52 [18] 54/-1/-1->53->52 [19] 54/-1/-1->53->52 [20] 54/-1/-1->53->52 [21] 54/-1/-1->53->52 [22] 54/-1/-1->53->52 [23] 54/-1/-1->53->52 [24] 54/-1/-1->53->52 [25] 54/-1/-1->53->52 [26] 54/-1/-1->53->52 [27] 54/-1/-1->53->52 [28] 54/-1/-1->53->52 [29] 54/-1/-1->53->52 [30] 54/-1/-1->53->52 [31] 54/-1/-1->53->52
node23D400671:1240:1718 [1] NCCL INFO P2P Chunksize set to 524288
node23D400671:1239:1715 [0] NCCL INFO comm 0x1ba4b110 rank 52 nRanks 64 nNodes 1 localRanks 64 localRank 52 MNNVL 1
node23D400671:1241:1717 [2] NCCL INFO Trees [0] 55/-1/-1->54->53 [1] 55/-1/-1->54->53 [2] 55/-1/-1->54->53 [3] 55/-1/-1->54->53 [4] 55/-1/-1->54->53 [5] 55/-1/-1->54->53 [6] 55/-1/-1->54->53 [7] 55/-1/-1->54->53 [8] 55/-1/-1->54->53 [9] 55/-1/-1->54->53 [10] 55/-1/-1->54->53 [11] 55/-1/-1->54->53 [12] 55/-1/-1->54->53 [13] 55/-1/-1->54->53 [14] 55/-1/-1->54->53 [15] 55/-1/-1->54->53 [16] 55/-1/-1->54->53 [17] 55/-1/-1->54->53 [18] 55/-1/-1->54->53 [19] 55/-1/-1->54->53 [20] 55/-1/-1->54->53 [21] 55/-1/-1->54->53 [22] 55/-1/-1->54->53 [23] 55/-1/-1->54->53 [24] 55/-1/-1->54->53 [25] 55/-1/-1->54->53 [26] 55/-1/-1->54->53 [27] 55/-1/-1->54->53 [28] 55/-1/-1->54->53 [29] 55/-1/-1->54->53 [30] 55/-1/-1->54->53 [31] 55/-1/-1->54->53
node23D400671:1239:1715 [0] NCCL INFO Trees [0] 53/-1/-1->52->51 [1] 53/-1/-1->52->51 [2] 53/-1/-1->52->51 [3] 53/-1/-1->52->51 [4] 53/-1/-1->52->51 [5] 53/-1/-1->52->51 [6] 53/-1/-1->52->51 [7] 53/-1/-1->52->51 [8] 53/-1/-1->52->51 [9] 53/-1/-1->52->51 [10] 53/-1/-1->52->51 [11] 53/-1/-1->52->51 [12] 53/-1/-1->52->51 [13] 53/-1/-1->52->51 [14] 53/-1/-1->52->51 [15] 53/-1/-1->52->51 [16] 53/-1/-1->52->51 [17] 53/-1/-1->52->51 [18] 53/-1/-1->52->51 [19] 53/-1/-1->52->51 [20] 53/-1/-1->52->51 [21] 53/-1/-1->52->51 [22] 53/-1/-1->52->51 [23] 53/-1/-1->52->51 [24] 53/-1/-1->52->51 [25] 53/-1/-1->52->51 [26] 53/-1/-1->52->51 [27] 53/-1/-1->52->51 [28] 53/-1/-1->52->51 [29] 53/-1/-1->52->51 [30] 53/-1/-1->52->51 [31] 53/-1/-1->52->51
node23D400671:1241:1717 [2] NCCL INFO P2P Chunksize set to 524288
node23D400671:1239:1715 [0] NCCL INFO P2P Chunksize set to 524288
node23D400671:1240:1718 [1] NCCL INFO PROFILER/Plugin: Could not find: libnccl-profiler.so. 
node23D400671:1239:1715 [0] NCCL INFO PROFILER/Plugin: Could not find: libnccl-profiler.so. 
node23D400671:1239:1724 [0] NCCL INFO [Proxy Service] Device 0 CPU core 50
node23D400671:1240:1723 [1] NCCL INFO [Proxy Service] Device 1 CPU core 71
node23D400671:1239:1725 [0] NCCL INFO [Proxy Service UDS] Device 0 CPU core 52
node23D400671:1240:1726 [1] NCCL INFO [Proxy Service UDS] Device 1 CPU core 0
node23D400671:1241:1717 [2] NCCL INFO PROFILER/Plugin: Could not find: libnccl-profiler.so. 
node23D400671:1241:1727 [2] NCCL INFO [Proxy Service] Device 2 CPU core 141
node23D400671:1241:1728 [2] NCCL INFO [Proxy Service UDS] Device 2 CPU core 72
node23D400671:1242:1716 [3] NCCL INFO PROFILER/Plugin: Could not find: libnccl-profiler.so. 
node23D400671:1242:1729 [3] NCCL INFO [Proxy Service] Device 3 CPU core 73
node23D400671:1242:1730 [3] NCCL INFO [Proxy Service UDS] Device 3 CPU core 75
node23D400671:1240:1718 [1] NCCL INFO threadThresholds 8/8/64 | 512/8/64 | 512 | 512
node23D400671:1240:1718 [1] NCCL INFO 32 coll channels, 32 collnet channels, 0 nvls channels, 32 p2p channels, 32 p2p channels per peer
node23D400671:1239:1715 [0] NCCL INFO threadThresholds 8/8/64 | 512/8/64 | 512 | 512
node23D400671:1239:1715 [0] NCCL INFO 32 coll channels, 32 collnet channels, 0 nvls channels, 32 p2p channels, 32 p2p channels per peer
node23D400671:1242:1716 [3] NCCL INFO threadThresholds 8/8/64 | 512/8/64 | 512 | 512
node23D400671:1242:1716 [3] NCCL INFO 32 coll channels, 32 collnet channels, 0 nvls channels, 32 p2p channels, 32 p2p channels per peer
node23D400671:1241:1717 [2] NCCL INFO threadThresholds 8/8/64 | 512/8/64 | 512 | 512
node23D400671:1241:1717 [2] NCCL INFO 32 coll channels, 32 collnet channels, 0 nvls channels, 32 p2p channels, 32 p2p channels per peer
node23D400671:1239:1715 [0] NCCL INFO TUNER/Plugin: Could not find: libnccl-tuner.so. Using internal tuner plugin.
node23D400671:1240:1718 [1] NCCL INFO TUNER/Plugin: Could not find: libnccl-tuner.so. Using internal tuner plugin.
node23D400671:1239:1715 [0] NCCL INFO TUNER/Plugin: Failed to find ncclTunerPlugin_v4 symbol.
node23D400671:1240:1718 [1] NCCL INFO TUNER/Plugin: Failed to find ncclTunerPlugin_v4 symbol.
node23D400671:1239:1715 [0] NCCL INFO TUNER/Plugin: Failed to find ncclTunerPlugin_v3 symbol.
node23D400671:1240:1718 [1] NCCL INFO TUNER/Plugin: Failed to find ncclTunerPlugin_v3 symbol.
node23D400671:1239:1715 [0] NCCL INFO TUNER/Plugin: Failed to find ncclTunerPlugin_v2 symbol, using internal tuner instead.
node23D400671:1240:1718 [1] NCCL INFO TUNER/Plugin: Failed to find ncclTunerPlugin_v2 symbol, using internal tuner instead.
node23D400671:1239:1715 [0] NCCL INFO ncclCommInitRankConfig comm 0x1ba4b110 rank 52 nranks 64 cudaDev 0 nvmlDev 0 busId 801000 commId 0x75c27e0d7f7ac035 - Init COMPLETE
node23D400671:1240:1718 [1] NCCL INFO ncclCommInitRankConfig comm 0x3fb5c5f0 rank 53 nranks 64 cudaDev 1 nvmlDev 1 busId 901000 commId 0x75c27e0d7f7ac035 - Init COMPLETE
node23D400671:1239:1715 [0] NCCL INFO Init timings - ncclCommInitRankConfig: rank 52 nranks 64 total 2.77 (kernels 0.13, alloc 0.25, bootstrap 0.02, allgathers 0.10, topo 2.05, graphs 0.04, connections 0.15, rest 0.02)
node23D400671:1240:1718 [1] NCCL INFO Init timings - ncclCommInitRankConfig: rank 53 nranks 64 total 2.77 (kernels 0.13, alloc 0.26, bootstrap 0.02, allgathers 0.12, topo 2.03, graphs 0.04, connections 0.15, rest 0.02)
node23D400671:1242:1716 [3] NCCL INFO TUNER/Plugin: Could not find: libnccl-tuner.so. Using internal tuner plugin.
node23D400671:1242:1716 [3] NCCL INFO TUNER/Plugin: Failed to find ncclTunerPlugin_v4 symbol.
node23D400671:1242:1716 [3] NCCL INFO TUNER/Plugin: Failed to find ncclTunerPlugin_v3 symbol.
node23D400671:1242:1716 [3] NCCL INFO TUNER/Plugin: Failed to find ncclTunerPlugin_v2 symbol, using internal tuner instead.
node23D400671:1242:1716 [3] NCCL INFO ncclCommInitRankConfig comm 0x1874d1a0 rank 55 nranks 64 cudaDev 3 nvmlDev 3 busId 1901000 commId 0x75c27e0d7f7ac035 - Init COMPLETE
node23D400671:1242:1716 [3] NCCL INFO Init timings - ncclCommInitRankConfig: rank 55 nranks 64 total 2.77 (kernels 0.13, alloc 0.26, bootstrap 0.02, allgathers 0.10, topo 2.05, graphs 0.04, connections 0.15, rest 0.02)
node23D400671:1241:1717 [2] NCCL INFO TUNER/Plugin: Could not find: libnccl-tuner.so. Using internal tuner plugin.
node23D400671:1241:1717 [2] NCCL INFO TUNER/Plugin: Failed to find ncclTunerPlugin_v4 symbol.
node23D400671:1241:1717 [2] NCCL INFO TUNER/Plugin: Failed to find ncclTunerPlugin_v3 symbol.
node23D400671:1241:1717 [2] NCCL INFO TUNER/Plugin: Failed to find ncclTunerPlugin_v2 symbol, using internal tuner instead.
node23D400671:1241:1717 [2] NCCL INFO ncclCommInitRankConfig comm 0x2672a850 rank 54 nranks 64 cudaDev 2 nvmlDev 2 busId 1801000 commId 0x75c27e0d7f7ac035 - Init COMPLETE
node23D400671:1241:1717 [2] NCCL INFO Init timings - ncclCommInitRankConfig: rank 54 nranks 64 total 2.77 (kernels 0.13, alloc 0.26, bootstrap 0.02, allgathers 0.12, topo 2.03, graphs 0.04, connections 0.15, rest 0.01)
node23D400671:1239:1733 [0] NCCL INFO Channel 00/0 : 52[0] -> 53[1] via P2P/MNNVL
node23D400671:1239:1733 [0] NCCL INFO Channel 01/0 : 52[0] -> 53[1] via P2P/MNNVL
node23D400671:1241:1731 [2] NCCL INFO Channel 00/0 : 54[2] -> 55[3] via P2P/MNNVL
node23D400671:1239:1733 [0] NCCL INFO Channel 02/0 : 52[0] -> 53[1] via P2P/MNNVL
node23D400671:1241:1731 [2] NCCL INFO Channel 01/0 : 54[2] -> 55[3] via P2P/MNNVL
node23D400671:1239:1733 [0] NCCL INFO Channel 03/0 : 52[0] -> 53[1] via P2P/MNNVL
node23D400671:1240:1732 [1] NCCL INFO Channel 00/0 : 53[1] -> 54[2] via P2P/MNNVL
node23D400671:1241:1731 [2] NCCL INFO Channel 02/0 : 54[2] -> 55[3] via P2P/MNNVL
node23D400671:1239:1733 [0] NCCL INFO Channel 04/0 : 52[0] -> 53[1] via P2P/MNNVL
node23D400671:1242:1734 [3] NCCL INFO Channel 00/0 : 55[3] -> 56[0] via P2P/MNNVL
node23D400671:1240:1732 [1] NCCL INFO Channel 01/0 : 53[1] -> 54[2] via P2P/MNNVL
node23D400671:1241:1731 [2] NCCL INFO Channel 03/0 : 54[2] -> 55[3] via P2P/MNNVL
node23D400671:1239:1733 [0] NCCL INFO Channel 05/0 : 52[0] -> 53[1] via P2P/MNNVL
node23D400671:1242:1734 [3] NCCL INFO Channel 01/0 : 55[3] -> 56[0] via P2P/MNNVL
node23D400671:1240:1732 [1] NCCL INFO Channel 02/0 : 53[1] -> 54[2] via P2P/MNNVL
node23D400671:1241:1731 [2] NCCL INFO Channel 04/0 : 54[2] -> 55[3] via P2P/MNNVL
node23D400671:1239:1733 [0] NCCL INFO Channel 06/0 : 52[0] -> 53[1] via P2P/MNNVL
node23D400671:1242:1734 [3] NCCL INFO Channel 02/0 : 55[3] -> 56[0] via P2P/MNNVL
node23D400671:1240:1732 [1] NCCL INFO Channel 03/0 : 53[1] -> 54[2] via P2P/MNNVL
node23D400671:1241:1731 [2] NCCL INFO Channel 05/0 : 54[2] -> 55[3] via P2P/MNNVL
node23D400671:1242:1734 [3] NCCL INFO Channel 03/0 : 55[3] -> 56[0] via P2P/MNNVL
node23D400671:1241:1731 [2] NCCL INFO Channel 06/0 : 54[2] -> 55[3] via P2P/MNNVL
node23D400671:1240:1732 [1] NCCL INFO Channel 04/0 : 53[1] -> 54[2] via P2P/MNNVL
node23D400671:1239:1733 [0] NCCL INFO Channel 07/0 : 52[0] -> 53[1] via P2P/MNNVL
node23D400671:1241:1731 [2] NCCL INFO Channel 07/0 : 54[2] -> 55[3] via P2P/MNNVL
node23D400671:1242:1734 [3] NCCL INFO Channel 04/0 : 55[3] -> 56[0] via P2P/MNNVL
node23D400671:1242:1734 [3] NCCL INFO Channel 05/0 : 55[3] -> 56[0] via P2P/MNNVL
node23D400671:1241:1731 [2] NCCL INFO Channel 08/0 : 54[2] -> 55[3] via P2P/MNNVL
node23D400671:1239:1733 [0] NCCL INFO Channel 08/0 : 52[0] -> 53[1] via P2P/MNNVL
node23D400671:1240:1732 [1] NCCL INFO Channel 05/0 : 53[1] -> 54[2] via P2P/MNNVL
node23D400671:1240:1732 [1] NCCL INFO Channel 06/0 : 53[1] -> 54[2] via P2P/MNNVL
node23D400671:1242:1734 [3] NCCL INFO Channel 06/0 : 55[3] -> 56[0] via P2P/MNNVL
node23D400671:1241:1731 [2] NCCL INFO Channel 09/0 : 54[2] -> 55[3] via P2P/MNNVL
node23D400671:1239:1733 [0] NCCL INFO Channel 09/0 : 52[0] -> 53[1] via P2P/MNNVL
node23D400671:1240:1732 [1] NCCL INFO Channel 07/0 : 53[1] -> 54[2] via P2P/MNNVL
node23D400671:1242:1734 [3] NCCL INFO Channel 07/0 : 55[3] -> 56[0] via P2P/MNNVL
node23D400671:1239:1733 [0] NCCL INFO Channel 10/0 : 52[0] -> 53[1] via P2P/MNNVL
node23D400671:1240:1732 [1] NCCL INFO Channel 08/0 : 53[1] -> 54[2] via P2P/MNNVL
node23D400671:1241:1731 [2] NCCL INFO Channel 10/0 : 54[2] -> 55[3] via P2P/MNNVL
node23D400671:1239:1733 [0] NCCL INFO Channel 11/0 : 52[0] -> 53[1] via P2P/MNNVL
node23D400671:1242:1734 [3] NCCL INFO Channel 08/0 : 55[3] -> 56[0] via P2P/MNNVL
node23D400671:1240:1732 [1] NCCL INFO Channel 09/0 : 53[1] -> 54[2] via P2P/MNNVL
node23D400671:1241:1731 [2] NCCL INFO Channel 11/0 : 54[2] -> 55[3] via P2P/MNNVL
node23D400671:1239:1733 [0] NCCL INFO Channel 12/0 : 52[0] -> 53[1] via P2P/MNNVL
node23D400671:1242:1734 [3] NCCL INFO Channel 09/0 : 55[3] -> 56[0] via P2P/MNNVL
node23D400671:1240:1732 [1] NCCL INFO Channel 10/0 : 53[1] -> 54[2] via P2P/MNNVL
node23D400671:1241:1731 [2] NCCL INFO Channel 12/0 : 54[2] -> 55[3] via P2P/MNNVL
node23D400671:1242:1734 [3] NCCL INFO Channel 10/0 : 55[3] -> 56[0] via P2P/MNNVL
node23D400671:1240:1732 [1] NCCL INFO Channel 11/0 : 53[1] -> 54[2] via P2P/MNNVL
node23D400671:1239:1733 [0] NCCL INFO Channel 13/0 : 52[0] -> 53[1] via P2P/MNNVL
node23D400671:1242:1734 [3] NCCL INFO Channel 11/0 : 55[3] -> 56[0] via P2P/MNNVL
node23D400671:1241:1731 [2] NCCL INFO Channel 13/0 : 54[2] -> 55[3] via P2P/MNNVL
node23D400671:1240:1732 [1] NCCL INFO Channel 12/0 : 53[1] -> 54[2] via P2P/MNNVL
node23D400671:1239:1733 [0] NCCL INFO Channel 14/0 : 52[0] -> 53[1] via P2P/MNNVL
node23D400671:1242:1734 [3] NCCL INFO Channel 12/0 : 55[3] -> 56[0] via P2P/MNNVL
node23D400671:1241:1731 [2] NCCL INFO Channel 14/0 : 54[2] -> 55[3] via P2P/MNNVL
node23D400671:1240:1732 [1] NCCL INFO Channel 13/0 : 53[1] -> 54[2] via P2P/MNNVL
node23D400671:1239:1733 [0] NCCL INFO Channel 15/0 : 52[0] -> 53[1] via P2P/MNNVL
node23D400671:1240:1732 [1] NCCL INFO Channel 14/0 : 53[1] -> 54[2] via P2P/MNNVL
node23D400671:1239:1733 [0] NCCL INFO Channel 16/0 : 52[0] -> 53[1] via P2P/MNNVL
node23D400671:1242:1734 [3] NCCL INFO Channel 13/0 : 55[3] -> 56[0] via P2P/MNNVL
node23D400671:1241:1731 [2] NCCL INFO Channel 15/0 : 54[2] -> 55[3] via P2P/MNNVL
node23D400671:1242:1734 [3] NCCL INFO Channel 14/0 : 55[3] -> 56[0] via P2P/MNNVL
node23D400671:1239:1733 [0] NCCL INFO Channel 17/0 : 52[0] -> 53[1] via P2P/MNNVL
node23D400671:1240:1732 [1] NCCL INFO Channel 15/0 : 53[1] -> 54[2] via P2P/MNNVL
node23D400671:1241:1731 [2] NCCL INFO Channel 16/0 : 54[2] -> 55[3] via P2P/MNNVL
node23D400671:1242:1734 [3] NCCL INFO Channel 15/0 : 55[3] -> 56[0] via P2P/MNNVL
node23D400671:1239:1733 [0] NCCL INFO Channel 18/0 : 52[0] -> 53[1] via P2P/MNNVL
node23D400671:1241:1731 [2] NCCL INFO Channel 17/0 : 54[2] -> 55[3] via P2P/MNNVL
node23D400671:1240:1732 [1] NCCL INFO Channel 16/0 : 53[1] -> 54[2] via P2P/MNNVL
node23D400671:1242:1734 [3] NCCL INFO Channel 16/0 : 55[3] -> 56[0] via P2P/MNNVL
node23D400671:1240:1732 [1] NCCL INFO Channel 17/0 : 53[1] -> 54[2] via P2P/MNNVL
node23D400671:1239:1733 [0] NCCL INFO Channel 19/0 : 52[0] -> 53[1] via P2P/MNNVL
node23D400671:1241:1731 [2] NCCL INFO Channel 18/0 : 54[2] -> 55[3] via P2P/MNNVL
node23D400671:1242:1734 [3] NCCL INFO Channel 17/0 : 55[3] -> 56[0] via P2P/MNNVL
node23D400671:1241:1731 [2] NCCL INFO Channel 19/0 : 54[2] -> 55[3] via P2P/MNNVL
node23D400671:1240:1732 [1] NCCL INFO Channel 18/0 : 53[1] -> 54[2] via P2P/MNNVL
node23D400671:1239:1733 [0] NCCL INFO Channel 20/0 : 52[0] -> 53[1] via P2P/MNNVL
node23D400671:1242:1734 [3] NCCL INFO Channel 18/0 : 55[3] -> 56[0] via P2P/MNNVL
node23D400671:1240:1732 [1] NCCL INFO Channel 19/0 : 53[1] -> 54[2] via P2P/MNNVL
node23D400671:1239:1733 [0] NCCL INFO Channel 21/0 : 52[0] -> 53[1] via P2P/MNNVL
node23D400671:1241:1731 [2] NCCL INFO Channel 20/0 : 54[2] -> 55[3] via P2P/MNNVL
node23D400671:1242:1734 [3] NCCL INFO Channel 19/0 : 55[3] -> 56[0] via P2P/MNNVL
node23D400671:1242:1734 [3] NCCL INFO Channel 20/0 : 55[3] -> 56[0] via P2P/MNNVL
node23D400671:1241:1731 [2] NCCL INFO Channel 21/0 : 54[2] -> 55[3] via P2P/MNNVL
node23D400671:1240:1732 [1] NCCL INFO Channel 20/0 : 53[1] -> 54[2] via P2P/MNNVL
node23D400671:1239:1733 [0] NCCL INFO Channel 22/0 : 52[0] -> 53[1] via P2P/MNNVL
node23D400671:1239:1733 [0] NCCL INFO Channel 23/0 : 52[0] -> 53[1] via P2P/MNNVL
node23D400671:1240:1732 [1] NCCL INFO Channel 21/0 : 53[1] -> 54[2] via P2P/MNNVL
node23D400671:1242:1734 [3] NCCL INFO Channel 21/0 : 55[3] -> 56[0] via P2P/MNNVL
node23D400671:1241:1731 [2] NCCL INFO Channel 22/0 : 54[2] -> 55[3] via P2P/MNNVL
node23D400671:1239:1733 [0] NCCL INFO Channel 24/0 : 52[0] -> 53[1] via P2P/MNNVL
node23D400671:1239:1733 [0] NCCL INFO Channel 25/0 : 52[0] -> 53[1] via P2P/MNNVL
node23D400671:1240:1732 [1] NCCL INFO Channel 22/0 : 53[1] -> 54[2] via P2P/MNNVL
node23D400671:1242:1734 [3] NCCL INFO Channel 22/0 : 55[3] -> 56[0] via P2P/MNNVL
node23D400671:1241:1731 [2] NCCL INFO Channel 23/0 : 54[2] -> 55[3] via P2P/MNNVL
node23D400671:1242:1734 [3] NCCL INFO Channel 23/0 : 55[3] -> 56[0] via P2P/MNNVL
node23D400671:1241:1731 [2] NCCL INFO Channel 24/0 : 54[2] -> 55[3] via P2P/MNNVL
node23D400671:1239:1733 [0] NCCL INFO Channel 26/0 : 52[0] -> 53[1] via P2P/MNNVL
node23D400671:1240:1732 [1] NCCL INFO Channel 23/0 : 53[1] -> 54[2] via P2P/MNNVL
node23D400671:1242:1734 [3] NCCL INFO Channel 24/0 : 55[3] -> 56[0] via P2P/MNNVL
node23D400671:1239:1733 [0] NCCL INFO Channel 27/0 : 52[0] -> 53[1] via P2P/MNNVL
node23D400671:1240:1732 [1] NCCL INFO Channel 24/0 : 53[1] -> 54[2] via P2P/MNNVL
node23D400671:1241:1731 [2] NCCL INFO Channel 25/0 : 54[2] -> 55[3] via P2P/MNNVL
node23D400671:1242:1734 [3] NCCL INFO Channel 25/0 : 55[3] -> 56[0] via P2P/MNNVL
node23D400671:1239:1733 [0] NCCL INFO Channel 28/0 : 52[0] -> 53[1] via P2P/MNNVL
node23D400671:1240:1732 [1] NCCL INFO Channel 25/0 : 53[1] -> 54[2] via P2P/MNNVL
node23D400671:1242:1734 [3] NCCL INFO Channel 26/0 : 55[3] -> 56[0] via P2P/MNNVL
node23D400671:1241:1731 [2] NCCL INFO Channel 26/0 : 54[2] -> 55[3] via P2P/MNNVL
node23D400671:1242:1734 [3] NCCL INFO Channel 27/0 : 55[3] -> 56[0] via P2P/MNNVL
node23D400671:1241:1731 [2] NCCL INFO Channel 27/0 : 54[2] -> 55[3] via P2P/MNNVL
node23D400671:1239:1733 [0] NCCL INFO Channel 29/0 : 52[0] -> 53[1] via P2P/MNNVL
node23D400671:1240:1732 [1] NCCL INFO Channel 26/0 : 53[1] -> 54[2] via P2P/MNNVL
node23D400671:1239:1733 [0] NCCL INFO Channel 30/0 : 52[0] -> 53[1] via P2P/MNNVL
node23D400671:1240:1732 [1] NCCL INFO Channel 27/0 : 53[1] -> 54[2] via P2P/MNNVL
node23D400671:1242:1734 [3] NCCL INFO Channel 28/0 : 55[3] -> 56[0] via P2P/MNNVL
node23D400671:1241:1731 [2] NCCL INFO Channel 28/0 : 54[2] -> 55[3] via P2P/MNNVL
node23D400671:1239:1733 [0] NCCL INFO Channel 31/0 : 52[0] -> 53[1] via P2P/MNNVL
node23D400671:1242:1734 [3] NCCL INFO Channel 29/0 : 55[3] -> 56[0] via P2P/MNNVL
node23D400671:1240:1732 [1] NCCL INFO Channel 28/0 : 53[1] -> 54[2] via P2P/MNNVL
node23D400671:1241:1731 [2] NCCL INFO Channel 29/0 : 54[2] -> 55[3] via P2P/MNNVL
node23D400671:1242:1734 [3] NCCL INFO Channel 30/0 : 55[3] -> 56[0] via P2P/MNNVL
node23D400671:1241:1731 [2] NCCL INFO Channel 30/0 : 54[2] -> 55[3] via P2P/MNNVL
node23D400671:1240:1732 [1] NCCL INFO Channel 29/0 : 53[1] -> 54[2] via P2P/MNNVL
node23D400671:1240:1732 [1] NCCL INFO Channel 30/0 : 53[1] -> 54[2] via P2P/MNNVL
node23D400671:1242:1734 [3] NCCL INFO Channel 31/0 : 55[3] -> 56[0] via P2P/MNNVL
node23D400671:1241:1731 [2] NCCL INFO Channel 31/0 : 54[2] -> 55[3] via P2P/MNNVL
node23D400671:1240:1732 [1] NCCL INFO Channel 31/0 : 53[1] -> 54[2] via P2P/MNNVL
node23D400671:1242:1734 [3] NCCL INFO Connected all rings, use ring PXN 0 GDR 1
node23D400671:1240:1732 [1] NCCL INFO Connected all rings, use ring PXN 0 GDR 1
node23D400671:1241:1731 [2] NCCL INFO Connected all rings, use ring PXN 0 GDR 1
node23D400671:1239:1733 [0] NCCL INFO Connected all rings, use ring PXN 0 GDR 1
 > number of parameters on (tensor, pipeline) model parallel rank (4, 3): 8221286400 > number of parameters on (tensor, pipeline) model parallel rank (6, 3): 8221286400
 > number of parameters on (tensor, pipeline) model parallel rank (5, 3): 8221286400

 > number of parameters on (tensor, pipeline) model parallel rank (7, 3): 8221286400
node23D400671:1241:1241 [2] NCCL INFO Comm config Blocking set to 1
node23D400671:1242:1242 [3] NCCL INFO Comm config Blocking set to 1
node23D400671:1240:1240 [1] NCCL INFO Comm config Blocking set to 1
node23D400671:1239:1239 [0] NCCL INFO Comm config Blocking set to 1
node23D400671:1241:2087 [2] NCCL INFO Assigned NET plugin Socket to comm
node23D400671:1242:2088 [3] NCCL INFO Assigned NET plugin Socket to comm
node23D400671:1241:2087 [2] NCCL INFO Using network Socket
node23D400671:1242:2088 [3] NCCL INFO Using network Socket
node23D400671:1241:2087 [2] NCCL INFO ncclCommInitRankConfig comm 0x31042ec0 rank 3 nranks 4 cudaDev 2 nvmlDev 2 busId 1801000 commId 0x71b00dcfe5b26776 - Init START
node23D400671:1239:2090 [0] NCCL INFO Assigned NET plugin Socket to comm
node23D400671:1240:2089 [1] NCCL INFO Assigned NET plugin Socket to comm
node23D400671:1239:2090 [0] NCCL INFO Using network Socket
node23D400671:1240:2089 [1] NCCL INFO Using network Socket
node23D400671:1242:2088 [3] NCCL INFO ncclCommInitRankConfig comm 0x22f70860 rank 3 nranks 4 cudaDev 3 nvmlDev 3 busId 1901000 commId 0xd07396675698a78 - Init START
node23D400671:1239:2090 [0] NCCL INFO ncclCommInitRankConfig comm 0x26360dc0 rank 3 nranks 4 cudaDev 0 nvmlDev 0 busId 801000 commId 0xb3e59cdac629bb8e - Init START
node23D400671:1240:2089 [1] NCCL INFO ncclCommInitRankConfig comm 0x49df5f10 rank 3 nranks 4 cudaDev 1 nvmlDev 1 busId 901000 commId 0x5b3a5b52ebb0bfa3 - Init START
node23D400671:1241:2087 [2] NCCL INFO Bootstrap timings total 0.001426 (create 0.000056, send 0.000157, recv 0.000343, ring 0.000302, delay 0.000000)
node23D400671:1242:2088 [3] NCCL INFO Bootstrap timings total 0.001468 (create 0.000028, send 0.000138, recv 0.000363, ring 0.000519, delay 0.000000)
node23D400671:1241:2087 [2] NCCL INFO MNNVL busId 0x1801000 fabric UUID aa48724aeeaad6a8.b34b901796a1c18d cliqueId 0x7ffe state 3 healthMask 0xaa
node23D400671:1242:2088 [3] NCCL INFO MNNVL busId 0x1901000 fabric UUID aa48724aeeaad6a8.b34b901796a1c18d cliqueId 0x7ffe state 3 healthMask 0xaa
node23D400671:1241:2087 [2] NCCL INFO MNNVL 1 cliqueId 7ffe cliqueSize 4 cliqueRank 3
node23D400671:1242:2088 [3] NCCL INFO MNNVL 1 cliqueId 7ffe cliqueSize 4 cliqueRank 3
node23D400671:1240:2089 [1] NCCL INFO Bootstrap timings total 0.029224 (create 0.000028, send 0.000156, recv 0.028000, ring 0.000799, delay 0.000000)
node23D400671:1239:2090 [0] NCCL INFO Bootstrap timings total 0.029297 (create 0.000030, send 0.000129, recv 0.028186, ring 0.000791, delay 0.000000)
node23D400671:1239:2090 [0] NCCL INFO MNNVL busId 0x801000 fabric UUID aa48724aeeaad6a8.b34b901796a1c18d cliqueId 0x7ffe state 3 healthMask 0xaa
node23D400671:1240:2089 [1] NCCL INFO MNNVL busId 0x901000 fabric UUID aa48724aeeaad6a8.b34b901796a1c18d cliqueId 0x7ffe state 3 healthMask 0xaa
node23D400671:1240:2089 [1] NCCL INFO MNNVL 1 cliqueId 7ffe cliqueSize 4 cliqueRank 3
node23D400671:1239:2090 [0] NCCL INFO MNNVL 1 cliqueId 7ffe cliqueSize 4 cliqueRank 3
node23D400671:1242:2088 [3] NCCL INFO Setting affinity for GPU 3 to 72-143
node23D400671:1242:2088 [3] NCCL INFO comm 0x22f70860 rank 3 nRanks 4 nNodes 1 localRanks 4 localRank 3 MNNVL 1
node23D400671:1242:2088 [3] NCCL INFO Trees [0] -1/-1/-1->3->2 [1] -1/-1/-1->3->2 [2] -1/-1/-1->3->2 [3] -1/-1/-1->3->2 [4] -1/-1/-1->3->2 [5] -1/-1/-1->3->2 [6] -1/-1/-1->3->2 [7] -1/-1/-1->3->2 [8] -1/-1/-1->3->2 [9] -1/-1/-1->3->2 [10] 0/-1/-1->3->2 [11] 0/-1/-1->3->2 [12] 0/-1/-1->3->2 [13] 0/-1/-1->3->2 [14] 0/-1/-1->3->-1 [15] 0/-1/-1->3->-1 [16] -1/-1/-1->3->2 [17] -1/-1/-1->3->2 [18] -1/-1/-1->3->2 [19] -1/-1/-1->3->2 [20] -1/-1/-1->3->2 [21] -1/-1/-1->3->2 [22] -1/-1/-1->3->2 [23] -1/-1/-1->3->2 [24] -1/-1/-1->3->2 [25] -1/-1/-1->3->2 [26] 0/-1/-1->3->2 [27] 0/-1/-1->3->2 [28] 0/-1/-1->3->2 [29] 0/-1/-1->3->2 [30] 0/-1/-1->3->-1 [31] 0/-1/-1->3->-1
node23D400671:1242:2088 [3] NCCL INFO P2P Chunksize set to 524288
node23D400671:1242:2091 [3] NCCL INFO [Proxy Service] Device 3 CPU core 141
node23D400671:1242:2092 [3] NCCL INFO [Proxy Service UDS] Device 3 CPU core 142
node23D400671:1242:2088 [3] NCCL INFO threadThresholds 8/8/64 | 32/8/64 | 512 | 512
node23D400671:1242:2088 [3] NCCL INFO 32 coll channels, 32 collnet channels, 0 nvls channels, 32 p2p channels, 32 p2p channels per peer
node23D400671:1242:2088 [3] NCCL INFO ncclCommInitRankConfig comm 0x22f70860 rank 3 nranks 4 cudaDev 3 nvmlDev 3 busId 1901000 commId 0xd07396675698a78 - Init COMPLETE
node23D400671:1242:2088 [3] NCCL INFO Init timings - ncclCommInitRankConfig: rank 3 nranks 4 total 0.39 (kernels 0.00, alloc 0.00, bootstrap 0.00, allgathers 0.01, topo 0.30, graphs 0.01, connections 0.06, rest 0.01)
node23D400671:1241:2087 [2] NCCL INFO Setting affinity for GPU 2 to 72-143
node23D400671:1241:2087 [2] NCCL INFO comm 0x31042ec0 rank 3 nRanks 4 nNodes 1 localRanks 4 localRank 3 MNNVL 1
node23D400671:1241:2087 [2] NCCL INFO Trees [0] -1/-1/-1->3->2 [1] -1/-1/-1->3->2 [2] -1/-1/-1->3->2 [3] -1/-1/-1->3->2 [4] -1/-1/-1->3->2 [5] -1/-1/-1->3->2 [6] -1/-1/-1->3->2 [7] -1/-1/-1->3->2 [8] -1/-1/-1->3->2 [9] -1/-1/-1->3->2 [10] 0/-1/-1->3->2 [11] 0/-1/-1->3->2 [12] 0/-1/-1->3->2 [13] 0/-1/-1->3->2 [14] 0/-1/-1->3->-1 [15] 0/-1/-1->3->-1 [16] -1/-1/-1->3->2 [17] -1/-1/-1->3->2 [18] -1/-1/-1->3->2 [19] -1/-1/-1->3->2 [20] -1/-1/-1->3->2 [21] -1/-1/-1->3->2 [22] -1/-1/-1->3->2 [23] -1/-1/-1->3->2 [24] -1/-1/-1->3->2 [25] -1/-1/-1->3->2 [26] 0/-1/-1->3->2 [27] 0/-1/-1->3->2 [28] 0/-1/-1->3->2 [29] 0/-1/-1->3->2 [30] 0/-1/-1->3->-1 [31] 0/-1/-1->3->-1
node23D400671:1241:2087 [2] NCCL INFO P2P Chunksize set to 524288
node23D400671:1241:2094 [2] NCCL INFO [Proxy Service] Device 2 CPU core 143
node23D400671:1241:2095 [2] NCCL INFO [Proxy Service UDS] Device 2 CPU core 73
node23D400671:1241:2087 [2] NCCL INFO threadThresholds 8/8/64 | 32/8/64 | 512 | 512
node23D400671:1241:2087 [2] NCCL INFO 32 coll channels, 32 collnet channels, 0 nvls channels, 32 p2p channels, 32 p2p channels per peer
node23D400671:1241:2087 [2] NCCL INFO ncclCommInitRankConfig comm 0x31042ec0 rank 3 nranks 4 cudaDev 2 nvmlDev 2 busId 1801000 commId 0x71b00dcfe5b26776 - Init COMPLETE
node23D400671:1241:2087 [2] NCCL INFO Init timings - ncclCommInitRankConfig: rank 3 nranks 4 total 0.47 (kernels 0.00, alloc 0.00, bootstrap 0.00, allgathers 0.03, topo 0.39, graphs 0.00, connections 0.03, rest 0.01)
node23D400671:1240:2089 [1] NCCL INFO Setting affinity for GPU 1 to 0-71
node23D400671:1240:2089 [1] NCCL INFO comm 0x49df5f10 rank 3 nRanks 4 nNodes 1 localRanks 4 localRank 3 MNNVL 1
node23D400671:1240:2089 [1] NCCL INFO Trees [0] -1/-1/-1->3->2 [1] -1/-1/-1->3->2 [2] -1/-1/-1->3->2 [3] -1/-1/-1->3->2 [4] -1/-1/-1->3->2 [5] -1/-1/-1->3->2 [6] -1/-1/-1->3->2 [7] -1/-1/-1->3->2 [8] -1/-1/-1->3->2 [9] -1/-1/-1->3->2 [10] 0/-1/-1->3->2 [11] 0/-1/-1->3->2 [12] 0/-1/-1->3->2 [13] 0/-1/-1->3->2 [14] 0/-1/-1->3->-1 [15] 0/-1/-1->3->-1 [16] -1/-1/-1->3->2 [17] -1/-1/-1->3->2 [18] -1/-1/-1->3->2 [19] -1/-1/-1->3->2 [20] -1/-1/-1->3->2 [21] -1/-1/-1->3->2 [22] -1/-1/-1->3->2 [23] -1/-1/-1->3->2 [24] -1/-1/-1->3->2 [25] -1/-1/-1->3->2 [26] 0/-1/-1->3->2 [27] 0/-1/-1->3->2 [28] 0/-1/-1->3->2 [29] 0/-1/-1->3->2 [30] 0/-1/-1->3->-1 [31] 0/-1/-1->3->-1
node23D400671:1240:2089 [1] NCCL INFO P2P Chunksize set to 524288
node23D400671:1240:2097 [1] NCCL INFO [Proxy Service] Device 1 CPU core 60
node23D400671:1240:2098 [1] NCCL INFO [Proxy Service UDS] Device 1 CPU core 61
node23D400671:1239:2090 [0] NCCL INFO Setting affinity for GPU 0 to 0-71
node23D400671:1239:2090 [0] NCCL INFO comm 0x26360dc0 rank 3 nRanks 4 nNodes 1 localRanks 4 localRank 3 MNNVL 1
node23D400671:1239:2090 [0] NCCL INFO Trees [0] -1/-1/-1->3->2 [1] -1/-1/-1->3->2 [2] -1/-1/-1->3->2 [3] -1/-1/-1->3->2 [4] -1/-1/-1->3->2 [5] -1/-1/-1->3->2 [6] -1/-1/-1->3->2 [7] -1/-1/-1->3->2 [8] -1/-1/-1->3->2 [9] -1/-1/-1->3->2 [10] 0/-1/-1->3->2 [11] 0/-1/-1->3->2 [12] 0/-1/-1->3->2 [13] 0/-1/-1->3->2 [14] 0/-1/-1->3->-1 [15] 0/-1/-1->3->-1 [16] -1/-1/-1->3->2 [17] -1/-1/-1->3->2 [18] -1/-1/-1->3->2 [19] -1/-1/-1->3->2 [20] -1/-1/-1->3->2 [21] -1/-1/-1->3->2 [22] -1/-1/-1->3->2 [23] -1/-1/-1->3->2 [24] -1/-1/-1->3->2 [25] -1/-1/-1->3->2 [26] 0/-1/-1->3->2 [27] 0/-1/-1->3->2 [28] 0/-1/-1->3->2 [29] 0/-1/-1->3->2 [30] 0/-1/-1->3->-1 [31] 0/-1/-1->3->-1
node23D400671:1239:2090 [0] NCCL INFO P2P Chunksize set to 524288
node23D400671:1239:2099 [0] NCCL INFO [Proxy Service] Device 0 CPU core 51
node23D400671:1239:2100 [0] NCCL INFO [Proxy Service UDS] Device 0 CPU core 53
node23D400671:1240:2089 [1] NCCL INFO threadThresholds 8/8/64 | 32/8/64 | 512 | 512
node23D400671:1240:2089 [1] NCCL INFO 32 coll channels, 32 collnet channels, 0 nvls channels, 32 p2p channels, 32 p2p channels per peer
node23D400671:1239:2090 [0] NCCL INFO threadThresholds 8/8/64 | 32/8/64 | 512 | 512
node23D400671:1239:2090 [0] NCCL INFO 32 coll channels, 32 collnet channels, 0 nvls channels, 32 p2p channels, 32 p2p channels per peer
node23D400671:1240:2089 [1] NCCL INFO ncclCommInitRankConfig comm 0x49df5f10 rank 3 nranks 4 cudaDev 1 nvmlDev 1 busId 901000 commId 0x5b3a5b52ebb0bfa3 - Init COMPLETE
node23D400671:1240:2089 [1] NCCL INFO Init timings - ncclCommInitRankConfig: rank 3 nranks 4 total 0.76 (kernels 0.00, alloc 0.00, bootstrap 0.03, allgathers 0.06, topo 0.33, graphs 0.00, connections 0.04, rest 0.30)
node23D400671:1239:2090 [0] NCCL INFO ncclCommInitRankConfig comm 0x26360dc0 rank 3 nranks 4 cudaDev 0 nvmlDev 0 busId 801000 commId 0xb3e59cdac629bb8e - Init COMPLETE
node23D400671:1239:2090 [0] NCCL INFO Init timings - ncclCommInitRankConfig: rank 3 nranks 4 total 0.94 (kernels 0.00, alloc 0.00, bootstrap 0.03, allgathers 0.06, topo 0.33, graphs 0.00, connections 0.04, rest 0.49)
node23D400671:1240:1240 [1] NCCL INFO Comm config Blocking set to 1
node23D400671:1239:1239 [0] NCCL INFO Comm config Blocking set to 1
node23D400671:1242:1242 [3] NCCL INFO Comm config Blocking set to 1
node23D400671:1241:1241 [2] NCCL INFO Comm config Blocking set to 1
node23D400671:1240:2103 [1] NCCL INFO Assigned NET plugin Socket to comm
node23D400671:1240:2103 [1] NCCL INFO Using network Socket
node23D400671:1239:2104 [0] NCCL INFO Assigned NET plugin Socket to comm
node23D400671:1239:2104 [0] NCCL INFO Using network Socket
node23D400671:1241:2105 [2] NCCL INFO Assigned NET plugin Socket to comm
node23D400671:1241:2105 [2] NCCL INFO Using network Socket
node23D400671:1242:2106 [3] NCCL INFO Assigned NET plugin Socket to comm
node23D400671:1242:2106 [3] NCCL INFO Using network Socket
node23D400671:1240:2103 [1] NCCL INFO ncclCommInitRankConfig comm 0x49f0db30 rank 5 nranks 8 cudaDev 1 nvmlDev 1 busId 901000 commId 0x80b5bf01ada50978 - Init START
node23D400671:1239:2104 [0] NCCL INFO ncclCommInitRankConfig comm 0x264789e0 rank 4 nranks 8 cudaDev 0 nvmlDev 0 busId 801000 commId 0x80b5bf01ada50978 - Init START
node23D400671:1241:2105 [2] NCCL INFO ncclCommInitRankConfig comm 0x3115aae0 rank 6 nranks 8 cudaDev 2 nvmlDev 2 busId 1801000 commId 0x80b5bf01ada50978 - Init START
node23D400671:1242:2106 [3] NCCL INFO ncclCommInitRankConfig comm 0x23088480 rank 7 nranks 8 cudaDev 3 nvmlDev 3 busId 1901000 commId 0x80b5bf01ada50978 - Init START
node23D400671:1241:2105 [2] NCCL INFO Bootstrap timings total 0.074361 (create 0.000039, send 0.000139, recv 0.000622, ring 0.073422, delay 0.000000)
node23D400671:1242:2106 [3] NCCL INFO Bootstrap timings total 0.074316 (create 0.000027, send 0.000212, recv 0.000663, ring 0.073194, delay 0.000000)
node23D400671:1240:2103 [1] NCCL INFO Bootstrap timings total 0.074538 (create 0.000038, send 0.000158, recv 0.000508, ring 0.073678, delay 0.000000)
node23D400671:1239:2104 [0] NCCL INFO Bootstrap timings total 0.074533 (create 0.000033, send 0.000156, recv 0.000373, ring 0.000484, delay 0.000000)
node23D400671:1240:2103 [1] NCCL INFO MNNVL busId 0x901000 fabric UUID aa48724aeeaad6a8.b34b901796a1c18d cliqueId 0x7ffe state 3 healthMask 0xaa
node23D400671:1242:2106 [3] NCCL INFO MNNVL busId 0x1901000 fabric UUID aa48724aeeaad6a8.b34b901796a1c18d cliqueId 0x7ffe state 3 healthMask 0xaa
node23D400671:1241:2105 [2] NCCL INFO MNNVL busId 0x1801000 fabric UUID aa48724aeeaad6a8.b34b901796a1c18d cliqueId 0x7ffe state 3 healthMask 0xaa
node23D400671:1239:2104 [0] NCCL INFO MNNVL busId 0x801000 fabric UUID aa48724aeeaad6a8.b34b901796a1c18d cliqueId 0x7ffe state 3 healthMask 0xaa
node23D400671:1242:2106 [3] NCCL INFO MNNVL 1 cliqueId 7ffe cliqueSize 8 cliqueRank 7
node23D400671:1240:2103 [1] NCCL INFO MNNVL 1 cliqueId 7ffe cliqueSize 8 cliqueRank 5
node23D400671:1241:2105 [2] NCCL INFO MNNVL 1 cliqueId 7ffe cliqueSize 8 cliqueRank 6
node23D400671:1239:2104 [0] NCCL INFO MNNVL 1 cliqueId 7ffe cliqueSize 8 cliqueRank 4
node23D400671:1241:2105 [2] NCCL INFO Setting affinity for GPU 2 to 72-143
node23D400671:1240:2103 [1] NCCL INFO Setting affinity for GPU 1 to 0-71
node23D400671:1242:2106 [3] NCCL INFO Setting affinity for GPU 3 to 72-143
node23D400671:1239:2104 [0] NCCL INFO Setting affinity for GPU 0 to 0-71
node23D400671:1242:2106 [3] NCCL INFO comm 0x23088480 rank 7 nRanks 8 nNodes 1 localRanks 8 localRank 7 MNNVL 1
node23D400671:1242:2106 [3] NCCL INFO Trees [0] -1/-1/-1->7->6 [1] -1/-1/-1->7->6 [2] -1/-1/-1->7->6 [3] -1/-1/-1->7->6 [4] -1/-1/-1->7->6 [5] -1/-1/-1->7->6 [6] -1/-1/-1->7->6 [7] -1/-1/-1->7->6 [8] -1/-1/-1->7->6 [9] -1/-1/-1->7->6 [10] -1/-1/-1->7->6 [11] -1/-1/-1->7->6 [12] -1/-1/-1->7->6 [13] -1/-1/-1->7->6 [14] -1/-1/-1->7->6 [15] -1/-1/-1->7->6 [16] -1/-1/-1->7->6 [17] -1/-1/-1->7->6 [18] -1/-1/-1->7->6 [19] -1/-1/-1->7->6 [20] -1/-1/-1->7->6 [21] -1/-1/-1->7->6 [22] -1/-1/-1->7->6 [23] -1/-1/-1->7->6 [24] -1/-1/-1->7->6 [25] -1/-1/-1->7->6 [26] -1/-1/-1->7->6 [27] -1/-1/-1->7->6 [28] -1/-1/-1->7->6 [29] -1/-1/-1->7->6 [30] -1/-1/-1->7->6 [31] -1/-1/-1->7->6
node23D400671:1242:2106 [3] NCCL INFO P2P Chunksize set to 524288
node23D400671:1241:2105 [2] NCCL INFO comm 0x3115aae0 rank 6 nRanks 8 nNodes 1 localRanks 8 localRank 6 MNNVL 1
node23D400671:1241:2105 [2] NCCL INFO Trees [0] 7/-1/-1->6->5 [1] 7/-1/-1->6->5 [2] 7/-1/-1->6->5 [3] 7/-1/-1->6->5 [4] 7/-1/-1->6->5 [5] 7/-1/-1->6->5 [6] 7/-1/-1->6->5 [7] 7/-1/-1->6->5 [8] 7/-1/-1->6->5 [9] 7/-1/-1->6->5 [10] 7/-1/-1->6->5 [11] 7/-1/-1->6->5 [12] 7/-1/-1->6->5 [13] 7/-1/-1->6->5 [14] 7/-1/-1->6->5 [15] 7/-1/-1->6->5 [16] 7/-1/-1->6->5 [17] 7/-1/-1->6->5 [18] 7/-1/-1->6->5 [19] 7/-1/-1->6->5 [20] 7/-1/-1->6->5 [21] 7/-1/-1->6->5 [22] 7/-1/-1->6->5 [23] 7/-1/-1->6->5 [24] 7/-1/-1->6->5 [25] 7/-1/-1->6->5 [26] 7/-1/-1->6->5 [27] 7/-1/-1->6->5 [28] 7/-1/-1->6->5 [29] 7/-1/-1->6->5 [30] 7/-1/-1->6->5 [31] 7/-1/-1->6->5
node23D400671:1241:2105 [2] NCCL INFO P2P Chunksize set to 524288
node23D400671:1242:2107 [3] NCCL INFO [Proxy Service] Device 3 CPU core 143
node23D400671:1240:2103 [1] NCCL INFO comm 0x49f0db30 rank 5 nRanks 8 nNodes 1 localRanks 8 localRank 5 MNNVL 1
node23D400671:1242:2108 [3] NCCL INFO [Proxy Service UDS] Device 3 CPU core 72
node23D400671:1240:2103 [1] NCCL INFO Trees [0] 6/-1/-1->5->4 [1] 6/-1/-1->5->4 [2] 6/-1/-1->5->4 [3] 6/-1/-1->5->4 [4] 6/-1/-1->5->4 [5] 6/-1/-1->5->4 [6] 6/-1/-1->5->4 [7] 6/-1/-1->5->4 [8] 6/-1/-1->5->4 [9] 6/-1/-1->5->4 [10] 6/-1/-1->5->4 [11] 6/-1/-1->5->4 [12] 6/-1/-1->5->4 [13] 6/-1/-1->5->4 [14] 6/-1/-1->5->4 [15] 6/-1/-1->5->4 [16] 6/-1/-1->5->4 [17] 6/-1/-1->5->4 [18] 6/-1/-1->5->4 [19] 6/-1/-1->5->4 [20] 6/-1/-1->5->4 [21] 6/-1/-1->5->4 [22] 6/-1/-1->5->4 [23] 6/-1/-1->5->4 [24] 6/-1/-1->5->4 [25] 6/-1/-1->5->4 [26] 6/-1/-1->5->4 [27] 6/-1/-1->5->4 [28] 6/-1/-1->5->4 [29] 6/-1/-1->5->4 [30] 6/-1/-1->5->4 [31] 6/-1/-1->5->4
node23D400671:1240:2103 [1] NCCL INFO P2P Chunksize set to 524288
node23D400671:1241:2109 [2] NCCL INFO [Proxy Service] Device 2 CPU core 141
node23D400671:1239:2104 [0] NCCL INFO comm 0x264789e0 rank 4 nRanks 8 nNodes 1 localRanks 8 localRank 4 MNNVL 1
node23D400671:1241:2110 [2] NCCL INFO [Proxy Service UDS] Device 2 CPU core 73
node23D400671:1239:2104 [0] NCCL INFO Trees [0] 5/-1/-1->4->3 [1] 5/-1/-1->4->3 [2] 5/-1/-1->4->3 [3] 5/-1/-1->4->3 [4] 5/-1/-1->4->3 [5] 5/-1/-1->4->3 [6] 5/-1/-1->4->3 [7] 5/-1/-1->4->3 [8] 5/-1/-1->4->3 [9] 5/-1/-1->4->3 [10] 5/-1/-1->4->3 [11] 5/-1/-1->4->3 [12] 5/-1/-1->4->3 [13] 5/-1/-1->4->3 [14] 5/-1/-1->4->3 [15] 5/-1/-1->4->3 [16] 5/-1/-1->4->3 [17] 5/-1/-1->4->3 [18] 5/-1/-1->4->3 [19] 5/-1/-1->4->3 [20] 5/-1/-1->4->3 [21] 5/-1/-1->4->3 [22] 5/-1/-1->4->3 [23] 5/-1/-1->4->3 [24] 5/-1/-1->4->3 [25] 5/-1/-1->4->3 [26] 5/-1/-1->4->3 [27] 5/-1/-1->4->3 [28] 5/-1/-1->4->3 [29] 5/-1/-1->4->3 [30] 5/-1/-1->4->3 [31] 5/-1/-1->4->3
node23D400671:1239:2104 [0] NCCL INFO P2P Chunksize set to 524288
node23D400671:1240:2111 [1] NCCL INFO [Proxy Service] Device 1 CPU core 0
node23D400671:1240:2112 [1] NCCL INFO [Proxy Service UDS] Device 1 CPU core 1
node23D400671:1239:2113 [0] NCCL INFO [Proxy Service] Device 0 CPU core 53
node23D400671:1239:2114 [0] NCCL INFO [Proxy Service UDS] Device 0 CPU core 54
node23D400671:1240:2103 [1] NCCL INFO threadThresholds 8/8/64 | 64/8/64 | 512 | 512
node23D400671:1240:2103 [1] NCCL INFO 32 coll channels, 32 collnet channels, 0 nvls channels, 32 p2p channels, 32 p2p channels per peer
node23D400671:1242:2106 [3] NCCL INFO threadThresholds 8/8/64 | 64/8/64 | 512 | 512
node23D400671:1242:2106 [3] NCCL INFO 32 coll channels, 32 collnet channels, 0 nvls channels, 32 p2p channels, 32 p2p channels per peer
node23D400671:1239:2104 [0] NCCL INFO threadThresholds 8/8/64 | 64/8/64 | 512 | 512
node23D400671:1239:2104 [0] NCCL INFO 32 coll channels, 32 collnet channels, 0 nvls channels, 32 p2p channels, 32 p2p channels per peer
node23D400671:1241:2105 [2] NCCL INFO threadThresholds 8/8/64 | 64/8/64 | 512 | 512
node23D400671:1241:2105 [2] NCCL INFO 32 coll channels, 32 collnet channels, 0 nvls channels, 32 p2p channels, 32 p2p channels per peer
node23D400671:1242:2106 [3] NCCL INFO ncclCommInitRankConfig comm 0x23088480 rank 7 nranks 8 cudaDev 3 nvmlDev 3 busId 1901000 commId 0x80b5bf01ada50978 - Init COMPLETE
node23D400671:1242:2106 [3] NCCL INFO Init timings - ncclCommInitRankConfig: rank 7 nranks 8 total 1.03 (kernels 0.00, alloc 0.00, bootstrap 0.07, allgathers 0.03, topo 0.76, graphs 0.00, connections 0.15, rest 0.01)
