W1116 04:16:27.196000 1175 torch/distributed/run.py:766] 
W1116 04:16:27.196000 1175 torch/distributed/run.py:766] *****************************************
W1116 04:16:27.196000 1175 torch/distributed/run.py:766] Setting OMP_NUM_THREADS environment variable for each process to be 1 in default, to avoid your system being overloaded, please further tune the variable for optimal performance in your application as needed. 
W1116 04:16:27.196000 1175 torch/distributed/run.py:766] *****************************************
[Gloo] Rank [Gloo] Rank [Gloo] Rank 111 is connected to  is connected to  is connected to 111 peer ranks.  peer ranks.  peer ranks. Expected number of connected peer ranks is : Expected number of connected peer ranks is : Expected number of connected peer ranks is : 111


[Gloo] Rank 1 is connected to 1 peer ranks. Expected number of connected peer ranks is : 1
[Gloo] Rank 0 is connected to 0 peer ranks. Expected number of connected peer ranks is : 0
[Gloo] Rank 0 is connected to 0 peer ranks. Expected number of connected peer ranks is : 0
[Gloo] Rank [Gloo] Rank 00 is connected to  is connected to 00 peer ranks.  peer ranks. Expected number of connected peer ranks is : Expected number of connected peer ranks is : 00

[Gloo] Rank 1 is connected to 1 peer ranks. Expected number of connected peer ranks is : 1
[Gloo] Rank 1 is connected to 1 peer ranks. Expected number of connected peer ranks is : 1
[rank58]:[W1116 04:16:46.973790623 ProcessGroupNCCL.cpp:4789] [PG ID 0 PG GUID 0 Rank 58]  using GPU 2 as device used by this process is currently unknown. This can potentially cause a hang if this rank to GPU mapping is incorrect. You can specify device_id in init_process_group() to force use of a particular device.
[rank59]:[W1116 04:16:46.973790687 ProcessGroupNCCL.cpp:4789] [PG ID 0 PG GUID 0 Rank 59]  using GPU 3 as device used by this process is currently unknown. This can potentially cause a hang if this rank to GPU mapping is incorrect. You can specify device_id in init_process_group() to force use of a particular device.
[Gloo] Rank 1 is connected to 1 peer ranks. Expected number of connected peer ranks is : 1
[Gloo] Rank 1 is connected to 1 peer ranks. Expected number of connected peer ranks is : 1
[rank57]:[W1116 04:16:46.166120725 ProcessGroupNCCL.cpp:4789] [PG ID 0 PG GUID 0 Rank 57]  using GPU 1 as device used by this process is currently unknown. This can potentially cause a hang if this rank to GPU mapping is incorrect. You can specify device_id in init_process_group() to force use of a particular device.
[rank56]:[W1116 04:16:46.351889123 ProcessGroupNCCL.cpp:4789] [PG ID 0 PG GUID 0 Rank 56]  using GPU 0 as device used by this process is currently unknown. This can potentially cause a hang if this rank to GPU mapping is incorrect. You can specify device_id in init_process_group() to force use of a particular device.
node23D400684:1240:1240 [0] NCCL INFO cudaDriverVersion 12080
node23D400684:1243:1243 [3] NCCL INFO cudaDriverVersion 12080
node23D400684:1242:1242 [2] NCCL INFO cudaDriverVersion 12080
node23D400684:1241:1241 [1] NCCL INFO cudaDriverVersion 12080
node23D400684:1242:1242 [2] NCCL INFO Bootstrap: Using enP5p9s0:10.192.23.144<0>
node23D400684:1241:1241 [1] NCCL INFO Bootstrap: Using enP5p9s0:10.192.23.144<0>
node23D400684:1243:1243 [3] NCCL INFO Bootstrap: Using enP5p9s0:10.192.23.144<0>
node23D400684:1240:1240 [0] NCCL INFO Bootstrap: Using enP5p9s0:10.192.23.144<0>
node23D400684:1242:1242 [2] NCCL INFO NCCL version 2.27.3+cuda12.9
node23D400684:1241:1241 [1] NCCL INFO NCCL version 2.27.3+cuda12.9
node23D400684:1243:1243 [3] NCCL INFO NCCL version 2.27.3+cuda12.9
node23D400684:1240:1240 [0] NCCL INFO NCCL version 2.27.3+cuda12.9
node23D400684:1240:1240 [0] NCCL INFO Comm config Blocking set to 1
node23D400684:1241:1241 [1] NCCL INFO Comm config Blocking set to 1
node23D400684:1243:1243 [3] NCCL INFO Comm config Blocking set to 1
node23D400684:1242:1242 [2] NCCL INFO Comm config Blocking set to 1
node23D400684:1242:1719 [2] NCCL INFO NET/Plugin: Plugin name set by env to libnccl-net.so
node23D400684:1243:1718 [3] NCCL INFO NET/Plugin: Plugin name set by env to libnccl-net.so
node23D400684:1241:1716 [1] NCCL INFO NET/Plugin: Plugin name set by env to libnccl-net.so
node23D400684:1240:1717 [0] NCCL INFO NET/Plugin: Plugin name set by env to libnccl-net.so
node23D400684:1242:1719 [2] NCCL INFO NET/Plugin: Loaded net plugin NCCL RDMA Plugin v10 (v10)
node23D400684:1243:1718 [3] NCCL INFO NET/Plugin: Loaded net plugin NCCL RDMA Plugin v10 (v10)
node23D400684:1241:1716 [1] NCCL INFO NET/Plugin: Loaded net plugin NCCL RDMA Plugin v10 (v10)
node23D400684:1242:1719 [2] NCCL INFO NET/Plugin: Loaded collnet plugin NCCL RDMA Plugin v10 (v10)
node23D400684:1240:1717 [0] NCCL INFO NET/Plugin: Loaded net plugin NCCL RDMA Plugin v10 (v10)
node23D400684:1243:1718 [3] NCCL INFO NET/Plugin: Loaded collnet plugin NCCL RDMA Plugin v10 (v10)
node23D400684:1241:1716 [1] NCCL INFO NET/Plugin: Loaded collnet plugin NCCL RDMA Plugin v10 (v10)
node23D400684:1242:1719 [2] NCCL INFO Successfully loaded external plugin libnccl-net.so
node23D400684:1240:1717 [0] NCCL INFO NET/Plugin: Loaded collnet plugin NCCL RDMA Plugin v10 (v10)
node23D400684:1243:1718 [3] NCCL INFO Successfully loaded external plugin libnccl-net.so
node23D400684:1241:1716 [1] NCCL INFO Successfully loaded external plugin libnccl-net.so
node23D400684:1240:1717 [0] NCCL INFO Successfully loaded external plugin libnccl-net.so
node23D400684:1242:1719 [2] NCCL INFO Plugin Path : /opt/hpcx/nccl_rdma_sharp_plugin/lib/libnccl-net.so
node23D400684:1242:1719 [2] NCCL INFO P2P plugin v10 IBext_v10
node23D400684:1241:1716 [1] NCCL INFO Plugin Path : /opt/hpcx/nccl_rdma_sharp_plugin/lib/libnccl-net.so
node23D400684:1241:1716 [1] NCCL INFO P2P plugin v10 IBext_v10
node23D400684:1243:1718 [3] NCCL INFO Plugin Path : /opt/hpcx/nccl_rdma_sharp_plugin/lib/libnccl-net.so
node23D400684:1243:1718 [3] NCCL INFO P2P plugin v10 IBext_v10
node23D400684:1240:1717 [0] NCCL INFO Plugin Path : /opt/hpcx/nccl_rdma_sharp_plugin/lib/libnccl-net.so
node23D400684:1240:1717 [0] NCCL INFO P2P plugin v10 IBext_v10
node23D400684:1242:1719 [2] NCCL INFO NET/IB : No device found.
node23D400684:1242:1719 [2] NCCL INFO NET/IB : Using [RO]; OOB enP5p9s0:10.192.23.144<0>
node23D400684:1241:1716 [1] NCCL INFO NET/IB : No device found.
node23D400684:1241:1716 [1] NCCL INFO NET/IB : Using [RO]; OOB enP5p9s0:10.192.23.144<0>
node23D400684:1243:1718 [3] NCCL INFO NET/IB : No device found.
node23D400684:1243:1718 [3] NCCL INFO NET/IB : Using [RO]; OOB enP5p9s0:10.192.23.144<0>
node23D400684:1240:1717 [0] NCCL INFO NET/IB : No device found.
node23D400684:1240:1717 [0] NCCL INFO NET/IB : Using [RO]; OOB enP5p9s0:10.192.23.144<0>
node23D400684:1241:1716 [1] NCCL INFO NET/IB : No device found.
node23D400684:1241:1716 [1] NCCL INFO NET/IB : Using [RO]; OOB enP5p9s0:10.192.23.144<0>
node23D400684:1241:1716 [1] NCCL INFO NET/Socket : Using [0]enP5p9s0:10.192.23.144<0>
node23D400684:1241:1716 [1] NCCL INFO Initialized NET plugin Socket
node23D400684:1241:1716 [1] NCCL INFO Assigned NET plugin Socket to comm
node23D400684:1241:1716 [1] NCCL INFO Using network Socket
node23D400684:1242:1719 [2] NCCL INFO NET/IB : No device found.
node23D400684:1242:1719 [2] NCCL INFO NET/IB : Using [RO]; OOB enP5p9s0:10.192.23.144<0>
node23D400684:1242:1719 [2] NCCL INFO NET/Socket : Using [0]enP5p9s0:10.192.23.144<0>
node23D400684:1242:1719 [2] NCCL INFO Initialized NET plugin Socket
node23D400684:1242:1719 [2] NCCL INFO Assigned NET plugin Socket to comm
node23D400684:1242:1719 [2] NCCL INFO Using network Socket
node23D400684:1243:1718 [3] NCCL INFO NET/IB : No device found.
node23D400684:1243:1718 [3] NCCL INFO NET/IB : Using [RO]; OOB enP5p9s0:10.192.23.144<0>
node23D400684:1240:1717 [0] NCCL INFO NET/IB : No device found.
node23D400684:1240:1717 [0] NCCL INFO NET/IB : Using [RO]; OOB enP5p9s0:10.192.23.144<0>
node23D400684:1243:1718 [3] NCCL INFO NET/Socket : Using [0]enP5p9s0:10.192.23.144<0>
node23D400684:1240:1717 [0] NCCL INFO NET/Socket : Using [0]enP5p9s0:10.192.23.144<0>
node23D400684:1243:1718 [3] NCCL INFO Initialized NET plugin Socket
node23D400684:1240:1717 [0] NCCL INFO Initialized NET plugin Socket
node23D400684:1243:1718 [3] NCCL INFO Assigned NET plugin Socket to comm
node23D400684:1243:1718 [3] NCCL INFO Using network Socket
node23D400684:1240:1717 [0] NCCL INFO Assigned NET plugin Socket to comm
node23D400684:1240:1717 [0] NCCL INFO Using network Socket
node23D400684:1241:1716 [1] NCCL INFO ncclCommInitRankConfig comm 0x21af43d0 rank 57 nranks 64 cudaDev 1 nvmlDev 1 busId 901000 commId 0x75c27e0d7f7ac035 - Init START
node23D400684:1240:1717 [0] NCCL INFO ncclCommInitRankConfig comm 0x44700710 rank 56 nranks 64 cudaDev 0 nvmlDev 0 busId 801000 commId 0x75c27e0d7f7ac035 - Init START
node23D400684:1243:1718 [3] NCCL INFO ncclCommInitRankConfig comm 0x171c5170 rank 59 nranks 64 cudaDev 3 nvmlDev 3 busId 1901000 commId 0x75c27e0d7f7ac035 - Init START
node23D400684:1242:1719 [2] NCCL INFO ncclCommInitRankConfig comm 0x48a33650 rank 58 nranks 64 cudaDev 2 nvmlDev 2 busId 1801000 commId 0x75c27e0d7f7ac035 - Init START
node23D400684:1240:1717 [0] NCCL INFO RAS client listening socket at 127.0.0.1<28028>
node23D400684:1241:1716 [1] NCCL INFO RAS client listening socket at 127.0.0.1<28028>
node23D400684:1242:1719 [2] NCCL INFO RAS client listening socket at 127.0.0.1<28028>
node23D400684:1243:1718 [3] NCCL INFO RAS client listening socket at 127.0.0.1<28028>
node23D400684:1243:1718 [3] NCCL INFO Bootstrap timings total 0.013687 (create 0.000025, send 0.000173, recv 0.000648, ring 0.012576, delay 0.000000)
node23D400684:1242:1719 [2] NCCL INFO Bootstrap timings total 0.013706 (create 0.000032, send 0.000141, recv 0.000578, ring 0.012701, delay 0.000000)
node23D400684:1241:1716 [1] NCCL INFO Bootstrap timings total 0.016059 (create 0.000047, send 0.000157, recv 0.002375, ring 0.013211, delay 0.000000)
node23D400684:1240:1717 [0] NCCL INFO Bootstrap timings total 0.014215 (create 0.000031, send 0.000137, recv 0.000321, ring 0.013400, delay 0.000000)
node23D400684:1242:1719 [2] NCCL INFO MNNVL busId 0x1801000 fabric UUID aa48724aeeaad6a8.b34b901796a1c18d cliqueId 0x7ffe state 3 healthMask 0xaa
node23D400684:1241:1716 [1] NCCL INFO MNNVL busId 0x901000 fabric UUID aa48724aeeaad6a8.b34b901796a1c18d cliqueId 0x7ffe state 3 healthMask 0xaa
node23D400684:1243:1718 [3] NCCL INFO MNNVL busId 0x1901000 fabric UUID aa48724aeeaad6a8.b34b901796a1c18d cliqueId 0x7ffe state 3 healthMask 0xaa
node23D400684:1240:1717 [0] NCCL INFO MNNVL busId 0x801000 fabric UUID aa48724aeeaad6a8.b34b901796a1c18d cliqueId 0x7ffe state 3 healthMask 0xaa
node23D400684:1242:1719 [2] NCCL INFO MNNVL 1 cliqueId 7ffe cliqueSize 64 cliqueRank 58
node23D400684:1241:1716 [1] NCCL INFO MNNVL 1 cliqueId 7ffe cliqueSize 64 cliqueRank 57
node23D400684:1243:1718 [3] NCCL INFO MNNVL 1 cliqueId 7ffe cliqueSize 64 cliqueRank 59
node23D400684:1240:1717 [0] NCCL INFO MNNVL 1 cliqueId 7ffe cliqueSize 64 cliqueRank 56
node23D400684:1243:1718 [3] NCCL INFO Setting affinity for GPU 3 to 72-143
node23D400684:1243:1718 [3] NCCL INFO NCCL_NVLS_ENABLE set by environment to 0.
node23D400684:1242:1719 [2] NCCL INFO Setting affinity for GPU 2 to 72-143
node23D400684:1241:1716 [1] NCCL INFO Setting affinity for GPU 1 to 0-71
node23D400684:1241:1716 [1] NCCL INFO NCCL_NVLS_ENABLE set by environment to 0.
node23D400684:1242:1719 [2] NCCL INFO NCCL_NVLS_ENABLE set by environment to 0.
node23D400684:1240:1717 [0] NCCL INFO Setting affinity for GPU 0 to 0-71
node23D400684:1240:1717 [0] NCCL INFO NCCL_NVLS_ENABLE set by environment to 0.
node23D400684:1241:1716 [1] NCCL INFO comm 0x21af43d0 rank 57 nRanks 64 nNodes 1 localRanks 64 localRank 57 MNNVL 1
node23D400684:1243:1718 [3] NCCL INFO comm 0x171c5170 rank 59 nRanks 64 nNodes 1 localRanks 64 localRank 59 MNNVL 1
node23D400684:1242:1719 [2] NCCL INFO comm 0x48a33650 rank 58 nRanks 64 nNodes 1 localRanks 64 localRank 58 MNNVL 1
node23D400684:1240:1717 [0] NCCL INFO comm 0x44700710 rank 56 nRanks 64 nNodes 1 localRanks 64 localRank 56 MNNVL 1
node23D400684:1241:1716 [1] NCCL INFO Trees [0] 58/-1/-1->57->56 [1] 58/-1/-1->57->56 [2] 58/-1/-1->57->56 [3] 58/-1/-1->57->56 [4] 58/-1/-1->57->56 [5] 58/-1/-1->57->56 [6] 58/-1/-1->57->56 [7] 58/-1/-1->57->56 [8] 58/-1/-1->57->56 [9] 58/-1/-1->57->56 [10] 58/-1/-1->57->56 [11] 58/-1/-1->57->56 [12] 58/-1/-1->57->56 [13] 58/-1/-1->57->56 [14] 58/-1/-1->57->56 [15] 58/-1/-1->57->56 [16] 58/-1/-1->57->56 [17] 58/-1/-1->57->56 [18] 58/-1/-1->57->56 [19] 58/-1/-1->57->56 [20] 58/-1/-1->57->56 [21] 58/-1/-1->57->56 [22] 58/-1/-1->57->56 [23] 58/-1/-1->57->56 [24] 58/-1/-1->57->56 [25] 58/-1/-1->57->56 [26] 58/-1/-1->57->56 [27] 58/-1/-1->57->56 [28] 58/-1/-1->57->56 [29] 58/-1/-1->57->56 [30] 58/-1/-1->57->56 [31] 58/-1/-1->57->56
node23D400684:1241:1716 [1] NCCL INFO P2P Chunksize set to 524288
node23D400684:1243:1718 [3] NCCL INFO Trees [0] 60/-1/-1->59->58 [1] 60/-1/-1->59->58 [2] 60/-1/-1->59->58 [3] 60/-1/-1->59->58 [4] 60/-1/-1->59->58 [5] 60/-1/-1->59->58 [6] 60/-1/-1->59->58 [7] 60/-1/-1->59->58 [8] 60/-1/-1->59->58 [9] 60/-1/-1->59->58 [10] 60/-1/-1->59->58 [11] 60/-1/-1->59->58 [12] 60/-1/-1->59->58 [13] 60/-1/-1->59->58 [14] 60/-1/-1->59->58 [15] 60/-1/-1->59->58 [16] 60/-1/-1->59->58 [17] 60/-1/-1->59->58 [18] 60/-1/-1->59->58 [19] 60/-1/-1->59->58 [20] 60/-1/-1->59->58 [21] 60/-1/-1->59->58 [22] 60/-1/-1->59->58 [23] 60/-1/-1->59->58 [24] 60/-1/-1->59->58 [25] 60/-1/-1->59->58 [26] 60/-1/-1->59->58 [27] 60/-1/-1->59->58 [28] 60/-1/-1->59->58 [29] 60/-1/-1->59->58 [30] 60/-1/-1->59->58 [31] 60/-1/-1->59->58
node23D400684:1242:1719 [2] NCCL INFO Trees [0] 59/-1/-1->58->57 [1] 59/-1/-1->58->57 [2] 59/-1/-1->58->57 [3] 59/-1/-1->58->57 [4] 59/-1/-1->58->57 [5] 59/-1/-1->58->57 [6] 59/-1/-1->58->57 [7] 59/-1/-1->58->57 [8] 59/-1/-1->58->57 [9] 59/-1/-1->58->57 [10] 59/-1/-1->58->57 [11] 59/-1/-1->58->57 [12] 59/-1/-1->58->57 [13] 59/-1/-1->58->57 [14] 59/-1/-1->58->57 [15] 59/-1/-1->58->57 [16] 59/-1/-1->58->57 [17] 59/-1/-1->58->57 [18] 59/-1/-1->58->57 [19] 59/-1/-1->58->57 [20] 59/-1/-1->58->57 [21] 59/-1/-1->58->57 [22] 59/-1/-1->58->57 [23] 59/-1/-1->58->57 [24] 59/-1/-1->58->57 [25] 59/-1/-1->58->57 [26] 59/-1/-1->58->57 [27] 59/-1/-1->58->57 [28] 59/-1/-1->58->57 [29] 59/-1/-1->58->57 [30] 59/-1/-1->58->57 [31] 59/-1/-1->58->57
node23D400684:1243:1718 [3] NCCL INFO P2P Chunksize set to 524288
node23D400684:1242:1719 [2] NCCL INFO P2P Chunksize set to 524288
node23D400684:1240:1717 [0] NCCL INFO Trees [0] 57/-1/-1->56->55 [1] 57/-1/-1->56->55 [2] 57/-1/-1->56->55 [3] 57/-1/-1->56->55 [4] 57/-1/-1->56->55 [5] 57/-1/-1->56->55 [6] 57/-1/-1->56->55 [7] 57/-1/-1->56->55 [8] 57/-1/-1->56->55 [9] 57/-1/-1->56->55 [10] 57/-1/-1->56->55 [11] 57/-1/-1->56->55 [12] 57/-1/-1->56->55 [13] 57/-1/-1->56->55 [14] 57/-1/-1->56->55 [15] 57/-1/-1->56->55 [16] 57/-1/-1->56->55 [17] 57/-1/-1->56->55 [18] 57/-1/-1->56->55 [19] 57/-1/-1->56->55 [20] 57/-1/-1->56->55 [21] 57/-1/-1->56->55 [22] 57/-1/-1->56->55 [23] 57/-1/-1->56->55 [24] 57/-1/-1->56->55 [25] 57/-1/-1->56->55 [26] 57/-1/-1->56->55 [27] 57/-1/-1->56->55 [28] 57/-1/-1->56->55 [29] 57/-1/-1->56->55 [30] 57/-1/-1->56->55 [31] 57/-1/-1->56->55
node23D400684:1240:1717 [0] NCCL INFO P2P Chunksize set to 524288
node23D400684:1241:1716 [1] NCCL INFO PROFILER/Plugin: Could not find: libnccl-profiler.so. 
node23D400684:1240:1717 [0] NCCL INFO PROFILER/Plugin: Could not find: libnccl-profiler.so. 
node23D400684:1243:1718 [3] NCCL INFO PROFILER/Plugin: Could not find: libnccl-profiler.so. 
node23D400684:1242:1719 [2] NCCL INFO PROFILER/Plugin: Could not find: libnccl-profiler.so. 
node23D400684:1240:1725 [0] NCCL INFO [Proxy Service] Device 0 CPU core 10
node23D400684:1241:1724 [1] NCCL INFO [Proxy Service] Device 1 CPU core 45
node23D400684:1241:1728 [1] NCCL INFO [Proxy Service UDS] Device 1 CPU core 46
node23D400684:1240:1729 [0] NCCL INFO [Proxy Service UDS] Device 0 CPU core 13
node23D400684:1243:1727 [3] NCCL INFO [Proxy Service] Device 3 CPU core 111
node23D400684:1243:1730 [3] NCCL INFO [Proxy Service UDS] Device 3 CPU core 112
node23D400684:1242:1726 [2] NCCL INFO [Proxy Service] Device 2 CPU core 72
node23D400684:1242:1731 [2] NCCL INFO [Proxy Service UDS] Device 2 CPU core 73
node23D400684:1241:1716 [1] NCCL INFO threadThresholds 8/8/64 | 512/8/64 | 512 | 512
node23D400684:1241:1716 [1] NCCL INFO 32 coll channels, 32 collnet channels, 0 nvls channels, 32 p2p channels, 32 p2p channels per peer
node23D400684:1240:1717 [0] NCCL INFO threadThresholds 8/8/64 | 512/8/64 | 512 | 512
node23D400684:1240:1717 [0] NCCL INFO 32 coll channels, 32 collnet channels, 0 nvls channels, 32 p2p channels, 32 p2p channels per peer
node23D400684:1242:1719 [2] NCCL INFO threadThresholds 8/8/64 | 512/8/64 | 512 | 512
node23D400684:1242:1719 [2] NCCL INFO 32 coll channels, 32 collnet channels, 0 nvls channels, 32 p2p channels, 32 p2p channels per peer
node23D400684:1243:1718 [3] NCCL INFO threadThresholds 8/8/64 | 512/8/64 | 512 | 512
node23D400684:1243:1718 [3] NCCL INFO 32 coll channels, 32 collnet channels, 0 nvls channels, 32 p2p channels, 32 p2p channels per peer
node23D400684:1241:1716 [1] NCCL INFO TUNER/Plugin: Could not find: libnccl-tuner.so. Using internal tuner plugin.
node23D400684:1243:1718 [3] NCCL INFO TUNER/Plugin: Could not find: libnccl-tuner.so. Using internal tuner plugin.
node23D400684:1241:1716 [1] NCCL INFO TUNER/Plugin: Failed to find ncclTunerPlugin_v4 symbol.
node23D400684:1240:1717 [0] NCCL INFO TUNER/Plugin: Could not find: libnccl-tuner.so. Using internal tuner plugin.
node23D400684:1243:1718 [3] NCCL INFO TUNER/Plugin: Failed to find ncclTunerPlugin_v4 symbol.
node23D400684:1241:1716 [1] NCCL INFO TUNER/Plugin: Failed to find ncclTunerPlugin_v3 symbol.
node23D400684:1240:1717 [0] NCCL INFO TUNER/Plugin: Failed to find ncclTunerPlugin_v4 symbol.
node23D400684:1243:1718 [3] NCCL INFO TUNER/Plugin: Failed to find ncclTunerPlugin_v3 symbol.
node23D400684:1241:1716 [1] NCCL INFO TUNER/Plugin: Failed to find ncclTunerPlugin_v2 symbol, using internal tuner instead.
node23D400684:1240:1717 [0] NCCL INFO TUNER/Plugin: Failed to find ncclTunerPlugin_v3 symbol.
node23D400684:1243:1718 [3] NCCL INFO TUNER/Plugin: Failed to find ncclTunerPlugin_v2 symbol, using internal tuner instead.
node23D400684:1241:1716 [1] NCCL INFO ncclCommInitRankConfig comm 0x21af43d0 rank 57 nranks 64 cudaDev 1 nvmlDev 1 busId 901000 commId 0x75c27e0d7f7ac035 - Init COMPLETE
node23D400684:1240:1717 [0] NCCL INFO TUNER/Plugin: Failed to find ncclTunerPlugin_v2 symbol, using internal tuner instead.
node23D400684:1242:1719 [2] NCCL INFO TUNER/Plugin: Could not find: libnccl-tuner.so. Using internal tuner plugin.
node23D400684:1243:1718 [3] NCCL INFO ncclCommInitRankConfig comm 0x171c5170 rank 59 nranks 64 cudaDev 3 nvmlDev 3 busId 1901000 commId 0x75c27e0d7f7ac035 - Init COMPLETE
node23D400684:1241:1716 [1] NCCL INFO Init timings - ncclCommInitRankConfig: rank 57 nranks 64 total 2.77 (kernels 0.13, alloc 0.25, bootstrap 0.02, allgathers 0.11, topo 2.05, graphs 0.04, connections 0.16, rest 0.01)
node23D400684:1240:1717 [0] NCCL INFO ncclCommInitRankConfig comm 0x44700710 rank 56 nranks 64 cudaDev 0 nvmlDev 0 busId 801000 commId 0x75c27e0d7f7ac035 - Init COMPLETE
node23D400684:1242:1719 [2] NCCL INFO TUNER/Plugin: Failed to find ncclTunerPlugin_v4 symbol.
node23D400684:1243:1718 [3] NCCL INFO Init timings - ncclCommInitRankConfig: rank 59 nranks 64 total 2.77 (kernels 0.13, alloc 0.25, bootstrap 0.01, allgathers 0.11, topo 2.04, graphs 0.04, connections 0.16, rest 0.01)
node23D400684:1240:1717 [0] NCCL INFO Init timings - ncclCommInitRankConfig: rank 56 nranks 64 total 2.77 (kernels 0.13, alloc 0.26, bootstrap 0.01, allgathers 0.09, topo 2.07, graphs 0.04, connections 0.16, rest 0.01)
node23D400684:1242:1719 [2] NCCL INFO TUNER/Plugin: Failed to find ncclTunerPlugin_v3 symbol.
node23D400684:1242:1719 [2] NCCL INFO TUNER/Plugin: Failed to find ncclTunerPlugin_v2 symbol, using internal tuner instead.
node23D400684:1242:1719 [2] NCCL INFO ncclCommInitRankConfig comm 0x48a33650 rank 58 nranks 64 cudaDev 2 nvmlDev 2 busId 1801000 commId 0x75c27e0d7f7ac035 - Init COMPLETE
node23D400684:1242:1719 [2] NCCL INFO Init timings - ncclCommInitRankConfig: rank 58 nranks 64 total 2.77 (kernels 0.13, alloc 0.25, bootstrap 0.01, allgathers 0.11, topo 2.05, graphs 0.04, connections 0.16, rest 0.01)
node23D400684:1240:1732 [0] NCCL INFO Channel 00/0 : 56[0] -> 57[1] via P2P/MNNVL
node23D400684:1240:1732 [0] NCCL INFO Channel 01/0 : 56[0] -> 57[1] via P2P/MNNVL
node23D400684:1240:1732 [0] NCCL INFO Channel 02/0 : 56[0] -> 57[1] via P2P/MNNVL
node23D400684:1241:1733 [1] NCCL INFO Channel 00/0 : 57[1] -> 58[2] via P2P/MNNVL
node23D400684:1240:1732 [0] NCCL INFO Channel 03/0 : 56[0] -> 57[1] via P2P/MNNVL
node23D400684:1241:1733 [1] NCCL INFO Channel 01/0 : 57[1] -> 58[2] via P2P/MNNVL
node23D400684:1241:1733 [1] NCCL INFO Channel 02/0 : 57[1] -> 58[2] via P2P/MNNVL
node23D400684:1243:1735 [3] NCCL INFO Channel 00/0 : 59[3] -> 60[0] via P2P/MNNVL
node23D400684:1240:1732 [0] NCCL INFO Channel 04/0 : 56[0] -> 57[1] via P2P/MNNVL
node23D400684:1240:1732 [0] NCCL INFO Channel 05/0 : 56[0] -> 57[1] via P2P/MNNVL
node23D400684:1243:1735 [3] NCCL INFO Channel 01/0 : 59[3] -> 60[0] via P2P/MNNVL
node23D400684:1241:1733 [1] NCCL INFO Channel 03/0 : 57[1] -> 58[2] via P2P/MNNVL
node23D400684:1243:1735 [3] NCCL INFO Channel 02/0 : 59[3] -> 60[0] via P2P/MNNVL
node23D400684:1240:1732 [0] NCCL INFO Channel 06/0 : 56[0] -> 57[1] via P2P/MNNVL
node23D400684:1242:1734 [2] NCCL INFO Channel 00/0 : 58[2] -> 59[3] via P2P/MNNVL
node23D400684:1241:1733 [1] NCCL INFO Channel 04/0 : 57[1] -> 58[2] via P2P/MNNVL
node23D400684:1240:1732 [0] NCCL INFO Channel 07/0 : 56[0] -> 57[1] via P2P/MNNVL
node23D400684:1242:1734 [2] NCCL INFO Channel 01/0 : 58[2] -> 59[3] via P2P/MNNVL
node23D400684:1243:1735 [3] NCCL INFO Channel 03/0 : 59[3] -> 60[0] via P2P/MNNVL
node23D400684:1240:1732 [0] NCCL INFO Channel 08/0 : 56[0] -> 57[1] via P2P/MNNVL
node23D400684:1241:1733 [1] NCCL INFO Channel 05/0 : 57[1] -> 58[2] via P2P/MNNVL
node23D400684:1242:1734 [2] NCCL INFO Channel 02/0 : 58[2] -> 59[3] via P2P/MNNVL
node23D400684:1243:1735 [3] NCCL INFO Channel 04/0 : 59[3] -> 60[0] via P2P/MNNVL
node23D400684:1241:1733 [1] NCCL INFO Channel 06/0 : 57[1] -> 58[2] via P2P/MNNVL
node23D400684:1240:1732 [0] NCCL INFO Channel 09/0 : 56[0] -> 57[1] via P2P/MNNVL
node23D400684:1241:1733 [1] NCCL INFO Channel 07/0 : 57[1] -> 58[2] via P2P/MNNVL
node23D400684:1240:1732 [0] NCCL INFO Channel 10/0 : 56[0] -> 57[1] via P2P/MNNVL
node23D400684:1242:1734 [2] NCCL INFO Channel 03/0 : 58[2] -> 59[3] via P2P/MNNVL
node23D400684:1243:1735 [3] NCCL INFO Channel 05/0 : 59[3] -> 60[0] via P2P/MNNVL
node23D400684:1242:1734 [2] NCCL INFO Channel 04/0 : 58[2] -> 59[3] via P2P/MNNVL
node23D400684:1240:1732 [0] NCCL INFO Channel 11/0 : 56[0] -> 57[1] via P2P/MNNVL
node23D400684:1243:1735 [3] NCCL INFO Channel 06/0 : 59[3] -> 60[0] via P2P/MNNVL
node23D400684:1241:1733 [1] NCCL INFO Channel 08/0 : 57[1] -> 58[2] via P2P/MNNVL
node23D400684:1242:1734 [2] NCCL INFO Channel 05/0 : 58[2] -> 59[3] via P2P/MNNVL
node23D400684:1240:1732 [0] NCCL INFO Channel 12/0 : 56[0] -> 57[1] via P2P/MNNVL
node23D400684:1243:1735 [3] NCCL INFO Channel 07/0 : 59[3] -> 60[0] via P2P/MNNVL
node23D400684:1241:1733 [1] NCCL INFO Channel 09/0 : 57[1] -> 58[2] via P2P/MNNVL
node23D400684:1240:1732 [0] NCCL INFO Channel 13/0 : 56[0] -> 57[1] via P2P/MNNVL
node23D400684:1242:1734 [2] NCCL INFO Channel 06/0 : 58[2] -> 59[3] via P2P/MNNVL
node23D400684:1243:1735 [3] NCCL INFO Channel 08/0 : 59[3] -> 60[0] via P2P/MNNVL
node23D400684:1240:1732 [0] NCCL INFO Channel 14/0 : 56[0] -> 57[1] via P2P/MNNVL
node23D400684:1241:1733 [1] NCCL INFO Channel 10/0 : 57[1] -> 58[2] via P2P/MNNVL
node23D400684:1240:1732 [0] NCCL INFO Channel 15/0 : 56[0] -> 57[1] via P2P/MNNVL
node23D400684:1241:1733 [1] NCCL INFO Channel 11/0 : 57[1] -> 58[2] via P2P/MNNVL
node23D400684:1242:1734 [2] NCCL INFO Channel 07/0 : 58[2] -> 59[3] via P2P/MNNVL
node23D400684:1243:1735 [3] NCCL INFO Channel 09/0 : 59[3] -> 60[0] via P2P/MNNVL
node23D400684:1242:1734 [2] NCCL INFO Channel 08/0 : 58[2] -> 59[3] via P2P/MNNVL
node23D400684:1241:1733 [1] NCCL INFO Channel 12/0 : 57[1] -> 58[2] via P2P/MNNVL
node23D400684:1240:1732 [0] NCCL INFO Channel 16/0 : 56[0] -> 57[1] via P2P/MNNVL
node23D400684:1243:1735 [3] NCCL INFO Channel 10/0 : 59[3] -> 60[0] via P2P/MNNVL
node23D400684:1241:1733 [1] NCCL INFO Channel 13/0 : 57[1] -> 58[2] via P2P/MNNVL
node23D400684:1240:1732 [0] NCCL INFO Channel 17/0 : 56[0] -> 57[1] via P2P/MNNVL
node23D400684:1242:1734 [2] NCCL INFO Channel 09/0 : 58[2] -> 59[3] via P2P/MNNVL
node23D400684:1243:1735 [3] NCCL INFO Channel 11/0 : 59[3] -> 60[0] via P2P/MNNVL
node23D400684:1243:1735 [3] NCCL INFO Channel 12/0 : 59[3] -> 60[0] via P2P/MNNVL
node23D400684:1242:1734 [2] NCCL INFO Channel 10/0 : 58[2] -> 59[3] via P2P/MNNVL
node23D400684:1241:1733 [1] NCCL INFO Channel 14/0 : 57[1] -> 58[2] via P2P/MNNVL
node23D400684:1240:1732 [0] NCCL INFO Channel 18/0 : 56[0] -> 57[1] via P2P/MNNVL
node23D400684:1241:1733 [1] NCCL INFO Channel 15/0 : 57[1] -> 58[2] via P2P/MNNVL
node23D400684:1240:1732 [0] NCCL INFO Channel 19/0 : 56[0] -> 57[1] via P2P/MNNVL
node23D400684:1242:1734 [2] NCCL INFO Channel 11/0 : 58[2] -> 59[3] via P2P/MNNVL
node23D400684:1243:1735 [3] NCCL INFO Channel 13/0 : 59[3] -> 60[0] via P2P/MNNVL
node23D400684:1242:1734 [2] NCCL INFO Channel 12/0 : 58[2] -> 59[3] via P2P/MNNVL
node23D400684:1243:1735 [3] NCCL INFO Channel 14/0 : 59[3] -> 60[0] via P2P/MNNVL
node23D400684:1241:1733 [1] NCCL INFO Channel 16/0 : 57[1] -> 58[2] via P2P/MNNVL
node23D400684:1240:1732 [0] NCCL INFO Channel 20/0 : 56[0] -> 57[1] via P2P/MNNVL
node23D400684:1243:1735 [3] NCCL INFO Channel 15/0 : 59[3] -> 60[0] via P2P/MNNVL
node23D400684:1242:1734 [2] NCCL INFO Channel 13/0 : 58[2] -> 59[3] via P2P/MNNVL
node23D400684:1241:1733 [1] NCCL INFO Channel 17/0 : 57[1] -> 58[2] via P2P/MNNVL
node23D400684:1240:1732 [0] NCCL INFO Channel 21/0 : 56[0] -> 57[1] via P2P/MNNVL
node23D400684:1242:1734 [2] NCCL INFO Channel 14/0 : 58[2] -> 59[3] via P2P/MNNVL
node23D400684:1243:1735 [3] NCCL INFO Channel 16/0 : 59[3] -> 60[0] via P2P/MNNVL
node23D400684:1241:1733 [1] NCCL INFO Channel 18/0 : 57[1] -> 58[2] via P2P/MNNVL
node23D400684:1240:1732 [0] NCCL INFO Channel 22/0 : 56[0] -> 57[1] via P2P/MNNVL
node23D400684:1243:1735 [3] NCCL INFO Channel 17/0 : 59[3] -> 60[0] via P2P/MNNVL
node23D400684:1242:1734 [2] NCCL INFO Channel 15/0 : 58[2] -> 59[3] via P2P/MNNVL
node23D400684:1240:1732 [0] NCCL INFO Channel 23/0 : 56[0] -> 57[1] via P2P/MNNVL
node23D400684:1241:1733 [1] NCCL INFO Channel 19/0 : 57[1] -> 58[2] via P2P/MNNVL
node23D400684:1242:1734 [2] NCCL INFO Channel 16/0 : 58[2] -> 59[3] via P2P/MNNVL
node23D400684:1243:1735 [3] NCCL INFO Channel 18/0 : 59[3] -> 60[0] via P2P/MNNVL
node23D400684:1241:1733 [1] NCCL INFO Channel 20/0 : 57[1] -> 58[2] via P2P/MNNVL
node23D400684:1240:1732 [0] NCCL INFO Channel 24/0 : 56[0] -> 57[1] via P2P/MNNVL
node23D400684:1242:1734 [2] NCCL INFO Channel 17/0 : 58[2] -> 59[3] via P2P/MNNVL
node23D400684:1243:1735 [3] NCCL INFO Channel 19/0 : 59[3] -> 60[0] via P2P/MNNVL
node23D400684:1240:1732 [0] NCCL INFO Channel 25/0 : 56[0] -> 57[1] via P2P/MNNVL
node23D400684:1241:1733 [1] NCCL INFO Channel 21/0 : 57[1] -> 58[2] via P2P/MNNVL
node23D400684:1241:1733 [1] NCCL INFO Channel 22/0 : 57[1] -> 58[2] via P2P/MNNVL
node23D400684:1240:1732 [0] NCCL INFO Channel 26/0 : 56[0] -> 57[1] via P2P/MNNVL
node23D400684:1243:1735 [3] NCCL INFO Channel 20/0 : 59[3] -> 60[0] via P2P/MNNVL
node23D400684:1242:1734 [2] NCCL INFO Channel 18/0 : 58[2] -> 59[3] via P2P/MNNVL
node23D400684:1240:1732 [0] NCCL INFO Channel 27/0 : 56[0] -> 57[1] via P2P/MNNVL
node23D400684:1242:1734 [2] NCCL INFO Channel 19/0 : 58[2] -> 59[3] via P2P/MNNVL
node23D400684:1241:1733 [1] NCCL INFO Channel 23/0 : 57[1] -> 58[2] via P2P/MNNVL
node23D400684:1243:1735 [3] NCCL INFO Channel 21/0 : 59[3] -> 60[0] via P2P/MNNVL
node23D400684:1240:1732 [0] NCCL INFO Channel 28/0 : 56[0] -> 57[1] via P2P/MNNVL
node23D400684:1241:1733 [1] NCCL INFO Channel 24/0 : 57[1] -> 58[2] via P2P/MNNVL
node23D400684:1243:1735 [3] NCCL INFO Channel 22/0 : 59[3] -> 60[0] via P2P/MNNVL
node23D400684:1242:1734 [2] NCCL INFO Channel 20/0 : 58[2] -> 59[3] via P2P/MNNVL
node23D400684:1240:1732 [0] NCCL INFO Channel 29/0 : 56[0] -> 57[1] via P2P/MNNVL
node23D400684:1240:1732 [0] NCCL INFO Channel 30/0 : 56[0] -> 57[1] via P2P/MNNVL
node23D400684:1242:1734 [2] NCCL INFO Channel 21/0 : 58[2] -> 59[3] via P2P/MNNVL
node23D400684:1243:1735 [3] NCCL INFO Channel 23/0 : 59[3] -> 60[0] via P2P/MNNVL
node23D400684:1241:1733 [1] NCCL INFO Channel 25/0 : 57[1] -> 58[2] via P2P/MNNVL
node23D400684:1242:1734 [2] NCCL INFO Channel 22/0 : 58[2] -> 59[3] via P2P/MNNVL
node23D400684:1240:1732 [0] NCCL INFO Channel 31/0 : 56[0] -> 57[1] via P2P/MNNVL
node23D400684:1243:1735 [3] NCCL INFO Channel 24/0 : 59[3] -> 60[0] via P2P/MNNVL
node23D400684:1241:1733 [1] NCCL INFO Channel 26/0 : 57[1] -> 58[2] via P2P/MNNVL
node23D400684:1242:1734 [2] NCCL INFO Channel 23/0 : 58[2] -> 59[3] via P2P/MNNVL
node23D400684:1243:1735 [3] NCCL INFO Channel 25/0 : 59[3] -> 60[0] via P2P/MNNVL
node23D400684:1241:1733 [1] NCCL INFO Channel 27/0 : 57[1] -> 58[2] via P2P/MNNVL
node23D400684:1242:1734 [2] NCCL INFO Channel 24/0 : 58[2] -> 59[3] via P2P/MNNVL
node23D400684:1243:1735 [3] NCCL INFO Channel 26/0 : 59[3] -> 60[0] via P2P/MNNVL
node23D400684:1241:1733 [1] NCCL INFO Channel 28/0 : 57[1] -> 58[2] via P2P/MNNVL
node23D400684:1242:1734 [2] NCCL INFO Channel 25/0 : 58[2] -> 59[3] via P2P/MNNVL
node23D400684:1243:1735 [3] NCCL INFO Channel 27/0 : 59[3] -> 60[0] via P2P/MNNVL
node23D400684:1242:1734 [2] NCCL INFO Channel 26/0 : 58[2] -> 59[3] via P2P/MNNVL
node23D400684:1243:1735 [3] NCCL INFO Channel 28/0 : 59[3] -> 60[0] via P2P/MNNVL
node23D400684:1241:1733 [1] NCCL INFO Channel 29/0 : 57[1] -> 58[2] via P2P/MNNVL
node23D400684:1241:1733 [1] NCCL INFO Channel 30/0 : 57[1] -> 58[2] via P2P/MNNVL
node23D400684:1242:1734 [2] NCCL INFO Channel 27/0 : 58[2] -> 59[3] via P2P/MNNVL
node23D400684:1243:1735 [3] NCCL INFO Channel 29/0 : 59[3] -> 60[0] via P2P/MNNVL
node23D400684:1243:1735 [3] NCCL INFO Channel 30/0 : 59[3] -> 60[0] via P2P/MNNVL
node23D400684:1242:1734 [2] NCCL INFO Channel 28/0 : 58[2] -> 59[3] via P2P/MNNVL
node23D400684:1241:1733 [1] NCCL INFO Channel 31/0 : 57[1] -> 58[2] via P2P/MNNVL
node23D400684:1243:1735 [3] NCCL INFO Channel 31/0 : 59[3] -> 60[0] via P2P/MNNVL
node23D400684:1242:1734 [2] NCCL INFO Channel 29/0 : 58[2] -> 59[3] via P2P/MNNVL
node23D400684:1242:1734 [2] NCCL INFO Channel 30/0 : 58[2] -> 59[3] via P2P/MNNVL
node23D400684:1242:1734 [2] NCCL INFO Channel 31/0 : 58[2] -> 59[3] via P2P/MNNVL
node23D400684:1241:1733 [1] NCCL INFO Connected all rings, use ring PXN 0 GDR 1
node23D400684:1243:1735 [3] NCCL INFO Connected all rings, use ring PXN 0 GDR 1
node23D400684:1242:1734 [2] NCCL INFO Connected all rings, use ring PXN 0 GDR 1
node23D400684:1240:1732 [0] NCCL INFO Connected all rings, use ring PXN 0 GDR 1
node23D400684:1241:1241 [1] NCCL INFO Comm config Blocking set to 1
node23D400684:1243:1243 [3] NCCL INFO Comm config Blocking set to 1
node23D400684:1240:1240 [0] NCCL INFO Comm config Blocking set to 1
node23D400684:1242:1242 [2] NCCL INFO Comm config Blocking set to 1
node23D400684:1241:2103 [1] NCCL INFO Assigned NET plugin Socket to comm
node23D400684:1241:2103 [1] NCCL INFO Using network Socket
node23D400684:1243:2104 [3] NCCL INFO Assigned NET plugin Socket to comm
node23D400684:1241:2103 [1] NCCL INFO ncclCommInitRankConfig comm 0x2be68a90 rank 3 nranks 4 cudaDev 1 nvmlDev 1 busId 901000 commId 0x91d319b7fb5aa941 - Init START
node23D400684:1243:2104 [3] NCCL INFO Using network Socket
node23D400684:1242:2106 [2] NCCL INFO Assigned NET plugin Socket to comm
node23D400684:1242:2106 [2] NCCL INFO Using network Socket
node23D400684:1243:2104 [3] NCCL INFO ncclCommInitRankConfig comm 0x21392cf0 rank 3 nranks 4 cudaDev 3 nvmlDev 3 busId 1901000 commId 0x7df2e0960bcfb522 - Init START
node23D400684:1242:2106 [2] NCCL INFO ncclCommInitRankConfig comm 0x53455480 rank 3 nranks 4 cudaDev 2 nvmlDev 2 busId 1801000 commId 0x5ac046c8d9f25271 - Init START
node23D400684:1240:2105 [0] NCCL INFO Assigned NET plugin Socket to comm
node23D400684:1240:2105 [0] NCCL INFO Using network Socket
node23D400684:1240:2105 [0] NCCL INFO ncclCommInitRankConfig comm 0x4e9e3a70 rank 3 nranks 4 cudaDev 0 nvmlDev 0 busId 801000 commId 0x930dfe39e089f928 - Init START
node23D400684:1243:2104 [3] NCCL INFO Bootstrap timings total 0.001488 (create 0.000031, send 0.000154, recv 0.000447, ring 0.000588, delay 0.000000)
node23D400684:1242:2106 [2] NCCL INFO Bootstrap timings total 0.001403 (create 0.000038, send 0.000138, recv 0.000669, ring 0.000320, delay 0.000000)
node23D400684:1240:2105 [0] NCCL INFO Bootstrap timings total 0.001125 (create 0.000027, send 0.000116, recv 0.000445, ring 0.000349, delay 0.000000)
node23D400684:1243:2104 [3] NCCL INFO MNNVL busId 0x1901000 fabric UUID aa48724aeeaad6a8.b34b901796a1c18d cliqueId 0x7ffe state 3 healthMask 0xaa
node23D400684:1242:2106 [2] NCCL INFO MNNVL busId 0x1801000 fabric UUID aa48724aeeaad6a8.b34b901796a1c18d cliqueId 0x7ffe state 3 healthMask 0xaa
node23D400684:1240:2105 [0] NCCL INFO MNNVL busId 0x801000 fabric UUID aa48724aeeaad6a8.b34b901796a1c18d cliqueId 0x7ffe state 3 healthMask 0xaa
node23D400684:1243:2104 [3] NCCL INFO MNNVL 1 cliqueId 7ffe cliqueSize 4 cliqueRank 3
node23D400684:1242:2106 [2] NCCL INFO MNNVL 1 cliqueId 7ffe cliqueSize 4 cliqueRank 3
node23D400684:1240:2105 [0] NCCL INFO MNNVL 1 cliqueId 7ffe cliqueSize 4 cliqueRank 3
node23D400684:1241:2103 [1] NCCL INFO Bootstrap timings total 0.041223 (create 0.000044, send 0.000165, recv 0.040048, ring 0.000770, delay 0.000000)
node23D400684:1241:2103 [1] NCCL INFO MNNVL busId 0x901000 fabric UUID aa48724aeeaad6a8.b34b901796a1c18d cliqueId 0x7ffe state 3 healthMask 0xaa
node23D400684:1241:2103 [1] NCCL INFO MNNVL 1 cliqueId 7ffe cliqueSize 4 cliqueRank 3
node23D400684:1240:2105 [0] NCCL INFO Setting affinity for GPU 0 to 0-71
node23D400684:1240:2105 [0] NCCL INFO comm 0x4e9e3a70 rank 3 nRanks 4 nNodes 1 localRanks 4 localRank 3 MNNVL 1
node23D400684:1240:2105 [0] NCCL INFO Trees [0] -1/-1/-1->3->2 [1] -1/-1/-1->3->2 [2] -1/-1/-1->3->2 [3] -1/-1/-1->3->2 [4] -1/-1/-1->3->2 [5] -1/-1/-1->3->2 [6] -1/-1/-1->3->2 [7] -1/-1/-1->3->2 [8] -1/-1/-1->3->2 [9] -1/-1/-1->3->2 [10] 0/-1/-1->3->2 [11] 0/-1/-1->3->2 [12] 0/-1/-1->3->2 [13] 0/-1/-1->3->2 [14] 0/-1/-1->3->-1 [15] 0/-1/-1->3->-1 [16] -1/-1/-1->3->2 [17] -1/-1/-1->3->2 [18] -1/-1/-1->3->2 [19] -1/-1/-1->3->2 [20] -1/-1/-1->3->2 [21] -1/-1/-1->3->2 [22] -1/-1/-1->3->2 [23] -1/-1/-1->3->2 [24] -1/-1/-1->3->2 [25] -1/-1/-1->3->2 [26] 0/-1/-1->3->2 [27] 0/-1/-1->3->2 [28] 0/-1/-1->3->2 [29] 0/-1/-1->3->2 [30] 0/-1/-1->3->-1 [31] 0/-1/-1->3->-1
node23D400684:1240:2105 [0] NCCL INFO P2P Chunksize set to 524288
node23D400684:1240:2107 [0] NCCL INFO [Proxy Service] Device 0 CPU core 66
node23D400684:1240:2108 [0] NCCL INFO [Proxy Service UDS] Device 0 CPU core 67
node23D400684:1240:2105 [0] NCCL INFO threadThresholds 8/8/64 | 32/8/64 | 512 | 512
node23D400684:1240:2105 [0] NCCL INFO 32 coll channels, 32 collnet channels, 0 nvls channels, 32 p2p channels, 32 p2p channels per peer
node23D400684:1240:2105 [0] NCCL INFO ncclCommInitRankConfig comm 0x4e9e3a70 rank 3 nranks 4 cudaDev 0 nvmlDev 0 busId 801000 commId 0x930dfe39e089f928 - Init COMPLETE
node23D400684:1240:2105 [0] NCCL INFO Init timings - ncclCommInitRankConfig: rank 3 nranks 4 total 0.60 (kernels 0.00, alloc 0.00, bootstrap 0.00, allgathers 0.00, topo 0.55, graphs 0.00, connections 0.03, rest 0.02)
node23D400684:1243:2104 [3] NCCL INFO Setting affinity for GPU 3 to 72-143
node23D400684:1243:2104 [3] NCCL INFO comm 0x21392cf0 rank 3 nRanks 4 nNodes 1 localRanks 4 localRank 3 MNNVL 1
node23D400684:1243:2104 [3] NCCL INFO Trees [0] -1/-1/-1->3->2 [1] -1/-1/-1->3->2 [2] -1/-1/-1->3->2 [3] -1/-1/-1->3->2 [4] -1/-1/-1->3->2 [5] -1/-1/-1->3->2 [6] -1/-1/-1->3->2 [7] -1/-1/-1->3->2 [8] -1/-1/-1->3->2 [9] -1/-1/-1->3->2 [10] 0/-1/-1->3->2 [11] 0/-1/-1->3->2 [12] 0/-1/-1->3->2 [13] 0/-1/-1->3->2 [14] 0/-1/-1->3->-1 [15] 0/-1/-1->3->-1 [16] -1/-1/-1->3->2 [17] -1/-1/-1->3->2 [18] -1/-1/-1->3->2 [19] -1/-1/-1->3->2 [20] -1/-1/-1->3->2 [21] -1/-1/-1->3->2 [22] -1/-1/-1->3->2 [23] -1/-1/-1->3->2 [24] -1/-1/-1->3->2 [25] -1/-1/-1->3->2 [26] 0/-1/-1->3->2 [27] 0/-1/-1->3->2 [28] 0/-1/-1->3->2 [29] 0/-1/-1->3->2 [30] 0/-1/-1->3->-1 [31] 0/-1/-1->3->-1
node23D400684:1243:2104 [3] NCCL INFO P2P Chunksize set to 524288
node23D400684:1243:2110 [3] NCCL INFO [Proxy Service] Device 3 CPU core 111
node23D400684:1243:2111 [3] NCCL INFO [Proxy Service UDS] Device 3 CPU core 112
node23D400684:1242:2106 [2] NCCL INFO Setting affinity for GPU 2 to 72-143
node23D400684:1242:2106 [2] NCCL INFO comm 0x53455480 rank 3 nRanks 4 nNodes 1 localRanks 4 localRank 3 MNNVL 1
node23D400684:1242:2106 [2] NCCL INFO Trees [0] -1/-1/-1->3->2 [1] -1/-1/-1->3->2 [2] -1/-1/-1->3->2 [3] -1/-1/-1->3->2 [4] -1/-1/-1->3->2 [5] -1/-1/-1->3->2 [6] -1/-1/-1->3->2 [7] -1/-1/-1->3->2 [8] -1/-1/-1->3->2 [9] -1/-1/-1->3->2 [10] 0/-1/-1->3->2 [11] 0/-1/-1->3->2 [12] 0/-1/-1->3->2 [13] 0/-1/-1->3->2 [14] 0/-1/-1->3->-1 [15] 0/-1/-1->3->-1 [16] -1/-1/-1->3->2 [17] -1/-1/-1->3->2 [18] -1/-1/-1->3->2 [19] -1/-1/-1->3->2 [20] -1/-1/-1->3->2 [21] -1/-1/-1->3->2 [22] -1/-1/-1->3->2 [23] -1/-1/-1->3->2 [24] -1/-1/-1->3->2 [25] -1/-1/-1->3->2 [26] 0/-1/-1->3->2 [27] 0/-1/-1->3->2 [28] 0/-1/-1->3->2 [29] 0/-1/-1->3->2 [30] 0/-1/-1->3->-1 [31] 0/-1/-1->3->-1
node23D400684:1242:2106 [2] NCCL INFO P2P Chunksize set to 524288
node23D400684:1242:2112 [2] NCCL INFO [Proxy Service] Device 2 CPU core 72
node23D400684:1242:2113 [2] NCCL INFO [Proxy Service UDS] Device 2 CPU core 73
node23D400684:1243:2104 [3] NCCL INFO threadThresholds 8/8/64 | 32/8/64 | 512 | 512
node23D400684:1243:2104 [3] NCCL INFO 32 coll channels, 32 collnet channels, 0 nvls channels, 32 p2p channels, 32 p2p channels per peer
node23D400684:1241:2103 [1] NCCL INFO Setting affinity for GPU 1 to 0-71
node23D400684:1241:2103 [1] NCCL INFO comm 0x2be68a90 rank 3 nRanks 4 nNodes 1 localRanks 4 localRank 3 MNNVL 1
node23D400684:1241:2103 [1] NCCL INFO Trees [0] -1/-1/-1->3->2 [1] -1/-1/-1->3->2 [2] -1/-1/-1->3->2 [3] -1/-1/-1->3->2 [4] -1/-1/-1->3->2 [5] -1/-1/-1->3->2 [6] -1/-1/-1->3->2 [7] -1/-1/-1->3->2 [8] -1/-1/-1->3->2 [9] -1/-1/-1->3->2 [10] 0/-1/-1->3->2 [11] 0/-1/-1->3->2 [12] 0/-1/-1->3->2 [13] 0/-1/-1->3->2 [14] 0/-1/-1->3->-1 [15] 0/-1/-1->3->-1 [16] -1/-1/-1->3->2 [17] -1/-1/-1->3->2 [18] -1/-1/-1->3->2 [19] -1/-1/-1->3->2 [20] -1/-1/-1->3->2 [21] -1/-1/-1->3->2 [22] -1/-1/-1->3->2 [23] -1/-1/-1->3->2 [24] -1/-1/-1->3->2 [25] -1/-1/-1->3->2 [26] 0/-1/-1->3->2 [27] 0/-1/-1->3->2 [28] 0/-1/-1->3->2 [29] 0/-1/-1->3->2 [30] 0/-1/-1->3->-1 [31] 0/-1/-1->3->-1
node23D400684:1241:2103 [1] NCCL INFO P2P Chunksize set to 524288
node23D400684:1241:2114 [1] NCCL INFO [Proxy Service] Device 1 CPU core 11
node23D400684:1241:2115 [1] NCCL INFO [Proxy Service UDS] Device 1 CPU core 13
node23D400684:1242:2106 [2] NCCL INFO threadThresholds 8/8/64 | 32/8/64 | 512 | 512
node23D400684:1242:2106 [2] NCCL INFO 32 coll channels, 32 collnet channels, 0 nvls channels, 32 p2p channels, 32 p2p channels per peer
node23D400684:1241:2103 [1] NCCL INFO threadThresholds 8/8/64 | 32/8/64 | 512 | 512
node23D400684:1241:2103 [1] NCCL INFO 32 coll channels, 32 collnet channels, 0 nvls channels, 32 p2p channels, 32 p2p channels per peer
node23D400684:1243:2104 [3] NCCL INFO ncclCommInitRankConfig comm 0x21392cf0 rank 3 nranks 4 cudaDev 3 nvmlDev 3 busId 1901000 commId 0x7df2e0960bcfb522 - Init COMPLETE
node23D400684:1243:2104 [3] NCCL INFO Init timings - ncclCommInitRankConfig: rank 3 nranks 4 total 0.86 (kernels 0.00, alloc 0.00, bootstrap 0.00, allgathers 0.03, topo 0.67, graphs 0.00, connections 0.04, rest 0.11)
node23D400684:1242:2106 [2] NCCL INFO ncclCommInitRankConfig comm 0x53455480 rank 3 nranks 4 cudaDev 2 nvmlDev 2 busId 1801000 commId 0x5ac046c8d9f25271 - Init COMPLETE
node23D400684:1242:2106 [2] NCCL INFO Init timings - ncclCommInitRankConfig: rank 3 nranks 4 total 0.99 (kernels 0.00, alloc 0.00, bootstrap 0.00, allgathers 0.02, topo 0.70, graphs 0.00, connections 0.07, rest 0.20)
node23D400684:1241:2103 [1] NCCL INFO ncclCommInitRankConfig comm 0x2be68a90 rank 3 nranks 4 cudaDev 1 nvmlDev 1 busId 901000 commId 0x91d319b7fb5aa941 - Init COMPLETE
node23D400684:1241:2103 [1] NCCL INFO Init timings - ncclCommInitRankConfig: rank 3 nranks 4 total 1.13 (kernels 0.00, alloc 0.00, bootstrap 0.04, allgathers 0.10, topo 0.51, graphs 0.00, connections 0.05, rest 0.41)
node23D400684:1240:1240 [0] NCCL INFO Comm config Blocking set to 1
node23D400684:1242:1242 [2] NCCL INFO Comm config Blocking set to 1
node23D400684:1243:1243 [3] NCCL INFO Comm config Blocking set to 1
node23D400684:1241:1241 [1] NCCL INFO Comm config Blocking set to 1
node23D400684:1240:2120 [0] NCCL INFO Assigned NET plugin Socket to comm
node23D400684:1240:2120 [0] NCCL INFO Using network Socket
node23D400684:1242:2121 [2] NCCL INFO Assigned NET plugin Socket to comm
node23D400684:1242:2121 [2] NCCL INFO Using network Socket
node23D400684:1243:2122 [3] NCCL INFO Assigned NET plugin Socket to comm
node23D400684:1243:2122 [3] NCCL INFO Using network Socket
node23D400684:1241:2123 [1] NCCL INFO Assigned NET plugin Socket to comm
node23D400684:1241:2123 [1] NCCL INFO Using network Socket
node23D400684:1240:2120 [0] NCCL INFO ncclCommInitRankConfig comm 0x4eafb690 rank 0 nranks 8 cudaDev 0 nvmlDev 0 busId 801000 commId 0xae95490eb31e76b1 - Init START
node23D400684:1243:2122 [3] NCCL INFO ncclCommInitRankConfig comm 0x214aa910 rank 3 nranks 8 cudaDev 3 nvmlDev 3 busId 1901000 commId 0xae95490eb31e76b1 - Init START
node23D400684:1241:2123 [1] NCCL INFO ncclCommInitRankConfig comm 0x2bf806b0 rank 1 nranks 8 cudaDev 1 nvmlDev 1 busId 901000 commId 0xae95490eb31e76b1 - Init START
node23D400684:1242:2121 [2] NCCL INFO ncclCommInitRankConfig comm 0x5356d0a0 rank 2 nranks 8 cudaDev 2 nvmlDev 2 busId 1801000 commId 0xae95490eb31e76b1 - Init START
node23D400684:1240:2120 [0] NCCL INFO Bootstrap timings total 0.001420 (create 0.000030, send 0.000106, recv 0.000361, ring 0.000455, delay 0.000000)
node23D400684:1242:2121 [2] NCCL INFO Bootstrap timings total 0.001320 (create 0.000027, send 0.000090, recv 0.000366, ring 0.000725, delay 0.000000)
node23D400684:1241:2123 [1] NCCL INFO Bootstrap timings total 0.001333 (create 0.000032, send 0.000088, recv 0.000343, ring 0.000746, delay 0.000000)
node23D400684:1243:2122 [3] NCCL INFO Bootstrap timings total 0.001417 (create 0.000035, send 0.000102, recv 0.000211, ring 0.000725, delay 0.000000)
node23D400684:1240:2120 [0] NCCL INFO MNNVL busId 0x801000 fabric UUID aa48724aeeaad6a8.b34b901796a1c18d cliqueId 0x7ffe state 3 healthMask 0xaa
node23D400684:1241:2123 [1] NCCL INFO MNNVL busId 0x901000 fabric UUID aa48724aeeaad6a8.b34b901796a1c18d cliqueId 0x7ffe state 3 healthMask 0xaa
node23D400684:1242:2121 [2] NCCL INFO MNNVL busId 0x1801000 fabric UUID aa48724aeeaad6a8.b34b901796a1c18d cliqueId 0x7ffe state 3 healthMask 0xaa
node23D400684:1243:2122 [3] NCCL INFO MNNVL busId 0x1901000 fabric UUID aa48724aeeaad6a8.b34b901796a1c18d cliqueId 0x7ffe state 3 healthMask 0xaa
node23D400684:1241:2123 [1] NCCL INFO MNNVL 1 cliqueId 7ffe cliqueSize 8 cliqueRank 1
node23D400684:1240:2120 [0] NCCL INFO MNNVL 1 cliqueId 7ffe cliqueSize 8 cliqueRank 0
node23D400684:1242:2121 [2] NCCL INFO MNNVL 1 cliqueId 7ffe cliqueSize 8 cliqueRank 2
node23D400684:1243:2122 [3] NCCL INFO MNNVL 1 cliqueId 7ffe cliqueSize 8 cliqueRank 3
node23D400684:1243:2122 [3] NCCL INFO Setting affinity for GPU 3 to 72-143
node23D400684:1242:2121 [2] NCCL INFO Setting affinity for GPU 2 to 72-143
node23D400684:1241:2123 [1] NCCL INFO Setting affinity for GPU 1 to 0-71
node23D400684:1240:2120 [0] NCCL INFO Setting affinity for GPU 0 to 0-71
node23D400684:1240:2120 [0] NCCL INFO comm 0x4eafb690 rank 0 nRanks 8 nNodes 1 localRanks 8 localRank 0 MNNVL 1
node23D400684:1240:2120 [0] NCCL INFO Channel 00/32 : 0 1 2 3 4 5 6 7
node23D400684:1240:2120 [0] NCCL INFO Channel 01/32 : 0 1 2 3 4 5 6 7
node23D400684:1240:2120 [0] NCCL INFO Channel 02/32 : 0 1 2 3 4 5 6 7
node23D400684:1240:2120 [0] NCCL INFO Channel 03/32 : 0 1 2 3 4 5 6 7
node23D400684:1240:2120 [0] NCCL INFO Channel 04/32 : 0 1 2 3 4 5 6 7
node23D400684:1240:2120 [0] NCCL INFO Channel 05/32 : 0 1 2 3 4 5 6 7
node23D400684:1240:2120 [0] NCCL INFO Channel 06/32 : 0 1 2 3 4 5 6 7
node23D400684:1240:2120 [0] NCCL INFO Channel 07/32 : 0 1 2 3 4 5 6 7
node23D400684:1241:2123 [1] NCCL INFO comm 0x2bf806b0 rank 1 nRanks 8 nNodes 1 localRanks 8 localRank 1 MNNVL 1
node23D400684:1242:2121 [2] NCCL INFO comm 0x5356d0a0 rank 2 nRanks 8 nNodes 1 localRanks 8 localRank 2 MNNVL 1
node23D400684:1240:2120 [0] NCCL INFO Channel 08/32 : 0 1 2 3 4 5 6 7
node23D400684:1243:2122 [3] NCCL INFO comm 0x214aa910 rank 3 nRanks 8 nNodes 1 localRanks 8 localRank 3 MNNVL 1
node23D400684:1241:2123 [1] NCCL INFO Trees [0] 2/-1/-1->1->0 [1] 2/-1/-1->1->0 [2] 2/-1/-1->1->0 [3] 2/-1/-1->1->0 [4] 2/-1/-1->1->0 [5] 2/-1/-1->1->0 [6] 2/-1/-1->1->0 [7] 2/-1/-1->1->0 [8] 2/-1/-1->1->0 [9] 2/-1/-1->1->0 [10] 2/-1/-1->1->0 [11] 2/-1/-1->1->0 [12] 2/-1/-1->1->0 [13] 2/-1/-1->1->0 [14] 2/-1/-1->1->0 [15] 2/-1/-1->1->0 [16] 2/-1/-1->1->0 [17] 2/-1/-1->1->0 [18] 2/-1/-1->1->0 [19] 2/-1/-1->1->0 [20] 2/-1/-1->1->0 [21] 2/-1/-1->1->0 [22] 2/-1/-1->1->0 [23] 2/-1/-1->1->0 [24] 2/-1/-1->1->0 [25] 2/-1/-1->1->0 [26] 2/-1/-1->1->0 [27] 2/-1/-1->1->0 [28] 2/-1/-1->1->0 [29] 2/-1/-1->1->0 [30] 2/-1/-1->1->0 [31] 2/-1/-1->1->0
node23D400684:1240:2120 [0] NCCL INFO Channel 09/32 : 0 1 2 3 4 5 6 7
node23D400684:1242:2121 [2] NCCL INFO Trees [0] 3/-1/-1->2->1 [1] 3/-1/-1->2->1 [2] 3/-1/-1->2->1 [3] 3/-1/-1->2->1 [4] 3/-1/-1->2->1 [5] 3/-1/-1->2->1 [6] 3/-1/-1->2->1 [7] 3/-1/-1->2->1 [8] 3/-1/-1->2->1 [9] 3/-1/-1->2->1 [10] 3/-1/-1->2->1 [11] 3/-1/-1->2->1 [12] 3/-1/-1->2->1 [13] 3/-1/-1->2->1 [14] 3/-1/-1->2->1 [15] 3/-1/-1->2->1 [16] 3/-1/-1->2->1 [17] 3/-1/-1->2->1 [18] 3/-1/-1->2->1 [19] 3/-1/-1->2->1 [20] 3/-1/-1->2->1 [21] 3/-1/-1->2->1 [22] 3/-1/-1->2->1 [23] 3/-1/-1->2->1 [24] 3/-1/-1->2->1 [25] 3/-1/-1->2->1 [26] 3/-1/-1->2->1 [27] 3/-1/-1->2->1 [28] 3/-1/-1->2->1 [29] 3/-1/-1->2->1 [30] 3/-1/-1->2->1 [31] 3/-1/-1->2->1
node23D400684:1241:2123 [1] NCCL INFO P2P Chunksize set to 524288
node23D400684:1240:2120 [0] NCCL INFO Channel 10/32 : 0 1 2 3 4 5 6 7
node23D400684:1243:2122 [3] NCCL INFO Trees [0] 4/-1/-1->3->2 [1] 4/-1/-1->3->2 [2] 4/-1/-1->3->2 [3] 4/-1/-1->3->2 [4] 4/-1/-1->3->2 [5] 4/-1/-1->3->2 [6] 4/-1/-1->3->2 [7] 4/-1/-1->3->2 [8] 4/-1/-1->3->2 [9] 4/-1/-1->3->2 [10] 4/-1/-1->3->2 [11] 4/-1/-1->3->2 [12] 4/-1/-1->3->2 [13] 4/-1/-1->3->2 [14] 4/-1/-1->3->2 [15] 4/-1/-1->3->2 [16] 4/-1/-1->3->2 [17] 4/-1/-1->3->2 [18] 4/-1/-1->3->2 [19] 4/-1/-1->3->2 [20] 4/-1/-1->3->2 [21] 4/-1/-1->3->2 [22] 4/-1/-1->3->2 [23] 4/-1/-1->3->2 [24] 4/-1/-1->3->2 [25] 4/-1/-1->3->2 [26] 4/-1/-1->3->2 [27] 4/-1/-1->3->2 [28] 4/-1/-1->3->2 [29] 4/-1/-1->3->2 [30] 4/-1/-1->3->2 [31] 4/-1/-1->3->2
node23D400684:1242:2121 [2] NCCL INFO P2P Chunksize set to 524288
node23D400684:1240:2120 [0] NCCL INFO Channel 11/32 : 0 1 2 3 4 5 6 7
node23D400684:1243:2122 [3] NCCL INFO P2P Chunksize set to 524288
node23D400684:1240:2120 [0] NCCL INFO Channel 12/32 : 0 1 2 3 4 5 6 7
node23D400684:1240:2120 [0] NCCL INFO Channel 13/32 : 0 1 2 3 4 5 6 7
node23D400684:1240:2120 [0] NCCL INFO Channel 14/32 : 0 1 2 3 4 5 6 7
node23D400684:1240:2120 [0] NCCL INFO Channel 15/32 : 0 1 2 3 4 5 6 7
node23D400684:1240:2120 [0] NCCL INFO Channel 16/32 : 0 1 2 3 4 5 6 7
node23D400684:1240:2120 [0] NCCL INFO Channel 17/32 : 0 1 2 3 4 5 6 7
node23D400684:1240:2120 [0] NCCL INFO Channel 18/32 : 0 1 2 3 4 5 6 7
node23D400684:1240:2120 [0] NCCL INFO Channel 19/32 : 0 1 2 3 4 5 6 7
node23D400684:1240:2120 [0] NCCL INFO Channel 20/32 : 0 1 2 3 4 5 6 7
node23D400684:1240:2120 [0] NCCL INFO Channel 21/32 : 0 1 2 3 4 5 6 7
node23D400684:1240:2120 [0] NCCL INFO Channel 22/32 : 0 1 2 3 4 5 6 7
node23D400684:1240:2120 [0] NCCL INFO Channel 23/32 : 0 1 2 3 4 5 6 7
node23D400684:1240:2120 [0] NCCL INFO Channel 24/32 : 0 1 2 3 4 5 6 7
node23D400684:1240:2120 [0] NCCL INFO Channel 25/32 : 0 1 2 3 4 5 6 7
node23D400684:1240:2120 [0] NCCL INFO Channel 26/32 : 0 1 2 3 4 5 6 7
node23D400684:1240:2120 [0] NCCL INFO Channel 27/32 : 0 1 2 3 4 5 6 7
node23D400684:1240:2120 [0] NCCL INFO Channel 28/32 : 0 1 2 3 4 5 6 7
node23D400684:1240:2120 [0] NCCL INFO Channel 29/32 : 0 1 2 3 4 5 6 7
node23D400684:1240:2120 [0] NCCL INFO Channel 30/32 : 0 1 2 3 4 5 6 7
node23D400684:1240:2120 [0] NCCL INFO Channel 31/32 : 0 1 2 3 4 5 6 7
node23D400684:1240:2120 [0] NCCL INFO Trees [0] 1/-1/-1->0->-1 [1] 1/-1/-1->0->-1 [2] 1/-1/-1->0->-1 [3] 1/-1/-1->0->-1 [4] 1/-1/-1->0->-1 [5] 1/-1/-1->0->-1 [6] 1/-1/-1->0->-1 [7] 1/-1/-1->0->-1 [8] 1/-1/-1->0->-1 [9] 1/-1/-1->0->-1 [10] 1/-1/-1->0->-1 [11] 1/-1/-1->0->-1 [12] 1/-1/-1->0->-1 [13] 1/-1/-1->0->-1 [14] 1/-1/-1->0->-1 [15] 1/-1/-1->0->-1 [16] 1/-1/-1->0->-1 [17] 1/-1/-1->0->-1 [18] 1/-1/-1->0->-1 [19] 1/-1/-1->0->-1 [20] 1/-1/-1->0->-1 [21] 1/-1/-1->0->-1 [22] 1/-1/-1->0->-1 [23] 1/-1/-1->0->-1 [24] 1/-1/-1->0->-1 [25] 1/-1/-1->0->-1 [26] 1/-1/-1->0->-1 [27] 1/-1/-1->0->-1 [28] 1/-1/-1->0->-1 [29] 1/-1/-1->0->-1 [30] 1/-1/-1->0->-1 [31] 1/-1/-1->0->-1
node23D400684:1240:2120 [0] NCCL INFO P2P Chunksize set to 524288
node23D400684:1240:2120 [0] NCCL INFO Check P2P Type isAllDirectP2p 1 directMode 0
