W1116 04:16:29.374000 1174 torch/distributed/run.py:766] 
W1116 04:16:29.374000 1174 torch/distributed/run.py:766] *****************************************
W1116 04:16:29.374000 1174 torch/distributed/run.py:766] Setting OMP_NUM_THREADS environment variable for each process to be 1 in default, to avoid your system being overloaded, please further tune the variable for optimal performance in your application as needed. 
W1116 04:16:29.374000 1174 torch/distributed/run.py:766] *****************************************
> setting tensorboard ...
WARNING: one_logger package is required to enable e2e metrics tracking. please go to https://confluence.nvidia.com/display/MLWFO/Package+Repositories for details to install it
[Gloo] Rank 1 is connected to 1 peer ranks. Expected number of connected peer ranks is : [Gloo] Rank 11
 is connected to 1 peer ranks. Expected number of connected peer ranks is : 1
[Gloo] Rank 1 is connected to 1 peer ranks. Expected number of connected peer ranks is : 1
[Gloo] Rank 1 is connected to 1 peer ranks. Expected number of connected peer ranks is : 1
[Gloo] Rank 0 is connected to 0 peer ranks. Expected number of connected peer ranks is : 0
[Gloo] Rank 0 is connected to 0 peer ranks. Expected number of connected peer ranks is : 0
[Gloo] Rank 0 is connected to 0 peer ranks. Expected number of connected peer ranks is : 0
[Gloo] Rank 0 is connected to 0 peer ranks. Expected number of connected peer ranks is : 0
[Gloo] Rank 1 is connected to 1 peer ranks. Expected number of connected peer ranks is : [Gloo] Rank 11
 is connected to 1 peer ranks. Expected number of connected peer ranks is : 1
[Gloo] Rank [Gloo] Rank 11 is connected to  is connected to 11 peer ranks.  peer ranks. Expected number of connected peer ranks is : Expected number of connected peer ranks is : 11

[rank62]:[W1116 04:16:46.957690591 ProcessGroupNCCL.cpp:4789] [PG ID 0 PG GUID 0 Rank 62]  using GPU 2 as device used by this process is currently unknown. This can potentially cause a hang if this rank to GPU mapping is incorrect. You can specify device_id in init_process_group() to force use of a particular device.
[rank63]:[W1116 04:16:46.957690591 ProcessGroupNCCL.cpp:4789] [PG ID 0 PG GUID 0 Rank 63]  using GPU 3 as device used by this process is currently unknown. This can potentially cause a hang if this rank to GPU mapping is incorrect. You can specify device_id in init_process_group() to force use of a particular device.
[rank61]:[W1116 04:16:46.957690655 ProcessGroupNCCL.cpp:4789] [PG ID 0 PG GUID 0 Rank 61]  using GPU 1 as device used by this process is currently unknown. This can potentially cause a hang if this rank to GPU mapping is incorrect. You can specify device_id in init_process_group() to force use of a particular device.
[rank60]:[W1116 04:16:46.324820015 ProcessGroupNCCL.cpp:4789] [PG ID 0 PG GUID 0 Rank 60]  using GPU 0 as device used by this process is currently unknown. This can potentially cause a hang if this rank to GPU mapping is incorrect. You can specify device_id in init_process_group() to force use of a particular device.
node23D400681:1239:1239 [0] NCCL INFO cudaDriverVersion 12080
node23D400681:1239:1239 [0] NCCL INFO Bootstrap: Using enP5p9s0:10.192.23.152<0>
node23D400681:1239:1239 [0] NCCL INFO NCCL version 2.27.3+cuda12.9
node23D400681:1239:1239 [0] NCCL INFO Comm config Blocking set to 1
node23D400681:1241:1241 [2] NCCL INFO cudaDriverVersion 12080
node23D400681:1240:1240 [1] NCCL INFO cudaDriverVersion 12080
node23D400681:1242:1242 [3] NCCL INFO cudaDriverVersion 12080
node23D400681:1241:1241 [2] NCCL INFO Bootstrap: Using enP5p9s0:10.192.23.152<0>
node23D400681:1242:1242 [3] NCCL INFO Bootstrap: Using enP5p9s0:10.192.23.152<0>
node23D400681:1240:1240 [1] NCCL INFO Bootstrap: Using enP5p9s0:10.192.23.152<0>
node23D400681:1241:1241 [2] NCCL INFO NCCL version 2.27.3+cuda12.9
node23D400681:1242:1242 [3] NCCL INFO NCCL version 2.27.3+cuda12.9
node23D400681:1240:1240 [1] NCCL INFO NCCL version 2.27.3+cuda12.9
node23D400681:1240:1240 [1] NCCL INFO Comm config Blocking set to 1
node23D400681:1242:1242 [3] NCCL INFO Comm config Blocking set to 1
node23D400681:1241:1241 [2] NCCL INFO Comm config Blocking set to 1
node23D400681:1240:1717 [1] NCCL INFO NET/Plugin: Plugin name set by env to libnccl-net.so
node23D400681:1241:1719 [2] NCCL INFO NET/Plugin: Plugin name set by env to libnccl-net.so
node23D400681:1239:1716 [0] NCCL INFO NET/Plugin: Plugin name set by env to libnccl-net.so
node23D400681:1242:1718 [3] NCCL INFO NET/Plugin: Plugin name set by env to libnccl-net.so
node23D400681:1240:1717 [1] NCCL INFO NET/Plugin: Loaded net plugin NCCL RDMA Plugin v10 (v10)
node23D400681:1241:1719 [2] NCCL INFO NET/Plugin: Loaded net plugin NCCL RDMA Plugin v10 (v10)
node23D400681:1239:1716 [0] NCCL INFO NET/Plugin: Loaded net plugin NCCL RDMA Plugin v10 (v10)
node23D400681:1240:1717 [1] NCCL INFO NET/Plugin: Loaded collnet plugin NCCL RDMA Plugin v10 (v10)
node23D400681:1242:1718 [3] NCCL INFO NET/Plugin: Loaded net plugin NCCL RDMA Plugin v10 (v10)
node23D400681:1241:1719 [2] NCCL INFO NET/Plugin: Loaded collnet plugin NCCL RDMA Plugin v10 (v10)
node23D400681:1239:1716 [0] NCCL INFO NET/Plugin: Loaded collnet plugin NCCL RDMA Plugin v10 (v10)
node23D400681:1240:1717 [1] NCCL INFO Successfully loaded external plugin libnccl-net.so
node23D400681:1242:1718 [3] NCCL INFO NET/Plugin: Loaded collnet plugin NCCL RDMA Plugin v10 (v10)
node23D400681:1241:1719 [2] NCCL INFO Successfully loaded external plugin libnccl-net.so
node23D400681:1239:1716 [0] NCCL INFO Successfully loaded external plugin libnccl-net.so
node23D400681:1242:1718 [3] NCCL INFO Successfully loaded external plugin libnccl-net.so
node23D400681:1240:1717 [1] NCCL INFO Plugin Path : /opt/hpcx/nccl_rdma_sharp_plugin/lib/libnccl-net.so
node23D400681:1240:1717 [1] NCCL INFO P2P plugin v10 IBext_v10
node23D400681:1241:1719 [2] NCCL INFO Plugin Path : /opt/hpcx/nccl_rdma_sharp_plugin/lib/libnccl-net.so
node23D400681:1241:1719 [2] NCCL INFO P2P plugin v10 IBext_v10
node23D400681:1242:1718 [3] NCCL INFO Plugin Path : /opt/hpcx/nccl_rdma_sharp_plugin/lib/libnccl-net.so
node23D400681:1239:1716 [0] NCCL INFO Plugin Path : /opt/hpcx/nccl_rdma_sharp_plugin/lib/libnccl-net.so
node23D400681:1242:1718 [3] NCCL INFO P2P plugin v10 IBext_v10
node23D400681:1239:1716 [0] NCCL INFO P2P plugin v10 IBext_v10
node23D400681:1242:1718 [3] NCCL INFO NET/IB : No device found.
node23D400681:1242:1718 [3] NCCL INFO NET/IB : Using [RO]; OOB enP5p9s0:10.192.23.152<0>
node23D400681:1240:1717 [1] NCCL INFO NET/IB : No device found.
node23D400681:1240:1717 [1] NCCL INFO NET/IB : Using [RO]; OOB enP5p9s0:10.192.23.152<0>
node23D400681:1239:1716 [0] NCCL INFO NET/IB : No device found.
node23D400681:1241:1719 [2] NCCL INFO NET/IB : No device found.
node23D400681:1239:1716 [0] NCCL INFO NET/IB : Using [RO]; OOB enP5p9s0:10.192.23.152<0>
node23D400681:1241:1719 [2] NCCL INFO NET/IB : Using [RO]; OOB enP5p9s0:10.192.23.152<0>
node23D400681:1242:1718 [3] NCCL INFO NET/IB : No device found.
node23D400681:1242:1718 [3] NCCL INFO NET/IB : Using [RO]; OOB enP5p9s0:10.192.23.152<0>
node23D400681:1242:1718 [3] NCCL INFO NET/Socket : Using [0]enP5p9s0:10.192.23.152<0>
node23D400681:1242:1718 [3] NCCL INFO Initialized NET plugin Socket
node23D400681:1242:1718 [3] NCCL INFO Assigned NET plugin Socket to comm
node23D400681:1242:1718 [3] NCCL INFO Using network Socket
node23D400681:1241:1719 [2] NCCL INFO NET/IB : No device found.
node23D400681:1241:1719 [2] NCCL INFO NET/IB : Using [RO]; OOB enP5p9s0:10.192.23.152<0>
node23D400681:1241:1719 [2] NCCL INFO NET/Socket : Using [0]enP5p9s0:10.192.23.152<0>
node23D400681:1241:1719 [2] NCCL INFO Initialized NET plugin Socket
node23D400681:1241:1719 [2] NCCL INFO Assigned NET plugin Socket to comm
node23D400681:1241:1719 [2] NCCL INFO Using network Socket
node23D400681:1239:1716 [0] NCCL INFO NET/IB : No device found.
node23D400681:1239:1716 [0] NCCL INFO NET/IB : Using [RO]; OOB enP5p9s0:10.192.23.152<0>
node23D400681:1240:1717 [1] NCCL INFO NET/IB : No device found.
node23D400681:1240:1717 [1] NCCL INFO NET/IB : Using [RO]; OOB enP5p9s0:10.192.23.152<0>
node23D400681:1239:1716 [0] NCCL INFO NET/Socket : Using [0]enP5p9s0:10.192.23.152<0>
node23D400681:1239:1716 [0] NCCL INFO Initialized NET plugin Socket
node23D400681:1240:1717 [1] NCCL INFO NET/Socket : Using [0]enP5p9s0:10.192.23.152<0>
node23D400681:1240:1717 [1] NCCL INFO Initialized NET plugin Socket
node23D400681:1239:1716 [0] NCCL INFO Assigned NET plugin Socket to comm
node23D400681:1239:1716 [0] NCCL INFO Using network Socket
node23D400681:1240:1717 [1] NCCL INFO Assigned NET plugin Socket to comm
node23D400681:1240:1717 [1] NCCL INFO Using network Socket
node23D400681:1242:1718 [3] NCCL INFO ncclCommInitRankConfig comm 0x1e450360 rank 63 nranks 64 cudaDev 3 nvmlDev 3 busId 1901000 commId 0x75c27e0d7f7ac035 - Init START
node23D400681:1241:1719 [2] NCCL INFO ncclCommInitRankConfig comm 0x4c8a1c50 rank 62 nranks 64 cudaDev 2 nvmlDev 2 busId 1801000 commId 0x75c27e0d7f7ac035 - Init START
node23D400681:1239:1716 [0] NCCL INFO ncclCommInitRankConfig comm 0x4fb63a10 rank 60 nranks 64 cudaDev 0 nvmlDev 0 busId 801000 commId 0x75c27e0d7f7ac035 - Init START
node23D400681:1240:1717 [1] NCCL INFO ncclCommInitRankConfig comm 0x4e2426c0 rank 61 nranks 64 cudaDev 1 nvmlDev 1 busId 901000 commId 0x75c27e0d7f7ac035 - Init START
node23D400681:1242:1718 [3] NCCL INFO RAS client listening socket at 127.0.0.1<28028>
node23D400681:1241:1719 [2] NCCL INFO RAS client listening socket at 127.0.0.1<28028>
node23D400681:1240:1717 [1] NCCL INFO RAS client listening socket at 127.0.0.1<28028>
node23D400681:1239:1716 [0] NCCL INFO RAS client listening socket at 127.0.0.1<28028>
node23D400681:1242:1718 [3] NCCL INFO Bootstrap timings total 0.022700 (create 0.000048, send 0.000157, recv 0.000240, ring 0.019192, delay 0.000000)
node23D400681:1241:1719 [2] NCCL INFO Bootstrap timings total 0.020444 (create 0.000028, send 0.000114, recv 0.000800, ring 0.018989, delay 0.000000)
node23D400681:1240:1717 [1] NCCL INFO Bootstrap timings total 0.019993 (create 0.000029, send 0.000145, recv 0.000533, ring 0.019027, delay 0.000000)
node23D400681:1239:1716 [0] NCCL INFO Bootstrap timings total 0.020167 (create 0.000027, send 0.000098, recv 0.000524, ring 0.012454, delay 0.000000)
node23D400681:1242:1718 [3] NCCL INFO MNNVL busId 0x1901000 fabric UUID aa48724aeeaad6a8.b34b901796a1c18d cliqueId 0x7ffe state 3 healthMask 0xaa
node23D400681:1240:1717 [1] NCCL INFO MNNVL busId 0x901000 fabric UUID aa48724aeeaad6a8.b34b901796a1c18d cliqueId 0x7ffe state 3 healthMask 0xaa
node23D400681:1239:1716 [0] NCCL INFO MNNVL busId 0x801000 fabric UUID aa48724aeeaad6a8.b34b901796a1c18d cliqueId 0x7ffe state 3 healthMask 0xaa
node23D400681:1241:1719 [2] NCCL INFO MNNVL busId 0x1801000 fabric UUID aa48724aeeaad6a8.b34b901796a1c18d cliqueId 0x7ffe state 3 healthMask 0xaa
node23D400681:1242:1718 [3] NCCL INFO MNNVL 1 cliqueId 7ffe cliqueSize 64 cliqueRank 63
node23D400681:1240:1717 [1] NCCL INFO MNNVL 1 cliqueId 7ffe cliqueSize 64 cliqueRank 61
node23D400681:1241:1719 [2] NCCL INFO MNNVL 1 cliqueId 7ffe cliqueSize 64 cliqueRank 62
node23D400681:1239:1716 [0] NCCL INFO MNNVL 1 cliqueId 7ffe cliqueSize 64 cliqueRank 60
node23D400681:1240:1717 [1] NCCL INFO Setting affinity for GPU 1 to 0-71
node23D400681:1240:1717 [1] NCCL INFO NCCL_NVLS_ENABLE set by environment to 0.
node23D400681:1241:1719 [2] NCCL INFO Setting affinity for GPU 2 to 72-143
node23D400681:1241:1719 [2] NCCL INFO NCCL_NVLS_ENABLE set by environment to 0.
node23D400681:1242:1718 [3] NCCL INFO Setting affinity for GPU 3 to 72-143
node23D400681:1242:1718 [3] NCCL INFO NCCL_NVLS_ENABLE set by environment to 0.
node23D400681:1239:1716 [0] NCCL INFO Setting affinity for GPU 0 to 0-71
node23D400681:1239:1716 [0] NCCL INFO NCCL_NVLS_ENABLE set by environment to 0.
node23D400681:1242:1718 [3] NCCL INFO comm 0x1e450360 rank 63 nRanks 64 nNodes 1 localRanks 64 localRank 63 MNNVL 1
node23D400681:1241:1719 [2] NCCL INFO comm 0x4c8a1c50 rank 62 nRanks 64 nNodes 1 localRanks 64 localRank 62 MNNVL 1
node23D400681:1242:1718 [3] NCCL INFO Trees [0] -1/-1/-1->63->62 [1] -1/-1/-1->63->62 [2] -1/-1/-1->63->62 [3] -1/-1/-1->63->62 [4] -1/-1/-1->63->62 [5] -1/-1/-1->63->62 [6] -1/-1/-1->63->62 [7] -1/-1/-1->63->62 [8] -1/-1/-1->63->62 [9] -1/-1/-1->63->62 [10] -1/-1/-1->63->62 [11] -1/-1/-1->63->62 [12] -1/-1/-1->63->62 [13] -1/-1/-1->63->62 [14] -1/-1/-1->63->62 [15] -1/-1/-1->63->62 [16] -1/-1/-1->63->62 [17] -1/-1/-1->63->62 [18] -1/-1/-1->63->62 [19] -1/-1/-1->63->62 [20] -1/-1/-1->63->62 [21] -1/-1/-1->63->62 [22] -1/-1/-1->63->62 [23] -1/-1/-1->63->62 [24] -1/-1/-1->63->62 [25] -1/-1/-1->63->62 [26] -1/-1/-1->63->62 [27] -1/-1/-1->63->62 [28] -1/-1/-1->63->62 [29] -1/-1/-1->63->62 [30] -1/-1/-1->63->62 [31] -1/-1/-1->63->62
node23D400681:1241:1719 [2] NCCL INFO Trees [0] 63/-1/-1->62->61 [1] 63/-1/-1->62->61 [2] 63/-1/-1->62->61 [3] 63/-1/-1->62->61 [4] 63/-1/-1->62->61 [5] 63/-1/-1->62->61 [6] 63/-1/-1->62->61 [7] 63/-1/-1->62->61 [8] 63/-1/-1->62->61 [9] 63/-1/-1->62->61 [10] 63/-1/-1->62->61 [11] 63/-1/-1->62->61 [12] 63/-1/-1->62->61 [13] 63/-1/-1->62->61 [14] 63/-1/-1->62->61 [15] 63/-1/-1->62->61 [16] 63/-1/-1->62->61 [17] 63/-1/-1->62->61 [18] 63/-1/-1->62->61 [19] 63/-1/-1->62->61 [20] 63/-1/-1->62->61 [21] 63/-1/-1->62->61 [22] 63/-1/-1->62->61 [23] 63/-1/-1->62->61 [24] 63/-1/-1->62->61 [25] 63/-1/-1->62->61 [26] 63/-1/-1->62->61 [27] 63/-1/-1->62->61 [28] 63/-1/-1->62->61 [29] 63/-1/-1->62->61 [30] 63/-1/-1->62->61 [31] 63/-1/-1->62->61
node23D400681:1242:1718 [3] NCCL INFO P2P Chunksize set to 524288
node23D400681:1241:1719 [2] NCCL INFO P2P Chunksize set to 524288
node23D400681:1240:1717 [1] NCCL INFO comm 0x4e2426c0 rank 61 nRanks 64 nNodes 1 localRanks 64 localRank 61 MNNVL 1
node23D400681:1240:1717 [1] NCCL INFO Trees [0] 62/-1/-1->61->60 [1] 62/-1/-1->61->60 [2] 62/-1/-1->61->60 [3] 62/-1/-1->61->60 [4] 62/-1/-1->61->60 [5] 62/-1/-1->61->60 [6] 62/-1/-1->61->60 [7] 62/-1/-1->61->60 [8] 62/-1/-1->61->60 [9] 62/-1/-1->61->60 [10] 62/-1/-1->61->60 [11] 62/-1/-1->61->60 [12] 62/-1/-1->61->60 [13] 62/-1/-1->61->60 [14] 62/-1/-1->61->60 [15] 62/-1/-1->61->60 [16] 62/-1/-1->61->60 [17] 62/-1/-1->61->60 [18] 62/-1/-1->61->60 [19] 62/-1/-1->61->60 [20] 62/-1/-1->61->60 [21] 62/-1/-1->61->60 [22] 62/-1/-1->61->60 [23] 62/-1/-1->61->60 [24] 62/-1/-1->61->60 [25] 62/-1/-1->61->60 [26] 62/-1/-1->61->60 [27] 62/-1/-1->61->60 [28] 62/-1/-1->61->60 [29] 62/-1/-1->61->60 [30] 62/-1/-1->61->60 [31] 62/-1/-1->61->60
node23D400681:1240:1717 [1] NCCL INFO P2P Chunksize set to 524288
node23D400681:1239:1716 [0] NCCL INFO comm 0x4fb63a10 rank 60 nRanks 64 nNodes 1 localRanks 64 localRank 60 MNNVL 1
node23D400681:1239:1716 [0] NCCL INFO Trees [0] 61/-1/-1->60->59 [1] 61/-1/-1->60->59 [2] 61/-1/-1->60->59 [3] 61/-1/-1->60->59 [4] 61/-1/-1->60->59 [5] 61/-1/-1->60->59 [6] 61/-1/-1->60->59 [7] 61/-1/-1->60->59 [8] 61/-1/-1->60->59 [9] 61/-1/-1->60->59 [10] 61/-1/-1->60->59 [11] 61/-1/-1->60->59 [12] 61/-1/-1->60->59 [13] 61/-1/-1->60->59 [14] 61/-1/-1->60->59 [15] 61/-1/-1->60->59 [16] 61/-1/-1->60->59 [17] 61/-1/-1->60->59 [18] 61/-1/-1->60->59 [19] 61/-1/-1->60->59 [20] 61/-1/-1->60->59 [21] 61/-1/-1->60->59 [22] 61/-1/-1->60->59 [23] 61/-1/-1->60->59 [24] 61/-1/-1->60->59 [25] 61/-1/-1->60->59 [26] 61/-1/-1->60->59 [27] 61/-1/-1->60->59 [28] 61/-1/-1->60->59 [29] 61/-1/-1->60->59 [30] 61/-1/-1->60->59 [31] 61/-1/-1->60->59
node23D400681:1239:1716 [0] NCCL INFO P2P Chunksize set to 524288
node23D400681:1240:1717 [1] NCCL INFO PROFILER/Plugin: Could not find: libnccl-profiler.so. 
node23D400681:1239:1716 [0] NCCL INFO PROFILER/Plugin: Could not find: libnccl-profiler.so. 
node23D400681:1242:1718 [3] NCCL INFO PROFILER/Plugin: Could not find: libnccl-profiler.so. 
node23D400681:1241:1719 [2] NCCL INFO PROFILER/Plugin: Could not find: libnccl-profiler.so. 
node23D400681:1240:1724 [1] NCCL INFO [Proxy Service] Device 1 CPU core 5
node23D400681:1240:1725 [1] NCCL INFO [Proxy Service UDS] Device 1 CPU core 6
node23D400681:1239:1726 [0] NCCL INFO [Proxy Service] Device 0 CPU core 7
node23D400681:1239:1727 [0] NCCL INFO [Proxy Service UDS] Device 0 CPU core 8
node23D400681:1241:1728 [2] NCCL INFO [Proxy Service] Device 2 CPU core 79
node23D400681:1242:1729 [3] NCCL INFO [Proxy Service] Device 3 CPU core 81
node23D400681:1241:1730 [2] NCCL INFO [Proxy Service UDS] Device 2 CPU core 82
node23D400681:1242:1731 [3] NCCL INFO [Proxy Service UDS] Device 3 CPU core 83
node23D400681:1240:1717 [1] NCCL INFO threadThresholds 8/8/64 | 512/8/64 | 512 | 512
node23D400681:1240:1717 [1] NCCL INFO 32 coll channels, 32 collnet channels, 0 nvls channels, 32 p2p channels, 32 p2p channels per peer
node23D400681:1241:1719 [2] NCCL INFO threadThresholds 8/8/64 | 512/8/64 | 512 | 512
node23D400681:1241:1719 [2] NCCL INFO 32 coll channels, 32 collnet channels, 0 nvls channels, 32 p2p channels, 32 p2p channels per peer
node23D400681:1239:1716 [0] NCCL INFO threadThresholds 8/8/64 | 512/8/64 | 512 | 512
node23D400681:1239:1716 [0] NCCL INFO 32 coll channels, 32 collnet channels, 0 nvls channels, 32 p2p channels, 32 p2p channels per peer
node23D400681:1242:1718 [3] NCCL INFO threadThresholds 8/8/64 | 512/8/64 | 512 | 512
node23D400681:1242:1718 [3] NCCL INFO 32 coll channels, 32 collnet channels, 0 nvls channels, 32 p2p channels, 32 p2p channels per peer
node23D400681:1239:1716 [0] NCCL INFO TUNER/Plugin: Could not find: libnccl-tuner.so. Using internal tuner plugin.
node23D400681:1240:1717 [1] NCCL INFO TUNER/Plugin: Could not find: libnccl-tuner.so. Using internal tuner plugin.
node23D400681:1239:1716 [0] NCCL INFO TUNER/Plugin: Failed to find ncclTunerPlugin_v4 symbol.
node23D400681:1239:1716 [0] NCCL INFO TUNER/Plugin: Failed to find ncclTunerPlugin_v3 symbol.
node23D400681:1240:1717 [1] NCCL INFO TUNER/Plugin: Failed to find ncclTunerPlugin_v4 symbol.
node23D400681:1239:1716 [0] NCCL INFO TUNER/Plugin: Failed to find ncclTunerPlugin_v2 symbol, using internal tuner instead.
node23D400681:1240:1717 [1] NCCL INFO TUNER/Plugin: Failed to find ncclTunerPlugin_v3 symbol.
node23D400681:1239:1716 [0] NCCL INFO ncclCommInitRankConfig comm 0x4fb63a10 rank 60 nranks 64 cudaDev 0 nvmlDev 0 busId 801000 commId 0x75c27e0d7f7ac035 - Init COMPLETE
node23D400681:1240:1717 [1] NCCL INFO TUNER/Plugin: Failed to find ncclTunerPlugin_v2 symbol, using internal tuner instead.
node23D400681:1240:1717 [1] NCCL INFO ncclCommInitRankConfig comm 0x4e2426c0 rank 61 nranks 64 cudaDev 1 nvmlDev 1 busId 901000 commId 0x75c27e0d7f7ac035 - Init COMPLETE
node23D400681:1239:1716 [0] NCCL INFO Init timings - ncclCommInitRankConfig: rank 60 nranks 64 total 2.77 (kernels 0.13, alloc 0.26, bootstrap 0.02, allgathers 0.09, topo 2.07, graphs 0.04, connections 0.16, rest 0.01)
node23D400681:1240:1717 [1] NCCL INFO Init timings - ncclCommInitRankConfig: rank 61 nranks 64 total 2.77 (kernels 0.13, alloc 0.26, bootstrap 0.02, allgathers 0.11, topo 2.05, graphs 0.04, connections 0.16, rest 0.01)
node23D400681:1242:1718 [3] NCCL INFO TUNER/Plugin: Could not find: libnccl-tuner.so. Using internal tuner plugin.
node23D400681:1242:1718 [3] NCCL INFO TUNER/Plugin: Failed to find ncclTunerPlugin_v4 symbol.
node23D400681:1242:1718 [3] NCCL INFO TUNER/Plugin: Failed to find ncclTunerPlugin_v3 symbol.
node23D400681:1242:1718 [3] NCCL INFO TUNER/Plugin: Failed to find ncclTunerPlugin_v2 symbol, using internal tuner instead.
node23D400681:1242:1718 [3] NCCL INFO ncclCommInitRankConfig comm 0x1e450360 rank 63 nranks 64 cudaDev 3 nvmlDev 3 busId 1901000 commId 0x75c27e0d7f7ac035 - Init COMPLETE
node23D400681:1242:1718 [3] NCCL INFO Init timings - ncclCommInitRankConfig: rank 63 nranks 64 total 2.77 (kernels 0.13, alloc 0.25, bootstrap 0.02, allgathers 0.10, topo 2.06, graphs 0.04, connections 0.16, rest 0.01)
node23D400681:1241:1719 [2] NCCL INFO TUNER/Plugin: Could not find: libnccl-tuner.so. Using internal tuner plugin.
node23D400681:1241:1719 [2] NCCL INFO TUNER/Plugin: Failed to find ncclTunerPlugin_v4 symbol.
node23D400681:1241:1719 [2] NCCL INFO TUNER/Plugin: Failed to find ncclTunerPlugin_v3 symbol.
node23D400681:1241:1719 [2] NCCL INFO TUNER/Plugin: Failed to find ncclTunerPlugin_v2 symbol, using internal tuner instead.
node23D400681:1241:1719 [2] NCCL INFO ncclCommInitRankConfig comm 0x4c8a1c50 rank 62 nranks 64 cudaDev 2 nvmlDev 2 busId 1801000 commId 0x75c27e0d7f7ac035 - Init COMPLETE
node23D400681:1241:1719 [2] NCCL INFO Init timings - ncclCommInitRankConfig: rank 62 nranks 64 total 2.77 (kernels 0.13, alloc 0.25, bootstrap 0.02, allgathers 0.10, topo 2.05, graphs 0.04, connections 0.16, rest 0.01)
node23D400681:1239:1732 [0] NCCL INFO Channel 00/0 : 60[0] -> 61[1] via P2P/MNNVL
node23D400681:1240:1734 [1] NCCL INFO Channel 00/0 : 61[1] -> 62[2] via P2P/MNNVL
node23D400681:1239:1732 [0] NCCL INFO Channel 01/0 : 60[0] -> 61[1] via P2P/MNNVL
node23D400681:1241:1733 [2] NCCL INFO Channel 00/0 : 62[2] -> 63[3] via P2P/MNNVL
node23D400681:1239:1732 [0] NCCL INFO Channel 02/0 : 60[0] -> 61[1] via P2P/MNNVL
node23D400681:1240:1734 [1] NCCL INFO Channel 01/0 : 61[1] -> 62[2] via P2P/MNNVL
node23D400681:1239:1732 [0] NCCL INFO Channel 03/0 : 60[0] -> 61[1] via P2P/MNNVL
node23D400681:1240:1734 [1] NCCL INFO Channel 02/0 : 61[1] -> 62[2] via P2P/MNNVL
node23D400681:1241:1733 [2] NCCL INFO Channel 01/0 : 62[2] -> 63[3] via P2P/MNNVL
node23D400681:1239:1732 [0] NCCL INFO Channel 04/0 : 60[0] -> 61[1] via P2P/MNNVL
node23D400681:1240:1734 [1] NCCL INFO Channel 03/0 : 61[1] -> 62[2] via P2P/MNNVL
node23D400681:1240:1734 [1] NCCL INFO Channel 04/0 : 61[1] -> 62[2] via P2P/MNNVL
node23D400681:1241:1733 [2] NCCL INFO Channel 02/0 : 62[2] -> 63[3] via P2P/MNNVL
node23D400681:1242:1735 [3] NCCL INFO Channel 00/0 : 63[3] -> 0[0] via P2P/MNNVL
node23D400681:1239:1732 [0] NCCL INFO Channel 05/0 : 60[0] -> 61[1] via P2P/MNNVL
node23D400681:1240:1734 [1] NCCL INFO Channel 05/0 : 61[1] -> 62[2] via P2P/MNNVL
node23D400681:1239:1732 [0] NCCL INFO Channel 06/0 : 60[0] -> 61[1] via P2P/MNNVL
node23D400681:1242:1735 [3] NCCL INFO Channel 01/0 : 63[3] -> 0[0] via P2P/MNNVL
node23D400681:1241:1733 [2] NCCL INFO Channel 03/0 : 62[2] -> 63[3] via P2P/MNNVL
node23D400681:1239:1732 [0] NCCL INFO Channel 07/0 : 60[0] -> 61[1] via P2P/MNNVL
node23D400681:1240:1734 [1] NCCL INFO Channel 06/0 : 61[1] -> 62[2] via P2P/MNNVL
node23D400681:1241:1733 [2] NCCL INFO Channel 04/0 : 62[2] -> 63[3] via P2P/MNNVL
node23D400681:1242:1735 [3] NCCL INFO Channel 02/0 : 63[3] -> 0[0] via P2P/MNNVL
node23D400681:1239:1732 [0] NCCL INFO Channel 08/0 : 60[0] -> 61[1] via P2P/MNNVL
node23D400681:1242:1735 [3] NCCL INFO Channel 03/0 : 63[3] -> 0[0] via P2P/MNNVL
node23D400681:1240:1734 [1] NCCL INFO Channel 07/0 : 61[1] -> 62[2] via P2P/MNNVL
node23D400681:1241:1733 [2] NCCL INFO Channel 05/0 : 62[2] -> 63[3] via P2P/MNNVL
node23D400681:1242:1735 [3] NCCL INFO Channel 04/0 : 63[3] -> 0[0] via P2P/MNNVL
node23D400681:1239:1732 [0] NCCL INFO Channel 09/0 : 60[0] -> 61[1] via P2P/MNNVL
node23D400681:1240:1734 [1] NCCL INFO Channel 08/0 : 61[1] -> 62[2] via P2P/MNNVL
node23D400681:1242:1735 [3] NCCL INFO Channel 05/0 : 63[3] -> 0[0] via P2P/MNNVL
node23D400681:1241:1733 [2] NCCL INFO Channel 06/0 : 62[2] -> 63[3] via P2P/MNNVL
node23D400681:1242:1735 [3] NCCL INFO Channel 06/0 : 63[3] -> 0[0] via P2P/MNNVL
node23D400681:1239:1732 [0] NCCL INFO Channel 10/0 : 60[0] -> 61[1] via P2P/MNNVL
node23D400681:1240:1734 [1] NCCL INFO Channel 09/0 : 61[1] -> 62[2] via P2P/MNNVL
node23D400681:1241:1733 [2] NCCL INFO Channel 07/0 : 62[2] -> 63[3] via P2P/MNNVL
node23D400681:1242:1735 [3] NCCL INFO Channel 07/0 : 63[3] -> 0[0] via P2P/MNNVL
node23D400681:1240:1734 [1] NCCL INFO Channel 10/0 : 61[1] -> 62[2] via P2P/MNNVL
node23D400681:1239:1732 [0] NCCL INFO Channel 11/0 : 60[0] -> 61[1] via P2P/MNNVL
node23D400681:1241:1733 [2] NCCL INFO Channel 08/0 : 62[2] -> 63[3] via P2P/MNNVL
node23D400681:1242:1735 [3] NCCL INFO Channel 08/0 : 63[3] -> 0[0] via P2P/MNNVL
node23D400681:1240:1734 [1] NCCL INFO Channel 11/0 : 61[1] -> 62[2] via P2P/MNNVL
node23D400681:1239:1732 [0] NCCL INFO Channel 12/0 : 60[0] -> 61[1] via P2P/MNNVL
node23D400681:1240:1734 [1] NCCL INFO Channel 12/0 : 61[1] -> 62[2] via P2P/MNNVL
node23D400681:1241:1733 [2] NCCL INFO Channel 09/0 : 62[2] -> 63[3] via P2P/MNNVL
node23D400681:1239:1732 [0] NCCL INFO Channel 13/0 : 60[0] -> 61[1] via P2P/MNNVL
node23D400681:1242:1735 [3] NCCL INFO Channel 09/0 : 63[3] -> 0[0] via P2P/MNNVL
node23D400681:1240:1734 [1] NCCL INFO Channel 13/0 : 61[1] -> 62[2] via P2P/MNNVL
node23D400681:1240:1734 [1] NCCL INFO Channel 14/0 : 61[1] -> 62[2] via P2P/MNNVL
node23D400681:1242:1735 [3] NCCL INFO Channel 10/0 : 63[3] -> 0[0] via P2P/MNNVL
node23D400681:1239:1732 [0] NCCL INFO Channel 14/0 : 60[0] -> 61[1] via P2P/MNNVL
node23D400681:1241:1733 [2] NCCL INFO Channel 10/0 : 62[2] -> 63[3] via P2P/MNNVL
node23D400681:1242:1735 [3] NCCL INFO Channel 11/0 : 63[3] -> 0[0] via P2P/MNNVL
node23D400681:1239:1732 [0] NCCL INFO Channel 15/0 : 60[0] -> 61[1] via P2P/MNNVL
node23D400681:1240:1734 [1] NCCL INFO Channel 15/0 : 61[1] -> 62[2] via P2P/MNNVL
node23D400681:1239:1732 [0] NCCL INFO Channel 16/0 : 60[0] -> 61[1] via P2P/MNNVL
node23D400681:1241:1733 [2] NCCL INFO Channel 11/0 : 62[2] -> 63[3] via P2P/MNNVL
node23D400681:1240:1734 [1] NCCL INFO Channel 16/0 : 61[1] -> 62[2] via P2P/MNNVL
node23D400681:1242:1735 [3] NCCL INFO Channel 12/0 : 63[3] -> 0[0] via P2P/MNNVL
node23D400681:1241:1733 [2] NCCL INFO Channel 12/0 : 62[2] -> 63[3] via P2P/MNNVL
node23D400681:1239:1732 [0] NCCL INFO Channel 17/0 : 60[0] -> 61[1] via P2P/MNNVL
node23D400681:1241:1733 [2] NCCL INFO Channel 13/0 : 62[2] -> 63[3] via P2P/MNNVL
node23D400681:1242:1735 [3] NCCL INFO Channel 13/0 : 63[3] -> 0[0] via P2P/MNNVL
node23D400681:1240:1734 [1] NCCL INFO Channel 17/0 : 61[1] -> 62[2] via P2P/MNNVL
node23D400681:1241:1733 [2] NCCL INFO Channel 14/0 : 62[2] -> 63[3] via P2P/MNNVL
node23D400681:1239:1732 [0] NCCL INFO Channel 18/0 : 60[0] -> 61[1] via P2P/MNNVL
node23D400681:1242:1735 [3] NCCL INFO Channel 14/0 : 63[3] -> 0[0] via P2P/MNNVL
node23D400681:1239:1732 [0] NCCL INFO Channel 19/0 : 60[0] -> 61[1] via P2P/MNNVL
node23D400681:1242:1735 [3] NCCL INFO Channel 15/0 : 63[3] -> 0[0] via P2P/MNNVL
node23D400681:1241:1733 [2] NCCL INFO Channel 15/0 : 62[2] -> 63[3] via P2P/MNNVL
node23D400681:1240:1734 [1] NCCL INFO Channel 18/0 : 61[1] -> 62[2] via P2P/MNNVL
node23D400681:1239:1732 [0] NCCL INFO Channel 20/0 : 60[0] -> 61[1] via P2P/MNNVL
node23D400681:1240:1734 [1] NCCL INFO Channel 19/0 : 61[1] -> 62[2] via P2P/MNNVL
node23D400681:1242:1735 [3] NCCL INFO Channel 16/0 : 63[3] -> 0[0] via P2P/MNNVL
node23D400681:1239:1732 [0] NCCL INFO Channel 21/0 : 60[0] -> 61[1] via P2P/MNNVL
node23D400681:1240:1734 [1] NCCL INFO Channel 20/0 : 61[1] -> 62[2] via P2P/MNNVL
node23D400681:1241:1733 [2] NCCL INFO Channel 16/0 : 62[2] -> 63[3] via P2P/MNNVL
node23D400681:1240:1734 [1] NCCL INFO Channel 21/0 : 61[1] -> 62[2] via P2P/MNNVL
node23D400681:1241:1733 [2] NCCL INFO Channel 17/0 : 62[2] -> 63[3] via P2P/MNNVL
node23D400681:1239:1732 [0] NCCL INFO Channel 22/0 : 60[0] -> 61[1] via P2P/MNNVL
node23D400681:1242:1735 [3] NCCL INFO Channel 17/0 : 63[3] -> 0[0] via P2P/MNNVL
node23D400681:1241:1733 [2] NCCL INFO Channel 18/0 : 62[2] -> 63[3] via P2P/MNNVL
node23D400681:1240:1734 [1] NCCL INFO Channel 22/0 : 61[1] -> 62[2] via P2P/MNNVL
node23D400681:1239:1732 [0] NCCL INFO Channel 23/0 : 60[0] -> 61[1] via P2P/MNNVL
node23D400681:1242:1735 [3] NCCL INFO Channel 18/0 : 63[3] -> 0[0] via P2P/MNNVL
node23D400681:1241:1733 [2] NCCL INFO Channel 19/0 : 62[2] -> 63[3] via P2P/MNNVL
node23D400681:1239:1732 [0] NCCL INFO Channel 24/0 : 60[0] -> 61[1] via P2P/MNNVL
node23D400681:1240:1734 [1] NCCL INFO Channel 23/0 : 61[1] -> 62[2] via P2P/MNNVL
node23D400681:1240:1734 [1] NCCL INFO Channel 24/0 : 61[1] -> 62[2] via P2P/MNNVL
node23D400681:1239:1732 [0] NCCL INFO Channel 25/0 : 60[0] -> 61[1] via P2P/MNNVL
node23D400681:1242:1735 [3] NCCL INFO Channel 19/0 : 63[3] -> 0[0] via P2P/MNNVL
node23D400681:1241:1733 [2] NCCL INFO Channel 20/0 : 62[2] -> 63[3] via P2P/MNNVL
node23D400681:1240:1734 [1] NCCL INFO Channel 25/0 : 61[1] -> 62[2] via P2P/MNNVL
node23D400681:1241:1733 [2] NCCL INFO Channel 21/0 : 62[2] -> 63[3] via P2P/MNNVL
node23D400681:1240:1734 [1] NCCL INFO Channel 26/0 : 61[1] -> 62[2] via P2P/MNNVL
node23D400681:1239:1732 [0] NCCL INFO Channel 26/0 : 60[0] -> 61[1] via P2P/MNNVL
node23D400681:1242:1735 [3] NCCL INFO Channel 20/0 : 63[3] -> 0[0] via P2P/MNNVL
node23D400681:1241:1733 [2] NCCL INFO Channel 22/0 : 62[2] -> 63[3] via P2P/MNNVL
node23D400681:1240:1734 [1] NCCL INFO Channel 27/0 : 61[1] -> 62[2] via P2P/MNNVL
node23D400681:1242:1735 [3] NCCL INFO Channel 21/0 : 63[3] -> 0[0] via P2P/MNNVL
node23D400681:1239:1732 [0] NCCL INFO Channel 27/0 : 60[0] -> 61[1] via P2P/MNNVL
node23D400681:1240:1734 [1] NCCL INFO Channel 28/0 : 61[1] -> 62[2] via P2P/MNNVL
node23D400681:1241:1733 [2] NCCL INFO Channel 23/0 : 62[2] -> 63[3] via P2P/MNNVL
node23D400681:1240:1734 [1] NCCL INFO Channel 29/0 : 61[1] -> 62[2] via P2P/MNNVL
node23D400681:1239:1732 [0] NCCL INFO Channel 28/0 : 60[0] -> 61[1] via P2P/MNNVL
node23D400681:1242:1735 [3] NCCL INFO Channel 22/0 : 63[3] -> 0[0] via P2P/MNNVL
node23D400681:1241:1733 [2] NCCL INFO Channel 24/0 : 62[2] -> 63[3] via P2P/MNNVL
node23D400681:1242:1735 [3] NCCL INFO Channel 23/0 : 63[3] -> 0[0] via P2P/MNNVL
node23D400681:1240:1734 [1] NCCL INFO Channel 30/0 : 61[1] -> 62[2] via P2P/MNNVL
node23D400681:1239:1732 [0] NCCL INFO Channel 29/0 : 60[0] -> 61[1] via P2P/MNNVL
node23D400681:1239:1732 [0] NCCL INFO Channel 30/0 : 60[0] -> 61[1] via P2P/MNNVL
node23D400681:1241:1733 [2] NCCL INFO Channel 25/0 : 62[2] -> 63[3] via P2P/MNNVL
node23D400681:1240:1734 [1] NCCL INFO Channel 31/0 : 61[1] -> 62[2] via P2P/MNNVL
node23D400681:1242:1735 [3] NCCL INFO Channel 24/0 : 63[3] -> 0[0] via P2P/MNNVL
node23D400681:1239:1732 [0] NCCL INFO Channel 31/0 : 60[0] -> 61[1] via P2P/MNNVL
node23D400681:1242:1735 [3] NCCL INFO Channel 25/0 : 63[3] -> 0[0] via P2P/MNNVL
node23D400681:1241:1733 [2] NCCL INFO Channel 26/0 : 62[2] -> 63[3] via P2P/MNNVL
node23D400681:1242:1735 [3] NCCL INFO Channel 26/0 : 63[3] -> 0[0] via P2P/MNNVL
node23D400681:1241:1733 [2] NCCL INFO Channel 27/0 : 62[2] -> 63[3] via P2P/MNNVL
node23D400681:1241:1733 [2] NCCL INFO Channel 28/0 : 62[2] -> 63[3] via P2P/MNNVL
node23D400681:1242:1735 [3] NCCL INFO Channel 27/0 : 63[3] -> 0[0] via P2P/MNNVL
node23D400681:1241:1733 [2] NCCL INFO Channel 29/0 : 62[2] -> 63[3] via P2P/MNNVL
node23D400681:1242:1735 [3] NCCL INFO Channel 28/0 : 63[3] -> 0[0] via P2P/MNNVL
node23D400681:1241:1733 [2] NCCL INFO Channel 30/0 : 62[2] -> 63[3] via P2P/MNNVL
node23D400681:1242:1735 [3] NCCL INFO Channel 29/0 : 63[3] -> 0[0] via P2P/MNNVL
node23D400681:1241:1733 [2] NCCL INFO Channel 31/0 : 62[2] -> 63[3] via P2P/MNNVL
node23D400681:1242:1735 [3] NCCL INFO Channel 30/0 : 63[3] -> 0[0] via P2P/MNNVL
node23D400681:1242:1735 [3] NCCL INFO Channel 31/0 : 63[3] -> 0[0] via P2P/MNNVL
node23D400681:1242:1735 [3] NCCL INFO Connected all rings, use ring PXN 0 GDR 1
node23D400681:1241:1733 [2] NCCL INFO Connected all rings, use ring PXN 0 GDR 1
node23D400681:1239:1732 [0] NCCL INFO Connected all rings, use ring PXN 0 GDR 1
node23D400681:1240:1734 [1] NCCL INFO Connected all rings, use ring PXN 0 GDR 1
(min, max) time across ranks (ms):
    load-checkpoint ................................: (5.75, 5.97)
(min, max) time across ranks (ms):
    model-and-optimizer-setup ......................: (21168.52, 21171.28)
    train/valid/test-data-iterators-setup ..........: (1985317.02, 2057352.29)
node23D400681:1239:1239 [0] NCCL INFO Comm config Blocking set to 1
node23D400681:1240:1240 [1] NCCL INFO Comm config Blocking set to 1
node23D400681:1241:1241 [2] NCCL INFO Comm config Blocking set to 1
node23D400681:1242:1242 [3] NCCL INFO Comm config Blocking set to 1
node23D400681:1239:2088 [0] NCCL INFO Assigned NET plugin Socket to comm
node23D400681:1240:2089 [1] NCCL INFO Assigned NET plugin Socket to comm
node23D400681:1239:2088 [0] NCCL INFO Using network Socket
node23D400681:1240:2089 [1] NCCL INFO Using network Socket
node23D400681:1241:2090 [2] NCCL INFO Assigned NET plugin Socket to comm
node23D400681:1241:2090 [2] NCCL INFO Using network Socket
node23D400681:1242:2091 [3] NCCL INFO Assigned NET plugin Socket to comm
node23D400681:1242:2091 [3] NCCL INFO Using network Socket
node23D400681:1239:2088 [0] NCCL INFO ncclCommInitRankConfig comm 0x59d56670 rank 3 nranks 4 cudaDev 0 nvmlDev 0 busId 801000 commId 0xc6ac2c8fbb7f49be - Init START
node23D400681:1240:2089 [1] NCCL INFO ncclCommInitRankConfig comm 0x58e0e8e0 rank 3 nranks 4 cudaDev 1 nvmlDev 1 busId 901000 commId 0xbbe950064643e0ff - Init START
node23D400681:1241:2090 [2] NCCL INFO ncclCommInitRankConfig comm 0x56e22990 rank 3 nranks 4 cudaDev 2 nvmlDev 2 busId 1801000 commId 0x2ac8b82c36a32c0b - Init START
node23D400681:1242:2091 [3] NCCL INFO ncclCommInitRankConfig comm 0x287ca070 rank 3 nranks 4 cudaDev 3 nvmlDev 3 busId 1901000 commId 0x1fab8c972105050b - Init START
node23D400681:1241:2090 [2] NCCL INFO Bootstrap timings total 0.001528 (create 0.000029, send 0.000148, recv 0.000321, ring 0.000500, delay 0.000000)
node23D400681:1240:2089 [1] NCCL INFO Bootstrap timings total 0.001558 (create 0.000039, send 0.000162, recv 0.000277, ring 0.000567, delay 0.000000)
node23D400681:1242:2091 [3] NCCL INFO Bootstrap timings total 0.002154 (create 0.000027, send 0.000131, recv 0.000268, ring 0.000278, delay 0.000000)
node23D400681:1241:2090 [2] NCCL INFO MNNVL busId 0x1801000 fabric UUID aa48724aeeaad6a8.b34b901796a1c18d cliqueId 0x7ffe state 3 healthMask 0xaa
node23D400681:1240:2089 [1] NCCL INFO MNNVL busId 0x901000 fabric UUID aa48724aeeaad6a8.b34b901796a1c18d cliqueId 0x7ffe state 3 healthMask 0xaa
node23D400681:1242:2091 [3] NCCL INFO MNNVL busId 0x1901000 fabric UUID aa48724aeeaad6a8.b34b901796a1c18d cliqueId 0x7ffe state 3 healthMask 0xaa
node23D400681:1240:2089 [1] NCCL INFO MNNVL 1 cliqueId 7ffe cliqueSize 4 cliqueRank 3
node23D400681:1241:2090 [2] NCCL INFO MNNVL 1 cliqueId 7ffe cliqueSize 4 cliqueRank 3
node23D400681:1239:2088 [0] NCCL INFO Bootstrap timings total 0.029586 (create 0.000043, send 0.000124, recv 0.028235, ring 0.000999, delay 0.000000)
node23D400681:1239:2088 [0] NCCL INFO MNNVL busId 0x801000 fabric UUID aa48724aeeaad6a8.b34b901796a1c18d cliqueId 0x7ffe state 3 healthMask 0xaa
node23D400681:1242:2091 [3] NCCL INFO MNNVL 1 cliqueId 7ffe cliqueSize 4 cliqueRank 3
node23D400681:1239:2088 [0] NCCL INFO MNNVL 1 cliqueId 7ffe cliqueSize 4 cliqueRank 3
node23D400681:1241:2090 [2] NCCL INFO Setting affinity for GPU 2 to 72-143
node23D400681:1241:2090 [2] NCCL INFO comm 0x56e22990 rank 3 nRanks 4 nNodes 1 localRanks 4 localRank 3 MNNVL 1
node23D400681:1241:2090 [2] NCCL INFO Trees [0] -1/-1/-1->3->2 [1] -1/-1/-1->3->2 [2] -1/-1/-1->3->2 [3] -1/-1/-1->3->2 [4] -1/-1/-1->3->2 [5] -1/-1/-1->3->2 [6] -1/-1/-1->3->2 [7] -1/-1/-1->3->2 [8] -1/-1/-1->3->2 [9] -1/-1/-1->3->2 [10] 0/-1/-1->3->2 [11] 0/-1/-1->3->2 [12] 0/-1/-1->3->2 [13] 0/-1/-1->3->2 [14] 0/-1/-1->3->-1 [15] 0/-1/-1->3->-1 [16] -1/-1/-1->3->2 [17] -1/-1/-1->3->2 [18] -1/-1/-1->3->2 [19] -1/-1/-1->3->2 [20] -1/-1/-1->3->2 [21] -1/-1/-1->3->2 [22] -1/-1/-1->3->2 [23] -1/-1/-1->3->2 [24] -1/-1/-1->3->2 [25] -1/-1/-1->3->2 [26] 0/-1/-1->3->2 [27] 0/-1/-1->3->2 [28] 0/-1/-1->3->2 [29] 0/-1/-1->3->2 [30] 0/-1/-1->3->-1 [31] 0/-1/-1->3->-1
node23D400681:1241:2090 [2] NCCL INFO P2P Chunksize set to 524288
node23D400681:1241:2092 [2] NCCL INFO [Proxy Service] Device 2 CPU core 79
node23D400681:1241:2093 [2] NCCL INFO [Proxy Service UDS] Device 2 CPU core 80
node23D400681:1240:2089 [1] NCCL INFO Setting affinity for GPU 1 to 0-71
node23D400681:1241:2090 [2] NCCL INFO threadThresholds 8/8/64 | 32/8/64 | 512 | 512
node23D400681:1241:2090 [2] NCCL INFO 32 coll channels, 32 collnet channels, 0 nvls channels, 32 p2p channels, 32 p2p channels per peer
node23D400681:1240:2089 [1] NCCL INFO comm 0x58e0e8e0 rank 3 nRanks 4 nNodes 1 localRanks 4 localRank 3 MNNVL 1
node23D400681:1240:2089 [1] NCCL INFO Trees [0] -1/-1/-1->3->2 [1] -1/-1/-1->3->2 [2] -1/-1/-1->3->2 [3] -1/-1/-1->3->2 [4] -1/-1/-1->3->2 [5] -1/-1/-1->3->2 [6] -1/-1/-1->3->2 [7] -1/-1/-1->3->2 [8] -1/-1/-1->3->2 [9] -1/-1/-1->3->2 [10] 0/-1/-1->3->2 [11] 0/-1/-1->3->2 [12] 0/-1/-1->3->2 [13] 0/-1/-1->3->2 [14] 0/-1/-1->3->-1 [15] 0/-1/-1->3->-1 [16] -1/-1/-1->3->2 [17] -1/-1/-1->3->2 [18] -1/-1/-1->3->2 [19] -1/-1/-1->3->2 [20] -1/-1/-1->3->2 [21] -1/-1/-1->3->2 [22] -1/-1/-1->3->2 [23] -1/-1/-1->3->2 [24] -1/-1/-1->3->2 [25] -1/-1/-1->3->2 [26] 0/-1/-1->3->2 [27] 0/-1/-1->3->2 [28] 0/-1/-1->3->2 [29] 0/-1/-1->3->2 [30] 0/-1/-1->3->-1 [31] 0/-1/-1->3->-1
node23D400681:1240:2089 [1] NCCL INFO P2P Chunksize set to 524288
node23D400681:1240:2094 [1] NCCL INFO [Proxy Service] Device 1 CPU core 36
node23D400681:1240:2095 [1] NCCL INFO [Proxy Service UDS] Device 1 CPU core 37
node23D400681:1241:2090 [2] NCCL INFO ncclCommInitRankConfig comm 0x56e22990 rank 3 nranks 4 cudaDev 2 nvmlDev 2 busId 1801000 commId 0x2ac8b82c36a32c0b - Init COMPLETE
node23D400681:1241:2090 [2] NCCL INFO Init timings - ncclCommInitRankConfig: rank 3 nranks 4 total 0.60 (kernels 0.00, alloc 0.00, bootstrap 0.00, allgathers 0.04, topo 0.52, graphs 0.01, connections 0.03, rest 0.01)
node23D400681:1239:2088 [0] NCCL INFO Setting affinity for GPU 0 to 0-71
node23D400681:1239:2088 [0] NCCL INFO comm 0x59d56670 rank 3 nRanks 4 nNodes 1 localRanks 4 localRank 3 MNNVL 1
node23D400681:1239:2088 [0] NCCL INFO Trees [0] -1/-1/-1->3->2 [1] -1/-1/-1->3->2 [2] -1/-1/-1->3->2 [3] -1/-1/-1->3->2 [4] -1/-1/-1->3->2 [5] -1/-1/-1->3->2 [6] -1/-1/-1->3->2 [7] -1/-1/-1->3->2 [8] -1/-1/-1->3->2 [9] -1/-1/-1->3->2 [10] 0/-1/-1->3->2 [11] 0/-1/-1->3->2 [12] 0/-1/-1->3->2 [13] 0/-1/-1->3->2 [14] 0/-1/-1->3->-1 [15] 0/-1/-1->3->-1 [16] -1/-1/-1->3->2 [17] -1/-1/-1->3->2 [18] -1/-1/-1->3->2 [19] -1/-1/-1->3->2 [20] -1/-1/-1->3->2 [21] -1/-1/-1->3->2 [22] -1/-1/-1->3->2 [23] -1/-1/-1->3->2 [24] -1/-1/-1->3->2 [25] -1/-1/-1->3->2 [26] 0/-1/-1->3->2 [27] 0/-1/-1->3->2 [28] 0/-1/-1->3->2 [29] 0/-1/-1->3->2 [30] 0/-1/-1->3->-1 [31] 0/-1/-1->3->-1
node23D400681:1239:2088 [0] NCCL INFO P2P Chunksize set to 524288
node23D400681:1239:2097 [0] NCCL INFO [Proxy Service] Device 0 CPU core 3
node23D400681:1239:2098 [0] NCCL INFO [Proxy Service UDS] Device 0 CPU core 4
node23D400681:1240:2089 [1] NCCL INFO threadThresholds 8/8/64 | 32/8/64 | 512 | 512
node23D400681:1240:2089 [1] NCCL INFO 32 coll channels, 32 collnet channels, 0 nvls channels, 32 p2p channels, 32 p2p channels per peer
node23D400681:1242:2091 [3] NCCL INFO Setting affinity for GPU 3 to 72-143
node23D400681:1242:2091 [3] NCCL INFO comm 0x287ca070 rank 3 nRanks 4 nNodes 1 localRanks 4 localRank 3 MNNVL 1
node23D400681:1242:2091 [3] NCCL INFO Trees [0] -1/-1/-1->3->2 [1] -1/-1/-1->3->2 [2] -1/-1/-1->3->2 [3] -1/-1/-1->3->2 [4] -1/-1/-1->3->2 [5] -1/-1/-1->3->2 [6] -1/-1/-1->3->2 [7] -1/-1/-1->3->2 [8] -1/-1/-1->3->2 [9] -1/-1/-1->3->2 [10] 0/-1/-1->3->2 [11] 0/-1/-1->3->2 [12] 0/-1/-1->3->2 [13] 0/-1/-1->3->2 [14] 0/-1/-1->3->-1 [15] 0/-1/-1->3->-1 [16] -1/-1/-1->3->2 [17] -1/-1/-1->3->2 [18] -1/-1/-1->3->2 [19] -1/-1/-1->3->2 [20] -1/-1/-1->3->2 [21] -1/-1/-1->3->2 [22] -1/-1/-1->3->2 [23] -1/-1/-1->3->2 [24] -1/-1/-1->3->2 [25] -1/-1/-1->3->2 [26] 0/-1/-1->3->2 [27] 0/-1/-1->3->2 [28] 0/-1/-1->3->2 [29] 0/-1/-1->3->2 [30] 0/-1/-1->3->-1 [31] 0/-1/-1->3->-1
node23D400681:1242:2091 [3] NCCL INFO P2P Chunksize set to 524288
node23D400681:1242:2099 [3] NCCL INFO [Proxy Service] Device 3 CPU core 81
node23D400681:1242:2100 [3] NCCL INFO [Proxy Service UDS] Device 3 CPU core 82
node23D400681:1240:2089 [1] NCCL INFO ncclCommInitRankConfig comm 0x58e0e8e0 rank 3 nranks 4 cudaDev 1 nvmlDev 1 busId 901000 commId 0xbbe950064643e0ff - Init COMPLETE
node23D400681:1240:2089 [1] NCCL INFO Init timings - ncclCommInitRankConfig: rank 3 nranks 4 total 0.70 (kernels 0.00, alloc 0.00, bootstrap 0.00, allgathers 0.01, topo 0.59, graphs 0.00, connections 0.07, rest 0.03)
node23D400681:1239:2088 [0] NCCL INFO threadThresholds 8/8/64 | 32/8/64 | 512 | 512
node23D400681:1239:2088 [0] NCCL INFO 32 coll channels, 32 collnet channels, 0 nvls channels, 32 p2p channels, 32 p2p channels per peer
node23D400681:1242:2091 [3] NCCL INFO threadThresholds 8/8/64 | 32/8/64 | 512 | 512
node23D400681:1242:2091 [3] NCCL INFO 32 coll channels, 32 collnet channels, 0 nvls channels, 32 p2p channels, 32 p2p channels per peer
node23D400681:1239:2088 [0] NCCL INFO ncclCommInitRankConfig comm 0x59d56670 rank 3 nranks 4 cudaDev 0 nvmlDev 0 busId 801000 commId 0xc6ac2c8fbb7f49be - Init COMPLETE
node23D400681:1239:2088 [0] NCCL INFO Init timings - ncclCommInitRankConfig: rank 3 nranks 4 total 0.87 (kernels 0.00, alloc 0.00, bootstrap 0.03, allgathers 0.10, topo 0.40, graphs 0.00, connections 0.09, rest 0.24)
node23D400681:1242:2091 [3] NCCL INFO ncclCommInitRankConfig comm 0x287ca070 rank 3 nranks 4 cudaDev 3 nvmlDev 3 busId 1901000 commId 0x1fab8c972105050b - Init COMPLETE
node23D400681:1242:2091 [3] NCCL INFO Init timings - ncclCommInitRankConfig: rank 3 nranks 4 total 0.88 (kernels 0.00, alloc 0.00, bootstrap 0.00, allgathers 0.01, topo 0.59, graphs 0.01, connections 0.09, rest 0.18)
node23D400681:1240:1240 [1] NCCL INFO Comm config Blocking set to 1
node23D400681:1242:1242 [3] NCCL INFO Comm config Blocking set to 1
node23D400681:1239:1239 [0] NCCL INFO Comm config Blocking set to 1
node23D400681:1241:1241 [2] NCCL INFO Comm config Blocking set to 1
node23D400681:1240:2104 [1] NCCL INFO Assigned NET plugin Socket to comm
node23D400681:1240:2104 [1] NCCL INFO Using network Socket
node23D400681:1242:2105 [3] NCCL INFO Assigned NET plugin Socket to comm
node23D400681:1242:2105 [3] NCCL INFO Using network Socket
node23D400681:1239:2106 [0] NCCL INFO Assigned NET plugin Socket to comm
node23D400681:1241:2107 [2] NCCL INFO Assigned NET plugin Socket to comm
node23D400681:1239:2106 [0] NCCL INFO Using network Socket
node23D400681:1241:2107 [2] NCCL INFO Using network Socket
node23D400681:1240:2104 [1] NCCL INFO ncclCommInitRankConfig comm 0x58f26500 rank 5 nranks 8 cudaDev 1 nvmlDev 1 busId 901000 commId 0xae95490eb31e76b1 - Init START
node23D400681:1239:2106 [0] NCCL INFO ncclCommInitRankConfig comm 0x59e6e290 rank 4 nranks 8 cudaDev 0 nvmlDev 0 busId 801000 commId 0xae95490eb31e76b1 - Init START
node23D400681:1242:2105 [3] NCCL INFO ncclCommInitRankConfig comm 0x288e1c90 rank 7 nranks 8 cudaDev 3 nvmlDev 3 busId 1901000 commId 0xae95490eb31e76b1 - Init START
node23D400681:1241:2107 [2] NCCL INFO ncclCommInitRankConfig comm 0x56f3a5b0 rank 6 nranks 8 cudaDev 2 nvmlDev 2 busId 1801000 commId 0xae95490eb31e76b1 - Init START
node23D400681:1242:2105 [3] NCCL INFO Bootstrap timings total 0.001322 (create 0.000030, send 0.000117, recv 0.000551, ring 0.000210, delay 0.000000)
node23D400681:1241:2107 [2] NCCL INFO Bootstrap timings total 0.001354 (create 0.000028, send 0.000145, recv 0.000786, ring 0.000250, delay 0.000000)
node23D400681:1240:2104 [1] NCCL INFO Bootstrap timings total 0.001539 (create 0.000042, send 0.000140, recv 0.000790, ring 0.000439, delay 0.000000)
node23D400681:1239:2106 [0] NCCL INFO Bootstrap timings total 0.001523 (create 0.000026, send 0.000127, recv 0.000380, ring 0.000841, delay 0.000000)
node23D400681:1241:2107 [2] NCCL INFO MNNVL busId 0x1801000 fabric UUID aa48724aeeaad6a8.b34b901796a1c18d cliqueId 0x7ffe state 3 healthMask 0xaa
node23D400681:1240:2104 [1] NCCL INFO MNNVL busId 0x901000 fabric UUID aa48724aeeaad6a8.b34b901796a1c18d cliqueId 0x7ffe state 3 healthMask 0xaa
node23D400681:1239:2106 [0] NCCL INFO MNNVL busId 0x801000 fabric UUID aa48724aeeaad6a8.b34b901796a1c18d cliqueId 0x7ffe state 3 healthMask 0xaa
node23D400681:1242:2105 [3] NCCL INFO MNNVL busId 0x1901000 fabric UUID aa48724aeeaad6a8.b34b901796a1c18d cliqueId 0x7ffe state 3 healthMask 0xaa
node23D400681:1242:2105 [3] NCCL INFO MNNVL 1 cliqueId 7ffe cliqueSize 8 cliqueRank 7
node23D400681:1240:2104 [1] NCCL INFO MNNVL 1 cliqueId 7ffe cliqueSize 8 cliqueRank 5
node23D400681:1239:2106 [0] NCCL INFO MNNVL 1 cliqueId 7ffe cliqueSize 8 cliqueRank 4
node23D400681:1241:2107 [2] NCCL INFO MNNVL 1 cliqueId 7ffe cliqueSize 8 cliqueRank 6
node23D400681:1241:2107 [2] NCCL INFO Setting affinity for GPU 2 to 72-143
node23D400681:1240:2104 [1] NCCL INFO Setting affinity for GPU 1 to 0-71
node23D400681:1242:2105 [3] NCCL INFO Setting affinity for GPU 3 to 72-143
node23D400681:1239:2106 [0] NCCL INFO Setting affinity for GPU 0 to 0-71
node23D400681:1242:2105 [3] NCCL INFO comm 0x288e1c90 rank 7 nRanks 8 nNodes 1 localRanks 8 localRank 7 MNNVL 1
node23D400681:1242:2105 [3] NCCL INFO Trees [0] -1/-1/-1->7->6 [1] -1/-1/-1->7->6 [2] -1/-1/-1->7->6 [3] -1/-1/-1->7->6 [4] -1/-1/-1->7->6 [5] -1/-1/-1->7->6 [6] -1/-1/-1->7->6 [7] -1/-1/-1->7->6 [8] -1/-1/-1->7->6 [9] -1/-1/-1->7->6 [10] -1/-1/-1->7->6 [11] -1/-1/-1->7->6 [12] -1/-1/-1->7->6 [13] -1/-1/-1->7->6 [14] -1/-1/-1->7->6 [15] -1/-1/-1->7->6 [16] -1/-1/-1->7->6 [17] -1/-1/-1->7->6 [18] -1/-1/-1->7->6 [19] -1/-1/-1->7->6 [20] -1/-1/-1->7->6 [21] -1/-1/-1->7->6 [22] -1/-1/-1->7->6 [23] -1/-1/-1->7->6 [24] -1/-1/-1->7->6 [25] -1/-1/-1->7->6 [26] -1/-1/-1->7->6 [27] -1/-1/-1->7->6 [28] -1/-1/-1->7->6 [29] -1/-1/-1->7->6 [30] -1/-1/-1->7->6 [31] -1/-1/-1->7->6
node23D400681:1242:2105 [3] NCCL INFO P2P Chunksize set to 524288
node23D400681:1242:2108 [3] NCCL INFO [Proxy Service] Device 3 CPU core 81
node23D400681:1241:2107 [2] NCCL INFO comm 0x56f3a5b0 rank 6 nRanks 8 nNodes 1 localRanks 8 localRank 6 MNNVL 1
node23D400681:1242:2109 [3] NCCL INFO [Proxy Service UDS] Device 3 CPU core 82
node23D400681:1241:2107 [2] NCCL INFO Trees [0] 7/-1/-1->6->5 [1] 7/-1/-1->6->5 [2] 7/-1/-1->6->5 [3] 7/-1/-1->6->5 [4] 7/-1/-1->6->5 [5] 7/-1/-1->6->5 [6] 7/-1/-1->6->5 [7] 7/-1/-1->6->5 [8] 7/-1/-1->6->5 [9] 7/-1/-1->6->5 [10] 7/-1/-1->6->5 [11] 7/-1/-1->6->5 [12] 7/-1/-1->6->5 [13] 7/-1/-1->6->5 [14] 7/-1/-1->6->5 [15] 7/-1/-1->6->5 [16] 7/-1/-1->6->5 [17] 7/-1/-1->6->5 [18] 7/-1/-1->6->5 [19] 7/-1/-1->6->5 [20] 7/-1/-1->6->5 [21] 7/-1/-1->6->5 [22] 7/-1/-1->6->5 [23] 7/-1/-1->6->5 [24] 7/-1/-1->6->5 [25] 7/-1/-1->6->5 [26] 7/-1/-1->6->5 [27] 7/-1/-1->6->5 [28] 7/-1/-1->6->5 [29] 7/-1/-1->6->5 [30] 7/-1/-1->6->5 [31] 7/-1/-1->6->5
node23D400681:1241:2107 [2] NCCL INFO P2P Chunksize set to 524288
node23D400681:1240:2104 [1] NCCL INFO comm 0x58f26500 rank 5 nRanks 8 nNodes 1 localRanks 8 localRank 5 MNNVL 1
node23D400681:1240:2104 [1] NCCL INFO Trees [0] 6/-1/-1->5->4 [1] 6/-1/-1->5->4 [2] 6/-1/-1->5->4 [3] 6/-1/-1->5->4 [4] 6/-1/-1->5->4 [5] 6/-1/-1->5->4 [6] 6/-1/-1->5->4 [7] 6/-1/-1->5->4 [8] 6/-1/-1->5->4 [9] 6/-1/-1->5->4 [10] 6/-1/-1->5->4 [11] 6/-1/-1->5->4 [12] 6/-1/-1->5->4 [13] 6/-1/-1->5->4 [14] 6/-1/-1->5->4 [15] 6/-1/-1->5->4 [16] 6/-1/-1->5->4 [17] 6/-1/-1->5->4 [18] 6/-1/-1->5->4 [19] 6/-1/-1->5->4 [20] 6/-1/-1->5->4 [21] 6/-1/-1->5->4 [22] 6/-1/-1->5->4 [23] 6/-1/-1->5->4 [24] 6/-1/-1->5->4 [25] 6/-1/-1->5->4 [26] 6/-1/-1->5->4 [27] 6/-1/-1->5->4 [28] 6/-1/-1->5->4 [29] 6/-1/-1->5->4 [30] 6/-1/-1->5->4 [31] 6/-1/-1->5->4
node23D400681:1240:2104 [1] NCCL INFO P2P Chunksize set to 524288
node23D400681:1239:2106 [0] NCCL INFO comm 0x59e6e290 rank 4 nRanks 8 nNodes 1 localRanks 8 localRank 4 MNNVL 1
node23D400681:1239:2106 [0] NCCL INFO Trees [0] 5/-1/-1->4->3 [1] 5/-1/-1->4->3 [2] 5/-1/-1->4->3 [3] 5/-1/-1->4->3 [4] 5/-1/-1->4->3 [5] 5/-1/-1->4->3 [6] 5/-1/-1->4->3 [7] 5/-1/-1->4->3 [8] 5/-1/-1->4->3 [9] 5/-1/-1->4->3 [10] 5/-1/-1->4->3 [11] 5/-1/-1->4->3 [12] 5/-1/-1->4->3 [13] 5/-1/-1->4->3 [14] 5/-1/-1->4->3 [15] 5/-1/-1->4->3 [16] 5/-1/-1->4->3 [17] 5/-1/-1->4->3 [18] 5/-1/-1->4->3 [19] 5/-1/-1->4->3 [20] 5/-1/-1->4->3 [21] 5/-1/-1->4->3 [22] 5/-1/-1->4->3 [23] 5/-1/-1->4->3 [24] 5/-1/-1->4->3 [25] 5/-1/-1->4->3 [26] 5/-1/-1->4->3 [27] 5/-1/-1->4->3 [28] 5/-1/-1->4->3 [29] 5/-1/-1->4->3 [30] 5/-1/-1->4->3 [31] 5/-1/-1->4->3
node23D400681:1239:2106 [0] NCCL INFO P2P Chunksize set to 524288
node23D400681:1241:2110 [2] NCCL INFO [Proxy Service] Device 2 CPU core 79
node23D400681:1241:2111 [2] NCCL INFO [Proxy Service UDS] Device 2 CPU core 83
node23D400681:1240:2112 [1] NCCL INFO [Proxy Service] Device 1 CPU core 1
node23D400681:1239:2113 [0] NCCL INFO [Proxy Service] Device 0 CPU core 36
node23D400681:1239:2115 [0] NCCL INFO [Proxy Service UDS] Device 0 CPU core 37
node23D400681:1240:2114 [1] NCCL INFO [Proxy Service UDS] Device 1 CPU core 3
node23D400681:1240:2104 [1] NCCL INFO threadThresholds 8/8/64 | 64/8/64 | 512 | 512
node23D400681:1240:2104 [1] NCCL INFO 32 coll channels, 32 collnet channels, 0 nvls channels, 32 p2p channels, 32 p2p channels per peer
node23D400681:1239:2106 [0] NCCL INFO threadThresholds 8/8/64 | 64/8/64 | 512 | 512
node23D400681:1239:2106 [0] NCCL INFO 32 coll channels, 32 collnet channels, 0 nvls channels, 32 p2p channels, 32 p2p channels per peer
node23D400681:1242:2105 [3] NCCL INFO threadThresholds 8/8/64 | 64/8/64 | 512 | 512
node23D400681:1242:2105 [3] NCCL INFO 32 coll channels, 32 collnet channels, 0 nvls channels, 32 p2p channels, 32 p2p channels per peer
node23D400681:1241:2107 [2] NCCL INFO threadThresholds 8/8/64 | 64/8/64 | 512 | 512
node23D400681:1241:2107 [2] NCCL INFO 32 coll channels, 32 collnet channels, 0 nvls channels, 32 p2p channels, 32 p2p channels per peer
node23D400681:1242:2105 [3] NCCL INFO ncclCommInitRankConfig comm 0x288e1c90 rank 7 nranks 8 cudaDev 3 nvmlDev 3 busId 1901000 commId 0xae95490eb31e76b1 - Init COMPLETE
node23D400681:1242:2105 [3] NCCL INFO Init timings - ncclCommInitRankConfig: rank 7 nranks 8 total 0.89 (kernels 0.00, alloc 0.00, bootstrap 0.00, allgathers 0.02, topo 0.71, graphs 0.00, connections 0.15, rest 0.01)
