node23D400680:1242:2598 [3] NCCL INFO Channel 25/0 : 0[3] -> 1[3] via P2P/MNNVL
node23D400680:1241:2596 [2] NCCL INFO Channel 23/0 : 0[2] -> 1[2] via P2P/MNNVL
node23D400680:1239:2595 [0] NCCL INFO Channel 29/0 : 0[0] -> 1[0] via P2P/MNNVL
node23D400680:1239:2595 [0] NCCL INFO Channel 30/0 : 0[0] -> 1[0] via P2P/MNNVL
node23D400680:1242:2598 [3] NCCL INFO Channel 26/0 : 0[3] -> 1[3] via P2P/MNNVL
node23D400680:1241:2596 [2] NCCL INFO Channel 24/0 : 0[2] -> 1[2] via P2P/MNNVL
node23D400680:1239:2595 [0] NCCL INFO Channel 31/0 : 0[0] -> 1[0] via P2P/MNNVL
node23D400680:1242:2598 [3] NCCL INFO Channel 27/0 : 0[3] -> 1[3] via P2P/MNNVL
node23D400680:1241:2596 [2] NCCL INFO Channel 25/0 : 0[2] -> 1[2] via P2P/MNNVL
node23D400680:1241:2596 [2] NCCL INFO Channel 26/0 : 0[2] -> 1[2] via P2P/MNNVL
node23D400680:1242:2598 [3] NCCL INFO Channel 28/0 : 0[3] -> 1[3] via P2P/MNNVL
node23D400680:1241:2596 [2] NCCL INFO Channel 27/0 : 0[2] -> 1[2] via P2P/MNNVL
node23D400680:1242:2598 [3] NCCL INFO Channel 29/0 : 0[3] -> 1[3] via P2P/MNNVL
node23D400680:1241:2596 [2] NCCL INFO Channel 28/0 : 0[2] -> 1[2] via P2P/MNNVL
node23D400680:1242:2598 [3] NCCL INFO Channel 30/0 : 0[3] -> 1[3] via P2P/MNNVL
node23D400680:1241:2596 [2] NCCL INFO Channel 29/0 : 0[2] -> 1[2] via P2P/MNNVL
node23D400680:1241:2596 [2] NCCL INFO Channel 30/0 : 0[2] -> 1[2] via P2P/MNNVL
node23D400680:1242:2598 [3] NCCL INFO Channel 31/0 : 0[3] -> 1[3] via P2P/MNNVL
node23D400680:1241:2596 [2] NCCL INFO Channel 31/0 : 0[2] -> 1[2] via P2P/MNNVL
node23D400680:1240:2597 [1] NCCL INFO Connected all rings, use ring PXN 0 GDR 1
node23D400680:1239:2595 [0] NCCL INFO Connected all rings, use ring PXN 0 GDR 1
node23D400680:1242:2598 [3] NCCL INFO Connected all rings, use ring PXN 0 GDR 1
node23D400680:1241:2596 [2] NCCL INFO Connected all rings, use ring PXN 0 GDR 1
node23D400680:1242:1242 [3] NCCL INFO Comm config Blocking set to 1
node23D400680:1242:2599 [3] NCCL INFO Assigned NET plugin Socket to comm
node23D400680:1242:2599 [3] NCCL INFO Using network Socket
node23D400680:1240:1240 [1] NCCL INFO Comm config Blocking set to 1
node23D400680:1239:1239 [0] NCCL INFO Comm config Blocking set to 1
node23D400680:1240:2600 [1] NCCL INFO Assigned NET plugin Socket to comm
node23D400680:1240:2600 [1] NCCL INFO Using network Socket
node23D400680:1239:2601 [0] NCCL INFO Assigned NET plugin Socket to comm
node23D400680:1239:2601 [0] NCCL INFO Using network Socket
node23D400680:1240:2600 [1] NCCL INFO ncclCommInitRankConfig comm 0x2fae5020 rank 13 nranks 64 cudaDev 1 nvmlDev 1 busId 901000 commId 0xa67dc088c42e2de5 - Init START
node23D400680:1242:2599 [3] NCCL INFO ncclCommInitRankConfig comm 0x320e7780 rank 15 nranks 64 cudaDev 3 nvmlDev 3 busId 1901000 commId 0xa67dc088c42e2de5 - Init START
node23D400680:1239:2601 [0] NCCL INFO ncclCommInitRankConfig comm 0x512ab020 rank 12 nranks 64 cudaDev 0 nvmlDev 0 busId 801000 commId 0xa67dc088c42e2de5 - Init START
node23D400680:1241:1241 [2] NCCL INFO Comm config Blocking set to 1
node23D400680:1241:2602 [2] NCCL INFO Assigned NET plugin Socket to comm
node23D400680:1241:2602 [2] NCCL INFO Using network Socket
node23D400680:1241:2602 [2] NCCL INFO ncclCommInitRankConfig comm 0x378a60d0 rank 14 nranks 64 cudaDev 2 nvmlDev 2 busId 1801000 commId 0xa67dc088c42e2de5 - Init START
node23D400680:1242:2599 [3] NCCL INFO Bootstrap timings total 0.050463 (create 0.000036, send 0.000131, recv 0.000226, ring 0.046526, delay 0.000000)
node23D400680:1241:2602 [2] NCCL INFO Bootstrap timings total 0.047133 (create 0.000027, send 0.000119, recv 0.000325, ring 0.046520, delay 0.000000)
node23D400680:1239:2601 [0] NCCL INFO Bootstrap timings total 0.050417 (create 0.000026, send 0.000118, recv 0.000432, ring 0.049621, delay 0.000000)
node23D400680:1240:2600 [1] NCCL INFO Bootstrap timings total 0.050496 (create 0.000049, send 0.000167, recv 0.003484, ring 0.046645, delay 0.000000)
node23D400680:1239:2601 [0] NCCL INFO MNNVL busId 0x801000 fabric UUID aa48724aeeaad6a8.b34b901796a1c18d cliqueId 0x7ffe state 3 healthMask 0xaa
node23D400680:1242:2599 [3] NCCL INFO MNNVL busId 0x1901000 fabric UUID aa48724aeeaad6a8.b34b901796a1c18d cliqueId 0x7ffe state 3 healthMask 0xaa
node23D400680:1240:2600 [1] NCCL INFO MNNVL busId 0x901000 fabric UUID aa48724aeeaad6a8.b34b901796a1c18d cliqueId 0x7ffe state 3 healthMask 0xaa
node23D400680:1241:2602 [2] NCCL INFO MNNVL busId 0x1801000 fabric UUID aa48724aeeaad6a8.b34b901796a1c18d cliqueId 0x7ffe state 3 healthMask 0xaa
node23D400680:1242:2599 [3] NCCL INFO MNNVL 1 cliqueId 7ffe cliqueSize 64 cliqueRank 15
node23D400680:1241:2602 [2] NCCL INFO MNNVL 1 cliqueId 7ffe cliqueSize 64 cliqueRank 14
node23D400680:1240:2600 [1] NCCL INFO MNNVL 1 cliqueId 7ffe cliqueSize 64 cliqueRank 13
node23D400680:1239:2601 [0] NCCL INFO MNNVL 1 cliqueId 7ffe cliqueSize 64 cliqueRank 12
node23D400680:1240:2600 [1] NCCL INFO Setting affinity for GPU 1 to 0-71
node23D400680:1241:2602 [2] NCCL INFO Setting affinity for GPU 2 to 72-143
node23D400680:1239:2601 [0] NCCL INFO Setting affinity for GPU 0 to 0-71
node23D400680:1242:2599 [3] NCCL INFO Setting affinity for GPU 3 to 72-143
node23D400680:1242:2599 [3] NCCL INFO comm 0x320e7780 rank 15 nRanks 64 nNodes 1 localRanks 64 localRank 15 MNNVL 1
node23D400680:1241:2602 [2] NCCL INFO comm 0x378a60d0 rank 14 nRanks 64 nNodes 1 localRanks 64 localRank 14 MNNVL 1
node23D400680:1240:2600 [1] NCCL INFO comm 0x2fae5020 rank 13 nRanks 64 nNodes 1 localRanks 64 localRank 13 MNNVL 1
node23D400680:1242:2599 [3] NCCL INFO Trees [0] 16/-1/-1->15->14 [1] 16/-1/-1->15->14 [2] 16/-1/-1->15->14 [3] 16/-1/-1->15->14 [4] 16/-1/-1->15->14 [5] 16/-1/-1->15->14 [6] 16/-1/-1->15->14 [7] 16/-1/-1->15->14 [8] 16/-1/-1->15->14 [9] 16/-1/-1->15->14 [10] 16/-1/-1->15->14 [11] 16/-1/-1->15->14 [12] 16/-1/-1->15->14 [13] 16/-1/-1->15->14 [14] 16/-1/-1->15->14 [15] 16/-1/-1->15->14 [16] 16/-1/-1->15->14 [17] 16/-1/-1->15->14 [18] 16/-1/-1->15->14 [19] 16/-1/-1->15->14 [20] 16/-1/-1->15->14 [21] 16/-1/-1->15->14 [22] 16/-1/-1->15->14 [23] 16/-1/-1->15->14 [24] 16/-1/-1->15->14 [25] 16/-1/-1->15->14 [26] 16/-1/-1->15->14 [27] 16/-1/-1->15->14 [28] 16/-1/-1->15->14 [29] 16/-1/-1->15->14 [30] 16/-1/-1->15->14 [31] 16/-1/-1->15->14
node23D400680:1242:2599 [3] NCCL INFO P2P Chunksize set to 524288
node23D400680:1241:2602 [2] NCCL INFO Trees [0] 15/-1/-1->14->13 [1] 15/-1/-1->14->13 [2] 15/-1/-1->14->13 [3] 15/-1/-1->14->13 [4] 15/-1/-1->14->13 [5] 15/-1/-1->14->13 [6] 15/-1/-1->14->13 [7] 15/-1/-1->14->13 [8] 15/-1/-1->14->13 [9] 15/-1/-1->14->13 [10] 15/-1/-1->14->13 [11] 15/-1/-1->14->13 [12] 15/-1/-1->14->13 [13] 15/-1/-1->14->13 [14] 15/-1/-1->14->13 [15] 15/-1/-1->14->13 [16] 15/-1/-1->14->13 [17] 15/-1/-1->14->13 [18] 15/-1/-1->14->13 [19] 15/-1/-1->14->13 [20] 15/-1/-1->14->13 [21] 15/-1/-1->14->13 [22] 15/-1/-1->14->13 [23] 15/-1/-1->14->13 [24] 15/-1/-1->14->13 [25] 15/-1/-1->14->13 [26] 15/-1/-1->14->13 [27] 15/-1/-1->14->13 [28] 15/-1/-1->14->13 [29] 15/-1/-1->14->13 [30] 15/-1/-1->14->13 [31] 15/-1/-1->14->13
node23D400680:1241:2602 [2] NCCL INFO P2P Chunksize set to 524288
node23D400680:1240:2600 [1] NCCL INFO Trees [0] 14/-1/-1->13->12 [1] 14/-1/-1->13->12 [2] 14/-1/-1->13->12 [3] 14/-1/-1->13->12 [4] 14/-1/-1->13->12 [5] 14/-1/-1->13->12 [6] 14/-1/-1->13->12 [7] 14/-1/-1->13->12 [8] 14/-1/-1->13->12 [9] 14/-1/-1->13->12 [10] 14/-1/-1->13->12 [11] 14/-1/-1->13->12 [12] 14/-1/-1->13->12 [13] 14/-1/-1->13->12 [14] 14/-1/-1->13->12 [15] 14/-1/-1->13->12 [16] 14/-1/-1->13->12 [17] 14/-1/-1->13->12 [18] 14/-1/-1->13->12 [19] 14/-1/-1->13->12 [20] 14/-1/-1->13->12 [21] 14/-1/-1->13->12 [22] 14/-1/-1->13->12 [23] 14/-1/-1->13->12 [24] 14/-1/-1->13->12 [25] 14/-1/-1->13->12 [26] 14/-1/-1->13->12 [27] 14/-1/-1->13->12 [28] 14/-1/-1->13->12 [29] 14/-1/-1->13->12 [30] 14/-1/-1->13->12 [31] 14/-1/-1->13->12
node23D400680:1240:2600 [1] NCCL INFO P2P Chunksize set to 524288
node23D400680:1239:2601 [0] NCCL INFO comm 0x512ab020 rank 12 nRanks 64 nNodes 1 localRanks 64 localRank 12 MNNVL 1
node23D400680:1239:2601 [0] NCCL INFO Trees [0] 13/-1/-1->12->11 [1] 13/-1/-1->12->11 [2] 13/-1/-1->12->11 [3] 13/-1/-1->12->11 [4] 13/-1/-1->12->11 [5] 13/-1/-1->12->11 [6] 13/-1/-1->12->11 [7] 13/-1/-1->12->11 [8] 13/-1/-1->12->11 [9] 13/-1/-1->12->11 [10] 13/-1/-1->12->11 [11] 13/-1/-1->12->11 [12] 13/-1/-1->12->11 [13] 13/-1/-1->12->11 [14] 13/-1/-1->12->11 [15] 13/-1/-1->12->11 [16] 13/-1/-1->12->11 [17] 13/-1/-1->12->11 [18] 13/-1/-1->12->11 [19] 13/-1/-1->12->11 [20] 13/-1/-1->12->11 [21] 13/-1/-1->12->11 [22] 13/-1/-1->12->11 [23] 13/-1/-1->12->11 [24] 13/-1/-1->12->11 [25] 13/-1/-1->12->11 [26] 13/-1/-1->12->11 [27] 13/-1/-1->12->11 [28] 13/-1/-1->12->11 [29] 13/-1/-1->12->11 [30] 13/-1/-1->12->11 [31] 13/-1/-1->12->11
node23D400680:1239:2601 [0] NCCL INFO P2P Chunksize set to 524288
node23D400680:1242:2603 [3] NCCL INFO [Proxy Service] Device 3 CPU core 127
node23D400680:1241:2604 [2] NCCL INFO [Proxy Service] Device 2 CPU core 79
node23D400680:1242:2606 [3] NCCL INFO [Proxy Service UDS] Device 3 CPU core 128
node23D400680:1240:2605 [1] NCCL INFO [Proxy Service] Device 1 CPU core 21
node23D400680:1241:2607 [2] NCCL INFO [Proxy Service UDS] Device 2 CPU core 80
node23D400680:1240:2608 [1] NCCL INFO [Proxy Service UDS] Device 1 CPU core 24
node23D400680:1239:2609 [0] NCCL INFO [Proxy Service] Device 0 CPU core 25
node23D400680:1239:2610 [0] NCCL INFO [Proxy Service UDS] Device 0 CPU core 26
node23D400680:1241:2602 [2] NCCL INFO threadThresholds 8/8/64 | 512/8/64 | 512 | 512
node23D400680:1241:2602 [2] NCCL INFO 32 coll channels, 32 collnet channels, 0 nvls channels, 32 p2p channels, 32 p2p channels per peer
node23D400680:1239:2601 [0] NCCL INFO threadThresholds 8/8/64 | 512/8/64 | 512 | 512
node23D400680:1239:2601 [0] NCCL INFO 32 coll channels, 32 collnet channels, 0 nvls channels, 32 p2p channels, 32 p2p channels per peer
node23D400680:1240:2600 [1] NCCL INFO threadThresholds 8/8/64 | 512/8/64 | 512 | 512
node23D400680:1240:2600 [1] NCCL INFO 32 coll channels, 32 collnet channels, 0 nvls channels, 32 p2p channels, 32 p2p channels per peer
node23D400680:1242:2599 [3] NCCL INFO threadThresholds 8/8/64 | 512/8/64 | 512 | 512
node23D400680:1242:2599 [3] NCCL INFO 32 coll channels, 32 collnet channels, 0 nvls channels, 32 p2p channels, 32 p2p channels per peer
node23D400680:1242:2599 [3] NCCL INFO ncclCommInitRankConfig comm 0x320e7780 rank 15 nranks 64 cudaDev 3 nvmlDev 3 busId 1901000 commId 0xa67dc088c42e2de5 - Init COMPLETE
node23D400680:1242:2599 [3] NCCL INFO Init timings - ncclCommInitRankConfig: rank 15 nranks 64 total 2.36 (kernels 0.00, alloc 0.01, bootstrap 0.05, allgathers 0.09, topo 2.00, graphs 0.04, connections 0.16, rest 0.01)
node23D400680:1240:2600 [1] NCCL INFO ncclCommInitRankConfig comm 0x2fae5020 rank 13 nranks 64 cudaDev 1 nvmlDev 1 busId 901000 commId 0xa67dc088c42e2de5 - Init COMPLETE
node23D400680:1240:2600 [1] NCCL INFO Init timings - ncclCommInitRankConfig: rank 13 nranks 64 total 2.36 (kernels 0.00, alloc 0.01, bootstrap 0.05, allgathers 0.14, topo 1.95, graphs 0.04, connections 0.15, rest 0.01)
node23D400680:1239:2601 [0] NCCL INFO ncclCommInitRankConfig comm 0x512ab020 rank 12 nranks 64 cudaDev 0 nvmlDev 0 busId 801000 commId 0xa67dc088c42e2de5 - Init COMPLETE
node23D400680:1239:2601 [0] NCCL INFO Init timings - ncclCommInitRankConfig: rank 12 nranks 64 total 2.36 (kernels 0.00, alloc 0.01, bootstrap 0.05, allgathers 0.11, topo 1.98, graphs 0.04, connections 0.15, rest 0.01)
node23D400680:1241:2602 [2] NCCL INFO ncclCommInitRankConfig comm 0x378a60d0 rank 14 nranks 64 cudaDev 2 nvmlDev 2 busId 1801000 commId 0xa67dc088c42e2de5 - Init COMPLETE
node23D400680:1241:2602 [2] NCCL INFO Init timings - ncclCommInitRankConfig: rank 14 nranks 64 total 2.35 (kernels 0.00, alloc 0.00, bootstrap 0.05, allgathers 0.14, topo 1.95, graphs 0.04, connections 0.15, rest 0.02)
node23D400680:1242:2612 [3] NCCL INFO Channel 00/0 : 15[3] -> 16[0] via P2P/MNNVL
node23D400680:1239:2613 [0] NCCL INFO Channel 00/0 : 12[0] -> 13[1] via P2P/MNNVL
node23D400680:1239:2613 [0] NCCL INFO Channel 01/0 : 12[0] -> 13[1] via P2P/MNNVL
node23D400680:1240:2611 [1] NCCL INFO Channel 00/0 : 13[1] -> 14[2] via P2P/MNNVL
node23D400680:1242:2612 [3] NCCL INFO Channel 01/0 : 15[3] -> 16[0] via P2P/MNNVL
node23D400680:1242:2612 [3] NCCL INFO Channel 02/0 : 15[3] -> 16[0] via P2P/MNNVL
node23D400680:1240:2611 [1] NCCL INFO Channel 01/0 : 13[1] -> 14[2] via P2P/MNNVL
node23D400680:1241:2614 [2] NCCL INFO Channel 00/0 : 14[2] -> 15[3] via P2P/MNNVL
node23D400680:1239:2613 [0] NCCL INFO Channel 02/0 : 12[0] -> 13[1] via P2P/MNNVL
node23D400680:1240:2611 [1] NCCL INFO Channel 02/0 : 13[1] -> 14[2] via P2P/MNNVL
node23D400680:1239:2613 [0] NCCL INFO Channel 03/0 : 12[0] -> 13[1] via P2P/MNNVL
node23D400680:1242:2612 [3] NCCL INFO Channel 03/0 : 15[3] -> 16[0] via P2P/MNNVL
node23D400680:1241:2614 [2] NCCL INFO Channel 01/0 : 14[2] -> 15[3] via P2P/MNNVL
node23D400680:1239:2613 [0] NCCL INFO Channel 04/0 : 12[0] -> 13[1] via P2P/MNNVL
node23D400680:1241:2614 [2] NCCL INFO Channel 02/0 : 14[2] -> 15[3] via P2P/MNNVL
node23D400680:1242:2612 [3] NCCL INFO Channel 04/0 : 15[3] -> 16[0] via P2P/MNNVL
node23D400680:1240:2611 [1] NCCL INFO Channel 03/0 : 13[1] -> 14[2] via P2P/MNNVL
node23D400680:1242:2612 [3] NCCL INFO Channel 05/0 : 15[3] -> 16[0] via P2P/MNNVL
node23D400680:1239:2613 [0] NCCL INFO Channel 05/0 : 12[0] -> 13[1] via P2P/MNNVL
node23D400680:1241:2614 [2] NCCL INFO Channel 03/0 : 14[2] -> 15[3] via P2P/MNNVL
node23D400680:1240:2611 [1] NCCL INFO Channel 04/0 : 13[1] -> 14[2] via P2P/MNNVL
node23D400680:1240:2611 [1] NCCL INFO Channel 05/0 : 13[1] -> 14[2] via P2P/MNNVL
node23D400680:1239:2613 [0] NCCL INFO Channel 06/0 : 12[0] -> 13[1] via P2P/MNNVL
node23D400680:1241:2614 [2] NCCL INFO Channel 04/0 : 14[2] -> 15[3] via P2P/MNNVL
node23D400680:1242:2612 [3] NCCL INFO Channel 06/0 : 15[3] -> 16[0] via P2P/MNNVL
node23D400680:1239:2613 [0] NCCL INFO Channel 07/0 : 12[0] -> 13[1] via P2P/MNNVL
node23D400680:1241:2614 [2] NCCL INFO Channel 05/0 : 14[2] -> 15[3] via P2P/MNNVL
node23D400680:1240:2611 [1] NCCL INFO Channel 06/0 : 13[1] -> 14[2] via P2P/MNNVL
node23D400680:1242:2612 [3] NCCL INFO Channel 07/0 : 15[3] -> 16[0] via P2P/MNNVL
node23D400680:1241:2614 [2] NCCL INFO Channel 06/0 : 14[2] -> 15[3] via P2P/MNNVL
node23D400680:1239:2613 [0] NCCL INFO Channel 08/0 : 12[0] -> 13[1] via P2P/MNNVL
node23D400680:1242:2612 [3] NCCL INFO Channel 08/0 : 15[3] -> 16[0] via P2P/MNNVL
node23D400680:1240:2611 [1] NCCL INFO Channel 07/0 : 13[1] -> 14[2] via P2P/MNNVL
node23D400680:1239:2613 [0] NCCL INFO Channel 09/0 : 12[0] -> 13[1] via P2P/MNNVL
node23D400680:1239:2613 [0] NCCL INFO Channel 10/0 : 12[0] -> 13[1] via P2P/MNNVL
node23D400680:1241:2614 [2] NCCL INFO Channel 07/0 : 14[2] -> 15[3] via P2P/MNNVL
node23D400680:1240:2611 [1] NCCL INFO Channel 08/0 : 13[1] -> 14[2] via P2P/MNNVL
node23D400680:1242:2612 [3] NCCL INFO Channel 09/0 : 15[3] -> 16[0] via P2P/MNNVL
node23D400680:1239:2613 [0] NCCL INFO Channel 11/0 : 12[0] -> 13[1] via P2P/MNNVL
node23D400680:1239:2613 [0] NCCL INFO Channel 12/0 : 12[0] -> 13[1] via P2P/MNNVL
node23D400680:1240:2611 [1] NCCL INFO Channel 09/0 : 13[1] -> 14[2] via P2P/MNNVL
node23D400680:1242:2612 [3] NCCL INFO Channel 10/0 : 15[3] -> 16[0] via P2P/MNNVL
node23D400680:1241:2614 [2] NCCL INFO Channel 08/0 : 14[2] -> 15[3] via P2P/MNNVL
node23D400680:1240:2611 [1] NCCL INFO Channel 10/0 : 13[1] -> 14[2] via P2P/MNNVL
node23D400680:1242:2612 [3] NCCL INFO Channel 11/0 : 15[3] -> 16[0] via P2P/MNNVL
node23D400680:1241:2614 [2] NCCL INFO Channel 09/0 : 14[2] -> 15[3] via P2P/MNNVL
node23D400680:1239:2613 [0] NCCL INFO Channel 13/0 : 12[0] -> 13[1] via P2P/MNNVL
node23D400680:1240:2611 [1] NCCL INFO Channel 11/0 : 13[1] -> 14[2] via P2P/MNNVL
node23D400680:1241:2614 [2] NCCL INFO Channel 10/0 : 14[2] -> 15[3] via P2P/MNNVL
node23D400680:1242:2612 [3] NCCL INFO Channel 12/0 : 15[3] -> 16[0] via P2P/MNNVL
node23D400680:1240:2611 [1] NCCL INFO Channel 12/0 : 13[1] -> 14[2] via P2P/MNNVL
node23D400680:1240:2611 [1] NCCL INFO Channel 13/0 : 13[1] -> 14[2] via P2P/MNNVL
node23D400680:1242:2612 [3] NCCL INFO Channel 13/0 : 15[3] -> 16[0] via P2P/MNNVL
node23D400680:1241:2614 [2] NCCL INFO Channel 11/0 : 14[2] -> 15[3] via P2P/MNNVL
node23D400680:1239:2613 [0] NCCL INFO Channel 14/0 : 12[0] -> 13[1] via P2P/MNNVL
node23D400680:1240:2611 [1] NCCL INFO Channel 14/0 : 13[1] -> 14[2] via P2P/MNNVL
node23D400680:1239:2613 [0] NCCL INFO Channel 15/0 : 12[0] -> 13[1] via P2P/MNNVL
node23D400680:1241:2614 [2] NCCL INFO Channel 12/0 : 14[2] -> 15[3] via P2P/MNNVL
node23D400680:1242:2612 [3] NCCL INFO Channel 14/0 : 15[3] -> 16[0] via P2P/MNNVL
node23D400680:1240:2611 [1] NCCL INFO Channel 15/0 : 13[1] -> 14[2] via P2P/MNNVL
node23D400680:1239:2613 [0] NCCL INFO Channel 16/0 : 12[0] -> 13[1] via P2P/MNNVL
node23D400680:1241:2614 [2] NCCL INFO Channel 13/0 : 14[2] -> 15[3] via P2P/MNNVL
node23D400680:1242:2612 [3] NCCL INFO Channel 15/0 : 15[3] -> 16[0] via P2P/MNNVL
node23D400680:1240:2611 [1] NCCL INFO Channel 16/0 : 13[1] -> 14[2] via P2P/MNNVL
node23D400680:1239:2613 [0] NCCL INFO Channel 17/0 : 12[0] -> 13[1] via P2P/MNNVL
node23D400680:1241:2614 [2] NCCL INFO Channel 14/0 : 14[2] -> 15[3] via P2P/MNNVL
node23D400680:1242:2612 [3] NCCL INFO Channel 16/0 : 15[3] -> 16[0] via P2P/MNNVL
node23D400680:1240:2611 [1] NCCL INFO Channel 17/0 : 13[1] -> 14[2] via P2P/MNNVL
node23D400680:1241:2614 [2] NCCL INFO Channel 15/0 : 14[2] -> 15[3] via P2P/MNNVL
node23D400680:1239:2613 [0] NCCL INFO Channel 18/0 : 12[0] -> 13[1] via P2P/MNNVL
node23D400680:1242:2612 [3] NCCL INFO Channel 17/0 : 15[3] -> 16[0] via P2P/MNNVL
node23D400680:1240:2611 [1] NCCL INFO Channel 18/0 : 13[1] -> 14[2] via P2P/MNNVL
node23D400680:1239:2613 [0] NCCL INFO Channel 19/0 : 12[0] -> 13[1] via P2P/MNNVL
node23D400680:1242:2612 [3] NCCL INFO Channel 18/0 : 15[3] -> 16[0] via P2P/MNNVL
node23D400680:1241:2614 [2] NCCL INFO Channel 16/0 : 14[2] -> 15[3] via P2P/MNNVL
node23D400680:1239:2613 [0] NCCL INFO Channel 20/0 : 12[0] -> 13[1] via P2P/MNNVL
node23D400680:1240:2611 [1] NCCL INFO Channel 19/0 : 13[1] -> 14[2] via P2P/MNNVL
node23D400680:1242:2612 [3] NCCL INFO Channel 19/0 : 15[3] -> 16[0] via P2P/MNNVL
node23D400680:1241:2614 [2] NCCL INFO Channel 17/0 : 14[2] -> 15[3] via P2P/MNNVL
node23D400680:1239:2613 [0] NCCL INFO Channel 21/0 : 12[0] -> 13[1] via P2P/MNNVL
node23D400680:1242:2612 [3] NCCL INFO Channel 20/0 : 15[3] -> 16[0] via P2P/MNNVL
node23D400680:1240:2611 [1] NCCL INFO Channel 20/0 : 13[1] -> 14[2] via P2P/MNNVL
node23D400680:1239:2613 [0] NCCL INFO Channel 22/0 : 12[0] -> 13[1] via P2P/MNNVL
node23D400680:1242:2612 [3] NCCL INFO Channel 21/0 : 15[3] -> 16[0] via P2P/MNNVL
node23D400680:1240:2611 [1] NCCL INFO Channel 21/0 : 13[1] -> 14[2] via P2P/MNNVL
node23D400680:1241:2614 [2] NCCL INFO Channel 18/0 : 14[2] -> 15[3] via P2P/MNNVL
node23D400680:1239:2613 [0] NCCL INFO Channel 23/0 : 12[0] -> 13[1] via P2P/MNNVL
node23D400680:1242:2612 [3] NCCL INFO Channel 22/0 : 15[3] -> 16[0] via P2P/MNNVL
node23D400680:1240:2611 [1] NCCL INFO Channel 22/0 : 13[1] -> 14[2] via P2P/MNNVL
node23D400680:1241:2614 [2] NCCL INFO Channel 19/0 : 14[2] -> 15[3] via P2P/MNNVL
node23D400680:1240:2611 [1] NCCL INFO Channel 23/0 : 13[1] -> 14[2] via P2P/MNNVL
node23D400680:1241:2614 [2] NCCL INFO Channel 20/0 : 14[2] -> 15[3] via P2P/MNNVL
node23D400680:1239:2613 [0] NCCL INFO Channel 24/0 : 12[0] -> 13[1] via P2P/MNNVL
node23D400680:1242:2612 [3] NCCL INFO Channel 23/0 : 15[3] -> 16[0] via P2P/MNNVL
node23D400680:1241:2614 [2] NCCL INFO Channel 21/0 : 14[2] -> 15[3] via P2P/MNNVL
node23D400680:1240:2611 [1] NCCL INFO Channel 24/0 : 13[1] -> 14[2] via P2P/MNNVL
node23D400680:1239:2613 [0] NCCL INFO Channel 25/0 : 12[0] -> 13[1] via P2P/MNNVL
node23D400680:1242:2612 [3] NCCL INFO Channel 24/0 : 15[3] -> 16[0] via P2P/MNNVL
node23D400680:1240:2611 [1] NCCL INFO Channel 25/0 : 13[1] -> 14[2] via P2P/MNNVL
node23D400680:1241:2614 [2] NCCL INFO Channel 22/0 : 14[2] -> 15[3] via P2P/MNNVL
node23D400680:1239:2613 [0] NCCL INFO Channel 26/0 : 12[0] -> 13[1] via P2P/MNNVL
node23D400680:1242:2612 [3] NCCL INFO Channel 25/0 : 15[3] -> 16[0] via P2P/MNNVL
node23D400680:1239:2613 [0] NCCL INFO Channel 27/0 : 12[0] -> 13[1] via P2P/MNNVL
node23D400680:1240:2611 [1] NCCL INFO Channel 26/0 : 13[1] -> 14[2] via P2P/MNNVL
node23D400680:1242:2612 [3] NCCL INFO Channel 26/0 : 15[3] -> 16[0] via P2P/MNNVL
node23D400680:1241:2614 [2] NCCL INFO Channel 23/0 : 14[2] -> 15[3] via P2P/MNNVL
node23D400680:1241:2614 [2] NCCL INFO Channel 24/0 : 14[2] -> 15[3] via P2P/MNNVL
node23D400680:1242:2612 [3] NCCL INFO Channel 27/0 : 15[3] -> 16[0] via P2P/MNNVL
node23D400680:1239:2613 [0] NCCL INFO Channel 28/0 : 12[0] -> 13[1] via P2P/MNNVL
node23D400680:1240:2611 [1] NCCL INFO Channel 27/0 : 13[1] -> 14[2] via P2P/MNNVL
node23D400680:1241:2614 [2] NCCL INFO Channel 25/0 : 14[2] -> 15[3] via P2P/MNNVL
node23D400680:1242:2612 [3] NCCL INFO Channel 28/0 : 15[3] -> 16[0] via P2P/MNNVL
node23D400680:1241:2614 [2] NCCL INFO Channel 26/0 : 14[2] -> 15[3] via P2P/MNNVL
node23D400680:1240:2611 [1] NCCL INFO Channel 28/0 : 13[1] -> 14[2] via P2P/MNNVL
node23D400680:1239:2613 [0] NCCL INFO Channel 29/0 : 12[0] -> 13[1] via P2P/MNNVL
node23D400680:1240:2611 [1] NCCL INFO Channel 29/0 : 13[1] -> 14[2] via P2P/MNNVL
node23D400680:1242:2612 [3] NCCL INFO Channel 29/0 : 15[3] -> 16[0] via P2P/MNNVL
node23D400680:1241:2614 [2] NCCL INFO Channel 27/0 : 14[2] -> 15[3] via P2P/MNNVL
node23D400680:1239:2613 [0] NCCL INFO Channel 30/0 : 12[0] -> 13[1] via P2P/MNNVL
node23D400680:1240:2611 [1] NCCL INFO Channel 30/0 : 13[1] -> 14[2] via P2P/MNNVL
node23D400680:1239:2613 [0] NCCL INFO Channel 31/0 : 12[0] -> 13[1] via P2P/MNNVL
node23D400680:1241:2614 [2] NCCL INFO Channel 28/0 : 14[2] -> 15[3] via P2P/MNNVL
node23D400680:1242:2612 [3] NCCL INFO Channel 30/0 : 15[3] -> 16[0] via P2P/MNNVL
node23D400680:1242:2612 [3] NCCL INFO Channel 31/0 : 15[3] -> 16[0] via P2P/MNNVL
node23D400680:1241:2614 [2] NCCL INFO Channel 29/0 : 14[2] -> 15[3] via P2P/MNNVL
node23D400680:1240:2611 [1] NCCL INFO Channel 31/0 : 13[1] -> 14[2] via P2P/MNNVL
node23D400680:1241:2614 [2] NCCL INFO Channel 30/0 : 14[2] -> 15[3] via P2P/MNNVL
node23D400680:1241:2614 [2] NCCL INFO Channel 31/0 : 14[2] -> 15[3] via P2P/MNNVL
node23D400680:1242:2612 [3] NCCL INFO Connected all rings, use ring PXN 0 GDR 1
node23D400680:1241:2614 [2] NCCL INFO Connected all rings, use ring PXN 0 GDR 1
node23D400680:1240:2611 [1] NCCL INFO Connected all rings, use ring PXN 0 GDR 1
node23D400680:1239:2613 [0] NCCL INFO Connected all rings, use ring PXN 0 GDR 1
node23D400680:1240:1240 [1] NCCL INFO Comm config Blocking set to 1
node23D400680:1239:1239 [0] NCCL INFO Comm config Blocking set to 1
node23D400680:1242:1242 [3] NCCL INFO Comm config Blocking set to 1
node23D400680:1241:1241 [2] NCCL INFO Comm config Blocking set to 1
node23D400680:1240:2615 [1] NCCL INFO Assigned NET plugin Socket to comm
node23D400680:1242:2617 [3] NCCL INFO Assigned NET plugin Socket to comm
node23D400680:1239:2616 [0] NCCL INFO Assigned NET plugin Socket to comm
node23D400680:1240:2615 [1] NCCL INFO Using network Socket
node23D400680:1242:2617 [3] NCCL INFO Using network Socket
node23D400680:1241:2618 [2] NCCL INFO Assigned NET plugin Socket to comm
node23D400680:1239:2616 [0] NCCL INFO Using network Socket
node23D400680:1241:2618 [2] NCCL INFO Using network Socket
node23D400680:1239:2616 [0] NCCL INFO ncclCommInitRankConfig comm 0x5178b030 rank 4 nranks 32 cudaDev 0 nvmlDev 0 busId 801000 commId 0x7afa755705f06a48 - Init START
node23D400680:1240:2615 [1] NCCL INFO ncclCommInitRankConfig comm 0x2ffe6e10 rank 5 nranks 32 cudaDev 1 nvmlDev 1 busId 901000 commId 0x7afa755705f06a48 - Init START
node23D400680:1242:2617 [3] NCCL INFO ncclCommInitRankConfig comm 0x325d1a20 rank 7 nranks 32 cudaDev 3 nvmlDev 3 busId 1901000 commId 0x7afa755705f06a48 - Init START
node23D400680:1241:2618 [2] NCCL INFO ncclCommInitRankConfig comm 0x37d78820 rank 6 nranks 32 cudaDev 2 nvmlDev 2 busId 1801000 commId 0x7afa755705f06a48 - Init START
node23D400680:1242:2617 [3] NCCL INFO Bootstrap timings total 0.531774 (create 0.000038, send 0.000174, recv 0.001155, ring 0.530101, delay 0.000000)
node23D400680:1241:2618 [2] NCCL INFO Bootstrap timings total 0.531770 (create 0.000035, send 0.000186, recv 0.001284, ring 0.529821, delay 0.000000)
node23D400680:1239:2616 [0] NCCL INFO Bootstrap timings total 0.531816 (create 0.000052, send 0.000213, recv 0.002029, ring 0.529393, delay 0.000000)
node23D400680:1240:2615 [1] NCCL INFO Bootstrap timings total 0.531815 (create 0.000048, send 0.000173, recv 0.001598, ring 0.529398, delay 0.000000)
node23D400680:1239:2616 [0] NCCL INFO MNNVL busId 0x801000 fabric UUID aa48724aeeaad6a8.b34b901796a1c18d cliqueId 0x7ffe state 3 healthMask 0xaa
node23D400680:1240:2615 [1] NCCL INFO MNNVL busId 0x901000 fabric UUID aa48724aeeaad6a8.b34b901796a1c18d cliqueId 0x7ffe state 3 healthMask 0xaa
node23D400680:1242:2617 [3] NCCL INFO MNNVL busId 0x1901000 fabric UUID aa48724aeeaad6a8.b34b901796a1c18d cliqueId 0x7ffe state 3 healthMask 0xaa
node23D400680:1241:2618 [2] NCCL INFO MNNVL busId 0x1801000 fabric UUID aa48724aeeaad6a8.b34b901796a1c18d cliqueId 0x7ffe state 3 healthMask 0xaa
node23D400680:1242:2617 [3] NCCL INFO MNNVL 1 cliqueId 7ffe cliqueSize 32 cliqueRank 7
node23D400680:1241:2618 [2] NCCL INFO MNNVL 1 cliqueId 7ffe cliqueSize 32 cliqueRank 6
node23D400680:1240:2615 [1] NCCL INFO MNNVL 1 cliqueId 7ffe cliqueSize 32 cliqueRank 5
node23D400680:1239:2616 [0] NCCL INFO MNNVL 1 cliqueId 7ffe cliqueSize 32 cliqueRank 4
node23D400680:1242:2617 [3] NCCL INFO Setting affinity for GPU 3 to 72-143
node23D400680:1241:2618 [2] NCCL INFO Setting affinity for GPU 2 to 72-143
node23D400680:1240:2615 [1] NCCL INFO Setting affinity for GPU 1 to 0-71
node23D400680:1239:2616 [0] NCCL INFO Setting affinity for GPU 0 to 0-71
node23D400680:1239:2616 [0] NCCL INFO comm 0x5178b030 rank 4 nRanks 32 nNodes 1 localRanks 32 localRank 4 MNNVL 1
node23D400680:1240:2615 [1] NCCL INFO comm 0x2ffe6e10 rank 5 nRanks 32 nNodes 1 localRanks 32 localRank 5 MNNVL 1
node23D400680:1242:2617 [3] NCCL INFO comm 0x325d1a20 rank 7 nRanks 32 nNodes 1 localRanks 32 localRank 7 MNNVL 1
node23D400680:1241:2618 [2] NCCL INFO comm 0x37d78820 rank 6 nRanks 32 nNodes 1 localRanks 32 localRank 6 MNNVL 1
node23D400680:1239:2616 [0] NCCL INFO Trees [0] 5/-1/-1->4->3 [1] 5/-1/-1->4->3 [2] 5/-1/-1->4->3 [3] 5/-1/-1->4->3 [4] 5/-1/-1->4->3 [5] 5/-1/-1->4->3 [6] 5/-1/-1->4->3 [7] 5/-1/-1->4->3 [8] 5/-1/-1->4->3 [9] 5/-1/-1->4->3 [10] 5/-1/-1->4->3 [11] 5/-1/-1->4->3 [12] 5/-1/-1->4->3 [13] 5/-1/-1->4->3 [14] 5/-1/-1->4->3 [15] 5/-1/-1->4->3 [16] 5/-1/-1->4->3 [17] 5/-1/-1->4->3 [18] 5/-1/-1->4->3 [19] 5/-1/-1->4->3 [20] 5/-1/-1->4->3 [21] 5/-1/-1->4->3 [22] 5/-1/-1->4->3 [23] 5/-1/-1->4->3 [24] 5/-1/-1->4->3 [25] 5/-1/-1->4->3 [26] 5/-1/-1->4->3 [27] 5/-1/-1->4->3 [28] 5/-1/-1->4->3 [29] 5/-1/-1->4->3 [30] 5/-1/-1->4->3 [31] 5/-1/-1->4->3
node23D400680:1240:2615 [1] NCCL INFO Trees [0] 6/-1/-1->5->4 [1] 6/-1/-1->5->4 [2] 6/-1/-1->5->4 [3] 6/-1/-1->5->4 [4] 6/-1/-1->5->4 [5] 6/-1/-1->5->4 [6] 6/-1/-1->5->4 [7] 6/-1/-1->5->4 [8] 6/-1/-1->5->4 [9] 6/-1/-1->5->4 [10] 6/-1/-1->5->4 [11] 6/-1/-1->5->4 [12] 6/-1/-1->5->4 [13] 6/-1/-1->5->4 [14] 6/-1/-1->5->4 [15] 6/-1/-1->5->4 [16] 6/-1/-1->5->4 [17] 6/-1/-1->5->4 [18] 6/-1/-1->5->4 [19] 6/-1/-1->5->4 [20] 6/-1/-1->5->4 [21] 6/-1/-1->5->4 [22] 6/-1/-1->5->4 [23] 6/-1/-1->5->4 [24] 6/-1/-1->5->4 [25] 6/-1/-1->5->4 [26] 6/-1/-1->5->4 [27] 6/-1/-1->5->4 [28] 6/-1/-1->5->4 [29] 6/-1/-1->5->4 [30] 6/-1/-1->5->4 [31] 6/-1/-1->5->4
node23D400680:1239:2616 [0] NCCL INFO P2P Chunksize set to 524288
node23D400680:1240:2615 [1] NCCL INFO P2P Chunksize set to 524288
node23D400680:1242:2617 [3] NCCL INFO Trees [0] 8/-1/-1->7->6 [1] 8/-1/-1->7->6 [2] 8/-1/-1->7->6 [3] 8/-1/-1->7->6 [4] 8/-1/-1->7->6 [5] 8/-1/-1->7->6 [6] 8/-1/-1->7->6 [7] 8/-1/-1->7->6 [8] 8/-1/-1->7->6 [9] 8/-1/-1->7->6 [10] 8/-1/-1->7->6 [11] 8/-1/-1->7->6 [12] 8/-1/-1->7->6 [13] 8/-1/-1->7->6 [14] 8/-1/-1->7->6 [15] 8/-1/-1->7->6 [16] 8/-1/-1->7->6 [17] 8/-1/-1->7->6 [18] 8/-1/-1->7->6 [19] 8/-1/-1->7->6 [20] 8/-1/-1->7->6 [21] 8/-1/-1->7->6 [22] 8/-1/-1->7->6 [23] 8/-1/-1->7->6 [24] 8/-1/-1->7->6 [25] 8/-1/-1->7->6 [26] 8/-1/-1->7->6 [27] 8/-1/-1->7->6 [28] 8/-1/-1->7->6 [29] 8/-1/-1->7->6 [30] 8/-1/-1->7->6 [31] 8/-1/-1->7->6
node23D400680:1242:2617 [3] NCCL INFO P2P Chunksize set to 524288
node23D400680:1241:2618 [2] NCCL INFO Trees [0] 7/-1/-1->6->5 [1] 7/-1/-1->6->5 [2] 7/-1/-1->6->5 [3] 7/-1/-1->6->5 [4] 7/-1/-1->6->5 [5] 7/-1/-1->6->5 [6] 7/-1/-1->6->5 [7] 7/-1/-1->6->5 [8] 7/-1/-1->6->5 [9] 7/-1/-1->6->5 [10] 7/-1/-1->6->5 [11] 7/-1/-1->6->5 [12] 7/-1/-1->6->5 [13] 7/-1/-1->6->5 [14] 7/-1/-1->6->5 [15] 7/-1/-1->6->5 [16] 7/-1/-1->6->5 [17] 7/-1/-1->6->5 [18] 7/-1/-1->6->5 [19] 7/-1/-1->6->5 [20] 7/-1/-1->6->5 [21] 7/-1/-1->6->5 [22] 7/-1/-1->6->5 [23] 7/-1/-1->6->5 [24] 7/-1/-1->6->5 [25] 7/-1/-1->6->5 [26] 7/-1/-1->6->5 [27] 7/-1/-1->6->5 [28] 7/-1/-1->6->5 [29] 7/-1/-1->6->5 [30] 7/-1/-1->6->5 [31] 7/-1/-1->6->5
node23D400680:1241:2618 [2] NCCL INFO P2P Chunksize set to 524288
node23D400680:1240:2620 [1] NCCL INFO [Proxy Service] Device 1 CPU core 21
node23D400680:1241:2621 [2] NCCL INFO [Proxy Service] Device 2 CPU core 127
node23D400680:1242:2622 [3] NCCL INFO [Proxy Service] Device 3 CPU core 79
node23D400680:1240:2624 [1] NCCL INFO [Proxy Service UDS] Device 1 CPU core 23
node23D400680:1239:2619 [0] NCCL INFO [Proxy Service] Device 0 CPU core 50
node23D400680:1241:2625 [2] NCCL INFO [Proxy Service UDS] Device 2 CPU core 128
node23D400680:1242:2626 [3] NCCL INFO [Proxy Service UDS] Device 3 CPU core 80
node23D400680:1239:2623 [0] NCCL INFO [Proxy Service UDS] Device 0 CPU core 51
node23D400680:1240:2615 [1] NCCL INFO threadThresholds 8/8/64 | 256/8/64 | 512 | 512
node23D400680:1240:2615 [1] NCCL INFO 32 coll channels, 32 collnet channels, 0 nvls channels, 32 p2p channels, 32 p2p channels per peer
node23D400680:1239:2616 [0] NCCL INFO threadThresholds 8/8/64 | 256/8/64 | 512 | 512
node23D400680:1239:2616 [0] NCCL INFO 32 coll channels, 32 collnet channels, 0 nvls channels, 32 p2p channels, 32 p2p channels per peer
node23D400680:1242:2617 [3] NCCL INFO threadThresholds 8/8/64 | 256/8/64 | 512 | 512
node23D400680:1242:2617 [3] NCCL INFO 32 coll channels, 32 collnet channels, 0 nvls channels, 32 p2p channels, 32 p2p channels per peer
node23D400680:1241:2618 [2] NCCL INFO threadThresholds 8/8/64 | 256/8/64 | 512 | 512
node23D400680:1241:2618 [2] NCCL INFO 32 coll channels, 32 collnet channels, 0 nvls channels, 32 p2p channels, 32 p2p channels per peer
node23D400680:1240:2615 [1] NCCL INFO ncclCommInitRankConfig comm 0x2ffe6e10 rank 5 nranks 32 cudaDev 1 nvmlDev 1 busId 901000 commId 0x7afa755705f06a48 - Init COMPLETE
node23D400680:1240:2615 [1] NCCL INFO Init timings - ncclCommInitRankConfig: rank 5 nranks 32 total 2.06 (kernels 0.00, alloc 0.00, bootstrap 0.53, allgathers 0.04, topo 1.30, graphs 0.02, connections 0.16, rest 0.01)
node23D400680:1239:2616 [0] NCCL INFO ncclCommInitRankConfig comm 0x5178b030 rank 4 nranks 32 cudaDev 0 nvmlDev 0 busId 801000 commId 0x7afa755705f06a48 - Init COMPLETE
node23D400680:1239:2616 [0] NCCL INFO Init timings - ncclCommInitRankConfig: rank 4 nranks 32 total 2.06 (kernels 0.00, alloc 0.00, bootstrap 0.53, allgathers 0.02, topo 1.32, graphs 0.02, connections 0.16, rest 0.01)
node23D400680:1242:2617 [3] NCCL INFO ncclCommInitRankConfig comm 0x325d1a20 rank 7 nranks 32 cudaDev 3 nvmlDev 3 busId 1901000 commId 0x7afa755705f06a48 - Init COMPLETE
node23D400680:1242:2617 [3] NCCL INFO Init timings - ncclCommInitRankConfig: rank 7 nranks 32 total 2.06 (kernels 0.00, alloc 0.00, bootstrap 0.53, allgathers 0.06, topo 1.28, graphs 0.02, connections 0.16, rest 0.01)
node23D400680:1241:2618 [2] NCCL INFO ncclCommInitRankConfig comm 0x37d78820 rank 6 nranks 32 cudaDev 2 nvmlDev 2 busId 1801000 commId 0x7afa755705f06a48 - Init COMPLETE
node23D400680:1241:2618 [2] NCCL INFO Init timings - ncclCommInitRankConfig: rank 6 nranks 32 total 2.06 (kernels 0.00, alloc 0.00, bootstrap 0.53, allgathers 0.04, topo 1.30, graphs 0.02, connections 0.16, rest 0.01)
node23D400680:1240:2627 [1] NCCL INFO Channel 00/0 : 5[1] -> 6[2] via P2P/MNNVL
node23D400680:1240:2627 [1] NCCL INFO Channel 01/0 : 5[1] -> 6[2] via P2P/MNNVL
node23D400680:1239:2628 [0] NCCL INFO Channel 00/0 : 4[0] -> 5[1] via P2P/MNNVL
node23D400680:1241:2630 [2] NCCL INFO Channel 00/0 : 6[2] -> 7[3] via P2P/MNNVL
node23D400680:1240:2627 [1] NCCL INFO Channel 02/0 : 5[1] -> 6[2] via P2P/MNNVL
node23D400680:1242:2629 [3] NCCL INFO Channel 00/0 : 7[3] -> 8[0] via P2P/MNNVL
node23D400680:1239:2628 [0] NCCL INFO Channel 01/0 : 4[0] -> 5[1] via P2P/MNNVL
node23D400680:1240:2627 [1] NCCL INFO Channel 03/0 : 5[1] -> 6[2] via P2P/MNNVL
node23D400680:1241:2630 [2] NCCL INFO Channel 01/0 : 6[2] -> 7[3] via P2P/MNNVL
node23D400680:1242:2629 [3] NCCL INFO Channel 01/0 : 7[3] -> 8[0] via P2P/MNNVL
node23D400680:1240:2627 [1] NCCL INFO Channel 04/0 : 5[1] -> 6[2] via P2P/MNNVL
node23D400680:1239:2628 [0] NCCL INFO Channel 02/0 : 4[0] -> 5[1] via P2P/MNNVL
node23D400680:1242:2629 [3] NCCL INFO Channel 02/0 : 7[3] -> 8[0] via P2P/MNNVL
node23D400680:1241:2630 [2] NCCL INFO Channel 02/0 : 6[2] -> 7[3] via P2P/MNNVL
node23D400680:1239:2628 [0] NCCL INFO Channel 03/0 : 4[0] -> 5[1] via P2P/MNNVL
node23D400680:1240:2627 [1] NCCL INFO Channel 05/0 : 5[1] -> 6[2] via P2P/MNNVL
node23D400680:1242:2629 [3] NCCL INFO Channel 03/0 : 7[3] -> 8[0] via P2P/MNNVL
node23D400680:1239:2628 [0] NCCL INFO Channel 04/0 : 4[0] -> 5[1] via P2P/MNNVL
node23D400680:1241:2630 [2] NCCL INFO Channel 03/0 : 6[2] -> 7[3] via P2P/MNNVL
node23D400680:1242:2629 [3] NCCL INFO Channel 04/0 : 7[3] -> 8[0] via P2P/MNNVL
node23D400680:1240:2627 [1] NCCL INFO Channel 06/0 : 5[1] -> 6[2] via P2P/MNNVL
node23D400680:1239:2628 [0] NCCL INFO Channel 05/0 : 4[0] -> 5[1] via P2P/MNNVL
node23D400680:1240:2627 [1] NCCL INFO Channel 07/0 : 5[1] -> 6[2] via P2P/MNNVL
node23D400680:1239:2628 [0] NCCL INFO Channel 06/0 : 4[0] -> 5[1] via P2P/MNNVL
node23D400680:1241:2630 [2] NCCL INFO Channel 04/0 : 6[2] -> 7[3] via P2P/MNNVL
node23D400680:1242:2629 [3] NCCL INFO Channel 05/0 : 7[3] -> 8[0] via P2P/MNNVL
node23D400680:1239:2628 [0] NCCL INFO Channel 07/0 : 4[0] -> 5[1] via P2P/MNNVL
node23D400680:1240:2627 [1] NCCL INFO Channel 08/0 : 5[1] -> 6[2] via P2P/MNNVL
node23D400680:1240:2627 [1] NCCL INFO Channel 09/0 : 5[1] -> 6[2] via P2P/MNNVL
node23D400680:1239:2628 [0] NCCL INFO Channel 08/0 : 4[0] -> 5[1] via P2P/MNNVL
node23D400680:1242:2629 [3] NCCL INFO Channel 06/0 : 7[3] -> 8[0] via P2P/MNNVL
node23D400680:1241:2630 [2] NCCL INFO Channel 05/0 : 6[2] -> 7[3] via P2P/MNNVL
node23D400680:1241:2630 [2] NCCL INFO Channel 06/0 : 6[2] -> 7[3] via P2P/MNNVL
node23D400680:1242:2629 [3] NCCL INFO Channel 07/0 : 7[3] -> 8[0] via P2P/MNNVL
node23D400680:1239:2628 [0] NCCL INFO Channel 09/0 : 4[0] -> 5[1] via P2P/MNNVL
node23D400680:1240:2627 [1] NCCL INFO Channel 10/0 : 5[1] -> 6[2] via P2P/MNNVL
node23D400680:1241:2630 [2] NCCL INFO Channel 07/0 : 6[2] -> 7[3] via P2P/MNNVL
node23D400680:1242:2629 [3] NCCL INFO Channel 08/0 : 7[3] -> 8[0] via P2P/MNNVL
node23D400680:1241:2630 [2] NCCL INFO Channel 08/0 : 6[2] -> 7[3] via P2P/MNNVL
node23D400680:1239:2628 [0] NCCL INFO Channel 10/0 : 4[0] -> 5[1] via P2P/MNNVL
node23D400680:1240:2627 [1] NCCL INFO Channel 11/0 : 5[1] -> 6[2] via P2P/MNNVL
node23D400680:1241:2630 [2] NCCL INFO Channel 09/0 : 6[2] -> 7[3] via P2P/MNNVL
node23D400680:1242:2629 [3] NCCL INFO Channel 09/0 : 7[3] -> 8[0] via P2P/MNNVL
node23D400680:1239:2628 [0] NCCL INFO Channel 11/0 : 4[0] -> 5[1] via P2P/MNNVL
node23D400680:1240:2627 [1] NCCL INFO Channel 12/0 : 5[1] -> 6[2] via P2P/MNNVL
node23D400680:1241:2630 [2] NCCL INFO Channel 10/0 : 6[2] -> 7[3] via P2P/MNNVL
node23D400680:1242:2629 [3] NCCL INFO Channel 10/0 : 7[3] -> 8[0] via P2P/MNNVL
node23D400680:1240:2627 [1] NCCL INFO Channel 13/0 : 5[1] -> 6[2] via P2P/MNNVL
node23D400680:1241:2630 [2] NCCL INFO Channel 11/0 : 6[2] -> 7[3] via P2P/MNNVL
node23D400680:1239:2628 [0] NCCL INFO Channel 12/0 : 4[0] -> 5[1] via P2P/MNNVL
node23D400680:1242:2629 [3] NCCL INFO Channel 11/0 : 7[3] -> 8[0] via P2P/MNNVL
node23D400680:1240:2627 [1] NCCL INFO Channel 14/0 : 5[1] -> 6[2] via P2P/MNNVL
node23D400680:1241:2630 [2] NCCL INFO Channel 12/0 : 6[2] -> 7[3] via P2P/MNNVL
node23D400680:1239:2628 [0] NCCL INFO Channel 13/0 : 4[0] -> 5[1] via P2P/MNNVL
node23D400680:1240:2627 [1] NCCL INFO Channel 15/0 : 5[1] -> 6[2] via P2P/MNNVL
node23D400680:1242:2629 [3] NCCL INFO Channel 12/0 : 7[3] -> 8[0] via P2P/MNNVL
node23D400680:1241:2630 [2] NCCL INFO Channel 13/0 : 6[2] -> 7[3] via P2P/MNNVL
node23D400680:1239:2628 [0] NCCL INFO Channel 14/0 : 4[0] -> 5[1] via P2P/MNNVL
node23D400680:1242:2629 [3] NCCL INFO Channel 13/0 : 7[3] -> 8[0] via P2P/MNNVL
node23D400680:1241:2630 [2] NCCL INFO Channel 14/0 : 6[2] -> 7[3] via P2P/MNNVL
node23D400680:1240:2627 [1] NCCL INFO Channel 16/0 : 5[1] -> 6[2] via P2P/MNNVL
node23D400680:1242:2629 [3] NCCL INFO Channel 14/0 : 7[3] -> 8[0] via P2P/MNNVL
node23D400680:1241:2630 [2] NCCL INFO Channel 15/0 : 6[2] -> 7[3] via P2P/MNNVL
node23D400680:1239:2628 [0] NCCL INFO Channel 15/0 : 4[0] -> 5[1] via P2P/MNNVL
node23D400680:1240:2627 [1] NCCL INFO Channel 17/0 : 5[1] -> 6[2] via P2P/MNNVL
node23D400680:1240:2627 [1] NCCL INFO Channel 18/0 : 5[1] -> 6[2] via P2P/MNNVL
node23D400680:1239:2628 [0] NCCL INFO Channel 16/0 : 4[0] -> 5[1] via P2P/MNNVL
node23D400680:1242:2629 [3] NCCL INFO Channel 15/0 : 7[3] -> 8[0] via P2P/MNNVL
node23D400680:1241:2630 [2] NCCL INFO Channel 16/0 : 6[2] -> 7[3] via P2P/MNNVL
node23D400680:1242:2629 [3] NCCL INFO Channel 16/0 : 7[3] -> 8[0] via P2P/MNNVL
node23D400680:1241:2630 [2] NCCL INFO Channel 17/0 : 6[2] -> 7[3] via P2P/MNNVL
node23D400680:1240:2627 [1] NCCL INFO Channel 19/0 : 5[1] -> 6[2] via P2P/MNNVL
node23D400680:1239:2628 [0] NCCL INFO Channel 17/0 : 4[0] -> 5[1] via P2P/MNNVL
node23D400680:1242:2629 [3] NCCL INFO Channel 17/0 : 7[3] -> 8[0] via P2P/MNNVL
node23D400680:1241:2630 [2] NCCL INFO Channel 18/0 : 6[2] -> 7[3] via P2P/MNNVL
node23D400680:1241:2630 [2] NCCL INFO Channel 19/0 : 6[2] -> 7[3] via P2P/MNNVL
node23D400680:1239:2628 [0] NCCL INFO Channel 18/0 : 4[0] -> 5[1] via P2P/MNNVL
node23D400680:1240:2627 [1] NCCL INFO Channel 20/0 : 5[1] -> 6[2] via P2P/MNNVL
node23D400680:1242:2629 [3] NCCL INFO Channel 18/0 : 7[3] -> 8[0] via P2P/MNNVL
node23D400680:1241:2630 [2] NCCL INFO Channel 20/0 : 6[2] -> 7[3] via P2P/MNNVL
node23D400680:1242:2629 [3] NCCL INFO Channel 19/0 : 7[3] -> 8[0] via P2P/MNNVL
node23D400680:1239:2628 [0] NCCL INFO Channel 19/0 : 4[0] -> 5[1] via P2P/MNNVL
node23D400680:1240:2627 [1] NCCL INFO Channel 21/0 : 5[1] -> 6[2] via P2P/MNNVL
node23D400680:1241:2630 [2] NCCL INFO Channel 21/0 : 6[2] -> 7[3] via P2P/MNNVL
node23D400680:1242:2629 [3] NCCL INFO Channel 20/0 : 7[3] -> 8[0] via P2P/MNNVL
node23D400680:1240:2627 [1] NCCL INFO Channel 22/0 : 5[1] -> 6[2] via P2P/MNNVL
node23D400680:1239:2628 [0] NCCL INFO Channel 20/0 : 4[0] -> 5[1] via P2P/MNNVL
node23D400680:1239:2628 [0] NCCL INFO Channel 21/0 : 4[0] -> 5[1] via P2P/MNNVL
node23D400680:1241:2630 [2] NCCL INFO Channel 22/0 : 6[2] -> 7[3] via P2P/MNNVL
node23D400680:1242:2629 [3] NCCL INFO Channel 21/0 : 7[3] -> 8[0] via P2P/MNNVL
node23D400680:1240:2627 [1] NCCL INFO Channel 23/0 : 5[1] -> 6[2] via P2P/MNNVL
node23D400680:1239:2628 [0] NCCL INFO Channel 22/0 : 4[0] -> 5[1] via P2P/MNNVL
node23D400680:1241:2630 [2] NCCL INFO Channel 23/0 : 6[2] -> 7[3] via P2P/MNNVL
node23D400680:1242:2629 [3] NCCL INFO Channel 22/0 : 7[3] -> 8[0] via P2P/MNNVL
node23D400680:1240:2627 [1] NCCL INFO Channel 24/0 : 5[1] -> 6[2] via P2P/MNNVL
node23D400680:1241:2630 [2] NCCL INFO Channel 24/0 : 6[2] -> 7[3] via P2P/MNNVL
node23D400680:1239:2628 [0] NCCL INFO Channel 23/0 : 4[0] -> 5[1] via P2P/MNNVL
node23D400680:1240:2627 [1] NCCL INFO Channel 25/0 : 5[1] -> 6[2] via P2P/MNNVL
node23D400680:1242:2629 [3] NCCL INFO Channel 23/0 : 7[3] -> 8[0] via P2P/MNNVL
node23D400680:1239:2628 [0] NCCL INFO Channel 24/0 : 4[0] -> 5[1] via P2P/MNNVL
node23D400680:1240:2627 [1] NCCL INFO Channel 26/0 : 5[1] -> 6[2] via P2P/MNNVL
node23D400680:1241:2630 [2] NCCL INFO Channel 25/0 : 6[2] -> 7[3] via P2P/MNNVL
node23D400680:1242:2629 [3] NCCL INFO Channel 24/0 : 7[3] -> 8[0] via P2P/MNNVL
node23D400680:1239:2628 [0] NCCL INFO Channel 25/0 : 4[0] -> 5[1] via P2P/MNNVL
node23D400680:1241:2630 [2] NCCL INFO Channel 26/0 : 6[2] -> 7[3] via P2P/MNNVL
node23D400680:1240:2627 [1] NCCL INFO Channel 27/0 : 5[1] -> 6[2] via P2P/MNNVL
node23D400680:1242:2629 [3] NCCL INFO Channel 25/0 : 7[3] -> 8[0] via P2P/MNNVL
node23D400680:1239:2628 [0] NCCL INFO Channel 26/0 : 4[0] -> 5[1] via P2P/MNNVL
node23D400680:1240:2627 [1] NCCL INFO Channel 28/0 : 5[1] -> 6[2] via P2P/MNNVL
node23D400680:1241:2630 [2] NCCL INFO Channel 27/0 : 6[2] -> 7[3] via P2P/MNNVL
node23D400680:1242:2629 [3] NCCL INFO Channel 26/0 : 7[3] -> 8[0] via P2P/MNNVL
node23D400680:1241:2630 [2] NCCL INFO Channel 28/0 : 6[2] -> 7[3] via P2P/MNNVL
node23D400680:1239:2628 [0] NCCL INFO Channel 27/0 : 4[0] -> 5[1] via P2P/MNNVL
node23D400680:1240:2627 [1] NCCL INFO Channel 29/0 : 5[1] -> 6[2] via P2P/MNNVL
node23D400680:1241:2630 [2] NCCL INFO Channel 29/0 : 6[2] -> 7[3] via P2P/MNNVL
node23D400680:1239:2628 [0] NCCL INFO Channel 28/0 : 4[0] -> 5[1] via P2P/MNNVL
node23D400680:1242:2629 [3] NCCL INFO Channel 27/0 : 7[3] -> 8[0] via P2P/MNNVL
node23D400680:1240:2627 [1] NCCL INFO Channel 30/0 : 5[1] -> 6[2] via P2P/MNNVL
node23D400680:1242:2629 [3] NCCL INFO Channel 28/0 : 7[3] -> 8[0] via P2P/MNNVL
node23D400680:1239:2628 [0] NCCL INFO Channel 29/0 : 4[0] -> 5[1] via P2P/MNNVL
node23D400680:1241:2630 [2] NCCL INFO Channel 30/0 : 6[2] -> 7[3] via P2P/MNNVL
node23D400680:1240:2627 [1] NCCL INFO Channel 31/0 : 5[1] -> 6[2] via P2P/MNNVL
node23D400680:1239:2628 [0] NCCL INFO Channel 30/0 : 4[0] -> 5[1] via P2P/MNNVL
node23D400680:1242:2629 [3] NCCL INFO Channel 29/0 : 7[3] -> 8[0] via P2P/MNNVL
node23D400680:1241:2630 [2] NCCL INFO Channel 31/0 : 6[2] -> 7[3] via P2P/MNNVL
node23D400680:1239:2628 [0] NCCL INFO Channel 31/0 : 4[0] -> 5[1] via P2P/MNNVL
node23D400680:1242:2629 [3] NCCL INFO Channel 30/0 : 7[3] -> 8[0] via P2P/MNNVL
node23D400680:1242:2629 [3] NCCL INFO Channel 31/0 : 7[3] -> 8[0] via P2P/MNNVL
node23D400680:1239:2628 [0] NCCL INFO Connected all rings, use ring PXN 0 GDR 1
node23D400680:1242:2629 [3] NCCL INFO Connected all rings, use ring PXN 0 GDR 1
node23D400680:1240:2627 [1] NCCL INFO Connected all rings, use ring PXN 0 GDR 1
node23D400680:1241:2630 [2] NCCL INFO Connected all rings, use ring PXN 0 GDR 1
[Rank 15] (after 1 iterations) memory (MB) | allocated: 86984.185546875 | max allocated: 94635.1875 | reserved: 87054.0 | max reserved: 94714.0[Rank 14] (after 1 iterations) memory (MB) | allocated: 86984.185546875 | max allocated: 94635.1875 | reserved: 87054.0 | max reserved: 94714.0[Rank 13] (after 1 iterations) memory (MB) | allocated: 86984.185546875 | max allocated: 94635.1875 | reserved: 87054.0 | max reserved: 94714.0

[Rank 12] (after 1 iterations) memory (MB) | allocated: 86984.185546875 | max allocated: 94635.1875 | reserved: 87054.0 | max reserved: 94714.0

node23D400680:1239:2632 [0] NCCL INFO Channel 00/1 : 12[0] -> 0[0] via P2P/MNNVL
node23D400680:1240:2631 [1] NCCL INFO Channel 00/1 : 13[1] -> 0[0] via P2P/MNNVL
node23D400680:1242:2633 [3] NCCL INFO Channel 00/1 : 15[3] -> 0[0] via P2P/MNNVL
node23D400680:1241:2634 [2] NCCL INFO Channel 00/1 : 14[2] -> 0[0] via P2P/MNNVL
node23D400680:1239:2632 [0] NCCL INFO Channel 01/1 : 12[0] -> 0[0] via P2P/MNNVL
node23D400680:1240:2631 [1] NCCL INFO Channel 01/1 : 13[1] -> 0[0] via P2P/MNNVL
node23D400680:1242:2633 [3] NCCL INFO Channel 01/1 : 15[3] -> 0[0] via P2P/MNNVL
node23D400680:1241:2634 [2] NCCL INFO Channel 01/1 : 14[2] -> 0[0] via P2P/MNNVL
node23D400680:1240:2631 [1] NCCL INFO Channel 02/1 : 13[1] -> 0[0] via P2P/MNNVL
node23D400680:1239:2632 [0] NCCL INFO Channel 02/1 : 12[0] -> 0[0] via P2P/MNNVL
node23D400680:1240:2631 [1] NCCL INFO Channel 03/1 : 13[1] -> 0[0] via P2P/MNNVL
node23D400680:1242:2633 [3] NCCL INFO Channel 02/1 : 15[3] -> 0[0] via P2P/MNNVL
node23D400680:1241:2634 [2] NCCL INFO Channel 02/1 : 14[2] -> 0[0] via P2P/MNNVL
node23D400680:1239:2632 [0] NCCL INFO Channel 03/1 : 12[0] -> 0[0] via P2P/MNNVL
node23D400680:1242:2633 [3] NCCL INFO Channel 03/1 : 15[3] -> 0[0] via P2P/MNNVL
node23D400680:1240:2631 [1] NCCL INFO Channel 04/1 : 13[1] -> 0[0] via P2P/MNNVL
node23D400680:1239:2632 [0] NCCL INFO Channel 04/1 : 12[0] -> 0[0] via P2P/MNNVL
node23D400680:1241:2634 [2] NCCL INFO Channel 03/1 : 14[2] -> 0[0] via P2P/MNNVL
node23D400680:1242:2633 [3] NCCL INFO Channel 04/1 : 15[3] -> 0[0] via P2P/MNNVL
node23D400680:1240:2631 [1] NCCL INFO Channel 05/1 : 13[1] -> 0[0] via P2P/MNNVL
node23D400680:1239:2632 [0] NCCL INFO Channel 05/1 : 12[0] -> 0[0] via P2P/MNNVL
node23D400680:1240:2631 [1] NCCL INFO Channel 06/1 : 13[1] -> 0[0] via P2P/MNNVL
node23D400680:1239:2632 [0] NCCL INFO Channel 06/1 : 12[0] -> 0[0] via P2P/MNNVL
node23D400680:1241:2634 [2] NCCL INFO Channel 04/1 : 14[2] -> 0[0] via P2P/MNNVL
node23D400680:1242:2633 [3] NCCL INFO Channel 05/1 : 15[3] -> 0[0] via P2P/MNNVL
node23D400680:1239:2632 [0] NCCL INFO Channel 07/1 : 12[0] -> 0[0] via P2P/MNNVL
node23D400680:1240:2631 [1] NCCL INFO Channel 07/1 : 13[1] -> 0[0] via P2P/MNNVL
node23D400680:1241:2634 [2] NCCL INFO Channel 05/1 : 14[2] -> 0[0] via P2P/MNNVL
node23D400680:1242:2633 [3] NCCL INFO Channel 06/1 : 15[3] -> 0[0] via P2P/MNNVL
node23D400680:1240:2631 [1] NCCL INFO Channel 08/1 : 13[1] -> 0[0] via P2P/MNNVL
node23D400680:1242:2633 [3] NCCL INFO Channel 07/1 : 15[3] -> 0[0] via P2P/MNNVL
node23D400680:1241:2634 [2] NCCL INFO Channel 06/1 : 14[2] -> 0[0] via P2P/MNNVL
node23D400680:1239:2632 [0] NCCL INFO Channel 08/1 : 12[0] -> 0[0] via P2P/MNNVL
node23D400680:1240:2631 [1] NCCL INFO Channel 09/1 : 13[1] -> 0[0] via P2P/MNNVL
node23D400680:1241:2634 [2] NCCL INFO Channel 07/1 : 14[2] -> 0[0] via P2P/MNNVL
node23D400680:1239:2632 [0] NCCL INFO Channel 09/1 : 12[0] -> 0[0] via P2P/MNNVL
node23D400680:1242:2633 [3] NCCL INFO Channel 08/1 : 15[3] -> 0[0] via P2P/MNNVL
node23D400680:1240:2631 [1] NCCL INFO Channel 10/1 : 13[1] -> 0[0] via P2P/MNNVL
node23D400680:1241:2634 [2] NCCL INFO Channel 08/1 : 14[2] -> 0[0] via P2P/MNNVL
node23D400680:1239:2632 [0] NCCL INFO Channel 10/1 : 12[0] -> 0[0] via P2P/MNNVL
node23D400680:1242:2633 [3] NCCL INFO Channel 09/1 : 15[3] -> 0[0] via P2P/MNNVL
node23D400680:1240:2631 [1] NCCL INFO Channel 11/1 : 13[1] -> 0[0] via P2P/MNNVL
node23D400680:1241:2634 [2] NCCL INFO Channel 09/1 : 14[2] -> 0[0] via P2P/MNNVL
node23D400680:1242:2633 [3] NCCL INFO Channel 10/1 : 15[3] -> 0[0] via P2P/MNNVL
node23D400680:1242:2633 [3] NCCL INFO Channel 11/1 : 15[3] -> 0[0] via P2P/MNNVL
node23D400680:1239:2632 [0] NCCL INFO Channel 11/1 : 12[0] -> 0[0] via P2P/MNNVL
node23D400680:1241:2634 [2] NCCL INFO Channel 10/1 : 14[2] -> 0[0] via P2P/MNNVL
node23D400680:1240:2631 [1] NCCL INFO Channel 12/1 : 13[1] -> 0[0] via P2P/MNNVL
node23D400680:1239:2632 [0] NCCL INFO Channel 12/1 : 12[0] -> 0[0] via P2P/MNNVL
node23D400680:1240:2631 [1] NCCL INFO Channel 13/1 : 13[1] -> 0[0] via P2P/MNNVL
node23D400680:1242:2633 [3] NCCL INFO Channel 12/1 : 15[3] -> 0[0] via P2P/MNNVL
node23D400680:1239:2632 [0] NCCL INFO Channel 13/1 : 12[0] -> 0[0] via P2P/MNNVL
node23D400680:1241:2634 [2] NCCL INFO Channel 11/1 : 14[2] -> 0[0] via P2P/MNNVL
node23D400680:1240:2631 [1] NCCL INFO Channel 14/1 : 13[1] -> 0[0] via P2P/MNNVL
node23D400680:1239:2632 [0] NCCL INFO Channel 14/1 : 12[0] -> 0[0] via P2P/MNNVL
node23D400680:1240:2631 [1] NCCL INFO Channel 15/1 : 13[1] -> 0[0] via P2P/MNNVL
node23D400680:1241:2634 [2] NCCL INFO Channel 12/1 : 14[2] -> 0[0] via P2P/MNNVL
node23D400680:1242:2633 [3] NCCL INFO Channel 13/1 : 15[3] -> 0[0] via P2P/MNNVL
node23D400680:1240:2631 [1] NCCL INFO Channel 16/1 : 13[1] -> 0[0] via P2P/MNNVL
node23D400680:1242:2633 [3] NCCL INFO Channel 14/1 : 15[3] -> 0[0] via P2P/MNNVL
node23D400680:1241:2634 [2] NCCL INFO Channel 13/1 : 14[2] -> 0[0] via P2P/MNNVL
node23D400680:1239:2632 [0] NCCL INFO Channel 15/1 : 12[0] -> 0[0] via P2P/MNNVL
node23D400680:1240:2631 [1] NCCL INFO Channel 17/1 : 13[1] -> 0[0] via P2P/MNNVL
node23D400680:1242:2633 [3] NCCL INFO Channel 15/1 : 15[3] -> 0[0] via P2P/MNNVL
node23D400680:1239:2632 [0] NCCL INFO Channel 16/1 : 12[0] -> 0[0] via P2P/MNNVL
node23D400680:1241:2634 [2] NCCL INFO Channel 14/1 : 14[2] -> 0[0] via P2P/MNNVL
node23D400680:1240:2631 [1] NCCL INFO Channel 18/1 : 13[1] -> 0[0] via P2P/MNNVL
node23D400680:1242:2633 [3] NCCL INFO Channel 16/1 : 15[3] -> 0[0] via P2P/MNNVL
node23D400680:1241:2634 [2] NCCL INFO Channel 15/1 : 14[2] -> 0[0] via P2P/MNNVL
node23D400680:1240:2631 [1] NCCL INFO Channel 19/1 : 13[1] -> 0[0] via P2P/MNNVL
node23D400680:1239:2632 [0] NCCL INFO Channel 17/1 : 12[0] -> 0[0] via P2P/MNNVL
node23D400680:1239:2632 [0] NCCL INFO Channel 18/1 : 12[0] -> 0[0] via P2P/MNNVL
node23D400680:1240:2631 [1] NCCL INFO Channel 20/1 : 13[1] -> 0[0] via P2P/MNNVL
node23D400680:1241:2634 [2] NCCL INFO Channel 16/1 : 14[2] -> 0[0] via P2P/MNNVL
node23D400680:1242:2633 [3] NCCL INFO Channel 17/1 : 15[3] -> 0[0] via P2P/MNNVL
node23D400680:1240:2631 [1] NCCL INFO Channel 21/1 : 13[1] -> 0[0] via P2P/MNNVL
node23D400680:1239:2632 [0] NCCL INFO Channel 19/1 : 12[0] -> 0[0] via P2P/MNNVL
node23D400680:1239:2632 [0] NCCL INFO Channel 20/1 : 12[0] -> 0[0] via P2P/MNNVL
node23D400680:1242:2633 [3] NCCL INFO Channel 18/1 : 15[3] -> 0[0] via P2P/MNNVL
node23D400680:1240:2631 [1] NCCL INFO Channel 22/1 : 13[1] -> 0[0] via P2P/MNNVL
