W1116 04:16:09.497000 1174 torch/distributed/run.py:766] 
W1116 04:16:09.497000 1174 torch/distributed/run.py:766] *****************************************
W1116 04:16:09.497000 1174 torch/distributed/run.py:766] Setting OMP_NUM_THREADS environment variable for each process to be 1 in default, to avoid your system being overloaded, please further tune the variable for optimal performance in your application as needed. 
W1116 04:16:09.497000 1174 torch/distributed/run.py:766] *****************************************
[Gloo] Rank [Gloo] Rank [Gloo] Rank 111 is connected to  is connected to  is connected to 111 peer ranks.  peer ranks.  peer ranks. Expected number of connected peer ranks is : Expected number of connected peer ranks is : Expected number of connected peer ranks is : 11

1
[Gloo] Rank 1 is connected to 1 peer ranks. Expected number of connected peer ranks is : 1
[Gloo] Rank [Gloo] Rank 00 is connected to  is connected to 00 peer ranks.  peer ranks. Expected number of connected peer ranks is : Expected number of connected peer ranks is : 00

[Gloo] Rank 0 is connected to 0 peer ranks. Expected number of connected peer ranks is : 0
[Gloo] Rank 0 is connected to 0 peer ranks. Expected number of connected peer ranks is : 0
[Gloo] Rank 1 is connected to 1 peer ranks. Expected number of connected peer ranks is : 1
[Gloo] Rank 1 is connected to 1 peer ranks. Expected number of connected peer ranks is : 1
[Gloo] Rank 1 is connected to 1 peer ranks. Expected number of connected peer ranks is : 1
[Gloo] Rank 1 is connected to 1 peer ranks. Expected number of connected peer ranks is : 1
[rank26]:[W1116 04:16:46.140771648 ProcessGroupNCCL.cpp:4789] [PG ID 0 PG GUID 0 Rank 26]  using GPU 2 as device used by this process is currently unknown. This can potentially cause a hang if this rank to GPU mapping is incorrect. You can specify device_id in init_process_group() to force use of a particular device.
[rank27]:[W1116 04:16:46.140771520 ProcessGroupNCCL.cpp:4789] [PG ID 0 PG GUID 0 Rank 27]  using GPU 3 as device used by this process is currently unknown. This can potentially cause a hang if this rank to GPU mapping is incorrect. You can specify device_id in init_process_group() to force use of a particular device.
[rank25]:[W1116 04:16:46.140771904 ProcessGroupNCCL.cpp:4789] [PG ID 0 PG GUID 0 Rank 25]  using GPU 1 as device used by this process is currently unknown. This can potentially cause a hang if this rank to GPU mapping is incorrect. You can specify device_id in init_process_group() to force use of a particular device.
[rank24]:[W1116 04:16:46.512146220 ProcessGroupNCCL.cpp:4789] [PG ID 0 PG GUID 0 Rank 24]  using GPU 0 as device used by this process is currently unknown. This can potentially cause a hang if this rank to GPU mapping is incorrect. You can specify device_id in init_process_group() to force use of a particular device.
node23D400688:1240:1240 [1] NCCL INFO cudaDriverVersion 12080
node23D400688:1240:1240 [1] NCCL INFO Bootstrap: Using enP5p9s0:10.192.23.155<0>
node23D400688:1240:1240 [1] NCCL INFO NCCL version 2.27.3+cuda12.9
node23D400688:1240:1240 [1] NCCL INFO Comm config Blocking set to 1
node23D400688:1239:1239 [0] NCCL INFO cudaDriverVersion 12080
node23D400688:1241:1241 [2] NCCL INFO cudaDriverVersion 12080
node23D400688:1242:1242 [3] NCCL INFO cudaDriverVersion 12080
node23D400688:1241:1241 [2] NCCL INFO Bootstrap: Using enP5p9s0:10.192.23.155<0>
node23D400688:1239:1239 [0] NCCL INFO Bootstrap: Using enP5p9s0:10.192.23.155<0>
node23D400688:1242:1242 [3] NCCL INFO Bootstrap: Using enP5p9s0:10.192.23.155<0>
node23D400688:1241:1241 [2] NCCL INFO NCCL version 2.27.3+cuda12.9
node23D400688:1239:1239 [0] NCCL INFO NCCL version 2.27.3+cuda12.9
node23D400688:1242:1242 [3] NCCL INFO NCCL version 2.27.3+cuda12.9
node23D400688:1239:1239 [0] NCCL INFO Comm config Blocking set to 1
node23D400688:1241:1241 [2] NCCL INFO Comm config Blocking set to 1
node23D400688:1242:1242 [3] NCCL INFO Comm config Blocking set to 1
node23D400688:1241:1709 [2] NCCL INFO NET/Plugin: Plugin name set by env to libnccl-net.so
node23D400688:1240:1707 [1] NCCL INFO NET/Plugin: Plugin name set by env to libnccl-net.so
node23D400688:1239:1708 [0] NCCL INFO NET/Plugin: Plugin name set by env to libnccl-net.so
node23D400688:1242:1710 [3] NCCL INFO NET/Plugin: Plugin name set by env to libnccl-net.so
node23D400688:1241:1709 [2] NCCL INFO NET/Plugin: Loaded net plugin NCCL RDMA Plugin v10 (v10)
node23D400688:1240:1707 [1] NCCL INFO NET/Plugin: Loaded net plugin NCCL RDMA Plugin v10 (v10)
node23D400688:1239:1708 [0] NCCL INFO NET/Plugin: Loaded net plugin NCCL RDMA Plugin v10 (v10)
node23D400688:1241:1709 [2] NCCL INFO NET/Plugin: Loaded collnet plugin NCCL RDMA Plugin v10 (v10)
node23D400688:1242:1710 [3] NCCL INFO NET/Plugin: Loaded net plugin NCCL RDMA Plugin v10 (v10)
node23D400688:1240:1707 [1] NCCL INFO NET/Plugin: Loaded collnet plugin NCCL RDMA Plugin v10 (v10)
node23D400688:1239:1708 [0] NCCL INFO NET/Plugin: Loaded collnet plugin NCCL RDMA Plugin v10 (v10)
node23D400688:1241:1709 [2] NCCL INFO Successfully loaded external plugin libnccl-net.so
node23D400688:1242:1710 [3] NCCL INFO NET/Plugin: Loaded collnet plugin NCCL RDMA Plugin v10 (v10)
node23D400688:1240:1707 [1] NCCL INFO Successfully loaded external plugin libnccl-net.so
node23D400688:1239:1708 [0] NCCL INFO Successfully loaded external plugin libnccl-net.so
node23D400688:1242:1710 [3] NCCL INFO Successfully loaded external plugin libnccl-net.so
node23D400688:1241:1709 [2] NCCL INFO Plugin Path : /opt/hpcx/nccl_rdma_sharp_plugin/lib/libnccl-net.so
node23D400688:1241:1709 [2] NCCL INFO P2P plugin v10 IBext_v10
node23D400688:1240:1707 [1] NCCL INFO Plugin Path : /opt/hpcx/nccl_rdma_sharp_plugin/lib/libnccl-net.so
node23D400688:1240:1707 [1] NCCL INFO P2P plugin v10 IBext_v10
node23D400688:1242:1710 [3] NCCL INFO Plugin Path : /opt/hpcx/nccl_rdma_sharp_plugin/lib/libnccl-net.so
node23D400688:1242:1710 [3] NCCL INFO P2P plugin v10 IBext_v10
node23D400688:1239:1708 [0] NCCL INFO Plugin Path : /opt/hpcx/nccl_rdma_sharp_plugin/lib/libnccl-net.so
node23D400688:1239:1708 [0] NCCL INFO P2P plugin v10 IBext_v10
node23D400688:1242:1710 [3] NCCL INFO NET/IB : No device found.
node23D400688:1242:1710 [3] NCCL INFO NET/IB : Using [RO]; OOB enP5p9s0:10.192.23.155<0>
node23D400688:1240:1707 [1] NCCL INFO NET/IB : No device found.
node23D400688:1240:1707 [1] NCCL INFO NET/IB : Using [RO]; OOB enP5p9s0:10.192.23.155<0>
node23D400688:1239:1708 [0] NCCL INFO NET/IB : No device found.
node23D400688:1239:1708 [0] NCCL INFO NET/IB : Using [RO]; OOB enP5p9s0:10.192.23.155<0>
node23D400688:1241:1709 [2] NCCL INFO NET/IB : No device found.
node23D400688:1241:1709 [2] NCCL INFO NET/IB : Using [RO]; OOB enP5p9s0:10.192.23.155<0>
node23D400688:1239:1708 [0] NCCL INFO NET/IB : No device found.
node23D400688:1239:1708 [0] NCCL INFO NET/IB : Using [RO]; OOB enP5p9s0:10.192.23.155<0>
node23D400688:1239:1708 [0] NCCL INFO NET/Socket : Using [0]enP5p9s0:10.192.23.155<0>
node23D400688:1239:1708 [0] NCCL INFO Initialized NET plugin Socket
node23D400688:1239:1708 [0] NCCL INFO Assigned NET plugin Socket to comm
node23D400688:1239:1708 [0] NCCL INFO Using network Socket
node23D400688:1240:1707 [1] NCCL INFO NET/IB : No device found.
node23D400688:1240:1707 [1] NCCL INFO NET/IB : Using [RO]; OOB enP5p9s0:10.192.23.155<0>
node23D400688:1240:1707 [1] NCCL INFO NET/Socket : Using [0]enP5p9s0:10.192.23.155<0>
node23D400688:1240:1707 [1] NCCL INFO Initialized NET plugin Socket
node23D400688:1240:1707 [1] NCCL INFO Assigned NET plugin Socket to comm
node23D400688:1240:1707 [1] NCCL INFO Using network Socket
node23D400688:1242:1710 [3] NCCL INFO NET/IB : No device found.
node23D400688:1241:1709 [2] NCCL INFO NET/IB : No device found.
node23D400688:1242:1710 [3] NCCL INFO NET/IB : Using [RO]; OOB enP5p9s0:10.192.23.155<0>
node23D400688:1241:1709 [2] NCCL INFO NET/IB : Using [RO]; OOB enP5p9s0:10.192.23.155<0>
node23D400688:1241:1709 [2] NCCL INFO NET/Socket : Using [0]enP5p9s0:10.192.23.155<0>
node23D400688:1242:1710 [3] NCCL INFO NET/Socket : Using [0]enP5p9s0:10.192.23.155<0>
node23D400688:1241:1709 [2] NCCL INFO Initialized NET plugin Socket
node23D400688:1242:1710 [3] NCCL INFO Initialized NET plugin Socket
node23D400688:1241:1709 [2] NCCL INFO Assigned NET plugin Socket to comm
node23D400688:1241:1709 [2] NCCL INFO Using network Socket
node23D400688:1242:1710 [3] NCCL INFO Assigned NET plugin Socket to comm
node23D400688:1242:1710 [3] NCCL INFO Using network Socket
node23D400688:1239:1708 [0] NCCL INFO ncclCommInitRankConfig comm 0x211cd520 rank 24 nranks 64 cudaDev 0 nvmlDev 0 busId 801000 commId 0x75c27e0d7f7ac035 - Init START
node23D400688:1241:1709 [2] NCCL INFO ncclCommInitRankConfig comm 0x4397bc30 rank 26 nranks 64 cudaDev 2 nvmlDev 2 busId 1801000 commId 0x75c27e0d7f7ac035 - Init START
node23D400688:1242:1710 [3] NCCL INFO ncclCommInitRankConfig comm 0x3bf5fee0 rank 27 nranks 64 cudaDev 3 nvmlDev 3 busId 1901000 commId 0x75c27e0d7f7ac035 - Init START
node23D400688:1240:1707 [1] NCCL INFO ncclCommInitRankConfig comm 0x43462be0 rank 25 nranks 64 cudaDev 1 nvmlDev 1 busId 901000 commId 0x75c27e0d7f7ac035 - Init START
node23D400688:1240:1707 [1] NCCL INFO RAS client listening socket at 127.0.0.1<28028>
node23D400688:1241:1709 [2] NCCL INFO RAS client listening socket at 127.0.0.1<28028>
node23D400688:1242:1710 [3] NCCL INFO RAS client listening socket at 127.0.0.1<28028>
node23D400688:1239:1708 [0] NCCL INFO RAS client listening socket at 127.0.0.1<28028>
node23D400688:1241:1709 [2] NCCL INFO Bootstrap timings total 0.015751 (create 0.000028, send 0.000106, recv 0.000839, ring 0.014056, delay 0.000000)
node23D400688:1240:1707 [1] NCCL INFO Bootstrap timings total 0.014959 (create 0.000030, send 0.000160, recv 0.000410, ring 0.014054, delay 0.000000)
node23D400688:1242:1710 [3] NCCL INFO Bootstrap timings total 0.015221 (create 0.000028, send 0.000121, recv 0.001632, ring 0.013132, delay 0.000000)
node23D400688:1239:1708 [0] NCCL INFO Bootstrap timings total 0.016145 (create 0.000037, send 0.000174, recv 0.001389, ring 0.003179, delay 0.000000)
node23D400688:1240:1707 [1] NCCL INFO MNNVL busId 0x901000 fabric UUID aa48724aeeaad6a8.b34b901796a1c18d cliqueId 0x7ffe state 3 healthMask 0xaa
node23D400688:1239:1708 [0] NCCL INFO MNNVL busId 0x801000 fabric UUID aa48724aeeaad6a8.b34b901796a1c18d cliqueId 0x7ffe state 3 healthMask 0xaa
node23D400688:1242:1710 [3] NCCL INFO MNNVL busId 0x1901000 fabric UUID aa48724aeeaad6a8.b34b901796a1c18d cliqueId 0x7ffe state 3 healthMask 0xaa
node23D400688:1241:1709 [2] NCCL INFO MNNVL busId 0x1801000 fabric UUID aa48724aeeaad6a8.b34b901796a1c18d cliqueId 0x7ffe state 3 healthMask 0xaa
node23D400688:1240:1707 [1] NCCL INFO MNNVL 1 cliqueId 7ffe cliqueSize 64 cliqueRank 25
node23D400688:1242:1710 [3] NCCL INFO MNNVL 1 cliqueId 7ffe cliqueSize 64 cliqueRank 27
node23D400688:1239:1708 [0] NCCL INFO MNNVL 1 cliqueId 7ffe cliqueSize 64 cliqueRank 24
node23D400688:1241:1709 [2] NCCL INFO MNNVL 1 cliqueId 7ffe cliqueSize 64 cliqueRank 26
node23D400688:1242:1710 [3] NCCL INFO Setting affinity for GPU 3 to 72-143
node23D400688:1242:1710 [3] NCCL INFO NCCL_NVLS_ENABLE set by environment to 0.
node23D400688:1241:1709 [2] NCCL INFO Setting affinity for GPU 2 to 72-143
node23D400688:1241:1709 [2] NCCL INFO NCCL_NVLS_ENABLE set by environment to 0.
node23D400688:1240:1707 [1] NCCL INFO Setting affinity for GPU 1 to 0-71
node23D400688:1240:1707 [1] NCCL INFO NCCL_NVLS_ENABLE set by environment to 0.
node23D400688:1239:1708 [0] NCCL INFO Setting affinity for GPU 0 to 0-71
node23D400688:1239:1708 [0] NCCL INFO NCCL_NVLS_ENABLE set by environment to 0.
node23D400688:1242:1710 [3] NCCL INFO comm 0x3bf5fee0 rank 27 nRanks 64 nNodes 1 localRanks 64 localRank 27 MNNVL 1
node23D400688:1240:1707 [1] NCCL INFO comm 0x43462be0 rank 25 nRanks 64 nNodes 1 localRanks 64 localRank 25 MNNVL 1
node23D400688:1241:1709 [2] NCCL INFO comm 0x4397bc30 rank 26 nRanks 64 nNodes 1 localRanks 64 localRank 26 MNNVL 1
node23D400688:1242:1710 [3] NCCL INFO Trees [0] 28/-1/-1->27->26 [1] 28/-1/-1->27->26 [2] 28/-1/-1->27->26 [3] 28/-1/-1->27->26 [4] 28/-1/-1->27->26 [5] 28/-1/-1->27->26 [6] 28/-1/-1->27->26 [7] 28/-1/-1->27->26 [8] 28/-1/-1->27->26 [9] 28/-1/-1->27->26 [10] 28/-1/-1->27->26 [11] 28/-1/-1->27->26 [12] 28/-1/-1->27->26 [13] 28/-1/-1->27->26 [14] 28/-1/-1->27->26 [15] 28/-1/-1->27->26 [16] 28/-1/-1->27->26 [17] 28/-1/-1->27->26 [18] 28/-1/-1->27->26 [19] 28/-1/-1->27->26 [20] 28/-1/-1->27->26 [21] 28/-1/-1->27->26 [22] 28/-1/-1->27->26 [23] 28/-1/-1->27->26 [24] 28/-1/-1->27->26 [25] 28/-1/-1->27->26 [26] 28/-1/-1->27->26 [27] 28/-1/-1->27->26 [28] 28/-1/-1->27->26 [29] 28/-1/-1->27->26 [30] 28/-1/-1->27->26 [31] 28/-1/-1->27->26
node23D400688:1242:1710 [3] NCCL INFO P2P Chunksize set to 524288
node23D400688:1240:1707 [1] NCCL INFO Trees [0] 26/-1/-1->25->24 [1] 26/-1/-1->25->24 [2] 26/-1/-1->25->24 [3] 26/-1/-1->25->24 [4] 26/-1/-1->25->24 [5] 26/-1/-1->25->24 [6] 26/-1/-1->25->24 [7] 26/-1/-1->25->24 [8] 26/-1/-1->25->24 [9] 26/-1/-1->25->24 [10] 26/-1/-1->25->24 [11] 26/-1/-1->25->24 [12] 26/-1/-1->25->24 [13] 26/-1/-1->25->24 [14] 26/-1/-1->25->24 [15] 26/-1/-1->25->24 [16] 26/-1/-1->25->24 [17] 26/-1/-1->25->24 [18] 26/-1/-1->25->24 [19] 26/-1/-1->25->24 [20] 26/-1/-1->25->24 [21] 26/-1/-1->25->24 [22] 26/-1/-1->25->24 [23] 26/-1/-1->25->24 [24] 26/-1/-1->25->24 [25] 26/-1/-1->25->24 [26] 26/-1/-1->25->24 [27] 26/-1/-1->25->24 [28] 26/-1/-1->25->24 [29] 26/-1/-1->25->24 [30] 26/-1/-1->25->24 [31] 26/-1/-1->25->24
node23D400688:1240:1707 [1] NCCL INFO P2P Chunksize set to 524288
node23D400688:1241:1709 [2] NCCL INFO Trees [0] 27/-1/-1->26->25 [1] 27/-1/-1->26->25 [2] 27/-1/-1->26->25 [3] 27/-1/-1->26->25 [4] 27/-1/-1->26->25 [5] 27/-1/-1->26->25 [6] 27/-1/-1->26->25 [7] 27/-1/-1->26->25 [8] 27/-1/-1->26->25 [9] 27/-1/-1->26->25 [10] 27/-1/-1->26->25 [11] 27/-1/-1->26->25 [12] 27/-1/-1->26->25 [13] 27/-1/-1->26->25 [14] 27/-1/-1->26->25 [15] 27/-1/-1->26->25 [16] 27/-1/-1->26->25 [17] 27/-1/-1->26->25 [18] 27/-1/-1->26->25 [19] 27/-1/-1->26->25 [20] 27/-1/-1->26->25 [21] 27/-1/-1->26->25 [22] 27/-1/-1->26->25 [23] 27/-1/-1->26->25 [24] 27/-1/-1->26->25 [25] 27/-1/-1->26->25 [26] 27/-1/-1->26->25 [27] 27/-1/-1->26->25 [28] 27/-1/-1->26->25 [29] 27/-1/-1->26->25 [30] 27/-1/-1->26->25 [31] 27/-1/-1->26->25
node23D400688:1241:1709 [2] NCCL INFO P2P Chunksize set to 524288
node23D400688:1239:1708 [0] NCCL INFO comm 0x211cd520 rank 24 nRanks 64 nNodes 1 localRanks 64 localRank 24 MNNVL 1
node23D400688:1239:1708 [0] NCCL INFO Trees [0] 25/-1/-1->24->23 [1] 25/-1/-1->24->23 [2] 25/-1/-1->24->23 [3] 25/-1/-1->24->23 [4] 25/-1/-1->24->23 [5] 25/-1/-1->24->23 [6] 25/-1/-1->24->23 [7] 25/-1/-1->24->23 [8] 25/-1/-1->24->23 [9] 25/-1/-1->24->23 [10] 25/-1/-1->24->23 [11] 25/-1/-1->24->23 [12] 25/-1/-1->24->23 [13] 25/-1/-1->24->23 [14] 25/-1/-1->24->23 [15] 25/-1/-1->24->23 [16] 25/-1/-1->24->23 [17] 25/-1/-1->24->23 [18] 25/-1/-1->24->23 [19] 25/-1/-1->24->23 [20] 25/-1/-1->24->23 [21] 25/-1/-1->24->23 [22] 25/-1/-1->24->23 [23] 25/-1/-1->24->23 [24] 25/-1/-1->24->23 [25] 25/-1/-1->24->23 [26] 25/-1/-1->24->23 [27] 25/-1/-1->24->23 [28] 25/-1/-1->24->23 [29] 25/-1/-1->24->23 [30] 25/-1/-1->24->23 [31] 25/-1/-1->24->23
node23D400688:1239:1708 [0] NCCL INFO P2P Chunksize set to 524288
node23D400688:1239:1708 [0] NCCL INFO PROFILER/Plugin: Could not find: libnccl-profiler.so. 
node23D400688:1240:1707 [1] NCCL INFO PROFILER/Plugin: Could not find: libnccl-profiler.so. 
node23D400688:1242:1710 [3] NCCL INFO PROFILER/Plugin: Could not find: libnccl-profiler.so. 
node23D400688:1239:1716 [0] NCCL INFO [Proxy Service] Device 0 CPU core 0
node23D400688:1239:1717 [0] NCCL INFO [Proxy Service UDS] Device 0 CPU core 1
node23D400688:1240:1715 [1] NCCL INFO [Proxy Service] Device 1 CPU core 21
node23D400688:1240:1718 [1] NCCL INFO [Proxy Service UDS] Device 1 CPU core 62
node23D400688:1242:1719 [3] NCCL INFO [Proxy Service] Device 3 CPU core 109
node23D400688:1242:1720 [3] NCCL INFO [Proxy Service UDS] Device 3 CPU core 110
node23D400688:1241:1709 [2] NCCL INFO PROFILER/Plugin: Could not find: libnccl-profiler.so. 
node23D400688:1241:1722 [2] NCCL INFO [Proxy Service UDS] Device 2 CPU core 136
node23D400688:1241:1721 [2] NCCL INFO [Proxy Service] Device 2 CPU core 135
node23D400688:1240:1707 [1] NCCL INFO threadThresholds 8/8/64 | 512/8/64 | 512 | 512
node23D400688:1240:1707 [1] NCCL INFO 32 coll channels, 32 collnet channels, 0 nvls channels, 32 p2p channels, 32 p2p channels per peer
node23D400688:1242:1710 [3] NCCL INFO threadThresholds 8/8/64 | 512/8/64 | 512 | 512
node23D400688:1242:1710 [3] NCCL INFO 32 coll channels, 32 collnet channels, 0 nvls channels, 32 p2p channels, 32 p2p channels per peer
node23D400688:1239:1708 [0] NCCL INFO threadThresholds 8/8/64 | 512/8/64 | 512 | 512
node23D400688:1239:1708 [0] NCCL INFO 32 coll channels, 32 collnet channels, 0 nvls channels, 32 p2p channels, 32 p2p channels per peer
node23D400688:1241:1709 [2] NCCL INFO threadThresholds 8/8/64 | 512/8/64 | 512 | 512
node23D400688:1241:1709 [2] NCCL INFO 32 coll channels, 32 collnet channels, 0 nvls channels, 32 p2p channels, 32 p2p channels per peer
node23D400688:1240:1707 [1] NCCL INFO TUNER/Plugin: Could not find: libnccl-tuner.so. Using internal tuner plugin.
node23D400688:1239:1708 [0] NCCL INFO TUNER/Plugin: Could not find: libnccl-tuner.so. Using internal tuner plugin.
node23D400688:1240:1707 [1] NCCL INFO TUNER/Plugin: Failed to find ncclTunerPlugin_v4 symbol.
node23D400688:1239:1708 [0] NCCL INFO TUNER/Plugin: Failed to find ncclTunerPlugin_v4 symbol.
node23D400688:1240:1707 [1] NCCL INFO TUNER/Plugin: Failed to find ncclTunerPlugin_v3 symbol.
node23D400688:1239:1708 [0] NCCL INFO TUNER/Plugin: Failed to find ncclTunerPlugin_v3 symbol.
node23D400688:1240:1707 [1] NCCL INFO TUNER/Plugin: Failed to find ncclTunerPlugin_v2 symbol, using internal tuner instead.
node23D400688:1239:1708 [0] NCCL INFO TUNER/Plugin: Failed to find ncclTunerPlugin_v2 symbol, using internal tuner instead.
node23D400688:1240:1707 [1] NCCL INFO ncclCommInitRankConfig comm 0x43462be0 rank 25 nranks 64 cudaDev 1 nvmlDev 1 busId 901000 commId 0x75c27e0d7f7ac035 - Init COMPLETE
node23D400688:1239:1708 [0] NCCL INFO ncclCommInitRankConfig comm 0x211cd520 rank 24 nranks 64 cudaDev 0 nvmlDev 0 busId 801000 commId 0x75c27e0d7f7ac035 - Init COMPLETE
node23D400688:1240:1707 [1] NCCL INFO Init timings - ncclCommInitRankConfig: rank 25 nranks 64 total 2.77 (kernels 0.13, alloc 0.26, bootstrap 0.01, allgathers 0.07, topo 2.08, graphs 0.04, connections 0.15, rest 0.01)
node23D400688:1239:1708 [0] NCCL INFO Init timings - ncclCommInitRankConfig: rank 24 nranks 64 total 2.77 (kernels 0.13, alloc 0.26, bootstrap 0.02, allgathers 0.05, topo 2.10, graphs 0.04, connections 0.16, rest 0.01)
node23D400688:1242:1710 [3] NCCL INFO TUNER/Plugin: Could not find: libnccl-tuner.so. Using internal tuner plugin.
node23D400688:1242:1710 [3] NCCL INFO TUNER/Plugin: Failed to find ncclTunerPlugin_v4 symbol.
node23D400688:1242:1710 [3] NCCL INFO TUNER/Plugin: Failed to find ncclTunerPlugin_v3 symbol.
node23D400688:1242:1710 [3] NCCL INFO TUNER/Plugin: Failed to find ncclTunerPlugin_v2 symbol, using internal tuner instead.
node23D400688:1242:1710 [3] NCCL INFO ncclCommInitRankConfig comm 0x3bf5fee0 rank 27 nranks 64 cudaDev 3 nvmlDev 3 busId 1901000 commId 0x75c27e0d7f7ac035 - Init COMPLETE
node23D400688:1242:1710 [3] NCCL INFO Init timings - ncclCommInitRankConfig: rank 27 nranks 64 total 2.77 (kernels 0.13, alloc 0.26, bootstrap 0.02, allgathers 0.10, topo 2.06, graphs 0.04, connections 0.16, rest 0.01)
node23D400688:1241:1709 [2] NCCL INFO TUNER/Plugin: Could not find: libnccl-tuner.so. Using internal tuner plugin.
node23D400688:1241:1709 [2] NCCL INFO TUNER/Plugin: Failed to find ncclTunerPlugin_v4 symbol.
node23D400688:1241:1709 [2] NCCL INFO TUNER/Plugin: Failed to find ncclTunerPlugin_v3 symbol.
node23D400688:1241:1709 [2] NCCL INFO TUNER/Plugin: Failed to find ncclTunerPlugin_v2 symbol, using internal tuner instead.
node23D400688:1241:1709 [2] NCCL INFO ncclCommInitRankConfig comm 0x4397bc30 rank 26 nranks 64 cudaDev 2 nvmlDev 2 busId 1801000 commId 0x75c27e0d7f7ac035 - Init COMPLETE
node23D400688:1241:1709 [2] NCCL INFO Init timings - ncclCommInitRankConfig: rank 26 nranks 64 total 2.77 (kernels 0.13, alloc 0.26, bootstrap 0.02, allgathers 0.07, topo 2.08, graphs 0.04, connections 0.15, rest 0.01)
node23D400688:1240:1723 [1] NCCL INFO Channel 00/0 : 25[1] -> 26[2] via P2P/MNNVL
node23D400688:1241:1724 [2] NCCL INFO Channel 00/0 : 26[2] -> 27[3] via P2P/MNNVL
node23D400688:1240:1723 [1] NCCL INFO Channel 01/0 : 25[1] -> 26[2] via P2P/MNNVL
node23D400688:1241:1724 [2] NCCL INFO Channel 01/0 : 26[2] -> 27[3] via P2P/MNNVL
node23D400688:1239:1726 [0] NCCL INFO Channel 00/0 : 24[0] -> 25[1] via P2P/MNNVL
node23D400688:1240:1723 [1] NCCL INFO Channel 02/0 : 25[1] -> 26[2] via P2P/MNNVL
node23D400688:1240:1723 [1] NCCL INFO Channel 03/0 : 25[1] -> 26[2] via P2P/MNNVL
node23D400688:1242:1725 [3] NCCL INFO Channel 00/0 : 27[3] -> 28[0] via P2P/MNNVL
node23D400688:1241:1724 [2] NCCL INFO Channel 02/0 : 26[2] -> 27[3] via P2P/MNNVL
node23D400688:1239:1726 [0] NCCL INFO Channel 01/0 : 24[0] -> 25[1] via P2P/MNNVL
node23D400688:1240:1723 [1] NCCL INFO Channel 04/0 : 25[1] -> 26[2] via P2P/MNNVL
node23D400688:1239:1726 [0] NCCL INFO Channel 02/0 : 24[0] -> 25[1] via P2P/MNNVL
node23D400688:1241:1724 [2] NCCL INFO Channel 03/0 : 26[2] -> 27[3] via P2P/MNNVL
node23D400688:1242:1725 [3] NCCL INFO Channel 01/0 : 27[3] -> 28[0] via P2P/MNNVL
node23D400688:1241:1724 [2] NCCL INFO Channel 04/0 : 26[2] -> 27[3] via P2P/MNNVL
node23D400688:1242:1725 [3] NCCL INFO Channel 02/0 : 27[3] -> 28[0] via P2P/MNNVL
node23D400688:1239:1726 [0] NCCL INFO Channel 03/0 : 24[0] -> 25[1] via P2P/MNNVL
node23D400688:1240:1723 [1] NCCL INFO Channel 05/0 : 25[1] -> 26[2] via P2P/MNNVL
node23D400688:1239:1726 [0] NCCL INFO Channel 04/0 : 24[0] -> 25[1] via P2P/MNNVL
node23D400688:1240:1723 [1] NCCL INFO Channel 06/0 : 25[1] -> 26[2] via P2P/MNNVL
node23D400688:1241:1724 [2] NCCL INFO Channel 05/0 : 26[2] -> 27[3] via P2P/MNNVL
node23D400688:1242:1725 [3] NCCL INFO Channel 03/0 : 27[3] -> 28[0] via P2P/MNNVL
node23D400688:1241:1724 [2] NCCL INFO Channel 06/0 : 26[2] -> 27[3] via P2P/MNNVL
node23D400688:1242:1725 [3] NCCL INFO Channel 04/0 : 27[3] -> 28[0] via P2P/MNNVL
node23D400688:1240:1723 [1] NCCL INFO Channel 07/0 : 25[1] -> 26[2] via P2P/MNNVL
node23D400688:1239:1726 [0] NCCL INFO Channel 05/0 : 24[0] -> 25[1] via P2P/MNNVL
node23D400688:1240:1723 [1] NCCL INFO Channel 08/0 : 25[1] -> 26[2] via P2P/MNNVL
node23D400688:1242:1725 [3] NCCL INFO Channel 05/0 : 27[3] -> 28[0] via P2P/MNNVL
node23D400688:1241:1724 [2] NCCL INFO Channel 07/0 : 26[2] -> 27[3] via P2P/MNNVL
node23D400688:1239:1726 [0] NCCL INFO Channel 06/0 : 24[0] -> 25[1] via P2P/MNNVL
node23D400688:1240:1723 [1] NCCL INFO Channel 09/0 : 25[1] -> 26[2] via P2P/MNNVL
node23D400688:1242:1725 [3] NCCL INFO Channel 06/0 : 27[3] -> 28[0] via P2P/MNNVL
node23D400688:1239:1726 [0] NCCL INFO Channel 07/0 : 24[0] -> 25[1] via P2P/MNNVL
node23D400688:1241:1724 [2] NCCL INFO Channel 08/0 : 26[2] -> 27[3] via P2P/MNNVL
node23D400688:1240:1723 [1] NCCL INFO Channel 10/0 : 25[1] -> 26[2] via P2P/MNNVL
node23D400688:1241:1724 [2] NCCL INFO Channel 09/0 : 26[2] -> 27[3] via P2P/MNNVL
node23D400688:1239:1726 [0] NCCL INFO Channel 08/0 : 24[0] -> 25[1] via P2P/MNNVL
node23D400688:1242:1725 [3] NCCL INFO Channel 07/0 : 27[3] -> 28[0] via P2P/MNNVL
node23D400688:1240:1723 [1] NCCL INFO Channel 11/0 : 25[1] -> 26[2] via P2P/MNNVL
node23D400688:1239:1726 [0] NCCL INFO Channel 09/0 : 24[0] -> 25[1] via P2P/MNNVL
node23D400688:1242:1725 [3] NCCL INFO Channel 08/0 : 27[3] -> 28[0] via P2P/MNNVL
node23D400688:1241:1724 [2] NCCL INFO Channel 10/0 : 26[2] -> 27[3] via P2P/MNNVL
node23D400688:1239:1726 [0] NCCL INFO Channel 10/0 : 24[0] -> 25[1] via P2P/MNNVL
node23D400688:1240:1723 [1] NCCL INFO Channel 12/0 : 25[1] -> 26[2] via P2P/MNNVL
node23D400688:1241:1724 [2] NCCL INFO Channel 11/0 : 26[2] -> 27[3] via P2P/MNNVL
node23D400688:1242:1725 [3] NCCL INFO Channel 09/0 : 27[3] -> 28[0] via P2P/MNNVL
node23D400688:1239:1726 [0] NCCL INFO Channel 11/0 : 24[0] -> 25[1] via P2P/MNNVL
node23D400688:1242:1725 [3] NCCL INFO Channel 10/0 : 27[3] -> 28[0] via P2P/MNNVL
node23D400688:1241:1724 [2] NCCL INFO Channel 12/0 : 26[2] -> 27[3] via P2P/MNNVL
node23D400688:1240:1723 [1] NCCL INFO Channel 13/0 : 25[1] -> 26[2] via P2P/MNNVL
node23D400688:1239:1726 [0] NCCL INFO Channel 12/0 : 24[0] -> 25[1] via P2P/MNNVL
node23D400688:1241:1724 [2] NCCL INFO Channel 13/0 : 26[2] -> 27[3] via P2P/MNNVL
node23D400688:1242:1725 [3] NCCL INFO Channel 11/0 : 27[3] -> 28[0] via P2P/MNNVL
node23D400688:1239:1726 [0] NCCL INFO Channel 13/0 : 24[0] -> 25[1] via P2P/MNNVL
node23D400688:1240:1723 [1] NCCL INFO Channel 14/0 : 25[1] -> 26[2] via P2P/MNNVL
node23D400688:1242:1725 [3] NCCL INFO Channel 12/0 : 27[3] -> 28[0] via P2P/MNNVL
node23D400688:1240:1723 [1] NCCL INFO Channel 15/0 : 25[1] -> 26[2] via P2P/MNNVL
node23D400688:1241:1724 [2] NCCL INFO Channel 14/0 : 26[2] -> 27[3] via P2P/MNNVL
node23D400688:1239:1726 [0] NCCL INFO Channel 14/0 : 24[0] -> 25[1] via P2P/MNNVL
node23D400688:1240:1723 [1] NCCL INFO Channel 16/0 : 25[1] -> 26[2] via P2P/MNNVL
node23D400688:1242:1725 [3] NCCL INFO Channel 13/0 : 27[3] -> 28[0] via P2P/MNNVL
node23D400688:1241:1724 [2] NCCL INFO Channel 15/0 : 26[2] -> 27[3] via P2P/MNNVL
node23D400688:1239:1726 [0] NCCL INFO Channel 15/0 : 24[0] -> 25[1] via P2P/MNNVL
node23D400688:1241:1724 [2] NCCL INFO Channel 16/0 : 26[2] -> 27[3] via P2P/MNNVL
node23D400688:1242:1725 [3] NCCL INFO Channel 14/0 : 27[3] -> 28[0] via P2P/MNNVL
node23D400688:1240:1723 [1] NCCL INFO Channel 17/0 : 25[1] -> 26[2] via P2P/MNNVL
node23D400688:1241:1724 [2] NCCL INFO Channel 17/0 : 26[2] -> 27[3] via P2P/MNNVL
node23D400688:1239:1726 [0] NCCL INFO Channel 16/0 : 24[0] -> 25[1] via P2P/MNNVL
node23D400688:1242:1725 [3] NCCL INFO Channel 15/0 : 27[3] -> 28[0] via P2P/MNNVL
node23D400688:1240:1723 [1] NCCL INFO Channel 18/0 : 25[1] -> 26[2] via P2P/MNNVL
node23D400688:1241:1724 [2] NCCL INFO Channel 18/0 : 26[2] -> 27[3] via P2P/MNNVL
node23D400688:1239:1726 [0] NCCL INFO Channel 17/0 : 24[0] -> 25[1] via P2P/MNNVL
node23D400688:1242:1725 [3] NCCL INFO Channel 16/0 : 27[3] -> 28[0] via P2P/MNNVL
node23D400688:1241:1724 [2] NCCL INFO Channel 19/0 : 26[2] -> 27[3] via P2P/MNNVL
node23D400688:1240:1723 [1] NCCL INFO Channel 19/0 : 25[1] -> 26[2] via P2P/MNNVL
node23D400688:1239:1726 [0] NCCL INFO Channel 18/0 : 24[0] -> 25[1] via P2P/MNNVL
node23D400688:1242:1725 [3] NCCL INFO Channel 17/0 : 27[3] -> 28[0] via P2P/MNNVL
node23D400688:1241:1724 [2] NCCL INFO Channel 20/0 : 26[2] -> 27[3] via P2P/MNNVL
node23D400688:1239:1726 [0] NCCL INFO Channel 19/0 : 24[0] -> 25[1] via P2P/MNNVL
node23D400688:1240:1723 [1] NCCL INFO Channel 20/0 : 25[1] -> 26[2] via P2P/MNNVL
node23D400688:1239:1726 [0] NCCL INFO Channel 20/0 : 24[0] -> 25[1] via P2P/MNNVL
node23D400688:1240:1723 [1] NCCL INFO Channel 21/0 : 25[1] -> 26[2] via P2P/MNNVL
node23D400688:1242:1725 [3] NCCL INFO Channel 18/0 : 27[3] -> 28[0] via P2P/MNNVL
node23D400688:1241:1724 [2] NCCL INFO Channel 21/0 : 26[2] -> 27[3] via P2P/MNNVL
node23D400688:1239:1726 [0] NCCL INFO Channel 21/0 : 24[0] -> 25[1] via P2P/MNNVL
node23D400688:1242:1725 [3] NCCL INFO Channel 19/0 : 27[3] -> 28[0] via P2P/MNNVL
node23D400688:1240:1723 [1] NCCL INFO Channel 22/0 : 25[1] -> 26[2] via P2P/MNNVL
node23D400688:1241:1724 [2] NCCL INFO Channel 22/0 : 26[2] -> 27[3] via P2P/MNNVL
node23D400688:1239:1726 [0] NCCL INFO Channel 22/0 : 24[0] -> 25[1] via P2P/MNNVL
node23D400688:1242:1725 [3] NCCL INFO Channel 20/0 : 27[3] -> 28[0] via P2P/MNNVL
node23D400688:1240:1723 [1] NCCL INFO Channel 23/0 : 25[1] -> 26[2] via P2P/MNNVL
node23D400688:1241:1724 [2] NCCL INFO Channel 23/0 : 26[2] -> 27[3] via P2P/MNNVL
node23D400688:1240:1723 [1] NCCL INFO Channel 24/0 : 25[1] -> 26[2] via P2P/MNNVL
node23D400688:1239:1726 [0] NCCL INFO Channel 23/0 : 24[0] -> 25[1] via P2P/MNNVL
node23D400688:1241:1724 [2] NCCL INFO Channel 24/0 : 26[2] -> 27[3] via P2P/MNNVL
node23D400688:1239:1726 [0] NCCL INFO Channel 24/0 : 24[0] -> 25[1] via P2P/MNNVL
node23D400688:1240:1723 [1] NCCL INFO Channel 25/0 : 25[1] -> 26[2] via P2P/MNNVL
node23D400688:1242:1725 [3] NCCL INFO Channel 21/0 : 27[3] -> 28[0] via P2P/MNNVL
node23D400688:1239:1726 [0] NCCL INFO Channel 25/0 : 24[0] -> 25[1] via P2P/MNNVL
node23D400688:1240:1723 [1] NCCL INFO Channel 26/0 : 25[1] -> 26[2] via P2P/MNNVL
node23D400688:1241:1724 [2] NCCL INFO Channel 25/0 : 26[2] -> 27[3] via P2P/MNNVL
node23D400688:1242:1725 [3] NCCL INFO Channel 22/0 : 27[3] -> 28[0] via P2P/MNNVL
node23D400688:1239:1726 [0] NCCL INFO Channel 26/0 : 24[0] -> 25[1] via P2P/MNNVL
node23D400688:1240:1723 [1] NCCL INFO Channel 27/0 : 25[1] -> 26[2] via P2P/MNNVL
node23D400688:1241:1724 [2] NCCL INFO Channel 26/0 : 26[2] -> 27[3] via P2P/MNNVL
node23D400688:1242:1725 [3] NCCL INFO Channel 23/0 : 27[3] -> 28[0] via P2P/MNNVL
node23D400688:1239:1726 [0] NCCL INFO Channel 27/0 : 24[0] -> 25[1] via P2P/MNNVL
node23D400688:1240:1723 [1] NCCL INFO Channel 28/0 : 25[1] -> 26[2] via P2P/MNNVL
node23D400688:1239:1726 [0] NCCL INFO Channel 28/0 : 24[0] -> 25[1] via P2P/MNNVL
node23D400688:1242:1725 [3] NCCL INFO Channel 24/0 : 27[3] -> 28[0] via P2P/MNNVL
node23D400688:1241:1724 [2] NCCL INFO Channel 27/0 : 26[2] -> 27[3] via P2P/MNNVL
node23D400688:1240:1723 [1] NCCL INFO Channel 29/0 : 25[1] -> 26[2] via P2P/MNNVL
node23D400688:1241:1724 [2] NCCL INFO Channel 28/0 : 26[2] -> 27[3] via P2P/MNNVL
node23D400688:1239:1726 [0] NCCL INFO Channel 29/0 : 24[0] -> 25[1] via P2P/MNNVL
node23D400688:1242:1725 [3] NCCL INFO Channel 25/0 : 27[3] -> 28[0] via P2P/MNNVL
node23D400688:1240:1723 [1] NCCL INFO Channel 30/0 : 25[1] -> 26[2] via P2P/MNNVL
node23D400688:1239:1726 [0] NCCL INFO Channel 30/0 : 24[0] -> 25[1] via P2P/MNNVL
node23D400688:1240:1723 [1] NCCL INFO Channel 31/0 : 25[1] -> 26[2] via P2P/MNNVL
node23D400688:1241:1724 [2] NCCL INFO Channel 29/0 : 26[2] -> 27[3] via P2P/MNNVL
node23D400688:1242:1725 [3] NCCL INFO Channel 26/0 : 27[3] -> 28[0] via P2P/MNNVL
node23D400688:1239:1726 [0] NCCL INFO Channel 31/0 : 24[0] -> 25[1] via P2P/MNNVL
node23D400688:1241:1724 [2] NCCL INFO Channel 30/0 : 26[2] -> 27[3] via P2P/MNNVL
node23D400688:1242:1725 [3] NCCL INFO Channel 27/0 : 27[3] -> 28[0] via P2P/MNNVL
node23D400688:1241:1724 [2] NCCL INFO Channel 31/0 : 26[2] -> 27[3] via P2P/MNNVL
node23D400688:1242:1725 [3] NCCL INFO Channel 28/0 : 27[3] -> 28[0] via P2P/MNNVL
node23D400688:1242:1725 [3] NCCL INFO Channel 29/0 : 27[3] -> 28[0] via P2P/MNNVL
node23D400688:1242:1725 [3] NCCL INFO Channel 30/0 : 27[3] -> 28[0] via P2P/MNNVL
node23D400688:1242:1725 [3] NCCL INFO Channel 31/0 : 27[3] -> 28[0] via P2P/MNNVL
node23D400688:1242:1725 [3] NCCL INFO Connected all rings, use ring PXN 0 GDR 1
node23D400688:1241:1724 [2] NCCL INFO Connected all rings, use ring PXN 0 GDR 1
node23D400688:1240:1723 [1] NCCL INFO Connected all rings, use ring PXN 0 GDR 1
node23D400688:1239:1726 [0] NCCL INFO Connected all rings, use ring PXN 0 GDR 1
node23D400688:1240:1240 [1] NCCL INFO Comm config Blocking set to 1
node23D400688:1239:1239 [0] NCCL INFO Comm config Blocking set to 1
node23D400688:1242:1242 [3] NCCL INFO Comm config Blocking set to 1
node23D400688:1240:2080 [1] NCCL INFO Assigned NET plugin Socket to comm
node23D400688:1240:2080 [1] NCCL INFO Using network Socket
node23D400688:1239:2079 [0] NCCL INFO Assigned NET plugin Socket to comm
node23D400688:1239:2079 [0] NCCL INFO Using network Socket
node23D400688:1241:1241 [2] NCCL INFO Comm config Blocking set to 1
node23D400688:1240:2080 [1] NCCL INFO ncclCommInitRankConfig comm 0x4d8f73f0 rank 1 nranks 4 cudaDev 1 nvmlDev 1 busId 901000 commId 0x91d319b7fb5aa941 - Init START
node23D400688:1242:2081 [3] NCCL INFO Assigned NET plugin Socket to comm
node23D400688:1242:2081 [3] NCCL INFO Using network Socket
node23D400688:1239:2079 [0] NCCL INFO ncclCommInitRankConfig comm 0x2b4786e0 rank 1 nranks 4 cudaDev 0 nvmlDev 0 busId 801000 commId 0x930dfe39e089f928 - Init START
node23D400688:1241:2082 [2] NCCL INFO Assigned NET plugin Socket to comm
node23D400688:1241:2082 [2] NCCL INFO Using network Socket
node23D400688:1242:2081 [3] NCCL INFO ncclCommInitRankConfig comm 0x468f3f10 rank 1 nranks 4 cudaDev 3 nvmlDev 3 busId 1901000 commId 0x7df2e0960bcfb522 - Init START
node23D400688:1241:2082 [2] NCCL INFO ncclCommInitRankConfig comm 0x4dd25f60 rank 1 nranks 4 cudaDev 2 nvmlDev 2 busId 1801000 commId 0x5ac046c8d9f25271 - Init START
node23D400688:1242:2081 [3] NCCL INFO Bootstrap timings total 0.001306 (create 0.000032, send 0.000201, recv 0.000502, ring 0.000366, delay 0.000000)
node23D400688:1241:2082 [2] NCCL INFO Bootstrap timings total 0.001471 (create 0.000029, send 0.000147, recv 0.000426, ring 0.000673, delay 0.000000)
node23D400688:1239:2079 [0] NCCL INFO Bootstrap timings total 0.002009 (create 0.000032, send 0.000123, recv 0.000323, ring 0.001173, delay 0.000000)
node23D400688:1242:2081 [3] NCCL INFO MNNVL busId 0x1901000 fabric UUID aa48724aeeaad6a8.b34b901796a1c18d cliqueId 0x7ffe state 3 healthMask 0xaa
node23D400688:1241:2082 [2] NCCL INFO MNNVL busId 0x1801000 fabric UUID aa48724aeeaad6a8.b34b901796a1c18d cliqueId 0x7ffe state 3 healthMask 0xaa
node23D400688:1239:2079 [0] NCCL INFO MNNVL busId 0x801000 fabric UUID aa48724aeeaad6a8.b34b901796a1c18d cliqueId 0x7ffe state 3 healthMask 0xaa
node23D400688:1242:2081 [3] NCCL INFO MNNVL 1 cliqueId 7ffe cliqueSize 4 cliqueRank 1
node23D400688:1239:2079 [0] NCCL INFO MNNVL 1 cliqueId 7ffe cliqueSize 4 cliqueRank 1
node23D400688:1241:2082 [2] NCCL INFO MNNVL 1 cliqueId 7ffe cliqueSize 4 cliqueRank 1
node23D400688:1240:2080 [1] NCCL INFO Bootstrap timings total 0.041365 (create 0.000041, send 0.000126, recv 0.011468, ring 0.000254, delay 0.000000)
node23D400688:1240:2080 [1] NCCL INFO MNNVL busId 0x901000 fabric UUID aa48724aeeaad6a8.b34b901796a1c18d cliqueId 0x7ffe state 3 healthMask 0xaa
node23D400688:1240:2080 [1] NCCL INFO MNNVL 1 cliqueId 7ffe cliqueSize 4 cliqueRank 1
node23D400688:1239:2079 [0] NCCL INFO Setting affinity for GPU 0 to 0-71
node23D400688:1239:2079 [0] NCCL INFO comm 0x2b4786e0 rank 1 nRanks 4 nNodes 1 localRanks 4 localRank 1 MNNVL 1
node23D400688:1239:2079 [0] NCCL INFO Trees [0] 2/-1/-1->1->0 [1] 2/-1/-1->1->0 [2] 2/-1/-1->1->0 [3] 2/-1/-1->1->0 [4] 2/-1/-1->1->0 [5] 2/-1/-1->1->0 [6] 2/-1/-1->1->0 [7] 2/-1/-1->1->0 [8] 2/-1/-1->1->0 [9] 2/-1/-1->1->0 [10] 2/-1/-1->1->-1 [11] 2/-1/-1->1->-1 [12] -1/-1/-1->1->0 [13] -1/-1/-1->1->0 [14] 2/-1/-1->1->0 [15] 2/-1/-1->1->0 [16] 2/-1/-1->1->0 [17] 2/-1/-1->1->0 [18] 2/-1/-1->1->0 [19] 2/-1/-1->1->0 [20] 2/-1/-1->1->0 [21] 2/-1/-1->1->0 [22] 2/-1/-1->1->0 [23] 2/-1/-1->1->0 [24] 2/-1/-1->1->0 [25] 2/-1/-1->1->0 [26] 2/-1/-1->1->-1 [27] 2/-1/-1->1->-1 [28] -1/-1/-1->1->0 [29] -1/-1/-1->1->0 [30] 2/-1/-1->1->0 [31] 2/-1/-1->1->0
node23D400688:1239:2079 [0] NCCL INFO P2P Chunksize set to 524288
node23D400688:1239:2083 [0] NCCL INFO [Proxy Service] Device 0 CPU core 1
node23D400688:1239:2084 [0] NCCL INFO [Proxy Service UDS] Device 0 CPU core 64
node23D400688:1239:2079 [0] NCCL INFO threadThresholds 8/8/64 | 32/8/64 | 512 | 512
node23D400688:1239:2079 [0] NCCL INFO 32 coll channels, 32 collnet channels, 0 nvls channels, 32 p2p channels, 32 p2p channels per peer
node23D400688:1239:2079 [0] NCCL INFO ncclCommInitRankConfig comm 0x2b4786e0 rank 1 nranks 4 cudaDev 0 nvmlDev 0 busId 801000 commId 0x930dfe39e089f928 - Init COMPLETE
node23D400688:1239:2079 [0] NCCL INFO Init timings - ncclCommInitRankConfig: rank 1 nranks 4 total 0.60 (kernels 0.00, alloc 0.00, bootstrap 0.00, allgathers 0.02, topo 0.53, graphs 0.00, connections 0.04, rest 0.01)
node23D400688:1242:2081 [3] NCCL INFO Setting affinity for GPU 3 to 72-143
node23D400688:1242:2081 [3] NCCL INFO comm 0x468f3f10 rank 1 nRanks 4 nNodes 1 localRanks 4 localRank 1 MNNVL 1
node23D400688:1242:2081 [3] NCCL INFO Trees [0] 2/-1/-1->1->0 [1] 2/-1/-1->1->0 [2] 2/-1/-1->1->0 [3] 2/-1/-1->1->0 [4] 2/-1/-1->1->0 [5] 2/-1/-1->1->0 [6] 2/-1/-1->1->0 [7] 2/-1/-1->1->0 [8] 2/-1/-1->1->0 [9] 2/-1/-1->1->0 [10] 2/-1/-1->1->-1 [11] 2/-1/-1->1->-1 [12] -1/-1/-1->1->0 [13] -1/-1/-1->1->0 [14] 2/-1/-1->1->0 [15] 2/-1/-1->1->0 [16] 2/-1/-1->1->0 [17] 2/-1/-1->1->0 [18] 2/-1/-1->1->0 [19] 2/-1/-1->1->0 [20] 2/-1/-1->1->0 [21] 2/-1/-1->1->0 [22] 2/-1/-1->1->0 [23] 2/-1/-1->1->0 [24] 2/-1/-1->1->0 [25] 2/-1/-1->1->0 [26] 2/-1/-1->1->-1 [27] 2/-1/-1->1->-1 [28] -1/-1/-1->1->0 [29] -1/-1/-1->1->0 [30] 2/-1/-1->1->0 [31] 2/-1/-1->1->0
node23D400688:1242:2081 [3] NCCL INFO P2P Chunksize set to 524288
node23D400688:1242:2087 [3] NCCL INFO [Proxy Service UDS] Device 3 CPU core 110
node23D400688:1242:2086 [3] NCCL INFO [Proxy Service] Device 3 CPU core 109
node23D400688:1241:2082 [2] NCCL INFO Setting affinity for GPU 2 to 72-143
node23D400688:1241:2082 [2] NCCL INFO comm 0x4dd25f60 rank 1 nRanks 4 nNodes 1 localRanks 4 localRank 1 MNNVL 1
node23D400688:1241:2082 [2] NCCL INFO Trees [0] 2/-1/-1->1->0 [1] 2/-1/-1->1->0 [2] 2/-1/-1->1->0 [3] 2/-1/-1->1->0 [4] 2/-1/-1->1->0 [5] 2/-1/-1->1->0 [6] 2/-1/-1->1->0 [7] 2/-1/-1->1->0 [8] 2/-1/-1->1->0 [9] 2/-1/-1->1->0 [10] 2/-1/-1->1->-1 [11] 2/-1/-1->1->-1 [12] -1/-1/-1->1->0 [13] -1/-1/-1->1->0 [14] 2/-1/-1->1->0 [15] 2/-1/-1->1->0 [16] 2/-1/-1->1->0 [17] 2/-1/-1->1->0 [18] 2/-1/-1->1->0 [19] 2/-1/-1->1->0 [20] 2/-1/-1->1->0 [21] 2/-1/-1->1->0 [22] 2/-1/-1->1->0 [23] 2/-1/-1->1->0 [24] 2/-1/-1->1->0 [25] 2/-1/-1->1->0 [26] 2/-1/-1->1->-1 [27] 2/-1/-1->1->-1 [28] -1/-1/-1->1->0 [29] -1/-1/-1->1->0 [30] 2/-1/-1->1->0 [31] 2/-1/-1->1->0
node23D400688:1241:2082 [2] NCCL INFO P2P Chunksize set to 524288
node23D400688:1241:2088 [2] NCCL INFO [Proxy Service] Device 2 CPU core 135
node23D400688:1241:2089 [2] NCCL INFO [Proxy Service UDS] Device 2 CPU core 137
node23D400688:1240:2080 [1] NCCL INFO Setting affinity for GPU 1 to 0-71
node23D400688:1240:2080 [1] NCCL INFO comm 0x4d8f73f0 rank 1 nRanks 4 nNodes 1 localRanks 4 localRank 1 MNNVL 1
node23D400688:1240:2080 [1] NCCL INFO Trees [0] 2/-1/-1->1->0 [1] 2/-1/-1->1->0 [2] 2/-1/-1->1->0 [3] 2/-1/-1->1->0 [4] 2/-1/-1->1->0 [5] 2/-1/-1->1->0 [6] 2/-1/-1->1->0 [7] 2/-1/-1->1->0 [8] 2/-1/-1->1->0 [9] 2/-1/-1->1->0 [10] 2/-1/-1->1->-1 [11] 2/-1/-1->1->-1 [12] -1/-1/-1->1->0 [13] -1/-1/-1->1->0 [14] 2/-1/-1->1->0 [15] 2/-1/-1->1->0 [16] 2/-1/-1->1->0 [17] 2/-1/-1->1->0 [18] 2/-1/-1->1->0 [19] 2/-1/-1->1->0 [20] 2/-1/-1->1->0 [21] 2/-1/-1->1->0 [22] 2/-1/-1->1->0 [23] 2/-1/-1->1->0 [24] 2/-1/-1->1->0 [25] 2/-1/-1->1->0 [26] 2/-1/-1->1->-1 [27] 2/-1/-1->1->-1 [28] -1/-1/-1->1->0 [29] -1/-1/-1->1->0 [30] 2/-1/-1->1->0 [31] 2/-1/-1->1->0
node23D400688:1240:2080 [1] NCCL INFO P2P Chunksize set to 524288
node23D400688:1240:2090 [1] NCCL INFO [Proxy Service] Device 1 CPU core 62
node23D400688:1240:2091 [1] NCCL INFO [Proxy Service UDS] Device 1 CPU core 63
node23D400688:1242:2081 [3] NCCL INFO threadThresholds 8/8/64 | 32/8/64 | 512 | 512
node23D400688:1242:2081 [3] NCCL INFO 32 coll channels, 32 collnet channels, 0 nvls channels, 32 p2p channels, 32 p2p channels per peer
node23D400688:1242:2081 [3] NCCL INFO ncclCommInitRankConfig comm 0x468f3f10 rank 1 nranks 4 cudaDev 3 nvmlDev 3 busId 1901000 commId 0x7df2e0960bcfb522 - Init COMPLETE
node23D400688:1242:2081 [3] NCCL INFO Init timings - ncclCommInitRankConfig: rank 1 nranks 4 total 0.86 (kernels 0.00, alloc 0.00, bootstrap 0.00, allgathers 0.03, topo 0.67, graphs 0.01, connections 0.15, rest 0.00)
node23D400688:1239:1239 [0] NCCL INFO Comm config Blocking set to 1
node23D400688:1239:2094 [0] NCCL INFO Assigned NET plugin Socket to comm
node23D400688:1239:2094 [0] NCCL INFO Using network Socket
node23D400688:1239:2094 [0] NCCL INFO ncclCommInitRankConfig comm 0x3453d460 rank 0 nranks 8 cudaDev 0 nvmlDev 0 busId 801000 commId 0x657a3a08ed872126 - Init START
node23D400688:1241:2082 [2] NCCL INFO threadThresholds 8/8/64 | 32/8/64 | 512 | 512
node23D400688:1241:2082 [2] NCCL INFO 32 coll channels, 32 collnet channels, 0 nvls channels, 32 p2p channels, 32 p2p channels per peer
node23D400688:1240:2080 [1] NCCL INFO threadThresholds 8/8/64 | 32/8/64 | 512 | 512
node23D400688:1240:2080 [1] NCCL INFO 32 coll channels, 32 collnet channels, 0 nvls channels, 32 p2p channels, 32 p2p channels per peer
node23D400688:1241:2082 [2] NCCL INFO ncclCommInitRankConfig comm 0x4dd25f60 rank 1 nranks 4 cudaDev 2 nvmlDev 2 busId 1801000 commId 0x5ac046c8d9f25271 - Init COMPLETE
node23D400688:1241:2082 [2] NCCL INFO Init timings - ncclCommInitRankConfig: rank 1 nranks 4 total 0.99 (kernels 0.00, alloc 0.00, bootstrap 0.00, allgathers 0.01, topo 0.71, graphs 0.01, connections 0.20, rest 0.07)
node23D400688:1240:2080 [1] NCCL INFO ncclCommInitRankConfig comm 0x4d8f73f0 rank 1 nranks 4 cudaDev 1 nvmlDev 1 busId 901000 commId 0x91d319b7fb5aa941 - Init COMPLETE
node23D400688:1240:2080 [1] NCCL INFO Init timings - ncclCommInitRankConfig: rank 1 nranks 4 total 1.13 (kernels 0.00, alloc 0.00, bootstrap 0.04, allgathers 0.10, topo 0.46, graphs 0.00, connections 0.18, rest 0.34)
node23D400688:1242:1242 [3] NCCL INFO Comm config Blocking set to 1
node23D400688:1242:2097 [3] NCCL INFO Assigned NET plugin Socket to comm
node23D400688:1242:2097 [3] NCCL INFO Using network Socket
node23D400688:1242:2097 [3] NCCL INFO ncclCommInitRankConfig comm 0x4f9b7bd0 rank 3 nranks 8 cudaDev 3 nvmlDev 3 busId 1901000 commId 0x657a3a08ed872126 - Init START
node23D400688:1241:1241 [2] NCCL INFO Comm config Blocking set to 1
node23D400688:1241:2098 [2] NCCL INFO Assigned NET plugin Socket to comm
node23D400688:1241:2098 [2] NCCL INFO Using network Socket
node23D400688:1241:2098 [2] NCCL INFO ncclCommInitRankConfig comm 0x56dea150 rank 2 nranks 8 cudaDev 2 nvmlDev 2 busId 1801000 commId 0x657a3a08ed872126 - Init START
node23D400688:1240:1240 [1] NCCL INFO Comm config Blocking set to 1
node23D400688:1240:2099 [1] NCCL INFO Assigned NET plugin Socket to comm
node23D400688:1240:2099 [1] NCCL INFO Using network Socket
node23D400688:1240:2099 [1] NCCL INFO ncclCommInitRankConfig comm 0x569bc820 rank 1 nranks 8 cudaDev 1 nvmlDev 1 busId 901000 commId 0x657a3a08ed872126 - Init START
node23D400688:1240:2099 [1] NCCL INFO Bootstrap timings total 0.000892 (create 0.000033, send 0.000116, recv 0.000133, ring 0.000491, delay 0.000000)
node23D400688:1242:2097 [3] NCCL INFO Bootstrap timings total 0.372996 (create 0.000037, send 0.000118, recv 0.201731, ring 0.152186, delay 0.000000)
node23D400688:1241:2098 [2] NCCL INFO Bootstrap timings total 0.152552 (create 0.000031, send 0.000095, recv 0.000073, ring 0.000241, delay 0.000000)
node23D400688:1239:2094 [0] NCCL INFO Bootstrap timings total 0.859136 (create 0.000033, send 0.000111, recv 0.858286, ring 0.000555, delay 0.000000)
node23D400688:1240:2099 [1] NCCL INFO MNNVL busId 0x901000 fabric UUID aa48724aeeaad6a8.b34b901796a1c18d cliqueId 0x7ffe state 3 healthMask 0xaa
node23D400688:1239:2094 [0] NCCL INFO MNNVL busId 0x801000 fabric UUID aa48724aeeaad6a8.b34b901796a1c18d cliqueId 0x7ffe state 3 healthMask 0xaa
node23D400688:1242:2097 [3] NCCL INFO MNNVL busId 0x1901000 fabric UUID aa48724aeeaad6a8.b34b901796a1c18d cliqueId 0x7ffe state 3 healthMask 0xaa
node23D400688:1241:2098 [2] NCCL INFO MNNVL busId 0x1801000 fabric UUID aa48724aeeaad6a8.b34b901796a1c18d cliqueId 0x7ffe state 3 healthMask 0xaa
node23D400688:1242:2097 [3] NCCL INFO MNNVL 1 cliqueId 7ffe cliqueSize 8 cliqueRank 3
node23D400688:1240:2099 [1] NCCL INFO MNNVL 1 cliqueId 7ffe cliqueSize 8 cliqueRank 1
node23D400688:1241:2098 [2] NCCL INFO MNNVL 1 cliqueId 7ffe cliqueSize 8 cliqueRank 2
node23D400688:1239:2094 [0] NCCL INFO MNNVL 1 cliqueId 7ffe cliqueSize 8 cliqueRank 0
node23D400688:1240:2099 [1] NCCL INFO Setting affinity for GPU 1 to 0-71
node23D400688:1241:2098 [2] NCCL INFO Setting affinity for GPU 2 to 72-143
node23D400688:1239:2094 [0] NCCL INFO Setting affinity for GPU 0 to 0-71
node23D400688:1242:2097 [3] NCCL INFO Setting affinity for GPU 3 to 72-143
node23D400688:1239:2094 [0] NCCL INFO comm 0x3453d460 rank 0 nRanks 8 nNodes 1 localRanks 8 localRank 0 MNNVL 1
node23D400688:1240:2099 [1] NCCL INFO comm 0x569bc820 rank 1 nRanks 8 nNodes 1 localRanks 8 localRank 1 MNNVL 1
node23D400688:1242:2097 [3] NCCL INFO comm 0x4f9b7bd0 rank 3 nRanks 8 nNodes 1 localRanks 8 localRank 3 MNNVL 1
node23D400688:1239:2094 [0] NCCL INFO Channel 00/32 : 0 1 2 3 4 5 6 7
node23D400688:1241:2098 [2] NCCL INFO comm 0x56dea150 rank 2 nRanks 8 nNodes 1 localRanks 8 localRank 2 MNNVL 1
node23D400688:1240:2099 [1] NCCL INFO Trees [0] 2/-1/-1->1->0 [1] 2/-1/-1->1->0 [2] 2/-1/-1->1->0 [3] 2/-1/-1->1->0 [4] 2/-1/-1->1->0 [5] 2/-1/-1->1->0 [6] 2/-1/-1->1->0 [7] 2/-1/-1->1->0 [8] 2/-1/-1->1->0 [9] 2/-1/-1->1->0 [10] 2/-1/-1->1->0 [11] 2/-1/-1->1->0 [12] 2/-1/-1->1->0 [13] 2/-1/-1->1->0 [14] 2/-1/-1->1->0 [15] 2/-1/-1->1->0 [16] 2/-1/-1->1->0 [17] 2/-1/-1->1->0 [18] 2/-1/-1->1->0 [19] 2/-1/-1->1->0 [20] 2/-1/-1->1->0 [21] 2/-1/-1->1->0 [22] 2/-1/-1->1->0 [23] 2/-1/-1->1->0 [24] 2/-1/-1->1->0 [25] 2/-1/-1->1->0 [26] 2/-1/-1->1->0 [27] 2/-1/-1->1->0 [28] 2/-1/-1->1->0 [29] 2/-1/-1->1->0 [30] 2/-1/-1->1->0 [31] 2/-1/-1->1->0
node23D400688:1239:2094 [0] NCCL INFO Channel 01/32 : 0 1 2 3 4 5 6 7
node23D400688:1242:2097 [3] NCCL INFO Trees [0] 4/-1/-1->3->2 [1] 4/-1/-1->3->2 [2] 4/-1/-1->3->2 [3] 4/-1/-1->3->2 [4] 4/-1/-1->3->2 [5] 4/-1/-1->3->2 [6] 4/-1/-1->3->2 [7] 4/-1/-1->3->2 [8] 4/-1/-1->3->2 [9] 4/-1/-1->3->2 [10] 4/-1/-1->3->2 [11] 4/-1/-1->3->2 [12] 4/-1/-1->3->2 [13] 4/-1/-1->3->2 [14] 4/-1/-1->3->2 [15] 4/-1/-1->3->2 [16] 4/-1/-1->3->2 [17] 4/-1/-1->3->2 [18] 4/-1/-1->3->2 [19] 4/-1/-1->3->2 [20] 4/-1/-1->3->2 [21] 4/-1/-1->3->2 [22] 4/-1/-1->3->2 [23] 4/-1/-1->3->2 [24] 4/-1/-1->3->2 [25] 4/-1/-1->3->2 [26] 4/-1/-1->3->2 [27] 4/-1/-1->3->2 [28] 4/-1/-1->3->2 [29] 4/-1/-1->3->2 [30] 4/-1/-1->3->2 [31] 4/-1/-1->3->2
node23D400688:1240:2099 [1] NCCL INFO P2P Chunksize set to 524288
node23D400688:1239:2094 [0] NCCL INFO Channel 02/32 : 0 1 2 3 4 5 6 7
node23D400688:1241:2098 [2] NCCL INFO Trees [0] 3/-1/-1->2->1 [1] 3/-1/-1->2->1 [2] 3/-1/-1->2->1 [3] 3/-1/-1->2->1 [4] 3/-1/-1->2->1 [5] 3/-1/-1->2->1 [6] 3/-1/-1->2->1 [7] 3/-1/-1->2->1 [8] 3/-1/-1->2->1 [9] 3/-1/-1->2->1 [10] 3/-1/-1->2->1 [11] 3/-1/-1->2->1 [12] 3/-1/-1->2->1 [13] 3/-1/-1->2->1 [14] 3/-1/-1->2->1 [15] 3/-1/-1->2->1 [16] 3/-1/-1->2->1 [17] 3/-1/-1->2->1 [18] 3/-1/-1->2->1 [19] 3/-1/-1->2->1 [20] 3/-1/-1->2->1 [21] 3/-1/-1->2->1 [22] 3/-1/-1->2->1 [23] 3/-1/-1->2->1 [24] 3/-1/-1->2->1 [25] 3/-1/-1->2->1 [26] 3/-1/-1->2->1 [27] 3/-1/-1->2->1 [28] 3/-1/-1->2->1 [29] 3/-1/-1->2->1 [30] 3/-1/-1->2->1 [31] 3/-1/-1->2->1
node23D400688:1242:2097 [3] NCCL INFO P2P Chunksize set to 524288
node23D400688:1239:2094 [0] NCCL INFO Channel 03/32 : 0 1 2 3 4 5 6 7
node23D400688:1241:2098 [2] NCCL INFO P2P Chunksize set to 524288
node23D400688:1239:2094 [0] NCCL INFO Channel 04/32 : 0 1 2 3 4 5 6 7
node23D400688:1239:2094 [0] NCCL INFO Channel 05/32 : 0 1 2 3 4 5 6 7
node23D400688:1239:2094 [0] NCCL INFO Channel 06/32 : 0 1 2 3 4 5 6 7
node23D400688:1239:2094 [0] NCCL INFO Channel 07/32 : 0 1 2 3 4 5 6 7
node23D400688:1239:2094 [0] NCCL INFO Channel 08/32 : 0 1 2 3 4 5 6 7
node23D400688:1239:2094 [0] NCCL INFO Channel 09/32 : 0 1 2 3 4 5 6 7
node23D400688:1239:2094 [0] NCCL INFO Channel 10/32 : 0 1 2 3 4 5 6 7
node23D400688:1239:2094 [0] NCCL INFO Channel 11/32 : 0 1 2 3 4 5 6 7
node23D400688:1239:2094 [0] NCCL INFO Channel 12/32 : 0 1 2 3 4 5 6 7
node23D400688:1239:2094 [0] NCCL INFO Channel 13/32 : 0 1 2 3 4 5 6 7
node23D400688:1239:2094 [0] NCCL INFO Channel 14/32 : 0 1 2 3 4 5 6 7
node23D400688:1239:2094 [0] NCCL INFO Channel 15/32 : 0 1 2 3 4 5 6 7
node23D400688:1239:2094 [0] NCCL INFO Channel 16/32 : 0 1 2 3 4 5 6 7
node23D400688:1239:2094 [0] NCCL INFO Channel 17/32 : 0 1 2 3 4 5 6 7
node23D400688:1239:2094 [0] NCCL INFO Channel 18/32 : 0 1 2 3 4 5 6 7
node23D400688:1239:2094 [0] NCCL INFO Channel 19/32 : 0 1 2 3 4 5 6 7
node23D400688:1239:2094 [0] NCCL INFO Channel 20/32 : 0 1 2 3 4 5 6 7
node23D400688:1239:2094 [0] NCCL INFO Channel 21/32 : 0 1 2 3 4 5 6 7
node23D400688:1239:2094 [0] NCCL INFO Channel 22/32 : 0 1 2 3 4 5 6 7
node23D400688:1239:2094 [0] NCCL INFO Channel 23/32 : 0 1 2 3 4 5 6 7
node23D400688:1239:2094 [0] NCCL INFO Channel 24/32 : 0 1 2 3 4 5 6 7
node23D400688:1239:2094 [0] NCCL INFO Channel 25/32 : 0 1 2 3 4 5 6 7
node23D400688:1239:2094 [0] NCCL INFO Channel 26/32 : 0 1 2 3 4 5 6 7
node23D400688:1239:2094 [0] NCCL INFO Channel 27/32 : 0 1 2 3 4 5 6 7
node23D400688:1239:2094 [0] NCCL INFO Channel 28/32 : 0 1 2 3 4 5 6 7
node23D400688:1239:2094 [0] NCCL INFO Channel 29/32 : 0 1 2 3 4 5 6 7
node23D400688:1239:2094 [0] NCCL INFO Channel 30/32 : 0 1 2 3 4 5 6 7
node23D400688:1239:2094 [0] NCCL INFO Channel 31/32 : 0 1 2 3 4 5 6 7
node23D400688:1239:2094 [0] NCCL INFO Trees [0] 1/-1/-1->0->-1 [1] 1/-1/-1->0->-1 [2] 1/-1/-1->0->-1 [3] 1/-1/-1->0->-1 [4] 1/-1/-1->0->-1 [5] 1/-1/-1->0->-1 [6] 1/-1/-1->0->-1 [7] 1/-1/-1->0->-1 [8] 1/-1/-1->0->-1 [9] 1/-1/-1->0->-1 [10] 1/-1/-1->0->-1 [11] 1/-1/-1->0->-1 [12] 1/-1/-1->0->-1 [13] 1/-1/-1->0->-1 [14] 1/-1/-1->0->-1 [15] 1/-1/-1->0->-1 [16] 1/-1/-1->0->-1 [17] 1/-1/-1->0->-1 [18] 1/-1/-1->0->-1 [19] 1/-1/-1->0->-1 [20] 1/-1/-1->0->-1 [21] 1/-1/-1->0->-1 [22] 1/-1/-1->0->-1 [23] 1/-1/-1->0->-1 [24] 1/-1/-1->0->-1 [25] 1/-1/-1->0->-1 [26] 1/-1/-1->0->-1 [27] 1/-1/-1->0->-1 [28] 1/-1/-1->0->-1 [29] 1/-1/-1->0->-1 [30] 1/-1/-1->0->-1 [31] 1/-1/-1->0->-1
node23D400688:1239:2094 [0] NCCL INFO P2P Chunksize set to 524288
node23D400688:1239:2094 [0] NCCL INFO Check P2P Type isAllDirectP2p 1 directMode 0
node23D400688:1242:2101 [3] NCCL INFO [Proxy Service] Device 3 CPU core 109
