node23D400688:1242:2585 [3] NCCL INFO Channel 16/0 : 1[3] -> 2[3] via P2P/MNNVL
node23D400688:1241:2587 [2] NCCL INFO Channel 06/0 : 1[2] -> 2[2] via P2P/MNNVL
node23D400688:1240:2584 [1] NCCL INFO Channel 19/0 : 1[1] -> 2[1] via P2P/MNNVL
node23D400688:1239:2586 [0] NCCL INFO Channel 22/0 : 1[0] -> 2[0] via P2P/MNNVL
node23D400688:1242:2585 [3] NCCL INFO Channel 17/0 : 1[3] -> 2[3] via P2P/MNNVL
node23D400688:1241:2587 [2] NCCL INFO Channel 07/0 : 1[2] -> 2[2] via P2P/MNNVL
node23D400688:1240:2584 [1] NCCL INFO Channel 20/0 : 1[1] -> 2[1] via P2P/MNNVL
node23D400688:1242:2585 [3] NCCL INFO Channel 18/0 : 1[3] -> 2[3] via P2P/MNNVL
node23D400688:1241:2587 [2] NCCL INFO Channel 08/0 : 1[2] -> 2[2] via P2P/MNNVL
node23D400688:1239:2586 [0] NCCL INFO Channel 23/0 : 1[0] -> 2[0] via P2P/MNNVL
node23D400688:1240:2584 [1] NCCL INFO Channel 21/0 : 1[1] -> 2[1] via P2P/MNNVL
node23D400688:1241:2587 [2] NCCL INFO Channel 09/0 : 1[2] -> 2[2] via P2P/MNNVL
node23D400688:1239:2586 [0] NCCL INFO Channel 24/0 : 1[0] -> 2[0] via P2P/MNNVL
node23D400688:1242:2585 [3] NCCL INFO Channel 19/0 : 1[3] -> 2[3] via P2P/MNNVL
node23D400688:1240:2584 [1] NCCL INFO Channel 22/0 : 1[1] -> 2[1] via P2P/MNNVL
node23D400688:1242:2585 [3] NCCL INFO Channel 20/0 : 1[3] -> 2[3] via P2P/MNNVL
node23D400688:1241:2587 [2] NCCL INFO Channel 10/0 : 1[2] -> 2[2] via P2P/MNNVL
node23D400688:1239:2586 [0] NCCL INFO Channel 25/0 : 1[0] -> 2[0] via P2P/MNNVL
node23D400688:1242:2585 [3] NCCL INFO Channel 21/0 : 1[3] -> 2[3] via P2P/MNNVL
node23D400688:1240:2584 [1] NCCL INFO Channel 23/0 : 1[1] -> 2[1] via P2P/MNNVL
node23D400688:1241:2587 [2] NCCL INFO Channel 11/0 : 1[2] -> 2[2] via P2P/MNNVL
node23D400688:1239:2586 [0] NCCL INFO Channel 26/0 : 1[0] -> 2[0] via P2P/MNNVL
node23D400688:1241:2587 [2] NCCL INFO Channel 12/0 : 1[2] -> 2[2] via P2P/MNNVL
node23D400688:1240:2584 [1] NCCL INFO Channel 24/0 : 1[1] -> 2[1] via P2P/MNNVL
node23D400688:1242:2585 [3] NCCL INFO Channel 22/0 : 1[3] -> 2[3] via P2P/MNNVL
node23D400688:1240:2584 [1] NCCL INFO Channel 25/0 : 1[1] -> 2[1] via P2P/MNNVL
node23D400688:1241:2587 [2] NCCL INFO Channel 13/0 : 1[2] -> 2[2] via P2P/MNNVL
node23D400688:1239:2586 [0] NCCL INFO Channel 27/0 : 1[0] -> 2[0] via P2P/MNNVL
node23D400688:1242:2585 [3] NCCL INFO Channel 23/0 : 1[3] -> 2[3] via P2P/MNNVL
node23D400688:1240:2584 [1] NCCL INFO Channel 26/0 : 1[1] -> 2[1] via P2P/MNNVL
node23D400688:1241:2587 [2] NCCL INFO Channel 14/0 : 1[2] -> 2[2] via P2P/MNNVL
node23D400688:1239:2586 [0] NCCL INFO Channel 28/0 : 1[0] -> 2[0] via P2P/MNNVL
node23D400688:1242:2585 [3] NCCL INFO Channel 24/0 : 1[3] -> 2[3] via P2P/MNNVL
node23D400688:1240:2584 [1] NCCL INFO Channel 27/0 : 1[1] -> 2[1] via P2P/MNNVL
node23D400688:1241:2587 [2] NCCL INFO Channel 15/0 : 1[2] -> 2[2] via P2P/MNNVL
node23D400688:1239:2586 [0] NCCL INFO Channel 29/0 : 1[0] -> 2[0] via P2P/MNNVL
node23D400688:1241:2587 [2] NCCL INFO Channel 16/0 : 1[2] -> 2[2] via P2P/MNNVL
node23D400688:1240:2584 [1] NCCL INFO Channel 28/0 : 1[1] -> 2[1] via P2P/MNNVL
node23D400688:1242:2585 [3] NCCL INFO Channel 25/0 : 1[3] -> 2[3] via P2P/MNNVL
node23D400688:1241:2587 [2] NCCL INFO Channel 17/0 : 1[2] -> 2[2] via P2P/MNNVL
node23D400688:1240:2584 [1] NCCL INFO Channel 29/0 : 1[1] -> 2[1] via P2P/MNNVL
node23D400688:1239:2586 [0] NCCL INFO Channel 30/0 : 1[0] -> 2[0] via P2P/MNNVL
node23D400688:1242:2585 [3] NCCL INFO Channel 26/0 : 1[3] -> 2[3] via P2P/MNNVL
node23D400688:1241:2587 [2] NCCL INFO Channel 18/0 : 1[2] -> 2[2] via P2P/MNNVL
node23D400688:1240:2584 [1] NCCL INFO Channel 30/0 : 1[1] -> 2[1] via P2P/MNNVL
node23D400688:1239:2586 [0] NCCL INFO Channel 31/0 : 1[0] -> 2[0] via P2P/MNNVL
node23D400688:1242:2585 [3] NCCL INFO Channel 27/0 : 1[3] -> 2[3] via P2P/MNNVL
node23D400688:1241:2587 [2] NCCL INFO Channel 19/0 : 1[2] -> 2[2] via P2P/MNNVL
node23D400688:1240:2584 [1] NCCL INFO Channel 31/0 : 1[1] -> 2[1] via P2P/MNNVL
node23D400688:1241:2587 [2] NCCL INFO Channel 20/0 : 1[2] -> 2[2] via P2P/MNNVL
node23D400688:1242:2585 [3] NCCL INFO Channel 28/0 : 1[3] -> 2[3] via P2P/MNNVL
node23D400688:1242:2585 [3] NCCL INFO Channel 29/0 : 1[3] -> 2[3] via P2P/MNNVL
node23D400688:1241:2587 [2] NCCL INFO Channel 21/0 : 1[2] -> 2[2] via P2P/MNNVL
node23D400688:1241:2587 [2] NCCL INFO Channel 22/0 : 1[2] -> 2[2] via P2P/MNNVL
node23D400688:1242:2585 [3] NCCL INFO Channel 30/0 : 1[3] -> 2[3] via P2P/MNNVL
node23D400688:1241:2587 [2] NCCL INFO Channel 23/0 : 1[2] -> 2[2] via P2P/MNNVL
node23D400688:1242:2585 [3] NCCL INFO Channel 31/0 : 1[3] -> 2[3] via P2P/MNNVL
node23D400688:1241:2587 [2] NCCL INFO Channel 24/0 : 1[2] -> 2[2] via P2P/MNNVL
node23D400688:1241:2587 [2] NCCL INFO Channel 25/0 : 1[2] -> 2[2] via P2P/MNNVL
node23D400688:1241:2587 [2] NCCL INFO Channel 26/0 : 1[2] -> 2[2] via P2P/MNNVL
node23D400688:1241:2587 [2] NCCL INFO Channel 27/0 : 1[2] -> 2[2] via P2P/MNNVL
node23D400688:1241:2587 [2] NCCL INFO Channel 28/0 : 1[2] -> 2[2] via P2P/MNNVL
node23D400688:1241:2587 [2] NCCL INFO Channel 29/0 : 1[2] -> 2[2] via P2P/MNNVL
node23D400688:1241:2587 [2] NCCL INFO Channel 30/0 : 1[2] -> 2[2] via P2P/MNNVL
node23D400688:1241:2587 [2] NCCL INFO Channel 31/0 : 1[2] -> 2[2] via P2P/MNNVL
node23D400688:1240:2584 [1] NCCL INFO Connected all rings, use ring PXN 0 GDR 1
node23D400688:1239:2586 [0] NCCL INFO Connected all rings, use ring PXN 0 GDR 1
node23D400688:1241:2587 [2] NCCL INFO Connected all rings, use ring PXN 0 GDR 1
node23D400688:1242:2585 [3] NCCL INFO Connected all rings, use ring PXN 0 GDR 1
node23D400688:1239:1239 [0] NCCL INFO Comm config Blocking set to 1
node23D400688:1242:1242 [3] NCCL INFO Comm config Blocking set to 1
node23D400688:1240:1240 [1] NCCL INFO Comm config Blocking set to 1
node23D400688:1241:1241 [2] NCCL INFO Comm config Blocking set to 1
node23D400688:1242:2589 [3] NCCL INFO Assigned NET plugin Socket to comm
node23D400688:1242:2589 [3] NCCL INFO Using network Socket
node23D400688:1239:2588 [0] NCCL INFO Assigned NET plugin Socket to comm
node23D400688:1239:2588 [0] NCCL INFO Using network Socket
node23D400688:1240:2590 [1] NCCL INFO Assigned NET plugin Socket to comm
node23D400688:1240:2590 [1] NCCL INFO Using network Socket
node23D400688:1241:2591 [2] NCCL INFO Assigned NET plugin Socket to comm
node23D400688:1241:2591 [2] NCCL INFO Using network Socket
node23D400688:1239:2588 [0] NCCL INFO ncclCommInitRankConfig comm 0x3bcd0100 rank 24 nranks 64 cudaDev 0 nvmlDev 0 busId 801000 commId 0xa67dc088c42e2de5 - Init START
node23D400688:1242:2589 [3] NCCL INFO ncclCommInitRankConfig comm 0x58768960 rank 27 nranks 64 cudaDev 3 nvmlDev 3 busId 1901000 commId 0xa67dc088c42e2de5 - Init START
node23D400688:1240:2590 [1] NCCL INFO ncclCommInitRankConfig comm 0x5f74cbd0 rank 25 nranks 64 cudaDev 1 nvmlDev 1 busId 901000 commId 0xa67dc088c42e2de5 - Init START
node23D400688:1241:2591 [2] NCCL INFO ncclCommInitRankConfig comm 0x5e551d80 rank 26 nranks 64 cudaDev 2 nvmlDev 2 busId 1801000 commId 0xa67dc088c42e2de5 - Init START
node23D400688:1240:2590 [1] NCCL INFO Bootstrap timings total 0.059382 (create 0.000026, send 0.000194, recv 0.003502, ring 0.055496, delay 0.000000)
node23D400688:1239:2588 [0] NCCL INFO Bootstrap timings total 0.059447 (create 0.000045, send 0.000165, recv 0.000723, ring 0.055903, delay 0.000000)
node23D400688:1242:2589 [3] NCCL INFO Bootstrap timings total 0.059535 (create 0.000033, send 0.000158, recv 0.001945, ring 0.055478, delay 0.000000)
node23D400688:1241:2591 [2] NCCL INFO Bootstrap timings total 0.059217 (create 0.000043, send 0.000216, recv 0.003286, ring 0.055430, delay 0.000000)
node23D400688:1240:2590 [1] NCCL INFO MNNVL busId 0x901000 fabric UUID aa48724aeeaad6a8.b34b901796a1c18d cliqueId 0x7ffe state 3 healthMask 0xaa
node23D400688:1239:2588 [0] NCCL INFO MNNVL busId 0x801000 fabric UUID aa48724aeeaad6a8.b34b901796a1c18d cliqueId 0x7ffe state 3 healthMask 0xaa
node23D400688:1242:2589 [3] NCCL INFO MNNVL busId 0x1901000 fabric UUID aa48724aeeaad6a8.b34b901796a1c18d cliqueId 0x7ffe state 3 healthMask 0xaa
node23D400688:1241:2591 [2] NCCL INFO MNNVL busId 0x1801000 fabric UUID aa48724aeeaad6a8.b34b901796a1c18d cliqueId 0x7ffe state 3 healthMask 0xaa
node23D400688:1240:2590 [1] NCCL INFO MNNVL 1 cliqueId 7ffe cliqueSize 64 cliqueRank 25
node23D400688:1239:2588 [0] NCCL INFO MNNVL 1 cliqueId 7ffe cliqueSize 64 cliqueRank 24
node23D400688:1242:2589 [3] NCCL INFO MNNVL 1 cliqueId 7ffe cliqueSize 64 cliqueRank 27
node23D400688:1241:2591 [2] NCCL INFO MNNVL 1 cliqueId 7ffe cliqueSize 64 cliqueRank 26
node23D400688:1242:2589 [3] NCCL INFO Setting affinity for GPU 3 to 72-143
node23D400688:1240:2590 [1] NCCL INFO Setting affinity for GPU 1 to 0-71
node23D400688:1241:2591 [2] NCCL INFO Setting affinity for GPU 2 to 72-143
node23D400688:1239:2588 [0] NCCL INFO Setting affinity for GPU 0 to 0-71
node23D400688:1242:2589 [3] NCCL INFO comm 0x58768960 rank 27 nRanks 64 nNodes 1 localRanks 64 localRank 27 MNNVL 1
node23D400688:1242:2589 [3] NCCL INFO Trees [0] 28/-1/-1->27->26 [1] 28/-1/-1->27->26 [2] 28/-1/-1->27->26 [3] 28/-1/-1->27->26 [4] 28/-1/-1->27->26 [5] 28/-1/-1->27->26 [6] 28/-1/-1->27->26 [7] 28/-1/-1->27->26 [8] 28/-1/-1->27->26 [9] 28/-1/-1->27->26 [10] 28/-1/-1->27->26 [11] 28/-1/-1->27->26 [12] 28/-1/-1->27->26 [13] 28/-1/-1->27->26 [14] 28/-1/-1->27->26 [15] 28/-1/-1->27->26 [16] 28/-1/-1->27->26 [17] 28/-1/-1->27->26 [18] 28/-1/-1->27->26 [19] 28/-1/-1->27->26 [20] 28/-1/-1->27->26 [21] 28/-1/-1->27->26 [22] 28/-1/-1->27->26 [23] 28/-1/-1->27->26 [24] 28/-1/-1->27->26 [25] 28/-1/-1->27->26 [26] 28/-1/-1->27->26 [27] 28/-1/-1->27->26 [28] 28/-1/-1->27->26 [29] 28/-1/-1->27->26 [30] 28/-1/-1->27->26 [31] 28/-1/-1->27->26
node23D400688:1242:2589 [3] NCCL INFO P2P Chunksize set to 524288
node23D400688:1240:2590 [1] NCCL INFO comm 0x5f74cbd0 rank 25 nRanks 64 nNodes 1 localRanks 64 localRank 25 MNNVL 1
node23D400688:1241:2591 [2] NCCL INFO comm 0x5e551d80 rank 26 nRanks 64 nNodes 1 localRanks 64 localRank 26 MNNVL 1
node23D400688:1239:2588 [0] NCCL INFO comm 0x3bcd0100 rank 24 nRanks 64 nNodes 1 localRanks 64 localRank 24 MNNVL 1
node23D400688:1240:2590 [1] NCCL INFO Trees [0] 26/-1/-1->25->24 [1] 26/-1/-1->25->24 [2] 26/-1/-1->25->24 [3] 26/-1/-1->25->24 [4] 26/-1/-1->25->24 [5] 26/-1/-1->25->24 [6] 26/-1/-1->25->24 [7] 26/-1/-1->25->24 [8] 26/-1/-1->25->24 [9] 26/-1/-1->25->24 [10] 26/-1/-1->25->24 [11] 26/-1/-1->25->24 [12] 26/-1/-1->25->24 [13] 26/-1/-1->25->24 [14] 26/-1/-1->25->24 [15] 26/-1/-1->25->24 [16] 26/-1/-1->25->24 [17] 26/-1/-1->25->24 [18] 26/-1/-1->25->24 [19] 26/-1/-1->25->24 [20] 26/-1/-1->25->24 [21] 26/-1/-1->25->24 [22] 26/-1/-1->25->24 [23] 26/-1/-1->25->24 [24] 26/-1/-1->25->24 [25] 26/-1/-1->25->24 [26] 26/-1/-1->25->24 [27] 26/-1/-1->25->24 [28] 26/-1/-1->25->24 [29] 26/-1/-1->25->24 [30] 26/-1/-1->25->24 [31] 26/-1/-1->25->24
node23D400688:1240:2590 [1] NCCL INFO P2P Chunksize set to 524288
node23D400688:1241:2591 [2] NCCL INFO Trees [0] 27/-1/-1->26->25 [1] 27/-1/-1->26->25 [2] 27/-1/-1->26->25 [3] 27/-1/-1->26->25 [4] 27/-1/-1->26->25 [5] 27/-1/-1->26->25 [6] 27/-1/-1->26->25 [7] 27/-1/-1->26->25 [8] 27/-1/-1->26->25 [9] 27/-1/-1->26->25 [10] 27/-1/-1->26->25 [11] 27/-1/-1->26->25 [12] 27/-1/-1->26->25 [13] 27/-1/-1->26->25 [14] 27/-1/-1->26->25 [15] 27/-1/-1->26->25 [16] 27/-1/-1->26->25 [17] 27/-1/-1->26->25 [18] 27/-1/-1->26->25 [19] 27/-1/-1->26->25 [20] 27/-1/-1->26->25 [21] 27/-1/-1->26->25 [22] 27/-1/-1->26->25 [23] 27/-1/-1->26->25 [24] 27/-1/-1->26->25 [25] 27/-1/-1->26->25 [26] 27/-1/-1->26->25 [27] 27/-1/-1->26->25 [28] 27/-1/-1->26->25 [29] 27/-1/-1->26->25 [30] 27/-1/-1->26->25 [31] 27/-1/-1->26->25
node23D400688:1241:2591 [2] NCCL INFO P2P Chunksize set to 524288
node23D400688:1239:2588 [0] NCCL INFO Trees [0] 25/-1/-1->24->23 [1] 25/-1/-1->24->23 [2] 25/-1/-1->24->23 [3] 25/-1/-1->24->23 [4] 25/-1/-1->24->23 [5] 25/-1/-1->24->23 [6] 25/-1/-1->24->23 [7] 25/-1/-1->24->23 [8] 25/-1/-1->24->23 [9] 25/-1/-1->24->23 [10] 25/-1/-1->24->23 [11] 25/-1/-1->24->23 [12] 25/-1/-1->24->23 [13] 25/-1/-1->24->23 [14] 25/-1/-1->24->23 [15] 25/-1/-1->24->23 [16] 25/-1/-1->24->23 [17] 25/-1/-1->24->23 [18] 25/-1/-1->24->23 [19] 25/-1/-1->24->23 [20] 25/-1/-1->24->23 [21] 25/-1/-1->24->23 [22] 25/-1/-1->24->23 [23] 25/-1/-1->24->23 [24] 25/-1/-1->24->23 [25] 25/-1/-1->24->23 [26] 25/-1/-1->24->23 [27] 25/-1/-1->24->23 [28] 25/-1/-1->24->23 [29] 25/-1/-1->24->23 [30] 25/-1/-1->24->23 [31] 25/-1/-1->24->23
node23D400688:1239:2588 [0] NCCL INFO P2P Chunksize set to 524288
node23D400688:1242:2592 [3] NCCL INFO [Proxy Service] Device 3 CPU core 109
node23D400688:1242:2593 [3] NCCL INFO [Proxy Service UDS] Device 3 CPU core 110
node23D400688:1240:2595 [1] NCCL INFO [Proxy Service] Device 1 CPU core 62
node23D400688:1239:2596 [0] NCCL INFO [Proxy Service UDS] Device 0 CPU core 68
node23D400688:1240:2597 [1] NCCL INFO [Proxy Service UDS] Device 1 CPU core 63
node23D400688:1239:2594 [0] NCCL INFO [Proxy Service] Device 0 CPU core 67
node23D400688:1241:2598 [2] NCCL INFO [Proxy Service] Device 2 CPU core 75
node23D400688:1241:2599 [2] NCCL INFO [Proxy Service UDS] Device 2 CPU core 76
node23D400688:1240:2590 [1] NCCL INFO threadThresholds 8/8/64 | 512/8/64 | 512 | 512
node23D400688:1240:2590 [1] NCCL INFO 32 coll channels, 32 collnet channels, 0 nvls channels, 32 p2p channels, 32 p2p channels per peer
node23D400688:1242:2589 [3] NCCL INFO threadThresholds 8/8/64 | 512/8/64 | 512 | 512
node23D400688:1242:2589 [3] NCCL INFO 32 coll channels, 32 collnet channels, 0 nvls channels, 32 p2p channels, 32 p2p channels per peer
node23D400688:1239:2588 [0] NCCL INFO threadThresholds 8/8/64 | 512/8/64 | 512 | 512
node23D400688:1239:2588 [0] NCCL INFO 32 coll channels, 32 collnet channels, 0 nvls channels, 32 p2p channels, 32 p2p channels per peer
node23D400688:1241:2591 [2] NCCL INFO threadThresholds 8/8/64 | 512/8/64 | 512 | 512
node23D400688:1241:2591 [2] NCCL INFO 32 coll channels, 32 collnet channels, 0 nvls channels, 32 p2p channels, 32 p2p channels per peer
node23D400688:1240:2590 [1] NCCL INFO ncclCommInitRankConfig comm 0x5f74cbd0 rank 25 nranks 64 cudaDev 1 nvmlDev 1 busId 901000 commId 0xa67dc088c42e2de5 - Init COMPLETE
node23D400688:1240:2590 [1] NCCL INFO Init timings - ncclCommInitRankConfig: rank 25 nranks 64 total 2.36 (kernels 0.00, alloc 0.00, bootstrap 0.06, allgathers 0.06, topo 2.03, graphs 0.04, connections 0.16, rest 0.01)
node23D400688:1239:2588 [0] NCCL INFO ncclCommInitRankConfig comm 0x3bcd0100 rank 24 nranks 64 cudaDev 0 nvmlDev 0 busId 801000 commId 0xa67dc088c42e2de5 - Init COMPLETE
node23D400688:1239:2588 [0] NCCL INFO Init timings - ncclCommInitRankConfig: rank 24 nranks 64 total 2.36 (kernels 0.00, alloc 0.00, bootstrap 0.06, allgathers 0.04, topo 2.06, graphs 0.04, connections 0.16, rest 0.01)
node23D400688:1241:2591 [2] NCCL INFO ncclCommInitRankConfig comm 0x5e551d80 rank 26 nranks 64 cudaDev 2 nvmlDev 2 busId 1801000 commId 0xa67dc088c42e2de5 - Init COMPLETE
node23D400688:1241:2591 [2] NCCL INFO Init timings - ncclCommInitRankConfig: rank 26 nranks 64 total 2.36 (kernels 0.00, alloc 0.00, bootstrap 0.06, allgathers 0.05, topo 2.03, graphs 0.04, connections 0.16, rest 0.01)
node23D400688:1242:2589 [3] NCCL INFO ncclCommInitRankConfig comm 0x58768960 rank 27 nranks 64 cudaDev 3 nvmlDev 3 busId 1901000 commId 0xa67dc088c42e2de5 - Init COMPLETE
node23D400688:1242:2589 [3] NCCL INFO Init timings - ncclCommInitRankConfig: rank 27 nranks 64 total 2.36 (kernels 0.00, alloc 0.00, bootstrap 0.06, allgathers 0.08, topo 2.01, graphs 0.04, connections 0.16, rest 0.01)
node23D400688:1240:2600 [1] NCCL INFO Channel 00/0 : 25[1] -> 26[2] via P2P/MNNVL
node23D400688:1239:2601 [0] NCCL INFO Channel 00/0 : 24[0] -> 25[1] via P2P/MNNVL
node23D400688:1239:2601 [0] NCCL INFO Channel 01/0 : 24[0] -> 25[1] via P2P/MNNVL
node23D400688:1240:2600 [1] NCCL INFO Channel 01/0 : 25[1] -> 26[2] via P2P/MNNVL
node23D400688:1239:2601 [0] NCCL INFO Channel 02/0 : 24[0] -> 25[1] via P2P/MNNVL
node23D400688:1240:2600 [1] NCCL INFO Channel 02/0 : 25[1] -> 26[2] via P2P/MNNVL
node23D400688:1239:2601 [0] NCCL INFO Channel 03/0 : 24[0] -> 25[1] via P2P/MNNVL
node23D400688:1240:2600 [1] NCCL INFO Channel 03/0 : 25[1] -> 26[2] via P2P/MNNVL
node23D400688:1241:2603 [2] NCCL INFO Channel 00/0 : 26[2] -> 27[3] via P2P/MNNVL
node23D400688:1239:2601 [0] NCCL INFO Channel 04/0 : 24[0] -> 25[1] via P2P/MNNVL
node23D400688:1242:2602 [3] NCCL INFO Channel 00/0 : 27[3] -> 28[0] via P2P/MNNVL
node23D400688:1241:2603 [2] NCCL INFO Channel 01/0 : 26[2] -> 27[3] via P2P/MNNVL
node23D400688:1240:2600 [1] NCCL INFO Channel 04/0 : 25[1] -> 26[2] via P2P/MNNVL
node23D400688:1242:2602 [3] NCCL INFO Channel 01/0 : 27[3] -> 28[0] via P2P/MNNVL
node23D400688:1240:2600 [1] NCCL INFO Channel 05/0 : 25[1] -> 26[2] via P2P/MNNVL
node23D400688:1241:2603 [2] NCCL INFO Channel 02/0 : 26[2] -> 27[3] via P2P/MNNVL
node23D400688:1239:2601 [0] NCCL INFO Channel 05/0 : 24[0] -> 25[1] via P2P/MNNVL
node23D400688:1242:2602 [3] NCCL INFO Channel 02/0 : 27[3] -> 28[0] via P2P/MNNVL
node23D400688:1239:2601 [0] NCCL INFO Channel 06/0 : 24[0] -> 25[1] via P2P/MNNVL
node23D400688:1240:2600 [1] NCCL INFO Channel 06/0 : 25[1] -> 26[2] via P2P/MNNVL
node23D400688:1242:2602 [3] NCCL INFO Channel 03/0 : 27[3] -> 28[0] via P2P/MNNVL
node23D400688:1241:2603 [2] NCCL INFO Channel 03/0 : 26[2] -> 27[3] via P2P/MNNVL
node23D400688:1239:2601 [0] NCCL INFO Channel 07/0 : 24[0] -> 25[1] via P2P/MNNVL
node23D400688:1240:2600 [1] NCCL INFO Channel 07/0 : 25[1] -> 26[2] via P2P/MNNVL
node23D400688:1239:2601 [0] NCCL INFO Channel 08/0 : 24[0] -> 25[1] via P2P/MNNVL
node23D400688:1240:2600 [1] NCCL INFO Channel 08/0 : 25[1] -> 26[2] via P2P/MNNVL
node23D400688:1241:2603 [2] NCCL INFO Channel 04/0 : 26[2] -> 27[3] via P2P/MNNVL
node23D400688:1242:2602 [3] NCCL INFO Channel 04/0 : 27[3] -> 28[0] via P2P/MNNVL
node23D400688:1240:2600 [1] NCCL INFO Channel 09/0 : 25[1] -> 26[2] via P2P/MNNVL
node23D400688:1242:2602 [3] NCCL INFO Channel 05/0 : 27[3] -> 28[0] via P2P/MNNVL
node23D400688:1239:2601 [0] NCCL INFO Channel 09/0 : 24[0] -> 25[1] via P2P/MNNVL
node23D400688:1240:2600 [1] NCCL INFO Channel 10/0 : 25[1] -> 26[2] via P2P/MNNVL
node23D400688:1241:2603 [2] NCCL INFO Channel 05/0 : 26[2] -> 27[3] via P2P/MNNVL
node23D400688:1239:2601 [0] NCCL INFO Channel 10/0 : 24[0] -> 25[1] via P2P/MNNVL
node23D400688:1242:2602 [3] NCCL INFO Channel 06/0 : 27[3] -> 28[0] via P2P/MNNVL
node23D400688:1241:2603 [2] NCCL INFO Channel 06/0 : 26[2] -> 27[3] via P2P/MNNVL
node23D400688:1240:2600 [1] NCCL INFO Channel 11/0 : 25[1] -> 26[2] via P2P/MNNVL
node23D400688:1239:2601 [0] NCCL INFO Channel 11/0 : 24[0] -> 25[1] via P2P/MNNVL
node23D400688:1242:2602 [3] NCCL INFO Channel 07/0 : 27[3] -> 28[0] via P2P/MNNVL
node23D400688:1241:2603 [2] NCCL INFO Channel 07/0 : 26[2] -> 27[3] via P2P/MNNVL
node23D400688:1240:2600 [1] NCCL INFO Channel 12/0 : 25[1] -> 26[2] via P2P/MNNVL
node23D400688:1239:2601 [0] NCCL INFO Channel 12/0 : 24[0] -> 25[1] via P2P/MNNVL
node23D400688:1240:2600 [1] NCCL INFO Channel 13/0 : 25[1] -> 26[2] via P2P/MNNVL
node23D400688:1242:2602 [3] NCCL INFO Channel 08/0 : 27[3] -> 28[0] via P2P/MNNVL
node23D400688:1239:2601 [0] NCCL INFO Channel 13/0 : 24[0] -> 25[1] via P2P/MNNVL
node23D400688:1241:2603 [2] NCCL INFO Channel 08/0 : 26[2] -> 27[3] via P2P/MNNVL
node23D400688:1240:2600 [1] NCCL INFO Channel 14/0 : 25[1] -> 26[2] via P2P/MNNVL
node23D400688:1239:2601 [0] NCCL INFO Channel 14/0 : 24[0] -> 25[1] via P2P/MNNVL
node23D400688:1241:2603 [2] NCCL INFO Channel 09/0 : 26[2] -> 27[3] via P2P/MNNVL
node23D400688:1242:2602 [3] NCCL INFO Channel 09/0 : 27[3] -> 28[0] via P2P/MNNVL
node23D400688:1240:2600 [1] NCCL INFO Channel 15/0 : 25[1] -> 26[2] via P2P/MNNVL
node23D400688:1241:2603 [2] NCCL INFO Channel 10/0 : 26[2] -> 27[3] via P2P/MNNVL
node23D400688:1239:2601 [0] NCCL INFO Channel 15/0 : 24[0] -> 25[1] via P2P/MNNVL
node23D400688:1242:2602 [3] NCCL INFO Channel 10/0 : 27[3] -> 28[0] via P2P/MNNVL
node23D400688:1239:2601 [0] NCCL INFO Channel 16/0 : 24[0] -> 25[1] via P2P/MNNVL
node23D400688:1240:2600 [1] NCCL INFO Channel 16/0 : 25[1] -> 26[2] via P2P/MNNVL
node23D400688:1242:2602 [3] NCCL INFO Channel 11/0 : 27[3] -> 28[0] via P2P/MNNVL
node23D400688:1239:2601 [0] NCCL INFO Channel 17/0 : 24[0] -> 25[1] via P2P/MNNVL
node23D400688:1241:2603 [2] NCCL INFO Channel 11/0 : 26[2] -> 27[3] via P2P/MNNVL
node23D400688:1240:2600 [1] NCCL INFO Channel 17/0 : 25[1] -> 26[2] via P2P/MNNVL
node23D400688:1240:2600 [1] NCCL INFO Channel 18/0 : 25[1] -> 26[2] via P2P/MNNVL
node23D400688:1242:2602 [3] NCCL INFO Channel 12/0 : 27[3] -> 28[0] via P2P/MNNVL
node23D400688:1241:2603 [2] NCCL INFO Channel 12/0 : 26[2] -> 27[3] via P2P/MNNVL
node23D400688:1239:2601 [0] NCCL INFO Channel 18/0 : 24[0] -> 25[1] via P2P/MNNVL
node23D400688:1242:2602 [3] NCCL INFO Channel 13/0 : 27[3] -> 28[0] via P2P/MNNVL
node23D400688:1240:2600 [1] NCCL INFO Channel 19/0 : 25[1] -> 26[2] via P2P/MNNVL
node23D400688:1241:2603 [2] NCCL INFO Channel 13/0 : 26[2] -> 27[3] via P2P/MNNVL
node23D400688:1239:2601 [0] NCCL INFO Channel 19/0 : 24[0] -> 25[1] via P2P/MNNVL
node23D400688:1241:2603 [2] NCCL INFO Channel 14/0 : 26[2] -> 27[3] via P2P/MNNVL
node23D400688:1240:2600 [1] NCCL INFO Channel 20/0 : 25[1] -> 26[2] via P2P/MNNVL
node23D400688:1242:2602 [3] NCCL INFO Channel 14/0 : 27[3] -> 28[0] via P2P/MNNVL
node23D400688:1239:2601 [0] NCCL INFO Channel 20/0 : 24[0] -> 25[1] via P2P/MNNVL
node23D400688:1242:2602 [3] NCCL INFO Channel 15/0 : 27[3] -> 28[0] via P2P/MNNVL
node23D400688:1241:2603 [2] NCCL INFO Channel 15/0 : 26[2] -> 27[3] via P2P/MNNVL
node23D400688:1240:2600 [1] NCCL INFO Channel 21/0 : 25[1] -> 26[2] via P2P/MNNVL
node23D400688:1239:2601 [0] NCCL INFO Channel 21/0 : 24[0] -> 25[1] via P2P/MNNVL
node23D400688:1242:2602 [3] NCCL INFO Channel 16/0 : 27[3] -> 28[0] via P2P/MNNVL
node23D400688:1239:2601 [0] NCCL INFO Channel 22/0 : 24[0] -> 25[1] via P2P/MNNVL
node23D400688:1240:2600 [1] NCCL INFO Channel 22/0 : 25[1] -> 26[2] via P2P/MNNVL
node23D400688:1242:2602 [3] NCCL INFO Channel 17/0 : 27[3] -> 28[0] via P2P/MNNVL
node23D400688:1241:2603 [2] NCCL INFO Channel 16/0 : 26[2] -> 27[3] via P2P/MNNVL
node23D400688:1239:2601 [0] NCCL INFO Channel 23/0 : 24[0] -> 25[1] via P2P/MNNVL
node23D400688:1240:2600 [1] NCCL INFO Channel 23/0 : 25[1] -> 26[2] via P2P/MNNVL
node23D400688:1239:2601 [0] NCCL INFO Channel 24/0 : 24[0] -> 25[1] via P2P/MNNVL
node23D400688:1242:2602 [3] NCCL INFO Channel 18/0 : 27[3] -> 28[0] via P2P/MNNVL
node23D400688:1240:2600 [1] NCCL INFO Channel 24/0 : 25[1] -> 26[2] via P2P/MNNVL
node23D400688:1239:2601 [0] NCCL INFO Channel 25/0 : 24[0] -> 25[1] via P2P/MNNVL
node23D400688:1241:2603 [2] NCCL INFO Channel 17/0 : 26[2] -> 27[3] via P2P/MNNVL
node23D400688:1242:2602 [3] NCCL INFO Channel 19/0 : 27[3] -> 28[0] via P2P/MNNVL
node23D400688:1240:2600 [1] NCCL INFO Channel 25/0 : 25[1] -> 26[2] via P2P/MNNVL
node23D400688:1239:2601 [0] NCCL INFO Channel 26/0 : 24[0] -> 25[1] via P2P/MNNVL
node23D400688:1240:2600 [1] NCCL INFO Channel 26/0 : 25[1] -> 26[2] via P2P/MNNVL
node23D400688:1241:2603 [2] NCCL INFO Channel 18/0 : 26[2] -> 27[3] via P2P/MNNVL
node23D400688:1239:2601 [0] NCCL INFO Channel 27/0 : 24[0] -> 25[1] via P2P/MNNVL
node23D400688:1242:2602 [3] NCCL INFO Channel 20/0 : 27[3] -> 28[0] via P2P/MNNVL
node23D400688:1240:2600 [1] NCCL INFO Channel 27/0 : 25[1] -> 26[2] via P2P/MNNVL
node23D400688:1241:2603 [2] NCCL INFO Channel 19/0 : 26[2] -> 27[3] via P2P/MNNVL
node23D400688:1242:2602 [3] NCCL INFO Channel 21/0 : 27[3] -> 28[0] via P2P/MNNVL
node23D400688:1239:2601 [0] NCCL INFO Channel 28/0 : 24[0] -> 25[1] via P2P/MNNVL
node23D400688:1241:2603 [2] NCCL INFO Channel 20/0 : 26[2] -> 27[3] via P2P/MNNVL
node23D400688:1240:2600 [1] NCCL INFO Channel 28/0 : 25[1] -> 26[2] via P2P/MNNVL
node23D400688:1242:2602 [3] NCCL INFO Channel 22/0 : 27[3] -> 28[0] via P2P/MNNVL
node23D400688:1239:2601 [0] NCCL INFO Channel 29/0 : 24[0] -> 25[1] via P2P/MNNVL
node23D400688:1241:2603 [2] NCCL INFO Channel 21/0 : 26[2] -> 27[3] via P2P/MNNVL
node23D400688:1240:2600 [1] NCCL INFO Channel 29/0 : 25[1] -> 26[2] via P2P/MNNVL
node23D400688:1242:2602 [3] NCCL INFO Channel 23/0 : 27[3] -> 28[0] via P2P/MNNVL
node23D400688:1239:2601 [0] NCCL INFO Channel 30/0 : 24[0] -> 25[1] via P2P/MNNVL
node23D400688:1240:2600 [1] NCCL INFO Channel 30/0 : 25[1] -> 26[2] via P2P/MNNVL
node23D400688:1241:2603 [2] NCCL INFO Channel 22/0 : 26[2] -> 27[3] via P2P/MNNVL
node23D400688:1242:2602 [3] NCCL INFO Channel 24/0 : 27[3] -> 28[0] via P2P/MNNVL
node23D400688:1239:2601 [0] NCCL INFO Channel 31/0 : 24[0] -> 25[1] via P2P/MNNVL
node23D400688:1240:2600 [1] NCCL INFO Channel 31/0 : 25[1] -> 26[2] via P2P/MNNVL
node23D400688:1241:2603 [2] NCCL INFO Channel 23/0 : 26[2] -> 27[3] via P2P/MNNVL
node23D400688:1242:2602 [3] NCCL INFO Channel 25/0 : 27[3] -> 28[0] via P2P/MNNVL
node23D400688:1241:2603 [2] NCCL INFO Channel 24/0 : 26[2] -> 27[3] via P2P/MNNVL
node23D400688:1242:2602 [3] NCCL INFO Channel 26/0 : 27[3] -> 28[0] via P2P/MNNVL
node23D400688:1241:2603 [2] NCCL INFO Channel 25/0 : 26[2] -> 27[3] via P2P/MNNVL
node23D400688:1242:2602 [3] NCCL INFO Channel 27/0 : 27[3] -> 28[0] via P2P/MNNVL
node23D400688:1241:2603 [2] NCCL INFO Channel 26/0 : 26[2] -> 27[3] via P2P/MNNVL
node23D400688:1242:2602 [3] NCCL INFO Channel 28/0 : 27[3] -> 28[0] via P2P/MNNVL
node23D400688:1242:2602 [3] NCCL INFO Channel 29/0 : 27[3] -> 28[0] via P2P/MNNVL
node23D400688:1241:2603 [2] NCCL INFO Channel 27/0 : 26[2] -> 27[3] via P2P/MNNVL
node23D400688:1242:2602 [3] NCCL INFO Channel 30/0 : 27[3] -> 28[0] via P2P/MNNVL
node23D400688:1241:2603 [2] NCCL INFO Channel 28/0 : 26[2] -> 27[3] via P2P/MNNVL
node23D400688:1241:2603 [2] NCCL INFO Channel 29/0 : 26[2] -> 27[3] via P2P/MNNVL
node23D400688:1242:2602 [3] NCCL INFO Channel 31/0 : 27[3] -> 28[0] via P2P/MNNVL
node23D400688:1241:2603 [2] NCCL INFO Channel 30/0 : 26[2] -> 27[3] via P2P/MNNVL
node23D400688:1241:2603 [2] NCCL INFO Channel 31/0 : 26[2] -> 27[3] via P2P/MNNVL
node23D400688:1239:2601 [0] NCCL INFO Connected all rings, use ring PXN 0 GDR 1
node23D400688:1240:2600 [1] NCCL INFO Connected all rings, use ring PXN 0 GDR 1
node23D400688:1242:2602 [3] NCCL INFO Connected all rings, use ring PXN 0 GDR 1
node23D400688:1241:2603 [2] NCCL INFO Connected all rings, use ring PXN 0 GDR 1
node23D400688:1239:1239 [0] NCCL INFO Comm config Blocking set to 1
node23D400688:1242:1242 [3] NCCL INFO Comm config Blocking set to 1
node23D400688:1240:1240 [1] NCCL INFO Comm config Blocking set to 1
node23D400688:1241:1241 [2] NCCL INFO Comm config Blocking set to 1
node23D400688:1239:2604 [0] NCCL INFO Assigned NET plugin Socket to comm
node23D400688:1239:2604 [0] NCCL INFO Using network Socket
node23D400688:1242:2605 [3] NCCL INFO Assigned NET plugin Socket to comm
node23D400688:1242:2605 [3] NCCL INFO Using network Socket
node23D400688:1239:2604 [0] NCCL INFO ncclCommInitRankConfig comm 0x3c226a30 rank 8 nranks 32 cudaDev 0 nvmlDev 0 busId 801000 commId 0x7afa755705f06a48 - Init START
node23D400688:1240:2606 [1] NCCL INFO Assigned NET plugin Socket to comm
node23D400688:1240:2606 [1] NCCL INFO Using network Socket
node23D400688:1242:2605 [3] NCCL INFO ncclCommInitRankConfig comm 0x58cbf290 rank 11 nranks 32 cudaDev 3 nvmlDev 3 busId 1901000 commId 0x7afa755705f06a48 - Init START
node23D400688:1240:2606 [1] NCCL INFO ncclCommInitRankConfig comm 0x5fca3500 rank 9 nranks 32 cudaDev 1 nvmlDev 1 busId 901000 commId 0x7afa755705f06a48 - Init START
node23D400688:1241:2607 [2] NCCL INFO Assigned NET plugin Socket to comm
node23D400688:1241:2607 [2] NCCL INFO Using network Socket
node23D400688:1241:2607 [2] NCCL INFO ncclCommInitRankConfig comm 0x5eaa86b0 rank 10 nranks 32 cudaDev 2 nvmlDev 2 busId 1801000 commId 0x7afa755705f06a48 - Init START
node23D400688:1242:2605 [3] NCCL INFO Bootstrap timings total 0.531846 (create 0.000027, send 0.000171, recv 0.000543, ring 0.528983, delay 0.000000)
node23D400688:1239:2604 [0] NCCL INFO Bootstrap timings total 0.531878 (create 0.000042, send 0.000134, recv 0.001045, ring 0.530138, delay 0.000000)
node23D400688:1240:2606 [1] NCCL INFO Bootstrap timings total 0.531776 (create 0.000029, send 0.000124, recv 0.002281, ring 0.529197, delay 0.000000)
node23D400688:1241:2607 [2] NCCL INFO Bootstrap timings total 0.531033 (create 0.000059, send 0.000175, recv 0.001564, ring 0.528960, delay 0.000000)
node23D400688:1242:2605 [3] NCCL INFO MNNVL busId 0x1901000 fabric UUID aa48724aeeaad6a8.b34b901796a1c18d cliqueId 0x7ffe state 3 healthMask 0xaa
node23D400688:1240:2606 [1] NCCL INFO MNNVL busId 0x901000 fabric UUID aa48724aeeaad6a8.b34b901796a1c18d cliqueId 0x7ffe state 3 healthMask 0xaa
node23D400688:1239:2604 [0] NCCL INFO MNNVL busId 0x801000 fabric UUID aa48724aeeaad6a8.b34b901796a1c18d cliqueId 0x7ffe state 3 healthMask 0xaa
node23D400688:1241:2607 [2] NCCL INFO MNNVL busId 0x1801000 fabric UUID aa48724aeeaad6a8.b34b901796a1c18d cliqueId 0x7ffe state 3 healthMask 0xaa
node23D400688:1239:2604 [0] NCCL INFO MNNVL 1 cliqueId 7ffe cliqueSize 32 cliqueRank 8
node23D400688:1241:2607 [2] NCCL INFO MNNVL 1 cliqueId 7ffe cliqueSize 32 cliqueRank 10
node23D400688:1240:2606 [1] NCCL INFO MNNVL 1 cliqueId 7ffe cliqueSize 32 cliqueRank 9
node23D400688:1242:2605 [3] NCCL INFO MNNVL 1 cliqueId 7ffe cliqueSize 32 cliqueRank 11
node23D400688:1242:2605 [3] NCCL INFO Setting affinity for GPU 3 to 72-143
node23D400688:1240:2606 [1] NCCL INFO Setting affinity for GPU 1 to 0-71
node23D400688:1241:2607 [2] NCCL INFO Setting affinity for GPU 2 to 72-143
node23D400688:1239:2604 [0] NCCL INFO Setting affinity for GPU 0 to 0-71
node23D400688:1240:2606 [1] NCCL INFO comm 0x5fca3500 rank 9 nRanks 32 nNodes 1 localRanks 32 localRank 9 MNNVL 1
node23D400688:1241:2607 [2] NCCL INFO comm 0x5eaa86b0 rank 10 nRanks 32 nNodes 1 localRanks 32 localRank 10 MNNVL 1
node23D400688:1242:2605 [3] NCCL INFO comm 0x58cbf290 rank 11 nRanks 32 nNodes 1 localRanks 32 localRank 11 MNNVL 1
node23D400688:1240:2606 [1] NCCL INFO Trees [0] 10/-1/-1->9->8 [1] 10/-1/-1->9->8 [2] 10/-1/-1->9->8 [3] 10/-1/-1->9->8 [4] 10/-1/-1->9->8 [5] 10/-1/-1->9->8 [6] 10/-1/-1->9->8 [7] 10/-1/-1->9->8 [8] 10/-1/-1->9->8 [9] 10/-1/-1->9->8 [10] 10/-1/-1->9->8 [11] 10/-1/-1->9->8 [12] 10/-1/-1->9->8 [13] 10/-1/-1->9->8 [14] 10/-1/-1->9->8 [15] 10/-1/-1->9->8 [16] 10/-1/-1->9->8 [17] 10/-1/-1->9->8 [18] 10/-1/-1->9->8 [19] 10/-1/-1->9->8 [20] 10/-1/-1->9->8 [21] 10/-1/-1->9->8 [22] 10/-1/-1->9->8 [23] 10/-1/-1->9->8 [24] 10/-1/-1->9->8 [25] 10/-1/-1->9->8 [26] 10/-1/-1->9->8 [27] 10/-1/-1->9->8 [28] 10/-1/-1->9->8 [29] 10/-1/-1->9->8 [30] 10/-1/-1->9->8 [31] 10/-1/-1->9->8
node23D400688:1240:2606 [1] NCCL INFO P2P Chunksize set to 524288
node23D400688:1239:2604 [0] NCCL INFO comm 0x3c226a30 rank 8 nRanks 32 nNodes 1 localRanks 32 localRank 8 MNNVL 1
node23D400688:1241:2607 [2] NCCL INFO Trees [0] 11/-1/-1->10->9 [1] 11/-1/-1->10->9 [2] 11/-1/-1->10->9 [3] 11/-1/-1->10->9 [4] 11/-1/-1->10->9 [5] 11/-1/-1->10->9 [6] 11/-1/-1->10->9 [7] 11/-1/-1->10->9 [8] 11/-1/-1->10->9 [9] 11/-1/-1->10->9 [10] 11/-1/-1->10->9 [11] 11/-1/-1->10->9 [12] 11/-1/-1->10->9 [13] 11/-1/-1->10->9 [14] 11/-1/-1->10->9 [15] 11/-1/-1->10->9 [16] 11/-1/-1->10->9 [17] 11/-1/-1->10->9 [18] 11/-1/-1->10->9 [19] 11/-1/-1->10->9 [20] 11/-1/-1->10->9 [21] 11/-1/-1->10->9 [22] 11/-1/-1->10->9 [23] 11/-1/-1->10->9 [24] 11/-1/-1->10->9 [25] 11/-1/-1->10->9 [26] 11/-1/-1->10->9 [27] 11/-1/-1->10->9 [28] 11/-1/-1->10->9 [29] 11/-1/-1->10->9 [30] 11/-1/-1->10->9 [31] 11/-1/-1->10->9
node23D400688:1242:2605 [3] NCCL INFO Trees [0] 12/-1/-1->11->10 [1] 12/-1/-1->11->10 [2] 12/-1/-1->11->10 [3] 12/-1/-1->11->10 [4] 12/-1/-1->11->10 [5] 12/-1/-1->11->10 [6] 12/-1/-1->11->10 [7] 12/-1/-1->11->10 [8] 12/-1/-1->11->10 [9] 12/-1/-1->11->10 [10] 12/-1/-1->11->10 [11] 12/-1/-1->11->10 [12] 12/-1/-1->11->10 [13] 12/-1/-1->11->10 [14] 12/-1/-1->11->10 [15] 12/-1/-1->11->10 [16] 12/-1/-1->11->10 [17] 12/-1/-1->11->10 [18] 12/-1/-1->11->10 [19] 12/-1/-1->11->10 [20] 12/-1/-1->11->10 [21] 12/-1/-1->11->10 [22] 12/-1/-1->11->10 [23] 12/-1/-1->11->10 [24] 12/-1/-1->11->10 [25] 12/-1/-1->11->10 [26] 12/-1/-1->11->10 [27] 12/-1/-1->11->10 [28] 12/-1/-1->11->10 [29] 12/-1/-1->11->10 [30] 12/-1/-1->11->10 [31] 12/-1/-1->11->10
node23D400688:1241:2607 [2] NCCL INFO P2P Chunksize set to 524288
node23D400688:1242:2605 [3] NCCL INFO P2P Chunksize set to 524288
node23D400688:1239:2604 [0] NCCL INFO Trees [0] 9/-1/-1->8->7 [1] 9/-1/-1->8->7 [2] 9/-1/-1->8->7 [3] 9/-1/-1->8->7 [4] 9/-1/-1->8->7 [5] 9/-1/-1->8->7 [6] 9/-1/-1->8->7 [7] 9/-1/-1->8->7 [8] 9/-1/-1->8->7 [9] 9/-1/-1->8->7 [10] 9/-1/-1->8->7 [11] 9/-1/-1->8->7 [12] 9/-1/-1->8->7 [13] 9/-1/-1->8->7 [14] 9/-1/-1->8->7 [15] 9/-1/-1->8->7 [16] 9/-1/-1->8->7 [17] 9/-1/-1->8->7 [18] 9/-1/-1->8->7 [19] 9/-1/-1->8->7 [20] 9/-1/-1->8->7 [21] 9/-1/-1->8->7 [22] 9/-1/-1->8->7 [23] 9/-1/-1->8->7 [24] 9/-1/-1->8->7 [25] 9/-1/-1->8->7 [26] 9/-1/-1->8->7 [27] 9/-1/-1->8->7 [28] 9/-1/-1->8->7 [29] 9/-1/-1->8->7 [30] 9/-1/-1->8->7 [31] 9/-1/-1->8->7
node23D400688:1239:2604 [0] NCCL INFO P2P Chunksize set to 524288
node23D400688:1241:2608 [2] NCCL INFO [Proxy Service] Device 2 CPU core 75
node23D400688:1240:2609 [1] NCCL INFO [Proxy Service] Device 1 CPU core 63
node23D400688:1241:2612 [2] NCCL INFO [Proxy Service UDS] Device 2 CPU core 76
node23D400688:1240:2613 [1] NCCL INFO [Proxy Service UDS] Device 1 CPU core 66
node23D400688:1242:2610 [3] NCCL INFO [Proxy Service] Device 3 CPU core 109
node23D400688:1239:2611 [0] NCCL INFO [Proxy Service] Device 0 CPU core 64
node23D400688:1242:2614 [3] NCCL INFO [Proxy Service UDS] Device 3 CPU core 110
node23D400688:1239:2615 [0] NCCL INFO [Proxy Service UDS] Device 0 CPU core 68
node23D400688:1239:2604 [0] NCCL INFO threadThresholds 8/8/64 | 256/8/64 | 512 | 512
node23D400688:1239:2604 [0] NCCL INFO 32 coll channels, 32 collnet channels, 0 nvls channels, 32 p2p channels, 32 p2p channels per peer
node23D400688:1240:2606 [1] NCCL INFO threadThresholds 8/8/64 | 256/8/64 | 512 | 512
node23D400688:1240:2606 [1] NCCL INFO 32 coll channels, 32 collnet channels, 0 nvls channels, 32 p2p channels, 32 p2p channels per peer
node23D400688:1242:2605 [3] NCCL INFO threadThresholds 8/8/64 | 256/8/64 | 512 | 512
node23D400688:1242:2605 [3] NCCL INFO 32 coll channels, 32 collnet channels, 0 nvls channels, 32 p2p channels, 32 p2p channels per peer
node23D400688:1241:2607 [2] NCCL INFO threadThresholds 8/8/64 | 256/8/64 | 512 | 512
node23D400688:1241:2607 [2] NCCL INFO 32 coll channels, 32 collnet channels, 0 nvls channels, 32 p2p channels, 32 p2p channels per peer
node23D400688:1242:2605 [3] NCCL INFO ncclCommInitRankConfig comm 0x58cbf290 rank 11 nranks 32 cudaDev 3 nvmlDev 3 busId 1901000 commId 0x7afa755705f06a48 - Init COMPLETE
node23D400688:1242:2605 [3] NCCL INFO Init timings - ncclCommInitRankConfig: rank 11 nranks 32 total 2.06 (kernels 0.00, alloc 0.00, bootstrap 0.53, allgathers 0.08, topo 1.26, graphs 0.02, connections 0.16, rest 0.01)
node23D400688:1240:2606 [1] NCCL INFO ncclCommInitRankConfig comm 0x5fca3500 rank 9 nranks 32 cudaDev 1 nvmlDev 1 busId 901000 commId 0x7afa755705f06a48 - Init COMPLETE
node23D400688:1241:2607 [2] NCCL INFO ncclCommInitRankConfig comm 0x5eaa86b0 rank 10 nranks 32 cudaDev 2 nvmlDev 2 busId 1801000 commId 0x7afa755705f06a48 - Init COMPLETE
node23D400688:1240:2606 [1] NCCL INFO Init timings - ncclCommInitRankConfig: rank 9 nranks 32 total 2.06 (kernels 0.00, alloc 0.00, bootstrap 0.53, allgathers 0.05, topo 1.28, graphs 0.02, connections 0.16, rest 0.01)
node23D400688:1241:2607 [2] NCCL INFO Init timings - ncclCommInitRankConfig: rank 10 nranks 32 total 2.06 (kernels 0.00, alloc 0.00, bootstrap 0.53, allgathers 0.05, topo 1.28, graphs 0.02, connections 0.16, rest 0.00)
node23D400688:1239:2604 [0] NCCL INFO ncclCommInitRankConfig comm 0x3c226a30 rank 8 nranks 32 cudaDev 0 nvmlDev 0 busId 801000 commId 0x7afa755705f06a48 - Init COMPLETE
node23D400688:1239:2604 [0] NCCL INFO Init timings - ncclCommInitRankConfig: rank 8 nranks 32 total 2.06 (kernels 0.00, alloc 0.00, bootstrap 0.53, allgathers 0.03, topo 1.30, graphs 0.02, connections 0.16, rest 0.01)
node23D400688:1241:2617 [2] NCCL INFO Channel 00/0 : 10[2] -> 11[3] via P2P/MNNVL
node23D400688:1241:2617 [2] NCCL INFO Channel 01/0 : 10[2] -> 11[3] via P2P/MNNVL
node23D400688:1240:2618 [1] NCCL INFO Channel 00/0 : 9[1] -> 10[2] via P2P/MNNVL
node23D400688:1241:2617 [2] NCCL INFO Channel 02/0 : 10[2] -> 11[3] via P2P/MNNVL
node23D400688:1242:2616 [3] NCCL INFO Channel 00/0 : 11[3] -> 12[0] via P2P/MNNVL
node23D400688:1240:2618 [1] NCCL INFO Channel 01/0 : 9[1] -> 10[2] via P2P/MNNVL
node23D400688:1241:2617 [2] NCCL INFO Channel 03/0 : 10[2] -> 11[3] via P2P/MNNVL
node23D400688:1242:2616 [3] NCCL INFO Channel 01/0 : 11[3] -> 12[0] via P2P/MNNVL
node23D400688:1240:2618 [1] NCCL INFO Channel 02/0 : 9[1] -> 10[2] via P2P/MNNVL
node23D400688:1241:2617 [2] NCCL INFO Channel 04/0 : 10[2] -> 11[3] via P2P/MNNVL
node23D400688:1239:2619 [0] NCCL INFO Channel 00/0 : 8[0] -> 9[1] via P2P/MNNVL
node23D400688:1242:2616 [3] NCCL INFO Channel 02/0 : 11[3] -> 12[0] via P2P/MNNVL
node23D400688:1240:2618 [1] NCCL INFO Channel 03/0 : 9[1] -> 10[2] via P2P/MNNVL
node23D400688:1241:2617 [2] NCCL INFO Channel 05/0 : 10[2] -> 11[3] via P2P/MNNVL
node23D400688:1239:2619 [0] NCCL INFO Channel 01/0 : 8[0] -> 9[1] via P2P/MNNVL
node23D400688:1240:2618 [1] NCCL INFO Channel 04/0 : 9[1] -> 10[2] via P2P/MNNVL
node23D400688:1242:2616 [3] NCCL INFO Channel 03/0 : 11[3] -> 12[0] via P2P/MNNVL
node23D400688:1239:2619 [0] NCCL INFO Channel 02/0 : 8[0] -> 9[1] via P2P/MNNVL
node23D400688:1242:2616 [3] NCCL INFO Channel 04/0 : 11[3] -> 12[0] via P2P/MNNVL
node23D400688:1241:2617 [2] NCCL INFO Channel 06/0 : 10[2] -> 11[3] via P2P/MNNVL
node23D400688:1239:2619 [0] NCCL INFO Channel 03/0 : 8[0] -> 9[1] via P2P/MNNVL
node23D400688:1240:2618 [1] NCCL INFO Channel 05/0 : 9[1] -> 10[2] via P2P/MNNVL
node23D400688:1240:2618 [1] NCCL INFO Channel 06/0 : 9[1] -> 10[2] via P2P/MNNVL
node23D400688:1242:2616 [3] NCCL INFO Channel 05/0 : 11[3] -> 12[0] via P2P/MNNVL
node23D400688:1239:2619 [0] NCCL INFO Channel 04/0 : 8[0] -> 9[1] via P2P/MNNVL
node23D400688:1241:2617 [2] NCCL INFO Channel 07/0 : 10[2] -> 11[3] via P2P/MNNVL
node23D400688:1239:2619 [0] NCCL INFO Channel 05/0 : 8[0] -> 9[1] via P2P/MNNVL
node23D400688:1240:2618 [1] NCCL INFO Channel 07/0 : 9[1] -> 10[2] via P2P/MNNVL
node23D400688:1239:2619 [0] NCCL INFO Channel 06/0 : 8[0] -> 9[1] via P2P/MNNVL
node23D400688:1241:2617 [2] NCCL INFO Channel 08/0 : 10[2] -> 11[3] via P2P/MNNVL
node23D400688:1242:2616 [3] NCCL INFO Channel 06/0 : 11[3] -> 12[0] via P2P/MNNVL
node23D400688:1240:2618 [1] NCCL INFO Channel 08/0 : 9[1] -> 10[2] via P2P/MNNVL
node23D400688:1239:2619 [0] NCCL INFO Channel 07/0 : 8[0] -> 9[1] via P2P/MNNVL
node23D400688:1240:2618 [1] NCCL INFO Channel 09/0 : 9[1] -> 10[2] via P2P/MNNVL
node23D400688:1241:2617 [2] NCCL INFO Channel 09/0 : 10[2] -> 11[3] via P2P/MNNVL
node23D400688:1242:2616 [3] NCCL INFO Channel 07/0 : 11[3] -> 12[0] via P2P/MNNVL
node23D400688:1239:2619 [0] NCCL INFO Channel 08/0 : 8[0] -> 9[1] via P2P/MNNVL
node23D400688:1240:2618 [1] NCCL INFO Channel 10/0 : 9[1] -> 10[2] via P2P/MNNVL
node23D400688:1242:2616 [3] NCCL INFO Channel 08/0 : 11[3] -> 12[0] via P2P/MNNVL
node23D400688:1241:2617 [2] NCCL INFO Channel 10/0 : 10[2] -> 11[3] via P2P/MNNVL
node23D400688:1240:2618 [1] NCCL INFO Channel 11/0 : 9[1] -> 10[2] via P2P/MNNVL
node23D400688:1242:2616 [3] NCCL INFO Channel 09/0 : 11[3] -> 12[0] via P2P/MNNVL
node23D400688:1239:2619 [0] NCCL INFO Channel 09/0 : 8[0] -> 9[1] via P2P/MNNVL
node23D400688:1242:2616 [3] NCCL INFO Channel 10/0 : 11[3] -> 12[0] via P2P/MNNVL
node23D400688:1241:2617 [2] NCCL INFO Channel 11/0 : 10[2] -> 11[3] via P2P/MNNVL
node23D400688:1239:2619 [0] NCCL INFO Channel 10/0 : 8[0] -> 9[1] via P2P/MNNVL
node23D400688:1240:2618 [1] NCCL INFO Channel 12/0 : 9[1] -> 10[2] via P2P/MNNVL
node23D400688:1241:2617 [2] NCCL INFO Channel 12/0 : 10[2] -> 11[3] via P2P/MNNVL
node23D400688:1242:2616 [3] NCCL INFO Channel 11/0 : 11[3] -> 12[0] via P2P/MNNVL
node23D400688:1239:2619 [0] NCCL INFO Channel 11/0 : 8[0] -> 9[1] via P2P/MNNVL
node23D400688:1240:2618 [1] NCCL INFO Channel 13/0 : 9[1] -> 10[2] via P2P/MNNVL
node23D400688:1242:2616 [3] NCCL INFO Channel 12/0 : 11[3] -> 12[0] via P2P/MNNVL
node23D400688:1239:2619 [0] NCCL INFO Channel 12/0 : 8[0] -> 9[1] via P2P/MNNVL
node23D400688:1241:2617 [2] NCCL INFO Channel 13/0 : 10[2] -> 11[3] via P2P/MNNVL
node23D400688:1240:2618 [1] NCCL INFO Channel 14/0 : 9[1] -> 10[2] via P2P/MNNVL
node23D400688:1241:2617 [2] NCCL INFO Channel 14/0 : 10[2] -> 11[3] via P2P/MNNVL
node23D400688:1242:2616 [3] NCCL INFO Channel 13/0 : 11[3] -> 12[0] via P2P/MNNVL
node23D400688:1239:2619 [0] NCCL INFO Channel 13/0 : 8[0] -> 9[1] via P2P/MNNVL
node23D400688:1240:2618 [1] NCCL INFO Channel 15/0 : 9[1] -> 10[2] via P2P/MNNVL
node23D400688:1242:2616 [3] NCCL INFO Channel 14/0 : 11[3] -> 12[0] via P2P/MNNVL
node23D400688:1239:2619 [0] NCCL INFO Channel 14/0 : 8[0] -> 9[1] via P2P/MNNVL
node23D400688:1240:2618 [1] NCCL INFO Channel 16/0 : 9[1] -> 10[2] via P2P/MNNVL
node23D400688:1241:2617 [2] NCCL INFO Channel 15/0 : 10[2] -> 11[3] via P2P/MNNVL
node23D400688:1242:2616 [3] NCCL INFO Channel 15/0 : 11[3] -> 12[0] via P2P/MNNVL
node23D400688:1239:2619 [0] NCCL INFO Channel 15/0 : 8[0] -> 9[1] via P2P/MNNVL
node23D400688:1240:2618 [1] NCCL INFO Channel 17/0 : 9[1] -> 10[2] via P2P/MNNVL
node23D400688:1241:2617 [2] NCCL INFO Channel 16/0 : 10[2] -> 11[3] via P2P/MNNVL
node23D400688:1240:2618 [1] NCCL INFO Channel 18/0 : 9[1] -> 10[2] via P2P/MNNVL
node23D400688:1239:2619 [0] NCCL INFO Channel 16/0 : 8[0] -> 9[1] via P2P/MNNVL
node23D400688:1242:2616 [3] NCCL INFO Channel 16/0 : 11[3] -> 12[0] via P2P/MNNVL
node23D400688:1241:2617 [2] NCCL INFO Channel 17/0 : 10[2] -> 11[3] via P2P/MNNVL
node23D400688:1239:2619 [0] NCCL INFO Channel 17/0 : 8[0] -> 9[1] via P2P/MNNVL
node23D400688:1242:2616 [3] NCCL INFO Channel 17/0 : 11[3] -> 12[0] via P2P/MNNVL
node23D400688:1240:2618 [1] NCCL INFO Channel 19/0 : 9[1] -> 10[2] via P2P/MNNVL
node23D400688:1242:2616 [3] NCCL INFO Channel 18/0 : 11[3] -> 12[0] via P2P/MNNVL
node23D400688:1240:2618 [1] NCCL INFO Channel 20/0 : 9[1] -> 10[2] via P2P/MNNVL
node23D400688:1239:2619 [0] NCCL INFO Channel 18/0 : 8[0] -> 9[1] via P2P/MNNVL
node23D400688:1241:2617 [2] NCCL INFO Channel 18/0 : 10[2] -> 11[3] via P2P/MNNVL
node23D400688:1240:2618 [1] NCCL INFO Channel 21/0 : 9[1] -> 10[2] via P2P/MNNVL
node23D400688:1241:2617 [2] NCCL INFO Channel 19/0 : 10[2] -> 11[3] via P2P/MNNVL
node23D400688:1242:2616 [3] NCCL INFO Channel 19/0 : 11[3] -> 12[0] via P2P/MNNVL
node23D400688:1239:2619 [0] NCCL INFO Channel 19/0 : 8[0] -> 9[1] via P2P/MNNVL
node23D400688:1239:2619 [0] NCCL INFO Channel 20/0 : 8[0] -> 9[1] via P2P/MNNVL
node23D400688:1241:2617 [2] NCCL INFO Channel 20/0 : 10[2] -> 11[3] via P2P/MNNVL
node23D400688:1240:2618 [1] NCCL INFO Channel 22/0 : 9[1] -> 10[2] via P2P/MNNVL
node23D400688:1242:2616 [3] NCCL INFO Channel 20/0 : 11[3] -> 12[0] via P2P/MNNVL
node23D400688:1241:2617 [2] NCCL INFO Channel 21/0 : 10[2] -> 11[3] via P2P/MNNVL
node23D400688:1240:2618 [1] NCCL INFO Channel 23/0 : 9[1] -> 10[2] via P2P/MNNVL
node23D400688:1242:2616 [3] NCCL INFO Channel 21/0 : 11[3] -> 12[0] via P2P/MNNVL
node23D400688:1239:2619 [0] NCCL INFO Channel 21/0 : 8[0] -> 9[1] via P2P/MNNVL
node23D400688:1240:2618 [1] NCCL INFO Channel 24/0 : 9[1] -> 10[2] via P2P/MNNVL
node23D400688:1242:2616 [3] NCCL INFO Channel 22/0 : 11[3] -> 12[0] via P2P/MNNVL
node23D400688:1239:2619 [0] NCCL INFO Channel 22/0 : 8[0] -> 9[1] via P2P/MNNVL
node23D400688:1241:2617 [2] NCCL INFO Channel 22/0 : 10[2] -> 11[3] via P2P/MNNVL
node23D400688:1240:2618 [1] NCCL INFO Channel 25/0 : 9[1] -> 10[2] via P2P/MNNVL
node23D400688:1239:2619 [0] NCCL INFO Channel 23/0 : 8[0] -> 9[1] via P2P/MNNVL
node23D400688:1241:2617 [2] NCCL INFO Channel 23/0 : 10[2] -> 11[3] via P2P/MNNVL
node23D400688:1242:2616 [3] NCCL INFO Channel 23/0 : 11[3] -> 12[0] via P2P/MNNVL
node23D400688:1239:2619 [0] NCCL INFO Channel 24/0 : 8[0] -> 9[1] via P2P/MNNVL
node23D400688:1240:2618 [1] NCCL INFO Channel 26/0 : 9[1] -> 10[2] via P2P/MNNVL
node23D400688:1242:2616 [3] NCCL INFO Channel 24/0 : 11[3] -> 12[0] via P2P/MNNVL
node23D400688:1240:2618 [1] NCCL INFO Channel 27/0 : 9[1] -> 10[2] via P2P/MNNVL
node23D400688:1239:2619 [0] NCCL INFO Channel 25/0 : 8[0] -> 9[1] via P2P/MNNVL
node23D400688:1241:2617 [2] NCCL INFO Channel 24/0 : 10[2] -> 11[3] via P2P/MNNVL
node23D400688:1241:2617 [2] NCCL INFO Channel 25/0 : 10[2] -> 11[3] via P2P/MNNVL
node23D400688:1242:2616 [3] NCCL INFO Channel 25/0 : 11[3] -> 12[0] via P2P/MNNVL
node23D400688:1240:2618 [1] NCCL INFO Channel 28/0 : 9[1] -> 10[2] via P2P/MNNVL
node23D400688:1239:2619 [0] NCCL INFO Channel 26/0 : 8[0] -> 9[1] via P2P/MNNVL
node23D400688:1241:2617 [2] NCCL INFO Channel 26/0 : 10[2] -> 11[3] via P2P/MNNVL
node23D400688:1242:2616 [3] NCCL INFO Channel 26/0 : 11[3] -> 12[0] via P2P/MNNVL
node23D400688:1239:2619 [0] NCCL INFO Channel 27/0 : 8[0] -> 9[1] via P2P/MNNVL
node23D400688:1240:2618 [1] NCCL INFO Channel 29/0 : 9[1] -> 10[2] via P2P/MNNVL
node23D400688:1242:2616 [3] NCCL INFO Channel 27/0 : 11[3] -> 12[0] via P2P/MNNVL
node23D400688:1241:2617 [2] NCCL INFO Channel 27/0 : 10[2] -> 11[3] via P2P/MNNVL
node23D400688:1239:2619 [0] NCCL INFO Channel 28/0 : 8[0] -> 9[1] via P2P/MNNVL
node23D400688:1240:2618 [1] NCCL INFO Channel 30/0 : 9[1] -> 10[2] via P2P/MNNVL
node23D400688:1242:2616 [3] NCCL INFO Channel 28/0 : 11[3] -> 12[0] via P2P/MNNVL
node23D400688:1239:2619 [0] NCCL INFO Channel 29/0 : 8[0] -> 9[1] via P2P/MNNVL
node23D400688:1241:2617 [2] NCCL INFO Channel 28/0 : 10[2] -> 11[3] via P2P/MNNVL
node23D400688:1242:2616 [3] NCCL INFO Channel 29/0 : 11[3] -> 12[0] via P2P/MNNVL
node23D400688:1240:2618 [1] NCCL INFO Channel 31/0 : 9[1] -> 10[2] via P2P/MNNVL
node23D400688:1241:2617 [2] NCCL INFO Channel 29/0 : 10[2] -> 11[3] via P2P/MNNVL
node23D400688:1239:2619 [0] NCCL INFO Channel 30/0 : 8[0] -> 9[1] via P2P/MNNVL
node23D400688:1239:2619 [0] NCCL INFO Channel 31/0 : 8[0] -> 9[1] via P2P/MNNVL
node23D400688:1242:2616 [3] NCCL INFO Channel 30/0 : 11[3] -> 12[0] via P2P/MNNVL
node23D400688:1241:2617 [2] NCCL INFO Channel 30/0 : 10[2] -> 11[3] via P2P/MNNVL
node23D400688:1242:2616 [3] NCCL INFO Channel 31/0 : 11[3] -> 12[0] via P2P/MNNVL
node23D400688:1241:2617 [2] NCCL INFO Channel 31/0 : 10[2] -> 11[3] via P2P/MNNVL
node23D400688:1239:2619 [0] NCCL INFO Connected all rings, use ring PXN 0 GDR 1
node23D400688:1242:2616 [3] NCCL INFO Connected all rings, use ring PXN 0 GDR 1
node23D400688:1240:2618 [1] NCCL INFO Connected all rings, use ring PXN 0 GDR 1
node23D400688:1241:2617 [2] NCCL INFO Connected all rings, use ring PXN 0 GDR 1
[Rank 27] (after 1 iterations) memory (MB) | allocated: 84739.185546875 | max allocated: 92389.1875 | reserved: 85486.0 | max reserved: 92668.0[Rank 25] (after 1 iterations) memory (MB) | allocated: 84739.185546875 | max allocated: 92389.1875 | reserved: 85510.0 | max reserved: 92692.0

[Rank 24] (after 1 iterations) memory (MB) | allocated: 84739.185546875 | max allocated: 92389.1875 | reserved: 85460.0 | max reserved: 92684.0
[Rank 26] (after 1 iterations) memory (MB) | allocated: 84739.185546875 | max allocated: 92389.1875 | reserved: 85582.0 | max reserved: 92728.0
node23D400688:1239:2620 [0] NCCL INFO Channel 00/1 : 24[0] -> 0[0] via P2P/MNNVL
node23D400688:1240:2621 [1] NCCL INFO Channel 00/1 : 25[1] -> 0[0] via P2P/MNNVL
node23D400688:1242:2622 [3] NCCL INFO Channel 00/1 : 27[3] -> 0[0] via P2P/MNNVL
node23D400688:1241:2623 [2] NCCL INFO Channel 00/1 : 26[2] -> 0[0] via P2P/MNNVL
node23D400688:1240:2621 [1] NCCL INFO Channel 01/1 : 25[1] -> 0[0] via P2P/MNNVL
node23D400688:1241:2623 [2] NCCL INFO Channel 01/1 : 26[2] -> 0[0] via P2P/MNNVL
node23D400688:1239:2620 [0] NCCL INFO Channel 01/1 : 24[0] -> 0[0] via P2P/MNNVL
node23D400688:1240:2621 [1] NCCL INFO Channel 02/1 : 25[1] -> 0[0] via P2P/MNNVL
node23D400688:1242:2622 [3] NCCL INFO Channel 01/1 : 27[3] -> 0[0] via P2P/MNNVL
node23D400688:1241:2623 [2] NCCL INFO Channel 02/1 : 26[2] -> 0[0] via P2P/MNNVL
node23D400688:1240:2621 [1] NCCL INFO Channel 03/1 : 25[1] -> 0[0] via P2P/MNNVL
node23D400688:1239:2620 [0] NCCL INFO Channel 02/1 : 24[0] -> 0[0] via P2P/MNNVL
node23D400688:1242:2622 [3] NCCL INFO Channel 02/1 : 27[3] -> 0[0] via P2P/MNNVL
node23D400688:1241:2623 [2] NCCL INFO Channel 03/1 : 26[2] -> 0[0] via P2P/MNNVL
node23D400688:1239:2620 [0] NCCL INFO Channel 03/1 : 24[0] -> 0[0] via P2P/MNNVL
node23D400688:1240:2621 [1] NCCL INFO Channel 04/1 : 25[1] -> 0[0] via P2P/MNNVL
node23D400688:1242:2622 [3] NCCL INFO Channel 03/1 : 27[3] -> 0[0] via P2P/MNNVL
node23D400688:1241:2623 [2] NCCL INFO Channel 04/1 : 26[2] -> 0[0] via P2P/MNNVL
node23D400688:1239:2620 [0] NCCL INFO Channel 04/1 : 24[0] -> 0[0] via P2P/MNNVL
node23D400688:1242:2622 [3] NCCL INFO Channel 04/1 : 27[3] -> 0[0] via P2P/MNNVL
node23D400688:1241:2623 [2] NCCL INFO Channel 05/1 : 26[2] -> 0[0] via P2P/MNNVL
node23D400688:1240:2621 [1] NCCL INFO Channel 05/1 : 25[1] -> 0[0] via P2P/MNNVL
node23D400688:1241:2623 [2] NCCL INFO Channel 06/1 : 26[2] -> 0[0] via P2P/MNNVL
node23D400688:1239:2620 [0] NCCL INFO Channel 05/1 : 24[0] -> 0[0] via P2P/MNNVL
node23D400688:1240:2621 [1] NCCL INFO Channel 06/1 : 25[1] -> 0[0] via P2P/MNNVL
node23D400688:1242:2622 [3] NCCL INFO Channel 05/1 : 27[3] -> 0[0] via P2P/MNNVL
node23D400688:1240:2621 [1] NCCL INFO Channel 07/1 : 25[1] -> 0[0] via P2P/MNNVL
node23D400688:1239:2620 [0] NCCL INFO Channel 06/1 : 24[0] -> 0[0] via P2P/MNNVL
node23D400688:1241:2623 [2] NCCL INFO Channel 07/1 : 26[2] -> 0[0] via P2P/MNNVL
node23D400688:1242:2622 [3] NCCL INFO Channel 06/1 : 27[3] -> 0[0] via P2P/MNNVL
