node23D400662:1240:2096 [1] NCCL INFO Init timings - ncclCommInitRankConfig: rank 5 nranks 8 total 1.33 (kernels 0.00, alloc 0.00, bootstrap 0.46, allgathers 0.02, topo 0.68, graphs 0.00, connections 0.16, rest 0.00)
node23D400662:1242:2098 [3] NCCL INFO ncclCommInitRankConfig comm 0x2b331a80 rank 7 nranks 8 cudaDev 3 nvmlDev 3 busId 1901000 commId 0x657a3a08ed872126 - Init COMPLETE
node23D400662:1242:2098 [3] NCCL INFO Init timings - ncclCommInitRankConfig: rank 7 nranks 8 total 1.00 (kernels 0.00, alloc 0.00, bootstrap 0.13, allgathers 0.05, topo 0.66, graphs 0.00, connections 0.15, rest 0.01)
node23D400662:1242:2110 [3] NCCL INFO Channel 00/0 : 7[3] -> 0[0] via P2P/MNNVL
node23D400662:1242:2110 [3] NCCL INFO Channel 01/0 : 7[3] -> 0[0] via P2P/MNNVL
node23D400662:1242:2110 [3] NCCL INFO Channel 02/0 : 7[3] -> 0[0] via P2P/MNNVL
node23D400662:1241:2108 [2] NCCL INFO Channel 00/0 : 6[2] -> 7[3] via P2P/MNNVL
node23D400662:1241:2108 [2] NCCL INFO Channel 01/0 : 6[2] -> 7[3] via P2P/MNNVL
node23D400662:1242:2110 [3] NCCL INFO Channel 03/0 : 7[3] -> 0[0] via P2P/MNNVL
node23D400662:1239:2107 [0] NCCL INFO Channel 00/0 : 4[0] -> 5[1] via P2P/MNNVL
node23D400662:1240:2109 [1] NCCL INFO Channel 00/0 : 5[1] -> 6[2] via P2P/MNNVL
node23D400662:1242:2110 [3] NCCL INFO Channel 04/0 : 7[3] -> 0[0] via P2P/MNNVL
node23D400662:1241:2108 [2] NCCL INFO Channel 02/0 : 6[2] -> 7[3] via P2P/MNNVL
node23D400662:1239:2107 [0] NCCL INFO Channel 01/0 : 4[0] -> 5[1] via P2P/MNNVL
node23D400662:1241:2108 [2] NCCL INFO Channel 03/0 : 6[2] -> 7[3] via P2P/MNNVL
node23D400662:1242:2110 [3] NCCL INFO Channel 05/0 : 7[3] -> 0[0] via P2P/MNNVL
node23D400662:1240:2109 [1] NCCL INFO Channel 01/0 : 5[1] -> 6[2] via P2P/MNNVL
node23D400662:1239:2107 [0] NCCL INFO Channel 02/0 : 4[0] -> 5[1] via P2P/MNNVL
node23D400662:1241:2108 [2] NCCL INFO Channel 04/0 : 6[2] -> 7[3] via P2P/MNNVL
node23D400662:1242:2110 [3] NCCL INFO Channel 06/0 : 7[3] -> 0[0] via P2P/MNNVL
node23D400662:1241:2108 [2] NCCL INFO Channel 05/0 : 6[2] -> 7[3] via P2P/MNNVL
node23D400662:1240:2109 [1] NCCL INFO Channel 02/0 : 5[1] -> 6[2] via P2P/MNNVL
node23D400662:1239:2107 [0] NCCL INFO Channel 03/0 : 4[0] -> 5[1] via P2P/MNNVL
node23D400662:1241:2108 [2] NCCL INFO Channel 06/0 : 6[2] -> 7[3] via P2P/MNNVL
node23D400662:1239:2107 [0] NCCL INFO Channel 04/0 : 4[0] -> 5[1] via P2P/MNNVL
node23D400662:1240:2109 [1] NCCL INFO Channel 03/0 : 5[1] -> 6[2] via P2P/MNNVL
node23D400662:1242:2110 [3] NCCL INFO Channel 07/0 : 7[3] -> 0[0] via P2P/MNNVL
node23D400662:1241:2108 [2] NCCL INFO Channel 07/0 : 6[2] -> 7[3] via P2P/MNNVL
node23D400662:1242:2110 [3] NCCL INFO Channel 08/0 : 7[3] -> 0[0] via P2P/MNNVL
node23D400662:1240:2109 [1] NCCL INFO Channel 04/0 : 5[1] -> 6[2] via P2P/MNNVL
node23D400662:1239:2107 [0] NCCL INFO Channel 05/0 : 4[0] -> 5[1] via P2P/MNNVL
node23D400662:1242:2110 [3] NCCL INFO Channel 09/0 : 7[3] -> 0[0] via P2P/MNNVL
node23D400662:1241:2108 [2] NCCL INFO Channel 08/0 : 6[2] -> 7[3] via P2P/MNNVL
node23D400662:1241:2108 [2] NCCL INFO Channel 09/0 : 6[2] -> 7[3] via P2P/MNNVL
node23D400662:1242:2110 [3] NCCL INFO Channel 10/0 : 7[3] -> 0[0] via P2P/MNNVL
node23D400662:1240:2109 [1] NCCL INFO Channel 05/0 : 5[1] -> 6[2] via P2P/MNNVL
node23D400662:1239:2107 [0] NCCL INFO Channel 06/0 : 4[0] -> 5[1] via P2P/MNNVL
node23D400662:1242:2110 [3] NCCL INFO Channel 11/0 : 7[3] -> 0[0] via P2P/MNNVL
node23D400662:1239:2107 [0] NCCL INFO Channel 07/0 : 4[0] -> 5[1] via P2P/MNNVL
node23D400662:1241:2108 [2] NCCL INFO Channel 10/0 : 6[2] -> 7[3] via P2P/MNNVL
node23D400662:1240:2109 [1] NCCL INFO Channel 06/0 : 5[1] -> 6[2] via P2P/MNNVL
node23D400662:1242:2110 [3] NCCL INFO Channel 12/0 : 7[3] -> 0[0] via P2P/MNNVL
node23D400662:1241:2108 [2] NCCL INFO Channel 11/0 : 6[2] -> 7[3] via P2P/MNNVL
node23D400662:1239:2107 [0] NCCL INFO Channel 08/0 : 4[0] -> 5[1] via P2P/MNNVL
node23D400662:1239:2107 [0] NCCL INFO Channel 09/0 : 4[0] -> 5[1] via P2P/MNNVL
node23D400662:1242:2110 [3] NCCL INFO Channel 13/0 : 7[3] -> 0[0] via P2P/MNNVL
node23D400662:1241:2108 [2] NCCL INFO Channel 12/0 : 6[2] -> 7[3] via P2P/MNNVL
node23D400662:1240:2109 [1] NCCL INFO Channel 07/0 : 5[1] -> 6[2] via P2P/MNNVL
node23D400662:1241:2108 [2] NCCL INFO Channel 13/0 : 6[2] -> 7[3] via P2P/MNNVL
node23D400662:1239:2107 [0] NCCL INFO Channel 10/0 : 4[0] -> 5[1] via P2P/MNNVL
node23D400662:1242:2110 [3] NCCL INFO Channel 14/0 : 7[3] -> 0[0] via P2P/MNNVL
node23D400662:1240:2109 [1] NCCL INFO Channel 08/0 : 5[1] -> 6[2] via P2P/MNNVL
node23D400662:1241:2108 [2] NCCL INFO Channel 14/0 : 6[2] -> 7[3] via P2P/MNNVL
node23D400662:1242:2110 [3] NCCL INFO Channel 15/0 : 7[3] -> 0[0] via P2P/MNNVL
node23D400662:1240:2109 [1] NCCL INFO Channel 09/0 : 5[1] -> 6[2] via P2P/MNNVL
node23D400662:1239:2107 [0] NCCL INFO Channel 11/0 : 4[0] -> 5[1] via P2P/MNNVL
node23D400662:1241:2108 [2] NCCL INFO Channel 15/0 : 6[2] -> 7[3] via P2P/MNNVL
node23D400662:1240:2109 [1] NCCL INFO Channel 10/0 : 5[1] -> 6[2] via P2P/MNNVL
node23D400662:1242:2110 [3] NCCL INFO Channel 16/0 : 7[3] -> 0[0] via P2P/MNNVL
node23D400662:1239:2107 [0] NCCL INFO Channel 12/0 : 4[0] -> 5[1] via P2P/MNNVL
node23D400662:1240:2109 [1] NCCL INFO Channel 11/0 : 5[1] -> 6[2] via P2P/MNNVL
node23D400662:1239:2107 [0] NCCL INFO Channel 13/0 : 4[0] -> 5[1] via P2P/MNNVL
node23D400662:1242:2110 [3] NCCL INFO Channel 17/0 : 7[3] -> 0[0] via P2P/MNNVL
node23D400662:1241:2108 [2] NCCL INFO Channel 16/0 : 6[2] -> 7[3] via P2P/MNNVL
node23D400662:1240:2109 [1] NCCL INFO Channel 12/0 : 5[1] -> 6[2] via P2P/MNNVL
node23D400662:1242:2110 [3] NCCL INFO Channel 18/0 : 7[3] -> 0[0] via P2P/MNNVL
node23D400662:1239:2107 [0] NCCL INFO Channel 14/0 : 4[0] -> 5[1] via P2P/MNNVL
node23D400662:1241:2108 [2] NCCL INFO Channel 17/0 : 6[2] -> 7[3] via P2P/MNNVL
node23D400662:1242:2110 [3] NCCL INFO Channel 19/0 : 7[3] -> 0[0] via P2P/MNNVL
node23D400662:1240:2109 [1] NCCL INFO Channel 13/0 : 5[1] -> 6[2] via P2P/MNNVL
node23D400662:1239:2107 [0] NCCL INFO Channel 15/0 : 4[0] -> 5[1] via P2P/MNNVL
node23D400662:1241:2108 [2] NCCL INFO Channel 18/0 : 6[2] -> 7[3] via P2P/MNNVL
node23D400662:1242:2110 [3] NCCL INFO Channel 20/0 : 7[3] -> 0[0] via P2P/MNNVL
node23D400662:1241:2108 [2] NCCL INFO Channel 19/0 : 6[2] -> 7[3] via P2P/MNNVL
node23D400662:1242:2110 [3] NCCL INFO Channel 21/0 : 7[3] -> 0[0] via P2P/MNNVL
node23D400662:1240:2109 [1] NCCL INFO Channel 14/0 : 5[1] -> 6[2] via P2P/MNNVL
node23D400662:1239:2107 [0] NCCL INFO Channel 16/0 : 4[0] -> 5[1] via P2P/MNNVL
node23D400662:1242:2110 [3] NCCL INFO Channel 22/0 : 7[3] -> 0[0] via P2P/MNNVL
node23D400662:1241:2108 [2] NCCL INFO Channel 20/0 : 6[2] -> 7[3] via P2P/MNNVL
node23D400662:1241:2108 [2] NCCL INFO Channel 21/0 : 6[2] -> 7[3] via P2P/MNNVL
node23D400662:1242:2110 [3] NCCL INFO Channel 23/0 : 7[3] -> 0[0] via P2P/MNNVL
node23D400662:1239:2107 [0] NCCL INFO Channel 17/0 : 4[0] -> 5[1] via P2P/MNNVL
node23D400662:1240:2109 [1] NCCL INFO Channel 15/0 : 5[1] -> 6[2] via P2P/MNNVL
node23D400662:1241:2108 [2] NCCL INFO Channel 22/0 : 6[2] -> 7[3] via P2P/MNNVL
node23D400662:1242:2110 [3] NCCL INFO Channel 24/0 : 7[3] -> 0[0] via P2P/MNNVL
node23D400662:1240:2109 [1] NCCL INFO Channel 16/0 : 5[1] -> 6[2] via P2P/MNNVL
node23D400662:1239:2107 [0] NCCL INFO Channel 18/0 : 4[0] -> 5[1] via P2P/MNNVL
node23D400662:1241:2108 [2] NCCL INFO Channel 23/0 : 6[2] -> 7[3] via P2P/MNNVL
node23D400662:1239:2107 [0] NCCL INFO Channel 19/0 : 4[0] -> 5[1] via P2P/MNNVL
node23D400662:1240:2109 [1] NCCL INFO Channel 17/0 : 5[1] -> 6[2] via P2P/MNNVL
node23D400662:1242:2110 [3] NCCL INFO Channel 25/0 : 7[3] -> 0[0] via P2P/MNNVL
node23D400662:1240:2109 [1] NCCL INFO Channel 18/0 : 5[1] -> 6[2] via P2P/MNNVL
node23D400662:1241:2108 [2] NCCL INFO Channel 24/0 : 6[2] -> 7[3] via P2P/MNNVL
node23D400662:1239:2107 [0] NCCL INFO Channel 20/0 : 4[0] -> 5[1] via P2P/MNNVL
node23D400662:1242:2110 [3] NCCL INFO Channel 26/0 : 7[3] -> 0[0] via P2P/MNNVL
node23D400662:1241:2108 [2] NCCL INFO Channel 25/0 : 6[2] -> 7[3] via P2P/MNNVL
node23D400662:1239:2107 [0] NCCL INFO Channel 21/0 : 4[0] -> 5[1] via P2P/MNNVL
node23D400662:1240:2109 [1] NCCL INFO Channel 19/0 : 5[1] -> 6[2] via P2P/MNNVL
node23D400662:1242:2110 [3] NCCL INFO Channel 27/0 : 7[3] -> 0[0] via P2P/MNNVL
node23D400662:1239:2107 [0] NCCL INFO Channel 22/0 : 4[0] -> 5[1] via P2P/MNNVL
node23D400662:1241:2108 [2] NCCL INFO Channel 26/0 : 6[2] -> 7[3] via P2P/MNNVL
node23D400662:1240:2109 [1] NCCL INFO Channel 20/0 : 5[1] -> 6[2] via P2P/MNNVL
node23D400662:1242:2110 [3] NCCL INFO Channel 28/0 : 7[3] -> 0[0] via P2P/MNNVL
node23D400662:1240:2109 [1] NCCL INFO Channel 21/0 : 5[1] -> 6[2] via P2P/MNNVL
node23D400662:1239:2107 [0] NCCL INFO Channel 23/0 : 4[0] -> 5[1] via P2P/MNNVL
node23D400662:1241:2108 [2] NCCL INFO Channel 27/0 : 6[2] -> 7[3] via P2P/MNNVL
node23D400662:1242:2110 [3] NCCL INFO Channel 29/0 : 7[3] -> 0[0] via P2P/MNNVL
node23D400662:1240:2109 [1] NCCL INFO Channel 22/0 : 5[1] -> 6[2] via P2P/MNNVL
node23D400662:1239:2107 [0] NCCL INFO Channel 24/0 : 4[0] -> 5[1] via P2P/MNNVL
node23D400662:1242:2110 [3] NCCL INFO Channel 30/0 : 7[3] -> 0[0] via P2P/MNNVL
node23D400662:1241:2108 [2] NCCL INFO Channel 28/0 : 6[2] -> 7[3] via P2P/MNNVL
node23D400662:1239:2107 [0] NCCL INFO Channel 25/0 : 4[0] -> 5[1] via P2P/MNNVL
node23D400662:1242:2110 [3] NCCL INFO Channel 31/0 : 7[3] -> 0[0] via P2P/MNNVL
node23D400662:1241:2108 [2] NCCL INFO Channel 29/0 : 6[2] -> 7[3] via P2P/MNNVL
node23D400662:1240:2109 [1] NCCL INFO Channel 23/0 : 5[1] -> 6[2] via P2P/MNNVL
node23D400662:1239:2107 [0] NCCL INFO Channel 26/0 : 4[0] -> 5[1] via P2P/MNNVL
node23D400662:1240:2109 [1] NCCL INFO Channel 24/0 : 5[1] -> 6[2] via P2P/MNNVL
node23D400662:1241:2108 [2] NCCL INFO Channel 30/0 : 6[2] -> 7[3] via P2P/MNNVL
node23D400662:1239:2107 [0] NCCL INFO Channel 27/0 : 4[0] -> 5[1] via P2P/MNNVL
node23D400662:1240:2109 [1] NCCL INFO Channel 25/0 : 5[1] -> 6[2] via P2P/MNNVL
node23D400662:1239:2107 [0] NCCL INFO Channel 28/0 : 4[0] -> 5[1] via P2P/MNNVL
node23D400662:1241:2108 [2] NCCL INFO Channel 31/0 : 6[2] -> 7[3] via P2P/MNNVL
node23D400662:1240:2109 [1] NCCL INFO Channel 26/0 : 5[1] -> 6[2] via P2P/MNNVL
node23D400662:1239:2107 [0] NCCL INFO Channel 29/0 : 4[0] -> 5[1] via P2P/MNNVL
node23D400662:1240:2109 [1] NCCL INFO Channel 27/0 : 5[1] -> 6[2] via P2P/MNNVL
node23D400662:1239:2107 [0] NCCL INFO Channel 30/0 : 4[0] -> 5[1] via P2P/MNNVL
node23D400662:1240:2109 [1] NCCL INFO Channel 28/0 : 5[1] -> 6[2] via P2P/MNNVL
node23D400662:1239:2107 [0] NCCL INFO Channel 31/0 : 4[0] -> 5[1] via P2P/MNNVL
node23D400662:1240:2109 [1] NCCL INFO Channel 29/0 : 5[1] -> 6[2] via P2P/MNNVL
node23D400662:1240:2109 [1] NCCL INFO Channel 30/0 : 5[1] -> 6[2] via P2P/MNNVL
node23D400662:1240:2109 [1] NCCL INFO Channel 31/0 : 5[1] -> 6[2] via P2P/MNNVL
node23D400662:1242:2110 [3] NCCL INFO Connected all rings, use ring PXN 0 GDR 1
node23D400662:1241:2108 [2] NCCL INFO Connected all rings, use ring PXN 0 GDR 1
node23D400662:1240:2109 [1] NCCL INFO Connected all rings, use ring PXN 0 GDR 1
node23D400662:1239:2107 [0] NCCL INFO Connected all rings, use ring PXN 0 GDR 1
node23D400662:1241:1241 [2] NCCL INFO Comm config Blocking set to 1
node23D400662:1240:1240 [1] NCCL INFO Comm config Blocking set to 1
node23D400662:1242:1242 [3] NCCL INFO Comm config Blocking set to 1
node23D400662:1241:2111 [2] NCCL INFO Assigned NET plugin Socket to comm
node23D400662:1240:2112 [1] NCCL INFO Assigned NET plugin Socket to comm
node23D400662:1241:2111 [2] NCCL INFO Using network Socket
node23D400662:1242:2113 [3] NCCL INFO Assigned NET plugin Socket to comm
node23D400662:1240:2112 [1] NCCL INFO Using network Socket
node23D400662:1242:2113 [3] NCCL INFO Using network Socket
node23D400662:1242:2113 [3] NCCL INFO ncclCommInitRankConfig comm 0x2daad410 rank 1 nranks 2 cudaDev 3 nvmlDev 3 busId 1901000 commId 0x8815e10728255193 - Init START
node23D400662:1241:2111 [2] NCCL INFO ncclCommInitRankConfig comm 0x4f644d70 rank 1 nranks 2 cudaDev 2 nvmlDev 2 busId 1801000 commId 0x5c1b0ede183ef0bc - Init START
node23D400662:1240:2112 [1] NCCL INFO ncclCommInitRankConfig comm 0x50c529a0 rank 1 nranks 2 cudaDev 1 nvmlDev 1 busId 901000 commId 0xff62e2a12e1f4b4d - Init START
node23D400662:1242:2113 [3] NCCL INFO Bootstrap timings total 0.000958 (create 0.000035, send 0.000126, recv 0.000337, ring 0.000193, delay 0.000000)
node23D400662:1240:2112 [1] NCCL INFO Bootstrap timings total 0.001005 (create 0.000038, send 0.000166, recv 0.000359, ring 0.000223, delay 0.000000)
node23D400662:1241:2111 [2] NCCL INFO Bootstrap timings total 0.001033 (create 0.000031, send 0.000126, recv 0.000450, ring 0.000207, delay 0.000000)
node23D400662:1241:2111 [2] NCCL INFO MNNVL busId 0x1801000 fabric UUID aa48724aeeaad6a8.b34b901796a1c18d cliqueId 0x7ffe state 3 healthMask 0xaa
node23D400662:1242:2113 [3] NCCL INFO MNNVL busId 0x1901000 fabric UUID aa48724aeeaad6a8.b34b901796a1c18d cliqueId 0x7ffe state 3 healthMask 0xaa
node23D400662:1240:2112 [1] NCCL INFO MNNVL busId 0x901000 fabric UUID aa48724aeeaad6a8.b34b901796a1c18d cliqueId 0x7ffe state 3 healthMask 0xaa
node23D400662:1241:2111 [2] NCCL INFO MNNVL 1 cliqueId 7ffe cliqueSize 2 cliqueRank 1
node23D400662:1242:2113 [3] NCCL INFO MNNVL 1 cliqueId 7ffe cliqueSize 2 cliqueRank 1
node23D400662:1240:2112 [1] NCCL INFO MNNVL 1 cliqueId 7ffe cliqueSize 2 cliqueRank 1
node23D400662:1239:1239 [0] NCCL INFO Comm config Blocking set to 1
node23D400662:1239:2114 [0] NCCL INFO Assigned NET plugin Socket to comm
node23D400662:1239:2114 [0] NCCL INFO Using network Socket
node23D400662:1239:2114 [0] NCCL INFO ncclCommInitRankConfig comm 0x449390a0 rank 1 nranks 2 cudaDev 0 nvmlDev 0 busId 801000 commId 0xa1656d6ce7773c63 - Init START
node23D400662:1239:2114 [0] NCCL INFO Bootstrap timings total 0.000862 (create 0.000037, send 0.000155, recv 0.000293, ring 0.000147, delay 0.000000)
node23D400662:1239:2114 [0] NCCL INFO MNNVL busId 0x801000 fabric UUID aa48724aeeaad6a8.b34b901796a1c18d cliqueId 0x7ffe state 3 healthMask 0xaa
node23D400662:1239:2114 [0] NCCL INFO MNNVL 1 cliqueId 7ffe cliqueSize 2 cliqueRank 1
node23D400662:1242:2113 [3] NCCL INFO Setting affinity for GPU 3 to 72-143
node23D400662:1242:2113 [3] NCCL INFO comm 0x2daad410 rank 1 nRanks 2 nNodes 1 localRanks 2 localRank 1 MNNVL 1
node23D400662:1242:2113 [3] NCCL INFO Trees [0] -1/-1/-1->1->0 [1] -1/-1/-1->1->0 [2] -1/-1/-1->1->0 [3] -1/-1/-1->1->0 [4] -1/-1/-1->1->0 [5] -1/-1/-1->1->0 [6] -1/-1/-1->1->0 [7] -1/-1/-1->1->0 [8] 0/-1/-1->1->-1 [9] 0/-1/-1->1->-1 [10] 0/-1/-1->1->-1 [11] 0/-1/-1->1->-1 [12] 0/-1/-1->1->-1 [13] 0/-1/-1->1->-1 [14] 0/-1/-1->1->-1 [15] 0/-1/-1->1->-1 [16] -1/-1/-1->1->0 [17] -1/-1/-1->1->0 [18] -1/-1/-1->1->0 [19] -1/-1/-1->1->0 [20] -1/-1/-1->1->0 [21] -1/-1/-1->1->0 [22] -1/-1/-1->1->0 [23] -1/-1/-1->1->0 [24] 0/-1/-1->1->-1 [25] 0/-1/-1->1->-1 [26] 0/-1/-1->1->-1 [27] 0/-1/-1->1->-1 [28] 0/-1/-1->1->-1 [29] 0/-1/-1->1->-1 [30] 0/-1/-1->1->-1 [31] 0/-1/-1->1->-1
node23D400662:1242:2113 [3] NCCL INFO P2P Chunksize set to 524288
node23D400662:1242:2115 [3] NCCL INFO [Proxy Service] Device 3 CPU core 134
node23D400662:1242:2116 [3] NCCL INFO [Proxy Service UDS] Device 3 CPU core 135
node23D400662:1242:2113 [3] NCCL INFO threadThresholds 8/8/64 | 16/8/64 | 512 | 512
node23D400662:1242:2113 [3] NCCL INFO 32 coll channels, 32 collnet channels, 0 nvls channels, 32 p2p channels, 32 p2p channels per peer
node23D400662:1242:2113 [3] NCCL INFO ncclCommInitRankConfig comm 0x2daad410 rank 1 nranks 2 cudaDev 3 nvmlDev 3 busId 1901000 commId 0x8815e10728255193 - Init COMPLETE
node23D400662:1242:2113 [3] NCCL INFO Init timings - ncclCommInitRankConfig: rank 1 nranks 2 total 0.44 (kernels 0.00, alloc 0.00, bootstrap 0.00, allgathers 0.00, topo 0.40, graphs 0.00, connections 0.03, rest 0.01)
node23D400662:1241:2111 [2] NCCL INFO Setting affinity for GPU 2 to 72-143
node23D400662:1241:2111 [2] NCCL INFO comm 0x4f644d70 rank 1 nRanks 2 nNodes 1 localRanks 2 localRank 1 MNNVL 1
node23D400662:1241:2111 [2] NCCL INFO Trees [0] -1/-1/-1->1->0 [1] -1/-1/-1->1->0 [2] -1/-1/-1->1->0 [3] -1/-1/-1->1->0 [4] -1/-1/-1->1->0 [5] -1/-1/-1->1->0 [6] -1/-1/-1->1->0 [7] -1/-1/-1->1->0 [8] 0/-1/-1->1->-1 [9] 0/-1/-1->1->-1 [10] 0/-1/-1->1->-1 [11] 0/-1/-1->1->-1 [12] 0/-1/-1->1->-1 [13] 0/-1/-1->1->-1 [14] 0/-1/-1->1->-1 [15] 0/-1/-1->1->-1 [16] -1/-1/-1->1->0 [17] -1/-1/-1->1->0 [18] -1/-1/-1->1->0 [19] -1/-1/-1->1->0 [20] -1/-1/-1->1->0 [21] -1/-1/-1->1->0 [22] -1/-1/-1->1->0 [23] -1/-1/-1->1->0 [24] 0/-1/-1->1->-1 [25] 0/-1/-1->1->-1 [26] 0/-1/-1->1->-1 [27] 0/-1/-1->1->-1 [28] 0/-1/-1->1->-1 [29] 0/-1/-1->1->-1 [30] 0/-1/-1->1->-1 [31] 0/-1/-1->1->-1
node23D400662:1241:2111 [2] NCCL INFO P2P Chunksize set to 524288
node23D400662:1241:2118 [2] NCCL INFO [Proxy Service] Device 2 CPU core 139
node23D400662:1241:2119 [2] NCCL INFO [Proxy Service UDS] Device 2 CPU core 142
node23D400662:1240:2112 [1] NCCL INFO Setting affinity for GPU 1 to 0-71
node23D400662:1239:2114 [0] NCCL INFO Setting affinity for GPU 0 to 0-71
node23D400662:1239:2114 [0] NCCL INFO comm 0x449390a0 rank 1 nRanks 2 nNodes 1 localRanks 2 localRank 1 MNNVL 1
node23D400662:1239:2114 [0] NCCL INFO Trees [0] -1/-1/-1->1->0 [1] -1/-1/-1->1->0 [2] -1/-1/-1->1->0 [3] -1/-1/-1->1->0 [4] -1/-1/-1->1->0 [5] -1/-1/-1->1->0 [6] -1/-1/-1->1->0 [7] -1/-1/-1->1->0 [8] 0/-1/-1->1->-1 [9] 0/-1/-1->1->-1 [10] 0/-1/-1->1->-1 [11] 0/-1/-1->1->-1 [12] 0/-1/-1->1->-1 [13] 0/-1/-1->1->-1 [14] 0/-1/-1->1->-1 [15] 0/-1/-1->1->-1 [16] -1/-1/-1->1->0 [17] -1/-1/-1->1->0 [18] -1/-1/-1->1->0 [19] -1/-1/-1->1->0 [20] -1/-1/-1->1->0 [21] -1/-1/-1->1->0 [22] -1/-1/-1->1->0 [23] -1/-1/-1->1->0 [24] 0/-1/-1->1->-1 [25] 0/-1/-1->1->-1 [26] 0/-1/-1->1->-1 [27] 0/-1/-1->1->-1 [28] 0/-1/-1->1->-1 [29] 0/-1/-1->1->-1 [30] 0/-1/-1->1->-1 [31] 0/-1/-1->1->-1
node23D400662:1239:2114 [0] NCCL INFO P2P Chunksize set to 524288
node23D400662:1239:2120 [0] NCCL INFO [Proxy Service] Device 0 CPU core 2
node23D400662:1239:2121 [0] NCCL INFO [Proxy Service UDS] Device 0 CPU core 3
node23D400662:1240:2112 [1] NCCL INFO comm 0x50c529a0 rank 1 nRanks 2 nNodes 1 localRanks 2 localRank 1 MNNVL 1
node23D400662:1240:2112 [1] NCCL INFO Trees [0] -1/-1/-1->1->0 [1] -1/-1/-1->1->0 [2] -1/-1/-1->1->0 [3] -1/-1/-1->1->0 [4] -1/-1/-1->1->0 [5] -1/-1/-1->1->0 [6] -1/-1/-1->1->0 [7] -1/-1/-1->1->0 [8] 0/-1/-1->1->-1 [9] 0/-1/-1->1->-1 [10] 0/-1/-1->1->-1 [11] 0/-1/-1->1->-1 [12] 0/-1/-1->1->-1 [13] 0/-1/-1->1->-1 [14] 0/-1/-1->1->-1 [15] 0/-1/-1->1->-1 [16] -1/-1/-1->1->0 [17] -1/-1/-1->1->0 [18] -1/-1/-1->1->0 [19] -1/-1/-1->1->0 [20] -1/-1/-1->1->0 [21] -1/-1/-1->1->0 [22] -1/-1/-1->1->0 [23] -1/-1/-1->1->0 [24] 0/-1/-1->1->-1 [25] 0/-1/-1->1->-1 [26] 0/-1/-1->1->-1 [27] 0/-1/-1->1->-1 [28] 0/-1/-1->1->-1 [29] 0/-1/-1->1->-1 [30] 0/-1/-1->1->-1 [31] 0/-1/-1->1->-1
node23D400662:1240:2112 [1] NCCL INFO P2P Chunksize set to 524288
node23D400662:1240:2122 [1] NCCL INFO [Proxy Service] Device 1 CPU core 4
node23D400662:1240:2123 [1] NCCL INFO [Proxy Service UDS] Device 1 CPU core 5
node23D400662:1241:2111 [2] NCCL INFO threadThresholds 8/8/64 | 16/8/64 | 512 | 512
node23D400662:1241:2111 [2] NCCL INFO 32 coll channels, 32 collnet channels, 0 nvls channels, 32 p2p channels, 32 p2p channels per peer
node23D400662:1241:2111 [2] NCCL INFO ncclCommInitRankConfig comm 0x4f644d70 rank 1 nranks 2 cudaDev 2 nvmlDev 2 busId 1801000 commId 0x5c1b0ede183ef0bc - Init COMPLETE
node23D400662:1241:2111 [2] NCCL INFO Init timings - ncclCommInitRankConfig: rank 1 nranks 2 total 0.59 (kernels 0.00, alloc 0.00, bootstrap 0.00, allgathers 0.00, topo 0.44, graphs 0.00, connections 0.15, rest 0.00)
node23D400662:1242:2125 [3] NCCL INFO Channel 00/1 : 1[3] -> 0[3] via P2P/MNNVL
node23D400662:1239:2114 [0] NCCL INFO threadThresholds 8/8/64 | 16/8/64 | 512 | 512
node23D400662:1239:2114 [0] NCCL INFO 32 coll channels, 32 collnet channels, 0 nvls channels, 32 p2p channels, 32 p2p channels per peer
node23D400662:1242:2125 [3] NCCL INFO Channel 01/1 : 1[3] -> 0[3] via P2P/MNNVL
node23D400662:1242:2125 [3] NCCL INFO Channel 02/1 : 1[3] -> 0[3] via P2P/MNNVL
node23D400662:1240:2112 [1] NCCL INFO threadThresholds 8/8/64 | 16/8/64 | 512 | 512
node23D400662:1240:2112 [1] NCCL INFO 32 coll channels, 32 collnet channels, 0 nvls channels, 32 p2p channels, 32 p2p channels per peer
node23D400662:1242:2125 [3] NCCL INFO Channel 03/1 : 1[3] -> 0[3] via P2P/MNNVL
node23D400662:1239:2114 [0] NCCL INFO ncclCommInitRankConfig comm 0x449390a0 rank 1 nranks 2 cudaDev 0 nvmlDev 0 busId 801000 commId 0xa1656d6ce7773c63 - Init COMPLETE
node23D400662:1239:2114 [0] NCCL INFO Init timings - ncclCommInitRankConfig: rank 1 nranks 2 total 0.61 (kernels 0.00, alloc 0.00, bootstrap 0.00, allgathers 0.11, topo 0.21, graphs 0.00, connections 0.15, rest 0.14)
node23D400662:1242:2125 [3] NCCL INFO Channel 04/1 : 1[3] -> 0[3] via P2P/MNNVL
node23D400662:1240:2112 [1] NCCL INFO ncclCommInitRankConfig comm 0x50c529a0 rank 1 nranks 2 cudaDev 1 nvmlDev 1 busId 901000 commId 0xff62e2a12e1f4b4d - Init COMPLETE
node23D400662:1240:2112 [1] NCCL INFO Init timings - ncclCommInitRankConfig: rank 1 nranks 2 total 0.62 (kernels 0.00, alloc 0.00, bootstrap 0.00, allgathers 0.01, topo 0.45, graphs 0.00, connections 0.15, rest 0.00)
node23D400662:1242:2125 [3] NCCL INFO Channel 05/1 : 1[3] -> 0[3] via P2P/MNNVL
node23D400662:1242:2125 [3] NCCL INFO Channel 06/1 : 1[3] -> 0[3] via P2P/MNNVL
node23D400662:1242:2125 [3] NCCL INFO Channel 07/1 : 1[3] -> 0[3] via P2P/MNNVL
node23D400662:1242:2125 [3] NCCL INFO Channel 08/1 : 1[3] -> 0[3] via P2P/MNNVL
node23D400662:1242:2125 [3] NCCL INFO Channel 09/1 : 1[3] -> 0[3] via P2P/MNNVL
node23D400662:1242:2125 [3] NCCL INFO Channel 10/1 : 1[3] -> 0[3] via P2P/MNNVL
node23D400662:1242:2125 [3] NCCL INFO Channel 11/1 : 1[3] -> 0[3] via P2P/MNNVL
node23D400662:1242:2125 [3] NCCL INFO Channel 12/1 : 1[3] -> 0[3] via P2P/MNNVL
node23D400662:1242:2125 [3] NCCL INFO Channel 13/1 : 1[3] -> 0[3] via P2P/MNNVL
node23D400662:1242:2125 [3] NCCL INFO Channel 14/1 : 1[3] -> 0[3] via P2P/MNNVL
node23D400662:1242:2125 [3] NCCL INFO Channel 15/1 : 1[3] -> 0[3] via P2P/MNNVL
node23D400662:1242:2125 [3] NCCL INFO Channel 16/1 : 1[3] -> 0[3] via P2P/MNNVL
node23D400662:1242:2125 [3] NCCL INFO Channel 17/1 : 1[3] -> 0[3] via P2P/MNNVL
node23D400662:1242:2125 [3] NCCL INFO Channel 18/1 : 1[3] -> 0[3] via P2P/MNNVL
node23D400662:1242:2125 [3] NCCL INFO Channel 19/1 : 1[3] -> 0[3] via P2P/MNNVL
node23D400662:1242:2125 [3] NCCL INFO Channel 20/1 : 1[3] -> 0[3] via P2P/MNNVL
node23D400662:1242:2125 [3] NCCL INFO Channel 21/1 : 1[3] -> 0[3] via P2P/MNNVL
node23D400662:1242:2125 [3] NCCL INFO Channel 22/1 : 1[3] -> 0[3] via P2P/MNNVL
node23D400662:1242:2125 [3] NCCL INFO Channel 23/1 : 1[3] -> 0[3] via P2P/MNNVL
node23D400662:1242:2125 [3] NCCL INFO Channel 24/1 : 1[3] -> 0[3] via P2P/MNNVL
node23D400662:1242:2125 [3] NCCL INFO Channel 25/1 : 1[3] -> 0[3] via P2P/MNNVL
node23D400662:1242:2125 [3] NCCL INFO Channel 26/1 : 1[3] -> 0[3] via P2P/MNNVL
node23D400662:1242:2125 [3] NCCL INFO Channel 27/1 : 1[3] -> 0[3] via P2P/MNNVL
node23D400662:1242:2125 [3] NCCL INFO Channel 28/1 : 1[3] -> 0[3] via P2P/MNNVL
node23D400662:1242:2125 [3] NCCL INFO Channel 29/1 : 1[3] -> 0[3] via P2P/MNNVL
node23D400662:1242:2125 [3] NCCL INFO Channel 30/1 : 1[3] -> 0[3] via P2P/MNNVL
node23D400662:1242:2125 [3] NCCL INFO Channel 31/1 : 1[3] -> 0[3] via P2P/MNNVL
node23D400662:1241:2128 [2] NCCL INFO Channel 00/1 : 1[2] -> 0[2] via P2P/MNNVL
node23D400662:1241:2128 [2] NCCL INFO Channel 01/1 : 1[2] -> 0[2] via P2P/MNNVL
node23D400662:1241:2128 [2] NCCL INFO Channel 02/1 : 1[2] -> 0[2] via P2P/MNNVL
node23D400662:1241:2128 [2] NCCL INFO Channel 03/1 : 1[2] -> 0[2] via P2P/MNNVL
node23D400662:1241:2128 [2] NCCL INFO Channel 04/1 : 1[2] -> 0[2] via P2P/MNNVL
node23D400662:1241:2128 [2] NCCL INFO Channel 05/1 : 1[2] -> 0[2] via P2P/MNNVL
node23D400662:1241:2128 [2] NCCL INFO Channel 06/1 : 1[2] -> 0[2] via P2P/MNNVL
node23D400662:1241:2128 [2] NCCL INFO Channel 07/1 : 1[2] -> 0[2] via P2P/MNNVL
node23D400662:1241:2128 [2] NCCL INFO Channel 08/1 : 1[2] -> 0[2] via P2P/MNNVL
node23D400662:1241:2128 [2] NCCL INFO Channel 09/1 : 1[2] -> 0[2] via P2P/MNNVL
node23D400662:1241:2128 [2] NCCL INFO Channel 10/1 : 1[2] -> 0[2] via P2P/MNNVL
node23D400662:1241:2128 [2] NCCL INFO Channel 11/1 : 1[2] -> 0[2] via P2P/MNNVL
node23D400662:1241:2128 [2] NCCL INFO Channel 12/1 : 1[2] -> 0[2] via P2P/MNNVL
node23D400662:1241:2128 [2] NCCL INFO Channel 13/1 : 1[2] -> 0[2] via P2P/MNNVL
node23D400662:1241:2128 [2] NCCL INFO Channel 14/1 : 1[2] -> 0[2] via P2P/MNNVL
node23D400662:1241:2128 [2] NCCL INFO Channel 15/1 : 1[2] -> 0[2] via P2P/MNNVL
node23D400662:1241:2128 [2] NCCL INFO Channel 16/1 : 1[2] -> 0[2] via P2P/MNNVL
node23D400662:1241:2128 [2] NCCL INFO Channel 17/1 : 1[2] -> 0[2] via P2P/MNNVL
node23D400662:1241:2128 [2] NCCL INFO Channel 18/1 : 1[2] -> 0[2] via P2P/MNNVL
node23D400662:1241:2128 [2] NCCL INFO Channel 19/1 : 1[2] -> 0[2] via P2P/MNNVL
node23D400662:1241:2128 [2] NCCL INFO Channel 20/1 : 1[2] -> 0[2] via P2P/MNNVL
node23D400662:1241:2128 [2] NCCL INFO Channel 21/1 : 1[2] -> 0[2] via P2P/MNNVL
node23D400662:1241:2128 [2] NCCL INFO Channel 22/1 : 1[2] -> 0[2] via P2P/MNNVL
node23D400662:1241:2128 [2] NCCL INFO Channel 23/1 : 1[2] -> 0[2] via P2P/MNNVL
node23D400662:1241:2128 [2] NCCL INFO Channel 24/1 : 1[2] -> 0[2] via P2P/MNNVL
node23D400662:1241:2128 [2] NCCL INFO Channel 25/1 : 1[2] -> 0[2] via P2P/MNNVL
node23D400662:1241:2128 [2] NCCL INFO Channel 26/1 : 1[2] -> 0[2] via P2P/MNNVL
node23D400662:1241:2128 [2] NCCL INFO Channel 27/1 : 1[2] -> 0[2] via P2P/MNNVL
node23D400662:1241:2128 [2] NCCL INFO Channel 28/1 : 1[2] -> 0[2] via P2P/MNNVL
node23D400662:1241:2128 [2] NCCL INFO Channel 29/1 : 1[2] -> 0[2] via P2P/MNNVL
node23D400662:1241:2128 [2] NCCL INFO Channel 30/1 : 1[2] -> 0[2] via P2P/MNNVL
node23D400662:1241:2128 [2] NCCL INFO Channel 31/1 : 1[2] -> 0[2] via P2P/MNNVL
node23D400662:1240:2129 [1] NCCL INFO Channel 00/1 : 1[1] -> 0[1] via P2P/MNNVL
node23D400662:1240:2129 [1] NCCL INFO Channel 01/1 : 1[1] -> 0[1] via P2P/MNNVL
node23D400662:1240:2129 [1] NCCL INFO Channel 02/1 : 1[1] -> 0[1] via P2P/MNNVL
node23D400662:1240:2129 [1] NCCL INFO Channel 03/1 : 1[1] -> 0[1] via P2P/MNNVL
node23D400662:1240:2129 [1] NCCL INFO Channel 04/1 : 1[1] -> 0[1] via P2P/MNNVL
node23D400662:1240:2129 [1] NCCL INFO Channel 05/1 : 1[1] -> 0[1] via P2P/MNNVL
node23D400662:1240:2129 [1] NCCL INFO Channel 06/1 : 1[1] -> 0[1] via P2P/MNNVL
node23D400662:1240:2129 [1] NCCL INFO Channel 07/1 : 1[1] -> 0[1] via P2P/MNNVL
node23D400662:1240:2129 [1] NCCL INFO Channel 08/1 : 1[1] -> 0[1] via P2P/MNNVL
node23D400662:1240:2129 [1] NCCL INFO Channel 09/1 : 1[1] -> 0[1] via P2P/MNNVL
node23D400662:1240:2129 [1] NCCL INFO Channel 10/1 : 1[1] -> 0[1] via P2P/MNNVL
node23D400662:1240:2129 [1] NCCL INFO Channel 11/1 : 1[1] -> 0[1] via P2P/MNNVL
node23D400662:1240:2129 [1] NCCL INFO Channel 12/1 : 1[1] -> 0[1] via P2P/MNNVL
node23D400662:1240:2129 [1] NCCL INFO Channel 13/1 : 1[1] -> 0[1] via P2P/MNNVL
node23D400662:1240:2129 [1] NCCL INFO Channel 14/1 : 1[1] -> 0[1] via P2P/MNNVL
node23D400662:1240:2129 [1] NCCL INFO Channel 15/1 : 1[1] -> 0[1] via P2P/MNNVL
node23D400662:1240:2129 [1] NCCL INFO Channel 16/1 : 1[1] -> 0[1] via P2P/MNNVL
node23D400662:1240:2129 [1] NCCL INFO Channel 17/1 : 1[1] -> 0[1] via P2P/MNNVL
node23D400662:1240:2129 [1] NCCL INFO Channel 18/1 : 1[1] -> 0[1] via P2P/MNNVL
node23D400662:1240:2129 [1] NCCL INFO Channel 19/1 : 1[1] -> 0[1] via P2P/MNNVL
node23D400662:1240:2129 [1] NCCL INFO Channel 20/1 : 1[1] -> 0[1] via P2P/MNNVL
node23D400662:1240:2129 [1] NCCL INFO Channel 21/1 : 1[1] -> 0[1] via P2P/MNNVL
node23D400662:1240:2129 [1] NCCL INFO Channel 22/1 : 1[1] -> 0[1] via P2P/MNNVL
node23D400662:1240:2129 [1] NCCL INFO Channel 23/1 : 1[1] -> 0[1] via P2P/MNNVL
node23D400662:1240:2129 [1] NCCL INFO Channel 24/1 : 1[1] -> 0[1] via P2P/MNNVL
node23D400662:1240:2129 [1] NCCL INFO Channel 25/1 : 1[1] -> 0[1] via P2P/MNNVL
node23D400662:1240:2129 [1] NCCL INFO Channel 26/1 : 1[1] -> 0[1] via P2P/MNNVL
node23D400662:1240:2129 [1] NCCL INFO Channel 27/1 : 1[1] -> 0[1] via P2P/MNNVL
node23D400662:1240:2129 [1] NCCL INFO Channel 28/1 : 1[1] -> 0[1] via P2P/MNNVL
node23D400662:1240:2129 [1] NCCL INFO Channel 29/1 : 1[1] -> 0[1] via P2P/MNNVL
node23D400662:1240:2129 [1] NCCL INFO Channel 30/1 : 1[1] -> 0[1] via P2P/MNNVL
node23D400662:1240:2129 [1] NCCL INFO Channel 31/1 : 1[1] -> 0[1] via P2P/MNNVL
node23D400662:1239:2130 [0] NCCL INFO Channel 00/1 : 1[0] -> 0[0] via P2P/MNNVL
node23D400662:1239:2130 [0] NCCL INFO Channel 01/1 : 1[0] -> 0[0] via P2P/MNNVL
node23D400662:1239:2130 [0] NCCL INFO Channel 02/1 : 1[0] -> 0[0] via P2P/MNNVL
node23D400662:1239:2130 [0] NCCL INFO Channel 03/1 : 1[0] -> 0[0] via P2P/MNNVL
node23D400662:1239:2130 [0] NCCL INFO Channel 04/1 : 1[0] -> 0[0] via P2P/MNNVL
node23D400662:1239:2130 [0] NCCL INFO Channel 05/1 : 1[0] -> 0[0] via P2P/MNNVL
node23D400662:1239:2130 [0] NCCL INFO Channel 06/1 : 1[0] -> 0[0] via P2P/MNNVL
node23D400662:1239:2130 [0] NCCL INFO Channel 07/1 : 1[0] -> 0[0] via P2P/MNNVL
node23D400662:1239:2130 [0] NCCL INFO Channel 08/1 : 1[0] -> 0[0] via P2P/MNNVL
node23D400662:1239:2130 [0] NCCL INFO Channel 09/1 : 1[0] -> 0[0] via P2P/MNNVL
node23D400662:1239:2130 [0] NCCL INFO Channel 10/1 : 1[0] -> 0[0] via P2P/MNNVL
node23D400662:1239:2130 [0] NCCL INFO Channel 11/1 : 1[0] -> 0[0] via P2P/MNNVL
node23D400662:1239:2130 [0] NCCL INFO Channel 12/1 : 1[0] -> 0[0] via P2P/MNNVL
node23D400662:1239:2130 [0] NCCL INFO Channel 13/1 : 1[0] -> 0[0] via P2P/MNNVL
node23D400662:1239:2130 [0] NCCL INFO Channel 14/1 : 1[0] -> 0[0] via P2P/MNNVL
node23D400662:1239:2130 [0] NCCL INFO Channel 15/1 : 1[0] -> 0[0] via P2P/MNNVL
node23D400662:1239:2130 [0] NCCL INFO Channel 16/1 : 1[0] -> 0[0] via P2P/MNNVL
node23D400662:1239:2130 [0] NCCL INFO Channel 17/1 : 1[0] -> 0[0] via P2P/MNNVL
node23D400662:1239:2130 [0] NCCL INFO Channel 18/1 : 1[0] -> 0[0] via P2P/MNNVL
node23D400662:1239:2130 [0] NCCL INFO Channel 19/1 : 1[0] -> 0[0] via P2P/MNNVL
node23D400662:1239:2130 [0] NCCL INFO Channel 20/1 : 1[0] -> 0[0] via P2P/MNNVL
node23D400662:1239:2130 [0] NCCL INFO Channel 21/1 : 1[0] -> 0[0] via P2P/MNNVL
node23D400662:1239:2130 [0] NCCL INFO Channel 22/1 : 1[0] -> 0[0] via P2P/MNNVL
node23D400662:1239:2130 [0] NCCL INFO Channel 23/1 : 1[0] -> 0[0] via P2P/MNNVL
node23D400662:1239:2130 [0] NCCL INFO Channel 24/1 : 1[0] -> 0[0] via P2P/MNNVL
node23D400662:1239:2130 [0] NCCL INFO Channel 25/1 : 1[0] -> 0[0] via P2P/MNNVL
node23D400662:1239:2130 [0] NCCL INFO Channel 26/1 : 1[0] -> 0[0] via P2P/MNNVL
node23D400662:1239:2130 [0] NCCL INFO Channel 27/1 : 1[0] -> 0[0] via P2P/MNNVL
node23D400662:1239:2130 [0] NCCL INFO Channel 28/1 : 1[0] -> 0[0] via P2P/MNNVL
node23D400662:1239:2130 [0] NCCL INFO Channel 29/1 : 1[0] -> 0[0] via P2P/MNNVL
node23D400662:1239:2130 [0] NCCL INFO Channel 30/1 : 1[0] -> 0[0] via P2P/MNNVL
node23D400662:1239:2130 [0] NCCL INFO Channel 31/1 : 1[0] -> 0[0] via P2P/MNNVL
node23D400662:1241:1241 [2] NCCL INFO Comm config Blocking set to 1
node23D400662:1242:1242 [3] NCCL INFO Comm config Blocking set to 1
node23D400662:1239:1239 [0] NCCL INFO Comm config Blocking set to 1
node23D400662:1239:2481 [0] NCCL INFO Assigned NET plugin Socket to comm
node23D400662:1242:2480 [3] NCCL INFO Assigned NET plugin Socket to comm
node23D400662:1241:2479 [2] NCCL INFO Assigned NET plugin Socket to comm
node23D400662:1239:2481 [0] NCCL INFO Using network Socket
node23D400662:1242:2480 [3] NCCL INFO Using network Socket
node23D400662:1241:2479 [2] NCCL INFO Using network Socket
node23D400662:1241:2479 [2] NCCL INFO ncclCommInitRankConfig comm 0x50997b40 rank 14 nranks 16 cudaDev 2 nvmlDev 2 busId 1801000 commId 0x937ffe30f835f2d8 - Init START
node23D400662:1242:2480 [3] NCCL INFO ncclCommInitRankConfig comm 0x30362f50 rank 15 nranks 16 cudaDev 3 nvmlDev 3 busId 1901000 commId 0x937ffe30f835f2d8 - Init START
node23D400662:1239:2481 [0] NCCL INFO ncclCommInitRankConfig comm 0x45c918a0 rank 12 nranks 16 cudaDev 0 nvmlDev 0 busId 801000 commId 0x937ffe30f835f2d8 - Init START
node23D400662:1240:1240 [1] NCCL INFO Comm config Blocking set to 1
node23D400662:1240:2482 [1] NCCL INFO Assigned NET plugin Socket to comm
node23D400662:1240:2482 [1] NCCL INFO Using network Socket
node23D400662:1240:2482 [1] NCCL INFO ncclCommInitRankConfig comm 0x53326350 rank 13 nranks 16 cudaDev 1 nvmlDev 1 busId 901000 commId 0x937ffe30f835f2d8 - Init START
node23D400662:1241:2479 [2] NCCL INFO Bootstrap timings total 0.002988 (create 0.000051, send 0.000150, recv 0.000462, ring 0.000574, delay 0.000000)
node23D400662:1242:2480 [3] NCCL INFO Bootstrap timings total 0.002982 (create 0.000045, send 0.000196, recv 0.000587, ring 0.001949, delay 0.000000)
node23D400662:1239:2481 [0] NCCL INFO Bootstrap timings total 0.002945 (create 0.000026, send 0.000136, recv 0.001994, ring 0.000642, delay 0.000000)
node23D400662:1240:2482 [1] NCCL INFO Bootstrap timings total 0.001218 (create 0.000035, send 0.000150, recv 0.000314, ring 0.000566, delay 0.000000)
node23D400662:1241:2479 [2] NCCL INFO MNNVL busId 0x1801000 fabric UUID aa48724aeeaad6a8.b34b901796a1c18d cliqueId 0x7ffe state 3 healthMask 0xaa
node23D400662:1242:2480 [3] NCCL INFO MNNVL busId 0x1901000 fabric UUID aa48724aeeaad6a8.b34b901796a1c18d cliqueId 0x7ffe state 3 healthMask 0xaa
node23D400662:1240:2482 [1] NCCL INFO MNNVL busId 0x901000 fabric UUID aa48724aeeaad6a8.b34b901796a1c18d cliqueId 0x7ffe state 3 healthMask 0xaa
node23D400662:1239:2481 [0] NCCL INFO MNNVL busId 0x801000 fabric UUID aa48724aeeaad6a8.b34b901796a1c18d cliqueId 0x7ffe state 3 healthMask 0xaa
node23D400662:1242:2480 [3] NCCL INFO MNNVL 1 cliqueId 7ffe cliqueSize 16 cliqueRank 15
node23D400662:1241:2479 [2] NCCL INFO MNNVL 1 cliqueId 7ffe cliqueSize 16 cliqueRank 14
node23D400662:1240:2482 [1] NCCL INFO MNNVL 1 cliqueId 7ffe cliqueSize 16 cliqueRank 13
node23D400662:1239:2481 [0] NCCL INFO MNNVL 1 cliqueId 7ffe cliqueSize 16 cliqueRank 12
node23D400662:1242:2480 [3] NCCL INFO Setting affinity for GPU 3 to 72-143
node23D400662:1241:2479 [2] NCCL INFO Setting affinity for GPU 2 to 72-143
node23D400662:1240:2482 [1] NCCL INFO Setting affinity for GPU 1 to 0-71
node23D400662:1239:2481 [0] NCCL INFO Setting affinity for GPU 0 to 0-71
node23D400662:1242:2480 [3] NCCL INFO comm 0x30362f50 rank 15 nRanks 16 nNodes 1 localRanks 16 localRank 15 MNNVL 1
node23D400662:1242:2480 [3] NCCL INFO Trees [0] -1/-1/-1->15->14 [1] -1/-1/-1->15->14 [2] -1/-1/-1->15->14 [3] -1/-1/-1->15->14 [4] -1/-1/-1->15->14 [5] -1/-1/-1->15->14 [6] -1/-1/-1->15->14 [7] -1/-1/-1->15->14 [8] -1/-1/-1->15->14 [9] -1/-1/-1->15->14 [10] -1/-1/-1->15->14 [11] -1/-1/-1->15->14 [12] -1/-1/-1->15->14 [13] -1/-1/-1->15->14 [14] -1/-1/-1->15->14 [15] -1/-1/-1->15->14 [16] -1/-1/-1->15->14 [17] -1/-1/-1->15->14 [18] -1/-1/-1->15->14 [19] -1/-1/-1->15->14 [20] -1/-1/-1->15->14 [21] -1/-1/-1->15->14 [22] -1/-1/-1->15->14 [23] -1/-1/-1->15->14 [24] -1/-1/-1->15->14 [25] -1/-1/-1->15->14 [26] -1/-1/-1->15->14 [27] -1/-1/-1->15->14 [28] -1/-1/-1->15->14 [29] -1/-1/-1->15->14 [30] -1/-1/-1->15->14 [31] -1/-1/-1->15->14
node23D400662:1242:2480 [3] NCCL INFO P2P Chunksize set to 524288
node23D400662:1239:2481 [0] NCCL INFO comm 0x45c918a0 rank 12 nRanks 16 nNodes 1 localRanks 16 localRank 12 MNNVL 1
node23D400662:1241:2479 [2] NCCL INFO comm 0x50997b40 rank 14 nRanks 16 nNodes 1 localRanks 16 localRank 14 MNNVL 1
node23D400662:1240:2482 [1] NCCL INFO comm 0x53326350 rank 13 nRanks 16 nNodes 1 localRanks 16 localRank 13 MNNVL 1
node23D400662:1239:2481 [0] NCCL INFO Trees [0] 13/-1/-1->12->11 [1] 13/-1/-1->12->11 [2] 13/-1/-1->12->11 [3] 13/-1/-1->12->11 [4] 13/-1/-1->12->11 [5] 13/-1/-1->12->11 [6] 13/-1/-1->12->11 [7] 13/-1/-1->12->11 [8] 13/-1/-1->12->11 [9] 13/-1/-1->12->11 [10] 13/-1/-1->12->11 [11] 13/-1/-1->12->11 [12] 13/-1/-1->12->11 [13] 13/-1/-1->12->11 [14] 13/-1/-1->12->11 [15] 13/-1/-1->12->11 [16] 13/-1/-1->12->11 [17] 13/-1/-1->12->11 [18] 13/-1/-1->12->11 [19] 13/-1/-1->12->11 [20] 13/-1/-1->12->11 [21] 13/-1/-1->12->11 [22] 13/-1/-1->12->11 [23] 13/-1/-1->12->11 [24] 13/-1/-1->12->11 [25] 13/-1/-1->12->11 [26] 13/-1/-1->12->11 [27] 13/-1/-1->12->11 [28] 13/-1/-1->12->11 [29] 13/-1/-1->12->11 [30] 13/-1/-1->12->11 [31] 13/-1/-1->12->11
node23D400662:1239:2481 [0] NCCL INFO P2P Chunksize set to 524288
node23D400662:1241:2479 [2] NCCL INFO Trees [0] 15/-1/-1->14->13 [1] 15/-1/-1->14->13 [2] 15/-1/-1->14->13 [3] 15/-1/-1->14->13 [4] 15/-1/-1->14->13 [5] 15/-1/-1->14->13 [6] 15/-1/-1->14->13 [7] 15/-1/-1->14->13 [8] 15/-1/-1->14->13 [9] 15/-1/-1->14->13 [10] 15/-1/-1->14->13 [11] 15/-1/-1->14->13 [12] 15/-1/-1->14->13 [13] 15/-1/-1->14->13 [14] 15/-1/-1->14->13 [15] 15/-1/-1->14->13 [16] 15/-1/-1->14->13 [17] 15/-1/-1->14->13 [18] 15/-1/-1->14->13 [19] 15/-1/-1->14->13 [20] 15/-1/-1->14->13 [21] 15/-1/-1->14->13 [22] 15/-1/-1->14->13 [23] 15/-1/-1->14->13 [24] 15/-1/-1->14->13 [25] 15/-1/-1->14->13 [26] 15/-1/-1->14->13 [27] 15/-1/-1->14->13 [28] 15/-1/-1->14->13 [29] 15/-1/-1->14->13 [30] 15/-1/-1->14->13 [31] 15/-1/-1->14->13
node23D400662:1241:2479 [2] NCCL INFO P2P Chunksize set to 524288
node23D400662:1240:2482 [1] NCCL INFO Trees [0] 14/-1/-1->13->12 [1] 14/-1/-1->13->12 [2] 14/-1/-1->13->12 [3] 14/-1/-1->13->12 [4] 14/-1/-1->13->12 [5] 14/-1/-1->13->12 [6] 14/-1/-1->13->12 [7] 14/-1/-1->13->12 [8] 14/-1/-1->13->12 [9] 14/-1/-1->13->12 [10] 14/-1/-1->13->12 [11] 14/-1/-1->13->12 [12] 14/-1/-1->13->12 [13] 14/-1/-1->13->12 [14] 14/-1/-1->13->12 [15] 14/-1/-1->13->12 [16] 14/-1/-1->13->12 [17] 14/-1/-1->13->12 [18] 14/-1/-1->13->12 [19] 14/-1/-1->13->12 [20] 14/-1/-1->13->12 [21] 14/-1/-1->13->12 [22] 14/-1/-1->13->12 [23] 14/-1/-1->13->12 [24] 14/-1/-1->13->12 [25] 14/-1/-1->13->12 [26] 14/-1/-1->13->12 [27] 14/-1/-1->13->12 [28] 14/-1/-1->13->12 [29] 14/-1/-1->13->12 [30] 14/-1/-1->13->12 [31] 14/-1/-1->13->12
node23D400662:1240:2482 [1] NCCL INFO P2P Chunksize set to 524288
node23D400662:1242:2483 [3] NCCL INFO [Proxy Service] Device 3 CPU core 138
node23D400662:1242:2484 [3] NCCL INFO [Proxy Service UDS] Device 3 CPU core 140
node23D400662:1241:2486 [2] NCCL INFO [Proxy Service] Device 2 CPU core 141
node23D400662:1241:2488 [2] NCCL INFO [Proxy Service UDS] Device 2 CPU core 142
node23D400662:1240:2487 [1] NCCL INFO [Proxy Service] Device 1 CPU core 0
node23D400662:1239:2485 [0] NCCL INFO [Proxy Service] Device 0 CPU core 2
node23D400662:1239:2489 [0] NCCL INFO [Proxy Service UDS] Device 0 CPU core 3
node23D400662:1240:2490 [1] NCCL INFO [Proxy Service UDS] Device 1 CPU core 4
node23D400662:1241:2479 [2] NCCL INFO threadThresholds 8/8/64 | 128/8/64 | 512 | 512
node23D400662:1241:2479 [2] NCCL INFO 32 coll channels, 32 collnet channels, 0 nvls channels, 32 p2p channels, 32 p2p channels per peer
node23D400662:1242:2480 [3] NCCL INFO threadThresholds 8/8/64 | 128/8/64 | 512 | 512
node23D400662:1242:2480 [3] NCCL INFO 32 coll channels, 32 collnet channels, 0 nvls channels, 32 p2p channels, 32 p2p channels per peer
node23D400662:1240:2482 [1] NCCL INFO threadThresholds 8/8/64 | 128/8/64 | 512 | 512
node23D400662:1240:2482 [1] NCCL INFO 32 coll channels, 32 collnet channels, 0 nvls channels, 32 p2p channels, 32 p2p channels per peer
node23D400662:1239:2481 [0] NCCL INFO threadThresholds 8/8/64 | 128/8/64 | 512 | 512
node23D400662:1239:2481 [0] NCCL INFO 32 coll channels, 32 collnet channels, 0 nvls channels, 32 p2p channels, 32 p2p channels per peer
node23D400662:1239:2481 [0] NCCL INFO ncclCommInitRankConfig comm 0x45c918a0 rank 12 nranks 16 cudaDev 0 nvmlDev 0 busId 801000 commId 0x937ffe30f835f2d8 - Init COMPLETE
node23D400662:1240:2482 [1] NCCL INFO ncclCommInitRankConfig comm 0x53326350 rank 13 nranks 16 cudaDev 1 nvmlDev 1 busId 901000 commId 0x937ffe30f835f2d8 - Init COMPLETE
node23D400662:1239:2481 [0] NCCL INFO Init timings - ncclCommInitRankConfig: rank 12 nranks 16 total 1.09 (kernels 0.00, alloc 0.01, bootstrap 0.00, allgathers 0.03, topo 0.88, graphs 0.00, connections 0.16, rest 0.01)
node23D400662:1240:2482 [1] NCCL INFO Init timings - ncclCommInitRankConfig: rank 13 nranks 16 total 1.08 (kernels 0.00, alloc 0.00, bootstrap 0.00, allgathers 0.05, topo 0.86, graphs 0.00, connections 0.16, rest 0.01)
node23D400662:1242:2480 [3] NCCL INFO ncclCommInitRankConfig comm 0x30362f50 rank 15 nranks 16 cudaDev 3 nvmlDev 3 busId 1901000 commId 0x937ffe30f835f2d8 - Init COMPLETE
node23D400662:1241:2479 [2] NCCL INFO ncclCommInitRankConfig comm 0x50997b40 rank 14 nranks 16 cudaDev 2 nvmlDev 2 busId 1801000 commId 0x937ffe30f835f2d8 - Init COMPLETE
node23D400662:1242:2480 [3] NCCL INFO Init timings - ncclCommInitRankConfig: rank 15 nranks 16 total 1.09 (kernels 0.00, alloc 0.01, bootstrap 0.00, allgathers 0.05, topo 0.86, graphs 0.00, connections 0.15, rest 0.01)
node23D400662:1241:2479 [2] NCCL INFO Init timings - ncclCommInitRankConfig: rank 14 nranks 16 total 1.09 (kernels 0.00, alloc 0.01, bootstrap 0.00, allgathers 0.05, topo 0.86, graphs 0.00, connections 0.15, rest 0.01)
node23D400662:1241:2493 [2] NCCL INFO Channel 00/0 : 14[2] -> 15[3] via P2P/MNNVL
node23D400662:1242:2494 [3] NCCL INFO Channel 00/0 : 15[3] -> 0[0] via P2P/MNNVL
node23D400662:1241:2493 [2] NCCL INFO Channel 01/0 : 14[2] -> 15[3] via P2P/MNNVL
node23D400662:1242:2494 [3] NCCL INFO Channel 01/0 : 15[3] -> 0[0] via P2P/MNNVL
node23D400662:1239:2491 [0] NCCL INFO Channel 00/0 : 12[0] -> 13[1] via P2P/MNNVL
node23D400662:1241:2493 [2] NCCL INFO Channel 02/0 : 14[2] -> 15[3] via P2P/MNNVL
node23D400662:1242:2494 [3] NCCL INFO Channel 02/0 : 15[3] -> 0[0] via P2P/MNNVL
node23D400662:1239:2491 [0] NCCL INFO Channel 01/0 : 12[0] -> 13[1] via P2P/MNNVL
node23D400662:1240:2492 [1] NCCL INFO Channel 00/0 : 13[1] -> 14[2] via P2P/MNNVL
node23D400662:1241:2493 [2] NCCL INFO Channel 03/0 : 14[2] -> 15[3] via P2P/MNNVL
node23D400662:1242:2494 [3] NCCL INFO Channel 03/0 : 15[3] -> 0[0] via P2P/MNNVL
node23D400662:1239:2491 [0] NCCL INFO Channel 02/0 : 12[0] -> 13[1] via P2P/MNNVL
node23D400662:1240:2492 [1] NCCL INFO Channel 01/0 : 13[1] -> 14[2] via P2P/MNNVL
node23D400662:1241:2493 [2] NCCL INFO Channel 04/0 : 14[2] -> 15[3] via P2P/MNNVL
node23D400662:1242:2494 [3] NCCL INFO Channel 04/0 : 15[3] -> 0[0] via P2P/MNNVL
node23D400662:1241:2493 [2] NCCL INFO Channel 05/0 : 14[2] -> 15[3] via P2P/MNNVL
node23D400662:1242:2494 [3] NCCL INFO Channel 05/0 : 15[3] -> 0[0] via P2P/MNNVL
node23D400662:1240:2492 [1] NCCL INFO Channel 02/0 : 13[1] -> 14[2] via P2P/MNNVL
node23D400662:1239:2491 [0] NCCL INFO Channel 03/0 : 12[0] -> 13[1] via P2P/MNNVL
node23D400662:1241:2493 [2] NCCL INFO Channel 06/0 : 14[2] -> 15[3] via P2P/MNNVL
node23D400662:1239:2491 [0] NCCL INFO Channel 04/0 : 12[0] -> 13[1] via P2P/MNNVL
node23D400662:1242:2494 [3] NCCL INFO Channel 06/0 : 15[3] -> 0[0] via P2P/MNNVL
node23D400662:1240:2492 [1] NCCL INFO Channel 03/0 : 13[1] -> 14[2] via P2P/MNNVL
node23D400662:1241:2493 [2] NCCL INFO Channel 07/0 : 14[2] -> 15[3] via P2P/MNNVL
node23D400662:1239:2491 [0] NCCL INFO Channel 05/0 : 12[0] -> 13[1] via P2P/MNNVL
node23D400662:1242:2494 [3] NCCL INFO Channel 07/0 : 15[3] -> 0[0] via P2P/MNNVL
node23D400662:1240:2492 [1] NCCL INFO Channel 04/0 : 13[1] -> 14[2] via P2P/MNNVL
node23D400662:1239:2491 [0] NCCL INFO Channel 06/0 : 12[0] -> 13[1] via P2P/MNNVL
node23D400662:1241:2493 [2] NCCL INFO Channel 08/0 : 14[2] -> 15[3] via P2P/MNNVL
node23D400662:1242:2494 [3] NCCL INFO Channel 08/0 : 15[3] -> 0[0] via P2P/MNNVL
node23D400662:1240:2492 [1] NCCL INFO Channel 05/0 : 13[1] -> 14[2] via P2P/MNNVL
node23D400662:1242:2494 [3] NCCL INFO Channel 09/0 : 15[3] -> 0[0] via P2P/MNNVL
node23D400662:1239:2491 [0] NCCL INFO Channel 07/0 : 12[0] -> 13[1] via P2P/MNNVL
node23D400662:1241:2493 [2] NCCL INFO Channel 09/0 : 14[2] -> 15[3] via P2P/MNNVL
node23D400662:1242:2494 [3] NCCL INFO Channel 10/0 : 15[3] -> 0[0] via P2P/MNNVL
node23D400662:1239:2491 [0] NCCL INFO Channel 08/0 : 12[0] -> 13[1] via P2P/MNNVL
node23D400662:1240:2492 [1] NCCL INFO Channel 06/0 : 13[1] -> 14[2] via P2P/MNNVL
node23D400662:1242:2494 [3] NCCL INFO Channel 11/0 : 15[3] -> 0[0] via P2P/MNNVL
node23D400662:1241:2493 [2] NCCL INFO Channel 10/0 : 14[2] -> 15[3] via P2P/MNNVL
node23D400662:1239:2491 [0] NCCL INFO Channel 09/0 : 12[0] -> 13[1] via P2P/MNNVL
node23D400662:1240:2492 [1] NCCL INFO Channel 07/0 : 13[1] -> 14[2] via P2P/MNNVL
node23D400662:1242:2494 [3] NCCL INFO Channel 12/0 : 15[3] -> 0[0] via P2P/MNNVL
node23D400662:1241:2493 [2] NCCL INFO Channel 11/0 : 14[2] -> 15[3] via P2P/MNNVL
node23D400662:1239:2491 [0] NCCL INFO Channel 10/0 : 12[0] -> 13[1] via P2P/MNNVL
node23D400662:1240:2492 [1] NCCL INFO Channel 08/0 : 13[1] -> 14[2] via P2P/MNNVL
node23D400662:1242:2494 [3] NCCL INFO Channel 13/0 : 15[3] -> 0[0] via P2P/MNNVL
node23D400662:1239:2491 [0] NCCL INFO Channel 11/0 : 12[0] -> 13[1] via P2P/MNNVL
node23D400662:1241:2493 [2] NCCL INFO Channel 12/0 : 14[2] -> 15[3] via P2P/MNNVL
node23D400662:1240:2492 [1] NCCL INFO Channel 09/0 : 13[1] -> 14[2] via P2P/MNNVL
node23D400662:1242:2494 [3] NCCL INFO Channel 14/0 : 15[3] -> 0[0] via P2P/MNNVL
node23D400662:1239:2491 [0] NCCL INFO Channel 12/0 : 12[0] -> 13[1] via P2P/MNNVL
node23D400662:1241:2493 [2] NCCL INFO Channel 13/0 : 14[2] -> 15[3] via P2P/MNNVL
node23D400662:1242:2494 [3] NCCL INFO Channel 15/0 : 15[3] -> 0[0] via P2P/MNNVL
node23D400662:1240:2492 [1] NCCL INFO Channel 10/0 : 13[1] -> 14[2] via P2P/MNNVL
node23D400662:1239:2491 [0] NCCL INFO Channel 13/0 : 12[0] -> 13[1] via P2P/MNNVL
node23D400662:1242:2494 [3] NCCL INFO Channel 16/0 : 15[3] -> 0[0] via P2P/MNNVL
node23D400662:1241:2493 [2] NCCL INFO Channel 14/0 : 14[2] -> 15[3] via P2P/MNNVL
node23D400662:1239:2491 [0] NCCL INFO Channel 14/0 : 12[0] -> 13[1] via P2P/MNNVL
node23D400662:1240:2492 [1] NCCL INFO Channel 11/0 : 13[1] -> 14[2] via P2P/MNNVL
node23D400662:1241:2493 [2] NCCL INFO Channel 15/0 : 14[2] -> 15[3] via P2P/MNNVL
node23D400662:1242:2494 [3] NCCL INFO Channel 17/0 : 15[3] -> 0[0] via P2P/MNNVL
node23D400662:1240:2492 [1] NCCL INFO Channel 12/0 : 13[1] -> 14[2] via P2P/MNNVL
node23D400662:1239:2491 [0] NCCL INFO Channel 15/0 : 12[0] -> 13[1] via P2P/MNNVL
node23D400662:1241:2493 [2] NCCL INFO Channel 16/0 : 14[2] -> 15[3] via P2P/MNNVL
node23D400662:1240:2492 [1] NCCL INFO Channel 13/0 : 13[1] -> 14[2] via P2P/MNNVL
node23D400662:1242:2494 [3] NCCL INFO Channel 18/0 : 15[3] -> 0[0] via P2P/MNNVL
node23D400662:1239:2491 [0] NCCL INFO Channel 16/0 : 12[0] -> 13[1] via P2P/MNNVL
node23D400662:1241:2493 [2] NCCL INFO Channel 17/0 : 14[2] -> 15[3] via P2P/MNNVL
node23D400662:1240:2492 [1] NCCL INFO Channel 14/0 : 13[1] -> 14[2] via P2P/MNNVL
node23D400662:1241:2493 [2] NCCL INFO Channel 18/0 : 14[2] -> 15[3] via P2P/MNNVL
node23D400662:1242:2494 [3] NCCL INFO Channel 19/0 : 15[3] -> 0[0] via P2P/MNNVL
node23D400662:1239:2491 [0] NCCL INFO Channel 17/0 : 12[0] -> 13[1] via P2P/MNNVL
node23D400662:1241:2493 [2] NCCL INFO Channel 19/0 : 14[2] -> 15[3] via P2P/MNNVL
node23D400662:1242:2494 [3] NCCL INFO Channel 20/0 : 15[3] -> 0[0] via P2P/MNNVL
node23D400662:1240:2492 [1] NCCL INFO Channel 15/0 : 13[1] -> 14[2] via P2P/MNNVL
node23D400662:1239:2491 [0] NCCL INFO Channel 18/0 : 12[0] -> 13[1] via P2P/MNNVL
node23D400662:1241:2493 [2] NCCL INFO Channel 20/0 : 14[2] -> 15[3] via P2P/MNNVL
node23D400662:1242:2494 [3] NCCL INFO Channel 21/0 : 15[3] -> 0[0] via P2P/MNNVL
node23D400662:1240:2492 [1] NCCL INFO Channel 16/0 : 13[1] -> 14[2] via P2P/MNNVL
node23D400662:1239:2491 [0] NCCL INFO Channel 19/0 : 12[0] -> 13[1] via P2P/MNNVL
node23D400662:1241:2493 [2] NCCL INFO Channel 21/0 : 14[2] -> 15[3] via P2P/MNNVL
node23D400662:1239:2491 [0] NCCL INFO Channel 20/0 : 12[0] -> 13[1] via P2P/MNNVL
node23D400662:1240:2492 [1] NCCL INFO Channel 17/0 : 13[1] -> 14[2] via P2P/MNNVL
node23D400662:1242:2494 [3] NCCL INFO Channel 22/0 : 15[3] -> 0[0] via P2P/MNNVL
node23D400662:1239:2491 [0] NCCL INFO Channel 21/0 : 12[0] -> 13[1] via P2P/MNNVL
node23D400662:1241:2493 [2] NCCL INFO Channel 22/0 : 14[2] -> 15[3] via P2P/MNNVL
node23D400662:1242:2494 [3] NCCL INFO Channel 23/0 : 15[3] -> 0[0] via P2P/MNNVL
node23D400662:1239:2491 [0] NCCL INFO Channel 22/0 : 12[0] -> 13[1] via P2P/MNNVL
node23D400662:1240:2492 [1] NCCL INFO Channel 18/0 : 13[1] -> 14[2] via P2P/MNNVL
node23D400662:1242:2494 [3] NCCL INFO Channel 24/0 : 15[3] -> 0[0] via P2P/MNNVL
node23D400662:1241:2493 [2] NCCL INFO Channel 23/0 : 14[2] -> 15[3] via P2P/MNNVL
node23D400662:1240:2492 [1] NCCL INFO Channel 19/0 : 13[1] -> 14[2] via P2P/MNNVL
node23D400662:1242:2494 [3] NCCL INFO Channel 25/0 : 15[3] -> 0[0] via P2P/MNNVL
node23D400662:1239:2491 [0] NCCL INFO Channel 23/0 : 12[0] -> 13[1] via P2P/MNNVL
node23D400662:1241:2493 [2] NCCL INFO Channel 24/0 : 14[2] -> 15[3] via P2P/MNNVL
node23D400662:1240:2492 [1] NCCL INFO Channel 20/0 : 13[1] -> 14[2] via P2P/MNNVL
node23D400662:1239:2491 [0] NCCL INFO Channel 24/0 : 12[0] -> 13[1] via P2P/MNNVL
node23D400662:1242:2494 [3] NCCL INFO Channel 26/0 : 15[3] -> 0[0] via P2P/MNNVL
node23D400662:1242:2494 [3] NCCL INFO Channel 27/0 : 15[3] -> 0[0] via P2P/MNNVL
node23D400662:1241:2493 [2] NCCL INFO Channel 25/0 : 14[2] -> 15[3] via P2P/MNNVL
node23D400662:1239:2491 [0] NCCL INFO Channel 25/0 : 12[0] -> 13[1] via P2P/MNNVL
node23D400662:1240:2492 [1] NCCL INFO Channel 21/0 : 13[1] -> 14[2] via P2P/MNNVL
node23D400662:1242:2494 [3] NCCL INFO Channel 28/0 : 15[3] -> 0[0] via P2P/MNNVL
node23D400662:1241:2493 [2] NCCL INFO Channel 26/0 : 14[2] -> 15[3] via P2P/MNNVL
node23D400662:1241:2493 [2] NCCL INFO Channel 27/0 : 14[2] -> 15[3] via P2P/MNNVL
node23D400662:1240:2492 [1] NCCL INFO Channel 22/0 : 13[1] -> 14[2] via P2P/MNNVL
node23D400662:1242:2494 [3] NCCL INFO Channel 29/0 : 15[3] -> 0[0] via P2P/MNNVL
node23D400662:1239:2491 [0] NCCL INFO Channel 26/0 : 12[0] -> 13[1] via P2P/MNNVL
