W1116 04:16:13.924000 1174 torch/distributed/run.py:766] 
W1116 04:16:13.924000 1174 torch/distributed/run.py:766] *****************************************
W1116 04:16:13.924000 1174 torch/distributed/run.py:766] Setting OMP_NUM_THREADS environment variable for each process to be 1 in default, to avoid your system being overloaded, please further tune the variable for optimal performance in your application as needed. 
W1116 04:16:13.924000 1174 torch/distributed/run.py:766] *****************************************
[Gloo] Rank [Gloo] Rank [Gloo] Rank [Gloo] Rank 0 is connected to 1 peer ranks. Expected number of connected peer ranks is : 1000
 is connected to  is connected to  is connected to 111 peer ranks.  peer ranks.  peer ranks. Expected number of connected peer ranks is : Expected number of connected peer ranks is : Expected number of connected peer ranks is : 111


[Gloo] Rank [Gloo] Rank 00 is connected to  is connected to 00 peer ranks.  peer ranks. Expected number of connected peer ranks is : Expected number of connected peer ranks is : 00

[Gloo] Rank 0 is connected to 0 peer ranks. Expected number of connected peer ranks is : 0
[Gloo] Rank 0 is connected to 0 peer ranks. Expected number of connected peer ranks is : 0
[Gloo] Rank 0 is connected to 1 peer ranks. Expected number of connected peer ranks is : 1
[Gloo] Rank 0 is connected to 1 peer ranks. Expected number of connected peer ranks is : 1
[Gloo] Rank 0 is connected to 1 peer ranks. Expected number of connected peer ranks is : 1
[Gloo] Rank 0 is connected to 1 peer ranks. Expected number of connected peer ranks is : 1
[rank34]:[W1116 04:16:46.791739936 ProcessGroupNCCL.cpp:4789] [PG ID 0 PG GUID 0 Rank 34]  using GPU 2 as device used by this process is currently unknown. This can potentially cause a hang if this rank to GPU mapping is incorrect. You can specify device_id in init_process_group() to force use of a particular device.
[rank35]:[W1116 04:16:46.791741088 ProcessGroupNCCL.cpp:4789] [PG ID 0 PG GUID 0 Rank 35]  using GPU 3 as device used by this process is currently unknown. This can potentially cause a hang if this rank to GPU mapping is incorrect. You can specify device_id in init_process_group() to force use of a particular device.
[rank33]:[W1116 04:16:46.791740352 ProcessGroupNCCL.cpp:4789] [PG ID 0 PG GUID 0 Rank 33]  using GPU 1 as device used by this process is currently unknown. This can potentially cause a hang if this rank to GPU mapping is incorrect. You can specify device_id in init_process_group() to force use of a particular device.
[rank32]:[W1116 04:16:46.185150100 ProcessGroupNCCL.cpp:4789] [PG ID 0 PG GUID 0 Rank 32]  using GPU 0 as device used by this process is currently unknown. This can potentially cause a hang if this rank to GPU mapping is incorrect. You can specify device_id in init_process_group() to force use of a particular device.
node23D400674:1242:1242 [3] NCCL INFO cudaDriverVersion 12080
node23D400674:1242:1242 [3] NCCL INFO Bootstrap: Using enP5p9s0:10.192.23.150<0>
node23D400674:1242:1242 [3] NCCL INFO NCCL version 2.27.3+cuda12.9
node23D400674:1242:1242 [3] NCCL INFO Comm config Blocking set to 1
node23D400674:1241:1241 [2] NCCL INFO cudaDriverVersion 12080
node23D400674:1239:1239 [0] NCCL INFO cudaDriverVersion 12080
node23D400674:1240:1240 [1] NCCL INFO cudaDriverVersion 12080
node23D400674:1241:1241 [2] NCCL INFO Bootstrap: Using enP5p9s0:10.192.23.150<0>
node23D400674:1240:1240 [1] NCCL INFO Bootstrap: Using enP5p9s0:10.192.23.150<0>
node23D400674:1241:1241 [2] NCCL INFO NCCL version 2.27.3+cuda12.9
node23D400674:1239:1239 [0] NCCL INFO Bootstrap: Using enP5p9s0:10.192.23.150<0>
node23D400674:1240:1240 [1] NCCL INFO NCCL version 2.27.3+cuda12.9
node23D400674:1239:1239 [0] NCCL INFO NCCL version 2.27.3+cuda12.9
node23D400674:1241:1241 [2] NCCL INFO Comm config Blocking set to 1
node23D400674:1240:1240 [1] NCCL INFO Comm config Blocking set to 1
node23D400674:1239:1239 [0] NCCL INFO Comm config Blocking set to 1
node23D400674:1242:1707 [3] NCCL INFO NET/Plugin: Plugin name set by env to libnccl-net.so
node23D400674:1241:1708 [2] NCCL INFO NET/Plugin: Plugin name set by env to libnccl-net.so
node23D400674:1240:1709 [1] NCCL INFO NET/Plugin: Plugin name set by env to libnccl-net.so
node23D400674:1242:1707 [3] NCCL INFO NET/Plugin: Loaded net plugin NCCL RDMA Plugin v10 (v10)
node23D400674:1241:1708 [2] NCCL INFO NET/Plugin: Loaded net plugin NCCL RDMA Plugin v10 (v10)
node23D400674:1242:1707 [3] NCCL INFO NET/Plugin: Loaded collnet plugin NCCL RDMA Plugin v10 (v10)
node23D400674:1240:1709 [1] NCCL INFO NET/Plugin: Loaded net plugin NCCL RDMA Plugin v10 (v10)
node23D400674:1241:1708 [2] NCCL INFO NET/Plugin: Loaded collnet plugin NCCL RDMA Plugin v10 (v10)
node23D400674:1242:1707 [3] NCCL INFO Successfully loaded external plugin libnccl-net.so
node23D400674:1240:1709 [1] NCCL INFO NET/Plugin: Loaded collnet plugin NCCL RDMA Plugin v10 (v10)
node23D400674:1241:1708 [2] NCCL INFO Successfully loaded external plugin libnccl-net.so
node23D400674:1240:1709 [1] NCCL INFO Successfully loaded external plugin libnccl-net.so
node23D400674:1241:1708 [2] NCCL INFO Plugin Path : /opt/hpcx/nccl_rdma_sharp_plugin/lib/libnccl-net.so
node23D400674:1242:1707 [3] NCCL INFO Plugin Path : /opt/hpcx/nccl_rdma_sharp_plugin/lib/libnccl-net.so
node23D400674:1241:1708 [2] NCCL INFO P2P plugin v10 IBext_v10
node23D400674:1242:1707 [3] NCCL INFO P2P plugin v10 IBext_v10
node23D400674:1240:1709 [1] NCCL INFO Plugin Path : /opt/hpcx/nccl_rdma_sharp_plugin/lib/libnccl-net.so
node23D400674:1240:1709 [1] NCCL INFO P2P plugin v10 IBext_v10
node23D400674:1239:1710 [0] NCCL INFO NET/Plugin: Plugin name set by env to libnccl-net.so
node23D400674:1239:1710 [0] NCCL INFO NET/Plugin: Loaded net plugin NCCL RDMA Plugin v10 (v10)
node23D400674:1239:1710 [0] NCCL INFO NET/Plugin: Loaded collnet plugin NCCL RDMA Plugin v10 (v10)
node23D400674:1239:1710 [0] NCCL INFO Successfully loaded external plugin libnccl-net.so
node23D400674:1239:1710 [0] NCCL INFO Plugin Path : /opt/hpcx/nccl_rdma_sharp_plugin/lib/libnccl-net.so
node23D400674:1239:1710 [0] NCCL INFO P2P plugin v10 IBext_v10
node23D400674:1242:1707 [3] NCCL INFO NET/IB : No device found.
node23D400674:1242:1707 [3] NCCL INFO NET/IB : Using [RO]; OOB enP5p9s0:10.192.23.150<0>
node23D400674:1240:1709 [1] NCCL INFO NET/IB : No device found.
node23D400674:1240:1709 [1] NCCL INFO NET/IB : Using [RO]; OOB enP5p9s0:10.192.23.150<0>
node23D400674:1239:1710 [0] NCCL INFO NET/IB : No device found.
node23D400674:1241:1708 [2] NCCL INFO NET/IB : No device found.
node23D400674:1239:1710 [0] NCCL INFO NET/IB : Using [RO]; OOB enP5p9s0:10.192.23.150<0>
node23D400674:1241:1708 [2] NCCL INFO NET/IB : Using [RO]; OOB enP5p9s0:10.192.23.150<0>
node23D400674:1241:1708 [2] NCCL INFO NET/IB : No device found.
node23D400674:1241:1708 [2] NCCL INFO NET/IB : Using [RO]; OOB enP5p9s0:10.192.23.150<0>
node23D400674:1241:1708 [2] NCCL INFO NET/Socket : Using [0]enP5p9s0:10.192.23.150<0>
node23D400674:1241:1708 [2] NCCL INFO Initialized NET plugin Socket
node23D400674:1241:1708 [2] NCCL INFO Assigned NET plugin Socket to comm
node23D400674:1241:1708 [2] NCCL INFO Using network Socket
node23D400674:1242:1707 [3] NCCL INFO NET/IB : No device found.
node23D400674:1242:1707 [3] NCCL INFO NET/IB : Using [RO]; OOB enP5p9s0:10.192.23.150<0>
node23D400674:1242:1707 [3] NCCL INFO NET/Socket : Using [0]enP5p9s0:10.192.23.150<0>
node23D400674:1242:1707 [3] NCCL INFO Initialized NET plugin Socket
node23D400674:1242:1707 [3] NCCL INFO Assigned NET plugin Socket to comm
node23D400674:1242:1707 [3] NCCL INFO Using network Socket
node23D400674:1239:1710 [0] NCCL INFO NET/IB : No device found.
node23D400674:1240:1709 [1] NCCL INFO NET/IB : No device found.
node23D400674:1239:1710 [0] NCCL INFO NET/IB : Using [RO]; OOB enP5p9s0:10.192.23.150<0>
node23D400674:1240:1709 [1] NCCL INFO NET/IB : Using [RO]; OOB enP5p9s0:10.192.23.150<0>
node23D400674:1240:1709 [1] NCCL INFO NET/Socket : Using [0]enP5p9s0:10.192.23.150<0>
node23D400674:1240:1709 [1] NCCL INFO Initialized NET plugin Socket
node23D400674:1240:1709 [1] NCCL INFO Assigned NET plugin Socket to comm
node23D400674:1240:1709 [1] NCCL INFO Using network Socket
node23D400674:1239:1710 [0] NCCL INFO NET/Socket : Using [0]enP5p9s0:10.192.23.150<0>
node23D400674:1239:1710 [0] NCCL INFO Initialized NET plugin Socket
node23D400674:1239:1710 [0] NCCL INFO Assigned NET plugin Socket to comm
node23D400674:1239:1710 [0] NCCL INFO Using network Socket
node23D400674:1241:1708 [2] NCCL INFO ncclCommInitRankConfig comm 0x4bdbe210 rank 34 nranks 64 cudaDev 2 nvmlDev 2 busId 1801000 commId 0x75c27e0d7f7ac035 - Init START
node23D400674:1242:1707 [3] NCCL INFO ncclCommInitRankConfig comm 0x30268310 rank 35 nranks 64 cudaDev 3 nvmlDev 3 busId 1901000 commId 0x75c27e0d7f7ac035 - Init START
node23D400674:1240:1709 [1] NCCL INFO ncclCommInitRankConfig comm 0x147dc480 rank 33 nranks 64 cudaDev 1 nvmlDev 1 busId 901000 commId 0x75c27e0d7f7ac035 - Init START
node23D400674:1239:1710 [0] NCCL INFO ncclCommInitRankConfig comm 0x189bb440 rank 32 nranks 64 cudaDev 0 nvmlDev 0 busId 801000 commId 0x75c27e0d7f7ac035 - Init START
node23D400674:1242:1707 [3] NCCL INFO RAS client listening socket at 127.0.0.1<28028>
node23D400674:1241:1708 [2] NCCL INFO RAS client listening socket at 127.0.0.1<28028>
node23D400674:1240:1709 [1] NCCL INFO RAS client listening socket at 127.0.0.1<28028>
node23D400674:1239:1710 [0] NCCL INFO RAS client listening socket at 127.0.0.1<28028>
node23D400674:1239:1710 [0] NCCL INFO Bootstrap timings total 0.010076 (create 0.000041, send 0.000268, recv 0.000545, ring 0.008748, delay 0.000001)
node23D400674:1242:1707 [3] NCCL INFO Bootstrap timings total 0.010196 (create 0.000035, send 0.000131, recv 0.000365, ring 0.009246, delay 0.000000)
node23D400674:1241:1708 [2] NCCL INFO Bootstrap timings total 0.011905 (create 0.000057, send 0.000183, recv 0.001925, ring 0.009247, delay 0.000000)
node23D400674:1240:1709 [1] NCCL INFO Bootstrap timings total 0.010183 (create 0.000035, send 0.000164, recv 0.000458, ring 0.008870, delay 0.000000)
node23D400674:1240:1709 [1] NCCL INFO MNNVL busId 0x901000 fabric UUID aa48724aeeaad6a8.b34b901796a1c18d cliqueId 0x7ffe state 3 healthMask 0xaa
node23D400674:1242:1707 [3] NCCL INFO MNNVL busId 0x1901000 fabric UUID aa48724aeeaad6a8.b34b901796a1c18d cliqueId 0x7ffe state 3 healthMask 0xaa
node23D400674:1239:1710 [0] NCCL INFO MNNVL busId 0x801000 fabric UUID aa48724aeeaad6a8.b34b901796a1c18d cliqueId 0x7ffe state 3 healthMask 0xaa
node23D400674:1241:1708 [2] NCCL INFO MNNVL busId 0x1801000 fabric UUID aa48724aeeaad6a8.b34b901796a1c18d cliqueId 0x7ffe state 3 healthMask 0xaa
node23D400674:1240:1709 [1] NCCL INFO MNNVL 1 cliqueId 7ffe cliqueSize 64 cliqueRank 33
node23D400674:1241:1708 [2] NCCL INFO MNNVL 1 cliqueId 7ffe cliqueSize 64 cliqueRank 34
node23D400674:1242:1707 [3] NCCL INFO MNNVL 1 cliqueId 7ffe cliqueSize 64 cliqueRank 35
node23D400674:1239:1710 [0] NCCL INFO MNNVL 1 cliqueId 7ffe cliqueSize 64 cliqueRank 32
node23D400674:1242:1707 [3] NCCL INFO Setting affinity for GPU 3 to 72-143
node23D400674:1242:1707 [3] NCCL INFO NCCL_NVLS_ENABLE set by environment to 0.
node23D400674:1241:1708 [2] NCCL INFO Setting affinity for GPU 2 to 72-143
node23D400674:1241:1708 [2] NCCL INFO NCCL_NVLS_ENABLE set by environment to 0.
node23D400674:1240:1709 [1] NCCL INFO Setting affinity for GPU 1 to 0-71
node23D400674:1240:1709 [1] NCCL INFO NCCL_NVLS_ENABLE set by environment to 0.
node23D400674:1239:1710 [0] NCCL INFO Setting affinity for GPU 0 to 0-71
node23D400674:1239:1710 [0] NCCL INFO NCCL_NVLS_ENABLE set by environment to 0.
node23D400674:1242:1707 [3] NCCL INFO comm 0x30268310 rank 35 nRanks 64 nNodes 1 localRanks 64 localRank 35 MNNVL 1
node23D400674:1242:1707 [3] NCCL INFO Trees [0] 36/-1/-1->35->34 [1] 36/-1/-1->35->34 [2] 36/-1/-1->35->34 [3] 36/-1/-1->35->34 [4] 36/-1/-1->35->34 [5] 36/-1/-1->35->34 [6] 36/-1/-1->35->34 [7] 36/-1/-1->35->34 [8] 36/-1/-1->35->34 [9] 36/-1/-1->35->34 [10] 36/-1/-1->35->34 [11] 36/-1/-1->35->34 [12] 36/-1/-1->35->34 [13] 36/-1/-1->35->34 [14] 36/-1/-1->35->34 [15] 36/-1/-1->35->34 [16] 36/-1/-1->35->34 [17] 36/-1/-1->35->34 [18] 36/-1/-1->35->34 [19] 36/-1/-1->35->34 [20] 36/-1/-1->35->34 [21] 36/-1/-1->35->34 [22] 36/-1/-1->35->34 [23] 36/-1/-1->35->34 [24] 36/-1/-1->35->34 [25] 36/-1/-1->35->34 [26] 36/-1/-1->35->34 [27] 36/-1/-1->35->34 [28] 36/-1/-1->35->34 [29] 36/-1/-1->35->34 [30] 36/-1/-1->35->34 [31] 36/-1/-1->35->34
node23D400674:1242:1707 [3] NCCL INFO P2P Chunksize set to 524288
node23D400674:1240:1709 [1] NCCL INFO comm 0x147dc480 rank 33 nRanks 64 nNodes 1 localRanks 64 localRank 33 MNNVL 1
node23D400674:1241:1708 [2] NCCL INFO comm 0x4bdbe210 rank 34 nRanks 64 nNodes 1 localRanks 64 localRank 34 MNNVL 1
node23D400674:1240:1709 [1] NCCL INFO Trees [0] 34/-1/-1->33->32 [1] 34/-1/-1->33->32 [2] 34/-1/-1->33->32 [3] 34/-1/-1->33->32 [4] 34/-1/-1->33->32 [5] 34/-1/-1->33->32 [6] 34/-1/-1->33->32 [7] 34/-1/-1->33->32 [8] 34/-1/-1->33->32 [9] 34/-1/-1->33->32 [10] 34/-1/-1->33->32 [11] 34/-1/-1->33->32 [12] 34/-1/-1->33->32 [13] 34/-1/-1->33->32 [14] 34/-1/-1->33->32 [15] 34/-1/-1->33->32 [16] 34/-1/-1->33->32 [17] 34/-1/-1->33->32 [18] 34/-1/-1->33->32 [19] 34/-1/-1->33->32 [20] 34/-1/-1->33->32 [21] 34/-1/-1->33->32 [22] 34/-1/-1->33->32 [23] 34/-1/-1->33->32 [24] 34/-1/-1->33->32 [25] 34/-1/-1->33->32 [26] 34/-1/-1->33->32 [27] 34/-1/-1->33->32 [28] 34/-1/-1->33->32 [29] 34/-1/-1->33->32 [30] 34/-1/-1->33->32 [31] 34/-1/-1->33->32
node23D400674:1240:1709 [1] NCCL INFO P2P Chunksize set to 524288
node23D400674:1241:1708 [2] NCCL INFO Trees [0] 35/-1/-1->34->33 [1] 35/-1/-1->34->33 [2] 35/-1/-1->34->33 [3] 35/-1/-1->34->33 [4] 35/-1/-1->34->33 [5] 35/-1/-1->34->33 [6] 35/-1/-1->34->33 [7] 35/-1/-1->34->33 [8] 35/-1/-1->34->33 [9] 35/-1/-1->34->33 [10] 35/-1/-1->34->33 [11] 35/-1/-1->34->33 [12] 35/-1/-1->34->33 [13] 35/-1/-1->34->33 [14] 35/-1/-1->34->33 [15] 35/-1/-1->34->33 [16] 35/-1/-1->34->33 [17] 35/-1/-1->34->33 [18] 35/-1/-1->34->33 [19] 35/-1/-1->34->33 [20] 35/-1/-1->34->33 [21] 35/-1/-1->34->33 [22] 35/-1/-1->34->33 [23] 35/-1/-1->34->33 [24] 35/-1/-1->34->33 [25] 35/-1/-1->34->33 [26] 35/-1/-1->34->33 [27] 35/-1/-1->34->33 [28] 35/-1/-1->34->33 [29] 35/-1/-1->34->33 [30] 35/-1/-1->34->33 [31] 35/-1/-1->34->33
node23D400674:1241:1708 [2] NCCL INFO P2P Chunksize set to 524288
node23D400674:1239:1710 [0] NCCL INFO comm 0x189bb440 rank 32 nRanks 64 nNodes 1 localRanks 64 localRank 32 MNNVL 1
node23D400674:1239:1710 [0] NCCL INFO Trees [0] 33/-1/-1->32->31 [1] 33/-1/-1->32->31 [2] 33/-1/-1->32->31 [3] 33/-1/-1->32->31 [4] 33/-1/-1->32->31 [5] 33/-1/-1->32->31 [6] 33/-1/-1->32->31 [7] 33/-1/-1->32->31 [8] 33/-1/-1->32->31 [9] 33/-1/-1->32->31 [10] 33/-1/-1->32->31 [11] 33/-1/-1->32->31 [12] 33/-1/-1->32->31 [13] 33/-1/-1->32->31 [14] 33/-1/-1->32->31 [15] 33/-1/-1->32->31 [16] 33/-1/-1->32->31 [17] 33/-1/-1->32->31 [18] 33/-1/-1->32->31 [19] 33/-1/-1->32->31 [20] 33/-1/-1->32->31 [21] 33/-1/-1->32->31 [22] 33/-1/-1->32->31 [23] 33/-1/-1->32->31 [24] 33/-1/-1->32->31 [25] 33/-1/-1->32->31 [26] 33/-1/-1->32->31 [27] 33/-1/-1->32->31 [28] 33/-1/-1->32->31 [29] 33/-1/-1->32->31 [30] 33/-1/-1->32->31 [31] 33/-1/-1->32->31
node23D400674:1239:1710 [0] NCCL INFO P2P Chunksize set to 524288
node23D400674:1242:1707 [3] NCCL INFO PROFILER/Plugin: Could not find: libnccl-profiler.so. 
node23D400674:1240:1709 [1] NCCL INFO PROFILER/Plugin: Could not find: libnccl-profiler.so. 
node23D400674:1239:1710 [0] NCCL INFO PROFILER/Plugin: Could not find: libnccl-profiler.so. 
node23D400674:1242:1715 [3] NCCL INFO [Proxy Service] Device 3 CPU core 88
node23D400674:1240:1717 [1] NCCL INFO [Proxy Service] Device 1 CPU core 2
node23D400674:1239:1716 [0] NCCL INFO [Proxy Service] Device 0 CPU core 48
node23D400674:1242:1718 [3] NCCL INFO [Proxy Service UDS] Device 3 CPU core 89
node23D400674:1240:1720 [1] NCCL INFO [Proxy Service UDS] Device 1 CPU core 4
node23D400674:1239:1719 [0] NCCL INFO [Proxy Service UDS] Device 0 CPU core 49
node23D400674:1241:1708 [2] NCCL INFO PROFILER/Plugin: Could not find: libnccl-profiler.so. 
node23D400674:1241:1721 [2] NCCL INFO [Proxy Service] Device 2 CPU core 75
node23D400674:1241:1722 [2] NCCL INFO [Proxy Service UDS] Device 2 CPU core 76
node23D400674:1240:1709 [1] NCCL INFO threadThresholds 8/8/64 | 512/8/64 | 512 | 512
node23D400674:1240:1709 [1] NCCL INFO 32 coll channels, 32 collnet channels, 0 nvls channels, 32 p2p channels, 32 p2p channels per peer
node23D400674:1239:1710 [0] NCCL INFO threadThresholds 8/8/64 | 512/8/64 | 512 | 512
node23D400674:1239:1710 [0] NCCL INFO 32 coll channels, 32 collnet channels, 0 nvls channels, 32 p2p channels, 32 p2p channels per peer
node23D400674:1242:1707 [3] NCCL INFO threadThresholds 8/8/64 | 512/8/64 | 512 | 512
node23D400674:1242:1707 [3] NCCL INFO 32 coll channels, 32 collnet channels, 0 nvls channels, 32 p2p channels, 32 p2p channels per peer
node23D400674:1241:1708 [2] NCCL INFO threadThresholds 8/8/64 | 512/8/64 | 512 | 512
node23D400674:1241:1708 [2] NCCL INFO 32 coll channels, 32 collnet channels, 0 nvls channels, 32 p2p channels, 32 p2p channels per peer
node23D400674:1240:1709 [1] NCCL INFO TUNER/Plugin: Could not find: libnccl-tuner.so. Using internal tuner plugin.
node23D400674:1242:1707 [3] NCCL INFO TUNER/Plugin: Could not find: libnccl-tuner.so. Using internal tuner plugin.
node23D400674:1239:1710 [0] NCCL INFO TUNER/Plugin: Could not find: libnccl-tuner.so. Using internal tuner plugin.
node23D400674:1241:1708 [2] NCCL INFO TUNER/Plugin: Could not find: libnccl-tuner.so. Using internal tuner plugin.
node23D400674:1240:1709 [1] NCCL INFO TUNER/Plugin: Failed to find ncclTunerPlugin_v4 symbol.
node23D400674:1242:1707 [3] NCCL INFO TUNER/Plugin: Failed to find ncclTunerPlugin_v4 symbol.
node23D400674:1239:1710 [0] NCCL INFO TUNER/Plugin: Failed to find ncclTunerPlugin_v4 symbol.
node23D400674:1241:1708 [2] NCCL INFO TUNER/Plugin: Failed to find ncclTunerPlugin_v4 symbol.
node23D400674:1240:1709 [1] NCCL INFO TUNER/Plugin: Failed to find ncclTunerPlugin_v3 symbol.
node23D400674:1242:1707 [3] NCCL INFO TUNER/Plugin: Failed to find ncclTunerPlugin_v3 symbol.
node23D400674:1239:1710 [0] NCCL INFO TUNER/Plugin: Failed to find ncclTunerPlugin_v3 symbol.
node23D400674:1241:1708 [2] NCCL INFO TUNER/Plugin: Failed to find ncclTunerPlugin_v3 symbol.
node23D400674:1240:1709 [1] NCCL INFO TUNER/Plugin: Failed to find ncclTunerPlugin_v2 symbol, using internal tuner instead.
node23D400674:1242:1707 [3] NCCL INFO TUNER/Plugin: Failed to find ncclTunerPlugin_v2 symbol, using internal tuner instead.
node23D400674:1239:1710 [0] NCCL INFO TUNER/Plugin: Failed to find ncclTunerPlugin_v2 symbol, using internal tuner instead.
node23D400674:1241:1708 [2] NCCL INFO TUNER/Plugin: Failed to find ncclTunerPlugin_v2 symbol, using internal tuner instead.
node23D400674:1240:1709 [1] NCCL INFO ncclCommInitRankConfig comm 0x147dc480 rank 33 nranks 64 cudaDev 1 nvmlDev 1 busId 901000 commId 0x75c27e0d7f7ac035 - Init COMPLETE
node23D400674:1242:1707 [3] NCCL INFO ncclCommInitRankConfig comm 0x30268310 rank 35 nranks 64 cudaDev 3 nvmlDev 3 busId 1901000 commId 0x75c27e0d7f7ac035 - Init COMPLETE
node23D400674:1239:1710 [0] NCCL INFO ncclCommInitRankConfig comm 0x189bb440 rank 32 nranks 64 cudaDev 0 nvmlDev 0 busId 801000 commId 0x75c27e0d7f7ac035 - Init COMPLETE
node23D400674:1241:1708 [2] NCCL INFO ncclCommInitRankConfig comm 0x4bdbe210 rank 34 nranks 64 cudaDev 2 nvmlDev 2 busId 1801000 commId 0x75c27e0d7f7ac035 - Init COMPLETE
node23D400674:1240:1709 [1] NCCL INFO Init timings - ncclCommInitRankConfig: rank 33 nranks 64 total 2.76 (kernels 0.13, alloc 0.26, bootstrap 0.01, allgathers 0.12, topo 2.04, graphs 0.04, connections 0.15, rest 0.02)
node23D400674:1242:1707 [3] NCCL INFO Init timings - ncclCommInitRankConfig: rank 35 nranks 64 total 2.76 (kernels 0.13, alloc 0.26, bootstrap 0.01, allgathers 0.14, topo 2.01, graphs 0.05, connections 0.16, rest 0.01)
node23D400674:1239:1710 [0] NCCL INFO Init timings - ncclCommInitRankConfig: rank 32 nranks 64 total 2.76 (kernels 0.13, alloc 0.25, bootstrap 0.01, allgathers 0.10, topo 2.06, graphs 0.04, connections 0.16, rest 0.01)
node23D400674:1241:1708 [2] NCCL INFO Init timings - ncclCommInitRankConfig: rank 34 nranks 64 total 2.76 (kernels 0.13, alloc 0.26, bootstrap 0.01, allgathers 0.12, topo 2.04, graphs 0.04, connections 0.16, rest 0.01)
node23D400674:1240:1724 [1] NCCL INFO Channel 00/0 : 33[1] -> 34[2] via P2P/MNNVL
node23D400674:1240:1724 [1] NCCL INFO Channel 01/0 : 33[1] -> 34[2] via P2P/MNNVL
node23D400674:1240:1724 [1] NCCL INFO Channel 02/0 : 33[1] -> 34[2] via P2P/MNNVL
node23D400674:1240:1724 [1] NCCL INFO Channel 03/0 : 33[1] -> 34[2] via P2P/MNNVL
node23D400674:1239:1726 [0] NCCL INFO Channel 00/0 : 32[0] -> 33[1] via P2P/MNNVL
node23D400674:1239:1726 [0] NCCL INFO Channel 01/0 : 32[0] -> 33[1] via P2P/MNNVL
node23D400674:1240:1724 [1] NCCL INFO Channel 04/0 : 33[1] -> 34[2] via P2P/MNNVL
node23D400674:1241:1723 [2] NCCL INFO Channel 00/0 : 34[2] -> 35[3] via P2P/MNNVL
node23D400674:1240:1724 [1] NCCL INFO Channel 05/0 : 33[1] -> 34[2] via P2P/MNNVL
node23D400674:1239:1726 [0] NCCL INFO Channel 02/0 : 32[0] -> 33[1] via P2P/MNNVL
node23D400674:1242:1725 [3] NCCL INFO Channel 00/0 : 35[3] -> 36[0] via P2P/MNNVL
node23D400674:1239:1726 [0] NCCL INFO Channel 03/0 : 32[0] -> 33[1] via P2P/MNNVL
node23D400674:1240:1724 [1] NCCL INFO Channel 06/0 : 33[1] -> 34[2] via P2P/MNNVL
node23D400674:1241:1723 [2] NCCL INFO Channel 01/0 : 34[2] -> 35[3] via P2P/MNNVL
node23D400674:1240:1724 [1] NCCL INFO Channel 07/0 : 33[1] -> 34[2] via P2P/MNNVL
node23D400674:1239:1726 [0] NCCL INFO Channel 04/0 : 32[0] -> 33[1] via P2P/MNNVL
node23D400674:1241:1723 [2] NCCL INFO Channel 02/0 : 34[2] -> 35[3] via P2P/MNNVL
node23D400674:1242:1725 [3] NCCL INFO Channel 01/0 : 35[3] -> 36[0] via P2P/MNNVL
node23D400674:1242:1725 [3] NCCL INFO Channel 02/0 : 35[3] -> 36[0] via P2P/MNNVL
node23D400674:1241:1723 [2] NCCL INFO Channel 03/0 : 34[2] -> 35[3] via P2P/MNNVL
node23D400674:1239:1726 [0] NCCL INFO Channel 05/0 : 32[0] -> 33[1] via P2P/MNNVL
node23D400674:1240:1724 [1] NCCL INFO Channel 08/0 : 33[1] -> 34[2] via P2P/MNNVL
node23D400674:1241:1723 [2] NCCL INFO Channel 04/0 : 34[2] -> 35[3] via P2P/MNNVL
node23D400674:1239:1726 [0] NCCL INFO Channel 06/0 : 32[0] -> 33[1] via P2P/MNNVL
node23D400674:1242:1725 [3] NCCL INFO Channel 03/0 : 35[3] -> 36[0] via P2P/MNNVL
node23D400674:1240:1724 [1] NCCL INFO Channel 09/0 : 33[1] -> 34[2] via P2P/MNNVL
node23D400674:1239:1726 [0] NCCL INFO Channel 07/0 : 32[0] -> 33[1] via P2P/MNNVL
node23D400674:1242:1725 [3] NCCL INFO Channel 04/0 : 35[3] -> 36[0] via P2P/MNNVL
node23D400674:1241:1723 [2] NCCL INFO Channel 05/0 : 34[2] -> 35[3] via P2P/MNNVL
node23D400674:1240:1724 [1] NCCL INFO Channel 10/0 : 33[1] -> 34[2] via P2P/MNNVL
node23D400674:1239:1726 [0] NCCL INFO Channel 08/0 : 32[0] -> 33[1] via P2P/MNNVL
node23D400674:1242:1725 [3] NCCL INFO Channel 05/0 : 35[3] -> 36[0] via P2P/MNNVL
node23D400674:1241:1723 [2] NCCL INFO Channel 06/0 : 34[2] -> 35[3] via P2P/MNNVL
node23D400674:1240:1724 [1] NCCL INFO Channel 11/0 : 33[1] -> 34[2] via P2P/MNNVL
node23D400674:1240:1724 [1] NCCL INFO Channel 12/0 : 33[1] -> 34[2] via P2P/MNNVL
node23D400674:1241:1723 [2] NCCL INFO Channel 07/0 : 34[2] -> 35[3] via P2P/MNNVL
node23D400674:1239:1726 [0] NCCL INFO Channel 09/0 : 32[0] -> 33[1] via P2P/MNNVL
node23D400674:1242:1725 [3] NCCL INFO Channel 06/0 : 35[3] -> 36[0] via P2P/MNNVL
node23D400674:1241:1723 [2] NCCL INFO Channel 08/0 : 34[2] -> 35[3] via P2P/MNNVL
node23D400674:1240:1724 [1] NCCL INFO Channel 13/0 : 33[1] -> 34[2] via P2P/MNNVL
node23D400674:1242:1725 [3] NCCL INFO Channel 07/0 : 35[3] -> 36[0] via P2P/MNNVL
node23D400674:1239:1726 [0] NCCL INFO Channel 10/0 : 32[0] -> 33[1] via P2P/MNNVL
node23D400674:1241:1723 [2] NCCL INFO Channel 09/0 : 34[2] -> 35[3] via P2P/MNNVL
node23D400674:1240:1724 [1] NCCL INFO Channel 14/0 : 33[1] -> 34[2] via P2P/MNNVL
node23D400674:1242:1725 [3] NCCL INFO Channel 08/0 : 35[3] -> 36[0] via P2P/MNNVL
node23D400674:1239:1726 [0] NCCL INFO Channel 11/0 : 32[0] -> 33[1] via P2P/MNNVL
node23D400674:1241:1723 [2] NCCL INFO Channel 10/0 : 34[2] -> 35[3] via P2P/MNNVL
node23D400674:1240:1724 [1] NCCL INFO Channel 15/0 : 33[1] -> 34[2] via P2P/MNNVL
node23D400674:1242:1725 [3] NCCL INFO Channel 09/0 : 35[3] -> 36[0] via P2P/MNNVL
node23D400674:1239:1726 [0] NCCL INFO Channel 12/0 : 32[0] -> 33[1] via P2P/MNNVL
node23D400674:1241:1723 [2] NCCL INFO Channel 11/0 : 34[2] -> 35[3] via P2P/MNNVL
node23D400674:1240:1724 [1] NCCL INFO Channel 16/0 : 33[1] -> 34[2] via P2P/MNNVL
node23D400674:1242:1725 [3] NCCL INFO Channel 10/0 : 35[3] -> 36[0] via P2P/MNNVL
node23D400674:1239:1726 [0] NCCL INFO Channel 13/0 : 32[0] -> 33[1] via P2P/MNNVL
node23D400674:1241:1723 [2] NCCL INFO Channel 12/0 : 34[2] -> 35[3] via P2P/MNNVL
node23D400674:1240:1724 [1] NCCL INFO Channel 17/0 : 33[1] -> 34[2] via P2P/MNNVL
node23D400674:1239:1726 [0] NCCL INFO Channel 14/0 : 32[0] -> 33[1] via P2P/MNNVL
node23D400674:1241:1723 [2] NCCL INFO Channel 13/0 : 34[2] -> 35[3] via P2P/MNNVL
node23D400674:1240:1724 [1] NCCL INFO Channel 18/0 : 33[1] -> 34[2] via P2P/MNNVL
node23D400674:1242:1725 [3] NCCL INFO Channel 11/0 : 35[3] -> 36[0] via P2P/MNNVL
node23D400674:1239:1726 [0] NCCL INFO Channel 15/0 : 32[0] -> 33[1] via P2P/MNNVL
node23D400674:1240:1724 [1] NCCL INFO Channel 19/0 : 33[1] -> 34[2] via P2P/MNNVL
node23D400674:1242:1725 [3] NCCL INFO Channel 12/0 : 35[3] -> 36[0] via P2P/MNNVL
node23D400674:1239:1726 [0] NCCL INFO Channel 16/0 : 32[0] -> 33[1] via P2P/MNNVL
node23D400674:1241:1723 [2] NCCL INFO Channel 14/0 : 34[2] -> 35[3] via P2P/MNNVL
node23D400674:1242:1725 [3] NCCL INFO Channel 13/0 : 35[3] -> 36[0] via P2P/MNNVL
node23D400674:1239:1726 [0] NCCL INFO Channel 17/0 : 32[0] -> 33[1] via P2P/MNNVL
node23D400674:1241:1723 [2] NCCL INFO Channel 15/0 : 34[2] -> 35[3] via P2P/MNNVL
node23D400674:1240:1724 [1] NCCL INFO Channel 20/0 : 33[1] -> 34[2] via P2P/MNNVL
node23D400674:1240:1724 [1] NCCL INFO Channel 21/0 : 33[1] -> 34[2] via P2P/MNNVL
node23D400674:1241:1723 [2] NCCL INFO Channel 16/0 : 34[2] -> 35[3] via P2P/MNNVL
node23D400674:1242:1725 [3] NCCL INFO Channel 14/0 : 35[3] -> 36[0] via P2P/MNNVL
node23D400674:1239:1726 [0] NCCL INFO Channel 18/0 : 32[0] -> 33[1] via P2P/MNNVL
node23D400674:1241:1723 [2] NCCL INFO Channel 17/0 : 34[2] -> 35[3] via P2P/MNNVL
node23D400674:1239:1726 [0] NCCL INFO Channel 19/0 : 32[0] -> 33[1] via P2P/MNNVL
node23D400674:1242:1725 [3] NCCL INFO Channel 15/0 : 35[3] -> 36[0] via P2P/MNNVL
node23D400674:1240:1724 [1] NCCL INFO Channel 22/0 : 33[1] -> 34[2] via P2P/MNNVL
node23D400674:1241:1723 [2] NCCL INFO Channel 18/0 : 34[2] -> 35[3] via P2P/MNNVL
node23D400674:1239:1726 [0] NCCL INFO Channel 20/0 : 32[0] -> 33[1] via P2P/MNNVL
node23D400674:1242:1725 [3] NCCL INFO Channel 16/0 : 35[3] -> 36[0] via P2P/MNNVL
node23D400674:1240:1724 [1] NCCL INFO Channel 23/0 : 33[1] -> 34[2] via P2P/MNNVL
node23D400674:1239:1726 [0] NCCL INFO Channel 21/0 : 32[0] -> 33[1] via P2P/MNNVL
node23D400674:1242:1725 [3] NCCL INFO Channel 17/0 : 35[3] -> 36[0] via P2P/MNNVL
node23D400674:1240:1724 [1] NCCL INFO Channel 24/0 : 33[1] -> 34[2] via P2P/MNNVL
node23D400674:1241:1723 [2] NCCL INFO Channel 19/0 : 34[2] -> 35[3] via P2P/MNNVL
node23D400674:1239:1726 [0] NCCL INFO Channel 22/0 : 32[0] -> 33[1] via P2P/MNNVL
node23D400674:1240:1724 [1] NCCL INFO Channel 25/0 : 33[1] -> 34[2] via P2P/MNNVL
node23D400674:1242:1725 [3] NCCL INFO Channel 18/0 : 35[3] -> 36[0] via P2P/MNNVL
node23D400674:1241:1723 [2] NCCL INFO Channel 20/0 : 34[2] -> 35[3] via P2P/MNNVL
node23D400674:1240:1724 [1] NCCL INFO Channel 26/0 : 33[1] -> 34[2] via P2P/MNNVL
node23D400674:1239:1726 [0] NCCL INFO Channel 23/0 : 32[0] -> 33[1] via P2P/MNNVL
node23D400674:1242:1725 [3] NCCL INFO Channel 19/0 : 35[3] -> 36[0] via P2P/MNNVL
node23D400674:1241:1723 [2] NCCL INFO Channel 21/0 : 34[2] -> 35[3] via P2P/MNNVL
node23D400674:1240:1724 [1] NCCL INFO Channel 27/0 : 33[1] -> 34[2] via P2P/MNNVL
node23D400674:1242:1725 [3] NCCL INFO Channel 20/0 : 35[3] -> 36[0] via P2P/MNNVL
node23D400674:1240:1724 [1] NCCL INFO Channel 28/0 : 33[1] -> 34[2] via P2P/MNNVL
node23D400674:1241:1723 [2] NCCL INFO Channel 22/0 : 34[2] -> 35[3] via P2P/MNNVL
node23D400674:1239:1726 [0] NCCL INFO Channel 24/0 : 32[0] -> 33[1] via P2P/MNNVL
node23D400674:1240:1724 [1] NCCL INFO Channel 29/0 : 33[1] -> 34[2] via P2P/MNNVL
node23D400674:1241:1723 [2] NCCL INFO Channel 23/0 : 34[2] -> 35[3] via P2P/MNNVL
node23D400674:1242:1725 [3] NCCL INFO Channel 21/0 : 35[3] -> 36[0] via P2P/MNNVL
node23D400674:1239:1726 [0] NCCL INFO Channel 25/0 : 32[0] -> 33[1] via P2P/MNNVL
node23D400674:1242:1725 [3] NCCL INFO Channel 22/0 : 35[3] -> 36[0] via P2P/MNNVL
node23D400674:1241:1723 [2] NCCL INFO Channel 24/0 : 34[2] -> 35[3] via P2P/MNNVL
node23D400674:1240:1724 [1] NCCL INFO Channel 30/0 : 33[1] -> 34[2] via P2P/MNNVL
node23D400674:1240:1724 [1] NCCL INFO Channel 31/0 : 33[1] -> 34[2] via P2P/MNNVL
node23D400674:1239:1726 [0] NCCL INFO Channel 26/0 : 32[0] -> 33[1] via P2P/MNNVL
node23D400674:1242:1725 [3] NCCL INFO Channel 23/0 : 35[3] -> 36[0] via P2P/MNNVL
node23D400674:1241:1723 [2] NCCL INFO Channel 25/0 : 34[2] -> 35[3] via P2P/MNNVL
node23D400674:1239:1726 [0] NCCL INFO Channel 27/0 : 32[0] -> 33[1] via P2P/MNNVL
node23D400674:1242:1725 [3] NCCL INFO Channel 24/0 : 35[3] -> 36[0] via P2P/MNNVL
node23D400674:1241:1723 [2] NCCL INFO Channel 26/0 : 34[2] -> 35[3] via P2P/MNNVL
node23D400674:1239:1726 [0] NCCL INFO Channel 28/0 : 32[0] -> 33[1] via P2P/MNNVL
node23D400674:1242:1725 [3] NCCL INFO Channel 25/0 : 35[3] -> 36[0] via P2P/MNNVL
node23D400674:1241:1723 [2] NCCL INFO Channel 27/0 : 34[2] -> 35[3] via P2P/MNNVL
node23D400674:1239:1726 [0] NCCL INFO Channel 29/0 : 32[0] -> 33[1] via P2P/MNNVL
node23D400674:1242:1725 [3] NCCL INFO Channel 26/0 : 35[3] -> 36[0] via P2P/MNNVL
node23D400674:1241:1723 [2] NCCL INFO Channel 28/0 : 34[2] -> 35[3] via P2P/MNNVL
node23D400674:1239:1726 [0] NCCL INFO Channel 30/0 : 32[0] -> 33[1] via P2P/MNNVL
node23D400674:1242:1725 [3] NCCL INFO Channel 27/0 : 35[3] -> 36[0] via P2P/MNNVL
node23D400674:1241:1723 [2] NCCL INFO Channel 29/0 : 34[2] -> 35[3] via P2P/MNNVL
node23D400674:1239:1726 [0] NCCL INFO Channel 31/0 : 32[0] -> 33[1] via P2P/MNNVL
node23D400674:1242:1725 [3] NCCL INFO Channel 28/0 : 35[3] -> 36[0] via P2P/MNNVL
node23D400674:1241:1723 [2] NCCL INFO Channel 30/0 : 34[2] -> 35[3] via P2P/MNNVL
node23D400674:1242:1725 [3] NCCL INFO Channel 29/0 : 35[3] -> 36[0] via P2P/MNNVL
node23D400674:1241:1723 [2] NCCL INFO Channel 31/0 : 34[2] -> 35[3] via P2P/MNNVL
node23D400674:1242:1725 [3] NCCL INFO Channel 30/0 : 35[3] -> 36[0] via P2P/MNNVL
node23D400674:1242:1725 [3] NCCL INFO Channel 31/0 : 35[3] -> 36[0] via P2P/MNNVL
node23D400674:1239:1726 [0] NCCL INFO Connected all rings, use ring PXN 0 GDR 1
node23D400674:1240:1724 [1] NCCL INFO Connected all rings, use ring PXN 0 GDR 1
node23D400674:1242:1725 [3] NCCL INFO Connected all rings, use ring PXN 0 GDR 1
node23D400674:1241:1723 [2] NCCL INFO Connected all rings, use ring PXN 0 GDR 1
 > number of parameters on (tensor, pipeline) model parallel rank (1, 2): 8023080960
 > number of parameters on (tensor, pipeline) model parallel rank (0, 2): 8023080960
 > number of parameters on (tensor, pipeline) model parallel rank (3, 2): 8023080960
 > number of parameters on (tensor, pipeline) model parallel rank (2, 2): 8023080960
INFO:megatron.core.distributed.param_and_grad_buffer:Number of buckets for gradient all-reduce / reduce-scatter: 1
Params for bucket 1 (8021606400 elements, 8021606400 padded size):
	module.decoder.layers.24.self_attention.linear_qkv.weight
	module.decoder.layers.5.mlp.linear_fc1.weight
	module.decoder.layers.1.mlp.linear_fc1.weight
	module.decoder.layers.1.self_attention.linear_proj.weight
	module.decoder.layers.23.self_attention.linear_proj.weight
	module.decoder.layers.22.self_attention.linear_proj.weight
	module.decoder.layers.14.self_attention.linear_qkv.weight
	module.decoder.layers.6.mlp.linear_fc2.weight
	module.decoder.layers.5.mlp.linear_fc2.weight
	module.decoder.layers.16.mlp.linear_fc2.weight
	module.decoder.layers.13.self_attention.linear_qkv.weight
	module.decoder.layers.27.self_attention.linear_qkv.weight
	module.decoder.layers.11.self_attention.linear_qkv.weight
	module.decoder.layers.3.self_attention.linear_qkv.weight
	module.decoder.layers.26.self_attention.linear_proj.weight
	module.decoder.layers.25.self_attention.linear_qkv.weight
	module.decoder.layers.10.self_attention.linear_qkv.weight
	module.decoder.layers.6.mlp.linear_fc1.weight
	module.decoder.layers.2.self_attention.linear_qkv.weight
	module.decoder.layers.24.self_attention.linear_proj.weight
	module.decoder.layers.19.mlp.linear_fc2.weight
	module.decoder.layers.16.mlp.linear_fc1.weight
	module.decoder.layers.8.self_attention.linear_qkv.weight
	module.decoder.layers.7.self_attention.linear_qkv.weight
	module.decoder.layers.17.mlp.linear_fc2.weight
	module.decoder.layers.14.self_attention.linear_proj.weight
	module.decoder.layers.29.self_attention.linear_qkv.weight
	module.decoder.layers.28.self_attention.linear_qkv.weight
	module.decoder.layers.15.mlp.linear_fc2.weight
	module.decoder.layers.13.self_attention.linear_proj.weight
	module.decoder.layers.12.self_attention.linear_qkv.weight
	module.decoder.layers.5.self_attention.linear_qkv.weight
	module.decoder.layers.5.self_attention.linear_proj.weight
	module.decoder.layers.4.self_attention.linear_qkv.weight
	module.decoder.layers.0.mlp.linear_fc1.weight
	module.decoder.layers.28.self_attention.linear_proj.weight
	module.decoder.layers.27.self_attention.linear_proj.weight
	module.decoder.layers.19.mlp.linear_fc1.weight
	module.decoder.layers.14.mlp.linear_fc2.weight
	module.decoder.layers.12.self_attention.linear_proj.weight
	module.decoder.layers.4.self_attention.linear_proj.weight
	module.decoder.layers.3.self_attention.linear_proj.weight
	module.decoder.layers.25.self_attention.linear_proj.weight
	module.decoder.layers.20.mlp.linear_fc2.weight
	module.decoder.layers.17.mlp.linear_fc1.weight
	module.decoder.layers.10.self_attention.linear_proj.weight
	module.decoder.layers.9.self_attention.linear_qkv.weight
	module.decoder.layers.18.mlp.linear_fc2.weight
	module.decoder.layers.15.mlp.linear_fc1.weight
	module.decoder.layers.8.self_attention.linear_proj.weight
	module.decoder.layers.21.mlp.linear_fc1.weight
	module.decoder.layers.29.self_attention.linear_proj.weight
	module.decoder.layers.20.mlp.linear_fc1.weight
	module.decoder.layers.11.self_attention.linear_proj.weight
	module.decoder.layers.22.mlp.linear_fc2.weight
	module.decoder.layers.21.mlp.linear_fc2.weight
	module.decoder.layers.18.mlp.linear_fc1.weight
	module.decoder.layers.9.self_attention.linear_proj.weight
	module.decoder.layers.1.mlp.linear_fc2.weight
	module.decoder.layers.25.mlp.linear_fc2.weight
	module.decoder.layers.22.mlp.linear_fc1.weight
	module.decoder.layers.7.self_attention.linear_proj.weight
	module.decoder.layers.6.self_attention.linear_qkv.weight
	module.decoder.layers.24.mlp.linear_fc2.weight
	module.decoder.layers.23.mlp.linear_fc2.weight
	module.decoder.layers.16.self_attention.linear_qkv.weight
	module.decoder.layers.15.self_attention.linear_qkv.weight
	module.decoder.layers.2.self_attention.linear_proj.weight
	module.decoder.layers.19.self_attention.linear_qkv.weight
	module.decoder.layers.27.mlp.linear_fc2.weight
	module.decoder.layers.26.mlp.linear_fc2.weight
	module.decoder.layers.24.mlp.linear_fc1.weight
	module.decoder.layers.23.mlp.linear_fc1.weight
	module.decoder.layers.11.mlp.linear_fc2.weight
	module.decoder.layers.3.mlp.linear_fc2.weight
	module.decoder.layers.2.mlp.linear_fc2.weight
	module.decoder.layers.14.mlp.linear_fc1.weight
	module.decoder.layers.18.self_attention.linear_qkv.weight
	module.decoder.layers.17.self_attention.linear_qkv.weight
	module.decoder.layers.6.self_attention.linear_proj.weight
	module.decoder.layers.16.self_attention.linear_proj.weight
	module.decoder.layers.13.mlp.linear_fc1.weight
	module.decoder.layers.8.mlp.linear_fc2.weight
	module.decoder.layers.7.mlp.linear_fc2.weight
	module.decoder.layers.1.self_attention.linear_qkv.weight
	module.decoder.layers.0.self_attention.linear_qkv.weight
	module.decoder.layers.11.mlp.linear_fc1.weight
	module.decoder.layers.27.mlp.linear_fc1.weight
	module.decoder.layers.26.mlp.linear_fc1.weight
	module.decoder.layers.13.mlp.linear_fc2.weight
	module.decoder.layers.3.mlp.linear_fc1.weight
	module.decoder.layers.2.mlp.linear_fc1.weight
	module.decoder.layers.28.mlp.linear_fc2.weight
	module.decoder.layers.25.mlp.linear_fc1.weight
	module.decoder.layers.21.self_attention.linear_qkv.weight
	module.decoder.layers.20.self_attention.linear_qkv.weight
	module.decoder.layers.12.mlp.linear_fc2.weight
	module.decoder.layers.4.mlp.linear_fc2.weight
	module.decoder.layers.20.self_attention.linear_proj.weight
	module.decoder.layers.10.mlp.linear_fc2.weight
	module.decoder.layers.8.mlp.linear_fc1.weight
	module.decoder.layers.7.mlp.linear_fc1.weight
	module.decoder.layers.18.self_attention.linear_proj.weight
	module.decoder.layers.17.self_attention.linear_proj.weight
	module.decoder.layers.9.mlp.linear_fc2.weight
	module.decoder.layers.29.mlp.linear_fc1.weight
	module.decoder.layers.28.mlp.linear_fc1.weight
	module.decoder.layers.12.mlp.linear_fc1.weight
	module.decoder.layers.4.mlp.linear_fc1.weight
	module.decoder.layers.29.mlp.linear_fc2.weight
	module.decoder.layers.23.self_attention.linear_qkv.weight
	module.decoder.layers.22.self_attention.linear_qkv.weight
	module.decoder.layers.15.self_attention.linear_proj.weight
	module.decoder.layers.10.mlp.linear_fc1.weight
	module.decoder.layers.0.mlp.linear_fc2.weight
	module.decoder.layers.21.self_attention.linear_proj.weight
	module.decoder.layers.9.mlp.linear_fc1.weight
	module.decoder.layers.19.self_attention.linear_proj.weight
	module.decoder.layers.0.self_attention.linear_proj.weight
	module.decoder.layers.26.self_attention.linear_qkv.weight
INFO:megatron.core.distributed.param_and_grad_buffer:Number of buckets for gradient all-reduce / reduce-scatter: 1
Params for bucket 1 (1474560 elements, 1474560 padded size):
	module.decoder.layers.27.self_attention.linear_qkv.layer_norm_bias
	module.decoder.layers.19.mlp.linear_fc1.layer_norm_weight
	module.decoder.layers.11.self_attention.linear_qkv.layer_norm_weight
	module.decoder.layers.3.self_attention.linear_qkv.layer_norm_bias
	module.decoder.layers.25.self_attention.linear_qkv.layer_norm_bias
	module.decoder.layers.17.mlp.linear_fc1.layer_norm_weight
	module.decoder.layers.10.self_attention.linear_qkv.layer_norm_bias
	module.decoder.layers.9.self_attention.linear_qkv.layer_norm_weight
	module.decoder.layers.6.mlp.linear_fc1.layer_norm_bias
	module.decoder.layers.2.self_attention.linear_qkv.layer_norm_bias
	module.decoder.layers.16.mlp.linear_fc1.layer_norm_bias
	module.decoder.layers.15.mlp.linear_fc1.layer_norm_weight
	module.decoder.layers.8.self_attention.linear_qkv.layer_norm_bias
	module.decoder.layers.7.self_attention.linear_qkv.layer_norm_weight
	module.decoder.layers.21.mlp.linear_fc1.layer_norm_weight
	module.decoder.layers.29.self_attention.linear_qkv.layer_norm_bias
	module.decoder.layers.28.self_attention.linear_qkv.layer_norm_bias
	module.decoder.layers.20.mlp.linear_fc1.layer_norm_weight
	module.decoder.layers.12.self_attention.linear_qkv.layer_norm_bias
	module.decoder.layers.5.self_attention.linear_qkv.layer_norm_bias
	module.decoder.layers.4.self_attention.linear_qkv.layer_norm_bias
	module.decoder.layers.0.mlp.linear_fc1.layer_norm_bias
	module.decoder.layers.11.self_attention.linear_qkv.layer_norm_bias
	module.decoder.layers.19.mlp.linear_fc1.layer_norm_bias
	module.decoder.layers.18.mlp.linear_fc1.layer_norm_weight
	module.decoder.layers.17.mlp.linear_fc1.layer_norm_bias
	module.decoder.layers.9.self_attention.linear_qkv.layer_norm_bias
	module.decoder.layers.15.mlp.linear_fc1.layer_norm_bias
	module.decoder.layers.22.mlp.linear_fc1.layer_norm_weight
	module.decoder.layers.7.self_attention.linear_qkv.layer_norm_bias
	module.decoder.layers.6.self_attention.linear_qkv.layer_norm_weight
	module.decoder.layers.21.mlp.linear_fc1.layer_norm_bias
	module.decoder.layers.20.mlp.linear_fc1.layer_norm_bias
	module.decoder.layers.16.self_attention.linear_qkv.layer_norm_weight
	module.decoder.layers.1.self_attention.linear_qkv.layer_norm_weight
	module.decoder.layers.18.mlp.linear_fc1.layer_norm_bias
	module.decoder.layers.24.mlp.linear_fc1.layer_norm_weight
	module.decoder.layers.23.mlp.linear_fc1.layer_norm_weight
	module.decoder.layers.14.mlp.linear_fc1.layer_norm_weight
	module.decoder.layers.22.mlp.linear_fc1.layer_norm_bias
	module.decoder.layers.18.self_attention.linear_qkv.layer_norm_weight
	module.decoder.layers.17.self_attention.linear_qkv.layer_norm_weight
	module.decoder.layers.6.self_attention.linear_qkv.layer_norm_bias
	module.decoder.layers.16.self_attention.linear_qkv.layer_norm_bias
	module.decoder.layers.13.mlp.linear_fc1.layer_norm_weight
	module.decoder.layers.0.self_attention.linear_qkv.layer_norm_weight
	module.decoder.layers.11.mlp.linear_fc1.layer_norm_weight
	module.decoder.layers.27.mlp.linear_fc1.layer_norm_weight
	module.decoder.layers.26.mlp.linear_fc1.layer_norm_weight
	module.decoder.layers.15.self_attention.linear_qkv.layer_norm_weight
	module.decoder.layers.3.mlp.linear_fc1.layer_norm_weight
	module.decoder.layers.2.mlp.linear_fc1.layer_norm_weight
	module.decoder.layers.25.mlp.linear_fc1.layer_norm_weight
	module.decoder.layers.21.self_attention.linear_qkv.layer_norm_weight
	module.decoder.layers.20.self_attention.linear_qkv.layer_norm_weight
	module.decoder.layers.24.mlp.linear_fc1.layer_norm_bias
	module.decoder.layers.23.mlp.linear_fc1.layer_norm_bias
	module.decoder.layers.19.self_attention.linear_qkv.layer_norm_weight
	module.decoder.layers.8.mlp.linear_fc1.layer_norm_weight
	module.decoder.layers.7.mlp.linear_fc1.layer_norm_weight
	module.decoder.layers.18.self_attention.linear_qkv.layer_norm_bias
	module.decoder.layers.17.self_attention.linear_qkv.layer_norm_bias
	module.decoder.layers.14.mlp.linear_fc1.layer_norm_bias
	module.decoder.layers.29.mlp.linear_fc1.layer_norm_weight
	module.decoder.layers.28.mlp.linear_fc1.layer_norm_weight
	module.decoder.layers.13.mlp.linear_fc1.layer_norm_bias
	module.decoder.layers.12.mlp.linear_fc1.layer_norm_weight
	module.decoder.layers.4.mlp.linear_fc1.layer_norm_weight
	module.decoder.layers.1.self_attention.linear_qkv.layer_norm_bias
	module.decoder.layers.0.self_attention.linear_qkv.layer_norm_bias
	module.decoder.layers.11.mlp.linear_fc1.layer_norm_bias
	module.decoder.layers.15.self_attention.linear_qkv.layer_norm_bias
	module.decoder.layers.27.mlp.linear_fc1.layer_norm_bias
	module.decoder.layers.26.mlp.linear_fc1.layer_norm_bias
	module.decoder.layers.23.self_attention.linear_qkv.layer_norm_weight
	module.decoder.layers.22.self_attention.linear_qkv.layer_norm_weight
	module.decoder.layers.10.mlp.linear_fc1.layer_norm_weight
	module.decoder.layers.3.mlp.linear_fc1.layer_norm_bias
	module.decoder.layers.2.mlp.linear_fc1.layer_norm_bias
	module.decoder.layers.25.mlp.linear_fc1.layer_norm_bias
	module.decoder.layers.21.self_attention.linear_qkv.layer_norm_bias
	module.decoder.layers.20.self_attention.linear_qkv.layer_norm_bias
	module.decoder.layers.9.mlp.linear_fc1.layer_norm_weight
	module.decoder.layers.19.self_attention.linear_qkv.layer_norm_bias
	module.decoder.layers.8.mlp.linear_fc1.layer_norm_bias
	module.decoder.layers.7.mlp.linear_fc1.layer_norm_bias
	module.decoder.layers.26.self_attention.linear_qkv.layer_norm_weight
	module.decoder.layers.29.mlp.linear_fc1.layer_norm_bias
	module.decoder.layers.28.mlp.linear_fc1.layer_norm_bias
	module.decoder.layers.24.self_attention.linear_qkv.layer_norm_weight
	module.decoder.layers.12.mlp.linear_fc1.layer_norm_bias
	module.decoder.layers.5.mlp.linear_fc1.layer_norm_weight
	module.decoder.layers.4.mlp.linear_fc1.layer_norm_bias
	module.decoder.layers.1.mlp.linear_fc1.layer_norm_weight
	module.decoder.layers.23.self_attention.linear_qkv.layer_norm_bias
	module.decoder.layers.22.self_attention.linear_qkv.layer_norm_bias
	module.decoder.layers.10.mlp.linear_fc1.layer_norm_bias
	module.decoder.layers.14.self_attention.linear_qkv.layer_norm_weight
	module.decoder.layers.13.self_attention.linear_qkv.layer_norm_weight
	module.decoder.layers.9.mlp.linear_fc1.layer_norm_bias
	module.decoder.layers.27.self_attention.linear_qkv.layer_norm_weight
	module.decoder.layers.3.self_attention.linear_qkv.layer_norm_weight
	module.decoder.layers.26.self_attention.linear_qkv.layer_norm_bias
	module.decoder.layers.25.self_attention.linear_qkv.layer_norm_weight
	module.decoder.layers.10.self_attention.linear_qkv.layer_norm_weight
	module.decoder.layers.6.mlp.linear_fc1.layer_norm_weight
	module.decoder.layers.2.self_attention.linear_qkv.layer_norm_weight
	module.decoder.layers.24.self_attention.linear_qkv.layer_norm_bias
	module.decoder.layers.16.mlp.linear_fc1.layer_norm_weight
	module.decoder.layers.8.self_attention.linear_qkv.layer_norm_weight
	module.decoder.layers.5.mlp.linear_fc1.layer_norm_bias
	module.decoder.layers.1.mlp.linear_fc1.layer_norm_bias
	module.decoder.layers.14.self_attention.linear_qkv.layer_norm_bias
	module.decoder.layers.29.self_attention.linear_qkv.layer_norm_weight
	module.decoder.layers.28.self_attention.linear_qkv.layer_norm_weight
	module.decoder.layers.13.self_attention.linear_qkv.layer_norm_bias
	module.decoder.layers.12.self_attention.linear_qkv.layer_norm_weight
	module.decoder.layers.5.self_attention.linear_qkv.layer_norm_weight
	module.decoder.layers.4.self_attention.linear_qkv.layer_norm_weight
	module.decoder.layers.0.mlp.linear_fc1.layer_norm_weight
node23D400674:1240:1240 [1] NCCL INFO Comm config Blocking set to 1
node23D400674:1241:1241 [2] NCCL INFO Comm config Blocking set to 1
node23D400674:1242:1242 [3] NCCL INFO Comm config Blocking set to 1
node23D400674:1240:2080 [1] NCCL INFO Assigned NET plugin Socket to comm
node23D400674:1242:2079 [3] NCCL INFO Assigned NET plugin Socket to comm
node23D400674:1240:2080 [1] NCCL INFO Using network Socket
node23D400674:1241:2081 [2] NCCL INFO Assigned NET plugin Socket to comm
node23D400674:1242:2079 [3] NCCL INFO Using network Socket
node23D400674:1241:2081 [2] NCCL INFO Using network Socket
node23D400674:1239:1239 [0] NCCL INFO Comm config Blocking set to 1
node23D400674:1240:2080 [1] NCCL INFO ncclCommInitRankConfig comm 0x1efeae90 rank 2 nranks 4 cudaDev 1 nvmlDev 1 busId 901000 commId 0x1e06b5d4c6dd838d - Init START
node23D400674:1241:2081 [2] NCCL INFO ncclCommInitRankConfig comm 0x5608cad0 rank 2 nranks 4 cudaDev 2 nvmlDev 2 busId 1801000 commId 0x25f00086495f3921 - Init START
node23D400674:1242:2079 [3] NCCL INFO ncclCommInitRankConfig comm 0x3a5157f0 rank 2 nranks 4 cudaDev 3 nvmlDev 3 busId 1901000 commId 0x58f0ce9978433e60 - Init START
node23D400674:1239:2082 [0] NCCL INFO Assigned NET plugin Socket to comm
node23D400674:1239:2082 [0] NCCL INFO Using network Socket
node23D400674:1239:2082 [0] NCCL INFO ncclCommInitRankConfig comm 0x22f37540 rank 2 nranks 4 cudaDev 0 nvmlDev 0 busId 801000 commId 0xe4920d0a425169d6 - Init START
node23D400674:1242:2079 [3] NCCL INFO Bootstrap timings total 0.001550 (create 0.000034, send 0.000187, recv 0.000409, ring 0.000347, delay 0.000000)
node23D400674:1241:2081 [2] NCCL INFO Bootstrap timings total 0.001643 (create 0.000044, send 0.000163, recv 0.000462, ring 0.000422, delay 0.000000)
node23D400674:1240:2080 [1] NCCL INFO Bootstrap timings total 0.002379 (create 0.000075, send 0.000243, recv 0.001320, ring 0.000555, delay 0.000000)
node23D400674:1239:2082 [0] NCCL INFO Bootstrap timings total 0.001291 (create 0.000047, send 0.000191, recv 0.000439, ring 0.000376, delay 0.000000)
node23D400674:1242:2079 [3] NCCL INFO MNNVL busId 0x1901000 fabric UUID aa48724aeeaad6a8.b34b901796a1c18d cliqueId 0x7ffe state 3 healthMask 0xaa
node23D400674:1241:2081 [2] NCCL INFO MNNVL busId 0x1801000 fabric UUID aa48724aeeaad6a8.b34b901796a1c18d cliqueId 0x7ffe state 3 healthMask 0xaa
node23D400674:1239:2082 [0] NCCL INFO MNNVL busId 0x801000 fabric UUID aa48724aeeaad6a8.b34b901796a1c18d cliqueId 0x7ffe state 3 healthMask 0xaa
node23D400674:1240:2080 [1] NCCL INFO MNNVL busId 0x901000 fabric UUID aa48724aeeaad6a8.b34b901796a1c18d cliqueId 0x7ffe state 3 healthMask 0xaa
node23D400674:1242:2079 [3] NCCL INFO MNNVL 1 cliqueId 7ffe cliqueSize 4 cliqueRank 2
node23D400674:1241:2081 [2] NCCL INFO MNNVL 1 cliqueId 7ffe cliqueSize 4 cliqueRank 2
node23D400674:1240:2080 [1] NCCL INFO MNNVL 1 cliqueId 7ffe cliqueSize 4 cliqueRank 2
node23D400674:1239:2082 [0] NCCL INFO MNNVL 1 cliqueId 7ffe cliqueSize 4 cliqueRank 2
node23D400674:1242:2079 [3] NCCL INFO Setting affinity for GPU 3 to 72-143
node23D400674:1242:2079 [3] NCCL INFO comm 0x3a5157f0 rank 2 nRanks 4 nNodes 1 localRanks 4 localRank 2 MNNVL 1
node23D400674:1242:2079 [3] NCCL INFO Trees [0] 3/-1/-1->2->1 [1] 3/-1/-1->2->1 [2] 3/-1/-1->2->1 [3] 3/-1/-1->2->1 [4] 3/-1/-1->2->1 [5] 3/-1/-1->2->1 [6] 3/-1/-1->2->1 [7] 3/-1/-1->2->1 [8] 3/-1/-1->2->1 [9] 3/-1/-1->2->1 [10] 3/-1/-1->2->1 [11] 3/-1/-1->2->1 [12] 3/-1/-1->2->-1 [13] 3/-1/-1->2->-1 [14] -1/-1/-1->2->1 [15] -1/-1/-1->2->1 [16] 3/-1/-1->2->1 [17] 3/-1/-1->2->1 [18] 3/-1/-1->2->1 [19] 3/-1/-1->2->1 [20] 3/-1/-1->2->1 [21] 3/-1/-1->2->1 [22] 3/-1/-1->2->1 [23] 3/-1/-1->2->1 [24] 3/-1/-1->2->1 [25] 3/-1/-1->2->1 [26] 3/-1/-1->2->1 [27] 3/-1/-1->2->1 [28] 3/-1/-1->2->-1 [29] 3/-1/-1->2->-1 [30] -1/-1/-1->2->1 [31] -1/-1/-1->2->1
node23D400674:1242:2079 [3] NCCL INFO P2P Chunksize set to 524288
node23D400674:1242:2083 [3] NCCL INFO [Proxy Service] Device 3 CPU core 88
