W1115 13:50:19.567000 1174 torch/distributed/run.py:766] 
W1115 13:50:19.567000 1174 torch/distributed/run.py:766] *****************************************
W1115 13:50:19.567000 1174 torch/distributed/run.py:766] Setting OMP_NUM_THREADS environment variable for each process to be 1 in default, to avoid your system being overloaded, please further tune the variable for optimal performance in your application as needed. 
W1115 13:50:19.567000 1174 torch/distributed/run.py:766] *****************************************
[Gloo] Rank [Gloo] Rank [Gloo] Rank [Gloo] Rank 111 is connected to  is connected to  is connected to 1 peer ranks. 1 is connected to 1 peer ranks. 11Expected number of connected peer ranks is : 1Expected number of connected peer ranks is : 1 peer ranks.  peer ranks. 

Expected number of connected peer ranks is : Expected number of connected peer ranks is : 11

[Gloo] Rank 0 is connected to 0 peer ranks. Expected number of connected peer ranks is : 0
[Gloo] Rank [Gloo] Rank 00 is connected to  is connected to 00 peer ranks.  peer ranks. Expected number of connected peer ranks is : Expected number of connected peer ranks is : 00

[Gloo] Rank 0 is connected to 0 peer ranks. Expected number of connected peer ranks is : 0
[Gloo] Rank 1 is connected to 1 peer ranks. Expected number of connected peer ranks is : 1
[Gloo] Rank 1 is connected to 1 peer ranks. Expected number of connected peer ranks is : 1
[Gloo] Rank 1 is connected to 1 peer ranks. Expected number of connected peer ranks is : 1
[rank41]:[W1115 13:50:47.726616378 ProcessGroupNCCL.cpp:4789] [PG ID 0 PG GUID 0 Rank 41]  using GPU 1 as device used by this process is currently unknown. This can potentially cause a hang if this rank to GPU mapping is incorrect. You can specify device_id in init_process_group() to force use of a particular device.
[rank43]:[W1115 13:50:47.726643802 ProcessGroupNCCL.cpp:4789] [PG ID 0 PG GUID 0 Rank 43]  using GPU 3 as device used by this process is currently unknown. This can potentially cause a hang if this rank to GPU mapping is incorrect. You can specify device_id in init_process_group() to force use of a particular device.
[rank42]:[W1115 13:50:47.728234289 ProcessGroupNCCL.cpp:4789] [PG ID 0 PG GUID 0 Rank 42]  using GPU 2 as device used by this process is currently unknown. This can potentially cause a hang if this rank to GPU mapping is incorrect. You can specify device_id in init_process_group() to force use of a particular device.
[Gloo] Rank 1 is connected to 1 peer ranks. Expected number of connected peer ranks is : 1
node23D400669:1241:1241 [2] NCCL INFO cudaDriverVersion 12080
node23D400669:1241:1241 [2] NCCL INFO Bootstrap: Using enP5p9s0:10.192.23.148<0>
node23D400669:1241:1241 [2] NCCL INFO NCCL version 2.27.3+cuda12.9
node23D400669:1241:1241 [2] NCCL INFO Comm config Blocking set to 1
node23D400669:1240:1240 [1] NCCL INFO cudaDriverVersion 12080
node23D400669:1242:1242 [3] NCCL INFO cudaDriverVersion 12080
node23D400669:1240:1240 [1] NCCL INFO Bootstrap: Using enP5p9s0:10.192.23.148<0>
node23D400669:1240:1240 [1] NCCL INFO NCCL version 2.27.3+cuda12.9
node23D400669:1240:1240 [1] NCCL INFO Comm config Blocking set to 1
node23D400669:1242:1242 [3] NCCL INFO Bootstrap: Using enP5p9s0:10.192.23.148<0>
node23D400669:1242:1242 [3] NCCL INFO NCCL version 2.27.3+cuda12.9
node23D400669:1242:1242 [3] NCCL INFO Comm config Blocking set to 1
[rank40]:[W1115 13:50:47.090323907 ProcessGroupNCCL.cpp:4789] [PG ID 0 PG GUID 0 Rank 40]  using GPU 0 as device used by this process is currently unknown. This can potentially cause a hang if this rank to GPU mapping is incorrect. You can specify device_id in init_process_group() to force use of a particular device.
node23D400669:1239:1239 [0] NCCL INFO cudaDriverVersion 12080
node23D400669:1239:1239 [0] NCCL INFO Bootstrap: Using enP5p9s0:10.192.23.148<0>
node23D400669:1239:1239 [0] NCCL INFO NCCL version 2.27.3+cuda12.9
node23D400669:1239:1239 [0] NCCL INFO Comm config Blocking set to 1
node23D400669:1240:1708 [1] NCCL INFO NET/Plugin: Plugin name set by env to libnccl-net.so
node23D400669:1241:1707 [2] NCCL INFO NET/Plugin: Plugin name set by env to libnccl-net.so
node23D400669:1240:1708 [1] NCCL INFO NET/Plugin: Loaded net plugin NCCL RDMA Plugin v10 (v10)
node23D400669:1240:1708 [1] NCCL INFO NET/Plugin: Loaded collnet plugin NCCL RDMA Plugin v10 (v10)
node23D400669:1240:1708 [1] NCCL INFO Successfully loaded external plugin libnccl-net.so
node23D400669:1241:1707 [2] NCCL INFO NET/Plugin: Loaded net plugin NCCL RDMA Plugin v10 (v10)
node23D400669:1241:1707 [2] NCCL INFO NET/Plugin: Loaded collnet plugin NCCL RDMA Plugin v10 (v10)
node23D400669:1241:1707 [2] NCCL INFO Successfully loaded external plugin libnccl-net.so
node23D400669:1240:1708 [1] NCCL INFO Plugin Path : /opt/hpcx/nccl_rdma_sharp_plugin/lib/libnccl-net.so
node23D400669:1240:1708 [1] NCCL INFO P2P plugin v10 IBext_v10
node23D400669:1241:1707 [2] NCCL INFO Plugin Path : /opt/hpcx/nccl_rdma_sharp_plugin/lib/libnccl-net.so
node23D400669:1241:1707 [2] NCCL INFO P2P plugin v10 IBext_v10
node23D400669:1242:1709 [3] NCCL INFO NET/Plugin: Plugin name set by env to libnccl-net.so
node23D400669:1242:1709 [3] NCCL INFO NET/Plugin: Loaded net plugin NCCL RDMA Plugin v10 (v10)
node23D400669:1242:1709 [3] NCCL INFO NET/Plugin: Loaded collnet plugin NCCL RDMA Plugin v10 (v10)
node23D400669:1242:1709 [3] NCCL INFO Successfully loaded external plugin libnccl-net.so
node23D400669:1242:1709 [3] NCCL INFO Plugin Path : /opt/hpcx/nccl_rdma_sharp_plugin/lib/libnccl-net.so
node23D400669:1242:1709 [3] NCCL INFO P2P plugin v10 IBext_v10
node23D400669:1239:1710 [0] NCCL INFO NET/Plugin: Plugin name set by env to libnccl-net.so
node23D400669:1239:1710 [0] NCCL INFO NET/Plugin: Loaded net plugin NCCL RDMA Plugin v10 (v10)
node23D400669:1239:1710 [0] NCCL INFO NET/Plugin: Loaded collnet plugin NCCL RDMA Plugin v10 (v10)
node23D400669:1239:1710 [0] NCCL INFO Successfully loaded external plugin libnccl-net.so
node23D400669:1239:1710 [0] NCCL INFO Plugin Path : /opt/hpcx/nccl_rdma_sharp_plugin/lib/libnccl-net.so
node23D400669:1239:1710 [0] NCCL INFO P2P plugin v10 IBext_v10
node23D400669:1242:1709 [3] NCCL INFO NET/IB : No device found.
node23D400669:1242:1709 [3] NCCL INFO NET/IB : Using [RO]; OOB enP5p9s0:10.192.23.148<0>
node23D400669:1240:1708 [1] NCCL INFO NET/IB : No device found.
node23D400669:1241:1707 [2] NCCL INFO NET/IB : No device found.
node23D400669:1240:1708 [1] NCCL INFO NET/IB : Using [RO]; OOB enP5p9s0:10.192.23.148<0>
node23D400669:1241:1707 [2] NCCL INFO NET/IB : Using [RO]; OOB enP5p9s0:10.192.23.148<0>
node23D400669:1239:1710 [0] NCCL INFO NET/IB : No device found.
node23D400669:1239:1710 [0] NCCL INFO NET/IB : Using [RO]; OOB enP5p9s0:10.192.23.148<0>
node23D400669:1242:1709 [3] NCCL INFO NET/IB : No device found.
node23D400669:1242:1709 [3] NCCL INFO NET/IB : Using [RO]; OOB enP5p9s0:10.192.23.148<0>
node23D400669:1242:1709 [3] NCCL INFO NET/Socket : Using [0]enP5p9s0:10.192.23.148<0>
node23D400669:1242:1709 [3] NCCL INFO Initialized NET plugin Socket
node23D400669:1242:1709 [3] NCCL INFO Assigned NET plugin Socket to comm
node23D400669:1242:1709 [3] NCCL INFO Using network Socket
node23D400669:1240:1708 [1] NCCL INFO NET/IB : No device found.
node23D400669:1240:1708 [1] NCCL INFO NET/IB : Using [RO]; OOB enP5p9s0:10.192.23.148<0>
node23D400669:1240:1708 [1] NCCL INFO NET/Socket : Using [0]enP5p9s0:10.192.23.148<0>
node23D400669:1240:1708 [1] NCCL INFO Initialized NET plugin Socket
node23D400669:1240:1708 [1] NCCL INFO Assigned NET plugin Socket to comm
node23D400669:1240:1708 [1] NCCL INFO Using network Socket
node23D400669:1241:1707 [2] NCCL INFO NET/IB : No device found.
node23D400669:1241:1707 [2] NCCL INFO NET/IB : Using [RO]; OOB enP5p9s0:10.192.23.148<0>
node23D400669:1239:1710 [0] NCCL INFO NET/IB : No device found.
node23D400669:1239:1710 [0] NCCL INFO NET/IB : Using [RO]; OOB enP5p9s0:10.192.23.148<0>
node23D400669:1239:1710 [0] NCCL INFO NET/Socket : Using [0]enP5p9s0:10.192.23.148<0>
node23D400669:1241:1707 [2] NCCL INFO NET/Socket : Using [0]enP5p9s0:10.192.23.148<0>
node23D400669:1239:1710 [0] NCCL INFO Initialized NET plugin Socket
node23D400669:1241:1707 [2] NCCL INFO Initialized NET plugin Socket
node23D400669:1239:1710 [0] NCCL INFO Assigned NET plugin Socket to comm
node23D400669:1239:1710 [0] NCCL INFO Using network Socket
node23D400669:1241:1707 [2] NCCL INFO Assigned NET plugin Socket to comm
node23D400669:1241:1707 [2] NCCL INFO Using network Socket
node23D400669:1242:1709 [3] NCCL INFO ncclCommInitRankConfig comm 0x49733e20 rank 43 nranks 64 cudaDev 3 nvmlDev 3 busId 1901000 commId 0xd0f8a826c702c9c7 - Init START
node23D400669:1239:1710 [0] NCCL INFO ncclCommInitRankConfig comm 0x27ddab70 rank 40 nranks 64 cudaDev 0 nvmlDev 0 busId 801000 commId 0xd0f8a826c702c9c7 - Init START
node23D400669:1240:1708 [1] NCCL INFO ncclCommInitRankConfig comm 0x17ac4790 rank 41 nranks 64 cudaDev 1 nvmlDev 1 busId 901000 commId 0xd0f8a826c702c9c7 - Init START
node23D400669:1241:1707 [2] NCCL INFO ncclCommInitRankConfig comm 0x3b37ae90 rank 42 nranks 64 cudaDev 2 nvmlDev 2 busId 1801000 commId 0xd0f8a826c702c9c7 - Init START
node23D400669:1241:1707 [2] NCCL INFO RAS client listening socket at 127.0.0.1<28028>
node23D400669:1240:1708 [1] NCCL INFO RAS client listening socket at 127.0.0.1<28028>
node23D400669:1242:1709 [3] NCCL INFO RAS client listening socket at 127.0.0.1<28028>
node23D400669:1239:1710 [0] NCCL INFO RAS client listening socket at 127.0.0.1<28028>
node23D400669:1241:1707 [2] NCCL INFO Bootstrap timings total 0.082189 (create 0.000034, send 0.000116, recv 0.000278, ring 0.081260, delay 0.000000)
node23D400669:1242:1709 [3] NCCL INFO Bootstrap timings total 0.082482 (create 0.000049, send 0.000197, recv 0.020985, ring 0.060540, delay 0.000001)
node23D400669:1240:1708 [1] NCCL INFO Bootstrap timings total 0.082260 (create 0.000028, send 0.000149, recv 0.000411, ring 0.081246, delay 0.000000)
node23D400669:1239:1710 [0] NCCL INFO Bootstrap timings total 0.082374 (create 0.000043, send 0.000200, recv 0.000564, ring 0.044125, delay 0.000000)
node23D400669:1241:1707 [2] NCCL INFO MNNVL busId 0x1801000 fabric UUID aa48724aeeaad6a8.b34b901796a1c18d cliqueId 0x7ffe state 3 healthMask 0xaa
node23D400669:1242:1709 [3] NCCL INFO MNNVL busId 0x1901000 fabric UUID aa48724aeeaad6a8.b34b901796a1c18d cliqueId 0x7ffe state 3 healthMask 0xaa
node23D400669:1240:1708 [1] NCCL INFO MNNVL busId 0x901000 fabric UUID aa48724aeeaad6a8.b34b901796a1c18d cliqueId 0x7ffe state 3 healthMask 0xaa
node23D400669:1239:1710 [0] NCCL INFO MNNVL busId 0x801000 fabric UUID aa48724aeeaad6a8.b34b901796a1c18d cliqueId 0x7ffe state 3 healthMask 0xaa
node23D400669:1240:1708 [1] NCCL INFO MNNVL 1 cliqueId 7ffe cliqueSize 64 cliqueRank 41
node23D400669:1239:1710 [0] NCCL INFO MNNVL 1 cliqueId 7ffe cliqueSize 64 cliqueRank 40
node23D400669:1241:1707 [2] NCCL INFO MNNVL 1 cliqueId 7ffe cliqueSize 64 cliqueRank 42
node23D400669:1242:1709 [3] NCCL INFO MNNVL 1 cliqueId 7ffe cliqueSize 64 cliqueRank 43
node23D400669:1242:1709 [3] NCCL INFO Setting affinity for GPU 3 to 72-143
node23D400669:1242:1709 [3] NCCL INFO NCCL_NVLS_ENABLE set by environment to 0.
node23D400669:1240:1708 [1] NCCL INFO Setting affinity for GPU 1 to 0-71
node23D400669:1240:1708 [1] NCCL INFO NCCL_NVLS_ENABLE set by environment to 0.
node23D400669:1241:1707 [2] NCCL INFO Setting affinity for GPU 2 to 72-143
node23D400669:1241:1707 [2] NCCL INFO NCCL_NVLS_ENABLE set by environment to 0.
node23D400669:1239:1710 [0] NCCL INFO Setting affinity for GPU 0 to 0-71
node23D400669:1239:1710 [0] NCCL INFO NCCL_NVLS_ENABLE set by environment to 0.
node23D400669:1239:1710 [0] NCCL INFO comm 0x27ddab70 rank 40 nRanks 64 nNodes 1 localRanks 64 localRank 40 MNNVL 1
node23D400669:1240:1708 [1] NCCL INFO comm 0x17ac4790 rank 41 nRanks 64 nNodes 1 localRanks 64 localRank 41 MNNVL 1
node23D400669:1239:1710 [0] NCCL INFO Trees [0] 41/-1/-1->40->39 [1] 41/-1/-1->40->39 [2] 41/-1/-1->40->39 [3] 41/-1/-1->40->39 [4] 41/-1/-1->40->39 [5] 41/-1/-1->40->39 [6] 41/-1/-1->40->39 [7] 41/-1/-1->40->39 [8] 41/-1/-1->40->39 [9] 41/-1/-1->40->39 [10] 41/-1/-1->40->39 [11] 41/-1/-1->40->39 [12] 41/-1/-1->40->39 [13] 41/-1/-1->40->39 [14] 41/-1/-1->40->39 [15] 41/-1/-1->40->39 [16] 41/-1/-1->40->39 [17] 41/-1/-1->40->39 [18] 41/-1/-1->40->39 [19] 41/-1/-1->40->39 [20] 41/-1/-1->40->39 [21] 41/-1/-1->40->39 [22] 41/-1/-1->40->39 [23] 41/-1/-1->40->39 [24] 41/-1/-1->40->39 [25] 41/-1/-1->40->39 [26] 41/-1/-1->40->39 [27] 41/-1/-1->40->39 [28] 41/-1/-1->40->39 [29] 41/-1/-1->40->39 [30] 41/-1/-1->40->39 [31] 41/-1/-1->40->39
node23D400669:1241:1707 [2] NCCL INFO comm 0x3b37ae90 rank 42 nRanks 64 nNodes 1 localRanks 64 localRank 42 MNNVL 1
node23D400669:1242:1709 [3] NCCL INFO comm 0x49733e20 rank 43 nRanks 64 nNodes 1 localRanks 64 localRank 43 MNNVL 1
node23D400669:1239:1710 [0] NCCL INFO P2P Chunksize set to 524288
node23D400669:1240:1708 [1] NCCL INFO Trees [0] 42/-1/-1->41->40 [1] 42/-1/-1->41->40 [2] 42/-1/-1->41->40 [3] 42/-1/-1->41->40 [4] 42/-1/-1->41->40 [5] 42/-1/-1->41->40 [6] 42/-1/-1->41->40 [7] 42/-1/-1->41->40 [8] 42/-1/-1->41->40 [9] 42/-1/-1->41->40 [10] 42/-1/-1->41->40 [11] 42/-1/-1->41->40 [12] 42/-1/-1->41->40 [13] 42/-1/-1->41->40 [14] 42/-1/-1->41->40 [15] 42/-1/-1->41->40 [16] 42/-1/-1->41->40 [17] 42/-1/-1->41->40 [18] 42/-1/-1->41->40 [19] 42/-1/-1->41->40 [20] 42/-1/-1->41->40 [21] 42/-1/-1->41->40 [22] 42/-1/-1->41->40 [23] 42/-1/-1->41->40 [24] 42/-1/-1->41->40 [25] 42/-1/-1->41->40 [26] 42/-1/-1->41->40 [27] 42/-1/-1->41->40 [28] 42/-1/-1->41->40 [29] 42/-1/-1->41->40 [30] 42/-1/-1->41->40 [31] 42/-1/-1->41->40
node23D400669:1240:1708 [1] NCCL INFO P2P Chunksize set to 524288
node23D400669:1241:1707 [2] NCCL INFO Trees [0] 43/-1/-1->42->41 [1] 43/-1/-1->42->41 [2] 43/-1/-1->42->41 [3] 43/-1/-1->42->41 [4] 43/-1/-1->42->41 [5] 43/-1/-1->42->41 [6] 43/-1/-1->42->41 [7] 43/-1/-1->42->41 [8] 43/-1/-1->42->41 [9] 43/-1/-1->42->41 [10] 43/-1/-1->42->41 [11] 43/-1/-1->42->41 [12] 43/-1/-1->42->41 [13] 43/-1/-1->42->41 [14] 43/-1/-1->42->41 [15] 43/-1/-1->42->41 [16] 43/-1/-1->42->41 [17] 43/-1/-1->42->41 [18] 43/-1/-1->42->41 [19] 43/-1/-1->42->41 [20] 43/-1/-1->42->41 [21] 43/-1/-1->42->41 [22] 43/-1/-1->42->41 [23] 43/-1/-1->42->41 [24] 43/-1/-1->42->41 [25] 43/-1/-1->42->41 [26] 43/-1/-1->42->41 [27] 43/-1/-1->42->41 [28] 43/-1/-1->42->41 [29] 43/-1/-1->42->41 [30] 43/-1/-1->42->41 [31] 43/-1/-1->42->41
node23D400669:1242:1709 [3] NCCL INFO Trees [0] 44/-1/-1->43->42 [1] 44/-1/-1->43->42 [2] 44/-1/-1->43->42 [3] 44/-1/-1->43->42 [4] 44/-1/-1->43->42 [5] 44/-1/-1->43->42 [6] 44/-1/-1->43->42 [7] 44/-1/-1->43->42 [8] 44/-1/-1->43->42 [9] 44/-1/-1->43->42 [10] 44/-1/-1->43->42 [11] 44/-1/-1->43->42 [12] 44/-1/-1->43->42 [13] 44/-1/-1->43->42 [14] 44/-1/-1->43->42 [15] 44/-1/-1->43->42 [16] 44/-1/-1->43->42 [17] 44/-1/-1->43->42 [18] 44/-1/-1->43->42 [19] 44/-1/-1->43->42 [20] 44/-1/-1->43->42 [21] 44/-1/-1->43->42 [22] 44/-1/-1->43->42 [23] 44/-1/-1->43->42 [24] 44/-1/-1->43->42 [25] 44/-1/-1->43->42 [26] 44/-1/-1->43->42 [27] 44/-1/-1->43->42 [28] 44/-1/-1->43->42 [29] 44/-1/-1->43->42 [30] 44/-1/-1->43->42 [31] 44/-1/-1->43->42
node23D400669:1241:1707 [2] NCCL INFO P2P Chunksize set to 524288
node23D400669:1242:1709 [3] NCCL INFO P2P Chunksize set to 524288
node23D400669:1240:1708 [1] NCCL INFO PROFILER/Plugin: Could not find: libnccl-profiler.so. 
node23D400669:1239:1710 [0] NCCL INFO PROFILER/Plugin: Could not find: libnccl-profiler.so. 
node23D400669:1242:1709 [3] NCCL INFO PROFILER/Plugin: Could not find: libnccl-profiler.so. 
node23D400669:1241:1707 [2] NCCL INFO PROFILER/Plugin: Could not find: libnccl-profiler.so. 
node23D400669:1240:1717 [1] NCCL INFO [Proxy Service] Device 1 CPU core 42
node23D400669:1239:1716 [0] NCCL INFO [Proxy Service] Device 0 CPU core 2
node23D400669:1241:1718 [2] NCCL INFO [Proxy Service] Device 2 CPU core 107
node23D400669:1242:1715 [3] NCCL INFO [Proxy Service] Device 3 CPU core 138
node23D400669:1242:1719 [3] NCCL INFO [Proxy Service UDS] Device 3 CPU core 139
node23D400669:1239:1721 [0] NCCL INFO [Proxy Service UDS] Device 0 CPU core 4
node23D400669:1240:1720 [1] NCCL INFO [Proxy Service UDS] Device 1 CPU core 43
node23D400669:1241:1722 [2] NCCL INFO [Proxy Service UDS] Device 2 CPU core 108
node23D400669:1239:1710 [0] NCCL INFO threadThresholds 8/8/64 | 512/8/64 | 512 | 512
node23D400669:1239:1710 [0] NCCL INFO 32 coll channels, 32 collnet channels, 0 nvls channels, 32 p2p channels, 32 p2p channels per peer
node23D400669:1240:1708 [1] NCCL INFO threadThresholds 8/8/64 | 512/8/64 | 512 | 512
node23D400669:1240:1708 [1] NCCL INFO 32 coll channels, 32 collnet channels, 0 nvls channels, 32 p2p channels, 32 p2p channels per peer
node23D400669:1242:1709 [3] NCCL INFO threadThresholds 8/8/64 | 512/8/64 | 512 | 512
node23D400669:1242:1709 [3] NCCL INFO 32 coll channels, 32 collnet channels, 0 nvls channels, 32 p2p channels, 32 p2p channels per peer
node23D400669:1241:1707 [2] NCCL INFO threadThresholds 8/8/64 | 512/8/64 | 512 | 512
node23D400669:1241:1707 [2] NCCL INFO 32 coll channels, 32 collnet channels, 0 nvls channels, 32 p2p channels, 32 p2p channels per peer
node23D400669:1240:1708 [1] NCCL INFO TUNER/Plugin: Could not find: libnccl-tuner.so. Using internal tuner plugin.
node23D400669:1239:1710 [0] NCCL INFO TUNER/Plugin: Could not find: libnccl-tuner.so. Using internal tuner plugin.
node23D400669:1242:1709 [3] NCCL INFO TUNER/Plugin: Could not find: libnccl-tuner.so. Using internal tuner plugin.
node23D400669:1240:1708 [1] NCCL INFO TUNER/Plugin: Failed to find ncclTunerPlugin_v4 symbol.
node23D400669:1239:1710 [0] NCCL INFO TUNER/Plugin: Failed to find ncclTunerPlugin_v4 symbol.
node23D400669:1242:1709 [3] NCCL INFO TUNER/Plugin: Failed to find ncclTunerPlugin_v4 symbol.
node23D400669:1240:1708 [1] NCCL INFO TUNER/Plugin: Failed to find ncclTunerPlugin_v3 symbol.
node23D400669:1239:1710 [0] NCCL INFO TUNER/Plugin: Failed to find ncclTunerPlugin_v3 symbol.
node23D400669:1242:1709 [3] NCCL INFO TUNER/Plugin: Failed to find ncclTunerPlugin_v3 symbol.
node23D400669:1240:1708 [1] NCCL INFO TUNER/Plugin: Failed to find ncclTunerPlugin_v2 symbol, using internal tuner instead.
node23D400669:1239:1710 [0] NCCL INFO TUNER/Plugin: Failed to find ncclTunerPlugin_v2 symbol, using internal tuner instead.
node23D400669:1242:1709 [3] NCCL INFO TUNER/Plugin: Failed to find ncclTunerPlugin_v2 symbol, using internal tuner instead.
node23D400669:1240:1708 [1] NCCL INFO ncclCommInitRankConfig comm 0x17ac4790 rank 41 nranks 64 cudaDev 1 nvmlDev 1 busId 901000 commId 0xd0f8a826c702c9c7 - Init COMPLETE
node23D400669:1239:1710 [0] NCCL INFO ncclCommInitRankConfig comm 0x27ddab70 rank 40 nranks 64 cudaDev 0 nvmlDev 0 busId 801000 commId 0xd0f8a826c702c9c7 - Init COMPLETE
node23D400669:1242:1709 [3] NCCL INFO ncclCommInitRankConfig comm 0x49733e20 rank 43 nranks 64 cudaDev 3 nvmlDev 3 busId 1901000 commId 0xd0f8a826c702c9c7 - Init COMPLETE
node23D400669:1240:1708 [1] NCCL INFO Init timings - ncclCommInitRankConfig: rank 41 nranks 64 total 2.89 (kernels 0.22, alloc 0.26, bootstrap 0.08, allgathers 0.09, topo 2.04, graphs 0.04, connections 0.15, rest 0.01)
node23D400669:1239:1710 [0] NCCL INFO Init timings - ncclCommInitRankConfig: rank 40 nranks 64 total 2.68 (kernels 0.08, alloc 0.18, bootstrap 0.08, allgathers 0.07, topo 2.06, graphs 0.04, connections 0.15, rest 0.01)
node23D400669:1241:1707 [2] NCCL INFO TUNER/Plugin: Could not find: libnccl-tuner.so. Using internal tuner plugin.
node23D400669:1242:1709 [3] NCCL INFO Init timings - ncclCommInitRankConfig: rank 43 nranks 64 total 2.89 (kernels 0.23, alloc 0.25, bootstrap 0.08, allgathers 0.10, topo 2.03, graphs 0.04, connections 0.16, rest 0.01)
node23D400669:1241:1707 [2] NCCL INFO TUNER/Plugin: Failed to find ncclTunerPlugin_v4 symbol.
node23D400669:1241:1707 [2] NCCL INFO TUNER/Plugin: Failed to find ncclTunerPlugin_v3 symbol.
node23D400669:1241:1707 [2] NCCL INFO TUNER/Plugin: Failed to find ncclTunerPlugin_v2 symbol, using internal tuner instead.
node23D400669:1241:1707 [2] NCCL INFO ncclCommInitRankConfig comm 0x3b37ae90 rank 42 nranks 64 cudaDev 2 nvmlDev 2 busId 1801000 commId 0xd0f8a826c702c9c7 - Init COMPLETE
node23D400669:1241:1707 [2] NCCL INFO Init timings - ncclCommInitRankConfig: rank 42 nranks 64 total 2.90 (kernels 0.22, alloc 0.25, bootstrap 0.08, allgathers 0.09, topo 2.04, graphs 0.04, connections 0.16, rest 0.01)
node23D400669:1240:1723 [1] NCCL INFO Channel 00/0 : 41[1] -> 42[2] via P2P/MNNVL
node23D400669:1240:1723 [1] NCCL INFO Channel 01/0 : 41[1] -> 42[2] via P2P/MNNVL
node23D400669:1240:1723 [1] NCCL INFO Channel 02/0 : 41[1] -> 42[2] via P2P/MNNVL
node23D400669:1240:1723 [1] NCCL INFO Channel 03/0 : 41[1] -> 42[2] via P2P/MNNVL
node23D400669:1240:1723 [1] NCCL INFO Channel 04/0 : 41[1] -> 42[2] via P2P/MNNVL
node23D400669:1240:1723 [1] NCCL INFO Channel 05/0 : 41[1] -> 42[2] via P2P/MNNVL
node23D400669:1239:1725 [0] NCCL INFO Channel 00/0 : 40[0] -> 41[1] via P2P/MNNVL
node23D400669:1240:1723 [1] NCCL INFO Channel 06/0 : 41[1] -> 42[2] via P2P/MNNVL
node23D400669:1240:1723 [1] NCCL INFO Channel 07/0 : 41[1] -> 42[2] via P2P/MNNVL
node23D400669:1239:1725 [0] NCCL INFO Channel 01/0 : 40[0] -> 41[1] via P2P/MNNVL
node23D400669:1239:1725 [0] NCCL INFO Channel 02/0 : 40[0] -> 41[1] via P2P/MNNVL
node23D400669:1240:1723 [1] NCCL INFO Channel 08/0 : 41[1] -> 42[2] via P2P/MNNVL
node23D400669:1240:1723 [1] NCCL INFO Channel 09/0 : 41[1] -> 42[2] via P2P/MNNVL
node23D400669:1239:1725 [0] NCCL INFO Channel 03/0 : 40[0] -> 41[1] via P2P/MNNVL
node23D400669:1240:1723 [1] NCCL INFO Channel 10/0 : 41[1] -> 42[2] via P2P/MNNVL
node23D400669:1239:1725 [0] NCCL INFO Channel 04/0 : 40[0] -> 41[1] via P2P/MNNVL
node23D400669:1242:1726 [3] NCCL INFO Channel 00/0 : 43[3] -> 44[0] via P2P/MNNVL
node23D400669:1239:1725 [0] NCCL INFO Channel 05/0 : 40[0] -> 41[1] via P2P/MNNVL
node23D400669:1241:1724 [2] NCCL INFO Channel 00/0 : 42[2] -> 43[3] via P2P/MNNVL
node23D400669:1240:1723 [1] NCCL INFO Channel 11/0 : 41[1] -> 42[2] via P2P/MNNVL
node23D400669:1242:1726 [3] NCCL INFO Channel 01/0 : 43[3] -> 44[0] via P2P/MNNVL
node23D400669:1240:1723 [1] NCCL INFO Channel 12/0 : 41[1] -> 42[2] via P2P/MNNVL
node23D400669:1239:1725 [0] NCCL INFO Channel 06/0 : 40[0] -> 41[1] via P2P/MNNVL
node23D400669:1239:1725 [0] NCCL INFO Channel 07/0 : 40[0] -> 41[1] via P2P/MNNVL
node23D400669:1240:1723 [1] NCCL INFO Channel 13/0 : 41[1] -> 42[2] via P2P/MNNVL
node23D400669:1241:1724 [2] NCCL INFO Channel 01/0 : 42[2] -> 43[3] via P2P/MNNVL
node23D400669:1242:1726 [3] NCCL INFO Channel 02/0 : 43[3] -> 44[0] via P2P/MNNVL
node23D400669:1239:1725 [0] NCCL INFO Channel 08/0 : 40[0] -> 41[1] via P2P/MNNVL
node23D400669:1240:1723 [1] NCCL INFO Channel 14/0 : 41[1] -> 42[2] via P2P/MNNVL
node23D400669:1242:1726 [3] NCCL INFO Channel 03/0 : 43[3] -> 44[0] via P2P/MNNVL
node23D400669:1241:1724 [2] NCCL INFO Channel 02/0 : 42[2] -> 43[3] via P2P/MNNVL
node23D400669:1239:1725 [0] NCCL INFO Channel 09/0 : 40[0] -> 41[1] via P2P/MNNVL
node23D400669:1240:1723 [1] NCCL INFO Channel 15/0 : 41[1] -> 42[2] via P2P/MNNVL
node23D400669:1241:1724 [2] NCCL INFO Channel 03/0 : 42[2] -> 43[3] via P2P/MNNVL
node23D400669:1242:1726 [3] NCCL INFO Channel 04/0 : 43[3] -> 44[0] via P2P/MNNVL
node23D400669:1239:1725 [0] NCCL INFO Channel 10/0 : 40[0] -> 41[1] via P2P/MNNVL
node23D400669:1240:1723 [1] NCCL INFO Channel 16/0 : 41[1] -> 42[2] via P2P/MNNVL
node23D400669:1242:1726 [3] NCCL INFO Channel 05/0 : 43[3] -> 44[0] via P2P/MNNVL
node23D400669:1241:1724 [2] NCCL INFO Channel 04/0 : 42[2] -> 43[3] via P2P/MNNVL
node23D400669:1239:1725 [0] NCCL INFO Channel 11/0 : 40[0] -> 41[1] via P2P/MNNVL
node23D400669:1240:1723 [1] NCCL INFO Channel 17/0 : 41[1] -> 42[2] via P2P/MNNVL
node23D400669:1239:1725 [0] NCCL INFO Channel 12/0 : 40[0] -> 41[1] via P2P/MNNVL
node23D400669:1242:1726 [3] NCCL INFO Channel 06/0 : 43[3] -> 44[0] via P2P/MNNVL
node23D400669:1241:1724 [2] NCCL INFO Channel 05/0 : 42[2] -> 43[3] via P2P/MNNVL
node23D400669:1240:1723 [1] NCCL INFO Channel 18/0 : 41[1] -> 42[2] via P2P/MNNVL
node23D400669:1239:1725 [0] NCCL INFO Channel 13/0 : 40[0] -> 41[1] via P2P/MNNVL
node23D400669:1242:1726 [3] NCCL INFO Channel 07/0 : 43[3] -> 44[0] via P2P/MNNVL
node23D400669:1241:1724 [2] NCCL INFO Channel 06/0 : 42[2] -> 43[3] via P2P/MNNVL
node23D400669:1239:1725 [0] NCCL INFO Channel 14/0 : 40[0] -> 41[1] via P2P/MNNVL
node23D400669:1240:1723 [1] NCCL INFO Channel 19/0 : 41[1] -> 42[2] via P2P/MNNVL
node23D400669:1240:1723 [1] NCCL INFO Channel 20/0 : 41[1] -> 42[2] via P2P/MNNVL
node23D400669:1239:1725 [0] NCCL INFO Channel 15/0 : 40[0] -> 41[1] via P2P/MNNVL
node23D400669:1242:1726 [3] NCCL INFO Channel 08/0 : 43[3] -> 44[0] via P2P/MNNVL
node23D400669:1239:1725 [0] NCCL INFO Channel 16/0 : 40[0] -> 41[1] via P2P/MNNVL
node23D400669:1241:1724 [2] NCCL INFO Channel 07/0 : 42[2] -> 43[3] via P2P/MNNVL
node23D400669:1242:1726 [3] NCCL INFO Channel 09/0 : 43[3] -> 44[0] via P2P/MNNVL
node23D400669:1240:1723 [1] NCCL INFO Channel 21/0 : 41[1] -> 42[2] via P2P/MNNVL
node23D400669:1239:1725 [0] NCCL INFO Channel 17/0 : 40[0] -> 41[1] via P2P/MNNVL
node23D400669:1240:1723 [1] NCCL INFO Channel 22/0 : 41[1] -> 42[2] via P2P/MNNVL
node23D400669:1242:1726 [3] NCCL INFO Channel 10/0 : 43[3] -> 44[0] via P2P/MNNVL
node23D400669:1241:1724 [2] NCCL INFO Channel 08/0 : 42[2] -> 43[3] via P2P/MNNVL
node23D400669:1239:1725 [0] NCCL INFO Channel 18/0 : 40[0] -> 41[1] via P2P/MNNVL
node23D400669:1241:1724 [2] NCCL INFO Channel 09/0 : 42[2] -> 43[3] via P2P/MNNVL
node23D400669:1240:1723 [1] NCCL INFO Channel 23/0 : 41[1] -> 42[2] via P2P/MNNVL
node23D400669:1242:1726 [3] NCCL INFO Channel 11/0 : 43[3] -> 44[0] via P2P/MNNVL
node23D400669:1241:1724 [2] NCCL INFO Channel 10/0 : 42[2] -> 43[3] via P2P/MNNVL
node23D400669:1240:1723 [1] NCCL INFO Channel 24/0 : 41[1] -> 42[2] via P2P/MNNVL
node23D400669:1242:1726 [3] NCCL INFO Channel 12/0 : 43[3] -> 44[0] via P2P/MNNVL
node23D400669:1239:1725 [0] NCCL INFO Channel 19/0 : 40[0] -> 41[1] via P2P/MNNVL
node23D400669:1242:1726 [3] NCCL INFO Channel 13/0 : 43[3] -> 44[0] via P2P/MNNVL
node23D400669:1241:1724 [2] NCCL INFO Channel 11/0 : 42[2] -> 43[3] via P2P/MNNVL
node23D400669:1239:1725 [0] NCCL INFO Channel 20/0 : 40[0] -> 41[1] via P2P/MNNVL
node23D400669:1240:1723 [1] NCCL INFO Channel 25/0 : 41[1] -> 42[2] via P2P/MNNVL
node23D400669:1240:1723 [1] NCCL INFO Channel 26/0 : 41[1] -> 42[2] via P2P/MNNVL
node23D400669:1241:1724 [2] NCCL INFO Channel 12/0 : 42[2] -> 43[3] via P2P/MNNVL
node23D400669:1239:1725 [0] NCCL INFO Channel 21/0 : 40[0] -> 41[1] via P2P/MNNVL
node23D400669:1240:1723 [1] NCCL INFO Channel 27/0 : 41[1] -> 42[2] via P2P/MNNVL
node23D400669:1242:1726 [3] NCCL INFO Channel 14/0 : 43[3] -> 44[0] via P2P/MNNVL
node23D400669:1242:1726 [3] NCCL INFO Channel 15/0 : 43[3] -> 44[0] via P2P/MNNVL
node23D400669:1240:1723 [1] NCCL INFO Channel 28/0 : 41[1] -> 42[2] via P2P/MNNVL
node23D400669:1241:1724 [2] NCCL INFO Channel 13/0 : 42[2] -> 43[3] via P2P/MNNVL
node23D400669:1239:1725 [0] NCCL INFO Channel 22/0 : 40[0] -> 41[1] via P2P/MNNVL
node23D400669:1241:1724 [2] NCCL INFO Channel 14/0 : 42[2] -> 43[3] via P2P/MNNVL
node23D400669:1242:1726 [3] NCCL INFO Channel 16/0 : 43[3] -> 44[0] via P2P/MNNVL
node23D400669:1240:1723 [1] NCCL INFO Channel 29/0 : 41[1] -> 42[2] via P2P/MNNVL
node23D400669:1241:1724 [2] NCCL INFO Channel 15/0 : 42[2] -> 43[3] via P2P/MNNVL
node23D400669:1239:1725 [0] NCCL INFO Channel 23/0 : 40[0] -> 41[1] via P2P/MNNVL
node23D400669:1240:1723 [1] NCCL INFO Channel 30/0 : 41[1] -> 42[2] via P2P/MNNVL
node23D400669:1239:1725 [0] NCCL INFO Channel 24/0 : 40[0] -> 41[1] via P2P/MNNVL
node23D400669:1242:1726 [3] NCCL INFO Channel 17/0 : 43[3] -> 44[0] via P2P/MNNVL
node23D400669:1241:1724 [2] NCCL INFO Channel 16/0 : 42[2] -> 43[3] via P2P/MNNVL
node23D400669:1240:1723 [1] NCCL INFO Channel 31/0 : 41[1] -> 42[2] via P2P/MNNVL
node23D400669:1242:1726 [3] NCCL INFO Channel 18/0 : 43[3] -> 44[0] via P2P/MNNVL
node23D400669:1239:1725 [0] NCCL INFO Channel 25/0 : 40[0] -> 41[1] via P2P/MNNVL
node23D400669:1242:1726 [3] NCCL INFO Channel 19/0 : 43[3] -> 44[0] via P2P/MNNVL
node23D400669:1241:1724 [2] NCCL INFO Channel 17/0 : 42[2] -> 43[3] via P2P/MNNVL
node23D400669:1239:1725 [0] NCCL INFO Channel 26/0 : 40[0] -> 41[1] via P2P/MNNVL
node23D400669:1241:1724 [2] NCCL INFO Channel 18/0 : 42[2] -> 43[3] via P2P/MNNVL
node23D400669:1242:1726 [3] NCCL INFO Channel 20/0 : 43[3] -> 44[0] via P2P/MNNVL
node23D400669:1242:1726 [3] NCCL INFO Channel 21/0 : 43[3] -> 44[0] via P2P/MNNVL
node23D400669:1241:1724 [2] NCCL INFO Channel 19/0 : 42[2] -> 43[3] via P2P/MNNVL
node23D400669:1239:1725 [0] NCCL INFO Channel 27/0 : 40[0] -> 41[1] via P2P/MNNVL
node23D400669:1242:1726 [3] NCCL INFO Channel 22/0 : 43[3] -> 44[0] via P2P/MNNVL
node23D400669:1241:1724 [2] NCCL INFO Channel 20/0 : 42[2] -> 43[3] via P2P/MNNVL
node23D400669:1239:1725 [0] NCCL INFO Channel 28/0 : 40[0] -> 41[1] via P2P/MNNVL
node23D400669:1242:1726 [3] NCCL INFO Channel 23/0 : 43[3] -> 44[0] via P2P/MNNVL
node23D400669:1241:1724 [2] NCCL INFO Channel 21/0 : 42[2] -> 43[3] via P2P/MNNVL
node23D400669:1239:1725 [0] NCCL INFO Channel 29/0 : 40[0] -> 41[1] via P2P/MNNVL
node23D400669:1242:1726 [3] NCCL INFO Channel 24/0 : 43[3] -> 44[0] via P2P/MNNVL
node23D400669:1241:1724 [2] NCCL INFO Channel 22/0 : 42[2] -> 43[3] via P2P/MNNVL
node23D400669:1242:1726 [3] NCCL INFO Channel 25/0 : 43[3] -> 44[0] via P2P/MNNVL
node23D400669:1241:1724 [2] NCCL INFO Channel 23/0 : 42[2] -> 43[3] via P2P/MNNVL
node23D400669:1239:1725 [0] NCCL INFO Channel 30/0 : 40[0] -> 41[1] via P2P/MNNVL
node23D400669:1239:1725 [0] NCCL INFO Channel 31/0 : 40[0] -> 41[1] via P2P/MNNVL
node23D400669:1242:1726 [3] NCCL INFO Channel 26/0 : 43[3] -> 44[0] via P2P/MNNVL
node23D400669:1241:1724 [2] NCCL INFO Channel 24/0 : 42[2] -> 43[3] via P2P/MNNVL
node23D400669:1242:1726 [3] NCCL INFO Channel 27/0 : 43[3] -> 44[0] via P2P/MNNVL
node23D400669:1241:1724 [2] NCCL INFO Channel 25/0 : 42[2] -> 43[3] via P2P/MNNVL
node23D400669:1241:1724 [2] NCCL INFO Channel 26/0 : 42[2] -> 43[3] via P2P/MNNVL
node23D400669:1242:1726 [3] NCCL INFO Channel 28/0 : 43[3] -> 44[0] via P2P/MNNVL
node23D400669:1241:1724 [2] NCCL INFO Channel 27/0 : 42[2] -> 43[3] via P2P/MNNVL
node23D400669:1242:1726 [3] NCCL INFO Channel 29/0 : 43[3] -> 44[0] via P2P/MNNVL
node23D400669:1242:1726 [3] NCCL INFO Channel 30/0 : 43[3] -> 44[0] via P2P/MNNVL
node23D400669:1241:1724 [2] NCCL INFO Channel 28/0 : 42[2] -> 43[3] via P2P/MNNVL
node23D400669:1241:1724 [2] NCCL INFO Channel 29/0 : 42[2] -> 43[3] via P2P/MNNVL
node23D400669:1242:1726 [3] NCCL INFO Channel 31/0 : 43[3] -> 44[0] via P2P/MNNVL
node23D400669:1241:1724 [2] NCCL INFO Channel 30/0 : 42[2] -> 43[3] via P2P/MNNVL
node23D400669:1241:1724 [2] NCCL INFO Channel 31/0 : 42[2] -> 43[3] via P2P/MNNVL
node23D400669:1242:1726 [3] NCCL INFO Connected all rings, use ring PXN 0 GDR 1
node23D400669:1241:1724 [2] NCCL INFO Connected all rings, use ring PXN 0 GDR 1
node23D400669:1239:1725 [0] NCCL INFO Connected all rings, use ring PXN 0 GDR 1
node23D400669:1240:1723 [1] NCCL INFO Connected all rings, use ring PXN 0 GDR 1
node23D400669:1239:1239 [0] NCCL INFO Comm config Blocking set to 1
node23D400669:1240:1240 [1] NCCL INFO Comm config Blocking set to 1
node23D400669:1239:2079 [0] NCCL INFO Assigned NET plugin Socket to comm
node23D400669:1239:2079 [0] NCCL INFO Using network Socket
node23D400669:1241:1241 [2] NCCL INFO Comm config Blocking set to 1
node23D400669:1240:2080 [1] NCCL INFO Assigned NET plugin Socket to comm
node23D400669:1240:2080 [1] NCCL INFO Using network Socket
node23D400669:1242:1242 [3] NCCL INFO Comm config Blocking set to 1
node23D400669:1239:2079 [0] NCCL INFO ncclCommInitRankConfig comm 0x31fafe50 rank 2 nranks 4 cudaDev 0 nvmlDev 0 busId 801000 commId 0xb78e384be164eee1 - Init START
node23D400669:1240:2080 [1] NCCL INFO ncclCommInitRankConfig comm 0x21e15d90 rank 2 nranks 4 cudaDev 1 nvmlDev 1 busId 901000 commId 0x18ccdc94ef7ab2e9 - Init START
node23D400669:1241:2081 [2] NCCL INFO Assigned NET plugin Socket to comm
node23D400669:1241:2081 [2] NCCL INFO Using network Socket
node23D400669:1241:2081 [2] NCCL INFO ncclCommInitRankConfig comm 0x45626a70 rank 2 nranks 4 cudaDev 2 nvmlDev 2 busId 1801000 commId 0xa291d27e59436e27 - Init START
node23D400669:1242:2082 [3] NCCL INFO Assigned NET plugin Socket to comm
node23D400669:1242:2082 [3] NCCL INFO Using network Socket
node23D400669:1242:2082 [3] NCCL INFO ncclCommInitRankConfig comm 0x539d1920 rank 2 nranks 4 cudaDev 3 nvmlDev 3 busId 1901000 commId 0xb578b8c09a10321d - Init START
node23D400669:1240:2080 [1] NCCL INFO Bootstrap timings total 0.001567 (create 0.000029, send 0.000141, recv 0.000536, ring 0.000612, delay 0.000000)
node23D400669:1241:2081 [2] NCCL INFO Bootstrap timings total 0.001378 (create 0.000030, send 0.000135, recv 0.000279, ring 0.000490, delay 0.000000)
node23D400669:1242:2082 [3] NCCL INFO Bootstrap timings total 0.001277 (create 0.000051, send 0.000178, recv 0.000478, ring 0.000295, delay 0.000000)
node23D400669:1239:2079 [0] NCCL INFO Bootstrap timings total 0.002092 (create 0.000060, send 0.000159, recv 0.001165, ring 0.000502, delay 0.000000)
node23D400669:1240:2080 [1] NCCL INFO MNNVL busId 0x901000 fabric UUID aa48724aeeaad6a8.b34b901796a1c18d cliqueId 0x7ffe state 3 healthMask 0xaa
node23D400669:1241:2081 [2] NCCL INFO MNNVL busId 0x1801000 fabric UUID aa48724aeeaad6a8.b34b901796a1c18d cliqueId 0x7ffe state 3 healthMask 0xaa
node23D400669:1242:2082 [3] NCCL INFO MNNVL busId 0x1901000 fabric UUID aa48724aeeaad6a8.b34b901796a1c18d cliqueId 0x7ffe state 3 healthMask 0xaa
node23D400669:1239:2079 [0] NCCL INFO MNNVL busId 0x801000 fabric UUID aa48724aeeaad6a8.b34b901796a1c18d cliqueId 0x7ffe state 3 healthMask 0xaa
node23D400669:1241:2081 [2] NCCL INFO MNNVL 1 cliqueId 7ffe cliqueSize 4 cliqueRank 2
node23D400669:1240:2080 [1] NCCL INFO MNNVL 1 cliqueId 7ffe cliqueSize 4 cliqueRank 2
node23D400669:1242:2082 [3] NCCL INFO MNNVL 1 cliqueId 7ffe cliqueSize 4 cliqueRank 2
node23D400669:1239:2079 [0] NCCL INFO MNNVL 1 cliqueId 7ffe cliqueSize 4 cliqueRank 2
node23D400669:1241:2081 [2] NCCL INFO Setting affinity for GPU 2 to 72-143
node23D400669:1241:2081 [2] NCCL INFO comm 0x45626a70 rank 2 nRanks 4 nNodes 1 localRanks 4 localRank 2 MNNVL 1
node23D400669:1241:2081 [2] NCCL INFO Trees [0] 3/-1/-1->2->1 [1] 3/-1/-1->2->1 [2] 3/-1/-1->2->1 [3] 3/-1/-1->2->1 [4] 3/-1/-1->2->1 [5] 3/-1/-1->2->1 [6] 3/-1/-1->2->1 [7] 3/-1/-1->2->1 [8] 3/-1/-1->2->1 [9] 3/-1/-1->2->1 [10] 3/-1/-1->2->1 [11] 3/-1/-1->2->1 [12] 3/-1/-1->2->-1 [13] 3/-1/-1->2->-1 [14] -1/-1/-1->2->1 [15] -1/-1/-1->2->1 [16] 3/-1/-1->2->1 [17] 3/-1/-1->2->1 [18] 3/-1/-1->2->1 [19] 3/-1/-1->2->1 [20] 3/-1/-1->2->1 [21] 3/-1/-1->2->1 [22] 3/-1/-1->2->1 [23] 3/-1/-1->2->1 [24] 3/-1/-1->2->1 [25] 3/-1/-1->2->1 [26] 3/-1/-1->2->1 [27] 3/-1/-1->2->1 [28] 3/-1/-1->2->-1 [29] 3/-1/-1->2->-1 [30] -1/-1/-1->2->1 [31] -1/-1/-1->2->1
node23D400669:1241:2081 [2] NCCL INFO P2P Chunksize set to 524288
node23D400669:1241:2084 [2] NCCL INFO [Proxy Service UDS] Device 2 CPU core 108
node23D400669:1241:2083 [2] NCCL INFO [Proxy Service] Device 2 CPU core 107
node23D400669:1241:2081 [2] NCCL INFO threadThresholds 8/8/64 | 32/8/64 | 512 | 512
node23D400669:1241:2081 [2] NCCL INFO 32 coll channels, 32 collnet channels, 0 nvls channels, 32 p2p channels, 32 p2p channels per peer
node23D400669:1241:2081 [2] NCCL INFO ncclCommInitRankConfig comm 0x45626a70 rank 2 nranks 4 cudaDev 2 nvmlDev 2 busId 1801000 commId 0xa291d27e59436e27 - Init COMPLETE
node23D400669:1241:2081 [2] NCCL INFO Init timings - ncclCommInitRankConfig: rank 2 nranks 4 total 0.83 (kernels 0.00, alloc 0.00, bootstrap 0.00, allgathers 0.02, topo 0.75, graphs 0.00, connections 0.03, rest 0.02)
node23D400669:1240:2080 [1] NCCL INFO Setting affinity for GPU 1 to 0-71
node23D400669:1242:2082 [3] NCCL INFO Setting affinity for GPU 3 to 72-143
node23D400669:1240:2080 [1] NCCL INFO comm 0x21e15d90 rank 2 nRanks 4 nNodes 1 localRanks 4 localRank 2 MNNVL 1
node23D400669:1240:2080 [1] NCCL INFO Trees [0] 3/-1/-1->2->1 [1] 3/-1/-1->2->1 [2] 3/-1/-1->2->1 [3] 3/-1/-1->2->1 [4] 3/-1/-1->2->1 [5] 3/-1/-1->2->1 [6] 3/-1/-1->2->1 [7] 3/-1/-1->2->1 [8] 3/-1/-1->2->1 [9] 3/-1/-1->2->1 [10] 3/-1/-1->2->1 [11] 3/-1/-1->2->1 [12] 3/-1/-1->2->-1 [13] 3/-1/-1->2->-1 [14] -1/-1/-1->2->1 [15] -1/-1/-1->2->1 [16] 3/-1/-1->2->1 [17] 3/-1/-1->2->1 [18] 3/-1/-1->2->1 [19] 3/-1/-1->2->1 [20] 3/-1/-1->2->1 [21] 3/-1/-1->2->1 [22] 3/-1/-1->2->1 [23] 3/-1/-1->2->1 [24] 3/-1/-1->2->1 [25] 3/-1/-1->2->1 [26] 3/-1/-1->2->1 [27] 3/-1/-1->2->1 [28] 3/-1/-1->2->-1 [29] 3/-1/-1->2->-1 [30] -1/-1/-1->2->1 [31] -1/-1/-1->2->1
node23D400669:1240:2080 [1] NCCL INFO P2P Chunksize set to 524288
node23D400669:1240:2086 [1] NCCL INFO [Proxy Service] Device 1 CPU core 12
node23D400669:1240:2087 [1] NCCL INFO [Proxy Service UDS] Device 1 CPU core 13
node23D400669:1242:2082 [3] NCCL INFO comm 0x539d1920 rank 2 nRanks 4 nNodes 1 localRanks 4 localRank 2 MNNVL 1
node23D400669:1242:2082 [3] NCCL INFO Trees [0] 3/-1/-1->2->1 [1] 3/-1/-1->2->1 [2] 3/-1/-1->2->1 [3] 3/-1/-1->2->1 [4] 3/-1/-1->2->1 [5] 3/-1/-1->2->1 [6] 3/-1/-1->2->1 [7] 3/-1/-1->2->1 [8] 3/-1/-1->2->1 [9] 3/-1/-1->2->1 [10] 3/-1/-1->2->1 [11] 3/-1/-1->2->1 [12] 3/-1/-1->2->-1 [13] 3/-1/-1->2->-1 [14] -1/-1/-1->2->1 [15] -1/-1/-1->2->1 [16] 3/-1/-1->2->1 [17] 3/-1/-1->2->1 [18] 3/-1/-1->2->1 [19] 3/-1/-1->2->1 [20] 3/-1/-1->2->1 [21] 3/-1/-1->2->1 [22] 3/-1/-1->2->1 [23] 3/-1/-1->2->1 [24] 3/-1/-1->2->1 [25] 3/-1/-1->2->1 [26] 3/-1/-1->2->1 [27] 3/-1/-1->2->1 [28] 3/-1/-1->2->-1 [29] 3/-1/-1->2->-1 [30] -1/-1/-1->2->1 [31] -1/-1/-1->2->1
node23D400669:1242:2082 [3] NCCL INFO P2P Chunksize set to 524288
node23D400669:1242:2088 [3] NCCL INFO [Proxy Service] Device 3 CPU core 75
node23D400669:1242:2089 [3] NCCL INFO [Proxy Service UDS] Device 3 CPU core 76
node23D400669:1239:2079 [0] NCCL INFO Setting affinity for GPU 0 to 0-71
node23D400669:1239:2079 [0] NCCL INFO comm 0x31fafe50 rank 2 nRanks 4 nNodes 1 localRanks 4 localRank 2 MNNVL 1
node23D400669:1239:2079 [0] NCCL INFO Trees [0] 3/-1/-1->2->1 [1] 3/-1/-1->2->1 [2] 3/-1/-1->2->1 [3] 3/-1/-1->2->1 [4] 3/-1/-1->2->1 [5] 3/-1/-1->2->1 [6] 3/-1/-1->2->1 [7] 3/-1/-1->2->1 [8] 3/-1/-1->2->1 [9] 3/-1/-1->2->1 [10] 3/-1/-1->2->1 [11] 3/-1/-1->2->1 [12] 3/-1/-1->2->-1 [13] 3/-1/-1->2->-1 [14] -1/-1/-1->2->1 [15] -1/-1/-1->2->1 [16] 3/-1/-1->2->1 [17] 3/-1/-1->2->1 [18] 3/-1/-1->2->1 [19] 3/-1/-1->2->1 [20] 3/-1/-1->2->1 [21] 3/-1/-1->2->1 [22] 3/-1/-1->2->1 [23] 3/-1/-1->2->1 [24] 3/-1/-1->2->1 [25] 3/-1/-1->2->1 [26] 3/-1/-1->2->1 [27] 3/-1/-1->2->1 [28] 3/-1/-1->2->-1 [29] 3/-1/-1->2->-1 [30] -1/-1/-1->2->1 [31] -1/-1/-1->2->1
node23D400669:1239:2079 [0] NCCL INFO P2P Chunksize set to 524288
node23D400669:1239:2090 [0] NCCL INFO [Proxy Service] Device 0 CPU core 42
node23D400669:1239:2091 [0] NCCL INFO [Proxy Service UDS] Device 0 CPU core 3
node23D400669:1240:2080 [1] NCCL INFO threadThresholds 8/8/64 | 32/8/64 | 512 | 512
node23D400669:1240:2080 [1] NCCL INFO 32 coll channels, 32 collnet channels, 0 nvls channels, 32 p2p channels, 32 p2p channels per peer
node23D400669:1242:2082 [3] NCCL INFO threadThresholds 8/8/64 | 32/8/64 | 512 | 512
node23D400669:1242:2082 [3] NCCL INFO 32 coll channels, 32 collnet channels, 0 nvls channels, 32 p2p channels, 32 p2p channels per peer
node23D400669:1239:2079 [0] NCCL INFO threadThresholds 8/8/64 | 32/8/64 | 512 | 512
node23D400669:1239:2079 [0] NCCL INFO 32 coll channels, 32 collnet channels, 0 nvls channels, 32 p2p channels, 32 p2p channels per peer
node23D400669:1240:2080 [1] NCCL INFO ncclCommInitRankConfig comm 0x21e15d90 rank 2 nranks 4 cudaDev 1 nvmlDev 1 busId 901000 commId 0x18ccdc94ef7ab2e9 - Init COMPLETE
node23D400669:1240:2080 [1] NCCL INFO Init timings - ncclCommInitRankConfig: rank 2 nranks 4 total 1.10 (kernels 0.00, alloc 0.00, bootstrap 0.00, allgathers 0.02, topo 0.84, graphs 0.00, connections 0.10, rest 0.14)
node23D400669:1242:2082 [3] NCCL INFO ncclCommInitRankConfig comm 0x539d1920 rank 2 nranks 4 cudaDev 3 nvmlDev 3 busId 1901000 commId 0xb578b8c09a10321d - Init COMPLETE
node23D400669:1242:2082 [3] NCCL INFO Init timings - ncclCommInitRankConfig: rank 2 nranks 4 total 1.18 (kernels 0.00, alloc 0.00, bootstrap 0.00, allgathers 0.01, topo 0.85, graphs 0.00, connections 0.11, rest 0.20)
node23D400669:1239:2079 [0] NCCL INFO ncclCommInitRankConfig comm 0x31fafe50 rank 2 nranks 4 cudaDev 0 nvmlDev 0 busId 801000 commId 0xb78e384be164eee1 - Init COMPLETE
node23D400669:1239:2079 [0] NCCL INFO Init timings - ncclCommInitRankConfig: rank 2 nranks 4 total 1.21 (kernels 0.00, alloc 0.00, bootstrap 0.00, allgathers 0.01, topo 0.87, graphs 0.00, connections 0.10, rest 0.23)
node23D400669:1239:1239 [0] NCCL INFO Comm config Blocking set to 1
node23D400669:1240:1240 [1] NCCL INFO Comm config Blocking set to 1
node23D400669:1241:1241 [2] NCCL INFO Comm config Blocking set to 1
node23D400669:1242:1242 [3] NCCL INFO Comm config Blocking set to 1
node23D400669:1239:2096 [0] NCCL INFO Assigned NET plugin Socket to comm
node23D400669:1239:2096 [0] NCCL INFO Using network Socket
node23D400669:1240:2097 [1] NCCL INFO Assigned NET plugin Socket to comm
node23D400669:1240:2097 [1] NCCL INFO Using network Socket
node23D400669:1241:2098 [2] NCCL INFO Assigned NET plugin Socket to comm
node23D400669:1241:2098 [2] NCCL INFO Using network Socket
node23D400669:1242:2099 [3] NCCL INFO Assigned NET plugin Socket to comm
node23D400669:1242:2099 [3] NCCL INFO Using network Socket
node23D400669:1240:2097 [1] NCCL INFO ncclCommInitRankConfig comm 0x2aedd370 rank 1 nranks 8 cudaDev 1 nvmlDev 1 busId 901000 commId 0xa81a6e4d09809e82 - Init START
node23D400669:1239:2096 [0] NCCL INFO ncclCommInitRankConfig comm 0x3b074c60 rank 0 nranks 8 cudaDev 0 nvmlDev 0 busId 801000 commId 0xa81a6e4d09809e82 - Init START
node23D400669:1241:2098 [2] NCCL INFO ncclCommInitRankConfig comm 0x4e6ebd00 rank 2 nranks 8 cudaDev 2 nvmlDev 2 busId 1801000 commId 0xa81a6e4d09809e82 - Init START
node23D400669:1242:2099 [3] NCCL INFO ncclCommInitRankConfig comm 0x5ca964e0 rank 3 nranks 8 cudaDev 3 nvmlDev 3 busId 1901000 commId 0xa81a6e4d09809e82 - Init START
node23D400669:1242:2099 [3] NCCL INFO Bootstrap timings total 0.046284 (create 0.000052, send 0.000200, recv 0.045118, ring 0.000617, delay 0.000000)
node23D400669:1240:2097 [1] NCCL INFO Bootstrap timings total 0.046666 (create 0.000039, send 0.000135, recv 0.000219, ring 0.046151, delay 0.000000)
node23D400669:1241:2098 [2] NCCL INFO Bootstrap timings total 0.046534 (create 0.000026, send 0.000080, recv 0.000446, ring 0.045868, delay 0.000000)
node23D400669:1239:2096 [0] NCCL INFO Bootstrap timings total 0.046662 (create 0.000034, send 0.000127, recv 0.000162, ring 0.000239, delay 0.000000)
node23D400669:1240:2097 [1] NCCL INFO MNNVL busId 0x901000 fabric UUID aa48724aeeaad6a8.b34b901796a1c18d cliqueId 0x7ffe state 3 healthMask 0xaa
node23D400669:1239:2096 [0] NCCL INFO MNNVL busId 0x801000 fabric UUID aa48724aeeaad6a8.b34b901796a1c18d cliqueId 0x7ffe state 3 healthMask 0xaa
node23D400669:1242:2099 [3] NCCL INFO MNNVL busId 0x1901000 fabric UUID aa48724aeeaad6a8.b34b901796a1c18d cliqueId 0x7ffe state 3 healthMask 0xaa
node23D400669:1241:2098 [2] NCCL INFO MNNVL busId 0x1801000 fabric UUID aa48724aeeaad6a8.b34b901796a1c18d cliqueId 0x7ffe state 3 healthMask 0xaa
node23D400669:1242:2099 [3] NCCL INFO MNNVL 1 cliqueId 7ffe cliqueSize 8 cliqueRank 3
node23D400669:1241:2098 [2] NCCL INFO MNNVL 1 cliqueId 7ffe cliqueSize 8 cliqueRank 2
node23D400669:1239:2096 [0] NCCL INFO MNNVL 1 cliqueId 7ffe cliqueSize 8 cliqueRank 0
node23D400669:1240:2097 [1] NCCL INFO MNNVL 1 cliqueId 7ffe cliqueSize 8 cliqueRank 1
node23D400669:1240:2097 [1] NCCL INFO Setting affinity for GPU 1 to 0-71
node23D400669:1241:2098 [2] NCCL INFO Setting affinity for GPU 2 to 72-143
node23D400669:1242:2099 [3] NCCL INFO Setting affinity for GPU 3 to 72-143
node23D400669:1239:2096 [0] NCCL INFO Setting affinity for GPU 0 to 0-71
node23D400669:1240:2097 [1] NCCL INFO comm 0x2aedd370 rank 1 nRanks 8 nNodes 1 localRanks 8 localRank 1 MNNVL 1
node23D400669:1242:2099 [3] NCCL INFO comm 0x5ca964e0 rank 3 nRanks 8 nNodes 1 localRanks 8 localRank 3 MNNVL 1
node23D400669:1241:2098 [2] NCCL INFO comm 0x4e6ebd00 rank 2 nRanks 8 nNodes 1 localRanks 8 localRank 2 MNNVL 1
node23D400669:1240:2097 [1] NCCL INFO Trees [0] 2/-1/-1->1->0 [1] 2/-1/-1->1->0 [2] 2/-1/-1->1->0 [3] 2/-1/-1->1->0 [4] 2/-1/-1->1->0 [5] 2/-1/-1->1->0 [6] 2/-1/-1->1->0 [7] 2/-1/-1->1->0 [8] 2/-1/-1->1->0 [9] 2/-1/-1->1->0 [10] 2/-1/-1->1->0 [11] 2/-1/-1->1->0 [12] 2/-1/-1->1->0 [13] 2/-1/-1->1->0 [14] 2/-1/-1->1->0 [15] 2/-1/-1->1->0 [16] 2/-1/-1->1->0 [17] 2/-1/-1->1->0 [18] 2/-1/-1->1->0 [19] 2/-1/-1->1->0 [20] 2/-1/-1->1->0 [21] 2/-1/-1->1->0 [22] 2/-1/-1->1->0 [23] 2/-1/-1->1->0 [24] 2/-1/-1->1->0 [25] 2/-1/-1->1->0 [26] 2/-1/-1->1->0 [27] 2/-1/-1->1->0 [28] 2/-1/-1->1->0 [29] 2/-1/-1->1->0 [30] 2/-1/-1->1->0 [31] 2/-1/-1->1->0
node23D400669:1239:2096 [0] NCCL INFO comm 0x3b074c60 rank 0 nRanks 8 nNodes 1 localRanks 8 localRank 0 MNNVL 1
node23D400669:1240:2097 [1] NCCL INFO P2P Chunksize set to 524288
node23D400669:1242:2099 [3] NCCL INFO Trees [0] 4/-1/-1->3->2 [1] 4/-1/-1->3->2 [2] 4/-1/-1->3->2 [3] 4/-1/-1->3->2 [4] 4/-1/-1->3->2 [5] 4/-1/-1->3->2 [6] 4/-1/-1->3->2 [7] 4/-1/-1->3->2 [8] 4/-1/-1->3->2 [9] 4/-1/-1->3->2 [10] 4/-1/-1->3->2 [11] 4/-1/-1->3->2 [12] 4/-1/-1->3->2 [13] 4/-1/-1->3->2 [14] 4/-1/-1->3->2 [15] 4/-1/-1->3->2 [16] 4/-1/-1->3->2 [17] 4/-1/-1->3->2 [18] 4/-1/-1->3->2 [19] 4/-1/-1->3->2 [20] 4/-1/-1->3->2 [21] 4/-1/-1->3->2 [22] 4/-1/-1->3->2 [23] 4/-1/-1->3->2 [24] 4/-1/-1->3->2 [25] 4/-1/-1->3->2 [26] 4/-1/-1->3->2 [27] 4/-1/-1->3->2 [28] 4/-1/-1->3->2 [29] 4/-1/-1->3->2 [30] 4/-1/-1->3->2 [31] 4/-1/-1->3->2
node23D400669:1239:2096 [0] NCCL INFO Channel 00/32 : 0 1 2 3 4 5 6 7
node23D400669:1241:2098 [2] NCCL INFO Trees [0] 3/-1/-1->2->1 [1] 3/-1/-1->2->1 [2] 3/-1/-1->2->1 [3] 3/-1/-1->2->1 [4] 3/-1/-1->2->1 [5] 3/-1/-1->2->1 [6] 3/-1/-1->2->1 [7] 3/-1/-1->2->1 [8] 3/-1/-1->2->1 [9] 3/-1/-1->2->1 [10] 3/-1/-1->2->1 [11] 3/-1/-1->2->1 [12] 3/-1/-1->2->1 [13] 3/-1/-1->2->1 [14] 3/-1/-1->2->1 [15] 3/-1/-1->2->1 [16] 3/-1/-1->2->1 [17] 3/-1/-1->2->1 [18] 3/-1/-1->2->1 [19] 3/-1/-1->2->1 [20] 3/-1/-1->2->1 [21] 3/-1/-1->2->1 [22] 3/-1/-1->2->1 [23] 3/-1/-1->2->1 [24] 3/-1/-1->2->1 [25] 3/-1/-1->2->1 [26] 3/-1/-1->2->1 [27] 3/-1/-1->2->1 [28] 3/-1/-1->2->1 [29] 3/-1/-1->2->1 [30] 3/-1/-1->2->1 [31] 3/-1/-1->2->1
node23D400669:1242:2099 [3] NCCL INFO P2P Chunksize set to 524288
node23D400669:1239:2096 [0] NCCL INFO Channel 01/32 : 0 1 2 3 4 5 6 7
node23D400669:1241:2098 [2] NCCL INFO P2P Chunksize set to 524288
node23D400669:1239:2096 [0] NCCL INFO Channel 02/32 : 0 1 2 3 4 5 6 7
node23D400669:1239:2096 [0] NCCL INFO Channel 03/32 : 0 1 2 3 4 5 6 7
node23D400669:1239:2096 [0] NCCL INFO Channel 04/32 : 0 1 2 3 4 5 6 7
node23D400669:1239:2096 [0] NCCL INFO Channel 05/32 : 0 1 2 3 4 5 6 7
node23D400669:1239:2096 [0] NCCL INFO Channel 06/32 : 0 1 2 3 4 5 6 7
node23D400669:1239:2096 [0] NCCL INFO Channel 07/32 : 0 1 2 3 4 5 6 7
node23D400669:1239:2096 [0] NCCL INFO Channel 08/32 : 0 1 2 3 4 5 6 7
node23D400669:1239:2096 [0] NCCL INFO Channel 09/32 : 0 1 2 3 4 5 6 7
node23D400669:1239:2096 [0] NCCL INFO Channel 10/32 : 0 1 2 3 4 5 6 7
node23D400669:1239:2096 [0] NCCL INFO Channel 11/32 : 0 1 2 3 4 5 6 7
node23D400669:1239:2096 [0] NCCL INFO Channel 12/32 : 0 1 2 3 4 5 6 7
node23D400669:1239:2096 [0] NCCL INFO Channel 13/32 : 0 1 2 3 4 5 6 7
node23D400669:1239:2096 [0] NCCL INFO Channel 14/32 : 0 1 2 3 4 5 6 7
node23D400669:1239:2096 [0] NCCL INFO Channel 15/32 : 0 1 2 3 4 5 6 7
node23D400669:1239:2096 [0] NCCL INFO Channel 16/32 : 0 1 2 3 4 5 6 7
node23D400669:1239:2096 [0] NCCL INFO Channel 17/32 : 0 1 2 3 4 5 6 7
node23D400669:1239:2096 [0] NCCL INFO Channel 18/32 : 0 1 2 3 4 5 6 7
node23D400669:1239:2096 [0] NCCL INFO Channel 19/32 : 0 1 2 3 4 5 6 7
node23D400669:1239:2096 [0] NCCL INFO Channel 20/32 : 0 1 2 3 4 5 6 7
node23D400669:1239:2096 [0] NCCL INFO Channel 21/32 : 0 1 2 3 4 5 6 7
node23D400669:1239:2096 [0] NCCL INFO Channel 22/32 : 0 1 2 3 4 5 6 7
node23D400669:1239:2096 [0] NCCL INFO Channel 23/32 : 0 1 2 3 4 5 6 7
node23D400669:1239:2096 [0] NCCL INFO Channel 24/32 : 0 1 2 3 4 5 6 7
node23D400669:1239:2096 [0] NCCL INFO Channel 25/32 : 0 1 2 3 4 5 6 7
node23D400669:1239:2096 [0] NCCL INFO Channel 26/32 : 0 1 2 3 4 5 6 7
node23D400669:1239:2096 [0] NCCL INFO Channel 27/32 : 0 1 2 3 4 5 6 7
node23D400669:1239:2096 [0] NCCL INFO Channel 28/32 : 0 1 2 3 4 5 6 7
node23D400669:1239:2096 [0] NCCL INFO Channel 29/32 : 0 1 2 3 4 5 6 7
node23D400669:1239:2096 [0] NCCL INFO Channel 30/32 : 0 1 2 3 4 5 6 7
node23D400669:1239:2096 [0] NCCL INFO Channel 31/32 : 0 1 2 3 4 5 6 7
node23D400669:1239:2096 [0] NCCL INFO Trees [0] 1/-1/-1->0->-1 [1] 1/-1/-1->0->-1 [2] 1/-1/-1->0->-1 [3] 1/-1/-1->0->-1 [4] 1/-1/-1->0->-1 [5] 1/-1/-1->0->-1 [6] 1/-1/-1->0->-1 [7] 1/-1/-1->0->-1 [8] 1/-1/-1->0->-1 [9] 1/-1/-1->0->-1 [10] 1/-1/-1->0->-1 [11] 1/-1/-1->0->-1 [12] 1/-1/-1->0->-1 [13] 1/-1/-1->0->-1 [14] 1/-1/-1->0->-1 [15] 1/-1/-1->0->-1 [16] 1/-1/-1->0->-1 [17] 1/-1/-1->0->-1 [18] 1/-1/-1->0->-1 [19] 1/-1/-1->0->-1 [20] 1/-1/-1->0->-1 [21] 1/-1/-1->0->-1 [22] 1/-1/-1->0->-1 [23] 1/-1/-1->0->-1 [24] 1/-1/-1->0->-1 [25] 1/-1/-1->0->-1 [26] 1/-1/-1->0->-1 [27] 1/-1/-1->0->-1 [28] 1/-1/-1->0->-1 [29] 1/-1/-1->0->-1 [30] 1/-1/-1->0->-1 [31] 1/-1/-1->0->-1
node23D400669:1239:2096 [0] NCCL INFO P2P Chunksize set to 524288
node23D400669:1239:2096 [0] NCCL INFO Check P2P Type isAllDirectP2p 1 directMode 0
node23D400669:1239:2104 [0] NCCL INFO [Proxy Service] Device 0 CPU core 3
