node23D400667:1239:2585 [0] NCCL INFO Channel 23/0 : 2[0] -> 3[0] via P2P/MNNVL
node23D400667:1241:2586 [2] NCCL INFO Channel 00/0 : 2[2] -> 3[2] via P2P/MNNVL
node23D400667:1239:2585 [0] NCCL INFO Channel 24/0 : 2[0] -> 3[0] via P2P/MNNVL
node23D400667:1241:2586 [2] NCCL INFO Channel 01/0 : 2[2] -> 3[2] via P2P/MNNVL
node23D400667:1241:2586 [2] NCCL INFO Channel 02/0 : 2[2] -> 3[2] via P2P/MNNVL
node23D400667:1239:2585 [0] NCCL INFO Channel 25/0 : 2[0] -> 3[0] via P2P/MNNVL
node23D400667:1241:2586 [2] NCCL INFO Channel 03/0 : 2[2] -> 3[2] via P2P/MNNVL
node23D400667:1239:2585 [0] NCCL INFO Channel 26/0 : 2[0] -> 3[0] via P2P/MNNVL
node23D400667:1241:2586 [2] NCCL INFO Channel 04/0 : 2[2] -> 3[2] via P2P/MNNVL
node23D400667:1239:2585 [0] NCCL INFO Channel 27/0 : 2[0] -> 3[0] via P2P/MNNVL
node23D400667:1239:2585 [0] NCCL INFO Channel 28/0 : 2[0] -> 3[0] via P2P/MNNVL
node23D400667:1241:2586 [2] NCCL INFO Channel 05/0 : 2[2] -> 3[2] via P2P/MNNVL
node23D400667:1239:2585 [0] NCCL INFO Channel 29/0 : 2[0] -> 3[0] via P2P/MNNVL
node23D400667:1241:2586 [2] NCCL INFO Channel 06/0 : 2[2] -> 3[2] via P2P/MNNVL
node23D400667:1241:2586 [2] NCCL INFO Channel 07/0 : 2[2] -> 3[2] via P2P/MNNVL
node23D400667:1239:2585 [0] NCCL INFO Channel 30/0 : 2[0] -> 3[0] via P2P/MNNVL
node23D400667:1239:2585 [0] NCCL INFO Channel 31/0 : 2[0] -> 3[0] via P2P/MNNVL
node23D400667:1241:2586 [2] NCCL INFO Channel 08/0 : 2[2] -> 3[2] via P2P/MNNVL
node23D400667:1241:2586 [2] NCCL INFO Channel 09/0 : 2[2] -> 3[2] via P2P/MNNVL
node23D400667:1241:2586 [2] NCCL INFO Channel 10/0 : 2[2] -> 3[2] via P2P/MNNVL
node23D400667:1241:2586 [2] NCCL INFO Channel 11/0 : 2[2] -> 3[2] via P2P/MNNVL
node23D400667:1241:2586 [2] NCCL INFO Channel 12/0 : 2[2] -> 3[2] via P2P/MNNVL
node23D400667:1241:2586 [2] NCCL INFO Channel 13/0 : 2[2] -> 3[2] via P2P/MNNVL
node23D400667:1241:2586 [2] NCCL INFO Channel 14/0 : 2[2] -> 3[2] via P2P/MNNVL
node23D400667:1241:2586 [2] NCCL INFO Channel 15/0 : 2[2] -> 3[2] via P2P/MNNVL
node23D400667:1241:2586 [2] NCCL INFO Channel 16/0 : 2[2] -> 3[2] via P2P/MNNVL
node23D400667:1241:2586 [2] NCCL INFO Channel 17/0 : 2[2] -> 3[2] via P2P/MNNVL
node23D400667:1241:2586 [2] NCCL INFO Channel 18/0 : 2[2] -> 3[2] via P2P/MNNVL
node23D400667:1241:2586 [2] NCCL INFO Channel 19/0 : 2[2] -> 3[2] via P2P/MNNVL
node23D400667:1241:2586 [2] NCCL INFO Channel 20/0 : 2[2] -> 3[2] via P2P/MNNVL
node23D400667:1241:2586 [2] NCCL INFO Channel 21/0 : 2[2] -> 3[2] via P2P/MNNVL
node23D400667:1241:2586 [2] NCCL INFO Channel 22/0 : 2[2] -> 3[2] via P2P/MNNVL
node23D400667:1241:2586 [2] NCCL INFO Channel 23/0 : 2[2] -> 3[2] via P2P/MNNVL
node23D400667:1241:2586 [2] NCCL INFO Channel 24/0 : 2[2] -> 3[2] via P2P/MNNVL
node23D400667:1241:2586 [2] NCCL INFO Channel 25/0 : 2[2] -> 3[2] via P2P/MNNVL
node23D400667:1241:2586 [2] NCCL INFO Channel 26/0 : 2[2] -> 3[2] via P2P/MNNVL
node23D400667:1241:2586 [2] NCCL INFO Channel 27/0 : 2[2] -> 3[2] via P2P/MNNVL
node23D400667:1241:2586 [2] NCCL INFO Channel 28/0 : 2[2] -> 3[2] via P2P/MNNVL
node23D400667:1241:2586 [2] NCCL INFO Channel 29/0 : 2[2] -> 3[2] via P2P/MNNVL
node23D400667:1241:2586 [2] NCCL INFO Channel 30/0 : 2[2] -> 3[2] via P2P/MNNVL
node23D400667:1241:2586 [2] NCCL INFO Channel 31/0 : 2[2] -> 3[2] via P2P/MNNVL
node23D400667:1240:2584 [1] NCCL INFO Connected all rings, use ring PXN 0 GDR 1
node23D400667:1239:2585 [0] NCCL INFO Connected all rings, use ring PXN 0 GDR 1
node23D400667:1241:2586 [2] NCCL INFO Connected all rings, use ring PXN 0 GDR 1
node23D400667:1242:2583 [3] NCCL INFO Connected all rings, use ring PXN 0 GDR 1
node23D400667:1240:1240 [1] NCCL INFO Comm config Blocking set to 1
node23D400667:1239:1239 [0] NCCL INFO Comm config Blocking set to 1
node23D400667:1241:1241 [2] NCCL INFO Comm config Blocking set to 1
node23D400667:1242:1242 [3] NCCL INFO Comm config Blocking set to 1
node23D400667:1239:2588 [0] NCCL INFO Assigned NET plugin Socket to comm
node23D400667:1240:2587 [1] NCCL INFO Assigned NET plugin Socket to comm
node23D400667:1239:2588 [0] NCCL INFO Using network Socket
node23D400667:1240:2587 [1] NCCL INFO Using network Socket
node23D400667:1241:2589 [2] NCCL INFO Assigned NET plugin Socket to comm
node23D400667:1241:2589 [2] NCCL INFO Using network Socket
node23D400667:1242:2590 [3] NCCL INFO Assigned NET plugin Socket to comm
node23D400667:1242:2590 [3] NCCL INFO Using network Socket
node23D400667:1240:2587 [1] NCCL INFO ncclCommInitRankConfig comm 0x68973aa0 rank 45 nranks 64 cudaDev 1 nvmlDev 1 busId 901000 commId 0x4ad3bd25942cc00 - Init START
node23D400667:1239:2588 [0] NCCL INFO ncclCommInitRankConfig comm 0x6fb83f80 rank 44 nranks 64 cudaDev 0 nvmlDev 0 busId 801000 commId 0x4ad3bd25942cc00 - Init START
node23D400667:1241:2589 [2] NCCL INFO ncclCommInitRankConfig comm 0x65b5e730 rank 46 nranks 64 cudaDev 2 nvmlDev 2 busId 1801000 commId 0x4ad3bd25942cc00 - Init START
node23D400667:1242:2590 [3] NCCL INFO ncclCommInitRankConfig comm 0x6805b000 rank 47 nranks 64 cudaDev 3 nvmlDev 3 busId 1901000 commId 0x4ad3bd25942cc00 - Init START
node23D400667:1242:2590 [3] NCCL INFO Bootstrap timings total 0.011850 (create 0.000025, send 0.000162, recv 0.007861, ring 0.003638, delay 0.000000)
node23D400667:1239:2588 [0] NCCL INFO Bootstrap timings total 0.012020 (create 0.000040, send 0.000232, recv 0.002485, ring 0.009102, delay 0.000000)
node23D400667:1240:2587 [1] NCCL INFO Bootstrap timings total 0.012027 (create 0.000044, send 0.000244, recv 0.002613, ring 0.008989, delay 0.000000)
node23D400667:1241:2589 [2] NCCL INFO Bootstrap timings total 0.011956 (create 0.000027, send 0.000176, recv 0.002330, ring 0.008997, delay 0.000000)
node23D400667:1240:2587 [1] NCCL INFO MNNVL busId 0x901000 fabric UUID aa48724aeeaad6a8.b34b901796a1c18d cliqueId 0x7ffe state 3 healthMask 0xaa
node23D400667:1242:2590 [3] NCCL INFO MNNVL busId 0x1901000 fabric UUID aa48724aeeaad6a8.b34b901796a1c18d cliqueId 0x7ffe state 3 healthMask 0xaa
node23D400667:1239:2588 [0] NCCL INFO MNNVL busId 0x801000 fabric UUID aa48724aeeaad6a8.b34b901796a1c18d cliqueId 0x7ffe state 3 healthMask 0xaa
node23D400667:1241:2589 [2] NCCL INFO MNNVL busId 0x1801000 fabric UUID aa48724aeeaad6a8.b34b901796a1c18d cliqueId 0x7ffe state 3 healthMask 0xaa
node23D400667:1240:2587 [1] NCCL INFO MNNVL 1 cliqueId 7ffe cliqueSize 64 cliqueRank 45
node23D400667:1241:2589 [2] NCCL INFO MNNVL 1 cliqueId 7ffe cliqueSize 64 cliqueRank 46
node23D400667:1239:2588 [0] NCCL INFO MNNVL 1 cliqueId 7ffe cliqueSize 64 cliqueRank 44
node23D400667:1242:2590 [3] NCCL INFO MNNVL 1 cliqueId 7ffe cliqueSize 64 cliqueRank 47
node23D400667:1241:2589 [2] NCCL INFO Setting affinity for GPU 2 to 72-143
node23D400667:1240:2587 [1] NCCL INFO Setting affinity for GPU 1 to 0-71
node23D400667:1239:2588 [0] NCCL INFO Setting affinity for GPU 0 to 0-71
node23D400667:1242:2590 [3] NCCL INFO Setting affinity for GPU 3 to 72-143
node23D400667:1242:2590 [3] NCCL INFO comm 0x6805b000 rank 47 nRanks 64 nNodes 1 localRanks 64 localRank 47 MNNVL 1
node23D400667:1242:2590 [3] NCCL INFO Trees [0] 48/-1/-1->47->46 [1] 48/-1/-1->47->46 [2] 48/-1/-1->47->46 [3] 48/-1/-1->47->46 [4] 48/-1/-1->47->46 [5] 48/-1/-1->47->46 [6] 48/-1/-1->47->46 [7] 48/-1/-1->47->46 [8] 48/-1/-1->47->46 [9] 48/-1/-1->47->46 [10] 48/-1/-1->47->46 [11] 48/-1/-1->47->46 [12] 48/-1/-1->47->46 [13] 48/-1/-1->47->46 [14] 48/-1/-1->47->46 [15] 48/-1/-1->47->46 [16] 48/-1/-1->47->46 [17] 48/-1/-1->47->46 [18] 48/-1/-1->47->46 [19] 48/-1/-1->47->46 [20] 48/-1/-1->47->46 [21] 48/-1/-1->47->46 [22] 48/-1/-1->47->46 [23] 48/-1/-1->47->46 [24] 48/-1/-1->47->46 [25] 48/-1/-1->47->46 [26] 48/-1/-1->47->46 [27] 48/-1/-1->47->46 [28] 48/-1/-1->47->46 [29] 48/-1/-1->47->46 [30] 48/-1/-1->47->46 [31] 48/-1/-1->47->46
node23D400667:1242:2590 [3] NCCL INFO P2P Chunksize set to 524288
node23D400667:1239:2588 [0] NCCL INFO comm 0x6fb83f80 rank 44 nRanks 64 nNodes 1 localRanks 64 localRank 44 MNNVL 1
node23D400667:1240:2587 [1] NCCL INFO comm 0x68973aa0 rank 45 nRanks 64 nNodes 1 localRanks 64 localRank 45 MNNVL 1
node23D400667:1241:2589 [2] NCCL INFO comm 0x65b5e730 rank 46 nRanks 64 nNodes 1 localRanks 64 localRank 46 MNNVL 1
node23D400667:1240:2587 [1] NCCL INFO Trees [0] 46/-1/-1->45->44 [1] 46/-1/-1->45->44 [2] 46/-1/-1->45->44 [3] 46/-1/-1->45->44 [4] 46/-1/-1->45->44 [5] 46/-1/-1->45->44 [6] 46/-1/-1->45->44 [7] 46/-1/-1->45->44 [8] 46/-1/-1->45->44 [9] 46/-1/-1->45->44 [10] 46/-1/-1->45->44 [11] 46/-1/-1->45->44 [12] 46/-1/-1->45->44 [13] 46/-1/-1->45->44 [14] 46/-1/-1->45->44 [15] 46/-1/-1->45->44 [16] 46/-1/-1->45->44 [17] 46/-1/-1->45->44 [18] 46/-1/-1->45->44 [19] 46/-1/-1->45->44 [20] 46/-1/-1->45->44 [21] 46/-1/-1->45->44 [22] 46/-1/-1->45->44 [23] 46/-1/-1->45->44 [24] 46/-1/-1->45->44 [25] 46/-1/-1->45->44 [26] 46/-1/-1->45->44 [27] 46/-1/-1->45->44 [28] 46/-1/-1->45->44 [29] 46/-1/-1->45->44 [30] 46/-1/-1->45->44 [31] 46/-1/-1->45->44
node23D400667:1239:2588 [0] NCCL INFO Trees [0] 45/-1/-1->44->43 [1] 45/-1/-1->44->43 [2] 45/-1/-1->44->43 [3] 45/-1/-1->44->43 [4] 45/-1/-1->44->43 [5] 45/-1/-1->44->43 [6] 45/-1/-1->44->43 [7] 45/-1/-1->44->43 [8] 45/-1/-1->44->43 [9] 45/-1/-1->44->43 [10] 45/-1/-1->44->43 [11] 45/-1/-1->44->43 [12] 45/-1/-1->44->43 [13] 45/-1/-1->44->43 [14] 45/-1/-1->44->43 [15] 45/-1/-1->44->43 [16] 45/-1/-1->44->43 [17] 45/-1/-1->44->43 [18] 45/-1/-1->44->43 [19] 45/-1/-1->44->43 [20] 45/-1/-1->44->43 [21] 45/-1/-1->44->43 [22] 45/-1/-1->44->43 [23] 45/-1/-1->44->43 [24] 45/-1/-1->44->43 [25] 45/-1/-1->44->43 [26] 45/-1/-1->44->43 [27] 45/-1/-1->44->43 [28] 45/-1/-1->44->43 [29] 45/-1/-1->44->43 [30] 45/-1/-1->44->43 [31] 45/-1/-1->44->43
node23D400667:1240:2587 [1] NCCL INFO P2P Chunksize set to 524288
node23D400667:1239:2588 [0] NCCL INFO P2P Chunksize set to 524288
node23D400667:1241:2589 [2] NCCL INFO Trees [0] 47/-1/-1->46->45 [1] 47/-1/-1->46->45 [2] 47/-1/-1->46->45 [3] 47/-1/-1->46->45 [4] 47/-1/-1->46->45 [5] 47/-1/-1->46->45 [6] 47/-1/-1->46->45 [7] 47/-1/-1->46->45 [8] 47/-1/-1->46->45 [9] 47/-1/-1->46->45 [10] 47/-1/-1->46->45 [11] 47/-1/-1->46->45 [12] 47/-1/-1->46->45 [13] 47/-1/-1->46->45 [14] 47/-1/-1->46->45 [15] 47/-1/-1->46->45 [16] 47/-1/-1->46->45 [17] 47/-1/-1->46->45 [18] 47/-1/-1->46->45 [19] 47/-1/-1->46->45 [20] 47/-1/-1->46->45 [21] 47/-1/-1->46->45 [22] 47/-1/-1->46->45 [23] 47/-1/-1->46->45 [24] 47/-1/-1->46->45 [25] 47/-1/-1->46->45 [26] 47/-1/-1->46->45 [27] 47/-1/-1->46->45 [28] 47/-1/-1->46->45 [29] 47/-1/-1->46->45 [30] 47/-1/-1->46->45 [31] 47/-1/-1->46->45
node23D400667:1241:2589 [2] NCCL INFO P2P Chunksize set to 524288
node23D400667:1242:2591 [3] NCCL INFO [Proxy Service] Device 3 CPU core 87
node23D400667:1242:2592 [3] NCCL INFO [Proxy Service UDS] Device 3 CPU core 88
node23D400667:1240:2594 [1] NCCL INFO [Proxy Service] Device 1 CPU core 41
node23D400667:1241:2595 [2] NCCL INFO [Proxy Service] Device 2 CPU core 117
node23D400667:1240:2597 [1] NCCL INFO [Proxy Service UDS] Device 1 CPU core 42
node23D400667:1239:2593 [0] NCCL INFO [Proxy Service] Device 0 CPU core 23
node23D400667:1239:2596 [0] NCCL INFO [Proxy Service UDS] Device 0 CPU core 24
node23D400667:1241:2598 [2] NCCL INFO [Proxy Service UDS] Device 2 CPU core 118
node23D400667:1239:2588 [0] NCCL INFO threadThresholds 8/8/64 | 512/8/64 | 512 | 512
node23D400667:1239:2588 [0] NCCL INFO 32 coll channels, 32 collnet channels, 0 nvls channels, 32 p2p channels, 32 p2p channels per peer
node23D400667:1240:2587 [1] NCCL INFO threadThresholds 8/8/64 | 512/8/64 | 512 | 512
node23D400667:1240:2587 [1] NCCL INFO 32 coll channels, 32 collnet channels, 0 nvls channels, 32 p2p channels, 32 p2p channels per peer
node23D400667:1241:2589 [2] NCCL INFO threadThresholds 8/8/64 | 512/8/64 | 512 | 512
node23D400667:1241:2589 [2] NCCL INFO 32 coll channels, 32 collnet channels, 0 nvls channels, 32 p2p channels, 32 p2p channels per peer
node23D400667:1242:2590 [3] NCCL INFO threadThresholds 8/8/64 | 512/8/64 | 512 | 512
node23D400667:1242:2590 [3] NCCL INFO 32 coll channels, 32 collnet channels, 0 nvls channels, 32 p2p channels, 32 p2p channels per peer
node23D400667:1240:2587 [1] NCCL INFO ncclCommInitRankConfig comm 0x68973aa0 rank 45 nranks 64 cudaDev 1 nvmlDev 1 busId 901000 commId 0x4ad3bd25942cc00 - Init COMPLETE
node23D400667:1240:2587 [1] NCCL INFO Init timings - ncclCommInitRankConfig: rank 45 nranks 64 total 2.37 (kernels 0.00, alloc 0.00, bootstrap 0.01, allgathers 0.18, topo 1.97, graphs 0.04, connections 0.16, rest 0.01)
node23D400667:1239:2588 [0] NCCL INFO ncclCommInitRankConfig comm 0x6fb83f80 rank 44 nranks 64 cudaDev 0 nvmlDev 0 busId 801000 commId 0x4ad3bd25942cc00 - Init COMPLETE
node23D400667:1242:2590 [3] NCCL INFO ncclCommInitRankConfig comm 0x6805b000 rank 47 nranks 64 cudaDev 3 nvmlDev 3 busId 1901000 commId 0x4ad3bd25942cc00 - Init COMPLETE
node23D400667:1239:2588 [0] NCCL INFO Init timings - ncclCommInitRankConfig: rank 44 nranks 64 total 2.37 (kernels 0.00, alloc 0.00, bootstrap 0.01, allgathers 0.15, topo 1.99, graphs 0.04, connections 0.16, rest 0.01)
node23D400667:1242:2590 [3] NCCL INFO Init timings - ncclCommInitRankConfig: rank 47 nranks 64 total 2.37 (kernels 0.00, alloc 0.00, bootstrap 0.01, allgathers 0.14, topo 2.00, graphs 0.04, connections 0.16, rest 0.01)
node23D400667:1241:2589 [2] NCCL INFO ncclCommInitRankConfig comm 0x65b5e730 rank 46 nranks 64 cudaDev 2 nvmlDev 2 busId 1801000 commId 0x4ad3bd25942cc00 - Init COMPLETE
node23D400667:1241:2589 [2] NCCL INFO Init timings - ncclCommInitRankConfig: rank 46 nranks 64 total 2.37 (kernels 0.00, alloc 0.00, bootstrap 0.01, allgathers 0.18, topo 1.97, graphs 0.04, connections 0.16, rest 0.01)
node23D400667:1239:2600 [0] NCCL INFO Channel 00/0 : 44[0] -> 45[1] via P2P/MNNVL
node23D400667:1239:2600 [0] NCCL INFO Channel 01/0 : 44[0] -> 45[1] via P2P/MNNVL
node23D400667:1239:2600 [0] NCCL INFO Channel 02/0 : 44[0] -> 45[1] via P2P/MNNVL
node23D400667:1240:2599 [1] NCCL INFO Channel 00/0 : 45[1] -> 46[2] via P2P/MNNVL
node23D400667:1239:2600 [0] NCCL INFO Channel 03/0 : 44[0] -> 45[1] via P2P/MNNVL
node23D400667:1242:2601 [3] NCCL INFO Channel 00/0 : 47[3] -> 48[0] via P2P/MNNVL
node23D400667:1240:2599 [1] NCCL INFO Channel 01/0 : 45[1] -> 46[2] via P2P/MNNVL
node23D400667:1242:2601 [3] NCCL INFO Channel 01/0 : 47[3] -> 48[0] via P2P/MNNVL
node23D400667:1239:2600 [0] NCCL INFO Channel 04/0 : 44[0] -> 45[1] via P2P/MNNVL
node23D400667:1242:2601 [3] NCCL INFO Channel 02/0 : 47[3] -> 48[0] via P2P/MNNVL
node23D400667:1239:2600 [0] NCCL INFO Channel 05/0 : 44[0] -> 45[1] via P2P/MNNVL
node23D400667:1241:2602 [2] NCCL INFO Channel 00/0 : 46[2] -> 47[3] via P2P/MNNVL
node23D400667:1240:2599 [1] NCCL INFO Channel 02/0 : 45[1] -> 46[2] via P2P/MNNVL
node23D400667:1241:2602 [2] NCCL INFO Channel 01/0 : 46[2] -> 47[3] via P2P/MNNVL
node23D400667:1239:2600 [0] NCCL INFO Channel 06/0 : 44[0] -> 45[1] via P2P/MNNVL
node23D400667:1242:2601 [3] NCCL INFO Channel 03/0 : 47[3] -> 48[0] via P2P/MNNVL
node23D400667:1241:2602 [2] NCCL INFO Channel 02/0 : 46[2] -> 47[3] via P2P/MNNVL
node23D400667:1240:2599 [1] NCCL INFO Channel 03/0 : 45[1] -> 46[2] via P2P/MNNVL
node23D400667:1242:2601 [3] NCCL INFO Channel 04/0 : 47[3] -> 48[0] via P2P/MNNVL
node23D400667:1239:2600 [0] NCCL INFO Channel 07/0 : 44[0] -> 45[1] via P2P/MNNVL
node23D400667:1241:2602 [2] NCCL INFO Channel 03/0 : 46[2] -> 47[3] via P2P/MNNVL
node23D400667:1240:2599 [1] NCCL INFO Channel 04/0 : 45[1] -> 46[2] via P2P/MNNVL
node23D400667:1242:2601 [3] NCCL INFO Channel 05/0 : 47[3] -> 48[0] via P2P/MNNVL
node23D400667:1239:2600 [0] NCCL INFO Channel 08/0 : 44[0] -> 45[1] via P2P/MNNVL
node23D400667:1239:2600 [0] NCCL INFO Channel 09/0 : 44[0] -> 45[1] via P2P/MNNVL
node23D400667:1242:2601 [3] NCCL INFO Channel 06/0 : 47[3] -> 48[0] via P2P/MNNVL
node23D400667:1240:2599 [1] NCCL INFO Channel 05/0 : 45[1] -> 46[2] via P2P/MNNVL
node23D400667:1241:2602 [2] NCCL INFO Channel 04/0 : 46[2] -> 47[3] via P2P/MNNVL
node23D400667:1239:2600 [0] NCCL INFO Channel 10/0 : 44[0] -> 45[1] via P2P/MNNVL
node23D400667:1242:2601 [3] NCCL INFO Channel 07/0 : 47[3] -> 48[0] via P2P/MNNVL
node23D400667:1240:2599 [1] NCCL INFO Channel 06/0 : 45[1] -> 46[2] via P2P/MNNVL
node23D400667:1241:2602 [2] NCCL INFO Channel 05/0 : 46[2] -> 47[3] via P2P/MNNVL
node23D400667:1239:2600 [0] NCCL INFO Channel 11/0 : 44[0] -> 45[1] via P2P/MNNVL
node23D400667:1242:2601 [3] NCCL INFO Channel 08/0 : 47[3] -> 48[0] via P2P/MNNVL
node23D400667:1241:2602 [2] NCCL INFO Channel 06/0 : 46[2] -> 47[3] via P2P/MNNVL
node23D400667:1240:2599 [1] NCCL INFO Channel 07/0 : 45[1] -> 46[2] via P2P/MNNVL
node23D400667:1242:2601 [3] NCCL INFO Channel 09/0 : 47[3] -> 48[0] via P2P/MNNVL
node23D400667:1239:2600 [0] NCCL INFO Channel 12/0 : 44[0] -> 45[1] via P2P/MNNVL
node23D400667:1240:2599 [1] NCCL INFO Channel 08/0 : 45[1] -> 46[2] via P2P/MNNVL
node23D400667:1241:2602 [2] NCCL INFO Channel 07/0 : 46[2] -> 47[3] via P2P/MNNVL
node23D400667:1240:2599 [1] NCCL INFO Channel 09/0 : 45[1] -> 46[2] via P2P/MNNVL
node23D400667:1239:2600 [0] NCCL INFO Channel 13/0 : 44[0] -> 45[1] via P2P/MNNVL
node23D400667:1242:2601 [3] NCCL INFO Channel 10/0 : 47[3] -> 48[0] via P2P/MNNVL
node23D400667:1239:2600 [0] NCCL INFO Channel 14/0 : 44[0] -> 45[1] via P2P/MNNVL
node23D400667:1242:2601 [3] NCCL INFO Channel 11/0 : 47[3] -> 48[0] via P2P/MNNVL
node23D400667:1240:2599 [1] NCCL INFO Channel 10/0 : 45[1] -> 46[2] via P2P/MNNVL
node23D400667:1241:2602 [2] NCCL INFO Channel 08/0 : 46[2] -> 47[3] via P2P/MNNVL
node23D400667:1239:2600 [0] NCCL INFO Channel 15/0 : 44[0] -> 45[1] via P2P/MNNVL
node23D400667:1242:2601 [3] NCCL INFO Channel 12/0 : 47[3] -> 48[0] via P2P/MNNVL
node23D400667:1241:2602 [2] NCCL INFO Channel 09/0 : 46[2] -> 47[3] via P2P/MNNVL
node23D400667:1239:2600 [0] NCCL INFO Channel 16/0 : 44[0] -> 45[1] via P2P/MNNVL
node23D400667:1240:2599 [1] NCCL INFO Channel 11/0 : 45[1] -> 46[2] via P2P/MNNVL
node23D400667:1241:2602 [2] NCCL INFO Channel 10/0 : 46[2] -> 47[3] via P2P/MNNVL
node23D400667:1239:2600 [0] NCCL INFO Channel 17/0 : 44[0] -> 45[1] via P2P/MNNVL
node23D400667:1242:2601 [3] NCCL INFO Channel 13/0 : 47[3] -> 48[0] via P2P/MNNVL
node23D400667:1240:2599 [1] NCCL INFO Channel 12/0 : 45[1] -> 46[2] via P2P/MNNVL
node23D400667:1242:2601 [3] NCCL INFO Channel 14/0 : 47[3] -> 48[0] via P2P/MNNVL
node23D400667:1241:2602 [2] NCCL INFO Channel 11/0 : 46[2] -> 47[3] via P2P/MNNVL
node23D400667:1239:2600 [0] NCCL INFO Channel 18/0 : 44[0] -> 45[1] via P2P/MNNVL
node23D400667:1240:2599 [1] NCCL INFO Channel 13/0 : 45[1] -> 46[2] via P2P/MNNVL
node23D400667:1241:2602 [2] NCCL INFO Channel 12/0 : 46[2] -> 47[3] via P2P/MNNVL
node23D400667:1239:2600 [0] NCCL INFO Channel 19/0 : 44[0] -> 45[1] via P2P/MNNVL
node23D400667:1242:2601 [3] NCCL INFO Channel 15/0 : 47[3] -> 48[0] via P2P/MNNVL
node23D400667:1241:2602 [2] NCCL INFO Channel 13/0 : 46[2] -> 47[3] via P2P/MNNVL
node23D400667:1240:2599 [1] NCCL INFO Channel 14/0 : 45[1] -> 46[2] via P2P/MNNVL
node23D400667:1239:2600 [0] NCCL INFO Channel 20/0 : 44[0] -> 45[1] via P2P/MNNVL
node23D400667:1241:2602 [2] NCCL INFO Channel 14/0 : 46[2] -> 47[3] via P2P/MNNVL
node23D400667:1240:2599 [1] NCCL INFO Channel 15/0 : 45[1] -> 46[2] via P2P/MNNVL
node23D400667:1239:2600 [0] NCCL INFO Channel 21/0 : 44[0] -> 45[1] via P2P/MNNVL
node23D400667:1242:2601 [3] NCCL INFO Channel 16/0 : 47[3] -> 48[0] via P2P/MNNVL
node23D400667:1240:2599 [1] NCCL INFO Channel 16/0 : 45[1] -> 46[2] via P2P/MNNVL
node23D400667:1239:2600 [0] NCCL INFO Channel 22/0 : 44[0] -> 45[1] via P2P/MNNVL
node23D400667:1241:2602 [2] NCCL INFO Channel 15/0 : 46[2] -> 47[3] via P2P/MNNVL
node23D400667:1242:2601 [3] NCCL INFO Channel 17/0 : 47[3] -> 48[0] via P2P/MNNVL
node23D400667:1239:2600 [0] NCCL INFO Channel 23/0 : 44[0] -> 45[1] via P2P/MNNVL
node23D400667:1242:2601 [3] NCCL INFO Channel 18/0 : 47[3] -> 48[0] via P2P/MNNVL
node23D400667:1240:2599 [1] NCCL INFO Channel 17/0 : 45[1] -> 46[2] via P2P/MNNVL
node23D400667:1241:2602 [2] NCCL INFO Channel 16/0 : 46[2] -> 47[3] via P2P/MNNVL
node23D400667:1239:2600 [0] NCCL INFO Channel 24/0 : 44[0] -> 45[1] via P2P/MNNVL
node23D400667:1241:2602 [2] NCCL INFO Channel 17/0 : 46[2] -> 47[3] via P2P/MNNVL
node23D400667:1240:2599 [1] NCCL INFO Channel 18/0 : 45[1] -> 46[2] via P2P/MNNVL
node23D400667:1239:2600 [0] NCCL INFO Channel 25/0 : 44[0] -> 45[1] via P2P/MNNVL
node23D400667:1242:2601 [3] NCCL INFO Channel 19/0 : 47[3] -> 48[0] via P2P/MNNVL
node23D400667:1240:2599 [1] NCCL INFO Channel 19/0 : 45[1] -> 46[2] via P2P/MNNVL
node23D400667:1239:2600 [0] NCCL INFO Channel 26/0 : 44[0] -> 45[1] via P2P/MNNVL
node23D400667:1241:2602 [2] NCCL INFO Channel 18/0 : 46[2] -> 47[3] via P2P/MNNVL
node23D400667:1242:2601 [3] NCCL INFO Channel 20/0 : 47[3] -> 48[0] via P2P/MNNVL
node23D400667:1240:2599 [1] NCCL INFO Channel 20/0 : 45[1] -> 46[2] via P2P/MNNVL
node23D400667:1239:2600 [0] NCCL INFO Channel 27/0 : 44[0] -> 45[1] via P2P/MNNVL
node23D400667:1242:2601 [3] NCCL INFO Channel 21/0 : 47[3] -> 48[0] via P2P/MNNVL
node23D400667:1241:2602 [2] NCCL INFO Channel 19/0 : 46[2] -> 47[3] via P2P/MNNVL
node23D400667:1239:2600 [0] NCCL INFO Channel 28/0 : 44[0] -> 45[1] via P2P/MNNVL
node23D400667:1240:2599 [1] NCCL INFO Channel 21/0 : 45[1] -> 46[2] via P2P/MNNVL
node23D400667:1241:2602 [2] NCCL INFO Channel 20/0 : 46[2] -> 47[3] via P2P/MNNVL
node23D400667:1242:2601 [3] NCCL INFO Channel 22/0 : 47[3] -> 48[0] via P2P/MNNVL
node23D400667:1239:2600 [0] NCCL INFO Channel 29/0 : 44[0] -> 45[1] via P2P/MNNVL
node23D400667:1240:2599 [1] NCCL INFO Channel 22/0 : 45[1] -> 46[2] via P2P/MNNVL
node23D400667:1239:2600 [0] NCCL INFO Channel 30/0 : 44[0] -> 45[1] via P2P/MNNVL
node23D400667:1240:2599 [1] NCCL INFO Channel 23/0 : 45[1] -> 46[2] via P2P/MNNVL
node23D400667:1241:2602 [2] NCCL INFO Channel 21/0 : 46[2] -> 47[3] via P2P/MNNVL
node23D400667:1242:2601 [3] NCCL INFO Channel 23/0 : 47[3] -> 48[0] via P2P/MNNVL
node23D400667:1241:2602 [2] NCCL INFO Channel 22/0 : 46[2] -> 47[3] via P2P/MNNVL
node23D400667:1239:2600 [0] NCCL INFO Channel 31/0 : 44[0] -> 45[1] via P2P/MNNVL
node23D400667:1242:2601 [3] NCCL INFO Channel 24/0 : 47[3] -> 48[0] via P2P/MNNVL
node23D400667:1240:2599 [1] NCCL INFO Channel 24/0 : 45[1] -> 46[2] via P2P/MNNVL
node23D400667:1242:2601 [3] NCCL INFO Channel 25/0 : 47[3] -> 48[0] via P2P/MNNVL
node23D400667:1241:2602 [2] NCCL INFO Channel 23/0 : 46[2] -> 47[3] via P2P/MNNVL
node23D400667:1240:2599 [1] NCCL INFO Channel 25/0 : 45[1] -> 46[2] via P2P/MNNVL
node23D400667:1242:2601 [3] NCCL INFO Channel 26/0 : 47[3] -> 48[0] via P2P/MNNVL
node23D400667:1241:2602 [2] NCCL INFO Channel 24/0 : 46[2] -> 47[3] via P2P/MNNVL
node23D400667:1242:2601 [3] NCCL INFO Channel 27/0 : 47[3] -> 48[0] via P2P/MNNVL
node23D400667:1240:2599 [1] NCCL INFO Channel 26/0 : 45[1] -> 46[2] via P2P/MNNVL
node23D400667:1241:2602 [2] NCCL INFO Channel 25/0 : 46[2] -> 47[3] via P2P/MNNVL
node23D400667:1240:2599 [1] NCCL INFO Channel 27/0 : 45[1] -> 46[2] via P2P/MNNVL
node23D400667:1242:2601 [3] NCCL INFO Channel 28/0 : 47[3] -> 48[0] via P2P/MNNVL
node23D400667:1241:2602 [2] NCCL INFO Channel 26/0 : 46[2] -> 47[3] via P2P/MNNVL
node23D400667:1240:2599 [1] NCCL INFO Channel 28/0 : 45[1] -> 46[2] via P2P/MNNVL
node23D400667:1242:2601 [3] NCCL INFO Channel 29/0 : 47[3] -> 48[0] via P2P/MNNVL
node23D400667:1241:2602 [2] NCCL INFO Channel 27/0 : 46[2] -> 47[3] via P2P/MNNVL
node23D400667:1240:2599 [1] NCCL INFO Channel 29/0 : 45[1] -> 46[2] via P2P/MNNVL
node23D400667:1242:2601 [3] NCCL INFO Channel 30/0 : 47[3] -> 48[0] via P2P/MNNVL
node23D400667:1241:2602 [2] NCCL INFO Channel 28/0 : 46[2] -> 47[3] via P2P/MNNVL
node23D400667:1242:2601 [3] NCCL INFO Channel 31/0 : 47[3] -> 48[0] via P2P/MNNVL
node23D400667:1240:2599 [1] NCCL INFO Channel 30/0 : 45[1] -> 46[2] via P2P/MNNVL
node23D400667:1241:2602 [2] NCCL INFO Channel 29/0 : 46[2] -> 47[3] via P2P/MNNVL
node23D400667:1240:2599 [1] NCCL INFO Channel 31/0 : 45[1] -> 46[2] via P2P/MNNVL
node23D400667:1241:2602 [2] NCCL INFO Channel 30/0 : 46[2] -> 47[3] via P2P/MNNVL
node23D400667:1241:2602 [2] NCCL INFO Channel 31/0 : 46[2] -> 47[3] via P2P/MNNVL
node23D400667:1240:2599 [1] NCCL INFO Connected all rings, use ring PXN 0 GDR 1
node23D400667:1242:2601 [3] NCCL INFO Connected all rings, use ring PXN 0 GDR 1
node23D400667:1239:2600 [0] NCCL INFO Connected all rings, use ring PXN 0 GDR 1
node23D400667:1241:2602 [2] NCCL INFO Connected all rings, use ring PXN 0 GDR 1
node23D400667:1240:1240 [1] NCCL INFO Comm config Blocking set to 1
node23D400667:1242:1242 [3] NCCL INFO Comm config Blocking set to 1
node23D400667:1239:1239 [0] NCCL INFO Comm config Blocking set to 1
node23D400667:1241:1241 [2] NCCL INFO Comm config Blocking set to 1
node23D400667:1240:2603 [1] NCCL INFO Assigned NET plugin Socket to comm
node23D400667:1239:2604 [0] NCCL INFO Assigned NET plugin Socket to comm
node23D400667:1240:2603 [1] NCCL INFO Using network Socket
node23D400667:1239:2604 [0] NCCL INFO Using network Socket
node23D400667:1241:2605 [2] NCCL INFO Assigned NET plugin Socket to comm
node23D400667:1241:2605 [2] NCCL INFO Using network Socket
node23D400667:1242:2606 [3] NCCL INFO Assigned NET plugin Socket to comm
node23D400667:1242:2606 [3] NCCL INFO Using network Socket
node23D400667:1240:2603 [1] NCCL INFO ncclCommInitRankConfig comm 0x68ecc400 rank 21 nranks 32 cudaDev 1 nvmlDev 1 busId 901000 commId 0x8c0c6cf73192f255 - Init START
node23D400667:1239:2604 [0] NCCL INFO ncclCommInitRankConfig comm 0x700de940 rank 20 nranks 32 cudaDev 0 nvmlDev 0 busId 801000 commId 0x8c0c6cf73192f255 - Init START
node23D400667:1241:2605 [2] NCCL INFO ncclCommInitRankConfig comm 0x660b7090 rank 22 nranks 32 cudaDev 2 nvmlDev 2 busId 1801000 commId 0x8c0c6cf73192f255 - Init START
node23D400667:1242:2606 [3] NCCL INFO ncclCommInitRankConfig comm 0x685b3960 rank 23 nranks 32 cudaDev 3 nvmlDev 3 busId 1901000 commId 0x8c0c6cf73192f255 - Init START
node23D400667:1242:2606 [3] NCCL INFO Bootstrap timings total 0.849794 (create 0.000029, send 0.000123, recv 0.848316, ring 0.001108, delay 0.000000)
node23D400667:1241:2605 [2] NCCL INFO Bootstrap timings total 0.849979 (create 0.000027, send 0.000144, recv 0.000613, ring 0.849059, delay 0.000000)
node23D400667:1240:2603 [1] NCCL INFO Bootstrap timings total 0.850090 (create 0.000041, send 0.000150, recv 0.000523, ring 0.849225, delay 0.000000)
node23D400667:1239:2604 [0] NCCL INFO Bootstrap timings total 0.850180 (create 0.000039, send 0.000181, recv 0.000390, ring 0.847017, delay 0.000000)
node23D400667:1239:2604 [0] NCCL INFO MNNVL busId 0x801000 fabric UUID aa48724aeeaad6a8.b34b901796a1c18d cliqueId 0x7ffe state 3 healthMask 0xaa
node23D400667:1240:2603 [1] NCCL INFO MNNVL busId 0x901000 fabric UUID aa48724aeeaad6a8.b34b901796a1c18d cliqueId 0x7ffe state 3 healthMask 0xaa
node23D400667:1242:2606 [3] NCCL INFO MNNVL busId 0x1901000 fabric UUID aa48724aeeaad6a8.b34b901796a1c18d cliqueId 0x7ffe state 3 healthMask 0xaa
node23D400667:1241:2605 [2] NCCL INFO MNNVL busId 0x1801000 fabric UUID aa48724aeeaad6a8.b34b901796a1c18d cliqueId 0x7ffe state 3 healthMask 0xaa
node23D400667:1239:2604 [0] NCCL INFO MNNVL 1 cliqueId 7ffe cliqueSize 32 cliqueRank 20
node23D400667:1241:2605 [2] NCCL INFO MNNVL 1 cliqueId 7ffe cliqueSize 32 cliqueRank 22
node23D400667:1240:2603 [1] NCCL INFO MNNVL 1 cliqueId 7ffe cliqueSize 32 cliqueRank 21
node23D400667:1242:2606 [3] NCCL INFO MNNVL 1 cliqueId 7ffe cliqueSize 32 cliqueRank 23
node23D400667:1240:2603 [1] NCCL INFO Setting affinity for GPU 1 to 0-71
node23D400667:1241:2605 [2] NCCL INFO Setting affinity for GPU 2 to 72-143
node23D400667:1242:2606 [3] NCCL INFO Setting affinity for GPU 3 to 72-143
node23D400667:1239:2604 [0] NCCL INFO Setting affinity for GPU 0 to 0-71
node23D400667:1242:2606 [3] NCCL INFO comm 0x685b3960 rank 23 nRanks 32 nNodes 1 localRanks 32 localRank 23 MNNVL 1
node23D400667:1241:2605 [2] NCCL INFO comm 0x660b7090 rank 22 nRanks 32 nNodes 1 localRanks 32 localRank 22 MNNVL 1
node23D400667:1239:2604 [0] NCCL INFO comm 0x700de940 rank 20 nRanks 32 nNodes 1 localRanks 32 localRank 20 MNNVL 1
node23D400667:1240:2603 [1] NCCL INFO comm 0x68ecc400 rank 21 nRanks 32 nNodes 1 localRanks 32 localRank 21 MNNVL 1
node23D400667:1242:2606 [3] NCCL INFO Trees [0] 24/-1/-1->23->22 [1] 24/-1/-1->23->22 [2] 24/-1/-1->23->22 [3] 24/-1/-1->23->22 [4] 24/-1/-1->23->22 [5] 24/-1/-1->23->22 [6] 24/-1/-1->23->22 [7] 24/-1/-1->23->22 [8] 24/-1/-1->23->22 [9] 24/-1/-1->23->22 [10] 24/-1/-1->23->22 [11] 24/-1/-1->23->22 [12] 24/-1/-1->23->22 [13] 24/-1/-1->23->22 [14] 24/-1/-1->23->22 [15] 24/-1/-1->23->22 [16] 24/-1/-1->23->22 [17] 24/-1/-1->23->22 [18] 24/-1/-1->23->22 [19] 24/-1/-1->23->22 [20] 24/-1/-1->23->22 [21] 24/-1/-1->23->22 [22] 24/-1/-1->23->22 [23] 24/-1/-1->23->22 [24] 24/-1/-1->23->22 [25] 24/-1/-1->23->22 [26] 24/-1/-1->23->22 [27] 24/-1/-1->23->22 [28] 24/-1/-1->23->22 [29] 24/-1/-1->23->22 [30] 24/-1/-1->23->22 [31] 24/-1/-1->23->22
node23D400667:1241:2605 [2] NCCL INFO Trees [0] 23/-1/-1->22->21 [1] 23/-1/-1->22->21 [2] 23/-1/-1->22->21 [3] 23/-1/-1->22->21 [4] 23/-1/-1->22->21 [5] 23/-1/-1->22->21 [6] 23/-1/-1->22->21 [7] 23/-1/-1->22->21 [8] 23/-1/-1->22->21 [9] 23/-1/-1->22->21 [10] 23/-1/-1->22->21 [11] 23/-1/-1->22->21 [12] 23/-1/-1->22->21 [13] 23/-1/-1->22->21 [14] 23/-1/-1->22->21 [15] 23/-1/-1->22->21 [16] 23/-1/-1->22->21 [17] 23/-1/-1->22->21 [18] 23/-1/-1->22->21 [19] 23/-1/-1->22->21 [20] 23/-1/-1->22->21 [21] 23/-1/-1->22->21 [22] 23/-1/-1->22->21 [23] 23/-1/-1->22->21 [24] 23/-1/-1->22->21 [25] 23/-1/-1->22->21 [26] 23/-1/-1->22->21 [27] 23/-1/-1->22->21 [28] 23/-1/-1->22->21 [29] 23/-1/-1->22->21 [30] 23/-1/-1->22->21 [31] 23/-1/-1->22->21
node23D400667:1242:2606 [3] NCCL INFO P2P Chunksize set to 524288
node23D400667:1241:2605 [2] NCCL INFO P2P Chunksize set to 524288
node23D400667:1239:2604 [0] NCCL INFO Trees [0] 21/-1/-1->20->19 [1] 21/-1/-1->20->19 [2] 21/-1/-1->20->19 [3] 21/-1/-1->20->19 [4] 21/-1/-1->20->19 [5] 21/-1/-1->20->19 [6] 21/-1/-1->20->19 [7] 21/-1/-1->20->19 [8] 21/-1/-1->20->19 [9] 21/-1/-1->20->19 [10] 21/-1/-1->20->19 [11] 21/-1/-1->20->19 [12] 21/-1/-1->20->19 [13] 21/-1/-1->20->19 [14] 21/-1/-1->20->19 [15] 21/-1/-1->20->19 [16] 21/-1/-1->20->19 [17] 21/-1/-1->20->19 [18] 21/-1/-1->20->19 [19] 21/-1/-1->20->19 [20] 21/-1/-1->20->19 [21] 21/-1/-1->20->19 [22] 21/-1/-1->20->19 [23] 21/-1/-1->20->19 [24] 21/-1/-1->20->19 [25] 21/-1/-1->20->19 [26] 21/-1/-1->20->19 [27] 21/-1/-1->20->19 [28] 21/-1/-1->20->19 [29] 21/-1/-1->20->19 [30] 21/-1/-1->20->19 [31] 21/-1/-1->20->19
node23D400667:1240:2603 [1] NCCL INFO Trees [0] 22/-1/-1->21->20 [1] 22/-1/-1->21->20 [2] 22/-1/-1->21->20 [3] 22/-1/-1->21->20 [4] 22/-1/-1->21->20 [5] 22/-1/-1->21->20 [6] 22/-1/-1->21->20 [7] 22/-1/-1->21->20 [8] 22/-1/-1->21->20 [9] 22/-1/-1->21->20 [10] 22/-1/-1->21->20 [11] 22/-1/-1->21->20 [12] 22/-1/-1->21->20 [13] 22/-1/-1->21->20 [14] 22/-1/-1->21->20 [15] 22/-1/-1->21->20 [16] 22/-1/-1->21->20 [17] 22/-1/-1->21->20 [18] 22/-1/-1->21->20 [19] 22/-1/-1->21->20 [20] 22/-1/-1->21->20 [21] 22/-1/-1->21->20 [22] 22/-1/-1->21->20 [23] 22/-1/-1->21->20 [24] 22/-1/-1->21->20 [25] 22/-1/-1->21->20 [26] 22/-1/-1->21->20 [27] 22/-1/-1->21->20 [28] 22/-1/-1->21->20 [29] 22/-1/-1->21->20 [30] 22/-1/-1->21->20 [31] 22/-1/-1->21->20
node23D400667:1239:2604 [0] NCCL INFO P2P Chunksize set to 524288
node23D400667:1240:2603 [1] NCCL INFO P2P Chunksize set to 524288
node23D400667:1241:2607 [2] NCCL INFO [Proxy Service] Device 2 CPU core 117
node23D400667:1240:2608 [1] NCCL INFO [Proxy Service] Device 1 CPU core 37
node23D400667:1241:2611 [2] NCCL INFO [Proxy Service UDS] Device 2 CPU core 118
node23D400667:1242:2610 [3] NCCL INFO [Proxy Service] Device 3 CPU core 87
node23D400667:1239:2609 [0] NCCL INFO [Proxy Service] Device 0 CPU core 48
node23D400667:1240:2612 [1] NCCL INFO [Proxy Service UDS] Device 1 CPU core 43
node23D400667:1239:2613 [0] NCCL INFO [Proxy Service UDS] Device 0 CPU core 51
node23D400667:1242:2614 [3] NCCL INFO [Proxy Service UDS] Device 3 CPU core 88
node23D400667:1239:2604 [0] NCCL INFO threadThresholds 8/8/64 | 256/8/64 | 512 | 512
node23D400667:1239:2604 [0] NCCL INFO 32 coll channels, 32 collnet channels, 0 nvls channels, 32 p2p channels, 32 p2p channels per peer
node23D400667:1240:2603 [1] NCCL INFO threadThresholds 8/8/64 | 256/8/64 | 512 | 512
node23D400667:1240:2603 [1] NCCL INFO 32 coll channels, 32 collnet channels, 0 nvls channels, 32 p2p channels, 32 p2p channels per peer
node23D400667:1242:2606 [3] NCCL INFO threadThresholds 8/8/64 | 256/8/64 | 512 | 512
node23D400667:1242:2606 [3] NCCL INFO 32 coll channels, 32 collnet channels, 0 nvls channels, 32 p2p channels, 32 p2p channels per peer
node23D400667:1241:2605 [2] NCCL INFO threadThresholds 8/8/64 | 256/8/64 | 512 | 512
node23D400667:1241:2605 [2] NCCL INFO 32 coll channels, 32 collnet channels, 0 nvls channels, 32 p2p channels, 32 p2p channels per peer
node23D400667:1240:2603 [1] NCCL INFO ncclCommInitRankConfig comm 0x68ecc400 rank 21 nranks 32 cudaDev 1 nvmlDev 1 busId 901000 commId 0x8c0c6cf73192f255 - Init COMPLETE
node23D400667:1242:2606 [3] NCCL INFO ncclCommInitRankConfig comm 0x685b3960 rank 23 nranks 32 cudaDev 3 nvmlDev 3 busId 1901000 commId 0x8c0c6cf73192f255 - Init COMPLETE
node23D400667:1240:2603 [1] NCCL INFO Init timings - ncclCommInitRankConfig: rank 21 nranks 32 total 2.37 (kernels 0.00, alloc 0.00, bootstrap 0.85, allgathers 0.04, topo 1.30, graphs 0.02, connections 0.15, rest 0.01)
node23D400667:1242:2606 [3] NCCL INFO Init timings - ncclCommInitRankConfig: rank 23 nranks 32 total 2.37 (kernels 0.00, alloc 0.00, bootstrap 0.85, allgathers 0.03, topo 1.30, graphs 0.02, connections 0.16, rest 0.01)
node23D400667:1241:2605 [2] NCCL INFO ncclCommInitRankConfig comm 0x660b7090 rank 22 nranks 32 cudaDev 2 nvmlDev 2 busId 1801000 commId 0x8c0c6cf73192f255 - Init COMPLETE
node23D400667:1241:2605 [2] NCCL INFO Init timings - ncclCommInitRankConfig: rank 22 nranks 32 total 2.37 (kernels 0.00, alloc 0.00, bootstrap 0.85, allgathers 0.04, topo 1.30, graphs 0.02, connections 0.16, rest 0.01)
node23D400667:1239:2604 [0] NCCL INFO ncclCommInitRankConfig comm 0x700de940 rank 20 nranks 32 cudaDev 0 nvmlDev 0 busId 801000 commId 0x8c0c6cf73192f255 - Init COMPLETE
node23D400667:1239:2604 [0] NCCL INFO Init timings - ncclCommInitRankConfig: rank 20 nranks 32 total 2.37 (kernels 0.00, alloc 0.00, bootstrap 0.85, allgathers 0.02, topo 1.32, graphs 0.02, connections 0.15, rest 0.01)
node23D400667:1239:2615 [0] NCCL INFO Channel 00/0 : 20[0] -> 21[1] via P2P/MNNVL
node23D400667:1240:2616 [1] NCCL INFO Channel 00/0 : 21[1] -> 22[2] via P2P/MNNVL
node23D400667:1239:2615 [0] NCCL INFO Channel 01/0 : 20[0] -> 21[1] via P2P/MNNVL
node23D400667:1240:2616 [1] NCCL INFO Channel 01/0 : 21[1] -> 22[2] via P2P/MNNVL
node23D400667:1239:2615 [0] NCCL INFO Channel 02/0 : 20[0] -> 21[1] via P2P/MNNVL
node23D400667:1241:2618 [2] NCCL INFO Channel 00/0 : 22[2] -> 23[3] via P2P/MNNVL
node23D400667:1240:2616 [1] NCCL INFO Channel 02/0 : 21[1] -> 22[2] via P2P/MNNVL
node23D400667:1242:2617 [3] NCCL INFO Channel 00/0 : 23[3] -> 24[0] via P2P/MNNVL
node23D400667:1239:2615 [0] NCCL INFO Channel 03/0 : 20[0] -> 21[1] via P2P/MNNVL
node23D400667:1241:2618 [2] NCCL INFO Channel 01/0 : 22[2] -> 23[3] via P2P/MNNVL
node23D400667:1242:2617 [3] NCCL INFO Channel 01/0 : 23[3] -> 24[0] via P2P/MNNVL
node23D400667:1241:2618 [2] NCCL INFO Channel 02/0 : 22[2] -> 23[3] via P2P/MNNVL
node23D400667:1239:2615 [0] NCCL INFO Channel 04/0 : 20[0] -> 21[1] via P2P/MNNVL
node23D400667:1240:2616 [1] NCCL INFO Channel 03/0 : 21[1] -> 22[2] via P2P/MNNVL
node23D400667:1242:2617 [3] NCCL INFO Channel 02/0 : 23[3] -> 24[0] via P2P/MNNVL
node23D400667:1240:2616 [1] NCCL INFO Channel 04/0 : 21[1] -> 22[2] via P2P/MNNVL
node23D400667:1241:2618 [2] NCCL INFO Channel 03/0 : 22[2] -> 23[3] via P2P/MNNVL
node23D400667:1239:2615 [0] NCCL INFO Channel 05/0 : 20[0] -> 21[1] via P2P/MNNVL
node23D400667:1242:2617 [3] NCCL INFO Channel 03/0 : 23[3] -> 24[0] via P2P/MNNVL
node23D400667:1240:2616 [1] NCCL INFO Channel 05/0 : 21[1] -> 22[2] via P2P/MNNVL
node23D400667:1241:2618 [2] NCCL INFO Channel 04/0 : 22[2] -> 23[3] via P2P/MNNVL
node23D400667:1239:2615 [0] NCCL INFO Channel 06/0 : 20[0] -> 21[1] via P2P/MNNVL
node23D400667:1242:2617 [3] NCCL INFO Channel 04/0 : 23[3] -> 24[0] via P2P/MNNVL
node23D400667:1240:2616 [1] NCCL INFO Channel 06/0 : 21[1] -> 22[2] via P2P/MNNVL
node23D400667:1241:2618 [2] NCCL INFO Channel 05/0 : 22[2] -> 23[3] via P2P/MNNVL
node23D400667:1239:2615 [0] NCCL INFO Channel 07/0 : 20[0] -> 21[1] via P2P/MNNVL
node23D400667:1242:2617 [3] NCCL INFO Channel 05/0 : 23[3] -> 24[0] via P2P/MNNVL
node23D400667:1240:2616 [1] NCCL INFO Channel 07/0 : 21[1] -> 22[2] via P2P/MNNVL
node23D400667:1241:2618 [2] NCCL INFO Channel 06/0 : 22[2] -> 23[3] via P2P/MNNVL
node23D400667:1239:2615 [0] NCCL INFO Channel 08/0 : 20[0] -> 21[1] via P2P/MNNVL
node23D400667:1242:2617 [3] NCCL INFO Channel 06/0 : 23[3] -> 24[0] via P2P/MNNVL
node23D400667:1240:2616 [1] NCCL INFO Channel 08/0 : 21[1] -> 22[2] via P2P/MNNVL
node23D400667:1241:2618 [2] NCCL INFO Channel 07/0 : 22[2] -> 23[3] via P2P/MNNVL
node23D400667:1239:2615 [0] NCCL INFO Channel 09/0 : 20[0] -> 21[1] via P2P/MNNVL
node23D400667:1242:2617 [3] NCCL INFO Channel 07/0 : 23[3] -> 24[0] via P2P/MNNVL
node23D400667:1240:2616 [1] NCCL INFO Channel 09/0 : 21[1] -> 22[2] via P2P/MNNVL
node23D400667:1241:2618 [2] NCCL INFO Channel 08/0 : 22[2] -> 23[3] via P2P/MNNVL
node23D400667:1239:2615 [0] NCCL INFO Channel 10/0 : 20[0] -> 21[1] via P2P/MNNVL
node23D400667:1242:2617 [3] NCCL INFO Channel 08/0 : 23[3] -> 24[0] via P2P/MNNVL
node23D400667:1240:2616 [1] NCCL INFO Channel 10/0 : 21[1] -> 22[2] via P2P/MNNVL
node23D400667:1241:2618 [2] NCCL INFO Channel 09/0 : 22[2] -> 23[3] via P2P/MNNVL
node23D400667:1239:2615 [0] NCCL INFO Channel 11/0 : 20[0] -> 21[1] via P2P/MNNVL
node23D400667:1242:2617 [3] NCCL INFO Channel 09/0 : 23[3] -> 24[0] via P2P/MNNVL
node23D400667:1240:2616 [1] NCCL INFO Channel 11/0 : 21[1] -> 22[2] via P2P/MNNVL
node23D400667:1241:2618 [2] NCCL INFO Channel 10/0 : 22[2] -> 23[3] via P2P/MNNVL
node23D400667:1239:2615 [0] NCCL INFO Channel 12/0 : 20[0] -> 21[1] via P2P/MNNVL
node23D400667:1242:2617 [3] NCCL INFO Channel 10/0 : 23[3] -> 24[0] via P2P/MNNVL
node23D400667:1240:2616 [1] NCCL INFO Channel 12/0 : 21[1] -> 22[2] via P2P/MNNVL
node23D400667:1241:2618 [2] NCCL INFO Channel 11/0 : 22[2] -> 23[3] via P2P/MNNVL
node23D400667:1239:2615 [0] NCCL INFO Channel 13/0 : 20[0] -> 21[1] via P2P/MNNVL
node23D400667:1242:2617 [3] NCCL INFO Channel 11/0 : 23[3] -> 24[0] via P2P/MNNVL
node23D400667:1240:2616 [1] NCCL INFO Channel 13/0 : 21[1] -> 22[2] via P2P/MNNVL
node23D400667:1241:2618 [2] NCCL INFO Channel 12/0 : 22[2] -> 23[3] via P2P/MNNVL
node23D400667:1239:2615 [0] NCCL INFO Channel 14/0 : 20[0] -> 21[1] via P2P/MNNVL
node23D400667:1242:2617 [3] NCCL INFO Channel 12/0 : 23[3] -> 24[0] via P2P/MNNVL
node23D400667:1240:2616 [1] NCCL INFO Channel 14/0 : 21[1] -> 22[2] via P2P/MNNVL
node23D400667:1241:2618 [2] NCCL INFO Channel 13/0 : 22[2] -> 23[3] via P2P/MNNVL
node23D400667:1239:2615 [0] NCCL INFO Channel 15/0 : 20[0] -> 21[1] via P2P/MNNVL
node23D400667:1242:2617 [3] NCCL INFO Channel 13/0 : 23[3] -> 24[0] via P2P/MNNVL
node23D400667:1240:2616 [1] NCCL INFO Channel 15/0 : 21[1] -> 22[2] via P2P/MNNVL
node23D400667:1241:2618 [2] NCCL INFO Channel 14/0 : 22[2] -> 23[3] via P2P/MNNVL
node23D400667:1239:2615 [0] NCCL INFO Channel 16/0 : 20[0] -> 21[1] via P2P/MNNVL
node23D400667:1242:2617 [3] NCCL INFO Channel 14/0 : 23[3] -> 24[0] via P2P/MNNVL
node23D400667:1240:2616 [1] NCCL INFO Channel 16/0 : 21[1] -> 22[2] via P2P/MNNVL
node23D400667:1241:2618 [2] NCCL INFO Channel 15/0 : 22[2] -> 23[3] via P2P/MNNVL
node23D400667:1239:2615 [0] NCCL INFO Channel 17/0 : 20[0] -> 21[1] via P2P/MNNVL
node23D400667:1240:2616 [1] NCCL INFO Channel 17/0 : 21[1] -> 22[2] via P2P/MNNVL
node23D400667:1242:2617 [3] NCCL INFO Channel 15/0 : 23[3] -> 24[0] via P2P/MNNVL
node23D400667:1241:2618 [2] NCCL INFO Channel 16/0 : 22[2] -> 23[3] via P2P/MNNVL
node23D400667:1240:2616 [1] NCCL INFO Channel 18/0 : 21[1] -> 22[2] via P2P/MNNVL
node23D400667:1239:2615 [0] NCCL INFO Channel 18/0 : 20[0] -> 21[1] via P2P/MNNVL
node23D400667:1242:2617 [3] NCCL INFO Channel 16/0 : 23[3] -> 24[0] via P2P/MNNVL
node23D400667:1241:2618 [2] NCCL INFO Channel 17/0 : 22[2] -> 23[3] via P2P/MNNVL
node23D400667:1240:2616 [1] NCCL INFO Channel 19/0 : 21[1] -> 22[2] via P2P/MNNVL
node23D400667:1242:2617 [3] NCCL INFO Channel 17/0 : 23[3] -> 24[0] via P2P/MNNVL
node23D400667:1239:2615 [0] NCCL INFO Channel 19/0 : 20[0] -> 21[1] via P2P/MNNVL
node23D400667:1241:2618 [2] NCCL INFO Channel 18/0 : 22[2] -> 23[3] via P2P/MNNVL
node23D400667:1242:2617 [3] NCCL INFO Channel 18/0 : 23[3] -> 24[0] via P2P/MNNVL
node23D400667:1239:2615 [0] NCCL INFO Channel 20/0 : 20[0] -> 21[1] via P2P/MNNVL
node23D400667:1240:2616 [1] NCCL INFO Channel 20/0 : 21[1] -> 22[2] via P2P/MNNVL
node23D400667:1241:2618 [2] NCCL INFO Channel 19/0 : 22[2] -> 23[3] via P2P/MNNVL
node23D400667:1242:2617 [3] NCCL INFO Channel 19/0 : 23[3] -> 24[0] via P2P/MNNVL
node23D400667:1240:2616 [1] NCCL INFO Channel 21/0 : 21[1] -> 22[2] via P2P/MNNVL
node23D400667:1239:2615 [0] NCCL INFO Channel 21/0 : 20[0] -> 21[1] via P2P/MNNVL
node23D400667:1241:2618 [2] NCCL INFO Channel 20/0 : 22[2] -> 23[3] via P2P/MNNVL
node23D400667:1240:2616 [1] NCCL INFO Channel 22/0 : 21[1] -> 22[2] via P2P/MNNVL
node23D400667:1242:2617 [3] NCCL INFO Channel 20/0 : 23[3] -> 24[0] via P2P/MNNVL
node23D400667:1241:2618 [2] NCCL INFO Channel 21/0 : 22[2] -> 23[3] via P2P/MNNVL
node23D400667:1240:2616 [1] NCCL INFO Channel 23/0 : 21[1] -> 22[2] via P2P/MNNVL
node23D400667:1242:2617 [3] NCCL INFO Channel 21/0 : 23[3] -> 24[0] via P2P/MNNVL
node23D400667:1239:2615 [0] NCCL INFO Channel 22/0 : 20[0] -> 21[1] via P2P/MNNVL
node23D400667:1241:2618 [2] NCCL INFO Channel 22/0 : 22[2] -> 23[3] via P2P/MNNVL
node23D400667:1240:2616 [1] NCCL INFO Channel 24/0 : 21[1] -> 22[2] via P2P/MNNVL
node23D400667:1239:2615 [0] NCCL INFO Channel 23/0 : 20[0] -> 21[1] via P2P/MNNVL
node23D400667:1242:2617 [3] NCCL INFO Channel 22/0 : 23[3] -> 24[0] via P2P/MNNVL
node23D400667:1239:2615 [0] NCCL INFO Channel 24/0 : 20[0] -> 21[1] via P2P/MNNVL
node23D400667:1240:2616 [1] NCCL INFO Channel 25/0 : 21[1] -> 22[2] via P2P/MNNVL
node23D400667:1241:2618 [2] NCCL INFO Channel 23/0 : 22[2] -> 23[3] via P2P/MNNVL
node23D400667:1239:2615 [0] NCCL INFO Channel 25/0 : 20[0] -> 21[1] via P2P/MNNVL
node23D400667:1242:2617 [3] NCCL INFO Channel 23/0 : 23[3] -> 24[0] via P2P/MNNVL
node23D400667:1241:2618 [2] NCCL INFO Channel 24/0 : 22[2] -> 23[3] via P2P/MNNVL
node23D400667:1239:2615 [0] NCCL INFO Channel 26/0 : 20[0] -> 21[1] via P2P/MNNVL
node23D400667:1240:2616 [1] NCCL INFO Channel 26/0 : 21[1] -> 22[2] via P2P/MNNVL
node23D400667:1241:2618 [2] NCCL INFO Channel 25/0 : 22[2] -> 23[3] via P2P/MNNVL
node23D400667:1239:2615 [0] NCCL INFO Channel 27/0 : 20[0] -> 21[1] via P2P/MNNVL
node23D400667:1242:2617 [3] NCCL INFO Channel 24/0 : 23[3] -> 24[0] via P2P/MNNVL
node23D400667:1240:2616 [1] NCCL INFO Channel 27/0 : 21[1] -> 22[2] via P2P/MNNVL
node23D400667:1241:2618 [2] NCCL INFO Channel 26/0 : 22[2] -> 23[3] via P2P/MNNVL
node23D400667:1239:2615 [0] NCCL INFO Channel 28/0 : 20[0] -> 21[1] via P2P/MNNVL
node23D400667:1242:2617 [3] NCCL INFO Channel 25/0 : 23[3] -> 24[0] via P2P/MNNVL
node23D400667:1240:2616 [1] NCCL INFO Channel 28/0 : 21[1] -> 22[2] via P2P/MNNVL
node23D400667:1241:2618 [2] NCCL INFO Channel 27/0 : 22[2] -> 23[3] via P2P/MNNVL
node23D400667:1239:2615 [0] NCCL INFO Channel 29/0 : 20[0] -> 21[1] via P2P/MNNVL
node23D400667:1242:2617 [3] NCCL INFO Channel 26/0 : 23[3] -> 24[0] via P2P/MNNVL
node23D400667:1240:2616 [1] NCCL INFO Channel 29/0 : 21[1] -> 22[2] via P2P/MNNVL
node23D400667:1241:2618 [2] NCCL INFO Channel 28/0 : 22[2] -> 23[3] via P2P/MNNVL
node23D400667:1242:2617 [3] NCCL INFO Channel 27/0 : 23[3] -> 24[0] via P2P/MNNVL
node23D400667:1239:2615 [0] NCCL INFO Channel 30/0 : 20[0] -> 21[1] via P2P/MNNVL
node23D400667:1241:2618 [2] NCCL INFO Channel 29/0 : 22[2] -> 23[3] via P2P/MNNVL
node23D400667:1240:2616 [1] NCCL INFO Channel 30/0 : 21[1] -> 22[2] via P2P/MNNVL
node23D400667:1242:2617 [3] NCCL INFO Channel 28/0 : 23[3] -> 24[0] via P2P/MNNVL
node23D400667:1241:2618 [2] NCCL INFO Channel 30/0 : 22[2] -> 23[3] via P2P/MNNVL
node23D400667:1239:2615 [0] NCCL INFO Channel 31/0 : 20[0] -> 21[1] via P2P/MNNVL
node23D400667:1240:2616 [1] NCCL INFO Channel 31/0 : 21[1] -> 22[2] via P2P/MNNVL
node23D400667:1242:2617 [3] NCCL INFO Channel 29/0 : 23[3] -> 24[0] via P2P/MNNVL
node23D400667:1241:2618 [2] NCCL INFO Channel 31/0 : 22[2] -> 23[3] via P2P/MNNVL
node23D400667:1242:2617 [3] NCCL INFO Channel 30/0 : 23[3] -> 24[0] via P2P/MNNVL
node23D400667:1242:2617 [3] NCCL INFO Channel 31/0 : 23[3] -> 24[0] via P2P/MNNVL
node23D400667:1239:2615 [0] NCCL INFO Connected all rings, use ring PXN 0 GDR 1
node23D400667:1240:2616 [1] NCCL INFO Connected all rings, use ring PXN 0 GDR 1
node23D400667:1242:2617 [3] NCCL INFO Connected all rings, use ring PXN 0 GDR 1
node23D400667:1241:2618 [2] NCCL INFO Connected all rings, use ring PXN 0 GDR 1
[Rank 46] (after 1 iterations) memory (MB) | allocated: 84739.185546875 | max allocated: 92389.1875 | reserved: 85426.0 | max reserved: 92650.0[Rank 45] (after 1 iterations) memory (MB) | allocated: 84739.185546875 | max allocated: 92389.1875 | reserved: 85510.0 | max reserved: 92692.0[Rank 44] (after 1 iterations) memory (MB) | allocated: 84739.185546875 | max allocated: 92389.1875 | reserved: 85582.0 | max reserved: 92728.0[Rank 47] (after 1 iterations) memory (MB) | allocated: 84739.185546875 | max allocated: 92389.1875 | reserved: 85426.0 | max reserved: 92650.0



node23D400667:1239:2620 [0] NCCL INFO Channel 00/1 : 44[0] -> 0[0] via P2P/MNNVL
node23D400667:1240:2619 [1] NCCL INFO Channel 00/1 : 45[1] -> 0[0] via P2P/MNNVL
node23D400667:1241:2621 [2] NCCL INFO Channel 00/1 : 46[2] -> 0[0] via P2P/MNNVL
node23D400667:1242:2622 [3] NCCL INFO Channel 00/1 : 47[3] -> 0[0] via P2P/MNNVL
node23D400667:1239:2620 [0] NCCL INFO Channel 01/1 : 44[0] -> 0[0] via P2P/MNNVL
node23D400667:1240:2619 [1] NCCL INFO Channel 01/1 : 45[1] -> 0[0] via P2P/MNNVL
node23D400667:1241:2621 [2] NCCL INFO Channel 01/1 : 46[2] -> 0[0] via P2P/MNNVL
node23D400667:1242:2622 [3] NCCL INFO Channel 01/1 : 47[3] -> 0[0] via P2P/MNNVL
node23D400667:1239:2620 [0] NCCL INFO Channel 02/1 : 44[0] -> 0[0] via P2P/MNNVL
node23D400667:1242:2622 [3] NCCL INFO Channel 02/1 : 47[3] -> 0[0] via P2P/MNNVL
node23D400667:1241:2621 [2] NCCL INFO Channel 02/1 : 46[2] -> 0[0] via P2P/MNNVL
node23D400667:1240:2619 [1] NCCL INFO Channel 02/1 : 45[1] -> 0[0] via P2P/MNNVL
node23D400667:1239:2620 [0] NCCL INFO Channel 03/1 : 44[0] -> 0[0] via P2P/MNNVL
node23D400667:1240:2619 [1] NCCL INFO Channel 03/1 : 45[1] -> 0[0] via P2P/MNNVL
node23D400667:1241:2621 [2] NCCL INFO Channel 03/1 : 46[2] -> 0[0] via P2P/MNNVL
node23D400667:1242:2622 [3] NCCL INFO Channel 03/1 : 47[3] -> 0[0] via P2P/MNNVL
node23D400667:1239:2620 [0] NCCL INFO Channel 04/1 : 44[0] -> 0[0] via P2P/MNNVL
node23D400667:1240:2619 [1] NCCL INFO Channel 04/1 : 45[1] -> 0[0] via P2P/MNNVL
node23D400667:1241:2621 [2] NCCL INFO Channel 04/1 : 46[2] -> 0[0] via P2P/MNNVL
node23D400667:1239:2620 [0] NCCL INFO Channel 05/1 : 44[0] -> 0[0] via P2P/MNNVL
node23D400667:1242:2622 [3] NCCL INFO Channel 04/1 : 47[3] -> 0[0] via P2P/MNNVL
node23D400667:1241:2621 [2] NCCL INFO Channel 05/1 : 46[2] -> 0[0] via P2P/MNNVL
node23D400667:1242:2622 [3] NCCL INFO Channel 05/1 : 47[3] -> 0[0] via P2P/MNNVL
node23D400667:1239:2620 [0] NCCL INFO Channel 06/1 : 44[0] -> 0[0] via P2P/MNNVL
node23D400667:1240:2619 [1] NCCL INFO Channel 05/1 : 45[1] -> 0[0] via P2P/MNNVL
node23D400667:1241:2621 [2] NCCL INFO Channel 06/1 : 46[2] -> 0[0] via P2P/MNNVL
node23D400667:1242:2622 [3] NCCL INFO Channel 06/1 : 47[3] -> 0[0] via P2P/MNNVL
node23D400667:1242:2622 [3] NCCL INFO Channel 07/1 : 47[3] -> 0[0] via P2P/MNNVL
node23D400667:1241:2621 [2] NCCL INFO Channel 07/1 : 46[2] -> 0[0] via P2P/MNNVL
node23D400667:1240:2619 [1] NCCL INFO Channel 06/1 : 45[1] -> 0[0] via P2P/MNNVL
node23D400667:1241:2621 [2] NCCL INFO Channel 08/1 : 46[2] -> 0[0] via P2P/MNNVL
node23D400667:1242:2622 [3] NCCL INFO Channel 08/1 : 47[3] -> 0[0] via P2P/MNNVL
node23D400667:1239:2620 [0] NCCL INFO Channel 07/1 : 44[0] -> 0[0] via P2P/MNNVL
node23D400667:1240:2619 [1] NCCL INFO Channel 07/1 : 45[1] -> 0[0] via P2P/MNNVL
node23D400667:1242:2622 [3] NCCL INFO Channel 09/1 : 47[3] -> 0[0] via P2P/MNNVL
node23D400667:1241:2621 [2] NCCL INFO Channel 09/1 : 46[2] -> 0[0] via P2P/MNNVL
node23D400667:1239:2620 [0] NCCL INFO Channel 08/1 : 44[0] -> 0[0] via P2P/MNNVL
node23D400667:1240:2619 [1] NCCL INFO Channel 08/1 : 45[1] -> 0[0] via P2P/MNNVL
node23D400667:1241:2621 [2] NCCL INFO Channel 10/1 : 46[2] -> 0[0] via P2P/MNNVL
node23D400667:1240:2619 [1] NCCL INFO Channel 09/1 : 45[1] -> 0[0] via P2P/MNNVL
node23D400667:1242:2622 [3] NCCL INFO Channel 10/1 : 47[3] -> 0[0] via P2P/MNNVL
node23D400667:1239:2620 [0] NCCL INFO Channel 09/1 : 44[0] -> 0[0] via P2P/MNNVL
node23D400667:1241:2621 [2] NCCL INFO Channel 11/1 : 46[2] -> 0[0] via P2P/MNNVL
node23D400667:1241:2621 [2] NCCL INFO Channel 12/1 : 46[2] -> 0[0] via P2P/MNNVL
node23D400667:1239:2620 [0] NCCL INFO Channel 10/1 : 44[0] -> 0[0] via P2P/MNNVL
node23D400667:1242:2622 [3] NCCL INFO Channel 11/1 : 47[3] -> 0[0] via P2P/MNNVL
node23D400667:1240:2619 [1] NCCL INFO Channel 10/1 : 45[1] -> 0[0] via P2P/MNNVL
node23D400667:1240:2619 [1] NCCL INFO Channel 11/1 : 45[1] -> 0[0] via P2P/MNNVL
node23D400667:1239:2620 [0] NCCL INFO Channel 11/1 : 44[0] -> 0[0] via P2P/MNNVL
node23D400667:1241:2621 [2] NCCL INFO Channel 13/1 : 46[2] -> 0[0] via P2P/MNNVL
