node23D400660:1241:2102 [2] NCCL INFO P2P Chunksize set to 524288
node23D400660:1241:2106 [2] NCCL INFO [Proxy Service] Device 2 CPU core 73
node23D400660:1241:2107 [2] NCCL INFO [Proxy Service UDS] Device 2 CPU core 75
node23D400660:1241:2102 [2] NCCL INFO threadThresholds 8/8/64 | 32/8/64 | 512 | 512
node23D400660:1241:2102 [2] NCCL INFO 32 coll channels, 32 collnet channels, 0 nvls channels, 32 p2p channels, 32 p2p channels per peer
node23D400660:1241:2102 [2] NCCL INFO ncclCommInitRankConfig comm 0x5e88b590 rank 3 nranks 4 cudaDev 2 nvmlDev 2 busId 1801000 commId 0x43fcf05696cebd85 - Init COMPLETE
node23D400660:1241:2102 [2] NCCL INFO Init timings - ncclCommInitRankConfig: rank 3 nranks 4 total 0.73 (kernels 0.00, alloc 0.00, bootstrap 0.00, allgathers 0.01, topo 0.67, graphs 0.00, connections 0.03, rest 0.02)
node23D400660:1242:2103 [3] NCCL INFO Setting affinity for GPU 3 to 72-143
node23D400660:1242:2103 [3] NCCL INFO comm 0x4a92a2a0 rank 3 nRanks 4 nNodes 1 localRanks 4 localRank 3 MNNVL 1
node23D400660:1242:2103 [3] NCCL INFO Trees [0] -1/-1/-1->3->2 [1] -1/-1/-1->3->2 [2] -1/-1/-1->3->2 [3] -1/-1/-1->3->2 [4] -1/-1/-1->3->2 [5] -1/-1/-1->3->2 [6] -1/-1/-1->3->2 [7] -1/-1/-1->3->2 [8] -1/-1/-1->3->2 [9] -1/-1/-1->3->2 [10] 0/-1/-1->3->2 [11] 0/-1/-1->3->2 [12] 0/-1/-1->3->2 [13] 0/-1/-1->3->2 [14] 0/-1/-1->3->-1 [15] 0/-1/-1->3->-1 [16] -1/-1/-1->3->2 [17] -1/-1/-1->3->2 [18] -1/-1/-1->3->2 [19] -1/-1/-1->3->2 [20] -1/-1/-1->3->2 [21] -1/-1/-1->3->2 [22] -1/-1/-1->3->2 [23] -1/-1/-1->3->2 [24] -1/-1/-1->3->2 [25] -1/-1/-1->3->2 [26] 0/-1/-1->3->2 [27] 0/-1/-1->3->2 [28] 0/-1/-1->3->2 [29] 0/-1/-1->3->2 [30] 0/-1/-1->3->-1 [31] 0/-1/-1->3->-1
node23D400660:1242:2103 [3] NCCL INFO P2P Chunksize set to 524288
node23D400660:1242:2109 [3] NCCL INFO [Proxy Service] Device 3 CPU core 76
node23D400660:1242:2110 [3] NCCL INFO [Proxy Service UDS] Device 3 CPU core 78
node23D400660:1240:2104 [1] NCCL INFO Setting affinity for GPU 1 to 0-71
node23D400660:1240:2104 [1] NCCL INFO comm 0x48058050 rank 3 nRanks 4 nNodes 1 localRanks 4 localRank 3 MNNVL 1
node23D400660:1240:2104 [1] NCCL INFO Trees [0] -1/-1/-1->3->2 [1] -1/-1/-1->3->2 [2] -1/-1/-1->3->2 [3] -1/-1/-1->3->2 [4] -1/-1/-1->3->2 [5] -1/-1/-1->3->2 [6] -1/-1/-1->3->2 [7] -1/-1/-1->3->2 [8] -1/-1/-1->3->2 [9] -1/-1/-1->3->2 [10] 0/-1/-1->3->2 [11] 0/-1/-1->3->2 [12] 0/-1/-1->3->2 [13] 0/-1/-1->3->2 [14] 0/-1/-1->3->-1 [15] 0/-1/-1->3->-1 [16] -1/-1/-1->3->2 [17] -1/-1/-1->3->2 [18] -1/-1/-1->3->2 [19] -1/-1/-1->3->2 [20] -1/-1/-1->3->2 [21] -1/-1/-1->3->2 [22] -1/-1/-1->3->2 [23] -1/-1/-1->3->2 [24] -1/-1/-1->3->2 [25] -1/-1/-1->3->2 [26] 0/-1/-1->3->2 [27] 0/-1/-1->3->2 [28] 0/-1/-1->3->2 [29] 0/-1/-1->3->2 [30] 0/-1/-1->3->-1 [31] 0/-1/-1->3->-1
node23D400660:1240:2104 [1] NCCL INFO P2P Chunksize set to 524288
node23D400660:1240:2111 [1] NCCL INFO [Proxy Service] Device 1 CPU core 14
node23D400660:1240:2112 [1] NCCL INFO [Proxy Service UDS] Device 1 CPU core 15
node23D400660:1239:2105 [0] NCCL INFO Setting affinity for GPU 0 to 0-71
node23D400660:1239:2105 [0] NCCL INFO comm 0x2c18bd30 rank 3 nRanks 4 nNodes 1 localRanks 4 localRank 3 MNNVL 1
node23D400660:1239:2105 [0] NCCL INFO Trees [0] -1/-1/-1->3->2 [1] -1/-1/-1->3->2 [2] -1/-1/-1->3->2 [3] -1/-1/-1->3->2 [4] -1/-1/-1->3->2 [5] -1/-1/-1->3->2 [6] -1/-1/-1->3->2 [7] -1/-1/-1->3->2 [8] -1/-1/-1->3->2 [9] -1/-1/-1->3->2 [10] 0/-1/-1->3->2 [11] 0/-1/-1->3->2 [12] 0/-1/-1->3->2 [13] 0/-1/-1->3->2 [14] 0/-1/-1->3->-1 [15] 0/-1/-1->3->-1 [16] -1/-1/-1->3->2 [17] -1/-1/-1->3->2 [18] -1/-1/-1->3->2 [19] -1/-1/-1->3->2 [20] -1/-1/-1->3->2 [21] -1/-1/-1->3->2 [22] -1/-1/-1->3->2 [23] -1/-1/-1->3->2 [24] -1/-1/-1->3->2 [25] -1/-1/-1->3->2 [26] 0/-1/-1->3->2 [27] 0/-1/-1->3->2 [28] 0/-1/-1->3->2 [29] 0/-1/-1->3->2 [30] 0/-1/-1->3->-1 [31] 0/-1/-1->3->-1
node23D400660:1239:2105 [0] NCCL INFO P2P Chunksize set to 524288
node23D400660:1239:2113 [0] NCCL INFO [Proxy Service] Device 0 CPU core 25
node23D400660:1239:2114 [0] NCCL INFO [Proxy Service UDS] Device 0 CPU core 26
node23D400660:1242:2103 [3] NCCL INFO threadThresholds 8/8/64 | 32/8/64 | 512 | 512
node23D400660:1242:2103 [3] NCCL INFO 32 coll channels, 32 collnet channels, 0 nvls channels, 32 p2p channels, 32 p2p channels per peer
node23D400660:1240:2104 [1] NCCL INFO threadThresholds 8/8/64 | 32/8/64 | 512 | 512
node23D400660:1240:2104 [1] NCCL INFO 32 coll channels, 32 collnet channels, 0 nvls channels, 32 p2p channels, 32 p2p channels per peer
node23D400660:1239:2105 [0] NCCL INFO threadThresholds 8/8/64 | 32/8/64 | 512 | 512
node23D400660:1239:2105 [0] NCCL INFO 32 coll channels, 32 collnet channels, 0 nvls channels, 32 p2p channels, 32 p2p channels per peer
node23D400660:1242:2103 [3] NCCL INFO ncclCommInitRankConfig comm 0x4a92a2a0 rank 3 nranks 4 cudaDev 3 nvmlDev 3 busId 1901000 commId 0xb26d1dc2164784e7 - Init COMPLETE
node23D400660:1242:2103 [3] NCCL INFO Init timings - ncclCommInitRankConfig: rank 3 nranks 4 total 0.93 (kernels 0.00, alloc 0.00, bootstrap 0.00, allgathers 0.03, topo 0.68, graphs 0.01, connections 0.05, rest 0.16)
node23D400660:1240:2104 [1] NCCL INFO ncclCommInitRankConfig comm 0x48058050 rank 3 nranks 4 cudaDev 1 nvmlDev 1 busId 901000 commId 0x78f0a526966a3654 - Init COMPLETE
node23D400660:1240:2104 [1] NCCL INFO Init timings - ncclCommInitRankConfig: rank 3 nranks 4 total 1.18 (kernels 0.00, alloc 0.00, bootstrap 0.00, allgathers 0.01, topo 0.80, graphs 0.00, connections 0.07, rest 0.30)
node23D400660:1239:2105 [0] NCCL INFO ncclCommInitRankConfig comm 0x2c18bd30 rank 3 nranks 4 cudaDev 0 nvmlDev 0 busId 801000 commId 0x54e7e7ac76db0475 - Init COMPLETE
node23D400660:1239:2105 [0] NCCL INFO Init timings - ncclCommInitRankConfig: rank 3 nranks 4 total 1.24 (kernels 0.00, alloc 0.00, bootstrap 0.00, allgathers 0.01, topo 0.73, graphs 0.00, connections 0.06, rest 0.44)
node23D400660:1239:1239 [0] NCCL INFO Comm config Blocking set to 1
node23D400660:1239:2119 [0] NCCL INFO Assigned NET plugin Socket to comm
node23D400660:1239:2119 [0] NCCL INFO Using network Socket
node23D400660:1239:2119 [0] NCCL INFO ncclCommInitRankConfig comm 0x2c2a3950 rank 0 nranks 8 cudaDev 0 nvmlDev 0 busId 801000 commId 0x9b693daef97b1b94 - Init START
node23D400660:1240:1240 [1] NCCL INFO Comm config Blocking set to 1
node23D400660:1240:2120 [1] NCCL INFO Assigned NET plugin Socket to comm
node23D400660:1240:2120 [1] NCCL INFO Using network Socket
node23D400660:1240:2120 [1] NCCL INFO ncclCommInitRankConfig comm 0x4816fc70 rank 1 nranks 8 cudaDev 1 nvmlDev 1 busId 901000 commId 0x9b693daef97b1b94 - Init START
node23D400660:1242:1242 [3] NCCL INFO Comm config Blocking set to 1
node23D400660:1241:1241 [2] NCCL INFO Comm config Blocking set to 1
node23D400660:1242:2121 [3] NCCL INFO Assigned NET plugin Socket to comm
node23D400660:1242:2121 [3] NCCL INFO Using network Socket
node23D400660:1241:2122 [2] NCCL INFO Assigned NET plugin Socket to comm
node23D400660:1241:2122 [2] NCCL INFO Using network Socket
node23D400660:1241:2122 [2] NCCL INFO ncclCommInitRankConfig comm 0x5e9a31b0 rank 2 nranks 8 cudaDev 2 nvmlDev 2 busId 1801000 commId 0x9b693daef97b1b94 - Init START
node23D400660:1242:2121 [3] NCCL INFO ncclCommInitRankConfig comm 0x4aa41ec0 rank 3 nranks 8 cudaDev 3 nvmlDev 3 busId 1901000 commId 0x9b693daef97b1b94 - Init START
node23D400660:1242:2121 [3] NCCL INFO Bootstrap timings total 0.000739 (create 0.000029, send 0.000091, recv 0.000145, ring 0.000324, delay 0.000000)
node23D400660:1241:2122 [2] NCCL INFO Bootstrap timings total 0.000819 (create 0.000030, send 0.000109, recv 0.000085, ring 0.000485, delay 0.000000)
node23D400660:1240:2120 [1] NCCL INFO Bootstrap timings total 0.004145 (create 0.000044, send 0.000135, recv 0.003332, ring 0.000519, delay 0.000000)
node23D400660:1239:2119 [0] NCCL INFO Bootstrap timings total 0.319382 (create 0.000035, send 0.000120, recv 0.315298, ring 0.003779, delay 0.000000)
node23D400660:1240:2120 [1] NCCL INFO MNNVL busId 0x901000 fabric UUID aa48724aeeaad6a8.b34b901796a1c18d cliqueId 0x7ffe state 3 healthMask 0xaa
node23D400660:1239:2119 [0] NCCL INFO MNNVL busId 0x801000 fabric UUID aa48724aeeaad6a8.b34b901796a1c18d cliqueId 0x7ffe state 3 healthMask 0xaa
node23D400660:1241:2122 [2] NCCL INFO MNNVL busId 0x1801000 fabric UUID aa48724aeeaad6a8.b34b901796a1c18d cliqueId 0x7ffe state 3 healthMask 0xaa
node23D400660:1242:2121 [3] NCCL INFO MNNVL busId 0x1901000 fabric UUID aa48724aeeaad6a8.b34b901796a1c18d cliqueId 0x7ffe state 3 healthMask 0xaa
node23D400660:1241:2122 [2] NCCL INFO MNNVL 1 cliqueId 7ffe cliqueSize 8 cliqueRank 2
node23D400660:1242:2121 [3] NCCL INFO MNNVL 1 cliqueId 7ffe cliqueSize 8 cliqueRank 3
node23D400660:1239:2119 [0] NCCL INFO MNNVL 1 cliqueId 7ffe cliqueSize 8 cliqueRank 0
node23D400660:1240:2120 [1] NCCL INFO MNNVL 1 cliqueId 7ffe cliqueSize 8 cliqueRank 1
node23D400660:1242:2121 [3] NCCL INFO Setting affinity for GPU 3 to 72-143
node23D400660:1241:2122 [2] NCCL INFO Setting affinity for GPU 2 to 72-143
node23D400660:1240:2120 [1] NCCL INFO Setting affinity for GPU 1 to 0-71
node23D400660:1239:2119 [0] NCCL INFO Setting affinity for GPU 0 to 0-71
node23D400660:1240:2120 [1] NCCL INFO comm 0x4816fc70 rank 1 nRanks 8 nNodes 1 localRanks 8 localRank 1 MNNVL 1
node23D400660:1241:2122 [2] NCCL INFO comm 0x5e9a31b0 rank 2 nRanks 8 nNodes 1 localRanks 8 localRank 2 MNNVL 1
node23D400660:1242:2121 [3] NCCL INFO comm 0x4aa41ec0 rank 3 nRanks 8 nNodes 1 localRanks 8 localRank 3 MNNVL 1
node23D400660:1240:2120 [1] NCCL INFO Trees [0] 2/-1/-1->1->0 [1] 2/-1/-1->1->0 [2] 2/-1/-1->1->0 [3] 2/-1/-1->1->0 [4] 2/-1/-1->1->0 [5] 2/-1/-1->1->0 [6] 2/-1/-1->1->0 [7] 2/-1/-1->1->0 [8] 2/-1/-1->1->0 [9] 2/-1/-1->1->0 [10] 2/-1/-1->1->0 [11] 2/-1/-1->1->0 [12] 2/-1/-1->1->0 [13] 2/-1/-1->1->0 [14] 2/-1/-1->1->0 [15] 2/-1/-1->1->0 [16] 2/-1/-1->1->0 [17] 2/-1/-1->1->0 [18] 2/-1/-1->1->0 [19] 2/-1/-1->1->0 [20] 2/-1/-1->1->0 [21] 2/-1/-1->1->0 [22] 2/-1/-1->1->0 [23] 2/-1/-1->1->0 [24] 2/-1/-1->1->0 [25] 2/-1/-1->1->0 [26] 2/-1/-1->1->0 [27] 2/-1/-1->1->0 [28] 2/-1/-1->1->0 [29] 2/-1/-1->1->0 [30] 2/-1/-1->1->0 [31] 2/-1/-1->1->0
node23D400660:1240:2120 [1] NCCL INFO P2P Chunksize set to 524288
node23D400660:1241:2122 [2] NCCL INFO Trees [0] 3/-1/-1->2->1 [1] 3/-1/-1->2->1 [2] 3/-1/-1->2->1 [3] 3/-1/-1->2->1 [4] 3/-1/-1->2->1 [5] 3/-1/-1->2->1 [6] 3/-1/-1->2->1 [7] 3/-1/-1->2->1 [8] 3/-1/-1->2->1 [9] 3/-1/-1->2->1 [10] 3/-1/-1->2->1 [11] 3/-1/-1->2->1 [12] 3/-1/-1->2->1 [13] 3/-1/-1->2->1 [14] 3/-1/-1->2->1 [15] 3/-1/-1->2->1 [16] 3/-1/-1->2->1 [17] 3/-1/-1->2->1 [18] 3/-1/-1->2->1 [19] 3/-1/-1->2->1 [20] 3/-1/-1->2->1 [21] 3/-1/-1->2->1 [22] 3/-1/-1->2->1 [23] 3/-1/-1->2->1 [24] 3/-1/-1->2->1 [25] 3/-1/-1->2->1 [26] 3/-1/-1->2->1 [27] 3/-1/-1->2->1 [28] 3/-1/-1->2->1 [29] 3/-1/-1->2->1 [30] 3/-1/-1->2->1 [31] 3/-1/-1->2->1
node23D400660:1241:2122 [2] NCCL INFO P2P Chunksize set to 524288
node23D400660:1242:2121 [3] NCCL INFO Trees [0] 4/-1/-1->3->2 [1] 4/-1/-1->3->2 [2] 4/-1/-1->3->2 [3] 4/-1/-1->3->2 [4] 4/-1/-1->3->2 [5] 4/-1/-1->3->2 [6] 4/-1/-1->3->2 [7] 4/-1/-1->3->2 [8] 4/-1/-1->3->2 [9] 4/-1/-1->3->2 [10] 4/-1/-1->3->2 [11] 4/-1/-1->3->2 [12] 4/-1/-1->3->2 [13] 4/-1/-1->3->2 [14] 4/-1/-1->3->2 [15] 4/-1/-1->3->2 [16] 4/-1/-1->3->2 [17] 4/-1/-1->3->2 [18] 4/-1/-1->3->2 [19] 4/-1/-1->3->2 [20] 4/-1/-1->3->2 [21] 4/-1/-1->3->2 [22] 4/-1/-1->3->2 [23] 4/-1/-1->3->2 [24] 4/-1/-1->3->2 [25] 4/-1/-1->3->2 [26] 4/-1/-1->3->2 [27] 4/-1/-1->3->2 [28] 4/-1/-1->3->2 [29] 4/-1/-1->3->2 [30] 4/-1/-1->3->2 [31] 4/-1/-1->3->2
node23D400660:1242:2121 [3] NCCL INFO P2P Chunksize set to 524288
node23D400660:1239:2119 [0] NCCL INFO comm 0x2c2a3950 rank 0 nRanks 8 nNodes 1 localRanks 8 localRank 0 MNNVL 1
node23D400660:1239:2119 [0] NCCL INFO Channel 00/32 : 0 1 2 3 4 5 6 7
node23D400660:1239:2119 [0] NCCL INFO Channel 01/32 : 0 1 2 3 4 5 6 7
node23D400660:1239:2119 [0] NCCL INFO Channel 02/32 : 0 1 2 3 4 5 6 7
node23D400660:1239:2119 [0] NCCL INFO Channel 03/32 : 0 1 2 3 4 5 6 7
node23D400660:1239:2119 [0] NCCL INFO Channel 04/32 : 0 1 2 3 4 5 6 7
node23D400660:1239:2119 [0] NCCL INFO Channel 05/32 : 0 1 2 3 4 5 6 7
node23D400660:1239:2119 [0] NCCL INFO Channel 06/32 : 0 1 2 3 4 5 6 7
node23D400660:1239:2119 [0] NCCL INFO Channel 07/32 : 0 1 2 3 4 5 6 7
node23D400660:1239:2119 [0] NCCL INFO Channel 08/32 : 0 1 2 3 4 5 6 7
node23D400660:1239:2119 [0] NCCL INFO Channel 09/32 : 0 1 2 3 4 5 6 7
node23D400660:1239:2119 [0] NCCL INFO Channel 10/32 : 0 1 2 3 4 5 6 7
node23D400660:1239:2119 [0] NCCL INFO Channel 11/32 : 0 1 2 3 4 5 6 7
node23D400660:1239:2119 [0] NCCL INFO Channel 12/32 : 0 1 2 3 4 5 6 7
node23D400660:1239:2119 [0] NCCL INFO Channel 13/32 : 0 1 2 3 4 5 6 7
node23D400660:1239:2119 [0] NCCL INFO Channel 14/32 : 0 1 2 3 4 5 6 7
node23D400660:1239:2119 [0] NCCL INFO Channel 15/32 : 0 1 2 3 4 5 6 7
node23D400660:1239:2119 [0] NCCL INFO Channel 16/32 : 0 1 2 3 4 5 6 7
node23D400660:1239:2119 [0] NCCL INFO Channel 17/32 : 0 1 2 3 4 5 6 7
node23D400660:1239:2119 [0] NCCL INFO Channel 18/32 : 0 1 2 3 4 5 6 7
node23D400660:1239:2119 [0] NCCL INFO Channel 19/32 : 0 1 2 3 4 5 6 7
node23D400660:1239:2119 [0] NCCL INFO Channel 20/32 : 0 1 2 3 4 5 6 7
node23D400660:1239:2119 [0] NCCL INFO Channel 21/32 : 0 1 2 3 4 5 6 7
node23D400660:1239:2119 [0] NCCL INFO Channel 22/32 : 0 1 2 3 4 5 6 7
node23D400660:1239:2119 [0] NCCL INFO Channel 23/32 : 0 1 2 3 4 5 6 7
node23D400660:1239:2119 [0] NCCL INFO Channel 24/32 : 0 1 2 3 4 5 6 7
node23D400660:1239:2119 [0] NCCL INFO Channel 25/32 : 0 1 2 3 4 5 6 7
node23D400660:1239:2119 [0] NCCL INFO Channel 26/32 : 0 1 2 3 4 5 6 7
node23D400660:1239:2119 [0] NCCL INFO Channel 27/32 : 0 1 2 3 4 5 6 7
node23D400660:1239:2119 [0] NCCL INFO Channel 28/32 : 0 1 2 3 4 5 6 7
node23D400660:1239:2119 [0] NCCL INFO Channel 29/32 : 0 1 2 3 4 5 6 7
node23D400660:1239:2119 [0] NCCL INFO Channel 30/32 : 0 1 2 3 4 5 6 7
node23D400660:1239:2119 [0] NCCL INFO Channel 31/32 : 0 1 2 3 4 5 6 7
node23D400660:1239:2119 [0] NCCL INFO Trees [0] 1/-1/-1->0->-1 [1] 1/-1/-1->0->-1 [2] 1/-1/-1->0->-1 [3] 1/-1/-1->0->-1 [4] 1/-1/-1->0->-1 [5] 1/-1/-1->0->-1 [6] 1/-1/-1->0->-1 [7] 1/-1/-1->0->-1 [8] 1/-1/-1->0->-1 [9] 1/-1/-1->0->-1 [10] 1/-1/-1->0->-1 [11] 1/-1/-1->0->-1 [12] 1/-1/-1->0->-1 [13] 1/-1/-1->0->-1 [14] 1/-1/-1->0->-1 [15] 1/-1/-1->0->-1 [16] 1/-1/-1->0->-1 [17] 1/-1/-1->0->-1 [18] 1/-1/-1->0->-1 [19] 1/-1/-1->0->-1 [20] 1/-1/-1->0->-1 [21] 1/-1/-1->0->-1 [22] 1/-1/-1->0->-1 [23] 1/-1/-1->0->-1 [24] 1/-1/-1->0->-1 [25] 1/-1/-1->0->-1 [26] 1/-1/-1->0->-1 [27] 1/-1/-1->0->-1 [28] 1/-1/-1->0->-1 [29] 1/-1/-1->0->-1 [30] 1/-1/-1->0->-1 [31] 1/-1/-1->0->-1
node23D400660:1239:2119 [0] NCCL INFO P2P Chunksize set to 524288
node23D400660:1239:2119 [0] NCCL INFO Check P2P Type isAllDirectP2p 1 directMode 0
node23D400660:1240:2123 [1] NCCL INFO [Proxy Service] Device 1 CPU core 16
node23D400660:1242:2124 [3] NCCL INFO [Proxy Service] Device 3 CPU core 76
node23D400660:1240:2125 [1] NCCL INFO [Proxy Service UDS] Device 1 CPU core 17
node23D400660:1239:2127 [0] NCCL INFO [Proxy Service] Device 0 CPU core 67
node23D400660:1242:2128 [3] NCCL INFO [Proxy Service UDS] Device 3 CPU core 78
node23D400660:1241:2126 [2] NCCL INFO [Proxy Service] Device 2 CPU core 80
node23D400660:1241:2129 [2] NCCL INFO [Proxy Service UDS] Device 2 CPU core 81
node23D400660:1239:2130 [0] NCCL INFO [Proxy Service UDS] Device 0 CPU core 69
node23D400660:1239:2119 [0] NCCL INFO threadThresholds 8/8/64 | 64/8/64 | 512 | 512
node23D400660:1239:2119 [0] NCCL INFO 32 coll channels, 32 collnet channels, 0 nvls channels, 32 p2p channels, 32 p2p channels per peer
node23D400660:1239:2119 [0] NCCL INFO CC Off, workFifoBytes 1048576
node23D400660:1240:2120 [1] NCCL INFO threadThresholds 8/8/64 | 64/8/64 | 512 | 512
node23D400660:1240:2120 [1] NCCL INFO 32 coll channels, 32 collnet channels, 0 nvls channels, 32 p2p channels, 32 p2p channels per peer
node23D400660:1241:2122 [2] NCCL INFO threadThresholds 8/8/64 | 64/8/64 | 512 | 512
node23D400660:1241:2122 [2] NCCL INFO 32 coll channels, 32 collnet channels, 0 nvls channels, 32 p2p channels, 32 p2p channels per peer
node23D400660:1242:2121 [3] NCCL INFO threadThresholds 8/8/64 | 64/8/64 | 512 | 512
node23D400660:1242:2121 [3] NCCL INFO 32 coll channels, 32 collnet channels, 0 nvls channels, 32 p2p channels, 32 p2p channels per peer
node23D400660:1239:2119 [0] NCCL INFO ncclCommInitRankConfig comm 0x2c2a3950 rank 0 nranks 8 cudaDev 0 nvmlDev 0 busId 801000 commId 0x9b693daef97b1b94 - Init COMPLETE
node23D400660:1239:2119 [0] NCCL INFO Init timings - ncclCommInitRankConfig: rank 0 nranks 8 total 1.28 (kernels 0.00, alloc 0.00, bootstrap 0.32, allgathers 0.00, topo 0.80, graphs 0.00, connections 0.15, rest 0.01)
node23D400660:1241:2122 [2] NCCL INFO ncclCommInitRankConfig comm 0x5e9a31b0 rank 2 nranks 8 cudaDev 2 nvmlDev 2 busId 1801000 commId 0x9b693daef97b1b94 - Init COMPLETE
node23D400660:1240:2120 [1] NCCL INFO ncclCommInitRankConfig comm 0x4816fc70 rank 1 nranks 8 cudaDev 1 nvmlDev 1 busId 901000 commId 0x9b693daef97b1b94 - Init COMPLETE
node23D400660:1241:2122 [2] NCCL INFO Init timings - ncclCommInitRankConfig: rank 2 nranks 8 total 0.96 (kernels 0.00, alloc 0.00, bootstrap 0.00, allgathers 0.02, topo 0.78, graphs 0.00, connections 0.15, rest 0.01)
node23D400660:1240:2120 [1] NCCL INFO Init timings - ncclCommInitRankConfig: rank 1 nranks 8 total 1.21 (kernels 0.00, alloc 0.24, bootstrap 0.00, allgathers 0.02, topo 0.78, graphs 0.00, connections 0.15, rest 0.01)
node23D400660:1242:2121 [3] NCCL INFO ncclCommInitRankConfig comm 0x4aa41ec0 rank 3 nranks 8 cudaDev 3 nvmlDev 3 busId 1901000 commId 0x9b693daef97b1b94 - Init COMPLETE
node23D400660:1242:2121 [3] NCCL INFO Init timings - ncclCommInitRankConfig: rank 3 nranks 8 total 0.96 (kernels 0.00, alloc 0.00, bootstrap 0.00, allgathers 0.04, topo 0.76, graphs 0.00, connections 0.15, rest 0.00)
node23D400660:1240:2132 [1] NCCL INFO Channel 00/0 : 1[1] -> 2[2] via P2P/MNNVL
node23D400660:1240:2132 [1] NCCL INFO Channel 01/0 : 1[1] -> 2[2] via P2P/MNNVL
node23D400660:1240:2132 [1] NCCL INFO Channel 02/0 : 1[1] -> 2[2] via P2P/MNNVL
node23D400660:1240:2132 [1] NCCL INFO Channel 03/0 : 1[1] -> 2[2] via P2P/MNNVL
node23D400660:1239:2131 [0] NCCL INFO Channel 00/0 : 0[0] -> 1[1] via P2P/MNNVL
node23D400660:1240:2132 [1] NCCL INFO Channel 04/0 : 1[1] -> 2[2] via P2P/MNNVL
node23D400660:1240:2132 [1] NCCL INFO Channel 05/0 : 1[1] -> 2[2] via P2P/MNNVL
node23D400660:1239:2131 [0] NCCL INFO Channel 01/0 : 0[0] -> 1[1] via P2P/MNNVL
node23D400660:1239:2131 [0] NCCL INFO Channel 02/0 : 0[0] -> 1[1] via P2P/MNNVL
node23D400660:1240:2132 [1] NCCL INFO Channel 06/0 : 1[1] -> 2[2] via P2P/MNNVL
node23D400660:1239:2131 [0] NCCL INFO Channel 03/0 : 0[0] -> 1[1] via P2P/MNNVL
node23D400660:1239:2131 [0] NCCL INFO Channel 04/0 : 0[0] -> 1[1] via P2P/MNNVL
node23D400660:1240:2132 [1] NCCL INFO Channel 07/0 : 1[1] -> 2[2] via P2P/MNNVL
node23D400660:1239:2131 [0] NCCL INFO Channel 05/0 : 0[0] -> 1[1] via P2P/MNNVL
node23D400660:1240:2132 [1] NCCL INFO Channel 08/0 : 1[1] -> 2[2] via P2P/MNNVL
node23D400660:1239:2131 [0] NCCL INFO Channel 06/0 : 0[0] -> 1[1] via P2P/MNNVL
node23D400660:1241:2133 [2] NCCL INFO Channel 00/0 : 2[2] -> 3[3] via P2P/MNNVL
node23D400660:1242:2134 [3] NCCL INFO Channel 00/0 : 3[3] -> 4[0] via P2P/MNNVL
node23D400660:1239:2131 [0] NCCL INFO Channel 07/0 : 0[0] -> 1[1] via P2P/MNNVL
node23D400660:1240:2132 [1] NCCL INFO Channel 09/0 : 1[1] -> 2[2] via P2P/MNNVL
node23D400660:1242:2134 [3] NCCL INFO Channel 01/0 : 3[3] -> 4[0] via P2P/MNNVL
node23D400660:1241:2133 [2] NCCL INFO Channel 01/0 : 2[2] -> 3[3] via P2P/MNNVL
node23D400660:1239:2131 [0] NCCL INFO Channel 08/0 : 0[0] -> 1[1] via P2P/MNNVL
node23D400660:1240:2132 [1] NCCL INFO Channel 10/0 : 1[1] -> 2[2] via P2P/MNNVL
node23D400660:1240:2132 [1] NCCL INFO Channel 11/0 : 1[1] -> 2[2] via P2P/MNNVL
node23D400660:1241:2133 [2] NCCL INFO Channel 02/0 : 2[2] -> 3[3] via P2P/MNNVL
node23D400660:1239:2131 [0] NCCL INFO Channel 09/0 : 0[0] -> 1[1] via P2P/MNNVL
node23D400660:1242:2134 [3] NCCL INFO Channel 02/0 : 3[3] -> 4[0] via P2P/MNNVL
node23D400660:1241:2133 [2] NCCL INFO Channel 03/0 : 2[2] -> 3[3] via P2P/MNNVL
node23D400660:1242:2134 [3] NCCL INFO Channel 03/0 : 3[3] -> 4[0] via P2P/MNNVL
node23D400660:1239:2131 [0] NCCL INFO Channel 10/0 : 0[0] -> 1[1] via P2P/MNNVL
node23D400660:1240:2132 [1] NCCL INFO Channel 12/0 : 1[1] -> 2[2] via P2P/MNNVL
node23D400660:1242:2134 [3] NCCL INFO Channel 04/0 : 3[3] -> 4[0] via P2P/MNNVL
node23D400660:1241:2133 [2] NCCL INFO Channel 04/0 : 2[2] -> 3[3] via P2P/MNNVL
node23D400660:1239:2131 [0] NCCL INFO Channel 11/0 : 0[0] -> 1[1] via P2P/MNNVL
node23D400660:1242:2134 [3] NCCL INFO Channel 05/0 : 3[3] -> 4[0] via P2P/MNNVL
node23D400660:1241:2133 [2] NCCL INFO Channel 05/0 : 2[2] -> 3[3] via P2P/MNNVL
node23D400660:1240:2132 [1] NCCL INFO Channel 13/0 : 1[1] -> 2[2] via P2P/MNNVL
node23D400660:1239:2131 [0] NCCL INFO Channel 12/0 : 0[0] -> 1[1] via P2P/MNNVL
node23D400660:1240:2132 [1] NCCL INFO Channel 14/0 : 1[1] -> 2[2] via P2P/MNNVL
node23D400660:1242:2134 [3] NCCL INFO Channel 06/0 : 3[3] -> 4[0] via P2P/MNNVL
node23D400660:1241:2133 [2] NCCL INFO Channel 06/0 : 2[2] -> 3[3] via P2P/MNNVL
node23D400660:1239:2131 [0] NCCL INFO Channel 13/0 : 0[0] -> 1[1] via P2P/MNNVL
node23D400660:1240:2132 [1] NCCL INFO Channel 15/0 : 1[1] -> 2[2] via P2P/MNNVL
node23D400660:1242:2134 [3] NCCL INFO Channel 07/0 : 3[3] -> 4[0] via P2P/MNNVL
node23D400660:1241:2133 [2] NCCL INFO Channel 07/0 : 2[2] -> 3[3] via P2P/MNNVL
node23D400660:1240:2132 [1] NCCL INFO Channel 16/0 : 1[1] -> 2[2] via P2P/MNNVL
node23D400660:1239:2131 [0] NCCL INFO Channel 14/0 : 0[0] -> 1[1] via P2P/MNNVL
node23D400660:1241:2133 [2] NCCL INFO Channel 08/0 : 2[2] -> 3[3] via P2P/MNNVL
node23D400660:1242:2134 [3] NCCL INFO Channel 08/0 : 3[3] -> 4[0] via P2P/MNNVL
node23D400660:1240:2132 [1] NCCL INFO Channel 17/0 : 1[1] -> 2[2] via P2P/MNNVL
node23D400660:1239:2131 [0] NCCL INFO Channel 15/0 : 0[0] -> 1[1] via P2P/MNNVL
node23D400660:1240:2132 [1] NCCL INFO Channel 18/0 : 1[1] -> 2[2] via P2P/MNNVL
node23D400660:1239:2131 [0] NCCL INFO Channel 16/0 : 0[0] -> 1[1] via P2P/MNNVL
node23D400660:1241:2133 [2] NCCL INFO Channel 09/0 : 2[2] -> 3[3] via P2P/MNNVL
node23D400660:1242:2134 [3] NCCL INFO Channel 09/0 : 3[3] -> 4[0] via P2P/MNNVL
node23D400660:1239:2131 [0] NCCL INFO Channel 17/0 : 0[0] -> 1[1] via P2P/MNNVL
node23D400660:1240:2132 [1] NCCL INFO Channel 19/0 : 1[1] -> 2[2] via P2P/MNNVL
node23D400660:1241:2133 [2] NCCL INFO Channel 10/0 : 2[2] -> 3[3] via P2P/MNNVL
node23D400660:1242:2134 [3] NCCL INFO Channel 10/0 : 3[3] -> 4[0] via P2P/MNNVL
node23D400660:1239:2131 [0] NCCL INFO Channel 18/0 : 0[0] -> 1[1] via P2P/MNNVL
node23D400660:1241:2133 [2] NCCL INFO Channel 11/0 : 2[2] -> 3[3] via P2P/MNNVL
node23D400660:1239:2131 [0] NCCL INFO Channel 19/0 : 0[0] -> 1[1] via P2P/MNNVL
node23D400660:1240:2132 [1] NCCL INFO Channel 20/0 : 1[1] -> 2[2] via P2P/MNNVL
node23D400660:1242:2134 [3] NCCL INFO Channel 11/0 : 3[3] -> 4[0] via P2P/MNNVL
node23D400660:1241:2133 [2] NCCL INFO Channel 12/0 : 2[2] -> 3[3] via P2P/MNNVL
node23D400660:1240:2132 [1] NCCL INFO Channel 21/0 : 1[1] -> 2[2] via P2P/MNNVL
node23D400660:1239:2131 [0] NCCL INFO Channel 20/0 : 0[0] -> 1[1] via P2P/MNNVL
node23D400660:1242:2134 [3] NCCL INFO Channel 12/0 : 3[3] -> 4[0] via P2P/MNNVL
node23D400660:1241:2133 [2] NCCL INFO Channel 13/0 : 2[2] -> 3[3] via P2P/MNNVL
node23D400660:1240:2132 [1] NCCL INFO Channel 22/0 : 1[1] -> 2[2] via P2P/MNNVL
node23D400660:1242:2134 [3] NCCL INFO Channel 13/0 : 3[3] -> 4[0] via P2P/MNNVL
node23D400660:1240:2132 [1] NCCL INFO Channel 23/0 : 1[1] -> 2[2] via P2P/MNNVL
node23D400660:1241:2133 [2] NCCL INFO Channel 14/0 : 2[2] -> 3[3] via P2P/MNNVL
node23D400660:1239:2131 [0] NCCL INFO Channel 21/0 : 0[0] -> 1[1] via P2P/MNNVL
node23D400660:1242:2134 [3] NCCL INFO Channel 14/0 : 3[3] -> 4[0] via P2P/MNNVL
node23D400660:1239:2131 [0] NCCL INFO Channel 22/0 : 0[0] -> 1[1] via P2P/MNNVL
node23D400660:1242:2134 [3] NCCL INFO Channel 15/0 : 3[3] -> 4[0] via P2P/MNNVL
node23D400660:1240:2132 [1] NCCL INFO Channel 24/0 : 1[1] -> 2[2] via P2P/MNNVL
node23D400660:1241:2133 [2] NCCL INFO Channel 15/0 : 2[2] -> 3[3] via P2P/MNNVL
node23D400660:1239:2131 [0] NCCL INFO Channel 23/0 : 0[0] -> 1[1] via P2P/MNNVL
node23D400660:1242:2134 [3] NCCL INFO Channel 16/0 : 3[3] -> 4[0] via P2P/MNNVL
node23D400660:1241:2133 [2] NCCL INFO Channel 16/0 : 2[2] -> 3[3] via P2P/MNNVL
node23D400660:1240:2132 [1] NCCL INFO Channel 25/0 : 1[1] -> 2[2] via P2P/MNNVL
node23D400660:1239:2131 [0] NCCL INFO Channel 24/0 : 0[0] -> 1[1] via P2P/MNNVL
node23D400660:1239:2131 [0] NCCL INFO Channel 25/0 : 0[0] -> 1[1] via P2P/MNNVL
node23D400660:1242:2134 [3] NCCL INFO Channel 17/0 : 3[3] -> 4[0] via P2P/MNNVL
node23D400660:1240:2132 [1] NCCL INFO Channel 26/0 : 1[1] -> 2[2] via P2P/MNNVL
node23D400660:1241:2133 [2] NCCL INFO Channel 17/0 : 2[2] -> 3[3] via P2P/MNNVL
node23D400660:1239:2131 [0] NCCL INFO Channel 26/0 : 0[0] -> 1[1] via P2P/MNNVL
node23D400660:1240:2132 [1] NCCL INFO Channel 27/0 : 1[1] -> 2[2] via P2P/MNNVL
node23D400660:1241:2133 [2] NCCL INFO Channel 18/0 : 2[2] -> 3[3] via P2P/MNNVL
node23D400660:1239:2131 [0] NCCL INFO Channel 27/0 : 0[0] -> 1[1] via P2P/MNNVL
node23D400660:1242:2134 [3] NCCL INFO Channel 18/0 : 3[3] -> 4[0] via P2P/MNNVL
node23D400660:1240:2132 [1] NCCL INFO Channel 28/0 : 1[1] -> 2[2] via P2P/MNNVL
node23D400660:1239:2131 [0] NCCL INFO Channel 28/0 : 0[0] -> 1[1] via P2P/MNNVL
node23D400660:1241:2133 [2] NCCL INFO Channel 19/0 : 2[2] -> 3[3] via P2P/MNNVL
node23D400660:1240:2132 [1] NCCL INFO Channel 29/0 : 1[1] -> 2[2] via P2P/MNNVL
node23D400660:1242:2134 [3] NCCL INFO Channel 19/0 : 3[3] -> 4[0] via P2P/MNNVL
node23D400660:1241:2133 [2] NCCL INFO Channel 20/0 : 2[2] -> 3[3] via P2P/MNNVL
node23D400660:1241:2133 [2] NCCL INFO Channel 21/0 : 2[2] -> 3[3] via P2P/MNNVL
node23D400660:1239:2131 [0] NCCL INFO Channel 29/0 : 0[0] -> 1[1] via P2P/MNNVL
node23D400660:1242:2134 [3] NCCL INFO Channel 20/0 : 3[3] -> 4[0] via P2P/MNNVL
node23D400660:1240:2132 [1] NCCL INFO Channel 30/0 : 1[1] -> 2[2] via P2P/MNNVL
node23D400660:1240:2132 [1] NCCL INFO Channel 31/0 : 1[1] -> 2[2] via P2P/MNNVL
node23D400660:1241:2133 [2] NCCL INFO Channel 22/0 : 2[2] -> 3[3] via P2P/MNNVL
node23D400660:1239:2131 [0] NCCL INFO Channel 30/0 : 0[0] -> 1[1] via P2P/MNNVL
node23D400660:1242:2134 [3] NCCL INFO Channel 21/0 : 3[3] -> 4[0] via P2P/MNNVL
node23D400660:1239:2131 [0] NCCL INFO Channel 31/0 : 0[0] -> 1[1] via P2P/MNNVL
node23D400660:1241:2133 [2] NCCL INFO Channel 23/0 : 2[2] -> 3[3] via P2P/MNNVL
node23D400660:1242:2134 [3] NCCL INFO Channel 22/0 : 3[3] -> 4[0] via P2P/MNNVL
node23D400660:1242:2134 [3] NCCL INFO Channel 23/0 : 3[3] -> 4[0] via P2P/MNNVL
node23D400660:1241:2133 [2] NCCL INFO Channel 24/0 : 2[2] -> 3[3] via P2P/MNNVL
node23D400660:1242:2134 [3] NCCL INFO Channel 24/0 : 3[3] -> 4[0] via P2P/MNNVL
node23D400660:1241:2133 [2] NCCL INFO Channel 25/0 : 2[2] -> 3[3] via P2P/MNNVL
node23D400660:1241:2133 [2] NCCL INFO Channel 26/0 : 2[2] -> 3[3] via P2P/MNNVL
node23D400660:1242:2134 [3] NCCL INFO Channel 25/0 : 3[3] -> 4[0] via P2P/MNNVL
node23D400660:1241:2133 [2] NCCL INFO Channel 27/0 : 2[2] -> 3[3] via P2P/MNNVL
node23D400660:1242:2134 [3] NCCL INFO Channel 26/0 : 3[3] -> 4[0] via P2P/MNNVL
node23D400660:1241:2133 [2] NCCL INFO Channel 28/0 : 2[2] -> 3[3] via P2P/MNNVL
node23D400660:1242:2134 [3] NCCL INFO Channel 27/0 : 3[3] -> 4[0] via P2P/MNNVL
node23D400660:1241:2133 [2] NCCL INFO Channel 29/0 : 2[2] -> 3[3] via P2P/MNNVL
node23D400660:1242:2134 [3] NCCL INFO Channel 28/0 : 3[3] -> 4[0] via P2P/MNNVL
node23D400660:1242:2134 [3] NCCL INFO Channel 29/0 : 3[3] -> 4[0] via P2P/MNNVL
node23D400660:1241:2133 [2] NCCL INFO Channel 30/0 : 2[2] -> 3[3] via P2P/MNNVL
node23D400660:1242:2134 [3] NCCL INFO Channel 30/0 : 3[3] -> 4[0] via P2P/MNNVL
node23D400660:1241:2133 [2] NCCL INFO Channel 31/0 : 2[2] -> 3[3] via P2P/MNNVL
node23D400660:1242:2134 [3] NCCL INFO Channel 31/0 : 3[3] -> 4[0] via P2P/MNNVL
node23D400660:1240:2132 [1] NCCL INFO Connected all rings, use ring PXN 0 GDR 1
node23D400660:1239:2131 [0] NCCL INFO Connected all rings, use ring PXN 0 GDR 1
node23D400660:1242:2134 [3] NCCL INFO Connected all rings, use ring PXN 0 GDR 1
node23D400660:1241:2133 [2] NCCL INFO Connected all rings, use ring PXN 0 GDR 1
node23D400660:1240:1240 [1] NCCL INFO Comm config Blocking set to 1
node23D400660:1241:1241 [2] NCCL INFO Comm config Blocking set to 1
node23D400660:1242:1242 [3] NCCL INFO Comm config Blocking set to 1
node23D400660:1240:2138 [1] NCCL INFO Assigned NET plugin Socket to comm
node23D400660:1240:2138 [1] NCCL INFO Using network Socket
node23D400660:1242:2139 [3] NCCL INFO Assigned NET plugin Socket to comm
node23D400660:1241:2140 [2] NCCL INFO Assigned NET plugin Socket to comm
node23D400660:1242:2139 [3] NCCL INFO Using network Socket
node23D400660:1241:2140 [2] NCCL INFO Using network Socket
node23D400660:1240:2138 [1] NCCL INFO ncclCommInitRankConfig comm 0x5389dc70 rank 0 nranks 2 cudaDev 1 nvmlDev 1 busId 901000 commId 0x5a545d590fbb2b89 - Init START
node23D400660:1241:2140 [2] NCCL INFO ncclCommInitRankConfig comm 0x6a0d1540 rank 0 nranks 2 cudaDev 2 nvmlDev 2 busId 1801000 commId 0xd9ae25532bef22d7 - Init START
node23D400660:1242:2139 [3] NCCL INFO ncclCommInitRankConfig comm 0x5616bb60 rank 0 nranks 2 cudaDev 3 nvmlDev 3 busId 1901000 commId 0xcfc92e70bd6382a7 - Init START
node23D400660:1239:1239 [0] NCCL INFO Comm config Blocking set to 1
node23D400660:1239:2142 [0] NCCL INFO Assigned NET plugin Socket to comm
node23D400660:1239:2142 [0] NCCL INFO Using network Socket
node23D400660:1239:2142 [0] NCCL INFO ncclCommInitRankConfig comm 0x379cdba0 rank 0 nranks 2 cudaDev 0 nvmlDev 0 busId 801000 commId 0x3dc98d4ab27a036e - Init START
node23D400660:1240:2138 [1] NCCL INFO Bootstrap timings total 0.003049 (create 0.000031, send 0.000136, recv 0.002219, ring 0.000127, delay 0.000000)
node23D400660:1241:2140 [2] NCCL INFO Bootstrap timings total 0.003004 (create 0.000029, send 0.000096, recv 0.002245, ring 0.000124, delay 0.000000)
node23D400660:1242:2139 [3] NCCL INFO Bootstrap timings total 0.003023 (create 0.000032, send 0.000108, recv 0.002202, ring 0.000084, delay 0.000000)
node23D400660:1239:2142 [0] NCCL INFO Bootstrap timings total 0.000956 (create 0.000031, send 0.000096, recv 0.000351, ring 0.000094, delay 0.000000)
node23D400660:1240:2138 [1] NCCL INFO MNNVL busId 0x901000 fabric UUID aa48724aeeaad6a8.b34b901796a1c18d cliqueId 0x7ffe state 3 healthMask 0xaa
node23D400660:1241:2140 [2] NCCL INFO MNNVL busId 0x1801000 fabric UUID aa48724aeeaad6a8.b34b901796a1c18d cliqueId 0x7ffe state 3 healthMask 0xaa
node23D400660:1242:2139 [3] NCCL INFO MNNVL busId 0x1901000 fabric UUID aa48724aeeaad6a8.b34b901796a1c18d cliqueId 0x7ffe state 3 healthMask 0xaa
node23D400660:1239:2142 [0] NCCL INFO MNNVL busId 0x801000 fabric UUID aa48724aeeaad6a8.b34b901796a1c18d cliqueId 0x7ffe state 3 healthMask 0xaa
node23D400660:1240:2138 [1] NCCL INFO MNNVL 1 cliqueId 7ffe cliqueSize 2 cliqueRank 0
node23D400660:1239:2142 [0] NCCL INFO MNNVL 1 cliqueId 7ffe cliqueSize 2 cliqueRank 0
node23D400660:1242:2139 [3] NCCL INFO MNNVL 1 cliqueId 7ffe cliqueSize 2 cliqueRank 0
node23D400660:1241:2140 [2] NCCL INFO MNNVL 1 cliqueId 7ffe cliqueSize 2 cliqueRank 0
node23D400660:1242:2139 [3] NCCL INFO Setting affinity for GPU 3 to 72-143
node23D400660:1242:2139 [3] NCCL INFO comm 0x5616bb60 rank 0 nRanks 2 nNodes 1 localRanks 2 localRank 0 MNNVL 1
node23D400660:1242:2139 [3] NCCL INFO Channel 00/32 : 0 1
node23D400660:1242:2139 [3] NCCL INFO Channel 01/32 : 0 1
node23D400660:1242:2139 [3] NCCL INFO Channel 02/32 : 0 1
node23D400660:1242:2139 [3] NCCL INFO Channel 03/32 : 0 1
node23D400660:1242:2139 [3] NCCL INFO Channel 04/32 : 0 1
node23D400660:1242:2139 [3] NCCL INFO Channel 05/32 : 0 1
node23D400660:1242:2139 [3] NCCL INFO Channel 06/32 : 0 1
node23D400660:1242:2139 [3] NCCL INFO Channel 07/32 : 0 1
node23D400660:1242:2139 [3] NCCL INFO Channel 08/32 : 0 1
node23D400660:1242:2139 [3] NCCL INFO Channel 09/32 : 0 1
node23D400660:1242:2139 [3] NCCL INFO Channel 10/32 : 0 1
node23D400660:1242:2139 [3] NCCL INFO Channel 11/32 : 0 1
node23D400660:1242:2139 [3] NCCL INFO Channel 12/32 : 0 1
node23D400660:1242:2139 [3] NCCL INFO Channel 13/32 : 0 1
node23D400660:1242:2139 [3] NCCL INFO Channel 14/32 : 0 1
node23D400660:1242:2139 [3] NCCL INFO Channel 15/32 : 0 1
node23D400660:1242:2139 [3] NCCL INFO Channel 16/32 : 0 1
node23D400660:1242:2139 [3] NCCL INFO Channel 17/32 : 0 1
node23D400660:1242:2139 [3] NCCL INFO Channel 18/32 : 0 1
node23D400660:1242:2139 [3] NCCL INFO Channel 19/32 : 0 1
node23D400660:1242:2139 [3] NCCL INFO Channel 20/32 : 0 1
node23D400660:1242:2139 [3] NCCL INFO Channel 21/32 : 0 1
node23D400660:1242:2139 [3] NCCL INFO Channel 22/32 : 0 1
node23D400660:1242:2139 [3] NCCL INFO Channel 23/32 : 0 1
node23D400660:1242:2139 [3] NCCL INFO Channel 24/32 : 0 1
node23D400660:1242:2139 [3] NCCL INFO Channel 25/32 : 0 1
node23D400660:1242:2139 [3] NCCL INFO Channel 26/32 : 0 1
node23D400660:1242:2139 [3] NCCL INFO Channel 27/32 : 0 1
node23D400660:1242:2139 [3] NCCL INFO Channel 28/32 : 0 1
node23D400660:1242:2139 [3] NCCL INFO Channel 29/32 : 0 1
node23D400660:1242:2139 [3] NCCL INFO Channel 30/32 : 0 1
node23D400660:1242:2139 [3] NCCL INFO Channel 31/32 : 0 1
node23D400660:1242:2139 [3] NCCL INFO Trees [0] 1/-1/-1->0->-1 [1] 1/-1/-1->0->-1 [2] 1/-1/-1->0->-1 [3] 1/-1/-1->0->-1 [4] 1/-1/-1->0->-1 [5] 1/-1/-1->0->-1 [6] 1/-1/-1->0->-1 [7] 1/-1/-1->0->-1 [8] -1/-1/-1->0->1 [9] -1/-1/-1->0->1 [10] -1/-1/-1->0->1 [11] -1/-1/-1->0->1 [12] -1/-1/-1->0->1 [13] -1/-1/-1->0->1 [14] -1/-1/-1->0->1 [15] -1/-1/-1->0->1 [16] 1/-1/-1->0->-1 [17] 1/-1/-1->0->-1 [18] 1/-1/-1->0->-1 [19] 1/-1/-1->0->-1 [20] 1/-1/-1->0->-1 [21] 1/-1/-1->0->-1 [22] 1/-1/-1->0->-1 [23] 1/-1/-1->0->-1 [24] -1/-1/-1->0->1 [25] -1/-1/-1->0->1 [26] -1/-1/-1->0->1 [27] -1/-1/-1->0->1 [28] -1/-1/-1->0->1 [29] -1/-1/-1->0->1 [30] -1/-1/-1->0->1 [31] -1/-1/-1->0->1
node23D400660:1242:2139 [3] NCCL INFO P2P Chunksize set to 524288
node23D400660:1242:2139 [3] NCCL INFO Check P2P Type isAllDirectP2p 1 directMode 0
node23D400660:1242:2143 [3] NCCL INFO [Proxy Service] Device 3 CPU core 73
node23D400660:1242:2144 [3] NCCL INFO [Proxy Service UDS] Device 3 CPU core 74
node23D400660:1242:2139 [3] NCCL INFO threadThresholds 8/8/64 | 16/8/64 | 512 | 512
node23D400660:1242:2139 [3] NCCL INFO 32 coll channels, 32 collnet channels, 0 nvls channels, 32 p2p channels, 32 p2p channels per peer
node23D400660:1242:2139 [3] NCCL INFO CC Off, workFifoBytes 1048576
node23D400660:1242:2139 [3] NCCL INFO ncclCommInitRankConfig comm 0x5616bb60 rank 0 nranks 2 cudaDev 3 nvmlDev 3 busId 1901000 commId 0xcfc92e70bd6382a7 - Init COMPLETE
node23D400660:1242:2139 [3] NCCL INFO Init timings - ncclCommInitRankConfig: rank 0 nranks 2 total 0.62 (kernels 0.00, alloc 0.00, bootstrap 0.00, allgathers 0.00, topo 0.56, graphs 0.00, connections 0.03, rest 0.02)
node23D400660:1242:2145 [3] NCCL INFO Channel 00/1 : 0[3] -> 1[3] via P2P/MNNVL
node23D400660:1242:2145 [3] NCCL INFO Channel 01/1 : 0[3] -> 1[3] via P2P/MNNVL
node23D400660:1242:2145 [3] NCCL INFO Channel 02/1 : 0[3] -> 1[3] via P2P/MNNVL
node23D400660:1242:2145 [3] NCCL INFO Channel 03/1 : 0[3] -> 1[3] via P2P/MNNVL
node23D400660:1242:2145 [3] NCCL INFO Channel 04/1 : 0[3] -> 1[3] via P2P/MNNVL
node23D400660:1242:2145 [3] NCCL INFO Channel 05/1 : 0[3] -> 1[3] via P2P/MNNVL
node23D400660:1242:2145 [3] NCCL INFO Channel 06/1 : 0[3] -> 1[3] via P2P/MNNVL
node23D400660:1242:2145 [3] NCCL INFO Channel 07/1 : 0[3] -> 1[3] via P2P/MNNVL
node23D400660:1242:2145 [3] NCCL INFO Channel 08/1 : 0[3] -> 1[3] via P2P/MNNVL
node23D400660:1242:2145 [3] NCCL INFO Channel 09/1 : 0[3] -> 1[3] via P2P/MNNVL
node23D400660:1242:2145 [3] NCCL INFO Channel 10/1 : 0[3] -> 1[3] via P2P/MNNVL
node23D400660:1242:2145 [3] NCCL INFO Channel 11/1 : 0[3] -> 1[3] via P2P/MNNVL
node23D400660:1242:2145 [3] NCCL INFO Channel 12/1 : 0[3] -> 1[3] via P2P/MNNVL
node23D400660:1242:2145 [3] NCCL INFO Channel 13/1 : 0[3] -> 1[3] via P2P/MNNVL
node23D400660:1242:2145 [3] NCCL INFO Channel 14/1 : 0[3] -> 1[3] via P2P/MNNVL
node23D400660:1242:2145 [3] NCCL INFO Channel 15/1 : 0[3] -> 1[3] via P2P/MNNVL
node23D400660:1242:2145 [3] NCCL INFO Channel 16/1 : 0[3] -> 1[3] via P2P/MNNVL
node23D400660:1242:2145 [3] NCCL INFO Channel 17/1 : 0[3] -> 1[3] via P2P/MNNVL
node23D400660:1242:2145 [3] NCCL INFO Channel 18/1 : 0[3] -> 1[3] via P2P/MNNVL
node23D400660:1242:2145 [3] NCCL INFO Channel 19/1 : 0[3] -> 1[3] via P2P/MNNVL
node23D400660:1242:2145 [3] NCCL INFO Channel 20/1 : 0[3] -> 1[3] via P2P/MNNVL
node23D400660:1242:2145 [3] NCCL INFO Channel 21/1 : 0[3] -> 1[3] via P2P/MNNVL
node23D400660:1242:2145 [3] NCCL INFO Channel 22/1 : 0[3] -> 1[3] via P2P/MNNVL
node23D400660:1242:2145 [3] NCCL INFO Channel 23/1 : 0[3] -> 1[3] via P2P/MNNVL
node23D400660:1242:2145 [3] NCCL INFO Channel 24/1 : 0[3] -> 1[3] via P2P/MNNVL
node23D400660:1242:2145 [3] NCCL INFO Channel 25/1 : 0[3] -> 1[3] via P2P/MNNVL
node23D400660:1242:2145 [3] NCCL INFO Channel 26/1 : 0[3] -> 1[3] via P2P/MNNVL
node23D400660:1242:2145 [3] NCCL INFO Channel 27/1 : 0[3] -> 1[3] via P2P/MNNVL
node23D400660:1242:2145 [3] NCCL INFO Channel 28/1 : 0[3] -> 1[3] via P2P/MNNVL
node23D400660:1242:2145 [3] NCCL INFO Channel 29/1 : 0[3] -> 1[3] via P2P/MNNVL
node23D400660:1242:2145 [3] NCCL INFO Channel 30/1 : 0[3] -> 1[3] via P2P/MNNVL
node23D400660:1242:2145 [3] NCCL INFO Channel 31/1 : 0[3] -> 1[3] via P2P/MNNVL
node23D400660:1241:2140 [2] NCCL INFO Setting affinity for GPU 2 to 72-143
node23D400660:1239:2142 [0] NCCL INFO Setting affinity for GPU 0 to 0-71
node23D400660:1240:2138 [1] NCCL INFO Setting affinity for GPU 1 to 0-71
node23D400660:1239:2142 [0] NCCL INFO comm 0x379cdba0 rank 0 nRanks 2 nNodes 1 localRanks 2 localRank 0 MNNVL 1
node23D400660:1241:2140 [2] NCCL INFO comm 0x6a0d1540 rank 0 nRanks 2 nNodes 1 localRanks 2 localRank 0 MNNVL 1
node23D400660:1239:2142 [0] NCCL INFO Channel 00/32 : 0 1
node23D400660:1241:2140 [2] NCCL INFO Channel 00/32 : 0 1
node23D400660:1239:2142 [0] NCCL INFO Channel 01/32 : 0 1
node23D400660:1241:2140 [2] NCCL INFO Channel 01/32 : 0 1
node23D400660:1239:2142 [0] NCCL INFO Channel 02/32 : 0 1
node23D400660:1241:2140 [2] NCCL INFO Channel 02/32 : 0 1
node23D400660:1239:2142 [0] NCCL INFO Channel 03/32 : 0 1
node23D400660:1241:2140 [2] NCCL INFO Channel 03/32 : 0 1
node23D400660:1239:2142 [0] NCCL INFO Channel 04/32 : 0 1
node23D400660:1241:2140 [2] NCCL INFO Channel 04/32 : 0 1
node23D400660:1239:2142 [0] NCCL INFO Channel 05/32 : 0 1
node23D400660:1241:2140 [2] NCCL INFO Channel 05/32 : 0 1
node23D400660:1239:2142 [0] NCCL INFO Channel 06/32 : 0 1
node23D400660:1241:2140 [2] NCCL INFO Channel 06/32 : 0 1
node23D400660:1241:2140 [2] NCCL INFO Channel 07/32 : 0 1
node23D400660:1239:2142 [0] NCCL INFO Channel 07/32 : 0 1
node23D400660:1241:2140 [2] NCCL INFO Channel 08/32 : 0 1
node23D400660:1239:2142 [0] NCCL INFO Channel 08/32 : 0 1
node23D400660:1241:2140 [2] NCCL INFO Channel 09/32 : 0 1
node23D400660:1239:2142 [0] NCCL INFO Channel 09/32 : 0 1
node23D400660:1241:2140 [2] NCCL INFO Channel 10/32 : 0 1
node23D400660:1239:2142 [0] NCCL INFO Channel 10/32 : 0 1
node23D400660:1241:2140 [2] NCCL INFO Channel 11/32 : 0 1
node23D400660:1239:2142 [0] NCCL INFO Channel 11/32 : 0 1
node23D400660:1241:2140 [2] NCCL INFO Channel 12/32 : 0 1
node23D400660:1239:2142 [0] NCCL INFO Channel 12/32 : 0 1
node23D400660:1241:2140 [2] NCCL INFO Channel 13/32 : 0 1
node23D400660:1239:2142 [0] NCCL INFO Channel 13/32 : 0 1
node23D400660:1241:2140 [2] NCCL INFO Channel 14/32 : 0 1
node23D400660:1239:2142 [0] NCCL INFO Channel 14/32 : 0 1
node23D400660:1241:2140 [2] NCCL INFO Channel 15/32 : 0 1
node23D400660:1239:2142 [0] NCCL INFO Channel 15/32 : 0 1
node23D400660:1241:2140 [2] NCCL INFO Channel 16/32 : 0 1
node23D400660:1239:2142 [0] NCCL INFO Channel 16/32 : 0 1
node23D400660:1241:2140 [2] NCCL INFO Channel 17/32 : 0 1
node23D400660:1239:2142 [0] NCCL INFO Channel 17/32 : 0 1
node23D400660:1241:2140 [2] NCCL INFO Channel 18/32 : 0 1
node23D400660:1239:2142 [0] NCCL INFO Channel 18/32 : 0 1
node23D400660:1241:2140 [2] NCCL INFO Channel 19/32 : 0 1
node23D400660:1239:2142 [0] NCCL INFO Channel 19/32 : 0 1
node23D400660:1241:2140 [2] NCCL INFO Channel 20/32 : 0 1
node23D400660:1239:2142 [0] NCCL INFO Channel 20/32 : 0 1
node23D400660:1241:2140 [2] NCCL INFO Channel 21/32 : 0 1
node23D400660:1239:2142 [0] NCCL INFO Channel 21/32 : 0 1
node23D400660:1241:2140 [2] NCCL INFO Channel 22/32 : 0 1
node23D400660:1239:2142 [0] NCCL INFO Channel 22/32 : 0 1
node23D400660:1241:2140 [2] NCCL INFO Channel 23/32 : 0 1
node23D400660:1239:2142 [0] NCCL INFO Channel 23/32 : 0 1
node23D400660:1241:2140 [2] NCCL INFO Channel 24/32 : 0 1
node23D400660:1239:2142 [0] NCCL INFO Channel 24/32 : 0 1
node23D400660:1241:2140 [2] NCCL INFO Channel 25/32 : 0 1
node23D400660:1239:2142 [0] NCCL INFO Channel 25/32 : 0 1
node23D400660:1241:2140 [2] NCCL INFO Channel 26/32 : 0 1
node23D400660:1239:2142 [0] NCCL INFO Channel 26/32 : 0 1
node23D400660:1241:2140 [2] NCCL INFO Channel 27/32 : 0 1
node23D400660:1239:2142 [0] NCCL INFO Channel 27/32 : 0 1
node23D400660:1241:2140 [2] NCCL INFO Channel 28/32 : 0 1
node23D400660:1239:2142 [0] NCCL INFO Channel 28/32 : 0 1
node23D400660:1241:2140 [2] NCCL INFO Channel 29/32 : 0 1
node23D400660:1239:2142 [0] NCCL INFO Channel 29/32 : 0 1
node23D400660:1241:2140 [2] NCCL INFO Channel 30/32 : 0 1
node23D400660:1239:2142 [0] NCCL INFO Channel 30/32 : 0 1
node23D400660:1241:2140 [2] NCCL INFO Channel 31/32 : 0 1
node23D400660:1239:2142 [0] NCCL INFO Channel 31/32 : 0 1
node23D400660:1241:2140 [2] NCCL INFO Trees [0] 1/-1/-1->0->-1 [1] 1/-1/-1->0->-1 [2] 1/-1/-1->0->-1 [3] 1/-1/-1->0->-1 [4] 1/-1/-1->0->-1 [5] 1/-1/-1->0->-1 [6] 1/-1/-1->0->-1 [7] 1/-1/-1->0->-1 [8] -1/-1/-1->0->1 [9] -1/-1/-1->0->1 [10] -1/-1/-1->0->1 [11] -1/-1/-1->0->1 [12] -1/-1/-1->0->1 [13] -1/-1/-1->0->1 [14] -1/-1/-1->0->1 [15] -1/-1/-1->0->1 [16] 1/-1/-1->0->-1 [17] 1/-1/-1->0->-1 [18] 1/-1/-1->0->-1 [19] 1/-1/-1->0->-1 [20] 1/-1/-1->0->-1 [21] 1/-1/-1->0->-1 [22] 1/-1/-1->0->-1 [23] 1/-1/-1->0->-1 [24] -1/-1/-1->0->1 [25] -1/-1/-1->0->1 [26] -1/-1/-1->0->1 [27] -1/-1/-1->0->1 [28] -1/-1/-1->0->1 [29] -1/-1/-1->0->1 [30] -1/-1/-1->0->1 [31] -1/-1/-1->0->1
node23D400660:1239:2142 [0] NCCL INFO Trees [0] 1/-1/-1->0->-1 [1] 1/-1/-1->0->-1 [2] 1/-1/-1->0->-1 [3] 1/-1/-1->0->-1 [4] 1/-1/-1->0->-1 [5] 1/-1/-1->0->-1 [6] 1/-1/-1->0->-1 [7] 1/-1/-1->0->-1 [8] -1/-1/-1->0->1 [9] -1/-1/-1->0->1 [10] -1/-1/-1->0->1 [11] -1/-1/-1->0->1 [12] -1/-1/-1->0->1 [13] -1/-1/-1->0->1 [14] -1/-1/-1->0->1 [15] -1/-1/-1->0->1 [16] 1/-1/-1->0->-1 [17] 1/-1/-1->0->-1 [18] 1/-1/-1->0->-1 [19] 1/-1/-1->0->-1 [20] 1/-1/-1->0->-1 [21] 1/-1/-1->0->-1 [22] 1/-1/-1->0->-1 [23] 1/-1/-1->0->-1 [24] -1/-1/-1->0->1 [25] -1/-1/-1->0->1 [26] -1/-1/-1->0->1 [27] -1/-1/-1->0->1 [28] -1/-1/-1->0->1 [29] -1/-1/-1->0->1 [30] -1/-1/-1->0->1 [31] -1/-1/-1->0->1
node23D400660:1241:2140 [2] NCCL INFO P2P Chunksize set to 524288
node23D400660:1239:2142 [0] NCCL INFO P2P Chunksize set to 524288
node23D400660:1241:2140 [2] NCCL INFO Check P2P Type isAllDirectP2p 1 directMode 0
node23D400660:1239:2142 [0] NCCL INFO Check P2P Type isAllDirectP2p 1 directMode 0
node23D400660:1239:2146 [0] NCCL INFO [Proxy Service] Device 0 CPU core 30
node23D400660:1241:2147 [2] NCCL INFO [Proxy Service] Device 2 CPU core 76
node23D400660:1241:2149 [2] NCCL INFO [Proxy Service UDS] Device 2 CPU core 78
node23D400660:1239:2148 [0] NCCL INFO [Proxy Service UDS] Device 0 CPU core 31
node23D400660:1240:2138 [1] NCCL INFO comm 0x5389dc70 rank 0 nRanks 2 nNodes 1 localRanks 2 localRank 0 MNNVL 1
node23D400660:1240:2138 [1] NCCL INFO Channel 00/32 : 0 1
node23D400660:1240:2138 [1] NCCL INFO Channel 01/32 : 0 1
node23D400660:1240:2138 [1] NCCL INFO Channel 02/32 : 0 1
node23D400660:1240:2138 [1] NCCL INFO Channel 03/32 : 0 1
node23D400660:1240:2138 [1] NCCL INFO Channel 04/32 : 0 1
node23D400660:1240:2138 [1] NCCL INFO Channel 05/32 : 0 1
node23D400660:1240:2138 [1] NCCL INFO Channel 06/32 : 0 1
node23D400660:1240:2138 [1] NCCL INFO Channel 07/32 : 0 1
node23D400660:1240:2138 [1] NCCL INFO Channel 08/32 : 0 1
node23D400660:1240:2138 [1] NCCL INFO Channel 09/32 : 0 1
node23D400660:1240:2138 [1] NCCL INFO Channel 10/32 : 0 1
node23D400660:1240:2138 [1] NCCL INFO Channel 11/32 : 0 1
node23D400660:1240:2138 [1] NCCL INFO Channel 12/32 : 0 1
node23D400660:1240:2138 [1] NCCL INFO Channel 13/32 : 0 1
node23D400660:1240:2138 [1] NCCL INFO Channel 14/32 : 0 1
node23D400660:1240:2138 [1] NCCL INFO Channel 15/32 : 0 1
node23D400660:1240:2138 [1] NCCL INFO Channel 16/32 : 0 1
node23D400660:1240:2138 [1] NCCL INFO Channel 17/32 : 0 1
node23D400660:1240:2138 [1] NCCL INFO Channel 18/32 : 0 1
node23D400660:1240:2138 [1] NCCL INFO Channel 19/32 : 0 1
node23D400660:1240:2138 [1] NCCL INFO Channel 20/32 : 0 1
node23D400660:1240:2138 [1] NCCL INFO Channel 21/32 : 0 1
node23D400660:1240:2138 [1] NCCL INFO Channel 22/32 : 0 1
node23D400660:1240:2138 [1] NCCL INFO Channel 23/32 : 0 1
node23D400660:1240:2138 [1] NCCL INFO Channel 24/32 : 0 1
node23D400660:1240:2138 [1] NCCL INFO Channel 25/32 : 0 1
node23D400660:1240:2138 [1] NCCL INFO Channel 26/32 : 0 1
node23D400660:1240:2138 [1] NCCL INFO Channel 27/32 : 0 1
node23D400660:1240:2138 [1] NCCL INFO Channel 28/32 : 0 1
node23D400660:1240:2138 [1] NCCL INFO Channel 29/32 : 0 1
node23D400660:1240:2138 [1] NCCL INFO Channel 30/32 : 0 1
node23D400660:1240:2138 [1] NCCL INFO Channel 31/32 : 0 1
node23D400660:1240:2138 [1] NCCL INFO Trees [0] 1/-1/-1->0->-1 [1] 1/-1/-1->0->-1 [2] 1/-1/-1->0->-1 [3] 1/-1/-1->0->-1 [4] 1/-1/-1->0->-1 [5] 1/-1/-1->0->-1 [6] 1/-1/-1->0->-1 [7] 1/-1/-1->0->-1 [8] -1/-1/-1->0->1 [9] -1/-1/-1->0->1 [10] -1/-1/-1->0->1 [11] -1/-1/-1->0->1 [12] -1/-1/-1->0->1 [13] -1/-1/-1->0->1 [14] -1/-1/-1->0->1 [15] -1/-1/-1->0->1 [16] 1/-1/-1->0->-1 [17] 1/-1/-1->0->-1 [18] 1/-1/-1->0->-1 [19] 1/-1/-1->0->-1 [20] 1/-1/-1->0->-1 [21] 1/-1/-1->0->-1 [22] 1/-1/-1->0->-1 [23] 1/-1/-1->0->-1 [24] -1/-1/-1->0->1 [25] -1/-1/-1->0->1 [26] -1/-1/-1->0->1 [27] -1/-1/-1->0->1 [28] -1/-1/-1->0->1 [29] -1/-1/-1->0->1 [30] -1/-1/-1->0->1 [31] -1/-1/-1->0->1
node23D400660:1240:2138 [1] NCCL INFO P2P Chunksize set to 524288
node23D400660:1240:2138 [1] NCCL INFO Check P2P Type isAllDirectP2p 1 directMode 0
node23D400660:1240:2150 [1] NCCL INFO [Proxy Service] Device 1 CPU core 17
node23D400660:1240:2151 [1] NCCL INFO [Proxy Service UDS] Device 1 CPU core 18
node23D400660:1239:2142 [0] NCCL INFO threadThresholds 8/8/64 | 16/8/64 | 512 | 512
node23D400660:1239:2142 [0] NCCL INFO 32 coll channels, 32 collnet channels, 0 nvls channels, 32 p2p channels, 32 p2p channels per peer
node23D400660:1239:2142 [0] NCCL INFO CC Off, workFifoBytes 1048576
node23D400660:1240:2138 [1] NCCL INFO threadThresholds 8/8/64 | 16/8/64 | 512 | 512
node23D400660:1240:2138 [1] NCCL INFO 32 coll channels, 32 collnet channels, 0 nvls channels, 32 p2p channels, 32 p2p channels per peer
node23D400660:1240:2138 [1] NCCL INFO CC Off, workFifoBytes 1048576
node23D400660:1241:2140 [2] NCCL INFO threadThresholds 8/8/64 | 16/8/64 | 512 | 512
node23D400660:1241:2140 [2] NCCL INFO 32 coll channels, 32 collnet channels, 0 nvls channels, 32 p2p channels, 32 p2p channels per peer
node23D400660:1241:2140 [2] NCCL INFO CC Off, workFifoBytes 1048576
node23D400660:1239:2142 [0] NCCL INFO ncclCommInitRankConfig comm 0x379cdba0 rank 0 nranks 2 cudaDev 0 nvmlDev 0 busId 801000 commId 0x3dc98d4ab27a036e - Init COMPLETE
node23D400660:1239:2142 [0] NCCL INFO Init timings - ncclCommInitRankConfig: rank 0 nranks 2 total 0.78 (kernels 0.00, alloc 0.00, bootstrap 0.00, allgathers 0.00, topo 0.63, graphs 0.00, connections 0.11, rest 0.04)
node23D400660:1239:2153 [0] NCCL INFO Channel 00/1 : 0[0] -> 1[0] via P2P/MNNVL
node23D400660:1240:2138 [1] NCCL INFO ncclCommInitRankConfig comm 0x5389dc70 rank 0 nranks 2 cudaDev 1 nvmlDev 1 busId 901000 commId 0x5a545d590fbb2b89 - Init COMPLETE
node23D400660:1240:2138 [1] NCCL INFO Init timings - ncclCommInitRankConfig: rank 0 nranks 2 total 0.78 (kernels 0.00, alloc 0.00, bootstrap 0.00, allgathers 0.01, topo 0.63, graphs 0.00, connections 0.11, rest 0.04)
node23D400660:1240:2154 [1] NCCL INFO Channel 00/1 : 0[1] -> 1[1] via P2P/MNNVL
node23D400660:1239:2153 [0] NCCL INFO Channel 01/1 : 0[0] -> 1[0] via P2P/MNNVL
node23D400660:1239:2153 [0] NCCL INFO Channel 02/1 : 0[0] -> 1[0] via P2P/MNNVL
node23D400660:1240:2154 [1] NCCL INFO Channel 01/1 : 0[1] -> 1[1] via P2P/MNNVL
node23D400660:1239:2153 [0] NCCL INFO Channel 03/1 : 0[0] -> 1[0] via P2P/MNNVL
node23D400660:1240:2154 [1] NCCL INFO Channel 02/1 : 0[1] -> 1[1] via P2P/MNNVL
node23D400660:1240:2154 [1] NCCL INFO Channel 03/1 : 0[1] -> 1[1] via P2P/MNNVL
node23D400660:1239:2153 [0] NCCL INFO Channel 04/1 : 0[0] -> 1[0] via P2P/MNNVL
node23D400660:1240:2154 [1] NCCL INFO Channel 04/1 : 0[1] -> 1[1] via P2P/MNNVL
node23D400660:1239:2153 [0] NCCL INFO Channel 05/1 : 0[0] -> 1[0] via P2P/MNNVL
node23D400660:1239:2153 [0] NCCL INFO Channel 06/1 : 0[0] -> 1[0] via P2P/MNNVL
node23D400660:1240:2154 [1] NCCL INFO Channel 05/1 : 0[1] -> 1[1] via P2P/MNNVL
node23D400660:1239:2153 [0] NCCL INFO Channel 07/1 : 0[0] -> 1[0] via P2P/MNNVL
node23D400660:1240:2154 [1] NCCL INFO Channel 06/1 : 0[1] -> 1[1] via P2P/MNNVL
node23D400660:1241:2140 [2] NCCL INFO ncclCommInitRankConfig comm 0x6a0d1540 rank 0 nranks 2 cudaDev 2 nvmlDev 2 busId 1801000 commId 0xd9ae25532bef22d7 - Init COMPLETE
node23D400660:1241:2140 [2] NCCL INFO Init timings - ncclCommInitRankConfig: rank 0 nranks 2 total 0.79 (kernels 0.00, alloc 0.00, bootstrap 0.00, allgathers 0.01, topo 0.63, graphs 0.00, connections 0.12, rest 0.04)
