W1115 13:50:23.970000 1174 torch/distributed/run.py:766] 
W1115 13:50:23.970000 1174 torch/distributed/run.py:766] *****************************************
W1115 13:50:23.970000 1174 torch/distributed/run.py:766] Setting OMP_NUM_THREADS environment variable for each process to be 1 in default, to avoid your system being overloaded, please further tune the variable for optimal performance in your application as needed. 
W1115 13:50:23.970000 1174 torch/distributed/run.py:766] *****************************************
[Gloo] Rank [Gloo] Rank [Gloo] Rank [Gloo] Rank 0000 is connected to  is connected to  is connected to  is connected to 1111 peer ranks.  peer ranks.  peer ranks.  peer ranks. Expected number of connected peer ranks is : Expected number of connected peer ranks is : Expected number of connected peer ranks is : Expected number of connected peer ranks is : 1111



[Gloo] Rank 0 is connected to 0 peer ranks. Expected number of connected peer ranks is : 0
[Gloo] Rank 0 is connected to 0 peer ranks. Expected number of connected peer ranks is : 0[Gloo] Rank 
0 is connected to 0 peer ranks. Expected number of connected peer ranks is : 0
[Gloo] Rank 0 is connected to 0 peer ranks. Expected number of connected peer ranks is : 0
[Gloo] Rank 0 is connected to 1 peer ranks. Expected number of connected peer ranks is : 1
[Gloo] Rank 0 is connected to 1 peer ranks. Expected number of connected peer ranks is : 1
[Gloo] Rank 0 is connected to 1 peer ranks. Expected number of connected peer ranks is : 1
[Gloo] Rank 0 is connected to 1 peer ranks. Expected number of connected peer ranks is : 1
[rank49]:[W1115 13:50:47.898198496 ProcessGroupNCCL.cpp:4789] [PG ID 0 PG GUID 0 Rank 49]  using GPU 1 as device used by this process is currently unknown. This can potentially cause a hang if this rank to GPU mapping is incorrect. You can specify device_id in init_process_group() to force use of a particular device.
[rank51]:[W1115 13:50:47.898198880 ProcessGroupNCCL.cpp:4789] [PG ID 0 PG GUID 0 Rank 51]  using GPU 3 as device used by this process is currently unknown. This can potentially cause a hang if this rank to GPU mapping is incorrect. You can specify device_id in init_process_group() to force use of a particular device.
[rank50]:[W1115 13:50:47.898198400 ProcessGroupNCCL.cpp:4789] [PG ID 0 PG GUID 0 Rank 50]  using GPU 2 as device used by this process is currently unknown. This can potentially cause a hang if this rank to GPU mapping is incorrect. You can specify device_id in init_process_group() to force use of a particular device.
node23D400660:1240:1240 [1] NCCL INFO cudaDriverVersion 12080
node23D400660:1240:1240 [1] NCCL INFO Bootstrap: Using enP5p9s0:10.192.23.146<0>
node23D400660:1240:1240 [1] NCCL INFO NCCL version 2.27.3+cuda12.9
node23D400660:1240:1240 [1] NCCL INFO Comm config Blocking set to 1
node23D400660:1241:1241 [2] NCCL INFO cudaDriverVersion 12080
node23D400660:1242:1242 [3] NCCL INFO cudaDriverVersion 12080
node23D400660:1241:1241 [2] NCCL INFO Bootstrap: Using enP5p9s0:10.192.23.146<0>
node23D400660:1242:1242 [3] NCCL INFO Bootstrap: Using enP5p9s0:10.192.23.146<0>
node23D400660:1241:1241 [2] NCCL INFO NCCL version 2.27.3+cuda12.9
node23D400660:1242:1242 [3] NCCL INFO NCCL version 2.27.3+cuda12.9
node23D400660:1241:1241 [2] NCCL INFO Comm config Blocking set to 1
node23D400660:1242:1242 [3] NCCL INFO Comm config Blocking set to 1
[rank48]:[W1115 13:50:47.307689215 ProcessGroupNCCL.cpp:4789] [PG ID 0 PG GUID 0 Rank 48]  using GPU 0 as device used by this process is currently unknown. This can potentially cause a hang if this rank to GPU mapping is incorrect. You can specify device_id in init_process_group() to force use of a particular device.
node23D400660:1239:1239 [0] NCCL INFO cudaDriverVersion 12080
node23D400660:1239:1239 [0] NCCL INFO Bootstrap: Using enP5p9s0:10.192.23.146<0>
node23D400660:1239:1239 [0] NCCL INFO NCCL version 2.27.3+cuda12.9
node23D400660:1239:1239 [0] NCCL INFO Comm config Blocking set to 1
node23D400660:1240:1715 [1] NCCL INFO NET/Plugin: Plugin name set by env to libnccl-net.so
node23D400660:1242:1717 [3] NCCL INFO NET/Plugin: Plugin name set by env to libnccl-net.so
node23D400660:1240:1715 [1] NCCL INFO NET/Plugin: Loaded net plugin NCCL RDMA Plugin v10 (v10)
node23D400660:1241:1716 [2] NCCL INFO NET/Plugin: Plugin name set by env to libnccl-net.so
node23D400660:1240:1715 [1] NCCL INFO NET/Plugin: Loaded collnet plugin NCCL RDMA Plugin v10 (v10)
node23D400660:1242:1717 [3] NCCL INFO NET/Plugin: Loaded net plugin NCCL RDMA Plugin v10 (v10)
node23D400660:1240:1715 [1] NCCL INFO Successfully loaded external plugin libnccl-net.so
node23D400660:1242:1717 [3] NCCL INFO NET/Plugin: Loaded collnet plugin NCCL RDMA Plugin v10 (v10)
node23D400660:1241:1716 [2] NCCL INFO NET/Plugin: Loaded net plugin NCCL RDMA Plugin v10 (v10)
node23D400660:1242:1717 [3] NCCL INFO Successfully loaded external plugin libnccl-net.so
node23D400660:1241:1716 [2] NCCL INFO NET/Plugin: Loaded collnet plugin NCCL RDMA Plugin v10 (v10)
node23D400660:1241:1716 [2] NCCL INFO Successfully loaded external plugin libnccl-net.so
node23D400660:1240:1715 [1] NCCL INFO Plugin Path : /opt/hpcx/nccl_rdma_sharp_plugin/lib/libnccl-net.so
node23D400660:1242:1717 [3] NCCL INFO Plugin Path : /opt/hpcx/nccl_rdma_sharp_plugin/lib/libnccl-net.so
node23D400660:1240:1715 [1] NCCL INFO P2P plugin v10 IBext_v10
node23D400660:1242:1717 [3] NCCL INFO P2P plugin v10 IBext_v10
node23D400660:1241:1716 [2] NCCL INFO Plugin Path : /opt/hpcx/nccl_rdma_sharp_plugin/lib/libnccl-net.so
node23D400660:1241:1716 [2] NCCL INFO P2P plugin v10 IBext_v10
node23D400660:1239:1718 [0] NCCL INFO NET/Plugin: Plugin name set by env to libnccl-net.so
node23D400660:1239:1718 [0] NCCL INFO NET/Plugin: Loaded net plugin NCCL RDMA Plugin v10 (v10)
node23D400660:1239:1718 [0] NCCL INFO NET/Plugin: Loaded collnet plugin NCCL RDMA Plugin v10 (v10)
node23D400660:1239:1718 [0] NCCL INFO Successfully loaded external plugin libnccl-net.so
node23D400660:1239:1718 [0] NCCL INFO Plugin Path : /opt/hpcx/nccl_rdma_sharp_plugin/lib/libnccl-net.so
node23D400660:1239:1718 [0] NCCL INFO P2P plugin v10 IBext_v10
node23D400660:1241:1716 [2] NCCL INFO NET/IB : No device found.
node23D400660:1241:1716 [2] NCCL INFO NET/IB : Using [RO]; OOB enP5p9s0:10.192.23.146<0>
node23D400660:1240:1715 [1] NCCL INFO NET/IB : No device found.
node23D400660:1242:1717 [3] NCCL INFO NET/IB : No device found.
node23D400660:1240:1715 [1] NCCL INFO NET/IB : Using [RO]; OOB enP5p9s0:10.192.23.146<0>
node23D400660:1242:1717 [3] NCCL INFO NET/IB : Using [RO]; OOB enP5p9s0:10.192.23.146<0>
node23D400660:1239:1718 [0] NCCL INFO NET/IB : No device found.
node23D400660:1239:1718 [0] NCCL INFO NET/IB : Using [RO]; OOB enP5p9s0:10.192.23.146<0>
node23D400660:1241:1716 [2] NCCL INFO NET/IB : No device found.
node23D400660:1241:1716 [2] NCCL INFO NET/IB : Using [RO]; OOB enP5p9s0:10.192.23.146<0>
node23D400660:1241:1716 [2] NCCL INFO NET/Socket : Using [0]enP5p9s0:10.192.23.146<0>
node23D400660:1241:1716 [2] NCCL INFO Initialized NET plugin Socket
node23D400660:1241:1716 [2] NCCL INFO Assigned NET plugin Socket to comm
node23D400660:1241:1716 [2] NCCL INFO Using network Socket
node23D400660:1240:1715 [1] NCCL INFO NET/IB : No device found.
node23D400660:1240:1715 [1] NCCL INFO NET/IB : Using [RO]; OOB enP5p9s0:10.192.23.146<0>
node23D400660:1240:1715 [1] NCCL INFO NET/Socket : Using [0]enP5p9s0:10.192.23.146<0>
node23D400660:1240:1715 [1] NCCL INFO Initialized NET plugin Socket
node23D400660:1240:1715 [1] NCCL INFO Assigned NET plugin Socket to comm
node23D400660:1240:1715 [1] NCCL INFO Using network Socket
node23D400660:1242:1717 [3] NCCL INFO NET/IB : No device found.
node23D400660:1239:1718 [0] NCCL INFO NET/IB : No device found.
node23D400660:1242:1717 [3] NCCL INFO NET/IB : Using [RO]; OOB enP5p9s0:10.192.23.146<0>
node23D400660:1239:1718 [0] NCCL INFO NET/IB : Using [RO]; OOB enP5p9s0:10.192.23.146<0>
node23D400660:1242:1717 [3] NCCL INFO NET/Socket : Using [0]enP5p9s0:10.192.23.146<0>
node23D400660:1239:1718 [0] NCCL INFO NET/Socket : Using [0]enP5p9s0:10.192.23.146<0>
node23D400660:1242:1717 [3] NCCL INFO Initialized NET plugin Socket
node23D400660:1239:1718 [0] NCCL INFO Initialized NET plugin Socket
node23D400660:1242:1717 [3] NCCL INFO Assigned NET plugin Socket to comm
node23D400660:1242:1717 [3] NCCL INFO Using network Socket
node23D400660:1239:1718 [0] NCCL INFO Assigned NET plugin Socket to comm
node23D400660:1239:1718 [0] NCCL INFO Using network Socket
node23D400660:1241:1716 [2] NCCL INFO ncclCommInitRankConfig comm 0x541b2d30 rank 50 nranks 64 cudaDev 2 nvmlDev 2 busId 1801000 commId 0xd0f8a826c702c9c7 - Init START
node23D400660:1242:1717 [3] NCCL INFO ncclCommInitRankConfig comm 0x40693480 rank 51 nranks 64 cudaDev 3 nvmlDev 3 busId 1901000 commId 0xd0f8a826c702c9c7 - Init START
node23D400660:1240:1715 [1] NCCL INFO ncclCommInitRankConfig comm 0x3dce4610 rank 49 nranks 64 cudaDev 1 nvmlDev 1 busId 901000 commId 0xd0f8a826c702c9c7 - Init START
node23D400660:1241:1716 [2] NCCL INFO RAS client listening socket at 127.0.0.1<28028>
node23D400660:1239:1718 [0] NCCL INFO ncclCommInitRankConfig comm 0x21cd03b0 rank 48 nranks 64 cudaDev 0 nvmlDev 0 busId 801000 commId 0xd0f8a826c702c9c7 - Init START
node23D400660:1240:1715 [1] NCCL INFO RAS client listening socket at 127.0.0.1<28028>
node23D400660:1239:1718 [0] NCCL INFO RAS client listening socket at 127.0.0.1<28028>
node23D400660:1242:1717 [3] NCCL INFO RAS client listening socket at 127.0.0.1<28028>
node23D400660:1241:1716 [2] NCCL INFO Bootstrap timings total 0.049961 (create 0.000032, send 0.000148, recv 0.001708, ring 0.047688, delay 0.000000)
node23D400660:1242:1717 [3] NCCL INFO Bootstrap timings total 0.048487 (create 0.000032, send 0.000120, recv 0.014213, ring 0.033826, delay 0.000000)
node23D400660:1240:1715 [1] NCCL INFO Bootstrap timings total 0.048557 (create 0.000033, send 0.000128, recv 0.000346, ring 0.045799, delay 0.000000)
node23D400660:1239:1718 [0] NCCL INFO Bootstrap timings total 0.046523 (create 0.000025, send 0.000116, recv 0.000292, ring 0.045752, delay 0.000000)
node23D400660:1240:1715 [1] NCCL INFO MNNVL busId 0x901000 fabric UUID aa48724aeeaad6a8.b34b901796a1c18d cliqueId 0x7ffe state 3 healthMask 0xaa
node23D400660:1239:1718 [0] NCCL INFO MNNVL busId 0x801000 fabric UUID aa48724aeeaad6a8.b34b901796a1c18d cliqueId 0x7ffe state 3 healthMask 0xaa
node23D400660:1241:1716 [2] NCCL INFO MNNVL busId 0x1801000 fabric UUID aa48724aeeaad6a8.b34b901796a1c18d cliqueId 0x7ffe state 3 healthMask 0xaa
node23D400660:1242:1717 [3] NCCL INFO MNNVL busId 0x1901000 fabric UUID aa48724aeeaad6a8.b34b901796a1c18d cliqueId 0x7ffe state 3 healthMask 0xaa
node23D400660:1241:1716 [2] NCCL INFO MNNVL 1 cliqueId 7ffe cliqueSize 64 cliqueRank 50
node23D400660:1240:1715 [1] NCCL INFO MNNVL 1 cliqueId 7ffe cliqueSize 64 cliqueRank 49
node23D400660:1239:1718 [0] NCCL INFO MNNVL 1 cliqueId 7ffe cliqueSize 64 cliqueRank 48
node23D400660:1242:1717 [3] NCCL INFO MNNVL 1 cliqueId 7ffe cliqueSize 64 cliqueRank 51
node23D400660:1242:1717 [3] NCCL INFO Setting affinity for GPU 3 to 72-143
node23D400660:1242:1717 [3] NCCL INFO NCCL_NVLS_ENABLE set by environment to 0.
node23D400660:1240:1715 [1] NCCL INFO Setting affinity for GPU 1 to 0-71
node23D400660:1240:1715 [1] NCCL INFO NCCL_NVLS_ENABLE set by environment to 0.
node23D400660:1241:1716 [2] NCCL INFO Setting affinity for GPU 2 to 72-143
node23D400660:1241:1716 [2] NCCL INFO NCCL_NVLS_ENABLE set by environment to 0.
node23D400660:1239:1718 [0] NCCL INFO Setting affinity for GPU 0 to 0-71
node23D400660:1239:1718 [0] NCCL INFO NCCL_NVLS_ENABLE set by environment to 0.
node23D400660:1239:1718 [0] NCCL INFO comm 0x21cd03b0 rank 48 nRanks 64 nNodes 1 localRanks 64 localRank 48 MNNVL 1
node23D400660:1239:1718 [0] NCCL INFO Trees [0] 49/-1/-1->48->47 [1] 49/-1/-1->48->47 [2] 49/-1/-1->48->47 [3] 49/-1/-1->48->47 [4] 49/-1/-1->48->47 [5] 49/-1/-1->48->47 [6] 49/-1/-1->48->47 [7] 49/-1/-1->48->47 [8] 49/-1/-1->48->47 [9] 49/-1/-1->48->47 [10] 49/-1/-1->48->47 [11] 49/-1/-1->48->47 [12] 49/-1/-1->48->47 [13] 49/-1/-1->48->47 [14] 49/-1/-1->48->47 [15] 49/-1/-1->48->47 [16] 49/-1/-1->48->47 [17] 49/-1/-1->48->47 [18] 49/-1/-1->48->47 [19] 49/-1/-1->48->47 [20] 49/-1/-1->48->47 [21] 49/-1/-1->48->47 [22] 49/-1/-1->48->47 [23] 49/-1/-1->48->47 [24] 49/-1/-1->48->47 [25] 49/-1/-1->48->47 [26] 49/-1/-1->48->47 [27] 49/-1/-1->48->47 [28] 49/-1/-1->48->47 [29] 49/-1/-1->48->47 [30] 49/-1/-1->48->47 [31] 49/-1/-1->48->47
node23D400660:1239:1718 [0] NCCL INFO P2P Chunksize set to 524288
node23D400660:1240:1715 [1] NCCL INFO comm 0x3dce4610 rank 49 nRanks 64 nNodes 1 localRanks 64 localRank 49 MNNVL 1
node23D400660:1241:1716 [2] NCCL INFO comm 0x541b2d30 rank 50 nRanks 64 nNodes 1 localRanks 64 localRank 50 MNNVL 1
node23D400660:1242:1717 [3] NCCL INFO comm 0x40693480 rank 51 nRanks 64 nNodes 1 localRanks 64 localRank 51 MNNVL 1
node23D400660:1240:1715 [1] NCCL INFO Trees [0] 50/-1/-1->49->48 [1] 50/-1/-1->49->48 [2] 50/-1/-1->49->48 [3] 50/-1/-1->49->48 [4] 50/-1/-1->49->48 [5] 50/-1/-1->49->48 [6] 50/-1/-1->49->48 [7] 50/-1/-1->49->48 [8] 50/-1/-1->49->48 [9] 50/-1/-1->49->48 [10] 50/-1/-1->49->48 [11] 50/-1/-1->49->48 [12] 50/-1/-1->49->48 [13] 50/-1/-1->49->48 [14] 50/-1/-1->49->48 [15] 50/-1/-1->49->48 [16] 50/-1/-1->49->48 [17] 50/-1/-1->49->48 [18] 50/-1/-1->49->48 [19] 50/-1/-1->49->48 [20] 50/-1/-1->49->48 [21] 50/-1/-1->49->48 [22] 50/-1/-1->49->48 [23] 50/-1/-1->49->48 [24] 50/-1/-1->49->48 [25] 50/-1/-1->49->48 [26] 50/-1/-1->49->48 [27] 50/-1/-1->49->48 [28] 50/-1/-1->49->48 [29] 50/-1/-1->49->48 [30] 50/-1/-1->49->48 [31] 50/-1/-1->49->48
node23D400660:1240:1715 [1] NCCL INFO P2P Chunksize set to 524288
node23D400660:1241:1716 [2] NCCL INFO Trees [0] 51/-1/-1->50->49 [1] 51/-1/-1->50->49 [2] 51/-1/-1->50->49 [3] 51/-1/-1->50->49 [4] 51/-1/-1->50->49 [5] 51/-1/-1->50->49 [6] 51/-1/-1->50->49 [7] 51/-1/-1->50->49 [8] 51/-1/-1->50->49 [9] 51/-1/-1->50->49 [10] 51/-1/-1->50->49 [11] 51/-1/-1->50->49 [12] 51/-1/-1->50->49 [13] 51/-1/-1->50->49 [14] 51/-1/-1->50->49 [15] 51/-1/-1->50->49 [16] 51/-1/-1->50->49 [17] 51/-1/-1->50->49 [18] 51/-1/-1->50->49 [19] 51/-1/-1->50->49 [20] 51/-1/-1->50->49 [21] 51/-1/-1->50->49 [22] 51/-1/-1->50->49 [23] 51/-1/-1->50->49 [24] 51/-1/-1->50->49 [25] 51/-1/-1->50->49 [26] 51/-1/-1->50->49 [27] 51/-1/-1->50->49 [28] 51/-1/-1->50->49 [29] 51/-1/-1->50->49 [30] 51/-1/-1->50->49 [31] 51/-1/-1->50->49
node23D400660:1241:1716 [2] NCCL INFO P2P Chunksize set to 524288
node23D400660:1242:1717 [3] NCCL INFO Trees [0] 52/-1/-1->51->50 [1] 52/-1/-1->51->50 [2] 52/-1/-1->51->50 [3] 52/-1/-1->51->50 [4] 52/-1/-1->51->50 [5] 52/-1/-1->51->50 [6] 52/-1/-1->51->50 [7] 52/-1/-1->51->50 [8] 52/-1/-1->51->50 [9] 52/-1/-1->51->50 [10] 52/-1/-1->51->50 [11] 52/-1/-1->51->50 [12] 52/-1/-1->51->50 [13] 52/-1/-1->51->50 [14] 52/-1/-1->51->50 [15] 52/-1/-1->51->50 [16] 52/-1/-1->51->50 [17] 52/-1/-1->51->50 [18] 52/-1/-1->51->50 [19] 52/-1/-1->51->50 [20] 52/-1/-1->51->50 [21] 52/-1/-1->51->50 [22] 52/-1/-1->51->50 [23] 52/-1/-1->51->50 [24] 52/-1/-1->51->50 [25] 52/-1/-1->51->50 [26] 52/-1/-1->51->50 [27] 52/-1/-1->51->50 [28] 52/-1/-1->51->50 [29] 52/-1/-1->51->50 [30] 52/-1/-1->51->50 [31] 52/-1/-1->51->50
node23D400660:1242:1717 [3] NCCL INFO P2P Chunksize set to 524288
node23D400660:1239:1718 [0] NCCL INFO PROFILER/Plugin: Could not find: libnccl-profiler.so. 
node23D400660:1240:1715 [1] NCCL INFO PROFILER/Plugin: Could not find: libnccl-profiler.so. 
node23D400660:1239:1723 [0] NCCL INFO [Proxy Service] Device 0 CPU core 23
node23D400660:1239:1725 [0] NCCL INFO [Proxy Service UDS] Device 0 CPU core 24
node23D400660:1240:1726 [1] NCCL INFO [Proxy Service UDS] Device 1 CPU core 71
node23D400660:1240:1724 [1] NCCL INFO [Proxy Service] Device 1 CPU core 67
node23D400660:1241:1716 [2] NCCL INFO PROFILER/Plugin: Could not find: libnccl-profiler.so. 
node23D400660:1242:1717 [3] NCCL INFO PROFILER/Plugin: Could not find: libnccl-profiler.so. 
node23D400660:1242:1727 [3] NCCL INFO [Proxy Service] Device 3 CPU core 75
node23D400660:1241:1729 [2] NCCL INFO [Proxy Service UDS] Device 2 CPU core 76
node23D400660:1242:1730 [3] NCCL INFO [Proxy Service UDS] Device 3 CPU core 75
node23D400660:1241:1728 [2] NCCL INFO [Proxy Service] Device 2 CPU core 73
node23D400660:1240:1715 [1] NCCL INFO threadThresholds 8/8/64 | 512/8/64 | 512 | 512
node23D400660:1240:1715 [1] NCCL INFO 32 coll channels, 32 collnet channels, 0 nvls channels, 32 p2p channels, 32 p2p channels per peer
node23D400660:1239:1718 [0] NCCL INFO threadThresholds 8/8/64 | 512/8/64 | 512 | 512
node23D400660:1239:1718 [0] NCCL INFO 32 coll channels, 32 collnet channels, 0 nvls channels, 32 p2p channels, 32 p2p channels per peer
node23D400660:1242:1717 [3] NCCL INFO threadThresholds 8/8/64 | 512/8/64 | 512 | 512
node23D400660:1242:1717 [3] NCCL INFO 32 coll channels, 32 collnet channels, 0 nvls channels, 32 p2p channels, 32 p2p channels per peer
node23D400660:1241:1716 [2] NCCL INFO threadThresholds 8/8/64 | 512/8/64 | 512 | 512
node23D400660:1241:1716 [2] NCCL INFO 32 coll channels, 32 collnet channels, 0 nvls channels, 32 p2p channels, 32 p2p channels per peer
node23D400660:1239:1718 [0] NCCL INFO TUNER/Plugin: Could not find: libnccl-tuner.so. Using internal tuner plugin.
node23D400660:1240:1715 [1] NCCL INFO TUNER/Plugin: Could not find: libnccl-tuner.so. Using internal tuner plugin.
node23D400660:1239:1718 [0] NCCL INFO TUNER/Plugin: Failed to find ncclTunerPlugin_v4 symbol.
node23D400660:1240:1715 [1] NCCL INFO TUNER/Plugin: Failed to find ncclTunerPlugin_v4 symbol.
node23D400660:1239:1718 [0] NCCL INFO TUNER/Plugin: Failed to find ncclTunerPlugin_v3 symbol.
node23D400660:1240:1715 [1] NCCL INFO TUNER/Plugin: Failed to find ncclTunerPlugin_v3 symbol.
node23D400660:1239:1718 [0] NCCL INFO TUNER/Plugin: Failed to find ncclTunerPlugin_v2 symbol, using internal tuner instead.
node23D400660:1240:1715 [1] NCCL INFO TUNER/Plugin: Failed to find ncclTunerPlugin_v2 symbol, using internal tuner instead.
node23D400660:1239:1718 [0] NCCL INFO ncclCommInitRankConfig comm 0x21cd03b0 rank 48 nranks 64 cudaDev 0 nvmlDev 0 busId 801000 commId 0xd0f8a826c702c9c7 - Init COMPLETE
node23D400660:1240:1715 [1] NCCL INFO ncclCommInitRankConfig comm 0x3dce4610 rank 49 nranks 64 cudaDev 1 nvmlDev 1 busId 901000 commId 0xd0f8a826c702c9c7 - Init COMPLETE
node23D400660:1239:1718 [0] NCCL INFO Init timings - ncclCommInitRankConfig: rank 48 nranks 64 total 2.64 (kernels 0.08, alloc 0.17, bootstrap 0.05, allgathers 0.10, topo 2.03, graphs 0.04, connections 0.14, rest 0.03)
node23D400660:1240:1715 [1] NCCL INFO Init timings - ncclCommInitRankConfig: rank 49 nranks 64 total 2.86 (kernels 0.23, alloc 0.25, bootstrap 0.05, allgathers 0.12, topo 2.01, graphs 0.04, connections 0.14, rest 0.03)
node23D400660:1241:1716 [2] NCCL INFO TUNER/Plugin: Could not find: libnccl-tuner.so. Using internal tuner plugin.
node23D400660:1242:1717 [3] NCCL INFO TUNER/Plugin: Could not find: libnccl-tuner.so. Using internal tuner plugin.
node23D400660:1241:1716 [2] NCCL INFO TUNER/Plugin: Failed to find ncclTunerPlugin_v4 symbol.
node23D400660:1242:1717 [3] NCCL INFO TUNER/Plugin: Failed to find ncclTunerPlugin_v4 symbol.
node23D400660:1241:1716 [2] NCCL INFO TUNER/Plugin: Failed to find ncclTunerPlugin_v3 symbol.
node23D400660:1242:1717 [3] NCCL INFO TUNER/Plugin: Failed to find ncclTunerPlugin_v3 symbol.
node23D400660:1241:1716 [2] NCCL INFO TUNER/Plugin: Failed to find ncclTunerPlugin_v2 symbol, using internal tuner instead.
node23D400660:1242:1717 [3] NCCL INFO TUNER/Plugin: Failed to find ncclTunerPlugin_v2 symbol, using internal tuner instead.
node23D400660:1241:1716 [2] NCCL INFO ncclCommInitRankConfig comm 0x541b2d30 rank 50 nranks 64 cudaDev 2 nvmlDev 2 busId 1801000 commId 0xd0f8a826c702c9c7 - Init COMPLETE
node23D400660:1242:1717 [3] NCCL INFO ncclCommInitRankConfig comm 0x40693480 rank 51 nranks 64 cudaDev 3 nvmlDev 3 busId 1901000 commId 0xd0f8a826c702c9c7 - Init COMPLETE
node23D400660:1242:1717 [3] NCCL INFO Init timings - ncclCommInitRankConfig: rank 51 nranks 64 total 2.86 (kernels 0.22, alloc 0.25, bootstrap 0.05, allgathers 0.14, topo 1.99, graphs 0.05, connections 0.14, rest 0.02)
node23D400660:1241:1716 [2] NCCL INFO Init timings - ncclCommInitRankConfig: rank 50 nranks 64 total 2.86 (kernels 0.22, alloc 0.25, bootstrap 0.05, allgathers 0.12, topo 2.01, graphs 0.04, connections 0.15, rest 0.02)
node23D400660:1239:1731 [0] NCCL INFO Channel 00/0 : 48[0] -> 49[1] via P2P/MNNVL
node23D400660:1240:1732 [1] NCCL INFO Channel 00/0 : 49[1] -> 50[2] via P2P/MNNVL
node23D400660:1239:1731 [0] NCCL INFO Channel 01/0 : 48[0] -> 49[1] via P2P/MNNVL
node23D400660:1239:1731 [0] NCCL INFO Channel 02/0 : 48[0] -> 49[1] via P2P/MNNVL
node23D400660:1240:1732 [1] NCCL INFO Channel 01/0 : 49[1] -> 50[2] via P2P/MNNVL
node23D400660:1239:1731 [0] NCCL INFO Channel 03/0 : 48[0] -> 49[1] via P2P/MNNVL
node23D400660:1242:1734 [3] NCCL INFO Channel 00/0 : 51[3] -> 52[0] via P2P/MNNVL
node23D400660:1240:1732 [1] NCCL INFO Channel 02/0 : 49[1] -> 50[2] via P2P/MNNVL
node23D400660:1239:1731 [0] NCCL INFO Channel 04/0 : 48[0] -> 49[1] via P2P/MNNVL
node23D400660:1242:1734 [3] NCCL INFO Channel 01/0 : 51[3] -> 52[0] via P2P/MNNVL
node23D400660:1240:1732 [1] NCCL INFO Channel 03/0 : 49[1] -> 50[2] via P2P/MNNVL
node23D400660:1239:1731 [0] NCCL INFO Channel 05/0 : 48[0] -> 49[1] via P2P/MNNVL
node23D400660:1242:1734 [3] NCCL INFO Channel 02/0 : 51[3] -> 52[0] via P2P/MNNVL
node23D400660:1242:1734 [3] NCCL INFO Channel 03/0 : 51[3] -> 52[0] via P2P/MNNVL
node23D400660:1239:1731 [0] NCCL INFO Channel 06/0 : 48[0] -> 49[1] via P2P/MNNVL
node23D400660:1240:1732 [1] NCCL INFO Channel 04/0 : 49[1] -> 50[2] via P2P/MNNVL
node23D400660:1242:1734 [3] NCCL INFO Channel 04/0 : 51[3] -> 52[0] via P2P/MNNVL
node23D400660:1239:1731 [0] NCCL INFO Channel 07/0 : 48[0] -> 49[1] via P2P/MNNVL
node23D400660:1241:1733 [2] NCCL INFO Channel 00/0 : 50[2] -> 51[3] via P2P/MNNVL
node23D400660:1240:1732 [1] NCCL INFO Channel 05/0 : 49[1] -> 50[2] via P2P/MNNVL
node23D400660:1242:1734 [3] NCCL INFO Channel 05/0 : 51[3] -> 52[0] via P2P/MNNVL
node23D400660:1240:1732 [1] NCCL INFO Channel 06/0 : 49[1] -> 50[2] via P2P/MNNVL
node23D400660:1241:1733 [2] NCCL INFO Channel 01/0 : 50[2] -> 51[3] via P2P/MNNVL
node23D400660:1239:1731 [0] NCCL INFO Channel 08/0 : 48[0] -> 49[1] via P2P/MNNVL
node23D400660:1242:1734 [3] NCCL INFO Channel 06/0 : 51[3] -> 52[0] via P2P/MNNVL
node23D400660:1240:1732 [1] NCCL INFO Channel 07/0 : 49[1] -> 50[2] via P2P/MNNVL
node23D400660:1239:1731 [0] NCCL INFO Channel 09/0 : 48[0] -> 49[1] via P2P/MNNVL
node23D400660:1239:1731 [0] NCCL INFO Channel 10/0 : 48[0] -> 49[1] via P2P/MNNVL
node23D400660:1241:1733 [2] NCCL INFO Channel 02/0 : 50[2] -> 51[3] via P2P/MNNVL
node23D400660:1242:1734 [3] NCCL INFO Channel 07/0 : 51[3] -> 52[0] via P2P/MNNVL
node23D400660:1240:1732 [1] NCCL INFO Channel 08/0 : 49[1] -> 50[2] via P2P/MNNVL
node23D400660:1242:1734 [3] NCCL INFO Channel 08/0 : 51[3] -> 52[0] via P2P/MNNVL
node23D400660:1241:1733 [2] NCCL INFO Channel 03/0 : 50[2] -> 51[3] via P2P/MNNVL
node23D400660:1240:1732 [1] NCCL INFO Channel 09/0 : 49[1] -> 50[2] via P2P/MNNVL
node23D400660:1239:1731 [0] NCCL INFO Channel 11/0 : 48[0] -> 49[1] via P2P/MNNVL
node23D400660:1240:1732 [1] NCCL INFO Channel 10/0 : 49[1] -> 50[2] via P2P/MNNVL
node23D400660:1239:1731 [0] NCCL INFO Channel 12/0 : 48[0] -> 49[1] via P2P/MNNVL
node23D400660:1242:1734 [3] NCCL INFO Channel 09/0 : 51[3] -> 52[0] via P2P/MNNVL
node23D400660:1241:1733 [2] NCCL INFO Channel 04/0 : 50[2] -> 51[3] via P2P/MNNVL
node23D400660:1239:1731 [0] NCCL INFO Channel 13/0 : 48[0] -> 49[1] via P2P/MNNVL
node23D400660:1242:1734 [3] NCCL INFO Channel 10/0 : 51[3] -> 52[0] via P2P/MNNVL
node23D400660:1241:1733 [2] NCCL INFO Channel 05/0 : 50[2] -> 51[3] via P2P/MNNVL
node23D400660:1240:1732 [1] NCCL INFO Channel 11/0 : 49[1] -> 50[2] via P2P/MNNVL
node23D400660:1241:1733 [2] NCCL INFO Channel 06/0 : 50[2] -> 51[3] via P2P/MNNVL
node23D400660:1239:1731 [0] NCCL INFO Channel 14/0 : 48[0] -> 49[1] via P2P/MNNVL
node23D400660:1242:1734 [3] NCCL INFO Channel 11/0 : 51[3] -> 52[0] via P2P/MNNVL
node23D400660:1240:1732 [1] NCCL INFO Channel 12/0 : 49[1] -> 50[2] via P2P/MNNVL
node23D400660:1241:1733 [2] NCCL INFO Channel 07/0 : 50[2] -> 51[3] via P2P/MNNVL
node23D400660:1239:1731 [0] NCCL INFO Channel 15/0 : 48[0] -> 49[1] via P2P/MNNVL
node23D400660:1242:1734 [3] NCCL INFO Channel 12/0 : 51[3] -> 52[0] via P2P/MNNVL
node23D400660:1240:1732 [1] NCCL INFO Channel 13/0 : 49[1] -> 50[2] via P2P/MNNVL
node23D400660:1241:1733 [2] NCCL INFO Channel 08/0 : 50[2] -> 51[3] via P2P/MNNVL
node23D400660:1239:1731 [0] NCCL INFO Channel 16/0 : 48[0] -> 49[1] via P2P/MNNVL
node23D400660:1242:1734 [3] NCCL INFO Channel 13/0 : 51[3] -> 52[0] via P2P/MNNVL
node23D400660:1241:1733 [2] NCCL INFO Channel 09/0 : 50[2] -> 51[3] via P2P/MNNVL
node23D400660:1240:1732 [1] NCCL INFO Channel 14/0 : 49[1] -> 50[2] via P2P/MNNVL
node23D400660:1242:1734 [3] NCCL INFO Channel 14/0 : 51[3] -> 52[0] via P2P/MNNVL
node23D400660:1241:1733 [2] NCCL INFO Channel 10/0 : 50[2] -> 51[3] via P2P/MNNVL
node23D400660:1239:1731 [0] NCCL INFO Channel 17/0 : 48[0] -> 49[1] via P2P/MNNVL
node23D400660:1240:1732 [1] NCCL INFO Channel 15/0 : 49[1] -> 50[2] via P2P/MNNVL
node23D400660:1239:1731 [0] NCCL INFO Channel 18/0 : 48[0] -> 49[1] via P2P/MNNVL
node23D400660:1241:1733 [2] NCCL INFO Channel 11/0 : 50[2] -> 51[3] via P2P/MNNVL
node23D400660:1242:1734 [3] NCCL INFO Channel 15/0 : 51[3] -> 52[0] via P2P/MNNVL
node23D400660:1240:1732 [1] NCCL INFO Channel 16/0 : 49[1] -> 50[2] via P2P/MNNVL
node23D400660:1239:1731 [0] NCCL INFO Channel 19/0 : 48[0] -> 49[1] via P2P/MNNVL
node23D400660:1241:1733 [2] NCCL INFO Channel 12/0 : 50[2] -> 51[3] via P2P/MNNVL
node23D400660:1239:1731 [0] NCCL INFO Channel 20/0 : 48[0] -> 49[1] via P2P/MNNVL
node23D400660:1242:1734 [3] NCCL INFO Channel 16/0 : 51[3] -> 52[0] via P2P/MNNVL
node23D400660:1241:1733 [2] NCCL INFO Channel 13/0 : 50[2] -> 51[3] via P2P/MNNVL
node23D400660:1240:1732 [1] NCCL INFO Channel 17/0 : 49[1] -> 50[2] via P2P/MNNVL
node23D400660:1239:1731 [0] NCCL INFO Channel 21/0 : 48[0] -> 49[1] via P2P/MNNVL
node23D400660:1242:1734 [3] NCCL INFO Channel 17/0 : 51[3] -> 52[0] via P2P/MNNVL
node23D400660:1241:1733 [2] NCCL INFO Channel 14/0 : 50[2] -> 51[3] via P2P/MNNVL
node23D400660:1240:1732 [1] NCCL INFO Channel 18/0 : 49[1] -> 50[2] via P2P/MNNVL
node23D400660:1240:1732 [1] NCCL INFO Channel 19/0 : 49[1] -> 50[2] via P2P/MNNVL
node23D400660:1241:1733 [2] NCCL INFO Channel 15/0 : 50[2] -> 51[3] via P2P/MNNVL
node23D400660:1242:1734 [3] NCCL INFO Channel 18/0 : 51[3] -> 52[0] via P2P/MNNVL
node23D400660:1239:1731 [0] NCCL INFO Channel 22/0 : 48[0] -> 49[1] via P2P/MNNVL
node23D400660:1240:1732 [1] NCCL INFO Channel 20/0 : 49[1] -> 50[2] via P2P/MNNVL
node23D400660:1239:1731 [0] NCCL INFO Channel 23/0 : 48[0] -> 49[1] via P2P/MNNVL
node23D400660:1241:1733 [2] NCCL INFO Channel 16/0 : 50[2] -> 51[3] via P2P/MNNVL
node23D400660:1242:1734 [3] NCCL INFO Channel 19/0 : 51[3] -> 52[0] via P2P/MNNVL
node23D400660:1240:1732 [1] NCCL INFO Channel 21/0 : 49[1] -> 50[2] via P2P/MNNVL
node23D400660:1242:1734 [3] NCCL INFO Channel 20/0 : 51[3] -> 52[0] via P2P/MNNVL
node23D400660:1239:1731 [0] NCCL INFO Channel 24/0 : 48[0] -> 49[1] via P2P/MNNVL
node23D400660:1241:1733 [2] NCCL INFO Channel 17/0 : 50[2] -> 51[3] via P2P/MNNVL
node23D400660:1240:1732 [1] NCCL INFO Channel 22/0 : 49[1] -> 50[2] via P2P/MNNVL
node23D400660:1242:1734 [3] NCCL INFO Channel 21/0 : 51[3] -> 52[0] via P2P/MNNVL
node23D400660:1239:1731 [0] NCCL INFO Channel 25/0 : 48[0] -> 49[1] via P2P/MNNVL
node23D400660:1242:1734 [3] NCCL INFO Channel 22/0 : 51[3] -> 52[0] via P2P/MNNVL
node23D400660:1241:1733 [2] NCCL INFO Channel 18/0 : 50[2] -> 51[3] via P2P/MNNVL
node23D400660:1240:1732 [1] NCCL INFO Channel 23/0 : 49[1] -> 50[2] via P2P/MNNVL
node23D400660:1239:1731 [0] NCCL INFO Channel 26/0 : 48[0] -> 49[1] via P2P/MNNVL
node23D400660:1241:1733 [2] NCCL INFO Channel 19/0 : 50[2] -> 51[3] via P2P/MNNVL
node23D400660:1240:1732 [1] NCCL INFO Channel 24/0 : 49[1] -> 50[2] via P2P/MNNVL
node23D400660:1242:1734 [3] NCCL INFO Channel 23/0 : 51[3] -> 52[0] via P2P/MNNVL
node23D400660:1239:1731 [0] NCCL INFO Channel 27/0 : 48[0] -> 49[1] via P2P/MNNVL
node23D400660:1240:1732 [1] NCCL INFO Channel 25/0 : 49[1] -> 50[2] via P2P/MNNVL
node23D400660:1241:1733 [2] NCCL INFO Channel 20/0 : 50[2] -> 51[3] via P2P/MNNVL
node23D400660:1242:1734 [3] NCCL INFO Channel 24/0 : 51[3] -> 52[0] via P2P/MNNVL
node23D400660:1239:1731 [0] NCCL INFO Channel 28/0 : 48[0] -> 49[1] via P2P/MNNVL
node23D400660:1240:1732 [1] NCCL INFO Channel 26/0 : 49[1] -> 50[2] via P2P/MNNVL
node23D400660:1239:1731 [0] NCCL INFO Channel 29/0 : 48[0] -> 49[1] via P2P/MNNVL
node23D400660:1241:1733 [2] NCCL INFO Channel 21/0 : 50[2] -> 51[3] via P2P/MNNVL
node23D400660:1242:1734 [3] NCCL INFO Channel 25/0 : 51[3] -> 52[0] via P2P/MNNVL
node23D400660:1240:1732 [1] NCCL INFO Channel 27/0 : 49[1] -> 50[2] via P2P/MNNVL
node23D400660:1239:1731 [0] NCCL INFO Channel 30/0 : 48[0] -> 49[1] via P2P/MNNVL
node23D400660:1241:1733 [2] NCCL INFO Channel 22/0 : 50[2] -> 51[3] via P2P/MNNVL
node23D400660:1239:1731 [0] NCCL INFO Channel 31/0 : 48[0] -> 49[1] via P2P/MNNVL
node23D400660:1242:1734 [3] NCCL INFO Channel 26/0 : 51[3] -> 52[0] via P2P/MNNVL
node23D400660:1240:1732 [1] NCCL INFO Channel 28/0 : 49[1] -> 50[2] via P2P/MNNVL
node23D400660:1242:1734 [3] NCCL INFO Channel 27/0 : 51[3] -> 52[0] via P2P/MNNVL
node23D400660:1241:1733 [2] NCCL INFO Channel 23/0 : 50[2] -> 51[3] via P2P/MNNVL
node23D400660:1240:1732 [1] NCCL INFO Channel 29/0 : 49[1] -> 50[2] via P2P/MNNVL
node23D400660:1242:1734 [3] NCCL INFO Channel 28/0 : 51[3] -> 52[0] via P2P/MNNVL
node23D400660:1240:1732 [1] NCCL INFO Channel 30/0 : 49[1] -> 50[2] via P2P/MNNVL
node23D400660:1241:1733 [2] NCCL INFO Channel 24/0 : 50[2] -> 51[3] via P2P/MNNVL
node23D400660:1242:1734 [3] NCCL INFO Channel 29/0 : 51[3] -> 52[0] via P2P/MNNVL
node23D400660:1241:1733 [2] NCCL INFO Channel 25/0 : 50[2] -> 51[3] via P2P/MNNVL
node23D400660:1240:1732 [1] NCCL INFO Channel 31/0 : 49[1] -> 50[2] via P2P/MNNVL
node23D400660:1242:1734 [3] NCCL INFO Channel 30/0 : 51[3] -> 52[0] via P2P/MNNVL
node23D400660:1241:1733 [2] NCCL INFO Channel 26/0 : 50[2] -> 51[3] via P2P/MNNVL
node23D400660:1242:1734 [3] NCCL INFO Channel 31/0 : 51[3] -> 52[0] via P2P/MNNVL
node23D400660:1241:1733 [2] NCCL INFO Channel 27/0 : 50[2] -> 51[3] via P2P/MNNVL
node23D400660:1241:1733 [2] NCCL INFO Channel 28/0 : 50[2] -> 51[3] via P2P/MNNVL
node23D400660:1241:1733 [2] NCCL INFO Channel 29/0 : 50[2] -> 51[3] via P2P/MNNVL
node23D400660:1241:1733 [2] NCCL INFO Channel 30/0 : 50[2] -> 51[3] via P2P/MNNVL
node23D400660:1241:1733 [2] NCCL INFO Channel 31/0 : 50[2] -> 51[3] via P2P/MNNVL
node23D400660:1239:1731 [0] NCCL INFO Connected all rings, use ring PXN 0 GDR 1
node23D400660:1242:1734 [3] NCCL INFO Connected all rings, use ring PXN 0 GDR 1
node23D400660:1240:1732 [1] NCCL INFO Connected all rings, use ring PXN 0 GDR 1
node23D400660:1241:1733 [2] NCCL INFO Connected all rings, use ring PXN 0 GDR 1
 > number of parameters on (tensor, pipeline) model parallel rank (1, 3): 8221286400 > number of parameters on (tensor, pipeline) model parallel rank (0, 3): 8221286400

 > number of parameters on (tensor, pipeline) model parallel rank (2, 3): 8221286400
 > number of parameters on (tensor, pipeline) model parallel rank (3, 3): 8221286400
INFO:megatron.core.distributed.param_and_grad_buffer:Number of buckets for gradient all-reduce / reduce-scatter: 1
Params for bucket 1 (8021606400 elements, 8021606400 padded size):
	module.decoder.layers.29.mlp.linear_fc1.weight
	module.decoder.layers.13.self_attention.linear_qkv.weight
	module.decoder.layers.12.self_attention.linear_qkv.weight
	module.decoder.layers.29.mlp.linear_fc2.weight
	module.decoder.layers.27.mlp.linear_fc1.weight
	module.decoder.layers.26.mlp.linear_fc1.weight
	module.decoder.layers.19.mlp.linear_fc1.weight
	module.decoder.layers.11.self_attention.linear_qkv.weight
	module.decoder.layers.8.mlp.linear_fc1.weight
	module.decoder.layers.3.self_attention.linear_qkv.weight
	module.decoder.layers.28.mlp.linear_fc2.weight
	module.decoder.layers.25.mlp.linear_fc1.weight
	module.decoder.layers.20.mlp.linear_fc2.weight
	module.decoder.layers.10.self_attention.linear_qkv.weight
	module.decoder.layers.2.self_attention.linear_qkv.weight
	module.decoder.layers.23.mlp.linear_fc1.weight
	module.decoder.layers.18.mlp.linear_fc2.weight
	module.decoder.layers.5.mlp.linear_fc1.weight
	module.decoder.layers.14.self_attention.linear_proj.weight
	module.decoder.layers.6.mlp.linear_fc2.weight
	module.decoder.layers.5.mlp.linear_fc2.weight
	module.decoder.layers.12.self_attention.linear_proj.weight
	module.decoder.layers.28.mlp.linear_fc1.weight
	module.decoder.layers.21.mlp.linear_fc1.weight
	module.decoder.layers.20.mlp.linear_fc1.weight
	module.decoder.layers.13.self_attention.linear_proj.weight
	module.decoder.layers.4.self_attention.linear_qkv.weight
	module.decoder.layers.0.self_attention.linear_qkv.weight
	module.decoder.layers.11.self_attention.linear_proj.weight
	module.decoder.layers.22.mlp.linear_fc2.weight
	module.decoder.layers.21.mlp.linear_fc2.weight
	module.decoder.layers.18.mlp.linear_fc1.weight
	module.decoder.layers.3.self_attention.linear_proj.weight
	module.decoder.layers.9.self_attention.linear_qkv.weight
	module.decoder.layers.6.mlp.linear_fc1.weight
	module.decoder.layers.1.mlp.linear_fc2.weight
	module.decoder.layers.7.mlp.linear_fc2.weight
	module.decoder.layers.26.self_attention.linear_qkv.weight
	module.decoder.layers.22.mlp.linear_fc1.weight
	module.decoder.layers.17.mlp.linear_fc2.weight
	module.decoder.layers.16.mlp.linear_fc2.weight
	module.decoder.layers.24.self_attention.linear_qkv.weight
	module.decoder.layers.15.mlp.linear_fc2.weight
	module.decoder.layers.5.self_attention.linear_qkv.weight
	module.decoder.layers.5.self_attention.linear_proj.weight
	module.decoder.layers.4.self_attention.linear_proj.weight
	module.decoder.layers.1.self_attention.linear_qkv.weight
	module.decoder.layers.0.mlp.linear_fc2.weight
	module.decoder.layers.14.mlp.linear_fc2.weight
	module.decoder.layers.7.mlp.linear_fc1.weight
	module.decoder.layers.29.self_attention.linear_qkv.weight
	module.decoder.layers.17.mlp.linear_fc1.weight
	module.decoder.layers.10.self_attention.linear_proj.weight
	module.decoder.layers.9.self_attention.linear_proj.weight
	module.decoder.layers.27.self_attention.linear_qkv.weight
	module.decoder.layers.16.mlp.linear_fc1.weight
	module.decoder.layers.15.mlp.linear_fc1.weight
	module.decoder.layers.8.self_attention.linear_qkv.weight
	module.decoder.layers.0.self_attention.linear_proj.weight
	module.decoder.layers.18.self_attention.linear_qkv.weight
	module.decoder.layers.25.self_attention.linear_qkv.weight
	module.decoder.layers.24.self_attention.linear_proj.weight
	module.decoder.layers.13.mlp.linear_fc1.weight
	module.decoder.layers.1.self_attention.linear_proj.weight
	module.decoder.layers.13.mlp.linear_fc2.weight
	module.decoder.layers.28.self_attention.linear_qkv.weight
	module.decoder.layers.21.self_attention.linear_qkv.weight
	module.decoder.layers.20.self_attention.linear_qkv.weight
	module.decoder.layers.12.mlp.linear_fc2.weight
	module.decoder.layers.2.self_attention.linear_proj.weight
	module.decoder.layers.0.mlp.linear_fc1.weight
	module.decoder.layers.10.mlp.linear_fc2.weight
	module.decoder.layers.28.self_attention.linear_proj.weight
	module.decoder.layers.27.self_attention.linear_proj.weight
	module.decoder.layers.20.self_attention.linear_proj.weight
	module.decoder.layers.19.self_attention.linear_qkv.weight
	module.decoder.layers.11.mlp.linear_fc2.weight
	module.decoder.layers.8.self_attention.linear_proj.weight
	module.decoder.layers.3.mlp.linear_fc2.weight
	module.decoder.layers.2.mlp.linear_fc2.weight
	module.decoder.layers.26.self_attention.linear_proj.weight
	module.decoder.layers.25.self_attention.linear_proj.weight
	module.decoder.layers.14.mlp.linear_fc1.weight
	module.decoder.layers.6.self_attention.linear_qkv.weight
	module.decoder.layers.23.self_attention.linear_qkv.weight
	module.decoder.layers.12.mlp.linear_fc1.weight
	module.decoder.layers.1.mlp.linear_fc1.weight
	module.decoder.layers.23.self_attention.linear_proj.weight
	module.decoder.layers.22.self_attention.linear_qkv.weight
	module.decoder.layers.11.mlp.linear_fc1.weight
	module.decoder.layers.3.mlp.linear_fc1.weight
	module.decoder.layers.2.mlp.linear_fc1.weight
	module.decoder.layers.29.self_attention.linear_proj.weight
	module.decoder.layers.21.self_attention.linear_proj.weight
	module.decoder.layers.4.mlp.linear_fc2.weight
	module.decoder.layers.19.self_attention.linear_proj.weight
	module.decoder.layers.7.self_attention.linear_qkv.weight
	module.decoder.layers.18.self_attention.linear_proj.weight
	module.decoder.layers.17.self_attention.linear_qkv.weight
	module.decoder.layers.9.mlp.linear_fc2.weight
	module.decoder.layers.7.self_attention.linear_proj.weight
	module.decoder.layers.6.self_attention.linear_proj.weight
	module.decoder.layers.16.self_attention.linear_qkv.weight
	module.decoder.layers.15.self_attention.linear_qkv.weight
	module.decoder.layers.4.mlp.linear_fc1.weight
	module.decoder.layers.22.self_attention.linear_proj.weight
	module.decoder.layers.10.mlp.linear_fc1.weight
	module.decoder.layers.24.mlp.linear_fc2.weight
	module.decoder.layers.23.mlp.linear_fc2.weight
	module.decoder.layers.9.mlp.linear_fc1.weight
	module.decoder.layers.17.self_attention.linear_proj.weight
	module.decoder.layers.16.self_attention.linear_proj.weight
	module.decoder.layers.27.mlp.linear_fc2.weight
	module.decoder.layers.26.mlp.linear_fc2.weight
	module.decoder.layers.24.mlp.linear_fc1.weight
	module.decoder.layers.19.mlp.linear_fc2.weight
	module.decoder.layers.8.mlp.linear_fc2.weight
	module.decoder.layers.25.mlp.linear_fc2.weight
	module.decoder.layers.15.self_attention.linear_proj.weight
	module.decoder.layers.14.self_attention.linear_qkv.weight
INFO:megatron.core.distributed.param_and_grad_buffer:Number of buckets for gradient all-reduce / reduce-scatter: 1
Params for bucket 1 (199680000 elements, 199680000 padded size):
	module.decoder.layers.23.mlp.linear_fc1.layer_norm_weight
	module.decoder.layers.5.mlp.linear_fc1.layer_norm_bias
	module.decoder.layers.22.mlp.linear_fc1.layer_norm_weight
	module.decoder.layers.28.mlp.linear_fc1.layer_norm_bias
	module.decoder.layers.24.self_attention.linear_qkv.layer_norm_weight
	module.decoder.layers.21.mlp.linear_fc1.layer_norm_bias
	module.decoder.layers.20.mlp.linear_fc1.layer_norm_bias
	module.decoder.layers.5.self_attention.linear_qkv.layer_norm_weight
	module.decoder.layers.4.self_attention.linear_qkv.layer_norm_bias
	module.decoder.layers.1.self_attention.linear_qkv.layer_norm_bias
	module.decoder.layers.0.self_attention.linear_qkv.layer_norm_bias
	module.decoder.layers.19.mlp.linear_fc1.layer_norm_bias
	module.decoder.layers.18.mlp.linear_fc1.layer_norm_bias
	module.decoder.layers.7.mlp.linear_fc1.layer_norm_weight
	module.decoder.layers.17.mlp.linear_fc1.layer_norm_weight
	module.decoder.layers.10.self_attention.linear_qkv.layer_norm_bias
	module.decoder.layers.9.self_attention.linear_qkv.layer_norm_bias
	module.decoder.layers.6.mlp.linear_fc1.layer_norm_bias
	module.decoder.layers.16.mlp.linear_fc1.layer_norm_weight
	module.decoder.layers.27.self_attention.linear_qkv.layer_norm_weight
	module.decoder.layers.23.mlp.linear_fc1.layer_norm_bias
	module.decoder.layers.15.mlp.linear_fc1.layer_norm_weight
	module.decoder.layers.8.self_attention.linear_qkv.layer_norm_weight
	module.decoder.layers.26.self_attention.linear_qkv.layer_norm_weight
	module.decoder.layers.25.self_attention.linear_qkv.layer_norm_weight
	module.decoder.layers.22.mlp.linear_fc1.layer_norm_bias
	module.decoder.layers.24.self_attention.linear_qkv.layer_norm_bias
	module.decoder.layers.5.self_attention.linear_qkv.layer_norm_bias
	module.decoder.layers.23.self_attention.linear_qkv.layer_norm_weight
	module.decoder.layers.7.mlp.linear_fc1.layer_norm_bias
	module.output_layer.weight
	module.decoder.layers.29.self_attention.linear_qkv.layer_norm_weight
	module.decoder.layers.28.self_attention.linear_qkv.layer_norm_weight
	module.decoder.layers.21.self_attention.linear_qkv.layer_norm_weight
	module.decoder.layers.20.self_attention.linear_qkv.layer_norm_weight
	module.decoder.layers.17.mlp.linear_fc1.layer_norm_bias
	module.decoder.layers.0.mlp.linear_fc1.layer_norm_weight
	module.decoder.layers.27.self_attention.linear_qkv.layer_norm_bias
	module.decoder.layers.19.self_attention.linear_qkv.layer_norm_weight
	module.decoder.layers.16.mlp.linear_fc1.layer_norm_bias
	module.decoder.layers.15.mlp.linear_fc1.layer_norm_bias
	module.decoder.layers.8.self_attention.linear_qkv.layer_norm_bias
	module.decoder.layers.26.self_attention.linear_qkv.layer_norm_bias
	module.decoder.layers.25.self_attention.linear_qkv.layer_norm_bias
	module.decoder.layers.18.self_attention.linear_qkv.layer_norm_weight
	module.decoder.layers.14.mlp.linear_fc1.layer_norm_weight
	module.decoder.layers.6.self_attention.linear_qkv.layer_norm_weight
	module.decoder.layers.13.mlp.linear_fc1.layer_norm_weight
	module.decoder.layers.12.mlp.linear_fc1.layer_norm_weight
	module.decoder.layers.1.mlp.linear_fc1.layer_norm_weight
	module.decoder.layers.23.self_attention.linear_qkv.layer_norm_bias
	module.decoder.layers.22.self_attention.linear_qkv.layer_norm_weight
	module.decoder.layers.11.mlp.linear_fc1.layer_norm_weight
	module.decoder.layers.3.mlp.linear_fc1.layer_norm_weight
	module.decoder.layers.2.mlp.linear_fc1.layer_norm_weight
	module.decoder.layers.29.self_attention.linear_qkv.layer_norm_bias
	module.decoder.layers.28.self_attention.linear_qkv.layer_norm_bias
	module.decoder.layers.21.self_attention.linear_qkv.layer_norm_bias
	module.decoder.layers.20.self_attention.linear_qkv.layer_norm_bias
	module.decoder.layers.0.mlp.linear_fc1.layer_norm_bias
	module.decoder.layers.19.self_attention.linear_qkv.layer_norm_bias
	module.decoder.layers.7.self_attention.linear_qkv.layer_norm_weight
	module.decoder.layers.18.self_attention.linear_qkv.layer_norm_bias
	module.decoder.layers.17.self_attention.linear_qkv.layer_norm_weight
	module.decoder.layers.14.mlp.linear_fc1.layer_norm_bias
	module.decoder.layers.6.self_attention.linear_qkv.layer_norm_bias
	module.decoder.layers.16.self_attention.linear_qkv.layer_norm_weight
	module.decoder.layers.13.mlp.linear_fc1.layer_norm_bias
	module.decoder.layers.12.mlp.linear_fc1.layer_norm_bias
	module.decoder.layers.4.mlp.linear_fc1.layer_norm_weight
	module.decoder.layers.1.mlp.linear_fc1.layer_norm_bias
	module.decoder.layers.15.self_attention.linear_qkv.layer_norm_weight
	module.decoder.layers.22.self_attention.linear_qkv.layer_norm_bias
	module.decoder.layers.11.mlp.linear_fc1.layer_norm_bias
	module.decoder.layers.10.mlp.linear_fc1.layer_norm_weight
	module.decoder.layers.3.mlp.linear_fc1.layer_norm_bias
	module.decoder.layers.2.mlp.linear_fc1.layer_norm_bias
	module.decoder.layers.9.mlp.linear_fc1.layer_norm_weight
	module.decoder.layers.7.self_attention.linear_qkv.layer_norm_bias
	module.decoder.final_layernorm.bias
	module.decoder.layers.17.self_attention.linear_qkv.layer_norm_bias
	module.decoder.layers.16.self_attention.linear_qkv.layer_norm_bias
	module.decoder.layers.24.mlp.linear_fc1.layer_norm_weight
	module.decoder.layers.4.mlp.linear_fc1.layer_norm_bias
	module.decoder.layers.15.self_attention.linear_qkv.layer_norm_bias
	module.decoder.layers.14.self_attention.linear_qkv.layer_norm_weight
	module.decoder.layers.10.mlp.linear_fc1.layer_norm_bias
	module.decoder.layers.29.mlp.linear_fc1.layer_norm_weight
	module.decoder.layers.13.self_attention.linear_qkv.layer_norm_weight
	module.decoder.layers.12.self_attention.linear_qkv.layer_norm_weight
	module.decoder.layers.9.mlp.linear_fc1.layer_norm_bias
	module.decoder.layers.1.self_attention.linear_qkv.layer_norm_weight
	module.decoder.layers.27.mlp.linear_fc1.layer_norm_weight
	module.decoder.layers.26.mlp.linear_fc1.layer_norm_weight
	module.decoder.layers.11.self_attention.linear_qkv.layer_norm_weight
	module.decoder.layers.8.mlp.linear_fc1.layer_norm_weight
	module.decoder.layers.3.self_attention.linear_qkv.layer_norm_weight
	module.decoder.layers.25.mlp.linear_fc1.layer_norm_weight
	module.decoder.layers.2.self_attention.linear_qkv.layer_norm_weight
	module.decoder.layers.24.mlp.linear_fc1.layer_norm_bias
	module.decoder.layers.5.mlp.linear_fc1.layer_norm_weight
	module.decoder.layers.14.self_attention.linear_qkv.layer_norm_bias
	module.decoder.layers.13.self_attention.linear_qkv.layer_norm_bias
	module.decoder.layers.12.self_attention.linear_qkv.layer_norm_bias
	module.decoder.layers.29.mlp.linear_fc1.layer_norm_bias
	module.decoder.layers.28.mlp.linear_fc1.layer_norm_weight
	module.decoder.layers.21.mlp.linear_fc1.layer_norm_weight
	module.decoder.layers.20.mlp.linear_fc1.layer_norm_weight
	module.decoder.layers.4.self_attention.linear_qkv.layer_norm_weight
	module.decoder.layers.0.self_attention.linear_qkv.layer_norm_weight
	module.decoder.layers.19.mlp.linear_fc1.layer_norm_weight
	module.decoder.layers.27.mlp.linear_fc1.layer_norm_bias
	module.decoder.layers.26.mlp.linear_fc1.layer_norm_bias
	module.decoder.layers.18.mlp.linear_fc1.layer_norm_weight
	module.decoder.layers.11.self_attention.linear_qkv.layer_norm_bias
	module.decoder.layers.8.mlp.linear_fc1.layer_norm_bias
	module.decoder.layers.3.self_attention.linear_qkv.layer_norm_bias
	module.decoder.final_layernorm.weight
	module.decoder.layers.25.mlp.linear_fc1.layer_norm_bias
	module.decoder.layers.10.self_attention.linear_qkv.layer_norm_weight
	module.decoder.layers.9.self_attention.linear_qkv.layer_norm_weight
	module.decoder.layers.6.mlp.linear_fc1.layer_norm_weight
	module.decoder.layers.2.self_attention.linear_qkv.layer_norm_bias
node23D400660:1241:1241 [2] NCCL INFO Comm config Blocking set to 1
node23D400660:1242:1242 [3] NCCL INFO Comm config Blocking set to 1
node23D400660:1240:1240 [1] NCCL INFO Comm config Blocking set to 1
node23D400660:1242:2103 [3] NCCL INFO Assigned NET plugin Socket to comm
node23D400660:1242:2103 [3] NCCL INFO Using network Socket
node23D400660:1241:2102 [2] NCCL INFO Assigned NET plugin Socket to comm
node23D400660:1241:2102 [2] NCCL INFO Using network Socket
node23D400660:1240:2104 [1] NCCL INFO Assigned NET plugin Socket to comm
node23D400660:1240:2104 [1] NCCL INFO Using network Socket
node23D400660:1241:2102 [2] NCCL INFO ncclCommInitRankConfig comm 0x5e88b590 rank 3 nranks 4 cudaDev 2 nvmlDev 2 busId 1801000 commId 0x43fcf05696cebd85 - Init START
node23D400660:1242:2103 [3] NCCL INFO ncclCommInitRankConfig comm 0x4a92a2a0 rank 3 nranks 4 cudaDev 3 nvmlDev 3 busId 1901000 commId 0xb26d1dc2164784e7 - Init START
node23D400660:1240:2104 [1] NCCL INFO ncclCommInitRankConfig comm 0x48058050 rank 3 nranks 4 cudaDev 1 nvmlDev 1 busId 901000 commId 0x78f0a526966a3654 - Init START
node23D400660:1239:1239 [0] NCCL INFO Comm config Blocking set to 1
node23D400660:1239:2105 [0] NCCL INFO Assigned NET plugin Socket to comm
node23D400660:1239:2105 [0] NCCL INFO Using network Socket
node23D400660:1239:2105 [0] NCCL INFO ncclCommInitRankConfig comm 0x2c18bd30 rank 3 nranks 4 cudaDev 0 nvmlDev 0 busId 801000 commId 0x54e7e7ac76db0475 - Init START
node23D400660:1242:2103 [3] NCCL INFO Bootstrap timings total 0.001533 (create 0.000036, send 0.000143, recv 0.000354, ring 0.000284, delay 0.000000)
node23D400660:1240:2104 [1] NCCL INFO Bootstrap timings total 0.001528 (create 0.000030, send 0.000128, recv 0.000492, ring 0.000280, delay 0.000000)
node23D400660:1241:2102 [2] NCCL INFO Bootstrap timings total 0.001877 (create 0.000040, send 0.000162, recv 0.000466, ring 0.000324, delay 0.000000)
node23D400660:1239:2105 [0] NCCL INFO Bootstrap timings total 0.001176 (create 0.000026, send 0.000198, recv 0.000429, ring 0.000332, delay 0.000000)
node23D400660:1240:2104 [1] NCCL INFO MNNVL busId 0x901000 fabric UUID aa48724aeeaad6a8.b34b901796a1c18d cliqueId 0x7ffe state 3 healthMask 0xaa
node23D400660:1241:2102 [2] NCCL INFO MNNVL busId 0x1801000 fabric UUID aa48724aeeaad6a8.b34b901796a1c18d cliqueId 0x7ffe state 3 healthMask 0xaa
node23D400660:1242:2103 [3] NCCL INFO MNNVL busId 0x1901000 fabric UUID aa48724aeeaad6a8.b34b901796a1c18d cliqueId 0x7ffe state 3 healthMask 0xaa
node23D400660:1239:2105 [0] NCCL INFO MNNVL busId 0x801000 fabric UUID aa48724aeeaad6a8.b34b901796a1c18d cliqueId 0x7ffe state 3 healthMask 0xaa
node23D400660:1240:2104 [1] NCCL INFO MNNVL 1 cliqueId 7ffe cliqueSize 4 cliqueRank 3
node23D400660:1241:2102 [2] NCCL INFO MNNVL 1 cliqueId 7ffe cliqueSize 4 cliqueRank 3
node23D400660:1239:2105 [0] NCCL INFO MNNVL 1 cliqueId 7ffe cliqueSize 4 cliqueRank 3
node23D400660:1242:2103 [3] NCCL INFO MNNVL 1 cliqueId 7ffe cliqueSize 4 cliqueRank 3
node23D400660:1241:2102 [2] NCCL INFO Setting affinity for GPU 2 to 72-143
node23D400660:1241:2102 [2] NCCL INFO comm 0x5e88b590 rank 3 nRanks 4 nNodes 1 localRanks 4 localRank 3 MNNVL 1
node23D400660:1241:2102 [2] NCCL INFO Trees [0] -1/-1/-1->3->2 [1] -1/-1/-1->3->2 [2] -1/-1/-1->3->2 [3] -1/-1/-1->3->2 [4] -1/-1/-1->3->2 [5] -1/-1/-1->3->2 [6] -1/-1/-1->3->2 [7] -1/-1/-1->3->2 [8] -1/-1/-1->3->2 [9] -1/-1/-1->3->2 [10] 0/-1/-1->3->2 [11] 0/-1/-1->3->2 [12] 0/-1/-1->3->2 [13] 0/-1/-1->3->2 [14] 0/-1/-1->3->-1 [15] 0/-1/-1->3->-1 [16] -1/-1/-1->3->2 [17] -1/-1/-1->3->2 [18] -1/-1/-1->3->2 [19] -1/-1/-1->3->2 [20] -1/-1/-1->3->2 [21] -1/-1/-1->3->2 [22] -1/-1/-1->3->2 [23] -1/-1/-1->3->2 [24] -1/-1/-1->3->2 [25] -1/-1/-1->3->2 [26] 0/-1/-1->3->2 [27] 0/-1/-1->3->2 [28] 0/-1/-1->3->2 [29] 0/-1/-1->3->2 [30] 0/-1/-1->3->-1 [31] 0/-1/-1->3->-1
