node23D400660:1241:3250 [2] NCCL INFO Connected all rings, use ring PXN 0 GDR 1
node23D400660:1242:3248 [3] NCCL INFO Connected all rings, use ring PXN 0 GDR 1
node23D400660:1242:1242 [3] NCCL INFO Comm config Blocking set to 1
node23D400660:1240:1240 [1] NCCL INFO Comm config Blocking set to 1
node23D400660:1242:3252 [3] NCCL INFO Assigned NET plugin Socket to comm
node23D400660:1242:3252 [3] NCCL INFO Using network Socket
node23D400660:1242:3252 [3] NCCL INFO ncclCommInitRankConfig comm 0x66481af0 rank 27 nranks 32 cudaDev 3 nvmlDev 3 busId 1901000 commId 0xd804d16d8b39a0c9 - Init START
node23D400660:1240:3253 [1] NCCL INFO Assigned NET plugin Socket to comm
node23D400660:1240:3253 [1] NCCL INFO Using network Socket
node23D400660:1240:3253 [1] NCCL INFO ncclCommInitRankConfig comm 0x62579ba0 rank 25 nranks 32 cudaDev 1 nvmlDev 1 busId 901000 commId 0xd804d16d8b39a0c9 - Init START
node23D400660:1241:1241 [2] NCCL INFO Comm config Blocking set to 1
node23D400660:1241:3254 [2] NCCL INFO Assigned NET plugin Socket to comm
node23D400660:1241:3254 [2] NCCL INFO Using network Socket
node23D400660:1241:3254 [2] NCCL INFO ncclCommInitRankConfig comm 0x7a20ee30 rank 26 nranks 32 cudaDev 2 nvmlDev 2 busId 1801000 commId 0xd804d16d8b39a0c9 - Init START
node23D400660:1239:1239 [0] NCCL INFO Comm config Blocking set to 1
node23D400660:1239:3255 [0] NCCL INFO Assigned NET plugin Socket to comm
node23D400660:1239:3255 [0] NCCL INFO Using network Socket
node23D400660:1239:3255 [0] NCCL INFO ncclCommInitRankConfig comm 0x47ac9e90 rank 24 nranks 32 cudaDev 0 nvmlDev 0 busId 801000 commId 0xd804d16d8b39a0c9 - Init START
node23D400660:1241:3254 [2] NCCL INFO Bootstrap timings total 0.278969 (create 0.000028, send 0.000103, recv 0.000455, ring 0.278235, delay 0.000000)
node23D400660:1242:3252 [3] NCCL INFO Bootstrap timings total 0.299288 (create 0.000041, send 0.000136, recv 0.000223, ring 0.278226, delay 0.000000)
node23D400660:1240:3253 [1] NCCL INFO Bootstrap timings total 0.299166 (create 0.000032, send 0.000138, recv 0.020464, ring 0.001546, delay 0.000000)
node23D400660:1239:3255 [0] NCCL INFO Bootstrap timings total 0.002783 (create 0.000069, send 0.000185, recv 0.000392, ring 0.001855, delay 0.000000)
node23D400660:1241:3254 [2] NCCL INFO MNNVL busId 0x1801000 fabric UUID aa48724aeeaad6a8.b34b901796a1c18d cliqueId 0x7ffe state 3 healthMask 0xaa
node23D400660:1242:3252 [3] NCCL INFO MNNVL busId 0x1901000 fabric UUID aa48724aeeaad6a8.b34b901796a1c18d cliqueId 0x7ffe state 3 healthMask 0xaa
node23D400660:1240:3253 [1] NCCL INFO MNNVL busId 0x901000 fabric UUID aa48724aeeaad6a8.b34b901796a1c18d cliqueId 0x7ffe state 3 healthMask 0xaa
node23D400660:1239:3255 [0] NCCL INFO MNNVL busId 0x801000 fabric UUID aa48724aeeaad6a8.b34b901796a1c18d cliqueId 0x7ffe state 3 healthMask 0xaa
node23D400660:1239:3255 [0] NCCL INFO MNNVL 1 cliqueId 7ffe cliqueSize 32 cliqueRank 24
node23D400660:1241:3254 [2] NCCL INFO MNNVL 1 cliqueId 7ffe cliqueSize 32 cliqueRank 26
node23D400660:1240:3253 [1] NCCL INFO MNNVL 1 cliqueId 7ffe cliqueSize 32 cliqueRank 25
node23D400660:1242:3252 [3] NCCL INFO MNNVL 1 cliqueId 7ffe cliqueSize 32 cliqueRank 27
node23D400660:1240:3253 [1] NCCL INFO Setting affinity for GPU 1 to 0-71
node23D400660:1241:3254 [2] NCCL INFO Setting affinity for GPU 2 to 72-143
node23D400660:1239:3255 [0] NCCL INFO Setting affinity for GPU 0 to 0-71
node23D400660:1242:3252 [3] NCCL INFO Setting affinity for GPU 3 to 72-143
node23D400660:1242:3252 [3] NCCL INFO comm 0x66481af0 rank 27 nRanks 32 nNodes 1 localRanks 32 localRank 27 MNNVL 1
node23D400660:1240:3253 [1] NCCL INFO comm 0x62579ba0 rank 25 nRanks 32 nNodes 1 localRanks 32 localRank 25 MNNVL 1
node23D400660:1241:3254 [2] NCCL INFO comm 0x7a20ee30 rank 26 nRanks 32 nNodes 1 localRanks 32 localRank 26 MNNVL 1
node23D400660:1242:3252 [3] NCCL INFO Trees [0] 28/-1/-1->27->26 [1] 28/-1/-1->27->26 [2] 28/-1/-1->27->26 [3] 28/-1/-1->27->26 [4] 28/-1/-1->27->26 [5] 28/-1/-1->27->26 [6] 28/-1/-1->27->26 [7] 28/-1/-1->27->26 [8] 28/-1/-1->27->26 [9] 28/-1/-1->27->26 [10] 28/-1/-1->27->26 [11] 28/-1/-1->27->26 [12] 28/-1/-1->27->26 [13] 28/-1/-1->27->26 [14] 28/-1/-1->27->26 [15] 28/-1/-1->27->26 [16] 28/-1/-1->27->26 [17] 28/-1/-1->27->26 [18] 28/-1/-1->27->26 [19] 28/-1/-1->27->26 [20] 28/-1/-1->27->26 [21] 28/-1/-1->27->26 [22] 28/-1/-1->27->26 [23] 28/-1/-1->27->26 [24] 28/-1/-1->27->26 [25] 28/-1/-1->27->26 [26] 28/-1/-1->27->26 [27] 28/-1/-1->27->26 [28] 28/-1/-1->27->26 [29] 28/-1/-1->27->26 [30] 28/-1/-1->27->26 [31] 28/-1/-1->27->26
node23D400660:1242:3252 [3] NCCL INFO P2P Chunksize set to 524288
node23D400660:1240:3253 [1] NCCL INFO Trees [0] 26/-1/-1->25->24 [1] 26/-1/-1->25->24 [2] 26/-1/-1->25->24 [3] 26/-1/-1->25->24 [4] 26/-1/-1->25->24 [5] 26/-1/-1->25->24 [6] 26/-1/-1->25->24 [7] 26/-1/-1->25->24 [8] 26/-1/-1->25->24 [9] 26/-1/-1->25->24 [10] 26/-1/-1->25->24 [11] 26/-1/-1->25->24 [12] 26/-1/-1->25->24 [13] 26/-1/-1->25->24 [14] 26/-1/-1->25->24 [15] 26/-1/-1->25->24 [16] 26/-1/-1->25->24 [17] 26/-1/-1->25->24 [18] 26/-1/-1->25->24 [19] 26/-1/-1->25->24 [20] 26/-1/-1->25->24 [21] 26/-1/-1->25->24 [22] 26/-1/-1->25->24 [23] 26/-1/-1->25->24 [24] 26/-1/-1->25->24 [25] 26/-1/-1->25->24 [26] 26/-1/-1->25->24 [27] 26/-1/-1->25->24 [28] 26/-1/-1->25->24 [29] 26/-1/-1->25->24 [30] 26/-1/-1->25->24 [31] 26/-1/-1->25->24
node23D400660:1240:3253 [1] NCCL INFO P2P Chunksize set to 524288
node23D400660:1241:3254 [2] NCCL INFO Trees [0] 27/-1/-1->26->25 [1] 27/-1/-1->26->25 [2] 27/-1/-1->26->25 [3] 27/-1/-1->26->25 [4] 27/-1/-1->26->25 [5] 27/-1/-1->26->25 [6] 27/-1/-1->26->25 [7] 27/-1/-1->26->25 [8] 27/-1/-1->26->25 [9] 27/-1/-1->26->25 [10] 27/-1/-1->26->25 [11] 27/-1/-1->26->25 [12] 27/-1/-1->26->25 [13] 27/-1/-1->26->25 [14] 27/-1/-1->26->25 [15] 27/-1/-1->26->25 [16] 27/-1/-1->26->25 [17] 27/-1/-1->26->25 [18] 27/-1/-1->26->25 [19] 27/-1/-1->26->25 [20] 27/-1/-1->26->25 [21] 27/-1/-1->26->25 [22] 27/-1/-1->26->25 [23] 27/-1/-1->26->25 [24] 27/-1/-1->26->25 [25] 27/-1/-1->26->25 [26] 27/-1/-1->26->25 [27] 27/-1/-1->26->25 [28] 27/-1/-1->26->25 [29] 27/-1/-1->26->25 [30] 27/-1/-1->26->25 [31] 27/-1/-1->26->25
node23D400660:1241:3254 [2] NCCL INFO P2P Chunksize set to 524288
node23D400660:1239:3255 [0] NCCL INFO comm 0x47ac9e90 rank 24 nRanks 32 nNodes 1 localRanks 32 localRank 24 MNNVL 1
node23D400660:1239:3255 [0] NCCL INFO Trees [0] 25/-1/-1->24->23 [1] 25/-1/-1->24->23 [2] 25/-1/-1->24->23 [3] 25/-1/-1->24->23 [4] 25/-1/-1->24->23 [5] 25/-1/-1->24->23 [6] 25/-1/-1->24->23 [7] 25/-1/-1->24->23 [8] 25/-1/-1->24->23 [9] 25/-1/-1->24->23 [10] 25/-1/-1->24->23 [11] 25/-1/-1->24->23 [12] 25/-1/-1->24->23 [13] 25/-1/-1->24->23 [14] 25/-1/-1->24->23 [15] 25/-1/-1->24->23 [16] 25/-1/-1->24->23 [17] 25/-1/-1->24->23 [18] 25/-1/-1->24->23 [19] 25/-1/-1->24->23 [20] 25/-1/-1->24->23 [21] 25/-1/-1->24->23 [22] 25/-1/-1->24->23 [23] 25/-1/-1->24->23 [24] 25/-1/-1->24->23 [25] 25/-1/-1->24->23 [26] 25/-1/-1->24->23 [27] 25/-1/-1->24->23 [28] 25/-1/-1->24->23 [29] 25/-1/-1->24->23 [30] 25/-1/-1->24->23 [31] 25/-1/-1->24->23
node23D400660:1240:3257 [1] NCCL INFO [Proxy Service] Device 1 CPU core 69
node23D400660:1239:3255 [0] NCCL INFO P2P Chunksize set to 524288
node23D400660:1242:3256 [3] NCCL INFO [Proxy Service] Device 3 CPU core 79
node23D400660:1240:3260 [1] NCCL INFO [Proxy Service UDS] Device 1 CPU core 70
node23D400660:1242:3259 [3] NCCL INFO [Proxy Service UDS] Device 3 CPU core 80
node23D400660:1241:3261 [2] NCCL INFO [Proxy Service UDS] Device 2 CPU core 81
node23D400660:1241:3258 [2] NCCL INFO [Proxy Service] Device 2 CPU core 76
node23D400660:1239:3262 [0] NCCL INFO [Proxy Service] Device 0 CPU core 22
node23D400660:1239:3263 [0] NCCL INFO [Proxy Service UDS] Device 0 CPU core 23
node23D400660:1240:3253 [1] NCCL INFO threadThresholds 8/8/64 | 256/8/64 | 512 | 512
node23D400660:1240:3253 [1] NCCL INFO 32 coll channels, 32 collnet channels, 0 nvls channels, 32 p2p channels, 32 p2p channels per peer
node23D400660:1239:3255 [0] NCCL INFO threadThresholds 8/8/64 | 256/8/64 | 512 | 512
node23D400660:1239:3255 [0] NCCL INFO 32 coll channels, 32 collnet channels, 0 nvls channels, 32 p2p channels, 32 p2p channels per peer
node23D400660:1242:3252 [3] NCCL INFO threadThresholds 8/8/64 | 256/8/64 | 512 | 512
node23D400660:1242:3252 [3] NCCL INFO 32 coll channels, 32 collnet channels, 0 nvls channels, 32 p2p channels, 32 p2p channels per peer
node23D400660:1241:3254 [2] NCCL INFO threadThresholds 8/8/64 | 256/8/64 | 512 | 512
node23D400660:1241:3254 [2] NCCL INFO 32 coll channels, 32 collnet channels, 0 nvls channels, 32 p2p channels, 32 p2p channels per peer
node23D400660:1240:3253 [1] NCCL INFO ncclCommInitRankConfig comm 0x62579ba0 rank 25 nranks 32 cudaDev 1 nvmlDev 1 busId 901000 commId 0xd804d16d8b39a0c9 - Init COMPLETE
node23D400660:1240:3253 [1] NCCL INFO Init timings - ncclCommInitRankConfig: rank 25 nranks 32 total 1.86 (kernels 0.00, alloc 0.00, bootstrap 0.30, allgathers 0.14, topo 1.22, graphs 0.02, connections 0.15, rest 0.03)
node23D400660:1239:3255 [0] NCCL INFO ncclCommInitRankConfig comm 0x47ac9e90 rank 24 nranks 32 cudaDev 0 nvmlDev 0 busId 801000 commId 0xd804d16d8b39a0c9 - Init COMPLETE
node23D400660:1239:3255 [0] NCCL INFO Init timings - ncclCommInitRankConfig: rank 24 nranks 32 total 1.57 (kernels 0.00, alloc 0.00, bootstrap 0.00, allgathers 0.12, topo 1.26, graphs 0.02, connections 0.16, rest 0.01)
node23D400660:1242:3252 [3] NCCL INFO ncclCommInitRankConfig comm 0x66481af0 rank 27 nranks 32 cudaDev 3 nvmlDev 3 busId 1901000 commId 0xd804d16d8b39a0c9 - Init COMPLETE
node23D400660:1241:3254 [2] NCCL INFO ncclCommInitRankConfig comm 0x7a20ee30 rank 26 nranks 32 cudaDev 2 nvmlDev 2 busId 1801000 commId 0xd804d16d8b39a0c9 - Init COMPLETE
node23D400660:1242:3252 [3] NCCL INFO Init timings - ncclCommInitRankConfig: rank 27 nranks 32 total 1.86 (kernels 0.00, alloc 0.00, bootstrap 0.30, allgathers 0.04, topo 1.32, graphs 0.02, connections 0.16, rest 0.03)
node23D400660:1241:3254 [2] NCCL INFO Init timings - ncclCommInitRankConfig: rank 26 nranks 32 total 1.84 (kernels 0.00, alloc 0.00, bootstrap 0.28, allgathers 0.13, topo 1.24, graphs 0.02, connections 0.16, rest 0.03)
node23D400660:1239:3266 [0] NCCL INFO Channel 00/0 : 24[0] -> 25[1] via P2P/MNNVL
node23D400660:1242:3267 [3] NCCL INFO Channel 00/0 : 27[3] -> 28[0] via P2P/MNNVL
node23D400660:1242:3267 [3] NCCL INFO Channel 01/0 : 27[3] -> 28[0] via P2P/MNNVL
node23D400660:1239:3266 [0] NCCL INFO Channel 01/0 : 24[0] -> 25[1] via P2P/MNNVL
node23D400660:1240:3264 [1] NCCL INFO Channel 00/0 : 25[1] -> 26[2] via P2P/MNNVL
node23D400660:1241:3265 [2] NCCL INFO Channel 00/0 : 26[2] -> 27[3] via P2P/MNNVL
node23D400660:1239:3266 [0] NCCL INFO Channel 02/0 : 24[0] -> 25[1] via P2P/MNNVL
node23D400660:1240:3264 [1] NCCL INFO Channel 01/0 : 25[1] -> 26[2] via P2P/MNNVL
node23D400660:1242:3267 [3] NCCL INFO Channel 02/0 : 27[3] -> 28[0] via P2P/MNNVL
node23D400660:1241:3265 [2] NCCL INFO Channel 01/0 : 26[2] -> 27[3] via P2P/MNNVL
node23D400660:1239:3266 [0] NCCL INFO Channel 03/0 : 24[0] -> 25[1] via P2P/MNNVL
node23D400660:1240:3264 [1] NCCL INFO Channel 02/0 : 25[1] -> 26[2] via P2P/MNNVL
node23D400660:1241:3265 [2] NCCL INFO Channel 02/0 : 26[2] -> 27[3] via P2P/MNNVL
node23D400660:1242:3267 [3] NCCL INFO Channel 03/0 : 27[3] -> 28[0] via P2P/MNNVL
node23D400660:1241:3265 [2] NCCL INFO Channel 03/0 : 26[2] -> 27[3] via P2P/MNNVL
node23D400660:1242:3267 [3] NCCL INFO Channel 04/0 : 27[3] -> 28[0] via P2P/MNNVL
node23D400660:1240:3264 [1] NCCL INFO Channel 03/0 : 25[1] -> 26[2] via P2P/MNNVL
node23D400660:1239:3266 [0] NCCL INFO Channel 04/0 : 24[0] -> 25[1] via P2P/MNNVL
node23D400660:1240:3264 [1] NCCL INFO Channel 04/0 : 25[1] -> 26[2] via P2P/MNNVL
node23D400660:1239:3266 [0] NCCL INFO Channel 05/0 : 24[0] -> 25[1] via P2P/MNNVL
node23D400660:1240:3264 [1] NCCL INFO Channel 05/0 : 25[1] -> 26[2] via P2P/MNNVL
node23D400660:1242:3267 [3] NCCL INFO Channel 05/0 : 27[3] -> 28[0] via P2P/MNNVL
node23D400660:1241:3265 [2] NCCL INFO Channel 04/0 : 26[2] -> 27[3] via P2P/MNNVL
node23D400660:1239:3266 [0] NCCL INFO Channel 06/0 : 24[0] -> 25[1] via P2P/MNNVL
node23D400660:1241:3265 [2] NCCL INFO Channel 05/0 : 26[2] -> 27[3] via P2P/MNNVL
node23D400660:1242:3267 [3] NCCL INFO Channel 06/0 : 27[3] -> 28[0] via P2P/MNNVL
node23D400660:1239:3266 [0] NCCL INFO Channel 07/0 : 24[0] -> 25[1] via P2P/MNNVL
node23D400660:1240:3264 [1] NCCL INFO Channel 06/0 : 25[1] -> 26[2] via P2P/MNNVL
node23D400660:1242:3267 [3] NCCL INFO Channel 07/0 : 27[3] -> 28[0] via P2P/MNNVL
node23D400660:1240:3264 [1] NCCL INFO Channel 07/0 : 25[1] -> 26[2] via P2P/MNNVL
node23D400660:1241:3265 [2] NCCL INFO Channel 06/0 : 26[2] -> 27[3] via P2P/MNNVL
node23D400660:1239:3266 [0] NCCL INFO Channel 08/0 : 24[0] -> 25[1] via P2P/MNNVL
node23D400660:1242:3267 [3] NCCL INFO Channel 08/0 : 27[3] -> 28[0] via P2P/MNNVL
node23D400660:1240:3264 [1] NCCL INFO Channel 08/0 : 25[1] -> 26[2] via P2P/MNNVL
node23D400660:1239:3266 [0] NCCL INFO Channel 09/0 : 24[0] -> 25[1] via P2P/MNNVL
node23D400660:1241:3265 [2] NCCL INFO Channel 07/0 : 26[2] -> 27[3] via P2P/MNNVL
node23D400660:1240:3264 [1] NCCL INFO Channel 09/0 : 25[1] -> 26[2] via P2P/MNNVL
node23D400660:1239:3266 [0] NCCL INFO Channel 10/0 : 24[0] -> 25[1] via P2P/MNNVL
node23D400660:1242:3267 [3] NCCL INFO Channel 09/0 : 27[3] -> 28[0] via P2P/MNNVL
node23D400660:1241:3265 [2] NCCL INFO Channel 08/0 : 26[2] -> 27[3] via P2P/MNNVL
node23D400660:1240:3264 [1] NCCL INFO Channel 10/0 : 25[1] -> 26[2] via P2P/MNNVL
node23D400660:1242:3267 [3] NCCL INFO Channel 10/0 : 27[3] -> 28[0] via P2P/MNNVL
node23D400660:1239:3266 [0] NCCL INFO Channel 11/0 : 24[0] -> 25[1] via P2P/MNNVL
node23D400660:1241:3265 [2] NCCL INFO Channel 09/0 : 26[2] -> 27[3] via P2P/MNNVL
node23D400660:1240:3264 [1] NCCL INFO Channel 11/0 : 25[1] -> 26[2] via P2P/MNNVL
node23D400660:1242:3267 [3] NCCL INFO Channel 11/0 : 27[3] -> 28[0] via P2P/MNNVL
node23D400660:1239:3266 [0] NCCL INFO Channel 12/0 : 24[0] -> 25[1] via P2P/MNNVL
node23D400660:1240:3264 [1] NCCL INFO Channel 12/0 : 25[1] -> 26[2] via P2P/MNNVL
node23D400660:1242:3267 [3] NCCL INFO Channel 12/0 : 27[3] -> 28[0] via P2P/MNNVL
node23D400660:1239:3266 [0] NCCL INFO Channel 13/0 : 24[0] -> 25[1] via P2P/MNNVL
node23D400660:1240:3264 [1] NCCL INFO Channel 13/0 : 25[1] -> 26[2] via P2P/MNNVL
node23D400660:1241:3265 [2] NCCL INFO Channel 10/0 : 26[2] -> 27[3] via P2P/MNNVL
node23D400660:1239:3266 [0] NCCL INFO Channel 14/0 : 24[0] -> 25[1] via P2P/MNNVL
node23D400660:1242:3267 [3] NCCL INFO Channel 13/0 : 27[3] -> 28[0] via P2P/MNNVL
node23D400660:1240:3264 [1] NCCL INFO Channel 14/0 : 25[1] -> 26[2] via P2P/MNNVL
node23D400660:1241:3265 [2] NCCL INFO Channel 11/0 : 26[2] -> 27[3] via P2P/MNNVL
node23D400660:1239:3266 [0] NCCL INFO Channel 15/0 : 24[0] -> 25[1] via P2P/MNNVL
node23D400660:1242:3267 [3] NCCL INFO Channel 14/0 : 27[3] -> 28[0] via P2P/MNNVL
node23D400660:1240:3264 [1] NCCL INFO Channel 15/0 : 25[1] -> 26[2] via P2P/MNNVL
node23D400660:1241:3265 [2] NCCL INFO Channel 12/0 : 26[2] -> 27[3] via P2P/MNNVL
node23D400660:1239:3266 [0] NCCL INFO Channel 16/0 : 24[0] -> 25[1] via P2P/MNNVL
node23D400660:1242:3267 [3] NCCL INFO Channel 15/0 : 27[3] -> 28[0] via P2P/MNNVL
node23D400660:1240:3264 [1] NCCL INFO Channel 16/0 : 25[1] -> 26[2] via P2P/MNNVL
node23D400660:1241:3265 [2] NCCL INFO Channel 13/0 : 26[2] -> 27[3] via P2P/MNNVL
node23D400660:1239:3266 [0] NCCL INFO Channel 17/0 : 24[0] -> 25[1] via P2P/MNNVL
node23D400660:1242:3267 [3] NCCL INFO Channel 16/0 : 27[3] -> 28[0] via P2P/MNNVL
node23D400660:1240:3264 [1] NCCL INFO Channel 17/0 : 25[1] -> 26[2] via P2P/MNNVL
node23D400660:1241:3265 [2] NCCL INFO Channel 14/0 : 26[2] -> 27[3] via P2P/MNNVL
node23D400660:1239:3266 [0] NCCL INFO Channel 18/0 : 24[0] -> 25[1] via P2P/MNNVL
node23D400660:1242:3267 [3] NCCL INFO Channel 17/0 : 27[3] -> 28[0] via P2P/MNNVL
node23D400660:1241:3265 [2] NCCL INFO Channel 15/0 : 26[2] -> 27[3] via P2P/MNNVL
node23D400660:1240:3264 [1] NCCL INFO Channel 18/0 : 25[1] -> 26[2] via P2P/MNNVL
node23D400660:1239:3266 [0] NCCL INFO Channel 19/0 : 24[0] -> 25[1] via P2P/MNNVL
node23D400660:1242:3267 [3] NCCL INFO Channel 18/0 : 27[3] -> 28[0] via P2P/MNNVL
node23D400660:1241:3265 [2] NCCL INFO Channel 16/0 : 26[2] -> 27[3] via P2P/MNNVL
node23D400660:1239:3266 [0] NCCL INFO Channel 20/0 : 24[0] -> 25[1] via P2P/MNNVL
node23D400660:1241:3265 [2] NCCL INFO Channel 17/0 : 26[2] -> 27[3] via P2P/MNNVL
node23D400660:1242:3267 [3] NCCL INFO Channel 19/0 : 27[3] -> 28[0] via P2P/MNNVL
node23D400660:1240:3264 [1] NCCL INFO Channel 19/0 : 25[1] -> 26[2] via P2P/MNNVL
node23D400660:1239:3266 [0] NCCL INFO Channel 21/0 : 24[0] -> 25[1] via P2P/MNNVL
node23D400660:1242:3267 [3] NCCL INFO Channel 20/0 : 27[3] -> 28[0] via P2P/MNNVL
node23D400660:1241:3265 [2] NCCL INFO Channel 18/0 : 26[2] -> 27[3] via P2P/MNNVL
node23D400660:1240:3264 [1] NCCL INFO Channel 20/0 : 25[1] -> 26[2] via P2P/MNNVL
node23D400660:1239:3266 [0] NCCL INFO Channel 22/0 : 24[0] -> 25[1] via P2P/MNNVL
node23D400660:1240:3264 [1] NCCL INFO Channel 21/0 : 25[1] -> 26[2] via P2P/MNNVL
node23D400660:1239:3266 [0] NCCL INFO Channel 23/0 : 24[0] -> 25[1] via P2P/MNNVL
node23D400660:1241:3265 [2] NCCL INFO Channel 19/0 : 26[2] -> 27[3] via P2P/MNNVL
node23D400660:1242:3267 [3] NCCL INFO Channel 21/0 : 27[3] -> 28[0] via P2P/MNNVL
node23D400660:1242:3267 [3] NCCL INFO Channel 22/0 : 27[3] -> 28[0] via P2P/MNNVL
node23D400660:1241:3265 [2] NCCL INFO Channel 20/0 : 26[2] -> 27[3] via P2P/MNNVL
node23D400660:1239:3266 [0] NCCL INFO Channel 24/0 : 24[0] -> 25[1] via P2P/MNNVL
node23D400660:1240:3264 [1] NCCL INFO Channel 22/0 : 25[1] -> 26[2] via P2P/MNNVL
node23D400660:1242:3267 [3] NCCL INFO Channel 23/0 : 27[3] -> 28[0] via P2P/MNNVL
node23D400660:1241:3265 [2] NCCL INFO Channel 21/0 : 26[2] -> 27[3] via P2P/MNNVL
node23D400660:1239:3266 [0] NCCL INFO Channel 25/0 : 24[0] -> 25[1] via P2P/MNNVL
node23D400660:1242:3267 [3] NCCL INFO Channel 24/0 : 27[3] -> 28[0] via P2P/MNNVL
node23D400660:1240:3264 [1] NCCL INFO Channel 23/0 : 25[1] -> 26[2] via P2P/MNNVL
node23D400660:1241:3265 [2] NCCL INFO Channel 22/0 : 26[2] -> 27[3] via P2P/MNNVL
node23D400660:1241:3265 [2] NCCL INFO Channel 23/0 : 26[2] -> 27[3] via P2P/MNNVL
node23D400660:1240:3264 [1] NCCL INFO Channel 24/0 : 25[1] -> 26[2] via P2P/MNNVL
node23D400660:1239:3266 [0] NCCL INFO Channel 26/0 : 24[0] -> 25[1] via P2P/MNNVL
node23D400660:1242:3267 [3] NCCL INFO Channel 25/0 : 27[3] -> 28[0] via P2P/MNNVL
node23D400660:1241:3265 [2] NCCL INFO Channel 24/0 : 26[2] -> 27[3] via P2P/MNNVL
node23D400660:1240:3264 [1] NCCL INFO Channel 25/0 : 25[1] -> 26[2] via P2P/MNNVL
node23D400660:1242:3267 [3] NCCL INFO Channel 26/0 : 27[3] -> 28[0] via P2P/MNNVL
node23D400660:1239:3266 [0] NCCL INFO Channel 27/0 : 24[0] -> 25[1] via P2P/MNNVL
node23D400660:1240:3264 [1] NCCL INFO Channel 26/0 : 25[1] -> 26[2] via P2P/MNNVL
node23D400660:1239:3266 [0] NCCL INFO Channel 28/0 : 24[0] -> 25[1] via P2P/MNNVL
node23D400660:1242:3267 [3] NCCL INFO Channel 27/0 : 27[3] -> 28[0] via P2P/MNNVL
node23D400660:1241:3265 [2] NCCL INFO Channel 25/0 : 26[2] -> 27[3] via P2P/MNNVL
node23D400660:1241:3265 [2] NCCL INFO Channel 26/0 : 26[2] -> 27[3] via P2P/MNNVL
node23D400660:1240:3264 [1] NCCL INFO Channel 27/0 : 25[1] -> 26[2] via P2P/MNNVL
node23D400660:1242:3267 [3] NCCL INFO Channel 28/0 : 27[3] -> 28[0] via P2P/MNNVL
node23D400660:1239:3266 [0] NCCL INFO Channel 29/0 : 24[0] -> 25[1] via P2P/MNNVL
node23D400660:1241:3265 [2] NCCL INFO Channel 27/0 : 26[2] -> 27[3] via P2P/MNNVL
node23D400660:1240:3264 [1] NCCL INFO Channel 28/0 : 25[1] -> 26[2] via P2P/MNNVL
node23D400660:1242:3267 [3] NCCL INFO Channel 29/0 : 27[3] -> 28[0] via P2P/MNNVL
node23D400660:1239:3266 [0] NCCL INFO Channel 30/0 : 24[0] -> 25[1] via P2P/MNNVL
node23D400660:1240:3264 [1] NCCL INFO Channel 29/0 : 25[1] -> 26[2] via P2P/MNNVL
node23D400660:1242:3267 [3] NCCL INFO Channel 30/0 : 27[3] -> 28[0] via P2P/MNNVL
node23D400660:1241:3265 [2] NCCL INFO Channel 28/0 : 26[2] -> 27[3] via P2P/MNNVL
node23D400660:1239:3266 [0] NCCL INFO Channel 31/0 : 24[0] -> 25[1] via P2P/MNNVL
node23D400660:1240:3264 [1] NCCL INFO Channel 30/0 : 25[1] -> 26[2] via P2P/MNNVL
node23D400660:1241:3265 [2] NCCL INFO Channel 29/0 : 26[2] -> 27[3] via P2P/MNNVL
node23D400660:1242:3267 [3] NCCL INFO Channel 31/0 : 27[3] -> 28[0] via P2P/MNNVL
node23D400660:1241:3265 [2] NCCL INFO Channel 30/0 : 26[2] -> 27[3] via P2P/MNNVL
node23D400660:1240:3264 [1] NCCL INFO Channel 31/0 : 25[1] -> 26[2] via P2P/MNNVL
node23D400660:1241:3265 [2] NCCL INFO Channel 31/0 : 26[2] -> 27[3] via P2P/MNNVL
node23D400660:1239:3266 [0] NCCL INFO Connected all rings, use ring PXN 0 GDR 1
node23D400660:1240:3264 [1] NCCL INFO Connected all rings, use ring PXN 0 GDR 1
node23D400660:1241:3265 [2] NCCL INFO Connected all rings, use ring PXN 0 GDR 1
node23D400660:1242:3267 [3] NCCL INFO Connected all rings, use ring PXN 0 GDR 1
[Rank 50] (after 1 iterations) memory (MB) | allocated: 87119.7177734375 | max allocated: 94769.75 | reserved: 87820.0 | max reserved: 95044.0
[Rank 51] (after 1 iterations) memory (MB) | allocated: 87119.7177734375 | max allocated: 94769.75 | reserved: 87808.0 | max reserved: 95032.0[Rank 49] (after 1 iterations) memory (MB) | allocated: 87119.7177734375 | max allocated: 94769.75 | reserved: 87820.0 | max reserved: 95002.0

[Rank 48] (after 1 iterations) memory (MB) | allocated: 87119.7177734375 | max allocated: 94769.75 | reserved: 87898.0 | max reserved: 95080.0
node23D400660:1240:3268 [1] NCCL INFO Channel 00/1 : 49[1] -> 0[0] via P2P/MNNVL
node23D400660:1240:3268 [1] NCCL INFO Channel 01/1 : 49[1] -> 0[0] via P2P/MNNVL
node23D400660:1241:3269 [2] NCCL INFO Channel 00/1 : 50[2] -> 0[0] via P2P/MNNVL
node23D400660:1242:3270 [3] NCCL INFO Channel 00/1 : 51[3] -> 0[0] via P2P/MNNVL
node23D400660:1239:3271 [0] NCCL INFO Channel 00/1 : 48[0] -> 0[0] via P2P/MNNVL
node23D400660:1240:3268 [1] NCCL INFO Channel 02/1 : 49[1] -> 0[0] via P2P/MNNVL
node23D400660:1240:3268 [1] NCCL INFO Channel 03/1 : 49[1] -> 0[0] via P2P/MNNVL
node23D400660:1239:3271 [0] NCCL INFO Channel 01/1 : 48[0] -> 0[0] via P2P/MNNVL
node23D400660:1242:3270 [3] NCCL INFO Channel 01/1 : 51[3] -> 0[0] via P2P/MNNVL
node23D400660:1241:3269 [2] NCCL INFO Channel 01/1 : 50[2] -> 0[0] via P2P/MNNVL
node23D400660:1240:3268 [1] NCCL INFO Channel 04/1 : 49[1] -> 0[0] via P2P/MNNVL
node23D400660:1240:3268 [1] NCCL INFO Channel 05/1 : 49[1] -> 0[0] via P2P/MNNVL
node23D400660:1241:3269 [2] NCCL INFO Channel 02/1 : 50[2] -> 0[0] via P2P/MNNVL
node23D400660:1242:3270 [3] NCCL INFO Channel 02/1 : 51[3] -> 0[0] via P2P/MNNVL
node23D400660:1239:3271 [0] NCCL INFO Channel 02/1 : 48[0] -> 0[0] via P2P/MNNVL
node23D400660:1240:3268 [1] NCCL INFO Channel 06/1 : 49[1] -> 0[0] via P2P/MNNVL
node23D400660:1241:3269 [2] NCCL INFO Channel 03/1 : 50[2] -> 0[0] via P2P/MNNVL
node23D400660:1242:3270 [3] NCCL INFO Channel 03/1 : 51[3] -> 0[0] via P2P/MNNVL
node23D400660:1239:3271 [0] NCCL INFO Channel 03/1 : 48[0] -> 0[0] via P2P/MNNVL
node23D400660:1242:3270 [3] NCCL INFO Channel 04/1 : 51[3] -> 0[0] via P2P/MNNVL
node23D400660:1240:3268 [1] NCCL INFO Channel 07/1 : 49[1] -> 0[0] via P2P/MNNVL
node23D400660:1241:3269 [2] NCCL INFO Channel 04/1 : 50[2] -> 0[0] via P2P/MNNVL
node23D400660:1241:3269 [2] NCCL INFO Channel 05/1 : 50[2] -> 0[0] via P2P/MNNVL
node23D400660:1240:3268 [1] NCCL INFO Channel 08/1 : 49[1] -> 0[0] via P2P/MNNVL
node23D400660:1242:3270 [3] NCCL INFO Channel 05/1 : 51[3] -> 0[0] via P2P/MNNVL
node23D400660:1239:3271 [0] NCCL INFO Channel 04/1 : 48[0] -> 0[0] via P2P/MNNVL
node23D400660:1241:3269 [2] NCCL INFO Channel 06/1 : 50[2] -> 0[0] via P2P/MNNVL
node23D400660:1240:3268 [1] NCCL INFO Channel 09/1 : 49[1] -> 0[0] via P2P/MNNVL
node23D400660:1239:3271 [0] NCCL INFO Channel 05/1 : 48[0] -> 0[0] via P2P/MNNVL
node23D400660:1242:3270 [3] NCCL INFO Channel 06/1 : 51[3] -> 0[0] via P2P/MNNVL
node23D400660:1242:3270 [3] NCCL INFO Channel 07/1 : 51[3] -> 0[0] via P2P/MNNVL
node23D400660:1239:3271 [0] NCCL INFO Channel 06/1 : 48[0] -> 0[0] via P2P/MNNVL
node23D400660:1240:3268 [1] NCCL INFO Channel 10/1 : 49[1] -> 0[0] via P2P/MNNVL
node23D400660:1241:3269 [2] NCCL INFO Channel 07/1 : 50[2] -> 0[0] via P2P/MNNVL
node23D400660:1242:3270 [3] NCCL INFO Channel 08/1 : 51[3] -> 0[0] via P2P/MNNVL
node23D400660:1241:3269 [2] NCCL INFO Channel 08/1 : 50[2] -> 0[0] via P2P/MNNVL
node23D400660:1240:3268 [1] NCCL INFO Channel 11/1 : 49[1] -> 0[0] via P2P/MNNVL
node23D400660:1239:3271 [0] NCCL INFO Channel 07/1 : 48[0] -> 0[0] via P2P/MNNVL
node23D400660:1242:3270 [3] NCCL INFO Channel 09/1 : 51[3] -> 0[0] via P2P/MNNVL
node23D400660:1241:3269 [2] NCCL INFO Channel 09/1 : 50[2] -> 0[0] via P2P/MNNVL
node23D400660:1239:3271 [0] NCCL INFO Channel 08/1 : 48[0] -> 0[0] via P2P/MNNVL
node23D400660:1240:3268 [1] NCCL INFO Channel 12/1 : 49[1] -> 0[0] via P2P/MNNVL
node23D400660:1240:3268 [1] NCCL INFO Channel 13/1 : 49[1] -> 0[0] via P2P/MNNVL
node23D400660:1241:3269 [2] NCCL INFO Channel 10/1 : 50[2] -> 0[0] via P2P/MNNVL
node23D400660:1239:3271 [0] NCCL INFO Channel 09/1 : 48[0] -> 0[0] via P2P/MNNVL
node23D400660:1240:3268 [1] NCCL INFO Channel 14/1 : 49[1] -> 0[0] via P2P/MNNVL
node23D400660:1242:3270 [3] NCCL INFO Channel 10/1 : 51[3] -> 0[0] via P2P/MNNVL
node23D400660:1239:3271 [0] NCCL INFO Channel 10/1 : 48[0] -> 0[0] via P2P/MNNVL
node23D400660:1241:3269 [2] NCCL INFO Channel 11/1 : 50[2] -> 0[0] via P2P/MNNVL
node23D400660:1240:3268 [1] NCCL INFO Channel 15/1 : 49[1] -> 0[0] via P2P/MNNVL
node23D400660:1242:3270 [3] NCCL INFO Channel 11/1 : 51[3] -> 0[0] via P2P/MNNVL
node23D400660:1240:3268 [1] NCCL INFO Channel 16/1 : 49[1] -> 0[0] via P2P/MNNVL
node23D400660:1239:3271 [0] NCCL INFO Channel 11/1 : 48[0] -> 0[0] via P2P/MNNVL
node23D400660:1240:3268 [1] NCCL INFO Channel 17/1 : 49[1] -> 0[0] via P2P/MNNVL
node23D400660:1242:3270 [3] NCCL INFO Channel 12/1 : 51[3] -> 0[0] via P2P/MNNVL
node23D400660:1241:3269 [2] NCCL INFO Channel 12/1 : 50[2] -> 0[0] via P2P/MNNVL
node23D400660:1239:3271 [0] NCCL INFO Channel 12/1 : 48[0] -> 0[0] via P2P/MNNVL
node23D400660:1240:3268 [1] NCCL INFO Channel 18/1 : 49[1] -> 0[0] via P2P/MNNVL
node23D400660:1239:3271 [0] NCCL INFO Channel 13/1 : 48[0] -> 0[0] via P2P/MNNVL
node23D400660:1240:3268 [1] NCCL INFO Channel 19/1 : 49[1] -> 0[0] via P2P/MNNVL
node23D400660:1241:3269 [2] NCCL INFO Channel 13/1 : 50[2] -> 0[0] via P2P/MNNVL
node23D400660:1242:3270 [3] NCCL INFO Channel 13/1 : 51[3] -> 0[0] via P2P/MNNVL
node23D400660:1239:3271 [0] NCCL INFO Channel 14/1 : 48[0] -> 0[0] via P2P/MNNVL
node23D400660:1240:3268 [1] NCCL INFO Channel 20/1 : 49[1] -> 0[0] via P2P/MNNVL
node23D400660:1242:3270 [3] NCCL INFO Channel 14/1 : 51[3] -> 0[0] via P2P/MNNVL
node23D400660:1239:3271 [0] NCCL INFO Channel 15/1 : 48[0] -> 0[0] via P2P/MNNVL
node23D400660:1239:3271 [0] NCCL INFO Channel 16/1 : 48[0] -> 0[0] via P2P/MNNVL
node23D400660:1242:3270 [3] NCCL INFO Channel 15/1 : 51[3] -> 0[0] via P2P/MNNVL
node23D400660:1240:3268 [1] NCCL INFO Channel 21/1 : 49[1] -> 0[0] via P2P/MNNVL
node23D400660:1241:3269 [2] NCCL INFO Channel 14/1 : 50[2] -> 0[0] via P2P/MNNVL
node23D400660:1239:3271 [0] NCCL INFO Channel 17/1 : 48[0] -> 0[0] via P2P/MNNVL
node23D400660:1240:3268 [1] NCCL INFO Channel 22/1 : 49[1] -> 0[0] via P2P/MNNVL
node23D400660:1241:3269 [2] NCCL INFO Channel 15/1 : 50[2] -> 0[0] via P2P/MNNVL
node23D400660:1242:3270 [3] NCCL INFO Channel 16/1 : 51[3] -> 0[0] via P2P/MNNVL
node23D400660:1240:3268 [1] NCCL INFO Channel 23/1 : 49[1] -> 0[0] via P2P/MNNVL
node23D400660:1242:3270 [3] NCCL INFO Channel 17/1 : 51[3] -> 0[0] via P2P/MNNVL
node23D400660:1239:3271 [0] NCCL INFO Channel 18/1 : 48[0] -> 0[0] via P2P/MNNVL
node23D400660:1241:3269 [2] NCCL INFO Channel 16/1 : 50[2] -> 0[0] via P2P/MNNVL
node23D400660:1240:3268 [1] NCCL INFO Channel 24/1 : 49[1] -> 0[0] via P2P/MNNVL
node23D400660:1241:3269 [2] NCCL INFO Channel 17/1 : 50[2] -> 0[0] via P2P/MNNVL
node23D400660:1242:3270 [3] NCCL INFO Channel 18/1 : 51[3] -> 0[0] via P2P/MNNVL
node23D400660:1239:3271 [0] NCCL INFO Channel 19/1 : 48[0] -> 0[0] via P2P/MNNVL
node23D400660:1240:3268 [1] NCCL INFO Channel 25/1 : 49[1] -> 0[0] via P2P/MNNVL
node23D400660:1239:3271 [0] NCCL INFO Channel 20/1 : 48[0] -> 0[0] via P2P/MNNVL
node23D400660:1240:3268 [1] NCCL INFO Channel 26/1 : 49[1] -> 0[0] via P2P/MNNVL
node23D400660:1241:3269 [2] NCCL INFO Channel 18/1 : 50[2] -> 0[0] via P2P/MNNVL
node23D400660:1242:3270 [3] NCCL INFO Channel 19/1 : 51[3] -> 0[0] via P2P/MNNVL
node23D400660:1239:3271 [0] NCCL INFO Channel 21/1 : 48[0] -> 0[0] via P2P/MNNVL
node23D400660:1241:3269 [2] NCCL INFO Channel 19/1 : 50[2] -> 0[0] via P2P/MNNVL
node23D400660:1240:3268 [1] NCCL INFO Channel 27/1 : 49[1] -> 0[0] via P2P/MNNVL
node23D400660:1242:3270 [3] NCCL INFO Channel 20/1 : 51[3] -> 0[0] via P2P/MNNVL
node23D400660:1239:3271 [0] NCCL INFO Channel 22/1 : 48[0] -> 0[0] via P2P/MNNVL
node23D400660:1241:3269 [2] NCCL INFO Channel 20/1 : 50[2] -> 0[0] via P2P/MNNVL
node23D400660:1240:3268 [1] NCCL INFO Channel 28/1 : 49[1] -> 0[0] via P2P/MNNVL
node23D400660:1239:3271 [0] NCCL INFO Channel 23/1 : 48[0] -> 0[0] via P2P/MNNVL
node23D400660:1242:3270 [3] NCCL INFO Channel 21/1 : 51[3] -> 0[0] via P2P/MNNVL
node23D400660:1239:3271 [0] NCCL INFO Channel 24/1 : 48[0] -> 0[0] via P2P/MNNVL
node23D400660:1240:3268 [1] NCCL INFO Channel 29/1 : 49[1] -> 0[0] via P2P/MNNVL
node23D400660:1241:3269 [2] NCCL INFO Channel 21/1 : 50[2] -> 0[0] via P2P/MNNVL
node23D400660:1240:3268 [1] NCCL INFO Channel 30/1 : 49[1] -> 0[0] via P2P/MNNVL
node23D400660:1242:3270 [3] NCCL INFO Channel 22/1 : 51[3] -> 0[0] via P2P/MNNVL
node23D400660:1239:3271 [0] NCCL INFO Channel 25/1 : 48[0] -> 0[0] via P2P/MNNVL
node23D400660:1240:3268 [1] NCCL INFO Channel 31/1 : 49[1] -> 0[0] via P2P/MNNVL
node23D400660:1239:3271 [0] NCCL INFO Channel 26/1 : 48[0] -> 0[0] via P2P/MNNVL
node23D400660:1242:3270 [3] NCCL INFO Channel 23/1 : 51[3] -> 0[0] via P2P/MNNVL
node23D400660:1241:3269 [2] NCCL INFO Channel 22/1 : 50[2] -> 0[0] via P2P/MNNVL
node23D400660:1242:3270 [3] NCCL INFO Channel 24/1 : 51[3] -> 0[0] via P2P/MNNVL
node23D400660:1241:3269 [2] NCCL INFO Channel 23/1 : 50[2] -> 0[0] via P2P/MNNVL
node23D400660:1239:3271 [0] NCCL INFO Channel 27/1 : 48[0] -> 0[0] via P2P/MNNVL
node23D400660:1241:3269 [2] NCCL INFO Channel 24/1 : 50[2] -> 0[0] via P2P/MNNVL
node23D400660:1242:3270 [3] NCCL INFO Channel 25/1 : 51[3] -> 0[0] via P2P/MNNVL
node23D400660:1239:3271 [0] NCCL INFO Channel 28/1 : 48[0] -> 0[0] via P2P/MNNVL
node23D400660:1239:3271 [0] NCCL INFO Channel 29/1 : 48[0] -> 0[0] via P2P/MNNVL
node23D400660:1241:3269 [2] NCCL INFO Channel 25/1 : 50[2] -> 0[0] via P2P/MNNVL
node23D400660:1242:3270 [3] NCCL INFO Channel 26/1 : 51[3] -> 0[0] via P2P/MNNVL
node23D400660:1239:3271 [0] NCCL INFO Channel 30/1 : 48[0] -> 0[0] via P2P/MNNVL
node23D400660:1241:3269 [2] NCCL INFO Channel 26/1 : 50[2] -> 0[0] via P2P/MNNVL
node23D400660:1242:3270 [3] NCCL INFO Channel 27/1 : 51[3] -> 0[0] via P2P/MNNVL
node23D400660:1241:3269 [2] NCCL INFO Channel 27/1 : 50[2] -> 0[0] via P2P/MNNVL
node23D400660:1242:3270 [3] NCCL INFO Channel 28/1 : 51[3] -> 0[0] via P2P/MNNVL
node23D400660:1239:3271 [0] NCCL INFO Channel 31/1 : 48[0] -> 0[0] via P2P/MNNVL
node23D400660:1242:3270 [3] NCCL INFO Channel 29/1 : 51[3] -> 0[0] via P2P/MNNVL
node23D400660:1241:3269 [2] NCCL INFO Channel 28/1 : 50[2] -> 0[0] via P2P/MNNVL
node23D400660:1241:3269 [2] NCCL INFO Channel 29/1 : 50[2] -> 0[0] via P2P/MNNVL
node23D400660:1242:3270 [3] NCCL INFO Channel 30/1 : 51[3] -> 0[0] via P2P/MNNVL
node23D400660:1241:3269 [2] NCCL INFO Channel 30/1 : 50[2] -> 0[0] via P2P/MNNVL
node23D400660:1242:3270 [3] NCCL INFO Channel 31/1 : 51[3] -> 0[0] via P2P/MNNVL
node23D400660:1241:3269 [2] NCCL INFO Channel 31/1 : 50[2] -> 0[0] via P2P/MNNVL
[rank48]:[E1116 00:51:07.359509489 ProcessGroupNCCL.cpp:1711] [PG ID 0 PG GUID 0(default_pg) Rank 48] Observed flight recorder dump signal from another rank via TCPStore.
[rank48]:[E1116 00:51:07.359867603 ProcessGroupNCCL.cpp:1772] [PG ID 0 PG GUID 0(default_pg) Rank 48] Received a dump signal due to a collective timeout from  rank 6 and we will try our best to dump the debug info. Last enqueued NCCL work: 2265, last completed NCCL work: 2265.This is most likely caused by incorrect usages of collectives, e.g., wrong sizes used across ranks, the order of collectives is not same for all ranks or the scheduled collective, for some reason, didn't run. Additionally, this can be caused by GIL deadlock or other reasons such as network errors or bugs in the communications library (e.g. NCCL), etc. 
[rank48]:[E1116 00:51:07.360218933 ProcessGroupNCCL.cpp:1562] [PG ID 0 PG GUID 0(default_pg) Rank 48] ProcessGroupNCCL preparing to dump debug info. Include stack trace: 1
[rank50]:[E1116 00:51:07.377281884 ProcessGroupNCCL.cpp:1711] [PG ID 0 PG GUID 0(default_pg) Rank 50] Observed flight recorder dump signal from another rank via TCPStore.
[rank50]:[E1116 00:51:07.377670398 ProcessGroupNCCL.cpp:1772] [PG ID 0 PG GUID 0(default_pg) Rank 50] Received a dump signal due to a collective timeout from  rank 6 and we will try our best to dump the debug info. Last enqueued NCCL work: 2265, last completed NCCL work: 2265.This is most likely caused by incorrect usages of collectives, e.g., wrong sizes used across ranks, the order of collectives is not same for all ranks or the scheduled collective, for some reason, didn't run. Additionally, this can be caused by GIL deadlock or other reasons such as network errors or bugs in the communications library (e.g. NCCL), etc. 
[rank50]:[E1116 00:51:07.377822175 ProcessGroupNCCL.cpp:1562] [PG ID 0 PG GUID 0(default_pg) Rank 50] ProcessGroupNCCL preparing to dump debug info. Include stack trace: 1
[rank51]:[E1116 00:51:08.855958466 ProcessGroupNCCL.cpp:1711] [PG ID 0 PG GUID 0(default_pg) Rank 51] Observed flight recorder dump signal from another rank via TCPStore.
[rank51]:[E1116 00:51:08.856205731 ProcessGroupNCCL.cpp:1772] [PG ID 0 PG GUID 0(default_pg) Rank 51] Received a dump signal due to a collective timeout from  rank 6 and we will try our best to dump the debug info. Last enqueued NCCL work: 2265, last completed NCCL work: 2265.This is most likely caused by incorrect usages of collectives, e.g., wrong sizes used across ranks, the order of collectives is not same for all ranks or the scheduled collective, for some reason, didn't run. Additionally, this can be caused by GIL deadlock or other reasons such as network errors or bugs in the communications library (e.g. NCCL), etc. 
[rank51]:[E1116 00:51:08.856318436 ProcessGroupNCCL.cpp:1562] [PG ID 0 PG GUID 0(default_pg) Rank 51] ProcessGroupNCCL preparing to dump debug info. Include stack trace: 1
[rank49]:[E1116 00:51:08.033643985 ProcessGroupNCCL.cpp:1711] [PG ID 0 PG GUID 0(default_pg) Rank 49] Observed flight recorder dump signal from another rank via TCPStore.
[rank49]:[E1116 00:51:08.033909746 ProcessGroupNCCL.cpp:1772] [PG ID 0 PG GUID 0(default_pg) Rank 49] Received a dump signal due to a collective timeout from  rank 6 and we will try our best to dump the debug info. Last enqueued NCCL work: 2265, last completed NCCL work: 2265.This is most likely caused by incorrect usages of collectives, e.g., wrong sizes used across ranks, the order of collectives is not same for all ranks or the scheduled collective, for some reason, didn't run. Additionally, this can be caused by GIL deadlock or other reasons such as network errors or bugs in the communications library (e.g. NCCL), etc. 
[rank49]:[E1116 00:51:08.034021651 ProcessGroupNCCL.cpp:1562] [PG ID 0 PG GUID 0(default_pg) Rank 49] ProcessGroupNCCL preparing to dump debug info. Include stack trace: 1
[rank48]:[F1116 00:59:07.361264621 ProcessGroupNCCL.cpp:1583] [PG ID 0 PG GUID 0(default_pg) Rank 48] [PG ID 0 PG GUID 0(default_pg) Rank 48] Terminating the process after attempting to dump debug info, due to collective timeout or exception.
[rank50]:[F1116 00:59:07.378607679 ProcessGroupNCCL.cpp:1583] [PG ID 0 PG GUID 0(default_pg) Rank 50] [PG ID 0 PG GUID 0(default_pg) Rank 50] Terminating the process after attempting to dump debug info, due to collective timeout or exception.
[rank51]:[F1116 00:59:08.856980879 ProcessGroupNCCL.cpp:1583] [PG ID 0 PG GUID 0(default_pg) Rank 51] [PG ID 0 PG GUID 0(default_pg) Rank 51] Terminating the process after attempting to dump debug info, due to collective timeout or exception.
[rank49]:[F1116 00:59:08.242248334 ProcessGroupNCCL.cpp:1583] [PG ID 0 PG GUID 0(default_pg) Rank 49] [PG ID 0 PG GUID 0(default_pg) Rank 49] Terminating the process after attempting to dump debug info, due to collective timeout or exception.
W1116 00:59:10.212000 1174 torch/distributed/elastic/multiprocessing/api.py:900] Sending process 1240 closing signal SIGTERM
W1116 00:59:10.319000 1174 torch/distributed/elastic/multiprocessing/api.py:900] Sending process 1242 closing signal SIGTERM
E1116 00:59:15.548000 1174 torch/distributed/elastic/multiprocessing/api.py:874] failed (exitcode: -6) local_rank: 0 (pid: 1239) of binary: /usr/bin/python
Traceback (most recent call last):
  File "/usr/local/bin/torchrun", line 33, in <module>
    sys.exit(load_entry_point('torch==2.8.0a0+5228986c39.nv25.5', 'console_scripts', 'torchrun')())
             ^^^^^^^^^^^^^^^^^^^^^^^^^^^^^^^^^^^^^^^^^^^^^^^^^^^^^^^^^^^^^^^^^^^^^^^^^^^^^^^^^^^^^
  File "/usr/local/lib/python3.12/dist-packages/torch/distributed/elastic/multiprocessing/errors/__init__.py", line 355, in wrapper
    return f(*args, **kwargs)
           ^^^^^^^^^^^^^^^^^^
  File "/usr/local/lib/python3.12/dist-packages/torch/distributed/run.py", line 892, in main
    run(args)
  File "/usr/local/lib/python3.12/dist-packages/torch/distributed/run.py", line 883, in run
    elastic_launch(
  File "/usr/local/lib/python3.12/dist-packages/torch/distributed/launcher/api.py", line 139, in __call__
    return launch_agent(self._config, self._entrypoint, list(args))
           ^^^^^^^^^^^^^^^^^^^^^^^^^^^^^^^^^^^^^^^^^^^^^^^^^^^^^^^^
  File "/usr/local/lib/python3.12/dist-packages/torch/distributed/launcher/api.py", line 270, in launch_agent
    raise ChildFailedError(
torch.distributed.elastic.multiprocessing.errors.ChildFailedError: 
=====================================================
/opt/megatron-lm/pretrain_gpt.py FAILED
-----------------------------------------------------
Failures:
[1]:
  time      : 2025-11-16_00:59:10
  host      : node23D400660
  rank      : 50 (local_rank: 2)
  exitcode  : -6 (pid: 1241)
  error_file: <N/A>
  traceback : Signal 6 (SIGABRT) received by PID 1241
-----------------------------------------------------
Root Cause (first observed failure):
[0]:
  time      : 2025-11-16_00:59:10
  host      : node23D400660
  rank      : 48 (local_rank: 0)
  exitcode  : -6 (pid: 1239)
  error_file: <N/A>
  traceback : Signal 6 (SIGABRT) received by PID 1239
=====================================================
