node23D400671:1242:3215 [3] NCCL INFO Channel 09/0 : 3[3] -> 0[3] via P2P/MNNVL
node23D400671:1240:3216 [1] NCCL INFO Channel 11/0 : 3[1] -> 0[1] via P2P/MNNVL
node23D400671:1242:3215 [3] NCCL INFO Channel 10/0 : 3[3] -> 0[3] via P2P/MNNVL
node23D400671:1239:3213 [0] NCCL INFO Connected all rings, use ring PXN 0 GDR 1
node23D400671:1240:3216 [1] NCCL INFO Channel 12/0 : 3[1] -> 0[1] via P2P/MNNVL
node23D400671:1242:3215 [3] NCCL INFO Channel 11/0 : 3[3] -> 0[3] via P2P/MNNVL
node23D400671:1240:3216 [1] NCCL INFO Channel 13/0 : 3[1] -> 0[1] via P2P/MNNVL
node23D400671:1242:3215 [3] NCCL INFO Channel 12/0 : 3[3] -> 0[3] via P2P/MNNVL
node23D400671:1240:3216 [1] NCCL INFO Channel 14/0 : 3[1] -> 0[1] via P2P/MNNVL
node23D400671:1242:3215 [3] NCCL INFO Channel 13/0 : 3[3] -> 0[3] via P2P/MNNVL
node23D400671:1240:3216 [1] NCCL INFO Channel 15/0 : 3[1] -> 0[1] via P2P/MNNVL
node23D400671:1242:3215 [3] NCCL INFO Channel 14/0 : 3[3] -> 0[3] via P2P/MNNVL
node23D400671:1240:3216 [1] NCCL INFO Channel 16/0 : 3[1] -> 0[1] via P2P/MNNVL
node23D400671:1242:3215 [3] NCCL INFO Channel 15/0 : 3[3] -> 0[3] via P2P/MNNVL
node23D400671:1242:3215 [3] NCCL INFO Channel 16/0 : 3[3] -> 0[3] via P2P/MNNVL
node23D400671:1240:3216 [1] NCCL INFO Channel 17/0 : 3[1] -> 0[1] via P2P/MNNVL
node23D400671:1240:3216 [1] NCCL INFO Channel 18/0 : 3[1] -> 0[1] via P2P/MNNVL
node23D400671:1242:3215 [3] NCCL INFO Channel 17/0 : 3[3] -> 0[3] via P2P/MNNVL
node23D400671:1240:3216 [1] NCCL INFO Channel 19/0 : 3[1] -> 0[1] via P2P/MNNVL
node23D400671:1242:3215 [3] NCCL INFO Channel 18/0 : 3[3] -> 0[3] via P2P/MNNVL
node23D400671:1240:3216 [1] NCCL INFO Channel 20/0 : 3[1] -> 0[1] via P2P/MNNVL
node23D400671:1242:3215 [3] NCCL INFO Channel 19/0 : 3[3] -> 0[3] via P2P/MNNVL
node23D400671:1242:3215 [3] NCCL INFO Channel 20/0 : 3[3] -> 0[3] via P2P/MNNVL
node23D400671:1240:3216 [1] NCCL INFO Channel 21/0 : 3[1] -> 0[1] via P2P/MNNVL
node23D400671:1242:3215 [3] NCCL INFO Channel 21/0 : 3[3] -> 0[3] via P2P/MNNVL
node23D400671:1240:3216 [1] NCCL INFO Channel 22/0 : 3[1] -> 0[1] via P2P/MNNVL
node23D400671:1242:3215 [3] NCCL INFO Channel 22/0 : 3[3] -> 0[3] via P2P/MNNVL
node23D400671:1240:3216 [1] NCCL INFO Channel 23/0 : 3[1] -> 0[1] via P2P/MNNVL
node23D400671:1242:3215 [3] NCCL INFO Channel 23/0 : 3[3] -> 0[3] via P2P/MNNVL
node23D400671:1240:3216 [1] NCCL INFO Channel 24/0 : 3[1] -> 0[1] via P2P/MNNVL
node23D400671:1240:3216 [1] NCCL INFO Channel 25/0 : 3[1] -> 0[1] via P2P/MNNVL
node23D400671:1242:3215 [3] NCCL INFO Channel 24/0 : 3[3] -> 0[3] via P2P/MNNVL
node23D400671:1240:3216 [1] NCCL INFO Channel 26/0 : 3[1] -> 0[1] via P2P/MNNVL
node23D400671:1242:3215 [3] NCCL INFO Channel 25/0 : 3[3] -> 0[3] via P2P/MNNVL
node23D400671:1240:3216 [1] NCCL INFO Channel 27/0 : 3[1] -> 0[1] via P2P/MNNVL
node23D400671:1242:3215 [3] NCCL INFO Channel 26/0 : 3[3] -> 0[3] via P2P/MNNVL
node23D400671:1240:3216 [1] NCCL INFO Channel 28/0 : 3[1] -> 0[1] via P2P/MNNVL
node23D400671:1242:3215 [3] NCCL INFO Channel 27/0 : 3[3] -> 0[3] via P2P/MNNVL
node23D400671:1240:3216 [1] NCCL INFO Channel 29/0 : 3[1] -> 0[1] via P2P/MNNVL
node23D400671:1242:3215 [3] NCCL INFO Channel 28/0 : 3[3] -> 0[3] via P2P/MNNVL
node23D400671:1242:3215 [3] NCCL INFO Channel 29/0 : 3[3] -> 0[3] via P2P/MNNVL
node23D400671:1240:3216 [1] NCCL INFO Channel 30/0 : 3[1] -> 0[1] via P2P/MNNVL
node23D400671:1240:3216 [1] NCCL INFO Channel 31/0 : 3[1] -> 0[1] via P2P/MNNVL
node23D400671:1242:3215 [3] NCCL INFO Channel 30/0 : 3[3] -> 0[3] via P2P/MNNVL
node23D400671:1242:3215 [3] NCCL INFO Channel 31/0 : 3[3] -> 0[3] via P2P/MNNVL
node23D400671:1241:3217 [2] NCCL INFO Channel 00/0 : 3[2] -> 0[2] via P2P/MNNVL
node23D400671:1241:3217 [2] NCCL INFO Channel 01/0 : 3[2] -> 0[2] via P2P/MNNVL
node23D400671:1241:3217 [2] NCCL INFO Channel 02/0 : 3[2] -> 0[2] via P2P/MNNVL
node23D400671:1241:3217 [2] NCCL INFO Channel 03/0 : 3[2] -> 0[2] via P2P/MNNVL
node23D400671:1241:3217 [2] NCCL INFO Channel 04/0 : 3[2] -> 0[2] via P2P/MNNVL
node23D400671:1241:3217 [2] NCCL INFO Channel 05/0 : 3[2] -> 0[2] via P2P/MNNVL
node23D400671:1241:3217 [2] NCCL INFO Channel 06/0 : 3[2] -> 0[2] via P2P/MNNVL
node23D400671:1239:3218 [0] NCCL INFO Channel 00/0 : 3[0] -> 0[0] via P2P/MNNVL
node23D400671:1241:3217 [2] NCCL INFO Channel 07/0 : 3[2] -> 0[2] via P2P/MNNVL
node23D400671:1239:3218 [0] NCCL INFO Channel 01/0 : 3[0] -> 0[0] via P2P/MNNVL
node23D400671:1241:3217 [2] NCCL INFO Channel 08/0 : 3[2] -> 0[2] via P2P/MNNVL
node23D400671:1241:3217 [2] NCCL INFO Channel 09/0 : 3[2] -> 0[2] via P2P/MNNVL
node23D400671:1239:3218 [0] NCCL INFO Channel 02/0 : 3[0] -> 0[0] via P2P/MNNVL
node23D400671:1239:3218 [0] NCCL INFO Channel 03/0 : 3[0] -> 0[0] via P2P/MNNVL
node23D400671:1241:3217 [2] NCCL INFO Channel 10/0 : 3[2] -> 0[2] via P2P/MNNVL
node23D400671:1241:3217 [2] NCCL INFO Channel 11/0 : 3[2] -> 0[2] via P2P/MNNVL
node23D400671:1239:3218 [0] NCCL INFO Channel 04/0 : 3[0] -> 0[0] via P2P/MNNVL
node23D400671:1239:3218 [0] NCCL INFO Channel 05/0 : 3[0] -> 0[0] via P2P/MNNVL
node23D400671:1241:3217 [2] NCCL INFO Channel 12/0 : 3[2] -> 0[2] via P2P/MNNVL
node23D400671:1241:3217 [2] NCCL INFO Channel 13/0 : 3[2] -> 0[2] via P2P/MNNVL
node23D400671:1239:3218 [0] NCCL INFO Channel 06/0 : 3[0] -> 0[0] via P2P/MNNVL
node23D400671:1239:3218 [0] NCCL INFO Channel 07/0 : 3[0] -> 0[0] via P2P/MNNVL
node23D400671:1241:3217 [2] NCCL INFO Channel 14/0 : 3[2] -> 0[2] via P2P/MNNVL
node23D400671:1239:3218 [0] NCCL INFO Channel 08/0 : 3[0] -> 0[0] via P2P/MNNVL
node23D400671:1241:3217 [2] NCCL INFO Channel 15/0 : 3[2] -> 0[2] via P2P/MNNVL
node23D400671:1241:3217 [2] NCCL INFO Channel 16/0 : 3[2] -> 0[2] via P2P/MNNVL
node23D400671:1239:3218 [0] NCCL INFO Channel 09/0 : 3[0] -> 0[0] via P2P/MNNVL
node23D400671:1239:3218 [0] NCCL INFO Channel 10/0 : 3[0] -> 0[0] via P2P/MNNVL
node23D400671:1241:3217 [2] NCCL INFO Channel 17/0 : 3[2] -> 0[2] via P2P/MNNVL
node23D400671:1239:3218 [0] NCCL INFO Channel 11/0 : 3[0] -> 0[0] via P2P/MNNVL
node23D400671:1241:3217 [2] NCCL INFO Channel 18/0 : 3[2] -> 0[2] via P2P/MNNVL
node23D400671:1241:3217 [2] NCCL INFO Channel 19/0 : 3[2] -> 0[2] via P2P/MNNVL
node23D400671:1239:3218 [0] NCCL INFO Channel 12/0 : 3[0] -> 0[0] via P2P/MNNVL
node23D400671:1239:3218 [0] NCCL INFO Channel 13/0 : 3[0] -> 0[0] via P2P/MNNVL
node23D400671:1241:3217 [2] NCCL INFO Channel 20/0 : 3[2] -> 0[2] via P2P/MNNVL
node23D400671:1241:3217 [2] NCCL INFO Channel 21/0 : 3[2] -> 0[2] via P2P/MNNVL
node23D400671:1239:3218 [0] NCCL INFO Channel 14/0 : 3[0] -> 0[0] via P2P/MNNVL
node23D400671:1241:3217 [2] NCCL INFO Channel 22/0 : 3[2] -> 0[2] via P2P/MNNVL
node23D400671:1239:3218 [0] NCCL INFO Channel 15/0 : 3[0] -> 0[0] via P2P/MNNVL
node23D400671:1239:3218 [0] NCCL INFO Channel 16/0 : 3[0] -> 0[0] via P2P/MNNVL
node23D400671:1241:3217 [2] NCCL INFO Channel 23/0 : 3[2] -> 0[2] via P2P/MNNVL
node23D400671:1241:3217 [2] NCCL INFO Channel 24/0 : 3[2] -> 0[2] via P2P/MNNVL
node23D400671:1239:3218 [0] NCCL INFO Channel 17/0 : 3[0] -> 0[0] via P2P/MNNVL
node23D400671:1239:3218 [0] NCCL INFO Channel 18/0 : 3[0] -> 0[0] via P2P/MNNVL
node23D400671:1241:3217 [2] NCCL INFO Channel 25/0 : 3[2] -> 0[2] via P2P/MNNVL
node23D400671:1241:3217 [2] NCCL INFO Channel 26/0 : 3[2] -> 0[2] via P2P/MNNVL
node23D400671:1239:3218 [0] NCCL INFO Channel 19/0 : 3[0] -> 0[0] via P2P/MNNVL
node23D400671:1239:3218 [0] NCCL INFO Channel 20/0 : 3[0] -> 0[0] via P2P/MNNVL
node23D400671:1241:3217 [2] NCCL INFO Channel 27/0 : 3[2] -> 0[2] via P2P/MNNVL
node23D400671:1241:3217 [2] NCCL INFO Channel 28/0 : 3[2] -> 0[2] via P2P/MNNVL
node23D400671:1239:3218 [0] NCCL INFO Channel 21/0 : 3[0] -> 0[0] via P2P/MNNVL
node23D400671:1239:3218 [0] NCCL INFO Channel 22/0 : 3[0] -> 0[0] via P2P/MNNVL
node23D400671:1241:3217 [2] NCCL INFO Channel 29/0 : 3[2] -> 0[2] via P2P/MNNVL
node23D400671:1241:3217 [2] NCCL INFO Channel 30/0 : 3[2] -> 0[2] via P2P/MNNVL
node23D400671:1239:3218 [0] NCCL INFO Channel 23/0 : 3[0] -> 0[0] via P2P/MNNVL
node23D400671:1241:3217 [2] NCCL INFO Channel 31/0 : 3[2] -> 0[2] via P2P/MNNVL
node23D400671:1239:3218 [0] NCCL INFO Channel 24/0 : 3[0] -> 0[0] via P2P/MNNVL
node23D400671:1239:3218 [0] NCCL INFO Channel 25/0 : 3[0] -> 0[0] via P2P/MNNVL
node23D400671:1239:3218 [0] NCCL INFO Channel 26/0 : 3[0] -> 0[0] via P2P/MNNVL
node23D400671:1239:3218 [0] NCCL INFO Channel 27/0 : 3[0] -> 0[0] via P2P/MNNVL
node23D400671:1239:3218 [0] NCCL INFO Channel 28/0 : 3[0] -> 0[0] via P2P/MNNVL
node23D400671:1239:3218 [0] NCCL INFO Channel 29/0 : 3[0] -> 0[0] via P2P/MNNVL
node23D400671:1239:3218 [0] NCCL INFO Channel 30/0 : 3[0] -> 0[0] via P2P/MNNVL
node23D400671:1239:3218 [0] NCCL INFO Channel 31/0 : 3[0] -> 0[0] via P2P/MNNVL
node23D400671:1242:3215 [3] NCCL INFO Connected all rings, use ring PXN 0 GDR 1
node23D400671:1240:3216 [1] NCCL INFO Connected all rings, use ring PXN 0 GDR 1
node23D400671:1239:3218 [0] NCCL INFO Connected all rings, use ring PXN 0 GDR 1
node23D400671:1241:3217 [2] NCCL INFO Connected all rings, use ring PXN 0 GDR 1
node23D400671:1239:1239 [0] NCCL INFO Comm config Blocking set to 1
node23D400671:1240:1240 [1] NCCL INFO Comm config Blocking set to 1
node23D400671:1242:1242 [3] NCCL INFO Comm config Blocking set to 1
node23D400671:1241:1241 [2] NCCL INFO Comm config Blocking set to 1
node23D400671:1239:3219 [0] NCCL INFO Assigned NET plugin Socket to comm
node23D400671:1240:3220 [1] NCCL INFO Assigned NET plugin Socket to comm
node23D400671:1239:3219 [0] NCCL INFO Using network Socket
node23D400671:1240:3220 [1] NCCL INFO Using network Socket
node23D400671:1242:3221 [3] NCCL INFO Assigned NET plugin Socket to comm
node23D400671:1242:3221 [3] NCCL INFO Using network Socket
node23D400671:1241:3222 [2] NCCL INFO Assigned NET plugin Socket to comm
node23D400671:1241:3222 [2] NCCL INFO Using network Socket
node23D400671:1239:3219 [0] NCCL INFO ncclCommInitRankConfig comm 0x49d7d7d0 rank 52 nranks 64 cudaDev 0 nvmlDev 0 busId 801000 commId 0x4ad3bd25942cc00 - Init START
node23D400671:1242:3221 [3] NCCL INFO ncclCommInitRankConfig comm 0x712a5880 rank 55 nranks 64 cudaDev 3 nvmlDev 3 busId 1901000 commId 0x4ad3bd25942cc00 - Init START
node23D400671:1241:3222 [2] NCCL INFO ncclCommInitRankConfig comm 0x475c2d40 rank 54 nranks 64 cudaDev 2 nvmlDev 2 busId 1801000 commId 0x4ad3bd25942cc00 - Init START
node23D400671:1240:3220 [1] NCCL INFO ncclCommInitRankConfig comm 0x726851b0 rank 53 nranks 64 cudaDev 1 nvmlDev 1 busId 901000 commId 0x4ad3bd25942cc00 - Init START
node23D400671:1241:3222 [2] NCCL INFO Bootstrap timings total 0.011790 (create 0.000053, send 0.000205, recv 0.003351, ring 0.005171, delay 0.000000)
node23D400671:1242:3221 [3] NCCL INFO Bootstrap timings total 0.011878 (create 0.000031, send 0.000170, recv 0.004984, ring 0.006469, delay 0.000000)
node23D400671:1239:3219 [0] NCCL INFO Bootstrap timings total 0.012078 (create 0.000061, send 0.000191, recv 0.006298, ring 0.004469, delay 0.000000)
node23D400671:1240:3220 [1] NCCL INFO Bootstrap timings total 0.011648 (create 0.000035, send 0.000174, recv 0.006001, ring 0.005229, delay 0.000000)
node23D400671:1241:3222 [2] NCCL INFO MNNVL busId 0x1801000 fabric UUID aa48724aeeaad6a8.b34b901796a1c18d cliqueId 0x7ffe state 3 healthMask 0xaa
node23D400671:1239:3219 [0] NCCL INFO MNNVL busId 0x801000 fabric UUID aa48724aeeaad6a8.b34b901796a1c18d cliqueId 0x7ffe state 3 healthMask 0xaa
node23D400671:1242:3221 [3] NCCL INFO MNNVL busId 0x1901000 fabric UUID aa48724aeeaad6a8.b34b901796a1c18d cliqueId 0x7ffe state 3 healthMask 0xaa
node23D400671:1240:3220 [1] NCCL INFO MNNVL busId 0x901000 fabric UUID aa48724aeeaad6a8.b34b901796a1c18d cliqueId 0x7ffe state 3 healthMask 0xaa
node23D400671:1242:3221 [3] NCCL INFO MNNVL 1 cliqueId 7ffe cliqueSize 64 cliqueRank 55
node23D400671:1240:3220 [1] NCCL INFO MNNVL 1 cliqueId 7ffe cliqueSize 64 cliqueRank 53
node23D400671:1239:3219 [0] NCCL INFO MNNVL 1 cliqueId 7ffe cliqueSize 64 cliqueRank 52
node23D400671:1241:3222 [2] NCCL INFO MNNVL 1 cliqueId 7ffe cliqueSize 64 cliqueRank 54
node23D400671:1242:3221 [3] NCCL INFO Setting affinity for GPU 3 to 72-143
node23D400671:1241:3222 [2] NCCL INFO Setting affinity for GPU 2 to 72-143
node23D400671:1240:3220 [1] NCCL INFO Setting affinity for GPU 1 to 0-71
node23D400671:1239:3219 [0] NCCL INFO Setting affinity for GPU 0 to 0-71
node23D400671:1241:3222 [2] NCCL INFO comm 0x475c2d40 rank 54 nRanks 64 nNodes 1 localRanks 64 localRank 54 MNNVL 1
node23D400671:1242:3221 [3] NCCL INFO comm 0x712a5880 rank 55 nRanks 64 nNodes 1 localRanks 64 localRank 55 MNNVL 1
node23D400671:1240:3220 [1] NCCL INFO comm 0x726851b0 rank 53 nRanks 64 nNodes 1 localRanks 64 localRank 53 MNNVL 1
node23D400671:1241:3222 [2] NCCL INFO Trees [0] 55/-1/-1->54->53 [1] 55/-1/-1->54->53 [2] 55/-1/-1->54->53 [3] 55/-1/-1->54->53 [4] 55/-1/-1->54->53 [5] 55/-1/-1->54->53 [6] 55/-1/-1->54->53 [7] 55/-1/-1->54->53 [8] 55/-1/-1->54->53 [9] 55/-1/-1->54->53 [10] 55/-1/-1->54->53 [11] 55/-1/-1->54->53 [12] 55/-1/-1->54->53 [13] 55/-1/-1->54->53 [14] 55/-1/-1->54->53 [15] 55/-1/-1->54->53 [16] 55/-1/-1->54->53 [17] 55/-1/-1->54->53 [18] 55/-1/-1->54->53 [19] 55/-1/-1->54->53 [20] 55/-1/-1->54->53 [21] 55/-1/-1->54->53 [22] 55/-1/-1->54->53 [23] 55/-1/-1->54->53 [24] 55/-1/-1->54->53 [25] 55/-1/-1->54->53 [26] 55/-1/-1->54->53 [27] 55/-1/-1->54->53 [28] 55/-1/-1->54->53 [29] 55/-1/-1->54->53 [30] 55/-1/-1->54->53 [31] 55/-1/-1->54->53
node23D400671:1241:3222 [2] NCCL INFO P2P Chunksize set to 524288
node23D400671:1242:3221 [3] NCCL INFO Trees [0] 56/-1/-1->55->54 [1] 56/-1/-1->55->54 [2] 56/-1/-1->55->54 [3] 56/-1/-1->55->54 [4] 56/-1/-1->55->54 [5] 56/-1/-1->55->54 [6] 56/-1/-1->55->54 [7] 56/-1/-1->55->54 [8] 56/-1/-1->55->54 [9] 56/-1/-1->55->54 [10] 56/-1/-1->55->54 [11] 56/-1/-1->55->54 [12] 56/-1/-1->55->54 [13] 56/-1/-1->55->54 [14] 56/-1/-1->55->54 [15] 56/-1/-1->55->54 [16] 56/-1/-1->55->54 [17] 56/-1/-1->55->54 [18] 56/-1/-1->55->54 [19] 56/-1/-1->55->54 [20] 56/-1/-1->55->54 [21] 56/-1/-1->55->54 [22] 56/-1/-1->55->54 [23] 56/-1/-1->55->54 [24] 56/-1/-1->55->54 [25] 56/-1/-1->55->54 [26] 56/-1/-1->55->54 [27] 56/-1/-1->55->54 [28] 56/-1/-1->55->54 [29] 56/-1/-1->55->54 [30] 56/-1/-1->55->54 [31] 56/-1/-1->55->54
node23D400671:1242:3221 [3] NCCL INFO P2P Chunksize set to 524288
node23D400671:1240:3220 [1] NCCL INFO Trees [0] 54/-1/-1->53->52 [1] 54/-1/-1->53->52 [2] 54/-1/-1->53->52 [3] 54/-1/-1->53->52 [4] 54/-1/-1->53->52 [5] 54/-1/-1->53->52 [6] 54/-1/-1->53->52 [7] 54/-1/-1->53->52 [8] 54/-1/-1->53->52 [9] 54/-1/-1->53->52 [10] 54/-1/-1->53->52 [11] 54/-1/-1->53->52 [12] 54/-1/-1->53->52 [13] 54/-1/-1->53->52 [14] 54/-1/-1->53->52 [15] 54/-1/-1->53->52 [16] 54/-1/-1->53->52 [17] 54/-1/-1->53->52 [18] 54/-1/-1->53->52 [19] 54/-1/-1->53->52 [20] 54/-1/-1->53->52 [21] 54/-1/-1->53->52 [22] 54/-1/-1->53->52 [23] 54/-1/-1->53->52 [24] 54/-1/-1->53->52 [25] 54/-1/-1->53->52 [26] 54/-1/-1->53->52 [27] 54/-1/-1->53->52 [28] 54/-1/-1->53->52 [29] 54/-1/-1->53->52 [30] 54/-1/-1->53->52 [31] 54/-1/-1->53->52
node23D400671:1240:3220 [1] NCCL INFO P2P Chunksize set to 524288
node23D400671:1239:3219 [0] NCCL INFO comm 0x49d7d7d0 rank 52 nRanks 64 nNodes 1 localRanks 64 localRank 52 MNNVL 1
node23D400671:1239:3219 [0] NCCL INFO Trees [0] 53/-1/-1->52->51 [1] 53/-1/-1->52->51 [2] 53/-1/-1->52->51 [3] 53/-1/-1->52->51 [4] 53/-1/-1->52->51 [5] 53/-1/-1->52->51 [6] 53/-1/-1->52->51 [7] 53/-1/-1->52->51 [8] 53/-1/-1->52->51 [9] 53/-1/-1->52->51 [10] 53/-1/-1->52->51 [11] 53/-1/-1->52->51 [12] 53/-1/-1->52->51 [13] 53/-1/-1->52->51 [14] 53/-1/-1->52->51 [15] 53/-1/-1->52->51 [16] 53/-1/-1->52->51 [17] 53/-1/-1->52->51 [18] 53/-1/-1->52->51 [19] 53/-1/-1->52->51 [20] 53/-1/-1->52->51 [21] 53/-1/-1->52->51 [22] 53/-1/-1->52->51 [23] 53/-1/-1->52->51 [24] 53/-1/-1->52->51 [25] 53/-1/-1->52->51 [26] 53/-1/-1->52->51 [27] 53/-1/-1->52->51 [28] 53/-1/-1->52->51 [29] 53/-1/-1->52->51 [30] 53/-1/-1->52->51 [31] 53/-1/-1->52->51
node23D400671:1239:3219 [0] NCCL INFO P2P Chunksize set to 524288
node23D400671:1241:3223 [2] NCCL INFO [Proxy Service] Device 2 CPU core 74
node23D400671:1242:3224 [3] NCCL INFO [Proxy Service] Device 3 CPU core 141
node23D400671:1241:3227 [2] NCCL INFO [Proxy Service UDS] Device 2 CPU core 75
node23D400671:1242:3226 [3] NCCL INFO [Proxy Service UDS] Device 3 CPU core 142
node23D400671:1240:3228 [1] NCCL INFO [Proxy Service UDS] Device 1 CPU core 38
node23D400671:1240:3225 [1] NCCL INFO [Proxy Service] Device 1 CPU core 37
node23D400671:1239:3229 [0] NCCL INFO [Proxy Service] Device 0 CPU core 51
node23D400671:1239:3230 [0] NCCL INFO [Proxy Service UDS] Device 0 CPU core 52
node23D400671:1239:3219 [0] NCCL INFO threadThresholds 8/8/64 | 512/8/64 | 512 | 512
node23D400671:1239:3219 [0] NCCL INFO 32 coll channels, 32 collnet channels, 0 nvls channels, 32 p2p channels, 32 p2p channels per peer
node23D400671:1240:3220 [1] NCCL INFO threadThresholds 8/8/64 | 512/8/64 | 512 | 512
node23D400671:1240:3220 [1] NCCL INFO 32 coll channels, 32 collnet channels, 0 nvls channels, 32 p2p channels, 32 p2p channels per peer
node23D400671:1241:3222 [2] NCCL INFO threadThresholds 8/8/64 | 512/8/64 | 512 | 512
node23D400671:1241:3222 [2] NCCL INFO 32 coll channels, 32 collnet channels, 0 nvls channels, 32 p2p channels, 32 p2p channels per peer
node23D400671:1242:3221 [3] NCCL INFO threadThresholds 8/8/64 | 512/8/64 | 512 | 512
node23D400671:1242:3221 [3] NCCL INFO 32 coll channels, 32 collnet channels, 0 nvls channels, 32 p2p channels, 32 p2p channels per peer
node23D400671:1242:3221 [3] NCCL INFO ncclCommInitRankConfig comm 0x712a5880 rank 55 nranks 64 cudaDev 3 nvmlDev 3 busId 1901000 commId 0x4ad3bd25942cc00 - Init COMPLETE
node23D400671:1242:3221 [3] NCCL INFO Init timings - ncclCommInitRankConfig: rank 55 nranks 64 total 2.37 (kernels 0.00, alloc 0.00, bootstrap 0.01, allgathers 0.11, topo 2.03, graphs 0.04, connections 0.16, rest 0.01)
node23D400671:1240:3220 [1] NCCL INFO ncclCommInitRankConfig comm 0x726851b0 rank 53 nranks 64 cudaDev 1 nvmlDev 1 busId 901000 commId 0x4ad3bd25942cc00 - Init COMPLETE
node23D400671:1240:3220 [1] NCCL INFO Init timings - ncclCommInitRankConfig: rank 53 nranks 64 total 2.37 (kernels 0.00, alloc 0.00, bootstrap 0.01, allgathers 0.09, topo 2.05, graphs 0.04, connections 0.15, rest 0.01)
node23D400671:1239:3219 [0] NCCL INFO ncclCommInitRankConfig comm 0x49d7d7d0 rank 52 nranks 64 cudaDev 0 nvmlDev 0 busId 801000 commId 0x4ad3bd25942cc00 - Init COMPLETE
node23D400671:1239:3219 [0] NCCL INFO Init timings - ncclCommInitRankConfig: rank 52 nranks 64 total 2.37 (kernels 0.00, alloc 0.00, bootstrap 0.01, allgathers 0.08, topo 2.07, graphs 0.04, connections 0.15, rest 0.01)
node23D400671:1241:3222 [2] NCCL INFO ncclCommInitRankConfig comm 0x475c2d40 rank 54 nranks 64 cudaDev 2 nvmlDev 2 busId 1801000 commId 0x4ad3bd25942cc00 - Init COMPLETE
node23D400671:1241:3222 [2] NCCL INFO Init timings - ncclCommInitRankConfig: rank 54 nranks 64 total 2.37 (kernels 0.00, alloc 0.00, bootstrap 0.01, allgathers 0.09, topo 2.04, graphs 0.04, connections 0.15, rest 0.03)
node23D400671:1240:3231 [1] NCCL INFO Channel 00/0 : 53[1] -> 54[2] via P2P/MNNVL
node23D400671:1240:3231 [1] NCCL INFO Channel 01/0 : 53[1] -> 54[2] via P2P/MNNVL
node23D400671:1240:3231 [1] NCCL INFO Channel 02/0 : 53[1] -> 54[2] via P2P/MNNVL
node23D400671:1240:3231 [1] NCCL INFO Channel 03/0 : 53[1] -> 54[2] via P2P/MNNVL
node23D400671:1240:3231 [1] NCCL INFO Channel 04/0 : 53[1] -> 54[2] via P2P/MNNVL
node23D400671:1239:3233 [0] NCCL INFO Channel 00/0 : 52[0] -> 53[1] via P2P/MNNVL
node23D400671:1240:3231 [1] NCCL INFO Channel 05/0 : 53[1] -> 54[2] via P2P/MNNVL
node23D400671:1242:3232 [3] NCCL INFO Channel 00/0 : 55[3] -> 56[0] via P2P/MNNVL
node23D400671:1241:3234 [2] NCCL INFO Channel 00/0 : 54[2] -> 55[3] via P2P/MNNVL
node23D400671:1242:3232 [3] NCCL INFO Channel 01/0 : 55[3] -> 56[0] via P2P/MNNVL
node23D400671:1240:3231 [1] NCCL INFO Channel 06/0 : 53[1] -> 54[2] via P2P/MNNVL
node23D400671:1239:3233 [0] NCCL INFO Channel 01/0 : 52[0] -> 53[1] via P2P/MNNVL
node23D400671:1241:3234 [2] NCCL INFO Channel 01/0 : 54[2] -> 55[3] via P2P/MNNVL
node23D400671:1240:3231 [1] NCCL INFO Channel 07/0 : 53[1] -> 54[2] via P2P/MNNVL
node23D400671:1242:3232 [3] NCCL INFO Channel 02/0 : 55[3] -> 56[0] via P2P/MNNVL
node23D400671:1240:3231 [1] NCCL INFO Channel 08/0 : 53[1] -> 54[2] via P2P/MNNVL
node23D400671:1239:3233 [0] NCCL INFO Channel 02/0 : 52[0] -> 53[1] via P2P/MNNVL
node23D400671:1242:3232 [3] NCCL INFO Channel 03/0 : 55[3] -> 56[0] via P2P/MNNVL
node23D400671:1241:3234 [2] NCCL INFO Channel 02/0 : 54[2] -> 55[3] via P2P/MNNVL
node23D400671:1240:3231 [1] NCCL INFO Channel 09/0 : 53[1] -> 54[2] via P2P/MNNVL
node23D400671:1239:3233 [0] NCCL INFO Channel 03/0 : 52[0] -> 53[1] via P2P/MNNVL
node23D400671:1240:3231 [1] NCCL INFO Channel 10/0 : 53[1] -> 54[2] via P2P/MNNVL
node23D400671:1242:3232 [3] NCCL INFO Channel 04/0 : 55[3] -> 56[0] via P2P/MNNVL
node23D400671:1241:3234 [2] NCCL INFO Channel 03/0 : 54[2] -> 55[3] via P2P/MNNVL
node23D400671:1240:3231 [1] NCCL INFO Channel 11/0 : 53[1] -> 54[2] via P2P/MNNVL
node23D400671:1242:3232 [3] NCCL INFO Channel 05/0 : 55[3] -> 56[0] via P2P/MNNVL
node23D400671:1239:3233 [0] NCCL INFO Channel 04/0 : 52[0] -> 53[1] via P2P/MNNVL
node23D400671:1242:3232 [3] NCCL INFO Channel 06/0 : 55[3] -> 56[0] via P2P/MNNVL
node23D400671:1240:3231 [1] NCCL INFO Channel 12/0 : 53[1] -> 54[2] via P2P/MNNVL
node23D400671:1241:3234 [2] NCCL INFO Channel 04/0 : 54[2] -> 55[3] via P2P/MNNVL
node23D400671:1240:3231 [1] NCCL INFO Channel 13/0 : 53[1] -> 54[2] via P2P/MNNVL
node23D400671:1242:3232 [3] NCCL INFO Channel 07/0 : 55[3] -> 56[0] via P2P/MNNVL
node23D400671:1239:3233 [0] NCCL INFO Channel 05/0 : 52[0] -> 53[1] via P2P/MNNVL
node23D400671:1241:3234 [2] NCCL INFO Channel 05/0 : 54[2] -> 55[3] via P2P/MNNVL
node23D400671:1240:3231 [1] NCCL INFO Channel 14/0 : 53[1] -> 54[2] via P2P/MNNVL
node23D400671:1239:3233 [0] NCCL INFO Channel 06/0 : 52[0] -> 53[1] via P2P/MNNVL
node23D400671:1242:3232 [3] NCCL INFO Channel 08/0 : 55[3] -> 56[0] via P2P/MNNVL
node23D400671:1241:3234 [2] NCCL INFO Channel 06/0 : 54[2] -> 55[3] via P2P/MNNVL
node23D400671:1239:3233 [0] NCCL INFO Channel 07/0 : 52[0] -> 53[1] via P2P/MNNVL
node23D400671:1240:3231 [1] NCCL INFO Channel 15/0 : 53[1] -> 54[2] via P2P/MNNVL
node23D400671:1241:3234 [2] NCCL INFO Channel 07/0 : 54[2] -> 55[3] via P2P/MNNVL
node23D400671:1242:3232 [3] NCCL INFO Channel 09/0 : 55[3] -> 56[0] via P2P/MNNVL
node23D400671:1242:3232 [3] NCCL INFO Channel 10/0 : 55[3] -> 56[0] via P2P/MNNVL
node23D400671:1240:3231 [1] NCCL INFO Channel 16/0 : 53[1] -> 54[2] via P2P/MNNVL
node23D400671:1241:3234 [2] NCCL INFO Channel 08/0 : 54[2] -> 55[3] via P2P/MNNVL
node23D400671:1239:3233 [0] NCCL INFO Channel 08/0 : 52[0] -> 53[1] via P2P/MNNVL
node23D400671:1242:3232 [3] NCCL INFO Channel 11/0 : 55[3] -> 56[0] via P2P/MNNVL
node23D400671:1239:3233 [0] NCCL INFO Channel 09/0 : 52[0] -> 53[1] via P2P/MNNVL
node23D400671:1240:3231 [1] NCCL INFO Channel 17/0 : 53[1] -> 54[2] via P2P/MNNVL
node23D400671:1242:3232 [3] NCCL INFO Channel 12/0 : 55[3] -> 56[0] via P2P/MNNVL
node23D400671:1241:3234 [2] NCCL INFO Channel 09/0 : 54[2] -> 55[3] via P2P/MNNVL
node23D400671:1242:3232 [3] NCCL INFO Channel 13/0 : 55[3] -> 56[0] via P2P/MNNVL
node23D400671:1241:3234 [2] NCCL INFO Channel 10/0 : 54[2] -> 55[3] via P2P/MNNVL
node23D400671:1240:3231 [1] NCCL INFO Channel 18/0 : 53[1] -> 54[2] via P2P/MNNVL
node23D400671:1239:3233 [0] NCCL INFO Channel 10/0 : 52[0] -> 53[1] via P2P/MNNVL
node23D400671:1242:3232 [3] NCCL INFO Channel 14/0 : 55[3] -> 56[0] via P2P/MNNVL
node23D400671:1241:3234 [2] NCCL INFO Channel 11/0 : 54[2] -> 55[3] via P2P/MNNVL
node23D400671:1239:3233 [0] NCCL INFO Channel 11/0 : 52[0] -> 53[1] via P2P/MNNVL
node23D400671:1240:3231 [1] NCCL INFO Channel 19/0 : 53[1] -> 54[2] via P2P/MNNVL
node23D400671:1242:3232 [3] NCCL INFO Channel 15/0 : 55[3] -> 56[0] via P2P/MNNVL
node23D400671:1241:3234 [2] NCCL INFO Channel 12/0 : 54[2] -> 55[3] via P2P/MNNVL
node23D400671:1239:3233 [0] NCCL INFO Channel 12/0 : 52[0] -> 53[1] via P2P/MNNVL
node23D400671:1242:3232 [3] NCCL INFO Channel 16/0 : 55[3] -> 56[0] via P2P/MNNVL
node23D400671:1240:3231 [1] NCCL INFO Channel 20/0 : 53[1] -> 54[2] via P2P/MNNVL
node23D400671:1240:3231 [1] NCCL INFO Channel 21/0 : 53[1] -> 54[2] via P2P/MNNVL
node23D400671:1242:3232 [3] NCCL INFO Channel 17/0 : 55[3] -> 56[0] via P2P/MNNVL
node23D400671:1239:3233 [0] NCCL INFO Channel 13/0 : 52[0] -> 53[1] via P2P/MNNVL
node23D400671:1241:3234 [2] NCCL INFO Channel 13/0 : 54[2] -> 55[3] via P2P/MNNVL
node23D400671:1239:3233 [0] NCCL INFO Channel 14/0 : 52[0] -> 53[1] via P2P/MNNVL
node23D400671:1242:3232 [3] NCCL INFO Channel 18/0 : 55[3] -> 56[0] via P2P/MNNVL
node23D400671:1240:3231 [1] NCCL INFO Channel 22/0 : 53[1] -> 54[2] via P2P/MNNVL
node23D400671:1239:3233 [0] NCCL INFO Channel 15/0 : 52[0] -> 53[1] via P2P/MNNVL
node23D400671:1242:3232 [3] NCCL INFO Channel 19/0 : 55[3] -> 56[0] via P2P/MNNVL
node23D400671:1241:3234 [2] NCCL INFO Channel 14/0 : 54[2] -> 55[3] via P2P/MNNVL
node23D400671:1240:3231 [1] NCCL INFO Channel 23/0 : 53[1] -> 54[2] via P2P/MNNVL
node23D400671:1239:3233 [0] NCCL INFO Channel 16/0 : 52[0] -> 53[1] via P2P/MNNVL
node23D400671:1240:3231 [1] NCCL INFO Channel 24/0 : 53[1] -> 54[2] via P2P/MNNVL
node23D400671:1241:3234 [2] NCCL INFO Channel 15/0 : 54[2] -> 55[3] via P2P/MNNVL
node23D400671:1242:3232 [3] NCCL INFO Channel 20/0 : 55[3] -> 56[0] via P2P/MNNVL
node23D400671:1240:3231 [1] NCCL INFO Channel 25/0 : 53[1] -> 54[2] via P2P/MNNVL
node23D400671:1242:3232 [3] NCCL INFO Channel 21/0 : 55[3] -> 56[0] via P2P/MNNVL
node23D400671:1239:3233 [0] NCCL INFO Channel 17/0 : 52[0] -> 53[1] via P2P/MNNVL
node23D400671:1241:3234 [2] NCCL INFO Channel 16/0 : 54[2] -> 55[3] via P2P/MNNVL
node23D400671:1240:3231 [1] NCCL INFO Channel 26/0 : 53[1] -> 54[2] via P2P/MNNVL
node23D400671:1241:3234 [2] NCCL INFO Channel 17/0 : 54[2] -> 55[3] via P2P/MNNVL
node23D400671:1239:3233 [0] NCCL INFO Channel 18/0 : 52[0] -> 53[1] via P2P/MNNVL
node23D400671:1242:3232 [3] NCCL INFO Channel 22/0 : 55[3] -> 56[0] via P2P/MNNVL
node23D400671:1241:3234 [2] NCCL INFO Channel 18/0 : 54[2] -> 55[3] via P2P/MNNVL
node23D400671:1239:3233 [0] NCCL INFO Channel 19/0 : 52[0] -> 53[1] via P2P/MNNVL
node23D400671:1242:3232 [3] NCCL INFO Channel 23/0 : 55[3] -> 56[0] via P2P/MNNVL
node23D400671:1240:3231 [1] NCCL INFO Channel 27/0 : 53[1] -> 54[2] via P2P/MNNVL
node23D400671:1239:3233 [0] NCCL INFO Channel 20/0 : 52[0] -> 53[1] via P2P/MNNVL
node23D400671:1240:3231 [1] NCCL INFO Channel 28/0 : 53[1] -> 54[2] via P2P/MNNVL
node23D400671:1239:3233 [0] NCCL INFO Channel 21/0 : 52[0] -> 53[1] via P2P/MNNVL
node23D400671:1242:3232 [3] NCCL INFO Channel 24/0 : 55[3] -> 56[0] via P2P/MNNVL
node23D400671:1241:3234 [2] NCCL INFO Channel 19/0 : 54[2] -> 55[3] via P2P/MNNVL
node23D400671:1240:3231 [1] NCCL INFO Channel 29/0 : 53[1] -> 54[2] via P2P/MNNVL
node23D400671:1239:3233 [0] NCCL INFO Channel 22/0 : 52[0] -> 53[1] via P2P/MNNVL
node23D400671:1242:3232 [3] NCCL INFO Channel 25/0 : 55[3] -> 56[0] via P2P/MNNVL
node23D400671:1241:3234 [2] NCCL INFO Channel 20/0 : 54[2] -> 55[3] via P2P/MNNVL
node23D400671:1240:3231 [1] NCCL INFO Channel 30/0 : 53[1] -> 54[2] via P2P/MNNVL
node23D400671:1240:3231 [1] NCCL INFO Channel 31/0 : 53[1] -> 54[2] via P2P/MNNVL
node23D400671:1239:3233 [0] NCCL INFO Channel 23/0 : 52[0] -> 53[1] via P2P/MNNVL
node23D400671:1242:3232 [3] NCCL INFO Channel 26/0 : 55[3] -> 56[0] via P2P/MNNVL
node23D400671:1241:3234 [2] NCCL INFO Channel 21/0 : 54[2] -> 55[3] via P2P/MNNVL
node23D400671:1239:3233 [0] NCCL INFO Channel 24/0 : 52[0] -> 53[1] via P2P/MNNVL
node23D400671:1242:3232 [3] NCCL INFO Channel 27/0 : 55[3] -> 56[0] via P2P/MNNVL
node23D400671:1241:3234 [2] NCCL INFO Channel 22/0 : 54[2] -> 55[3] via P2P/MNNVL
node23D400671:1239:3233 [0] NCCL INFO Channel 25/0 : 52[0] -> 53[1] via P2P/MNNVL
node23D400671:1242:3232 [3] NCCL INFO Channel 28/0 : 55[3] -> 56[0] via P2P/MNNVL
node23D400671:1241:3234 [2] NCCL INFO Channel 23/0 : 54[2] -> 55[3] via P2P/MNNVL
node23D400671:1239:3233 [0] NCCL INFO Channel 26/0 : 52[0] -> 53[1] via P2P/MNNVL
node23D400671:1242:3232 [3] NCCL INFO Channel 29/0 : 55[3] -> 56[0] via P2P/MNNVL
node23D400671:1241:3234 [2] NCCL INFO Channel 24/0 : 54[2] -> 55[3] via P2P/MNNVL
node23D400671:1239:3233 [0] NCCL INFO Channel 27/0 : 52[0] -> 53[1] via P2P/MNNVL
node23D400671:1242:3232 [3] NCCL INFO Channel 30/0 : 55[3] -> 56[0] via P2P/MNNVL
node23D400671:1241:3234 [2] NCCL INFO Channel 25/0 : 54[2] -> 55[3] via P2P/MNNVL
node23D400671:1242:3232 [3] NCCL INFO Channel 31/0 : 55[3] -> 56[0] via P2P/MNNVL
node23D400671:1239:3233 [0] NCCL INFO Channel 28/0 : 52[0] -> 53[1] via P2P/MNNVL
node23D400671:1241:3234 [2] NCCL INFO Channel 26/0 : 54[2] -> 55[3] via P2P/MNNVL
node23D400671:1239:3233 [0] NCCL INFO Channel 29/0 : 52[0] -> 53[1] via P2P/MNNVL
node23D400671:1241:3234 [2] NCCL INFO Channel 27/0 : 54[2] -> 55[3] via P2P/MNNVL
node23D400671:1241:3234 [2] NCCL INFO Channel 28/0 : 54[2] -> 55[3] via P2P/MNNVL
node23D400671:1239:3233 [0] NCCL INFO Channel 30/0 : 52[0] -> 53[1] via P2P/MNNVL
node23D400671:1241:3234 [2] NCCL INFO Channel 29/0 : 54[2] -> 55[3] via P2P/MNNVL
node23D400671:1239:3233 [0] NCCL INFO Channel 31/0 : 52[0] -> 53[1] via P2P/MNNVL
node23D400671:1241:3234 [2] NCCL INFO Channel 30/0 : 54[2] -> 55[3] via P2P/MNNVL
node23D400671:1241:3234 [2] NCCL INFO Channel 31/0 : 54[2] -> 55[3] via P2P/MNNVL
node23D400671:1239:3233 [0] NCCL INFO Connected all rings, use ring PXN 0 GDR 1
node23D400671:1242:3232 [3] NCCL INFO Connected all rings, use ring PXN 0 GDR 1
node23D400671:1240:3231 [1] NCCL INFO Connected all rings, use ring PXN 0 GDR 1
node23D400671:1241:3234 [2] NCCL INFO Connected all rings, use ring PXN 0 GDR 1
node23D400671:1242:1242 [3] NCCL INFO Comm config Blocking set to 1
node23D400671:1240:1240 [1] NCCL INFO Comm config Blocking set to 1
node23D400671:1239:1239 [0] NCCL INFO Comm config Blocking set to 1
node23D400671:1242:3235 [3] NCCL INFO Assigned NET plugin Socket to comm
node23D400671:1239:3236 [0] NCCL INFO Assigned NET plugin Socket to comm
node23D400671:1242:3235 [3] NCCL INFO Using network Socket
node23D400671:1239:3236 [0] NCCL INFO Using network Socket
node23D400671:1240:3237 [1] NCCL INFO Assigned NET plugin Socket to comm
node23D400671:1240:3237 [1] NCCL INFO Using network Socket
node23D400671:1239:3236 [0] NCCL INFO ncclCommInitRankConfig comm 0x4a30aaf0 rank 28 nranks 32 cudaDev 0 nvmlDev 0 busId 801000 commId 0xd804d16d8b39a0c9 - Init START
node23D400671:1242:3235 [3] NCCL INFO ncclCommInitRankConfig comm 0x718304f0 rank 31 nranks 32 cudaDev 3 nvmlDev 3 busId 1901000 commId 0xd804d16d8b39a0c9 - Init START
node23D400671:1241:1241 [2] NCCL INFO Comm config Blocking set to 1
node23D400671:1240:3237 [1] NCCL INFO ncclCommInitRankConfig comm 0x72c0fef0 rank 29 nranks 32 cudaDev 1 nvmlDev 1 busId 901000 commId 0xd804d16d8b39a0c9 - Init START
node23D400671:1241:3238 [2] NCCL INFO Assigned NET plugin Socket to comm
node23D400671:1241:3238 [2] NCCL INFO Using network Socket
node23D400671:1241:3238 [2] NCCL INFO ncclCommInitRankConfig comm 0x47b47390 rank 30 nranks 32 cudaDev 2 nvmlDev 2 busId 1801000 commId 0xd804d16d8b39a0c9 - Init START
node23D400671:1239:3236 [0] NCCL INFO Bootstrap timings total 0.855377 (create 0.000059, send 0.000199, recv 0.001380, ring 0.298646, delay 0.000000)
node23D400671:1240:3237 [1] NCCL INFO Bootstrap timings total 0.855314 (create 0.000025, send 0.000146, recv 0.002753, ring 0.852225, delay 0.000000)
node23D400671:1242:3235 [3] NCCL INFO Bootstrap timings total 0.855419 (create 0.000056, send 0.000212, recv 0.001466, ring 0.852043, delay 0.000000)
node23D400671:1241:3238 [2] NCCL INFO Bootstrap timings total 0.854695 (create 0.000055, send 0.000213, recv 0.002177, ring 0.851988, delay 0.000000)
node23D400671:1239:3236 [0] NCCL INFO MNNVL busId 0x801000 fabric UUID aa48724aeeaad6a8.b34b901796a1c18d cliqueId 0x7ffe state 3 healthMask 0xaa
node23D400671:1242:3235 [3] NCCL INFO MNNVL busId 0x1901000 fabric UUID aa48724aeeaad6a8.b34b901796a1c18d cliqueId 0x7ffe state 3 healthMask 0xaa
node23D400671:1240:3237 [1] NCCL INFO MNNVL busId 0x901000 fabric UUID aa48724aeeaad6a8.b34b901796a1c18d cliqueId 0x7ffe state 3 healthMask 0xaa
node23D400671:1241:3238 [2] NCCL INFO MNNVL busId 0x1801000 fabric UUID aa48724aeeaad6a8.b34b901796a1c18d cliqueId 0x7ffe state 3 healthMask 0xaa
node23D400671:1242:3235 [3] NCCL INFO MNNVL 1 cliqueId 7ffe cliqueSize 32 cliqueRank 31
node23D400671:1240:3237 [1] NCCL INFO MNNVL 1 cliqueId 7ffe cliqueSize 32 cliqueRank 29
node23D400671:1239:3236 [0] NCCL INFO MNNVL 1 cliqueId 7ffe cliqueSize 32 cliqueRank 28
node23D400671:1241:3238 [2] NCCL INFO MNNVL 1 cliqueId 7ffe cliqueSize 32 cliqueRank 30
node23D400671:1240:3237 [1] NCCL INFO Setting affinity for GPU 1 to 0-71
node23D400671:1241:3238 [2] NCCL INFO Setting affinity for GPU 2 to 72-143
node23D400671:1242:3235 [3] NCCL INFO Setting affinity for GPU 3 to 72-143
node23D400671:1239:3236 [0] NCCL INFO Setting affinity for GPU 0 to 0-71
node23D400671:1242:3235 [3] NCCL INFO comm 0x718304f0 rank 31 nRanks 32 nNodes 1 localRanks 32 localRank 31 MNNVL 1
node23D400671:1242:3235 [3] NCCL INFO Trees [0] -1/-1/-1->31->30 [1] -1/-1/-1->31->30 [2] -1/-1/-1->31->30 [3] -1/-1/-1->31->30 [4] -1/-1/-1->31->30 [5] -1/-1/-1->31->30 [6] -1/-1/-1->31->30 [7] -1/-1/-1->31->30 [8] -1/-1/-1->31->30 [9] -1/-1/-1->31->30 [10] -1/-1/-1->31->30 [11] -1/-1/-1->31->30 [12] -1/-1/-1->31->30 [13] -1/-1/-1->31->30 [14] -1/-1/-1->31->30 [15] -1/-1/-1->31->30 [16] -1/-1/-1->31->30 [17] -1/-1/-1->31->30 [18] -1/-1/-1->31->30 [19] -1/-1/-1->31->30 [20] -1/-1/-1->31->30 [21] -1/-1/-1->31->30 [22] -1/-1/-1->31->30 [23] -1/-1/-1->31->30 [24] -1/-1/-1->31->30 [25] -1/-1/-1->31->30 [26] -1/-1/-1->31->30 [27] -1/-1/-1->31->30 [28] -1/-1/-1->31->30 [29] -1/-1/-1->31->30 [30] -1/-1/-1->31->30 [31] -1/-1/-1->31->30
node23D400671:1242:3235 [3] NCCL INFO P2P Chunksize set to 524288
node23D400671:1241:3238 [2] NCCL INFO comm 0x47b47390 rank 30 nRanks 32 nNodes 1 localRanks 32 localRank 30 MNNVL 1
node23D400671:1241:3238 [2] NCCL INFO Trees [0] 31/-1/-1->30->29 [1] 31/-1/-1->30->29 [2] 31/-1/-1->30->29 [3] 31/-1/-1->30->29 [4] 31/-1/-1->30->29 [5] 31/-1/-1->30->29 [6] 31/-1/-1->30->29 [7] 31/-1/-1->30->29 [8] 31/-1/-1->30->29 [9] 31/-1/-1->30->29 [10] 31/-1/-1->30->29 [11] 31/-1/-1->30->29 [12] 31/-1/-1->30->29 [13] 31/-1/-1->30->29 [14] 31/-1/-1->30->29 [15] 31/-1/-1->30->29 [16] 31/-1/-1->30->29 [17] 31/-1/-1->30->29 [18] 31/-1/-1->30->29 [19] 31/-1/-1->30->29 [20] 31/-1/-1->30->29 [21] 31/-1/-1->30->29 [22] 31/-1/-1->30->29 [23] 31/-1/-1->30->29 [24] 31/-1/-1->30->29 [25] 31/-1/-1->30->29 [26] 31/-1/-1->30->29 [27] 31/-1/-1->30->29 [28] 31/-1/-1->30->29 [29] 31/-1/-1->30->29 [30] 31/-1/-1->30->29 [31] 31/-1/-1->30->29
node23D400671:1241:3238 [2] NCCL INFO P2P Chunksize set to 524288
node23D400671:1240:3237 [1] NCCL INFO comm 0x72c0fef0 rank 29 nRanks 32 nNodes 1 localRanks 32 localRank 29 MNNVL 1
node23D400671:1242:3239 [3] NCCL INFO [Proxy Service] Device 3 CPU core 141
node23D400671:1240:3237 [1] NCCL INFO Trees [0] 30/-1/-1->29->28 [1] 30/-1/-1->29->28 [2] 30/-1/-1->29->28 [3] 30/-1/-1->29->28 [4] 30/-1/-1->29->28 [5] 30/-1/-1->29->28 [6] 30/-1/-1->29->28 [7] 30/-1/-1->29->28 [8] 30/-1/-1->29->28 [9] 30/-1/-1->29->28 [10] 30/-1/-1->29->28 [11] 30/-1/-1->29->28 [12] 30/-1/-1->29->28 [13] 30/-1/-1->29->28 [14] 30/-1/-1->29->28 [15] 30/-1/-1->29->28 [16] 30/-1/-1->29->28 [17] 30/-1/-1->29->28 [18] 30/-1/-1->29->28 [19] 30/-1/-1->29->28 [20] 30/-1/-1->29->28 [21] 30/-1/-1->29->28 [22] 30/-1/-1->29->28 [23] 30/-1/-1->29->28 [24] 30/-1/-1->29->28 [25] 30/-1/-1->29->28 [26] 30/-1/-1->29->28 [27] 30/-1/-1->29->28 [28] 30/-1/-1->29->28 [29] 30/-1/-1->29->28 [30] 30/-1/-1->29->28 [31] 30/-1/-1->29->28
node23D400671:1240:3237 [1] NCCL INFO P2P Chunksize set to 524288
node23D400671:1242:3241 [3] NCCL INFO [Proxy Service UDS] Device 3 CPU core 142
node23D400671:1241:3240 [2] NCCL INFO [Proxy Service] Device 2 CPU core 74
node23D400671:1241:3242 [2] NCCL INFO [Proxy Service UDS] Device 2 CPU core 75
node23D400671:1239:3236 [0] NCCL INFO comm 0x4a30aaf0 rank 28 nRanks 32 nNodes 1 localRanks 32 localRank 28 MNNVL 1
node23D400671:1239:3236 [0] NCCL INFO Trees [0] 29/-1/-1->28->27 [1] 29/-1/-1->28->27 [2] 29/-1/-1->28->27 [3] 29/-1/-1->28->27 [4] 29/-1/-1->28->27 [5] 29/-1/-1->28->27 [6] 29/-1/-1->28->27 [7] 29/-1/-1->28->27 [8] 29/-1/-1->28->27 [9] 29/-1/-1->28->27 [10] 29/-1/-1->28->27 [11] 29/-1/-1->28->27 [12] 29/-1/-1->28->27 [13] 29/-1/-1->28->27 [14] 29/-1/-1->28->27 [15] 29/-1/-1->28->27 [16] 29/-1/-1->28->27 [17] 29/-1/-1->28->27 [18] 29/-1/-1->28->27 [19] 29/-1/-1->28->27 [20] 29/-1/-1->28->27 [21] 29/-1/-1->28->27 [22] 29/-1/-1->28->27 [23] 29/-1/-1->28->27 [24] 29/-1/-1->28->27 [25] 29/-1/-1->28->27 [26] 29/-1/-1->28->27 [27] 29/-1/-1->28->27 [28] 29/-1/-1->28->27 [29] 29/-1/-1->28->27 [30] 29/-1/-1->28->27 [31] 29/-1/-1->28->27
node23D400671:1239:3236 [0] NCCL INFO P2P Chunksize set to 524288
node23D400671:1240:3243 [1] NCCL INFO [Proxy Service] Device 1 CPU core 54
node23D400671:1240:3244 [1] NCCL INFO [Proxy Service UDS] Device 1 CPU core 55
node23D400671:1239:3245 [0] NCCL INFO [Proxy Service] Device 0 CPU core 59
node23D400671:1239:3246 [0] NCCL INFO [Proxy Service UDS] Device 0 CPU core 65
node23D400671:1239:3236 [0] NCCL INFO threadThresholds 8/8/64 | 256/8/64 | 512 | 512
node23D400671:1239:3236 [0] NCCL INFO 32 coll channels, 32 collnet channels, 0 nvls channels, 32 p2p channels, 32 p2p channels per peer
node23D400671:1241:3238 [2] NCCL INFO threadThresholds 8/8/64 | 256/8/64 | 512 | 512
node23D400671:1241:3238 [2] NCCL INFO 32 coll channels, 32 collnet channels, 0 nvls channels, 32 p2p channels, 32 p2p channels per peer
node23D400671:1242:3235 [3] NCCL INFO threadThresholds 8/8/64 | 256/8/64 | 512 | 512
node23D400671:1242:3235 [3] NCCL INFO 32 coll channels, 32 collnet channels, 0 nvls channels, 32 p2p channels, 32 p2p channels per peer
node23D400671:1240:3237 [1] NCCL INFO threadThresholds 8/8/64 | 256/8/64 | 512 | 512
node23D400671:1240:3237 [1] NCCL INFO 32 coll channels, 32 collnet channels, 0 nvls channels, 32 p2p channels, 32 p2p channels per peer
node23D400671:1240:3237 [1] NCCL INFO ncclCommInitRankConfig comm 0x72c0fef0 rank 29 nranks 32 cudaDev 1 nvmlDev 1 busId 901000 commId 0xd804d16d8b39a0c9 - Init COMPLETE
node23D400671:1240:3237 [1] NCCL INFO Init timings - ncclCommInitRankConfig: rank 29 nranks 32 total 2.42 (kernels 0.00, alloc 0.00, bootstrap 0.86, allgathers 0.04, topo 1.34, graphs 0.02, connections 0.16, rest 0.01)
node23D400671:1239:3236 [0] NCCL INFO ncclCommInitRankConfig comm 0x4a30aaf0 rank 28 nranks 32 cudaDev 0 nvmlDev 0 busId 801000 commId 0xd804d16d8b39a0c9 - Init COMPLETE
node23D400671:1239:3236 [0] NCCL INFO Init timings - ncclCommInitRankConfig: rank 28 nranks 32 total 2.42 (kernels 0.00, alloc 0.00, bootstrap 0.86, allgathers 0.02, topo 1.36, graphs 0.02, connections 0.16, rest 0.01)
node23D400671:1242:3235 [3] NCCL INFO ncclCommInitRankConfig comm 0x718304f0 rank 31 nranks 32 cudaDev 3 nvmlDev 3 busId 1901000 commId 0xd804d16d8b39a0c9 - Init COMPLETE
node23D400671:1242:3235 [3] NCCL INFO Init timings - ncclCommInitRankConfig: rank 31 nranks 32 total 2.42 (kernels 0.00, alloc 0.00, bootstrap 0.86, allgathers 0.03, topo 1.35, graphs 0.02, connections 0.16, rest 0.01)
node23D400671:1241:3238 [2] NCCL INFO ncclCommInitRankConfig comm 0x47b47390 rank 30 nranks 32 cudaDev 2 nvmlDev 2 busId 1801000 commId 0xd804d16d8b39a0c9 - Init COMPLETE
node23D400671:1241:3238 [2] NCCL INFO Init timings - ncclCommInitRankConfig: rank 30 nranks 32 total 2.42 (kernels 0.00, alloc 0.00, bootstrap 0.85, allgathers 0.04, topo 1.34, graphs 0.02, connections 0.16, rest 0.01)
node23D400671:1239:3247 [0] NCCL INFO Channel 00/0 : 28[0] -> 29[1] via P2P/MNNVL
node23D400671:1239:3247 [0] NCCL INFO Channel 01/0 : 28[0] -> 29[1] via P2P/MNNVL
node23D400671:1242:3249 [3] NCCL INFO Channel 00/0 : 31[3] -> 0[0] via P2P/MNNVL
node23D400671:1239:3247 [0] NCCL INFO Channel 02/0 : 28[0] -> 29[1] via P2P/MNNVL
node23D400671:1241:3250 [2] NCCL INFO Channel 00/0 : 30[2] -> 31[3] via P2P/MNNVL
node23D400671:1239:3247 [0] NCCL INFO Channel 03/0 : 28[0] -> 29[1] via P2P/MNNVL
node23D400671:1240:3248 [1] NCCL INFO Channel 00/0 : 29[1] -> 30[2] via P2P/MNNVL
node23D400671:1242:3249 [3] NCCL INFO Channel 01/0 : 31[3] -> 0[0] via P2P/MNNVL
node23D400671:1241:3250 [2] NCCL INFO Channel 01/0 : 30[2] -> 31[3] via P2P/MNNVL
node23D400671:1240:3248 [1] NCCL INFO Channel 01/0 : 29[1] -> 30[2] via P2P/MNNVL
node23D400671:1241:3250 [2] NCCL INFO Channel 02/0 : 30[2] -> 31[3] via P2P/MNNVL
node23D400671:1239:3247 [0] NCCL INFO Channel 04/0 : 28[0] -> 29[1] via P2P/MNNVL
node23D400671:1240:3248 [1] NCCL INFO Channel 02/0 : 29[1] -> 30[2] via P2P/MNNVL
node23D400671:1242:3249 [3] NCCL INFO Channel 02/0 : 31[3] -> 0[0] via P2P/MNNVL
node23D400671:1240:3248 [1] NCCL INFO Channel 03/0 : 29[1] -> 30[2] via P2P/MNNVL
node23D400671:1242:3249 [3] NCCL INFO Channel 03/0 : 31[3] -> 0[0] via P2P/MNNVL
node23D400671:1241:3250 [2] NCCL INFO Channel 03/0 : 30[2] -> 31[3] via P2P/MNNVL
node23D400671:1239:3247 [0] NCCL INFO Channel 05/0 : 28[0] -> 29[1] via P2P/MNNVL
node23D400671:1241:3250 [2] NCCL INFO Channel 04/0 : 30[2] -> 31[3] via P2P/MNNVL
node23D400671:1240:3248 [1] NCCL INFO Channel 04/0 : 29[1] -> 30[2] via P2P/MNNVL
node23D400671:1239:3247 [0] NCCL INFO Channel 06/0 : 28[0] -> 29[1] via P2P/MNNVL
node23D400671:1242:3249 [3] NCCL INFO Channel 04/0 : 31[3] -> 0[0] via P2P/MNNVL
node23D400671:1241:3250 [2] NCCL INFO Channel 05/0 : 30[2] -> 31[3] via P2P/MNNVL
node23D400671:1240:3248 [1] NCCL INFO Channel 05/0 : 29[1] -> 30[2] via P2P/MNNVL
node23D400671:1239:3247 [0] NCCL INFO Channel 07/0 : 28[0] -> 29[1] via P2P/MNNVL
node23D400671:1242:3249 [3] NCCL INFO Channel 05/0 : 31[3] -> 0[0] via P2P/MNNVL
node23D400671:1240:3248 [1] NCCL INFO Channel 06/0 : 29[1] -> 30[2] via P2P/MNNVL
node23D400671:1239:3247 [0] NCCL INFO Channel 08/0 : 28[0] -> 29[1] via P2P/MNNVL
node23D400671:1241:3250 [2] NCCL INFO Channel 06/0 : 30[2] -> 31[3] via P2P/MNNVL
node23D400671:1242:3249 [3] NCCL INFO Channel 06/0 : 31[3] -> 0[0] via P2P/MNNVL
node23D400671:1239:3247 [0] NCCL INFO Channel 09/0 : 28[0] -> 29[1] via P2P/MNNVL
node23D400671:1241:3250 [2] NCCL INFO Channel 07/0 : 30[2] -> 31[3] via P2P/MNNVL
node23D400671:1240:3248 [1] NCCL INFO Channel 07/0 : 29[1] -> 30[2] via P2P/MNNVL
node23D400671:1242:3249 [3] NCCL INFO Channel 07/0 : 31[3] -> 0[0] via P2P/MNNVL
node23D400671:1240:3248 [1] NCCL INFO Channel 08/0 : 29[1] -> 30[2] via P2P/MNNVL
node23D400671:1239:3247 [0] NCCL INFO Channel 10/0 : 28[0] -> 29[1] via P2P/MNNVL
node23D400671:1242:3249 [3] NCCL INFO Channel 08/0 : 31[3] -> 0[0] via P2P/MNNVL
node23D400671:1241:3250 [2] NCCL INFO Channel 08/0 : 30[2] -> 31[3] via P2P/MNNVL
node23D400671:1240:3248 [1] NCCL INFO Channel 09/0 : 29[1] -> 30[2] via P2P/MNNVL
node23D400671:1239:3247 [0] NCCL INFO Channel 11/0 : 28[0] -> 29[1] via P2P/MNNVL
node23D400671:1241:3250 [2] NCCL INFO Channel 09/0 : 30[2] -> 31[3] via P2P/MNNVL
node23D400671:1242:3249 [3] NCCL INFO Channel 09/0 : 31[3] -> 0[0] via P2P/MNNVL
node23D400671:1242:3249 [3] NCCL INFO Channel 10/0 : 31[3] -> 0[0] via P2P/MNNVL
node23D400671:1241:3250 [2] NCCL INFO Channel 10/0 : 30[2] -> 31[3] via P2P/MNNVL
node23D400671:1239:3247 [0] NCCL INFO Channel 12/0 : 28[0] -> 29[1] via P2P/MNNVL
node23D400671:1240:3248 [1] NCCL INFO Channel 10/0 : 29[1] -> 30[2] via P2P/MNNVL
node23D400671:1242:3249 [3] NCCL INFO Channel 11/0 : 31[3] -> 0[0] via P2P/MNNVL
node23D400671:1239:3247 [0] NCCL INFO Channel 13/0 : 28[0] -> 29[1] via P2P/MNNVL
node23D400671:1240:3248 [1] NCCL INFO Channel 11/0 : 29[1] -> 30[2] via P2P/MNNVL
node23D400671:1239:3247 [0] NCCL INFO Channel 14/0 : 28[0] -> 29[1] via P2P/MNNVL
node23D400671:1241:3250 [2] NCCL INFO Channel 11/0 : 30[2] -> 31[3] via P2P/MNNVL
node23D400671:1239:3247 [0] NCCL INFO Channel 15/0 : 28[0] -> 29[1] via P2P/MNNVL
node23D400671:1240:3248 [1] NCCL INFO Channel 12/0 : 29[1] -> 30[2] via P2P/MNNVL
node23D400671:1242:3249 [3] NCCL INFO Channel 12/0 : 31[3] -> 0[0] via P2P/MNNVL
node23D400671:1239:3247 [0] NCCL INFO Channel 16/0 : 28[0] -> 29[1] via P2P/MNNVL
node23D400671:1241:3250 [2] NCCL INFO Channel 12/0 : 30[2] -> 31[3] via P2P/MNNVL
node23D400671:1240:3248 [1] NCCL INFO Channel 13/0 : 29[1] -> 30[2] via P2P/MNNVL
node23D400671:1242:3249 [3] NCCL INFO Channel 13/0 : 31[3] -> 0[0] via P2P/MNNVL
node23D400671:1240:3248 [1] NCCL INFO Channel 14/0 : 29[1] -> 30[2] via P2P/MNNVL
node23D400671:1241:3250 [2] NCCL INFO Channel 13/0 : 30[2] -> 31[3] via P2P/MNNVL
node23D400671:1239:3247 [0] NCCL INFO Channel 17/0 : 28[0] -> 29[1] via P2P/MNNVL
node23D400671:1242:3249 [3] NCCL INFO Channel 14/0 : 31[3] -> 0[0] via P2P/MNNVL
node23D400671:1240:3248 [1] NCCL INFO Channel 15/0 : 29[1] -> 30[2] via P2P/MNNVL
node23D400671:1241:3250 [2] NCCL INFO Channel 14/0 : 30[2] -> 31[3] via P2P/MNNVL
node23D400671:1239:3247 [0] NCCL INFO Channel 18/0 : 28[0] -> 29[1] via P2P/MNNVL
node23D400671:1242:3249 [3] NCCL INFO Channel 15/0 : 31[3] -> 0[0] via P2P/MNNVL
node23D400671:1240:3248 [1] NCCL INFO Channel 16/0 : 29[1] -> 30[2] via P2P/MNNVL
node23D400671:1241:3250 [2] NCCL INFO Channel 15/0 : 30[2] -> 31[3] via P2P/MNNVL
node23D400671:1239:3247 [0] NCCL INFO Channel 19/0 : 28[0] -> 29[1] via P2P/MNNVL
node23D400671:1242:3249 [3] NCCL INFO Channel 16/0 : 31[3] -> 0[0] via P2P/MNNVL
node23D400671:1240:3248 [1] NCCL INFO Channel 17/0 : 29[1] -> 30[2] via P2P/MNNVL
node23D400671:1241:3250 [2] NCCL INFO Channel 16/0 : 30[2] -> 31[3] via P2P/MNNVL
node23D400671:1242:3249 [3] NCCL INFO Channel 17/0 : 31[3] -> 0[0] via P2P/MNNVL
node23D400671:1239:3247 [0] NCCL INFO Channel 20/0 : 28[0] -> 29[1] via P2P/MNNVL
node23D400671:1240:3248 [1] NCCL INFO Channel 18/0 : 29[1] -> 30[2] via P2P/MNNVL
node23D400671:1242:3249 [3] NCCL INFO Channel 18/0 : 31[3] -> 0[0] via P2P/MNNVL
node23D400671:1239:3247 [0] NCCL INFO Channel 21/0 : 28[0] -> 29[1] via P2P/MNNVL
node23D400671:1241:3250 [2] NCCL INFO Channel 17/0 : 30[2] -> 31[3] via P2P/MNNVL
node23D400671:1240:3248 [1] NCCL INFO Channel 19/0 : 29[1] -> 30[2] via P2P/MNNVL
node23D400671:1239:3247 [0] NCCL INFO Channel 22/0 : 28[0] -> 29[1] via P2P/MNNVL
node23D400671:1241:3250 [2] NCCL INFO Channel 18/0 : 30[2] -> 31[3] via P2P/MNNVL
node23D400671:1242:3249 [3] NCCL INFO Channel 19/0 : 31[3] -> 0[0] via P2P/MNNVL
node23D400671:1240:3248 [1] NCCL INFO Channel 20/0 : 29[1] -> 30[2] via P2P/MNNVL
node23D400671:1239:3247 [0] NCCL INFO Channel 23/0 : 28[0] -> 29[1] via P2P/MNNVL
node23D400671:1241:3250 [2] NCCL INFO Channel 19/0 : 30[2] -> 31[3] via P2P/MNNVL
node23D400671:1239:3247 [0] NCCL INFO Channel 24/0 : 28[0] -> 29[1] via P2P/MNNVL
node23D400671:1240:3248 [1] NCCL INFO Channel 21/0 : 29[1] -> 30[2] via P2P/MNNVL
node23D400671:1242:3249 [3] NCCL INFO Channel 20/0 : 31[3] -> 0[0] via P2P/MNNVL
node23D400671:1239:3247 [0] NCCL INFO Channel 25/0 : 28[0] -> 29[1] via P2P/MNNVL
node23D400671:1241:3250 [2] NCCL INFO Channel 20/0 : 30[2] -> 31[3] via P2P/MNNVL
node23D400671:1240:3248 [1] NCCL INFO Channel 22/0 : 29[1] -> 30[2] via P2P/MNNVL
node23D400671:1239:3247 [0] NCCL INFO Channel 26/0 : 28[0] -> 29[1] via P2P/MNNVL
node23D400671:1240:3248 [1] NCCL INFO Channel 23/0 : 29[1] -> 30[2] via P2P/MNNVL
node23D400671:1241:3250 [2] NCCL INFO Channel 21/0 : 30[2] -> 31[3] via P2P/MNNVL
node23D400671:1242:3249 [3] NCCL INFO Channel 21/0 : 31[3] -> 0[0] via P2P/MNNVL
node23D400671:1241:3250 [2] NCCL INFO Channel 22/0 : 30[2] -> 31[3] via P2P/MNNVL
node23D400671:1239:3247 [0] NCCL INFO Channel 27/0 : 28[0] -> 29[1] via P2P/MNNVL
node23D400671:1240:3248 [1] NCCL INFO Channel 24/0 : 29[1] -> 30[2] via P2P/MNNVL
node23D400671:1242:3249 [3] NCCL INFO Channel 22/0 : 31[3] -> 0[0] via P2P/MNNVL
node23D400671:1239:3247 [0] NCCL INFO Channel 28/0 : 28[0] -> 29[1] via P2P/MNNVL
node23D400671:1240:3248 [1] NCCL INFO Channel 25/0 : 29[1] -> 30[2] via P2P/MNNVL
node23D400671:1241:3250 [2] NCCL INFO Channel 23/0 : 30[2] -> 31[3] via P2P/MNNVL
node23D400671:1242:3249 [3] NCCL INFO Channel 23/0 : 31[3] -> 0[0] via P2P/MNNVL
node23D400671:1241:3250 [2] NCCL INFO Channel 24/0 : 30[2] -> 31[3] via P2P/MNNVL
node23D400671:1242:3249 [3] NCCL INFO Channel 24/0 : 31[3] -> 0[0] via P2P/MNNVL
node23D400671:1239:3247 [0] NCCL INFO Channel 29/0 : 28[0] -> 29[1] via P2P/MNNVL
node23D400671:1240:3248 [1] NCCL INFO Channel 26/0 : 29[1] -> 30[2] via P2P/MNNVL
node23D400671:1239:3247 [0] NCCL INFO Channel 30/0 : 28[0] -> 29[1] via P2P/MNNVL
node23D400671:1241:3250 [2] NCCL INFO Channel 25/0 : 30[2] -> 31[3] via P2P/MNNVL
node23D400671:1242:3249 [3] NCCL INFO Channel 25/0 : 31[3] -> 0[0] via P2P/MNNVL
node23D400671:1240:3248 [1] NCCL INFO Channel 27/0 : 29[1] -> 30[2] via P2P/MNNVL
node23D400671:1239:3247 [0] NCCL INFO Channel 31/0 : 28[0] -> 29[1] via P2P/MNNVL
node23D400671:1241:3250 [2] NCCL INFO Channel 26/0 : 30[2] -> 31[3] via P2P/MNNVL
node23D400671:1242:3249 [3] NCCL INFO Channel 26/0 : 31[3] -> 0[0] via P2P/MNNVL
node23D400671:1240:3248 [1] NCCL INFO Channel 28/0 : 29[1] -> 30[2] via P2P/MNNVL
node23D400671:1240:3248 [1] NCCL INFO Channel 29/0 : 29[1] -> 30[2] via P2P/MNNVL
node23D400671:1242:3249 [3] NCCL INFO Channel 27/0 : 31[3] -> 0[0] via P2P/MNNVL
node23D400671:1241:3250 [2] NCCL INFO Channel 27/0 : 30[2] -> 31[3] via P2P/MNNVL
node23D400671:1240:3248 [1] NCCL INFO Channel 30/0 : 29[1] -> 30[2] via P2P/MNNVL
node23D400671:1242:3249 [3] NCCL INFO Channel 28/0 : 31[3] -> 0[0] via P2P/MNNVL
node23D400671:1241:3250 [2] NCCL INFO Channel 28/0 : 30[2] -> 31[3] via P2P/MNNVL
node23D400671:1240:3248 [1] NCCL INFO Channel 31/0 : 29[1] -> 30[2] via P2P/MNNVL
node23D400671:1241:3250 [2] NCCL INFO Channel 29/0 : 30[2] -> 31[3] via P2P/MNNVL
