node23D400664:1241:2104 [2] NCCL INFO ncclCommInitRankConfig comm 0x58e23280 rank 6 nranks 8 cudaDev 2 nvmlDev 2 busId 1801000 commId 0xb455c0b223c760de - Init COMPLETE
node23D400664:1240:2107 [1] NCCL INFO ncclCommInitRankConfig comm 0x4b64f010 rank 5 nranks 8 cudaDev 1 nvmlDev 1 busId 901000 commId 0xb455c0b223c760de - Init COMPLETE
node23D400664:1241:2104 [2] NCCL INFO Init timings - ncclCommInitRankConfig: rank 6 nranks 8 total 0.96 (kernels 0.00, alloc 0.00, bootstrap 0.00, allgathers 0.04, topo 0.76, graphs 0.00, connections 0.14, rest 0.02)
node23D400664:1242:2105 [3] NCCL INFO ncclCommInitRankConfig comm 0x27834cf0 rank 7 nranks 8 cudaDev 3 nvmlDev 3 busId 1901000 commId 0xb455c0b223c760de - Init COMPLETE
node23D400664:1240:2107 [1] NCCL INFO Init timings - ncclCommInitRankConfig: rank 5 nranks 8 total 0.96 (kernels 0.00, alloc 0.00, bootstrap 0.00, allgathers 0.04, topo 0.76, graphs 0.00, connections 0.15, rest 0.01)
node23D400664:1242:2105 [3] NCCL INFO Init timings - ncclCommInitRankConfig: rank 7 nranks 8 total 0.96 (kernels 0.00, alloc 0.00, bootstrap 0.00, allgathers 0.02, topo 0.77, graphs 0.00, connections 0.14, rest 0.02)
node23D400664:1241:2116 [2] NCCL INFO Channel 00/0 : 6[2] -> 7[3] via P2P/MNNVL
node23D400664:1242:2117 [3] NCCL INFO Channel 00/0 : 7[3] -> 0[0] via P2P/MNNVL
node23D400664:1239:2118 [0] NCCL INFO Channel 00/0 : 4[0] -> 5[1] via P2P/MNNVL
node23D400664:1241:2116 [2] NCCL INFO Channel 01/0 : 6[2] -> 7[3] via P2P/MNNVL
node23D400664:1242:2117 [3] NCCL INFO Channel 01/0 : 7[3] -> 0[0] via P2P/MNNVL
node23D400664:1239:2118 [0] NCCL INFO Channel 01/0 : 4[0] -> 5[1] via P2P/MNNVL
node23D400664:1242:2117 [3] NCCL INFO Channel 02/0 : 7[3] -> 0[0] via P2P/MNNVL
node23D400664:1239:2118 [0] NCCL INFO Channel 02/0 : 4[0] -> 5[1] via P2P/MNNVL
node23D400664:1241:2116 [2] NCCL INFO Channel 02/0 : 6[2] -> 7[3] via P2P/MNNVL
node23D400664:1242:2117 [3] NCCL INFO Channel 03/0 : 7[3] -> 0[0] via P2P/MNNVL
node23D400664:1241:2116 [2] NCCL INFO Channel 03/0 : 6[2] -> 7[3] via P2P/MNNVL
node23D400664:1242:2117 [3] NCCL INFO Channel 04/0 : 7[3] -> 0[0] via P2P/MNNVL
node23D400664:1240:2119 [1] NCCL INFO Channel 00/0 : 5[1] -> 6[2] via P2P/MNNVL
node23D400664:1239:2118 [0] NCCL INFO Channel 03/0 : 4[0] -> 5[1] via P2P/MNNVL
node23D400664:1242:2117 [3] NCCL INFO Channel 05/0 : 7[3] -> 0[0] via P2P/MNNVL
node23D400664:1240:2119 [1] NCCL INFO Channel 01/0 : 5[1] -> 6[2] via P2P/MNNVL
node23D400664:1241:2116 [2] NCCL INFO Channel 04/0 : 6[2] -> 7[3] via P2P/MNNVL
node23D400664:1239:2118 [0] NCCL INFO Channel 04/0 : 4[0] -> 5[1] via P2P/MNNVL
node23D400664:1242:2117 [3] NCCL INFO Channel 06/0 : 7[3] -> 0[0] via P2P/MNNVL
node23D400664:1241:2116 [2] NCCL INFO Channel 05/0 : 6[2] -> 7[3] via P2P/MNNVL
node23D400664:1239:2118 [0] NCCL INFO Channel 05/0 : 4[0] -> 5[1] via P2P/MNNVL
node23D400664:1240:2119 [1] NCCL INFO Channel 02/0 : 5[1] -> 6[2] via P2P/MNNVL
node23D400664:1241:2116 [2] NCCL INFO Channel 06/0 : 6[2] -> 7[3] via P2P/MNNVL
node23D400664:1242:2117 [3] NCCL INFO Channel 07/0 : 7[3] -> 0[0] via P2P/MNNVL
node23D400664:1240:2119 [1] NCCL INFO Channel 03/0 : 5[1] -> 6[2] via P2P/MNNVL
node23D400664:1239:2118 [0] NCCL INFO Channel 06/0 : 4[0] -> 5[1] via P2P/MNNVL
node23D400664:1241:2116 [2] NCCL INFO Channel 07/0 : 6[2] -> 7[3] via P2P/MNNVL
node23D400664:1239:2118 [0] NCCL INFO Channel 07/0 : 4[0] -> 5[1] via P2P/MNNVL
node23D400664:1240:2119 [1] NCCL INFO Channel 04/0 : 5[1] -> 6[2] via P2P/MNNVL
node23D400664:1241:2116 [2] NCCL INFO Channel 08/0 : 6[2] -> 7[3] via P2P/MNNVL
node23D400664:1242:2117 [3] NCCL INFO Channel 08/0 : 7[3] -> 0[0] via P2P/MNNVL
node23D400664:1239:2118 [0] NCCL INFO Channel 08/0 : 4[0] -> 5[1] via P2P/MNNVL
node23D400664:1240:2119 [1] NCCL INFO Channel 05/0 : 5[1] -> 6[2] via P2P/MNNVL
node23D400664:1239:2118 [0] NCCL INFO Channel 09/0 : 4[0] -> 5[1] via P2P/MNNVL
node23D400664:1240:2119 [1] NCCL INFO Channel 06/0 : 5[1] -> 6[2] via P2P/MNNVL
node23D400664:1241:2116 [2] NCCL INFO Channel 09/0 : 6[2] -> 7[3] via P2P/MNNVL
node23D400664:1242:2117 [3] NCCL INFO Channel 09/0 : 7[3] -> 0[0] via P2P/MNNVL
node23D400664:1241:2116 [2] NCCL INFO Channel 10/0 : 6[2] -> 7[3] via P2P/MNNVL
node23D400664:1240:2119 [1] NCCL INFO Channel 07/0 : 5[1] -> 6[2] via P2P/MNNVL
node23D400664:1242:2117 [3] NCCL INFO Channel 10/0 : 7[3] -> 0[0] via P2P/MNNVL
node23D400664:1239:2118 [0] NCCL INFO Channel 10/0 : 4[0] -> 5[1] via P2P/MNNVL
node23D400664:1241:2116 [2] NCCL INFO Channel 11/0 : 6[2] -> 7[3] via P2P/MNNVL
node23D400664:1240:2119 [1] NCCL INFO Channel 08/0 : 5[1] -> 6[2] via P2P/MNNVL
node23D400664:1242:2117 [3] NCCL INFO Channel 11/0 : 7[3] -> 0[0] via P2P/MNNVL
node23D400664:1239:2118 [0] NCCL INFO Channel 11/0 : 4[0] -> 5[1] via P2P/MNNVL
node23D400664:1242:2117 [3] NCCL INFO Channel 12/0 : 7[3] -> 0[0] via P2P/MNNVL
node23D400664:1240:2119 [1] NCCL INFO Channel 09/0 : 5[1] -> 6[2] via P2P/MNNVL
node23D400664:1239:2118 [0] NCCL INFO Channel 12/0 : 4[0] -> 5[1] via P2P/MNNVL
node23D400664:1241:2116 [2] NCCL INFO Channel 12/0 : 6[2] -> 7[3] via P2P/MNNVL
node23D400664:1242:2117 [3] NCCL INFO Channel 13/0 : 7[3] -> 0[0] via P2P/MNNVL
node23D400664:1241:2116 [2] NCCL INFO Channel 13/0 : 6[2] -> 7[3] via P2P/MNNVL
node23D400664:1239:2118 [0] NCCL INFO Channel 13/0 : 4[0] -> 5[1] via P2P/MNNVL
node23D400664:1240:2119 [1] NCCL INFO Channel 10/0 : 5[1] -> 6[2] via P2P/MNNVL
node23D400664:1241:2116 [2] NCCL INFO Channel 14/0 : 6[2] -> 7[3] via P2P/MNNVL
node23D400664:1242:2117 [3] NCCL INFO Channel 14/0 : 7[3] -> 0[0] via P2P/MNNVL
node23D400664:1241:2116 [2] NCCL INFO Channel 15/0 : 6[2] -> 7[3] via P2P/MNNVL
node23D400664:1242:2117 [3] NCCL INFO Channel 15/0 : 7[3] -> 0[0] via P2P/MNNVL
node23D400664:1239:2118 [0] NCCL INFO Channel 14/0 : 4[0] -> 5[1] via P2P/MNNVL
node23D400664:1241:2116 [2] NCCL INFO Channel 16/0 : 6[2] -> 7[3] via P2P/MNNVL
node23D400664:1240:2119 [1] NCCL INFO Channel 11/0 : 5[1] -> 6[2] via P2P/MNNVL
node23D400664:1242:2117 [3] NCCL INFO Channel 16/0 : 7[3] -> 0[0] via P2P/MNNVL
node23D400664:1240:2119 [1] NCCL INFO Channel 12/0 : 5[1] -> 6[2] via P2P/MNNVL
node23D400664:1241:2116 [2] NCCL INFO Channel 17/0 : 6[2] -> 7[3] via P2P/MNNVL
node23D400664:1239:2118 [0] NCCL INFO Channel 15/0 : 4[0] -> 5[1] via P2P/MNNVL
node23D400664:1241:2116 [2] NCCL INFO Channel 18/0 : 6[2] -> 7[3] via P2P/MNNVL
node23D400664:1242:2117 [3] NCCL INFO Channel 17/0 : 7[3] -> 0[0] via P2P/MNNVL
node23D400664:1241:2116 [2] NCCL INFO Channel 19/0 : 6[2] -> 7[3] via P2P/MNNVL
node23D400664:1239:2118 [0] NCCL INFO Channel 16/0 : 4[0] -> 5[1] via P2P/MNNVL
node23D400664:1240:2119 [1] NCCL INFO Channel 13/0 : 5[1] -> 6[2] via P2P/MNNVL
node23D400664:1242:2117 [3] NCCL INFO Channel 18/0 : 7[3] -> 0[0] via P2P/MNNVL
node23D400664:1241:2116 [2] NCCL INFO Channel 20/0 : 6[2] -> 7[3] via P2P/MNNVL
node23D400664:1242:2117 [3] NCCL INFO Channel 19/0 : 7[3] -> 0[0] via P2P/MNNVL
node23D400664:1240:2119 [1] NCCL INFO Channel 14/0 : 5[1] -> 6[2] via P2P/MNNVL
node23D400664:1241:2116 [2] NCCL INFO Channel 21/0 : 6[2] -> 7[3] via P2P/MNNVL
node23D400664:1242:2117 [3] NCCL INFO Channel 20/0 : 7[3] -> 0[0] via P2P/MNNVL
node23D400664:1239:2118 [0] NCCL INFO Channel 17/0 : 4[0] -> 5[1] via P2P/MNNVL
node23D400664:1240:2119 [1] NCCL INFO Channel 15/0 : 5[1] -> 6[2] via P2P/MNNVL
node23D400664:1239:2118 [0] NCCL INFO Channel 18/0 : 4[0] -> 5[1] via P2P/MNNVL
node23D400664:1242:2117 [3] NCCL INFO Channel 21/0 : 7[3] -> 0[0] via P2P/MNNVL
node23D400664:1241:2116 [2] NCCL INFO Channel 22/0 : 6[2] -> 7[3] via P2P/MNNVL
node23D400664:1240:2119 [1] NCCL INFO Channel 16/0 : 5[1] -> 6[2] via P2P/MNNVL
node23D400664:1239:2118 [0] NCCL INFO Channel 19/0 : 4[0] -> 5[1] via P2P/MNNVL
node23D400664:1241:2116 [2] NCCL INFO Channel 23/0 : 6[2] -> 7[3] via P2P/MNNVL
node23D400664:1242:2117 [3] NCCL INFO Channel 22/0 : 7[3] -> 0[0] via P2P/MNNVL
node23D400664:1240:2119 [1] NCCL INFO Channel 17/0 : 5[1] -> 6[2] via P2P/MNNVL
node23D400664:1241:2116 [2] NCCL INFO Channel 24/0 : 6[2] -> 7[3] via P2P/MNNVL
node23D400664:1242:2117 [3] NCCL INFO Channel 23/0 : 7[3] -> 0[0] via P2P/MNNVL
node23D400664:1239:2118 [0] NCCL INFO Channel 20/0 : 4[0] -> 5[1] via P2P/MNNVL
node23D400664:1240:2119 [1] NCCL INFO Channel 18/0 : 5[1] -> 6[2] via P2P/MNNVL
node23D400664:1242:2117 [3] NCCL INFO Channel 24/0 : 7[3] -> 0[0] via P2P/MNNVL
node23D400664:1241:2116 [2] NCCL INFO Channel 25/0 : 6[2] -> 7[3] via P2P/MNNVL
node23D400664:1240:2119 [1] NCCL INFO Channel 19/0 : 5[1] -> 6[2] via P2P/MNNVL
node23D400664:1239:2118 [0] NCCL INFO Channel 21/0 : 4[0] -> 5[1] via P2P/MNNVL
node23D400664:1242:2117 [3] NCCL INFO Channel 25/0 : 7[3] -> 0[0] via P2P/MNNVL
node23D400664:1241:2116 [2] NCCL INFO Channel 26/0 : 6[2] -> 7[3] via P2P/MNNVL
node23D400664:1239:2118 [0] NCCL INFO Channel 22/0 : 4[0] -> 5[1] via P2P/MNNVL
node23D400664:1240:2119 [1] NCCL INFO Channel 20/0 : 5[1] -> 6[2] via P2P/MNNVL
node23D400664:1242:2117 [3] NCCL INFO Channel 26/0 : 7[3] -> 0[0] via P2P/MNNVL
node23D400664:1241:2116 [2] NCCL INFO Channel 27/0 : 6[2] -> 7[3] via P2P/MNNVL
node23D400664:1241:2116 [2] NCCL INFO Channel 28/0 : 6[2] -> 7[3] via P2P/MNNVL
node23D400664:1242:2117 [3] NCCL INFO Channel 27/0 : 7[3] -> 0[0] via P2P/MNNVL
node23D400664:1240:2119 [1] NCCL INFO Channel 21/0 : 5[1] -> 6[2] via P2P/MNNVL
node23D400664:1239:2118 [0] NCCL INFO Channel 23/0 : 4[0] -> 5[1] via P2P/MNNVL
node23D400664:1241:2116 [2] NCCL INFO Channel 29/0 : 6[2] -> 7[3] via P2P/MNNVL
node23D400664:1240:2119 [1] NCCL INFO Channel 22/0 : 5[1] -> 6[2] via P2P/MNNVL
node23D400664:1242:2117 [3] NCCL INFO Channel 28/0 : 7[3] -> 0[0] via P2P/MNNVL
node23D400664:1239:2118 [0] NCCL INFO Channel 24/0 : 4[0] -> 5[1] via P2P/MNNVL
node23D400664:1240:2119 [1] NCCL INFO Channel 23/0 : 5[1] -> 6[2] via P2P/MNNVL
node23D400664:1241:2116 [2] NCCL INFO Channel 30/0 : 6[2] -> 7[3] via P2P/MNNVL
node23D400664:1242:2117 [3] NCCL INFO Channel 29/0 : 7[3] -> 0[0] via P2P/MNNVL
node23D400664:1239:2118 [0] NCCL INFO Channel 25/0 : 4[0] -> 5[1] via P2P/MNNVL
node23D400664:1241:2116 [2] NCCL INFO Channel 31/0 : 6[2] -> 7[3] via P2P/MNNVL
node23D400664:1239:2118 [0] NCCL INFO Channel 26/0 : 4[0] -> 5[1] via P2P/MNNVL
node23D400664:1242:2117 [3] NCCL INFO Channel 30/0 : 7[3] -> 0[0] via P2P/MNNVL
node23D400664:1240:2119 [1] NCCL INFO Channel 24/0 : 5[1] -> 6[2] via P2P/MNNVL
node23D400664:1239:2118 [0] NCCL INFO Channel 27/0 : 4[0] -> 5[1] via P2P/MNNVL
node23D400664:1240:2119 [1] NCCL INFO Channel 25/0 : 5[1] -> 6[2] via P2P/MNNVL
node23D400664:1242:2117 [3] NCCL INFO Channel 31/0 : 7[3] -> 0[0] via P2P/MNNVL
node23D400664:1239:2118 [0] NCCL INFO Channel 28/0 : 4[0] -> 5[1] via P2P/MNNVL
node23D400664:1240:2119 [1] NCCL INFO Channel 26/0 : 5[1] -> 6[2] via P2P/MNNVL
node23D400664:1239:2118 [0] NCCL INFO Channel 29/0 : 4[0] -> 5[1] via P2P/MNNVL
node23D400664:1240:2119 [1] NCCL INFO Channel 27/0 : 5[1] -> 6[2] via P2P/MNNVL
node23D400664:1240:2119 [1] NCCL INFO Channel 28/0 : 5[1] -> 6[2] via P2P/MNNVL
node23D400664:1239:2118 [0] NCCL INFO Channel 30/0 : 4[0] -> 5[1] via P2P/MNNVL
node23D400664:1239:2118 [0] NCCL INFO Channel 31/0 : 4[0] -> 5[1] via P2P/MNNVL
node23D400664:1240:2119 [1] NCCL INFO Channel 29/0 : 5[1] -> 6[2] via P2P/MNNVL
node23D400664:1240:2119 [1] NCCL INFO Channel 30/0 : 5[1] -> 6[2] via P2P/MNNVL
node23D400664:1240:2119 [1] NCCL INFO Channel 31/0 : 5[1] -> 6[2] via P2P/MNNVL
node23D400664:1242:2117 [3] NCCL INFO Connected all rings, use ring PXN 0 GDR 1
node23D400664:1241:2116 [2] NCCL INFO Connected all rings, use ring PXN 0 GDR 1
node23D400664:1239:2118 [0] NCCL INFO Connected all rings, use ring PXN 0 GDR 1
node23D400664:1240:2119 [1] NCCL INFO Connected all rings, use ring PXN 0 GDR 1
node23D400664:1242:1242 [3] NCCL INFO Comm config Blocking set to 1
node23D400664:1239:1239 [0] NCCL INFO Comm config Blocking set to 1
node23D400664:1242:2120 [3] NCCL INFO Assigned NET plugin Socket to comm
node23D400664:1242:2120 [3] NCCL INFO Using network Socket
node23D400664:1239:2121 [0] NCCL INFO Assigned NET plugin Socket to comm
node23D400664:1239:2121 [0] NCCL INFO Using network Socket
node23D400664:1242:2120 [3] NCCL INFO ncclCommInitRankConfig comm 0x32f5cf90 rank 1 nranks 2 cudaDev 3 nvmlDev 3 busId 1901000 commId 0x4355024016cd0fb3 - Init START
node23D400664:1239:2121 [0] NCCL INFO ncclCommInitRankConfig comm 0x5627eda0 rank 1 nranks 2 cudaDev 0 nvmlDev 0 busId 801000 commId 0x1b682663f60a4f74 - Init START
node23D400664:1242:2120 [3] NCCL INFO Bootstrap timings total 0.000870 (create 0.000046, send 0.000146, recv 0.000289, ring 0.000136, delay 0.000000)
node23D400664:1239:2121 [0] NCCL INFO Bootstrap timings total 0.000929 (create 0.000035, send 0.000150, recv 0.000409, ring 0.000147, delay 0.000000)
node23D400664:1240:1240 [1] NCCL INFO Comm config Blocking set to 1
node23D400664:1240:2122 [1] NCCL INFO Assigned NET plugin Socket to comm
node23D400664:1240:2122 [1] NCCL INFO Using network Socket
node23D400664:1240:2122 [1] NCCL INFO ncclCommInitRankConfig comm 0x56d792c0 rank 1 nranks 2 cudaDev 1 nvmlDev 1 busId 901000 commId 0xd1a7c8e57522ef91 - Init START
node23D400664:1240:2122 [1] NCCL INFO Bootstrap timings total 0.000865 (create 0.000030, send 0.000125, recv 0.000336, ring 0.000143, delay 0.000000)
node23D400664:1242:2120 [3] NCCL INFO MNNVL busId 0x1901000 fabric UUID aa48724aeeaad6a8.b34b901796a1c18d cliqueId 0x7ffe state 3 healthMask 0xaa
node23D400664:1239:2121 [0] NCCL INFO MNNVL busId 0x801000 fabric UUID aa48724aeeaad6a8.b34b901796a1c18d cliqueId 0x7ffe state 3 healthMask 0xaa
node23D400664:1240:2122 [1] NCCL INFO MNNVL busId 0x901000 fabric UUID aa48724aeeaad6a8.b34b901796a1c18d cliqueId 0x7ffe state 3 healthMask 0xaa
node23D400664:1242:2120 [3] NCCL INFO MNNVL 1 cliqueId 7ffe cliqueSize 2 cliqueRank 1
node23D400664:1239:2121 [0] NCCL INFO MNNVL 1 cliqueId 7ffe cliqueSize 2 cliqueRank 1
node23D400664:1240:2122 [1] NCCL INFO MNNVL 1 cliqueId 7ffe cliqueSize 2 cliqueRank 1
node23D400664:1241:1241 [2] NCCL INFO Comm config Blocking set to 1
node23D400664:1241:2123 [2] NCCL INFO Assigned NET plugin Socket to comm
node23D400664:1241:2123 [2] NCCL INFO Using network Socket
node23D400664:1241:2123 [2] NCCL INFO ncclCommInitRankConfig comm 0x6454cf20 rank 1 nranks 2 cudaDev 2 nvmlDev 2 busId 1801000 commId 0xb28f51ea890d5b8d - Init START
node23D400664:1241:2123 [2] NCCL INFO Bootstrap timings total 0.000933 (create 0.000039, send 0.000160, recv 0.000321, ring 0.000180, delay 0.000000)
node23D400664:1241:2123 [2] NCCL INFO MNNVL busId 0x1801000 fabric UUID aa48724aeeaad6a8.b34b901796a1c18d cliqueId 0x7ffe state 3 healthMask 0xaa
node23D400664:1241:2123 [2] NCCL INFO MNNVL 1 cliqueId 7ffe cliqueSize 2 cliqueRank 1
node23D400664:1242:2120 [3] NCCL INFO Setting affinity for GPU 3 to 72-143
node23D400664:1242:2120 [3] NCCL INFO comm 0x32f5cf90 rank 1 nRanks 2 nNodes 1 localRanks 2 localRank 1 MNNVL 1
node23D400664:1242:2120 [3] NCCL INFO Trees [0] -1/-1/-1->1->0 [1] -1/-1/-1->1->0 [2] -1/-1/-1->1->0 [3] -1/-1/-1->1->0 [4] -1/-1/-1->1->0 [5] -1/-1/-1->1->0 [6] -1/-1/-1->1->0 [7] -1/-1/-1->1->0 [8] 0/-1/-1->1->-1 [9] 0/-1/-1->1->-1 [10] 0/-1/-1->1->-1 [11] 0/-1/-1->1->-1 [12] 0/-1/-1->1->-1 [13] 0/-1/-1->1->-1 [14] 0/-1/-1->1->-1 [15] 0/-1/-1->1->-1 [16] -1/-1/-1->1->0 [17] -1/-1/-1->1->0 [18] -1/-1/-1->1->0 [19] -1/-1/-1->1->0 [20] -1/-1/-1->1->0 [21] -1/-1/-1->1->0 [22] -1/-1/-1->1->0 [23] -1/-1/-1->1->0 [24] 0/-1/-1->1->-1 [25] 0/-1/-1->1->-1 [26] 0/-1/-1->1->-1 [27] 0/-1/-1->1->-1 [28] 0/-1/-1->1->-1 [29] 0/-1/-1->1->-1 [30] 0/-1/-1->1->-1 [31] 0/-1/-1->1->-1
node23D400664:1242:2120 [3] NCCL INFO P2P Chunksize set to 524288
node23D400664:1242:2124 [3] NCCL INFO [Proxy Service] Device 3 CPU core 130
node23D400664:1242:2125 [3] NCCL INFO [Proxy Service UDS] Device 3 CPU core 135
node23D400664:1240:2122 [1] NCCL INFO Setting affinity for GPU 1 to 0-71
node23D400664:1240:2122 [1] NCCL INFO comm 0x56d792c0 rank 1 nRanks 2 nNodes 1 localRanks 2 localRank 1 MNNVL 1
node23D400664:1240:2122 [1] NCCL INFO Trees [0] -1/-1/-1->1->0 [1] -1/-1/-1->1->0 [2] -1/-1/-1->1->0 [3] -1/-1/-1->1->0 [4] -1/-1/-1->1->0 [5] -1/-1/-1->1->0 [6] -1/-1/-1->1->0 [7] -1/-1/-1->1->0 [8] 0/-1/-1->1->-1 [9] 0/-1/-1->1->-1 [10] 0/-1/-1->1->-1 [11] 0/-1/-1->1->-1 [12] 0/-1/-1->1->-1 [13] 0/-1/-1->1->-1 [14] 0/-1/-1->1->-1 [15] 0/-1/-1->1->-1 [16] -1/-1/-1->1->0 [17] -1/-1/-1->1->0 [18] -1/-1/-1->1->0 [19] -1/-1/-1->1->0 [20] -1/-1/-1->1->0 [21] -1/-1/-1->1->0 [22] -1/-1/-1->1->0 [23] -1/-1/-1->1->0 [24] 0/-1/-1->1->-1 [25] 0/-1/-1->1->-1 [26] 0/-1/-1->1->-1 [27] 0/-1/-1->1->-1 [28] 0/-1/-1->1->-1 [29] 0/-1/-1->1->-1 [30] 0/-1/-1->1->-1 [31] 0/-1/-1->1->-1
node23D400664:1240:2122 [1] NCCL INFO P2P Chunksize set to 524288
node23D400664:1240:2126 [1] NCCL INFO [Proxy Service] Device 1 CPU core 2
node23D400664:1240:2127 [1] NCCL INFO [Proxy Service UDS] Device 1 CPU core 3
node23D400664:1239:2121 [0] NCCL INFO Setting affinity for GPU 0 to 0-71
node23D400664:1239:2121 [0] NCCL INFO comm 0x5627eda0 rank 1 nRanks 2 nNodes 1 localRanks 2 localRank 1 MNNVL 1
node23D400664:1239:2121 [0] NCCL INFO Trees [0] -1/-1/-1->1->0 [1] -1/-1/-1->1->0 [2] -1/-1/-1->1->0 [3] -1/-1/-1->1->0 [4] -1/-1/-1->1->0 [5] -1/-1/-1->1->0 [6] -1/-1/-1->1->0 [7] -1/-1/-1->1->0 [8] 0/-1/-1->1->-1 [9] 0/-1/-1->1->-1 [10] 0/-1/-1->1->-1 [11] 0/-1/-1->1->-1 [12] 0/-1/-1->1->-1 [13] 0/-1/-1->1->-1 [14] 0/-1/-1->1->-1 [15] 0/-1/-1->1->-1 [16] -1/-1/-1->1->0 [17] -1/-1/-1->1->0 [18] -1/-1/-1->1->0 [19] -1/-1/-1->1->0 [20] -1/-1/-1->1->0 [21] -1/-1/-1->1->0 [22] -1/-1/-1->1->0 [23] -1/-1/-1->1->0 [24] 0/-1/-1->1->-1 [25] 0/-1/-1->1->-1 [26] 0/-1/-1->1->-1 [27] 0/-1/-1->1->-1 [28] 0/-1/-1->1->-1 [29] 0/-1/-1->1->-1 [30] 0/-1/-1->1->-1 [31] 0/-1/-1->1->-1
node23D400664:1239:2121 [0] NCCL INFO P2P Chunksize set to 524288
node23D400664:1239:2128 [0] NCCL INFO [Proxy Service] Device 0 CPU core 4
node23D400664:1239:2129 [0] NCCL INFO [Proxy Service UDS] Device 0 CPU core 5
node23D400664:1241:2123 [2] NCCL INFO Setting affinity for GPU 2 to 72-143
node23D400664:1241:2123 [2] NCCL INFO comm 0x6454cf20 rank 1 nRanks 2 nNodes 1 localRanks 2 localRank 1 MNNVL 1
node23D400664:1241:2123 [2] NCCL INFO Trees [0] -1/-1/-1->1->0 [1] -1/-1/-1->1->0 [2] -1/-1/-1->1->0 [3] -1/-1/-1->1->0 [4] -1/-1/-1->1->0 [5] -1/-1/-1->1->0 [6] -1/-1/-1->1->0 [7] -1/-1/-1->1->0 [8] 0/-1/-1->1->-1 [9] 0/-1/-1->1->-1 [10] 0/-1/-1->1->-1 [11] 0/-1/-1->1->-1 [12] 0/-1/-1->1->-1 [13] 0/-1/-1->1->-1 [14] 0/-1/-1->1->-1 [15] 0/-1/-1->1->-1 [16] -1/-1/-1->1->0 [17] -1/-1/-1->1->0 [18] -1/-1/-1->1->0 [19] -1/-1/-1->1->0 [20] -1/-1/-1->1->0 [21] -1/-1/-1->1->0 [22] -1/-1/-1->1->0 [23] -1/-1/-1->1->0 [24] 0/-1/-1->1->-1 [25] 0/-1/-1->1->-1 [26] 0/-1/-1->1->-1 [27] 0/-1/-1->1->-1 [28] 0/-1/-1->1->-1 [29] 0/-1/-1->1->-1 [30] 0/-1/-1->1->-1 [31] 0/-1/-1->1->-1
node23D400664:1241:2123 [2] NCCL INFO P2P Chunksize set to 524288
node23D400664:1241:2130 [2] NCCL INFO [Proxy Service] Device 2 CPU core 136
node23D400664:1241:2131 [2] NCCL INFO [Proxy Service UDS] Device 2 CPU core 137
node23D400664:1240:2122 [1] NCCL INFO threadThresholds 8/8/64 | 16/8/64 | 512 | 512
node23D400664:1240:2122 [1] NCCL INFO 32 coll channels, 32 collnet channels, 0 nvls channels, 32 p2p channels, 32 p2p channels per peer
node23D400664:1242:2120 [3] NCCL INFO threadThresholds 8/8/64 | 16/8/64 | 512 | 512
node23D400664:1242:2120 [3] NCCL INFO 32 coll channels, 32 collnet channels, 0 nvls channels, 32 p2p channels, 32 p2p channels per peer
node23D400664:1240:2122 [1] NCCL INFO ncclCommInitRankConfig comm 0x56d792c0 rank 1 nranks 2 cudaDev 1 nvmlDev 1 busId 901000 commId 0xd1a7c8e57522ef91 - Init COMPLETE
node23D400664:1240:2122 [1] NCCL INFO Init timings - ncclCommInitRankConfig: rank 1 nranks 2 total 0.64 (kernels 0.00, alloc 0.00, bootstrap 0.00, allgathers 0.01, topo 0.47, graphs 0.00, connections 0.16, rest 0.00)
node23D400664:1242:2120 [3] NCCL INFO ncclCommInitRankConfig comm 0x32f5cf90 rank 1 nranks 2 cudaDev 3 nvmlDev 3 busId 1901000 commId 0x4355024016cd0fb3 - Init COMPLETE
node23D400664:1242:2120 [3] NCCL INFO Init timings - ncclCommInitRankConfig: rank 1 nranks 2 total 0.65 (kernels 0.00, alloc 0.00, bootstrap 0.00, allgathers 0.00, topo 0.37, graphs 0.00, connections 0.26, rest 0.00)
node23D400664:1239:2121 [0] NCCL INFO threadThresholds 8/8/64 | 16/8/64 | 512 | 512
node23D400664:1239:2121 [0] NCCL INFO 32 coll channels, 32 collnet channels, 0 nvls channels, 32 p2p channels, 32 p2p channels per peer
node23D400664:1239:2121 [0] NCCL INFO ncclCommInitRankConfig comm 0x5627eda0 rank 1 nranks 2 cudaDev 0 nvmlDev 0 busId 801000 commId 0x1b682663f60a4f74 - Init COMPLETE
node23D400664:1239:2121 [0] NCCL INFO Init timings - ncclCommInitRankConfig: rank 1 nranks 2 total 0.71 (kernels 0.00, alloc 0.00, bootstrap 0.00, allgathers 0.00, topo 0.52, graphs 0.00, connections 0.18, rest 0.00)
node23D400664:1241:2123 [2] NCCL INFO threadThresholds 8/8/64 | 16/8/64 | 512 | 512
node23D400664:1241:2123 [2] NCCL INFO 32 coll channels, 32 collnet channels, 0 nvls channels, 32 p2p channels, 32 p2p channels per peer
node23D400664:1241:2123 [2] NCCL INFO ncclCommInitRankConfig comm 0x6454cf20 rank 1 nranks 2 cudaDev 2 nvmlDev 2 busId 1801000 commId 0xb28f51ea890d5b8d - Init COMPLETE
node23D400664:1241:2123 [2] NCCL INFO Init timings - ncclCommInitRankConfig: rank 1 nranks 2 total 0.74 (kernels 0.00, alloc 0.00, bootstrap 0.00, allgathers 0.07, topo 0.34, graphs 0.00, connections 0.19, rest 0.13)
node23D400664:1240:2136 [1] NCCL INFO Channel 00/1 : 1[1] -> 0[1] via P2P/MNNVL
node23D400664:1240:2136 [1] NCCL INFO Channel 01/1 : 1[1] -> 0[1] via P2P/MNNVL
node23D400664:1240:2136 [1] NCCL INFO Channel 02/1 : 1[1] -> 0[1] via P2P/MNNVL
node23D400664:1240:2136 [1] NCCL INFO Channel 03/1 : 1[1] -> 0[1] via P2P/MNNVL
node23D400664:1240:2136 [1] NCCL INFO Channel 04/1 : 1[1] -> 0[1] via P2P/MNNVL
node23D400664:1240:2136 [1] NCCL INFO Channel 05/1 : 1[1] -> 0[1] via P2P/MNNVL
node23D400664:1240:2136 [1] NCCL INFO Channel 06/1 : 1[1] -> 0[1] via P2P/MNNVL
node23D400664:1240:2136 [1] NCCL INFO Channel 07/1 : 1[1] -> 0[1] via P2P/MNNVL
node23D400664:1240:2136 [1] NCCL INFO Channel 08/1 : 1[1] -> 0[1] via P2P/MNNVL
node23D400664:1240:2136 [1] NCCL INFO Channel 09/1 : 1[1] -> 0[1] via P2P/MNNVL
node23D400664:1242:2137 [3] NCCL INFO Channel 00/1 : 1[3] -> 0[3] via P2P/MNNVL
node23D400664:1240:2136 [1] NCCL INFO Channel 10/1 : 1[1] -> 0[1] via P2P/MNNVL
node23D400664:1242:2137 [3] NCCL INFO Channel 01/1 : 1[3] -> 0[3] via P2P/MNNVL
node23D400664:1240:2136 [1] NCCL INFO Channel 11/1 : 1[1] -> 0[1] via P2P/MNNVL
node23D400664:1242:2137 [3] NCCL INFO Channel 02/1 : 1[3] -> 0[3] via P2P/MNNVL
node23D400664:1240:2136 [1] NCCL INFO Channel 12/1 : 1[1] -> 0[1] via P2P/MNNVL
node23D400664:1240:2136 [1] NCCL INFO Channel 13/1 : 1[1] -> 0[1] via P2P/MNNVL
node23D400664:1242:2137 [3] NCCL INFO Channel 03/1 : 1[3] -> 0[3] via P2P/MNNVL
node23D400664:1242:2137 [3] NCCL INFO Channel 04/1 : 1[3] -> 0[3] via P2P/MNNVL
node23D400664:1240:2136 [1] NCCL INFO Channel 14/1 : 1[1] -> 0[1] via P2P/MNNVL
node23D400664:1242:2137 [3] NCCL INFO Channel 05/1 : 1[3] -> 0[3] via P2P/MNNVL
node23D400664:1240:2136 [1] NCCL INFO Channel 15/1 : 1[1] -> 0[1] via P2P/MNNVL
node23D400664:1242:2137 [3] NCCL INFO Channel 06/1 : 1[3] -> 0[3] via P2P/MNNVL
node23D400664:1240:2136 [1] NCCL INFO Channel 16/1 : 1[1] -> 0[1] via P2P/MNNVL
node23D400664:1242:2137 [3] NCCL INFO Channel 07/1 : 1[3] -> 0[3] via P2P/MNNVL
node23D400664:1240:2136 [1] NCCL INFO Channel 17/1 : 1[1] -> 0[1] via P2P/MNNVL
node23D400664:1242:2137 [3] NCCL INFO Channel 08/1 : 1[3] -> 0[3] via P2P/MNNVL
node23D400664:1240:2136 [1] NCCL INFO Channel 18/1 : 1[1] -> 0[1] via P2P/MNNVL
node23D400664:1242:2137 [3] NCCL INFO Channel 09/1 : 1[3] -> 0[3] via P2P/MNNVL
node23D400664:1240:2136 [1] NCCL INFO Channel 19/1 : 1[1] -> 0[1] via P2P/MNNVL
node23D400664:1242:2137 [3] NCCL INFO Channel 10/1 : 1[3] -> 0[3] via P2P/MNNVL
node23D400664:1240:2136 [1] NCCL INFO Channel 20/1 : 1[1] -> 0[1] via P2P/MNNVL
node23D400664:1242:2137 [3] NCCL INFO Channel 11/1 : 1[3] -> 0[3] via P2P/MNNVL
node23D400664:1240:2136 [1] NCCL INFO Channel 21/1 : 1[1] -> 0[1] via P2P/MNNVL
node23D400664:1242:2137 [3] NCCL INFO Channel 12/1 : 1[3] -> 0[3] via P2P/MNNVL
node23D400664:1240:2136 [1] NCCL INFO Channel 22/1 : 1[1] -> 0[1] via P2P/MNNVL
node23D400664:1242:2137 [3] NCCL INFO Channel 13/1 : 1[3] -> 0[3] via P2P/MNNVL
node23D400664:1240:2136 [1] NCCL INFO Channel 23/1 : 1[1] -> 0[1] via P2P/MNNVL
node23D400664:1242:2137 [3] NCCL INFO Channel 14/1 : 1[3] -> 0[3] via P2P/MNNVL
node23D400664:1240:2136 [1] NCCL INFO Channel 24/1 : 1[1] -> 0[1] via P2P/MNNVL
node23D400664:1242:2137 [3] NCCL INFO Channel 15/1 : 1[3] -> 0[3] via P2P/MNNVL
node23D400664:1240:2136 [1] NCCL INFO Channel 25/1 : 1[1] -> 0[1] via P2P/MNNVL
node23D400664:1242:2137 [3] NCCL INFO Channel 16/1 : 1[3] -> 0[3] via P2P/MNNVL
node23D400664:1240:2136 [1] NCCL INFO Channel 26/1 : 1[1] -> 0[1] via P2P/MNNVL
node23D400664:1242:2137 [3] NCCL INFO Channel 17/1 : 1[3] -> 0[3] via P2P/MNNVL
node23D400664:1240:2136 [1] NCCL INFO Channel 27/1 : 1[1] -> 0[1] via P2P/MNNVL
node23D400664:1242:2137 [3] NCCL INFO Channel 18/1 : 1[3] -> 0[3] via P2P/MNNVL
node23D400664:1240:2136 [1] NCCL INFO Channel 28/1 : 1[1] -> 0[1] via P2P/MNNVL
node23D400664:1242:2137 [3] NCCL INFO Channel 19/1 : 1[3] -> 0[3] via P2P/MNNVL
node23D400664:1240:2136 [1] NCCL INFO Channel 29/1 : 1[1] -> 0[1] via P2P/MNNVL
node23D400664:1242:2137 [3] NCCL INFO Channel 20/1 : 1[3] -> 0[3] via P2P/MNNVL
node23D400664:1240:2136 [1] NCCL INFO Channel 30/1 : 1[1] -> 0[1] via P2P/MNNVL
node23D400664:1242:2137 [3] NCCL INFO Channel 21/1 : 1[3] -> 0[3] via P2P/MNNVL
node23D400664:1240:2136 [1] NCCL INFO Channel 31/1 : 1[1] -> 0[1] via P2P/MNNVL
node23D400664:1242:2137 [3] NCCL INFO Channel 22/1 : 1[3] -> 0[3] via P2P/MNNVL
node23D400664:1242:2137 [3] NCCL INFO Channel 23/1 : 1[3] -> 0[3] via P2P/MNNVL
node23D400664:1242:2137 [3] NCCL INFO Channel 24/1 : 1[3] -> 0[3] via P2P/MNNVL
node23D400664:1242:2137 [3] NCCL INFO Channel 25/1 : 1[3] -> 0[3] via P2P/MNNVL
node23D400664:1242:2137 [3] NCCL INFO Channel 26/1 : 1[3] -> 0[3] via P2P/MNNVL
node23D400664:1242:2137 [3] NCCL INFO Channel 27/1 : 1[3] -> 0[3] via P2P/MNNVL
node23D400664:1242:2137 [3] NCCL INFO Channel 28/1 : 1[3] -> 0[3] via P2P/MNNVL
node23D400664:1242:2137 [3] NCCL INFO Channel 29/1 : 1[3] -> 0[3] via P2P/MNNVL
node23D400664:1242:2137 [3] NCCL INFO Channel 30/1 : 1[3] -> 0[3] via P2P/MNNVL
node23D400664:1242:2137 [3] NCCL INFO Channel 31/1 : 1[3] -> 0[3] via P2P/MNNVL
node23D400664:1239:2138 [0] NCCL INFO Channel 00/1 : 1[0] -> 0[0] via P2P/MNNVL
node23D400664:1239:2138 [0] NCCL INFO Channel 01/1 : 1[0] -> 0[0] via P2P/MNNVL
node23D400664:1239:2138 [0] NCCL INFO Channel 02/1 : 1[0] -> 0[0] via P2P/MNNVL
node23D400664:1239:2138 [0] NCCL INFO Channel 03/1 : 1[0] -> 0[0] via P2P/MNNVL
node23D400664:1239:2138 [0] NCCL INFO Channel 04/1 : 1[0] -> 0[0] via P2P/MNNVL
node23D400664:1239:2138 [0] NCCL INFO Channel 05/1 : 1[0] -> 0[0] via P2P/MNNVL
node23D400664:1239:2138 [0] NCCL INFO Channel 06/1 : 1[0] -> 0[0] via P2P/MNNVL
node23D400664:1239:2138 [0] NCCL INFO Channel 07/1 : 1[0] -> 0[0] via P2P/MNNVL
node23D400664:1239:2138 [0] NCCL INFO Channel 08/1 : 1[0] -> 0[0] via P2P/MNNVL
node23D400664:1239:2138 [0] NCCL INFO Channel 09/1 : 1[0] -> 0[0] via P2P/MNNVL
node23D400664:1239:2138 [0] NCCL INFO Channel 10/1 : 1[0] -> 0[0] via P2P/MNNVL
node23D400664:1239:2138 [0] NCCL INFO Channel 11/1 : 1[0] -> 0[0] via P2P/MNNVL
node23D400664:1239:2138 [0] NCCL INFO Channel 12/1 : 1[0] -> 0[0] via P2P/MNNVL
node23D400664:1239:2138 [0] NCCL INFO Channel 13/1 : 1[0] -> 0[0] via P2P/MNNVL
node23D400664:1239:2138 [0] NCCL INFO Channel 14/1 : 1[0] -> 0[0] via P2P/MNNVL
node23D400664:1239:2138 [0] NCCL INFO Channel 15/1 : 1[0] -> 0[0] via P2P/MNNVL
node23D400664:1239:2138 [0] NCCL INFO Channel 16/1 : 1[0] -> 0[0] via P2P/MNNVL
node23D400664:1239:2138 [0] NCCL INFO Channel 17/1 : 1[0] -> 0[0] via P2P/MNNVL
node23D400664:1239:2138 [0] NCCL INFO Channel 18/1 : 1[0] -> 0[0] via P2P/MNNVL
node23D400664:1239:2138 [0] NCCL INFO Channel 19/1 : 1[0] -> 0[0] via P2P/MNNVL
node23D400664:1239:2138 [0] NCCL INFO Channel 20/1 : 1[0] -> 0[0] via P2P/MNNVL
node23D400664:1239:2138 [0] NCCL INFO Channel 21/1 : 1[0] -> 0[0] via P2P/MNNVL
node23D400664:1239:2138 [0] NCCL INFO Channel 22/1 : 1[0] -> 0[0] via P2P/MNNVL
node23D400664:1239:2138 [0] NCCL INFO Channel 23/1 : 1[0] -> 0[0] via P2P/MNNVL
node23D400664:1239:2138 [0] NCCL INFO Channel 24/1 : 1[0] -> 0[0] via P2P/MNNVL
node23D400664:1239:2138 [0] NCCL INFO Channel 25/1 : 1[0] -> 0[0] via P2P/MNNVL
node23D400664:1239:2138 [0] NCCL INFO Channel 26/1 : 1[0] -> 0[0] via P2P/MNNVL
node23D400664:1239:2138 [0] NCCL INFO Channel 27/1 : 1[0] -> 0[0] via P2P/MNNVL
node23D400664:1239:2138 [0] NCCL INFO Channel 28/1 : 1[0] -> 0[0] via P2P/MNNVL
node23D400664:1239:2138 [0] NCCL INFO Channel 29/1 : 1[0] -> 0[0] via P2P/MNNVL
node23D400664:1241:2139 [2] NCCL INFO Channel 00/1 : 1[2] -> 0[2] via P2P/MNNVL
node23D400664:1239:2138 [0] NCCL INFO Channel 30/1 : 1[0] -> 0[0] via P2P/MNNVL
node23D400664:1241:2139 [2] NCCL INFO Channel 01/1 : 1[2] -> 0[2] via P2P/MNNVL
node23D400664:1239:2138 [0] NCCL INFO Channel 31/1 : 1[0] -> 0[0] via P2P/MNNVL
node23D400664:1241:2139 [2] NCCL INFO Channel 02/1 : 1[2] -> 0[2] via P2P/MNNVL
node23D400664:1241:2139 [2] NCCL INFO Channel 03/1 : 1[2] -> 0[2] via P2P/MNNVL
node23D400664:1241:2139 [2] NCCL INFO Channel 04/1 : 1[2] -> 0[2] via P2P/MNNVL
node23D400664:1241:2139 [2] NCCL INFO Channel 05/1 : 1[2] -> 0[2] via P2P/MNNVL
node23D400664:1241:2139 [2] NCCL INFO Channel 06/1 : 1[2] -> 0[2] via P2P/MNNVL
node23D400664:1241:2139 [2] NCCL INFO Channel 07/1 : 1[2] -> 0[2] via P2P/MNNVL
node23D400664:1241:2139 [2] NCCL INFO Channel 08/1 : 1[2] -> 0[2] via P2P/MNNVL
node23D400664:1241:2139 [2] NCCL INFO Channel 09/1 : 1[2] -> 0[2] via P2P/MNNVL
node23D400664:1241:2139 [2] NCCL INFO Channel 10/1 : 1[2] -> 0[2] via P2P/MNNVL
node23D400664:1241:2139 [2] NCCL INFO Channel 11/1 : 1[2] -> 0[2] via P2P/MNNVL
node23D400664:1241:2139 [2] NCCL INFO Channel 12/1 : 1[2] -> 0[2] via P2P/MNNVL
node23D400664:1241:2139 [2] NCCL INFO Channel 13/1 : 1[2] -> 0[2] via P2P/MNNVL
node23D400664:1241:2139 [2] NCCL INFO Channel 14/1 : 1[2] -> 0[2] via P2P/MNNVL
node23D400664:1241:2139 [2] NCCL INFO Channel 15/1 : 1[2] -> 0[2] via P2P/MNNVL
node23D400664:1241:2139 [2] NCCL INFO Channel 16/1 : 1[2] -> 0[2] via P2P/MNNVL
node23D400664:1241:2139 [2] NCCL INFO Channel 17/1 : 1[2] -> 0[2] via P2P/MNNVL
node23D400664:1241:2139 [2] NCCL INFO Channel 18/1 : 1[2] -> 0[2] via P2P/MNNVL
node23D400664:1241:2139 [2] NCCL INFO Channel 19/1 : 1[2] -> 0[2] via P2P/MNNVL
node23D400664:1241:2139 [2] NCCL INFO Channel 20/1 : 1[2] -> 0[2] via P2P/MNNVL
node23D400664:1241:2139 [2] NCCL INFO Channel 21/1 : 1[2] -> 0[2] via P2P/MNNVL
node23D400664:1241:2139 [2] NCCL INFO Channel 22/1 : 1[2] -> 0[2] via P2P/MNNVL
node23D400664:1241:2139 [2] NCCL INFO Channel 23/1 : 1[2] -> 0[2] via P2P/MNNVL
node23D400664:1241:2139 [2] NCCL INFO Channel 24/1 : 1[2] -> 0[2] via P2P/MNNVL
node23D400664:1241:2139 [2] NCCL INFO Channel 25/1 : 1[2] -> 0[2] via P2P/MNNVL
node23D400664:1241:2139 [2] NCCL INFO Channel 26/1 : 1[2] -> 0[2] via P2P/MNNVL
node23D400664:1241:2139 [2] NCCL INFO Channel 27/1 : 1[2] -> 0[2] via P2P/MNNVL
node23D400664:1241:2139 [2] NCCL INFO Channel 28/1 : 1[2] -> 0[2] via P2P/MNNVL
node23D400664:1241:2139 [2] NCCL INFO Channel 29/1 : 1[2] -> 0[2] via P2P/MNNVL
node23D400664:1241:2139 [2] NCCL INFO Channel 30/1 : 1[2] -> 0[2] via P2P/MNNVL
node23D400664:1241:2139 [2] NCCL INFO Channel 31/1 : 1[2] -> 0[2] via P2P/MNNVL
node23D400664:1239:1239 [0] NCCL INFO Comm config Blocking set to 1
node23D400664:1241:1241 [2] NCCL INFO Comm config Blocking set to 1
node23D400664:1242:1242 [3] NCCL INFO Comm config Blocking set to 1
node23D400664:1240:1240 [1] NCCL INFO Comm config Blocking set to 1
node23D400664:1241:2489 [2] NCCL INFO Assigned NET plugin Socket to comm
node23D400664:1239:2488 [0] NCCL INFO Assigned NET plugin Socket to comm
node23D400664:1241:2489 [2] NCCL INFO Using network Socket
node23D400664:1240:2491 [1] NCCL INFO Assigned NET plugin Socket to comm
node23D400664:1242:2490 [3] NCCL INFO Assigned NET plugin Socket to comm
node23D400664:1240:2491 [1] NCCL INFO Using network Socket
node23D400664:1242:2490 [3] NCCL INFO Using network Socket
node23D400664:1239:2488 [0] NCCL INFO Using network Socket
node23D400664:1241:2489 [2] NCCL INFO ncclCommInitRankConfig comm 0x65a81bf0 rank 14 nranks 16 cudaDev 2 nvmlDev 2 busId 1801000 commId 0xbc73b3bd5236159b - Init START
node23D400664:1240:2491 [1] NCCL INFO ncclCommInitRankConfig comm 0x59633c30 rank 13 nranks 16 cudaDev 1 nvmlDev 1 busId 901000 commId 0xbc73b3bd5236159b - Init START
node23D400664:1242:2490 [3] NCCL INFO ncclCommInitRankConfig comm 0x35815ae0 rank 15 nranks 16 cudaDev 3 nvmlDev 3 busId 1901000 commId 0xbc73b3bd5236159b - Init START
node23D400664:1239:2488 [0] NCCL INFO ncclCommInitRankConfig comm 0x571d8ba0 rank 12 nranks 16 cudaDev 0 nvmlDev 0 busId 801000 commId 0xbc73b3bd5236159b - Init START
node23D400664:1242:2490 [3] NCCL INFO Bootstrap timings total 0.003284 (create 0.000031, send 0.000148, recv 0.002213, ring 0.000703, delay 0.000000)
node23D400664:1241:2489 [2] NCCL INFO Bootstrap timings total 0.003364 (create 0.000045, send 0.000158, recv 0.001049, ring 0.001633, delay 0.000000)
node23D400664:1240:2491 [1] NCCL INFO Bootstrap timings total 0.003354 (create 0.000036, send 0.000190, recv 0.001328, ring 0.001332, delay 0.000000)
node23D400664:1239:2488 [0] NCCL INFO Bootstrap timings total 0.003266 (create 0.000027, send 0.000178, recv 0.001593, ring 0.001017, delay 0.000000)
node23D400664:1241:2489 [2] NCCL INFO MNNVL busId 0x1801000 fabric UUID aa48724aeeaad6a8.b34b901796a1c18d cliqueId 0x7ffe state 3 healthMask 0xaa
node23D400664:1242:2490 [3] NCCL INFO MNNVL busId 0x1901000 fabric UUID aa48724aeeaad6a8.b34b901796a1c18d cliqueId 0x7ffe state 3 healthMask 0xaa
node23D400664:1240:2491 [1] NCCL INFO MNNVL busId 0x901000 fabric UUID aa48724aeeaad6a8.b34b901796a1c18d cliqueId 0x7ffe state 3 healthMask 0xaa
node23D400664:1239:2488 [0] NCCL INFO MNNVL busId 0x801000 fabric UUID aa48724aeeaad6a8.b34b901796a1c18d cliqueId 0x7ffe state 3 healthMask 0xaa
node23D400664:1242:2490 [3] NCCL INFO MNNVL 1 cliqueId 7ffe cliqueSize 16 cliqueRank 15
node23D400664:1240:2491 [1] NCCL INFO MNNVL 1 cliqueId 7ffe cliqueSize 16 cliqueRank 13
node23D400664:1241:2489 [2] NCCL INFO MNNVL 1 cliqueId 7ffe cliqueSize 16 cliqueRank 14
node23D400664:1239:2488 [0] NCCL INFO MNNVL 1 cliqueId 7ffe cliqueSize 16 cliqueRank 12
node23D400664:1241:2489 [2] NCCL INFO Setting affinity for GPU 2 to 72-143
node23D400664:1240:2491 [1] NCCL INFO Setting affinity for GPU 1 to 0-71
node23D400664:1239:2488 [0] NCCL INFO Setting affinity for GPU 0 to 0-71
node23D400664:1242:2490 [3] NCCL INFO Setting affinity for GPU 3 to 72-143
node23D400664:1242:2490 [3] NCCL INFO comm 0x35815ae0 rank 15 nRanks 16 nNodes 1 localRanks 16 localRank 15 MNNVL 1
node23D400664:1242:2490 [3] NCCL INFO Trees [0] -1/-1/-1->15->14 [1] -1/-1/-1->15->14 [2] -1/-1/-1->15->14 [3] -1/-1/-1->15->14 [4] -1/-1/-1->15->14 [5] -1/-1/-1->15->14 [6] -1/-1/-1->15->14 [7] -1/-1/-1->15->14 [8] -1/-1/-1->15->14 [9] -1/-1/-1->15->14 [10] -1/-1/-1->15->14 [11] -1/-1/-1->15->14 [12] -1/-1/-1->15->14 [13] -1/-1/-1->15->14 [14] -1/-1/-1->15->14 [15] -1/-1/-1->15->14 [16] -1/-1/-1->15->14 [17] -1/-1/-1->15->14 [18] -1/-1/-1->15->14 [19] -1/-1/-1->15->14 [20] -1/-1/-1->15->14 [21] -1/-1/-1->15->14 [22] -1/-1/-1->15->14 [23] -1/-1/-1->15->14 [24] -1/-1/-1->15->14 [25] -1/-1/-1->15->14 [26] -1/-1/-1->15->14 [27] -1/-1/-1->15->14 [28] -1/-1/-1->15->14 [29] -1/-1/-1->15->14 [30] -1/-1/-1->15->14 [31] -1/-1/-1->15->14
node23D400664:1242:2490 [3] NCCL INFO P2P Chunksize set to 524288
node23D400664:1242:2492 [3] NCCL INFO [Proxy Service] Device 3 CPU core 117
node23D400664:1242:2493 [3] NCCL INFO [Proxy Service UDS] Device 3 CPU core 123
node23D400664:1241:2489 [2] NCCL INFO comm 0x65a81bf0 rank 14 nRanks 16 nNodes 1 localRanks 16 localRank 14 MNNVL 1
node23D400664:1241:2489 [2] NCCL INFO Trees [0] 15/-1/-1->14->13 [1] 15/-1/-1->14->13 [2] 15/-1/-1->14->13 [3] 15/-1/-1->14->13 [4] 15/-1/-1->14->13 [5] 15/-1/-1->14->13 [6] 15/-1/-1->14->13 [7] 15/-1/-1->14->13 [8] 15/-1/-1->14->13 [9] 15/-1/-1->14->13 [10] 15/-1/-1->14->13 [11] 15/-1/-1->14->13 [12] 15/-1/-1->14->13 [13] 15/-1/-1->14->13 [14] 15/-1/-1->14->13 [15] 15/-1/-1->14->13 [16] 15/-1/-1->14->13 [17] 15/-1/-1->14->13 [18] 15/-1/-1->14->13 [19] 15/-1/-1->14->13 [20] 15/-1/-1->14->13 [21] 15/-1/-1->14->13 [22] 15/-1/-1->14->13 [23] 15/-1/-1->14->13 [24] 15/-1/-1->14->13 [25] 15/-1/-1->14->13 [26] 15/-1/-1->14->13 [27] 15/-1/-1->14->13 [28] 15/-1/-1->14->13 [29] 15/-1/-1->14->13 [30] 15/-1/-1->14->13 [31] 15/-1/-1->14->13
node23D400664:1241:2489 [2] NCCL INFO P2P Chunksize set to 524288
node23D400664:1241:2495 [2] NCCL INFO [Proxy Service UDS] Device 2 CPU core 119
node23D400664:1241:2494 [2] NCCL INFO [Proxy Service] Device 2 CPU core 118
node23D400664:1239:2488 [0] NCCL INFO comm 0x571d8ba0 rank 12 nRanks 16 nNodes 1 localRanks 16 localRank 12 MNNVL 1
node23D400664:1240:2491 [1] NCCL INFO comm 0x59633c30 rank 13 nRanks 16 nNodes 1 localRanks 16 localRank 13 MNNVL 1
node23D400664:1239:2488 [0] NCCL INFO Trees [0] 13/-1/-1->12->11 [1] 13/-1/-1->12->11 [2] 13/-1/-1->12->11 [3] 13/-1/-1->12->11 [4] 13/-1/-1->12->11 [5] 13/-1/-1->12->11 [6] 13/-1/-1->12->11 [7] 13/-1/-1->12->11 [8] 13/-1/-1->12->11 [9] 13/-1/-1->12->11 [10] 13/-1/-1->12->11 [11] 13/-1/-1->12->11 [12] 13/-1/-1->12->11 [13] 13/-1/-1->12->11 [14] 13/-1/-1->12->11 [15] 13/-1/-1->12->11 [16] 13/-1/-1->12->11 [17] 13/-1/-1->12->11 [18] 13/-1/-1->12->11 [19] 13/-1/-1->12->11 [20] 13/-1/-1->12->11 [21] 13/-1/-1->12->11 [22] 13/-1/-1->12->11 [23] 13/-1/-1->12->11 [24] 13/-1/-1->12->11 [25] 13/-1/-1->12->11 [26] 13/-1/-1->12->11 [27] 13/-1/-1->12->11 [28] 13/-1/-1->12->11 [29] 13/-1/-1->12->11 [30] 13/-1/-1->12->11 [31] 13/-1/-1->12->11
node23D400664:1239:2488 [0] NCCL INFO P2P Chunksize set to 524288
node23D400664:1240:2491 [1] NCCL INFO Trees [0] 14/-1/-1->13->12 [1] 14/-1/-1->13->12 [2] 14/-1/-1->13->12 [3] 14/-1/-1->13->12 [4] 14/-1/-1->13->12 [5] 14/-1/-1->13->12 [6] 14/-1/-1->13->12 [7] 14/-1/-1->13->12 [8] 14/-1/-1->13->12 [9] 14/-1/-1->13->12 [10] 14/-1/-1->13->12 [11] 14/-1/-1->13->12 [12] 14/-1/-1->13->12 [13] 14/-1/-1->13->12 [14] 14/-1/-1->13->12 [15] 14/-1/-1->13->12 [16] 14/-1/-1->13->12 [17] 14/-1/-1->13->12 [18] 14/-1/-1->13->12 [19] 14/-1/-1->13->12 [20] 14/-1/-1->13->12 [21] 14/-1/-1->13->12 [22] 14/-1/-1->13->12 [23] 14/-1/-1->13->12 [24] 14/-1/-1->13->12 [25] 14/-1/-1->13->12 [26] 14/-1/-1->13->12 [27] 14/-1/-1->13->12 [28] 14/-1/-1->13->12 [29] 14/-1/-1->13->12 [30] 14/-1/-1->13->12 [31] 14/-1/-1->13->12
node23D400664:1240:2491 [1] NCCL INFO P2P Chunksize set to 524288
node23D400664:1239:2497 [0] NCCL INFO [Proxy Service] Device 0 CPU core 69
node23D400664:1240:2496 [1] NCCL INFO [Proxy Service] Device 1 CPU core 57
node23D400664:1239:2498 [0] NCCL INFO [Proxy Service UDS] Device 0 CPU core 70
node23D400664:1240:2499 [1] NCCL INFO [Proxy Service UDS] Device 1 CPU core 58
node23D400664:1241:2489 [2] NCCL INFO threadThresholds 8/8/64 | 128/8/64 | 512 | 512
node23D400664:1241:2489 [2] NCCL INFO 32 coll channels, 32 collnet channels, 0 nvls channels, 32 p2p channels, 32 p2p channels per peer
node23D400664:1242:2490 [3] NCCL INFO threadThresholds 8/8/64 | 128/8/64 | 512 | 512
node23D400664:1242:2490 [3] NCCL INFO 32 coll channels, 32 collnet channels, 0 nvls channels, 32 p2p channels, 32 p2p channels per peer
node23D400664:1240:2491 [1] NCCL INFO threadThresholds 8/8/64 | 128/8/64 | 512 | 512
node23D400664:1240:2491 [1] NCCL INFO 32 coll channels, 32 collnet channels, 0 nvls channels, 32 p2p channels, 32 p2p channels per peer
node23D400664:1239:2488 [0] NCCL INFO threadThresholds 8/8/64 | 128/8/64 | 512 | 512
node23D400664:1239:2488 [0] NCCL INFO 32 coll channels, 32 collnet channels, 0 nvls channels, 32 p2p channels, 32 p2p channels per peer
node23D400664:1240:2491 [1] NCCL INFO ncclCommInitRankConfig comm 0x59633c30 rank 13 nranks 16 cudaDev 1 nvmlDev 1 busId 901000 commId 0xbc73b3bd5236159b - Init COMPLETE
node23D400664:1240:2491 [1] NCCL INFO Init timings - ncclCommInitRankConfig: rank 13 nranks 16 total 1.23 (kernels 0.00, alloc 0.00, bootstrap 0.00, allgathers 0.08, topo 0.97, graphs 0.00, connections 0.15, rest 0.01)
node23D400664:1242:2490 [3] NCCL INFO ncclCommInitRankConfig comm 0x35815ae0 rank 15 nranks 16 cudaDev 3 nvmlDev 3 busId 1901000 commId 0xbc73b3bd5236159b - Init COMPLETE
node23D400664:1242:2490 [3] NCCL INFO Init timings - ncclCommInitRankConfig: rank 15 nranks 16 total 1.23 (kernels 0.00, alloc 0.00, bootstrap 0.00, allgathers 0.03, topo 1.03, graphs 0.00, connections 0.15, rest 0.01)
node23D400664:1241:2489 [2] NCCL INFO ncclCommInitRankConfig comm 0x65a81bf0 rank 14 nranks 16 cudaDev 2 nvmlDev 2 busId 1801000 commId 0xbc73b3bd5236159b - Init COMPLETE
node23D400664:1239:2488 [0] NCCL INFO ncclCommInitRankConfig comm 0x571d8ba0 rank 12 nranks 16 cudaDev 0 nvmlDev 0 busId 801000 commId 0xbc73b3bd5236159b - Init COMPLETE
node23D400664:1241:2489 [2] NCCL INFO Init timings - ncclCommInitRankConfig: rank 14 nranks 16 total 1.23 (kernels 0.00, alloc 0.00, bootstrap 0.00, allgathers 0.08, topo 0.97, graphs 0.00, connections 0.15, rest 0.02)
node23D400664:1239:2488 [0] NCCL INFO Init timings - ncclCommInitRankConfig: rank 12 nranks 16 total 1.23 (kernels 0.00, alloc 0.00, bootstrap 0.00, allgathers 0.06, topo 1.00, graphs 0.00, connections 0.15, rest 0.01)
node23D400664:1242:2501 [3] NCCL INFO Channel 00/0 : 15[3] -> 0[0] via P2P/MNNVL
node23D400664:1241:2502 [2] NCCL INFO Channel 00/0 : 14[2] -> 15[3] via P2P/MNNVL
node23D400664:1240:2500 [1] NCCL INFO Channel 00/0 : 13[1] -> 14[2] via P2P/MNNVL
node23D400664:1241:2502 [2] NCCL INFO Channel 01/0 : 14[2] -> 15[3] via P2P/MNNVL
node23D400664:1242:2501 [3] NCCL INFO Channel 01/0 : 15[3] -> 0[0] via P2P/MNNVL
node23D400664:1240:2500 [1] NCCL INFO Channel 01/0 : 13[1] -> 14[2] via P2P/MNNVL
node23D400664:1241:2502 [2] NCCL INFO Channel 02/0 : 14[2] -> 15[3] via P2P/MNNVL
node23D400664:1242:2501 [3] NCCL INFO Channel 02/0 : 15[3] -> 0[0] via P2P/MNNVL
node23D400664:1240:2500 [1] NCCL INFO Channel 02/0 : 13[1] -> 14[2] via P2P/MNNVL
node23D400664:1242:2501 [3] NCCL INFO Channel 03/0 : 15[3] -> 0[0] via P2P/MNNVL
node23D400664:1239:2503 [0] NCCL INFO Channel 00/0 : 12[0] -> 13[1] via P2P/MNNVL
node23D400664:1241:2502 [2] NCCL INFO Channel 03/0 : 14[2] -> 15[3] via P2P/MNNVL
node23D400664:1240:2500 [1] NCCL INFO Channel 03/0 : 13[1] -> 14[2] via P2P/MNNVL
node23D400664:1242:2501 [3] NCCL INFO Channel 04/0 : 15[3] -> 0[0] via P2P/MNNVL
node23D400664:1241:2502 [2] NCCL INFO Channel 04/0 : 14[2] -> 15[3] via P2P/MNNVL
node23D400664:1239:2503 [0] NCCL INFO Channel 01/0 : 12[0] -> 13[1] via P2P/MNNVL
node23D400664:1240:2500 [1] NCCL INFO Channel 04/0 : 13[1] -> 14[2] via P2P/MNNVL
node23D400664:1242:2501 [3] NCCL INFO Channel 05/0 : 15[3] -> 0[0] via P2P/MNNVL
node23D400664:1241:2502 [2] NCCL INFO Channel 05/0 : 14[2] -> 15[3] via P2P/MNNVL
node23D400664:1240:2500 [1] NCCL INFO Channel 05/0 : 13[1] -> 14[2] via P2P/MNNVL
node23D400664:1239:2503 [0] NCCL INFO Channel 02/0 : 12[0] -> 13[1] via P2P/MNNVL
node23D400664:1241:2502 [2] NCCL INFO Channel 06/0 : 14[2] -> 15[3] via P2P/MNNVL
node23D400664:1242:2501 [3] NCCL INFO Channel 06/0 : 15[3] -> 0[0] via P2P/MNNVL
node23D400664:1239:2503 [0] NCCL INFO Channel 03/0 : 12[0] -> 13[1] via P2P/MNNVL
node23D400664:1240:2500 [1] NCCL INFO Channel 06/0 : 13[1] -> 14[2] via P2P/MNNVL
node23D400664:1242:2501 [3] NCCL INFO Channel 07/0 : 15[3] -> 0[0] via P2P/MNNVL
node23D400664:1239:2503 [0] NCCL INFO Channel 04/0 : 12[0] -> 13[1] via P2P/MNNVL
node23D400664:1241:2502 [2] NCCL INFO Channel 07/0 : 14[2] -> 15[3] via P2P/MNNVL
node23D400664:1240:2500 [1] NCCL INFO Channel 07/0 : 13[1] -> 14[2] via P2P/MNNVL
node23D400664:1241:2502 [2] NCCL INFO Channel 08/0 : 14[2] -> 15[3] via P2P/MNNVL
node23D400664:1239:2503 [0] NCCL INFO Channel 05/0 : 12[0] -> 13[1] via P2P/MNNVL
node23D400664:1242:2501 [3] NCCL INFO Channel 08/0 : 15[3] -> 0[0] via P2P/MNNVL
node23D400664:1241:2502 [2] NCCL INFO Channel 09/0 : 14[2] -> 15[3] via P2P/MNNVL
node23D400664:1240:2500 [1] NCCL INFO Channel 08/0 : 13[1] -> 14[2] via P2P/MNNVL
node23D400664:1242:2501 [3] NCCL INFO Channel 09/0 : 15[3] -> 0[0] via P2P/MNNVL
node23D400664:1239:2503 [0] NCCL INFO Channel 06/0 : 12[0] -> 13[1] via P2P/MNNVL
node23D400664:1242:2501 [3] NCCL INFO Channel 10/0 : 15[3] -> 0[0] via P2P/MNNVL
node23D400664:1241:2502 [2] NCCL INFO Channel 10/0 : 14[2] -> 15[3] via P2P/MNNVL
node23D400664:1240:2500 [1] NCCL INFO Channel 09/0 : 13[1] -> 14[2] via P2P/MNNVL
node23D400664:1239:2503 [0] NCCL INFO Channel 07/0 : 12[0] -> 13[1] via P2P/MNNVL
node23D400664:1240:2500 [1] NCCL INFO Channel 10/0 : 13[1] -> 14[2] via P2P/MNNVL
node23D400664:1239:2503 [0] NCCL INFO Channel 08/0 : 12[0] -> 13[1] via P2P/MNNVL
node23D400664:1241:2502 [2] NCCL INFO Channel 11/0 : 14[2] -> 15[3] via P2P/MNNVL
node23D400664:1242:2501 [3] NCCL INFO Channel 11/0 : 15[3] -> 0[0] via P2P/MNNVL
node23D400664:1242:2501 [3] NCCL INFO Channel 12/0 : 15[3] -> 0[0] via P2P/MNNVL
node23D400664:1239:2503 [0] NCCL INFO Channel 09/0 : 12[0] -> 13[1] via P2P/MNNVL
node23D400664:1241:2502 [2] NCCL INFO Channel 12/0 : 14[2] -> 15[3] via P2P/MNNVL
node23D400664:1240:2500 [1] NCCL INFO Channel 11/0 : 13[1] -> 14[2] via P2P/MNNVL
node23D400664:1242:2501 [3] NCCL INFO Channel 13/0 : 15[3] -> 0[0] via P2P/MNNVL
node23D400664:1240:2500 [1] NCCL INFO Channel 12/0 : 13[1] -> 14[2] via P2P/MNNVL
node23D400664:1241:2502 [2] NCCL INFO Channel 13/0 : 14[2] -> 15[3] via P2P/MNNVL
node23D400664:1240:2500 [1] NCCL INFO Channel 13/0 : 13[1] -> 14[2] via P2P/MNNVL
node23D400664:1239:2503 [0] NCCL INFO Channel 10/0 : 12[0] -> 13[1] via P2P/MNNVL
node23D400664:1242:2501 [3] NCCL INFO Channel 14/0 : 15[3] -> 0[0] via P2P/MNNVL
node23D400664:1241:2502 [2] NCCL INFO Channel 14/0 : 14[2] -> 15[3] via P2P/MNNVL
node23D400664:1241:2502 [2] NCCL INFO Channel 15/0 : 14[2] -> 15[3] via P2P/MNNVL
node23D400664:1240:2500 [1] NCCL INFO Channel 14/0 : 13[1] -> 14[2] via P2P/MNNVL
node23D400664:1239:2503 [0] NCCL INFO Channel 11/0 : 12[0] -> 13[1] via P2P/MNNVL
node23D400664:1242:2501 [3] NCCL INFO Channel 15/0 : 15[3] -> 0[0] via P2P/MNNVL
node23D400664:1241:2502 [2] NCCL INFO Channel 16/0 : 14[2] -> 15[3] via P2P/MNNVL
node23D400664:1240:2500 [1] NCCL INFO Channel 15/0 : 13[1] -> 14[2] via P2P/MNNVL
node23D400664:1239:2503 [0] NCCL INFO Channel 12/0 : 12[0] -> 13[1] via P2P/MNNVL
node23D400664:1242:2501 [3] NCCL INFO Channel 16/0 : 15[3] -> 0[0] via P2P/MNNVL
node23D400664:1241:2502 [2] NCCL INFO Channel 17/0 : 14[2] -> 15[3] via P2P/MNNVL
node23D400664:1239:2503 [0] NCCL INFO Channel 13/0 : 12[0] -> 13[1] via P2P/MNNVL
node23D400664:1240:2500 [1] NCCL INFO Channel 16/0 : 13[1] -> 14[2] via P2P/MNNVL
node23D400664:1241:2502 [2] NCCL INFO Channel 18/0 : 14[2] -> 15[3] via P2P/MNNVL
node23D400664:1242:2501 [3] NCCL INFO Channel 17/0 : 15[3] -> 0[0] via P2P/MNNVL
node23D400664:1239:2503 [0] NCCL INFO Channel 14/0 : 12[0] -> 13[1] via P2P/MNNVL
node23D400664:1240:2500 [1] NCCL INFO Channel 17/0 : 13[1] -> 14[2] via P2P/MNNVL
node23D400664:1242:2501 [3] NCCL INFO Channel 18/0 : 15[3] -> 0[0] via P2P/MNNVL
node23D400664:1241:2502 [2] NCCL INFO Channel 19/0 : 14[2] -> 15[3] via P2P/MNNVL
node23D400664:1239:2503 [0] NCCL INFO Channel 15/0 : 12[0] -> 13[1] via P2P/MNNVL
node23D400664:1240:2500 [1] NCCL INFO Channel 18/0 : 13[1] -> 14[2] via P2P/MNNVL
node23D400664:1242:2501 [3] NCCL INFO Channel 19/0 : 15[3] -> 0[0] via P2P/MNNVL
node23D400664:1241:2502 [2] NCCL INFO Channel 20/0 : 14[2] -> 15[3] via P2P/MNNVL
node23D400664:1239:2503 [0] NCCL INFO Channel 16/0 : 12[0] -> 13[1] via P2P/MNNVL
node23D400664:1240:2500 [1] NCCL INFO Channel 19/0 : 13[1] -> 14[2] via P2P/MNNVL
node23D400664:1242:2501 [3] NCCL INFO Channel 20/0 : 15[3] -> 0[0] via P2P/MNNVL
node23D400664:1239:2503 [0] NCCL INFO Channel 17/0 : 12[0] -> 13[1] via P2P/MNNVL
node23D400664:1241:2502 [2] NCCL INFO Channel 21/0 : 14[2] -> 15[3] via P2P/MNNVL
node23D400664:1240:2500 [1] NCCL INFO Channel 20/0 : 13[1] -> 14[2] via P2P/MNNVL
node23D400664:1241:2502 [2] NCCL INFO Channel 22/0 : 14[2] -> 15[3] via P2P/MNNVL
node23D400664:1242:2501 [3] NCCL INFO Channel 21/0 : 15[3] -> 0[0] via P2P/MNNVL
node23D400664:1239:2503 [0] NCCL INFO Channel 18/0 : 12[0] -> 13[1] via P2P/MNNVL
node23D400664:1242:2501 [3] NCCL INFO Channel 22/0 : 15[3] -> 0[0] via P2P/MNNVL
node23D400664:1240:2500 [1] NCCL INFO Channel 21/0 : 13[1] -> 14[2] via P2P/MNNVL
node23D400664:1241:2502 [2] NCCL INFO Channel 23/0 : 14[2] -> 15[3] via P2P/MNNVL
node23D400664:1242:2501 [3] NCCL INFO Channel 23/0 : 15[3] -> 0[0] via P2P/MNNVL
node23D400664:1239:2503 [0] NCCL INFO Channel 19/0 : 12[0] -> 13[1] via P2P/MNNVL
node23D400664:1240:2500 [1] NCCL INFO Channel 22/0 : 13[1] -> 14[2] via P2P/MNNVL
node23D400664:1242:2501 [3] NCCL INFO Channel 24/0 : 15[3] -> 0[0] via P2P/MNNVL
node23D400664:1241:2502 [2] NCCL INFO Channel 24/0 : 14[2] -> 15[3] via P2P/MNNVL
node23D400664:1239:2503 [0] NCCL INFO Channel 20/0 : 12[0] -> 13[1] via P2P/MNNVL
node23D400664:1240:2500 [1] NCCL INFO Channel 23/0 : 13[1] -> 14[2] via P2P/MNNVL
node23D400664:1242:2501 [3] NCCL INFO Channel 25/0 : 15[3] -> 0[0] via P2P/MNNVL
node23D400664:1241:2502 [2] NCCL INFO Channel 25/0 : 14[2] -> 15[3] via P2P/MNNVL
node23D400664:1242:2501 [3] NCCL INFO Channel 26/0 : 15[3] -> 0[0] via P2P/MNNVL
node23D400664:1240:2500 [1] NCCL INFO Channel 24/0 : 13[1] -> 14[2] via P2P/MNNVL
node23D400664:1239:2503 [0] NCCL INFO Channel 21/0 : 12[0] -> 13[1] via P2P/MNNVL
node23D400664:1242:2501 [3] NCCL INFO Channel 27/0 : 15[3] -> 0[0] via P2P/MNNVL
