node23D400692:1241:2611 [2] NCCL INFO Channel 19/0 : 0[2] -> 1[2] via P2P/MNNVL
node23D400692:1240:2613 [1] NCCL INFO Channel 22/0 : 0[1] -> 1[1] via P2P/MNNVL
node23D400692:1239:2614 [0] NCCL INFO Channel 19/0 : 0[0] -> 1[0] via P2P/MNNVL
node23D400692:1242:2612 [3] NCCL INFO Channel 19/0 : 0[3] -> 1[3] via P2P/MNNVL
node23D400692:1241:2611 [2] NCCL INFO Channel 20/0 : 0[2] -> 1[2] via P2P/MNNVL
node23D400692:1240:2613 [1] NCCL INFO Channel 23/0 : 0[1] -> 1[1] via P2P/MNNVL
node23D400692:1239:2614 [0] NCCL INFO Channel 20/0 : 0[0] -> 1[0] via P2P/MNNVL
node23D400692:1242:2612 [3] NCCL INFO Channel 20/0 : 0[3] -> 1[3] via P2P/MNNVL
node23D400692:1240:2613 [1] NCCL INFO Channel 24/0 : 0[1] -> 1[1] via P2P/MNNVL
node23D400692:1241:2611 [2] NCCL INFO Channel 21/0 : 0[2] -> 1[2] via P2P/MNNVL
node23D400692:1239:2614 [0] NCCL INFO Channel 21/0 : 0[0] -> 1[0] via P2P/MNNVL
node23D400692:1242:2612 [3] NCCL INFO Channel 21/0 : 0[3] -> 1[3] via P2P/MNNVL
node23D400692:1241:2611 [2] NCCL INFO Channel 22/0 : 0[2] -> 1[2] via P2P/MNNVL
node23D400692:1241:2611 [2] NCCL INFO Channel 23/0 : 0[2] -> 1[2] via P2P/MNNVL
node23D400692:1239:2614 [0] NCCL INFO Channel 22/0 : 0[0] -> 1[0] via P2P/MNNVL
node23D400692:1240:2613 [1] NCCL INFO Channel 25/0 : 0[1] -> 1[1] via P2P/MNNVL
node23D400692:1242:2612 [3] NCCL INFO Channel 22/0 : 0[3] -> 1[3] via P2P/MNNVL
node23D400692:1239:2614 [0] NCCL INFO Channel 23/0 : 0[0] -> 1[0] via P2P/MNNVL
node23D400692:1242:2612 [3] NCCL INFO Channel 23/0 : 0[3] -> 1[3] via P2P/MNNVL
node23D400692:1241:2611 [2] NCCL INFO Channel 24/0 : 0[2] -> 1[2] via P2P/MNNVL
node23D400692:1240:2613 [1] NCCL INFO Channel 26/0 : 0[1] -> 1[1] via P2P/MNNVL
node23D400692:1239:2614 [0] NCCL INFO Channel 24/0 : 0[0] -> 1[0] via P2P/MNNVL
node23D400692:1241:2611 [2] NCCL INFO Channel 25/0 : 0[2] -> 1[2] via P2P/MNNVL
node23D400692:1242:2612 [3] NCCL INFO Channel 24/0 : 0[3] -> 1[3] via P2P/MNNVL
node23D400692:1240:2613 [1] NCCL INFO Channel 27/0 : 0[1] -> 1[1] via P2P/MNNVL
node23D400692:1239:2614 [0] NCCL INFO Channel 25/0 : 0[0] -> 1[0] via P2P/MNNVL
node23D400692:1241:2611 [2] NCCL INFO Channel 26/0 : 0[2] -> 1[2] via P2P/MNNVL
node23D400692:1242:2612 [3] NCCL INFO Channel 25/0 : 0[3] -> 1[3] via P2P/MNNVL
node23D400692:1239:2614 [0] NCCL INFO Channel 26/0 : 0[0] -> 1[0] via P2P/MNNVL
node23D400692:1240:2613 [1] NCCL INFO Channel 28/0 : 0[1] -> 1[1] via P2P/MNNVL
node23D400692:1241:2611 [2] NCCL INFO Channel 27/0 : 0[2] -> 1[2] via P2P/MNNVL
node23D400692:1242:2612 [3] NCCL INFO Channel 26/0 : 0[3] -> 1[3] via P2P/MNNVL
node23D400692:1239:2614 [0] NCCL INFO Channel 27/0 : 0[0] -> 1[0] via P2P/MNNVL
node23D400692:1242:2612 [3] NCCL INFO Channel 27/0 : 0[3] -> 1[3] via P2P/MNNVL
node23D400692:1240:2613 [1] NCCL INFO Channel 29/0 : 0[1] -> 1[1] via P2P/MNNVL
node23D400692:1241:2611 [2] NCCL INFO Channel 28/0 : 0[2] -> 1[2] via P2P/MNNVL
node23D400692:1239:2614 [0] NCCL INFO Channel 28/0 : 0[0] -> 1[0] via P2P/MNNVL
node23D400692:1239:2614 [0] NCCL INFO Channel 29/0 : 0[0] -> 1[0] via P2P/MNNVL
node23D400692:1242:2612 [3] NCCL INFO Channel 28/0 : 0[3] -> 1[3] via P2P/MNNVL
node23D400692:1240:2613 [1] NCCL INFO Channel 30/0 : 0[1] -> 1[1] via P2P/MNNVL
node23D400692:1241:2611 [2] NCCL INFO Channel 29/0 : 0[2] -> 1[2] via P2P/MNNVL
node23D400692:1240:2613 [1] NCCL INFO Channel 31/0 : 0[1] -> 1[1] via P2P/MNNVL
node23D400692:1242:2612 [3] NCCL INFO Channel 29/0 : 0[3] -> 1[3] via P2P/MNNVL
node23D400692:1239:2614 [0] NCCL INFO Channel 30/0 : 0[0] -> 1[0] via P2P/MNNVL
node23D400692:1241:2611 [2] NCCL INFO Channel 30/0 : 0[2] -> 1[2] via P2P/MNNVL
node23D400692:1239:2614 [0] NCCL INFO Channel 31/0 : 0[0] -> 1[0] via P2P/MNNVL
node23D400692:1242:2612 [3] NCCL INFO Channel 30/0 : 0[3] -> 1[3] via P2P/MNNVL
node23D400692:1241:2611 [2] NCCL INFO Channel 31/0 : 0[2] -> 1[2] via P2P/MNNVL
node23D400692:1242:2612 [3] NCCL INFO Channel 31/0 : 0[3] -> 1[3] via P2P/MNNVL
node23D400692:1240:2613 [1] NCCL INFO Connected all rings, use ring PXN 0 GDR 1
node23D400692:1239:2614 [0] NCCL INFO Connected all rings, use ring PXN 0 GDR 1
node23D400692:1241:2611 [2] NCCL INFO Connected all rings, use ring PXN 0 GDR 1
node23D400692:1242:2612 [3] NCCL INFO Connected all rings, use ring PXN 0 GDR 1
node23D400692:1242:1242 [3] NCCL INFO Comm config Blocking set to 1
node23D400692:1241:1241 [2] NCCL INFO Comm config Blocking set to 1
node23D400692:1239:1239 [0] NCCL INFO Comm config Blocking set to 1
node23D400692:1240:1240 [1] NCCL INFO Comm config Blocking set to 1
node23D400692:1242:2616 [3] NCCL INFO Assigned NET plugin Socket to comm
node23D400692:1241:2615 [2] NCCL INFO Assigned NET plugin Socket to comm
node23D400692:1240:2618 [1] NCCL INFO Assigned NET plugin Socket to comm
node23D400692:1242:2616 [3] NCCL INFO Using network Socket
node23D400692:1241:2615 [2] NCCL INFO Using network Socket
node23D400692:1240:2618 [1] NCCL INFO Using network Socket
node23D400692:1239:2617 [0] NCCL INFO Assigned NET plugin Socket to comm
node23D400692:1239:2617 [0] NCCL INFO Using network Socket
node23D400692:1240:2618 [1] NCCL INFO ncclCommInitRankConfig comm 0x6db97aa0 rank 9 nranks 64 cudaDev 1 nvmlDev 1 busId 901000 commId 0x4ad3bd25942cc00 - Init START
node23D400692:1241:2615 [2] NCCL INFO ncclCommInitRankConfig comm 0x4d14d580 rank 10 nranks 64 cudaDev 2 nvmlDev 2 busId 1801000 commId 0x4ad3bd25942cc00 - Init START
node23D400692:1239:2617 [0] NCCL INFO ncclCommInitRankConfig comm 0x6d5fbef0 rank 8 nranks 64 cudaDev 0 nvmlDev 0 busId 801000 commId 0x4ad3bd25942cc00 - Init START
node23D400692:1242:2616 [3] NCCL INFO ncclCommInitRankConfig comm 0x5e033210 rank 11 nranks 64 cudaDev 3 nvmlDev 3 busId 1901000 commId 0x4ad3bd25942cc00 - Init START
node23D400692:1239:2617 [0] NCCL INFO Bootstrap timings total 0.011724 (create 0.000029, send 0.000138, recv 0.005478, ring 0.005914, delay 0.000000)
node23D400692:1242:2616 [3] NCCL INFO Bootstrap timings total 0.011721 (create 0.000027, send 0.000160, recv 0.005755, ring 0.005141, delay 0.000000)
node23D400692:1240:2618 [1] NCCL INFO Bootstrap timings total 0.011768 (create 0.000044, send 0.000164, recv 0.006166, ring 0.005249, delay 0.000000)
node23D400692:1241:2615 [2] NCCL INFO Bootstrap timings total 0.011737 (create 0.000031, send 0.000192, recv 0.006228, ring 0.005141, delay 0.000000)
node23D400692:1239:2617 [0] NCCL INFO MNNVL busId 0x801000 fabric UUID aa48724aeeaad6a8.b34b901796a1c18d cliqueId 0x7ffe state 3 healthMask 0xaa
node23D400692:1240:2618 [1] NCCL INFO MNNVL busId 0x901000 fabric UUID aa48724aeeaad6a8.b34b901796a1c18d cliqueId 0x7ffe state 3 healthMask 0xaa
node23D400692:1241:2615 [2] NCCL INFO MNNVL busId 0x1801000 fabric UUID aa48724aeeaad6a8.b34b901796a1c18d cliqueId 0x7ffe state 3 healthMask 0xaa
node23D400692:1242:2616 [3] NCCL INFO MNNVL busId 0x1901000 fabric UUID aa48724aeeaad6a8.b34b901796a1c18d cliqueId 0x7ffe state 3 healthMask 0xaa
node23D400692:1242:2616 [3] NCCL INFO MNNVL 1 cliqueId 7ffe cliqueSize 64 cliqueRank 11
node23D400692:1240:2618 [1] NCCL INFO MNNVL 1 cliqueId 7ffe cliqueSize 64 cliqueRank 9
node23D400692:1241:2615 [2] NCCL INFO MNNVL 1 cliqueId 7ffe cliqueSize 64 cliqueRank 10
node23D400692:1239:2617 [0] NCCL INFO MNNVL 1 cliqueId 7ffe cliqueSize 64 cliqueRank 8
node23D400692:1242:2616 [3] NCCL INFO Setting affinity for GPU 3 to 72-143
node23D400692:1240:2618 [1] NCCL INFO Setting affinity for GPU 1 to 0-71
node23D400692:1241:2615 [2] NCCL INFO Setting affinity for GPU 2 to 72-143
node23D400692:1239:2617 [0] NCCL INFO Setting affinity for GPU 0 to 0-71
node23D400692:1240:2618 [1] NCCL INFO comm 0x6db97aa0 rank 9 nRanks 64 nNodes 1 localRanks 64 localRank 9 MNNVL 1
node23D400692:1242:2616 [3] NCCL INFO comm 0x5e033210 rank 11 nRanks 64 nNodes 1 localRanks 64 localRank 11 MNNVL 1
node23D400692:1241:2615 [2] NCCL INFO comm 0x4d14d580 rank 10 nRanks 64 nNodes 1 localRanks 64 localRank 10 MNNVL 1
node23D400692:1240:2618 [1] NCCL INFO Trees [0] 10/-1/-1->9->8 [1] 10/-1/-1->9->8 [2] 10/-1/-1->9->8 [3] 10/-1/-1->9->8 [4] 10/-1/-1->9->8 [5] 10/-1/-1->9->8 [6] 10/-1/-1->9->8 [7] 10/-1/-1->9->8 [8] 10/-1/-1->9->8 [9] 10/-1/-1->9->8 [10] 10/-1/-1->9->8 [11] 10/-1/-1->9->8 [12] 10/-1/-1->9->8 [13] 10/-1/-1->9->8 [14] 10/-1/-1->9->8 [15] 10/-1/-1->9->8 [16] 10/-1/-1->9->8 [17] 10/-1/-1->9->8 [18] 10/-1/-1->9->8 [19] 10/-1/-1->9->8 [20] 10/-1/-1->9->8 [21] 10/-1/-1->9->8 [22] 10/-1/-1->9->8 [23] 10/-1/-1->9->8 [24] 10/-1/-1->9->8 [25] 10/-1/-1->9->8 [26] 10/-1/-1->9->8 [27] 10/-1/-1->9->8 [28] 10/-1/-1->9->8 [29] 10/-1/-1->9->8 [30] 10/-1/-1->9->8 [31] 10/-1/-1->9->8
node23D400692:1240:2618 [1] NCCL INFO P2P Chunksize set to 524288
node23D400692:1242:2616 [3] NCCL INFO Trees [0] 12/-1/-1->11->10 [1] 12/-1/-1->11->10 [2] 12/-1/-1->11->10 [3] 12/-1/-1->11->10 [4] 12/-1/-1->11->10 [5] 12/-1/-1->11->10 [6] 12/-1/-1->11->10 [7] 12/-1/-1->11->10 [8] 12/-1/-1->11->10 [9] 12/-1/-1->11->10 [10] 12/-1/-1->11->10 [11] 12/-1/-1->11->10 [12] 12/-1/-1->11->10 [13] 12/-1/-1->11->10 [14] 12/-1/-1->11->10 [15] 12/-1/-1->11->10 [16] 12/-1/-1->11->10 [17] 12/-1/-1->11->10 [18] 12/-1/-1->11->10 [19] 12/-1/-1->11->10 [20] 12/-1/-1->11->10 [21] 12/-1/-1->11->10 [22] 12/-1/-1->11->10 [23] 12/-1/-1->11->10 [24] 12/-1/-1->11->10 [25] 12/-1/-1->11->10 [26] 12/-1/-1->11->10 [27] 12/-1/-1->11->10 [28] 12/-1/-1->11->10 [29] 12/-1/-1->11->10 [30] 12/-1/-1->11->10 [31] 12/-1/-1->11->10
node23D400692:1242:2616 [3] NCCL INFO P2P Chunksize set to 524288
node23D400692:1241:2615 [2] NCCL INFO Trees [0] 11/-1/-1->10->9 [1] 11/-1/-1->10->9 [2] 11/-1/-1->10->9 [3] 11/-1/-1->10->9 [4] 11/-1/-1->10->9 [5] 11/-1/-1->10->9 [6] 11/-1/-1->10->9 [7] 11/-1/-1->10->9 [8] 11/-1/-1->10->9 [9] 11/-1/-1->10->9 [10] 11/-1/-1->10->9 [11] 11/-1/-1->10->9 [12] 11/-1/-1->10->9 [13] 11/-1/-1->10->9 [14] 11/-1/-1->10->9 [15] 11/-1/-1->10->9 [16] 11/-1/-1->10->9 [17] 11/-1/-1->10->9 [18] 11/-1/-1->10->9 [19] 11/-1/-1->10->9 [20] 11/-1/-1->10->9 [21] 11/-1/-1->10->9 [22] 11/-1/-1->10->9 [23] 11/-1/-1->10->9 [24] 11/-1/-1->10->9 [25] 11/-1/-1->10->9 [26] 11/-1/-1->10->9 [27] 11/-1/-1->10->9 [28] 11/-1/-1->10->9 [29] 11/-1/-1->10->9 [30] 11/-1/-1->10->9 [31] 11/-1/-1->10->9
node23D400692:1241:2615 [2] NCCL INFO P2P Chunksize set to 524288
node23D400692:1239:2617 [0] NCCL INFO comm 0x6d5fbef0 rank 8 nRanks 64 nNodes 1 localRanks 64 localRank 8 MNNVL 1
node23D400692:1239:2617 [0] NCCL INFO Trees [0] 9/-1/-1->8->7 [1] 9/-1/-1->8->7 [2] 9/-1/-1->8->7 [3] 9/-1/-1->8->7 [4] 9/-1/-1->8->7 [5] 9/-1/-1->8->7 [6] 9/-1/-1->8->7 [7] 9/-1/-1->8->7 [8] 9/-1/-1->8->7 [9] 9/-1/-1->8->7 [10] 9/-1/-1->8->7 [11] 9/-1/-1->8->7 [12] 9/-1/-1->8->7 [13] 9/-1/-1->8->7 [14] 9/-1/-1->8->7 [15] 9/-1/-1->8->7 [16] 9/-1/-1->8->7 [17] 9/-1/-1->8->7 [18] 9/-1/-1->8->7 [19] 9/-1/-1->8->7 [20] 9/-1/-1->8->7 [21] 9/-1/-1->8->7 [22] 9/-1/-1->8->7 [23] 9/-1/-1->8->7 [24] 9/-1/-1->8->7 [25] 9/-1/-1->8->7 [26] 9/-1/-1->8->7 [27] 9/-1/-1->8->7 [28] 9/-1/-1->8->7 [29] 9/-1/-1->8->7 [30] 9/-1/-1->8->7 [31] 9/-1/-1->8->7
node23D400692:1239:2617 [0] NCCL INFO P2P Chunksize set to 524288
node23D400692:1240:2619 [1] NCCL INFO [Proxy Service] Device 1 CPU core 37
node23D400692:1241:2621 [2] NCCL INFO [Proxy Service] Device 2 CPU core 143
node23D400692:1242:2620 [3] NCCL INFO [Proxy Service] Device 3 CPU core 137
node23D400692:1240:2622 [1] NCCL INFO [Proxy Service UDS] Device 1 CPU core 38
node23D400692:1241:2623 [2] NCCL INFO [Proxy Service UDS] Device 2 CPU core 72
node23D400692:1242:2624 [3] NCCL INFO [Proxy Service UDS] Device 3 CPU core 138
node23D400692:1239:2625 [0] NCCL INFO [Proxy Service] Device 0 CPU core 18
node23D400692:1239:2626 [0] NCCL INFO [Proxy Service UDS] Device 0 CPU core 20
node23D400692:1240:2618 [1] NCCL INFO threadThresholds 8/8/64 | 512/8/64 | 512 | 512
node23D400692:1240:2618 [1] NCCL INFO 32 coll channels, 32 collnet channels, 0 nvls channels, 32 p2p channels, 32 p2p channels per peer
node23D400692:1239:2617 [0] NCCL INFO threadThresholds 8/8/64 | 512/8/64 | 512 | 512
node23D400692:1239:2617 [0] NCCL INFO 32 coll channels, 32 collnet channels, 0 nvls channels, 32 p2p channels, 32 p2p channels per peer
node23D400692:1241:2615 [2] NCCL INFO threadThresholds 8/8/64 | 512/8/64 | 512 | 512
node23D400692:1241:2615 [2] NCCL INFO 32 coll channels, 32 collnet channels, 0 nvls channels, 32 p2p channels, 32 p2p channels per peer
node23D400692:1242:2616 [3] NCCL INFO threadThresholds 8/8/64 | 512/8/64 | 512 | 512
node23D400692:1242:2616 [3] NCCL INFO 32 coll channels, 32 collnet channels, 0 nvls channels, 32 p2p channels, 32 p2p channels per peer
node23D400692:1240:2618 [1] NCCL INFO ncclCommInitRankConfig comm 0x6db97aa0 rank 9 nranks 64 cudaDev 1 nvmlDev 1 busId 901000 commId 0x4ad3bd25942cc00 - Init COMPLETE
node23D400692:1239:2617 [0] NCCL INFO ncclCommInitRankConfig comm 0x6d5fbef0 rank 8 nranks 64 cudaDev 0 nvmlDev 0 busId 801000 commId 0x4ad3bd25942cc00 - Init COMPLETE
node23D400692:1240:2618 [1] NCCL INFO Init timings - ncclCommInitRankConfig: rank 9 nranks 64 total 2.37 (kernels 0.00, alloc 0.00, bootstrap 0.01, allgathers 0.13, topo 2.02, graphs 0.04, connections 0.15, rest 0.01)
node23D400692:1239:2617 [0] NCCL INFO Init timings - ncclCommInitRankConfig: rank 8 nranks 64 total 2.37 (kernels 0.00, alloc 0.00, bootstrap 0.01, allgathers 0.11, topo 2.04, graphs 0.04, connections 0.15, rest 0.01)
node23D400692:1241:2615 [2] NCCL INFO ncclCommInitRankConfig comm 0x4d14d580 rank 10 nranks 64 cudaDev 2 nvmlDev 2 busId 1801000 commId 0x4ad3bd25942cc00 - Init COMPLETE
node23D400692:1241:2615 [2] NCCL INFO Init timings - ncclCommInitRankConfig: rank 10 nranks 64 total 2.37 (kernels 0.00, alloc 0.00, bootstrap 0.01, allgathers 0.13, topo 2.02, graphs 0.04, connections 0.16, rest 0.01)
node23D400692:1242:2616 [3] NCCL INFO ncclCommInitRankConfig comm 0x5e033210 rank 11 nranks 64 cudaDev 3 nvmlDev 3 busId 1901000 commId 0x4ad3bd25942cc00 - Init COMPLETE
node23D400692:1242:2616 [3] NCCL INFO Init timings - ncclCommInitRankConfig: rank 11 nranks 64 total 2.37 (kernels 0.00, alloc 0.00, bootstrap 0.01, allgathers 0.15, topo 2.00, graphs 0.04, connections 0.16, rest 0.01)
node23D400692:1239:2627 [0] NCCL INFO Channel 00/0 : 8[0] -> 9[1] via P2P/MNNVL
node23D400692:1239:2627 [0] NCCL INFO Channel 01/0 : 8[0] -> 9[1] via P2P/MNNVL
node23D400692:1239:2627 [0] NCCL INFO Channel 02/0 : 8[0] -> 9[1] via P2P/MNNVL
node23D400692:1240:2628 [1] NCCL INFO Channel 00/0 : 9[1] -> 10[2] via P2P/MNNVL
node23D400692:1240:2628 [1] NCCL INFO Channel 01/0 : 9[1] -> 10[2] via P2P/MNNVL
node23D400692:1239:2627 [0] NCCL INFO Channel 03/0 : 8[0] -> 9[1] via P2P/MNNVL
node23D400692:1241:2629 [2] NCCL INFO Channel 00/0 : 10[2] -> 11[3] via P2P/MNNVL
node23D400692:1240:2628 [1] NCCL INFO Channel 02/0 : 9[1] -> 10[2] via P2P/MNNVL
node23D400692:1239:2627 [0] NCCL INFO Channel 04/0 : 8[0] -> 9[1] via P2P/MNNVL
node23D400692:1241:2629 [2] NCCL INFO Channel 01/0 : 10[2] -> 11[3] via P2P/MNNVL
node23D400692:1242:2630 [3] NCCL INFO Channel 00/0 : 11[3] -> 12[0] via P2P/MNNVL
node23D400692:1240:2628 [1] NCCL INFO Channel 03/0 : 9[1] -> 10[2] via P2P/MNNVL
node23D400692:1241:2629 [2] NCCL INFO Channel 02/0 : 10[2] -> 11[3] via P2P/MNNVL
node23D400692:1239:2627 [0] NCCL INFO Channel 05/0 : 8[0] -> 9[1] via P2P/MNNVL
node23D400692:1240:2628 [1] NCCL INFO Channel 04/0 : 9[1] -> 10[2] via P2P/MNNVL
node23D400692:1241:2629 [2] NCCL INFO Channel 03/0 : 10[2] -> 11[3] via P2P/MNNVL
node23D400692:1239:2627 [0] NCCL INFO Channel 06/0 : 8[0] -> 9[1] via P2P/MNNVL
node23D400692:1242:2630 [3] NCCL INFO Channel 01/0 : 11[3] -> 12[0] via P2P/MNNVL
node23D400692:1239:2627 [0] NCCL INFO Channel 07/0 : 8[0] -> 9[1] via P2P/MNNVL
node23D400692:1241:2629 [2] NCCL INFO Channel 04/0 : 10[2] -> 11[3] via P2P/MNNVL
node23D400692:1240:2628 [1] NCCL INFO Channel 05/0 : 9[1] -> 10[2] via P2P/MNNVL
node23D400692:1242:2630 [3] NCCL INFO Channel 02/0 : 11[3] -> 12[0] via P2P/MNNVL
node23D400692:1240:2628 [1] NCCL INFO Channel 06/0 : 9[1] -> 10[2] via P2P/MNNVL
node23D400692:1241:2629 [2] NCCL INFO Channel 05/0 : 10[2] -> 11[3] via P2P/MNNVL
node23D400692:1239:2627 [0] NCCL INFO Channel 08/0 : 8[0] -> 9[1] via P2P/MNNVL
node23D400692:1242:2630 [3] NCCL INFO Channel 03/0 : 11[3] -> 12[0] via P2P/MNNVL
node23D400692:1241:2629 [2] NCCL INFO Channel 06/0 : 10[2] -> 11[3] via P2P/MNNVL
node23D400692:1240:2628 [1] NCCL INFO Channel 07/0 : 9[1] -> 10[2] via P2P/MNNVL
node23D400692:1240:2628 [1] NCCL INFO Channel 08/0 : 9[1] -> 10[2] via P2P/MNNVL
node23D400692:1239:2627 [0] NCCL INFO Channel 09/0 : 8[0] -> 9[1] via P2P/MNNVL
node23D400692:1241:2629 [2] NCCL INFO Channel 07/0 : 10[2] -> 11[3] via P2P/MNNVL
node23D400692:1242:2630 [3] NCCL INFO Channel 04/0 : 11[3] -> 12[0] via P2P/MNNVL
node23D400692:1242:2630 [3] NCCL INFO Channel 05/0 : 11[3] -> 12[0] via P2P/MNNVL
node23D400692:1240:2628 [1] NCCL INFO Channel 09/0 : 9[1] -> 10[2] via P2P/MNNVL
node23D400692:1241:2629 [2] NCCL INFO Channel 08/0 : 10[2] -> 11[3] via P2P/MNNVL
node23D400692:1239:2627 [0] NCCL INFO Channel 10/0 : 8[0] -> 9[1] via P2P/MNNVL
node23D400692:1242:2630 [3] NCCL INFO Channel 06/0 : 11[3] -> 12[0] via P2P/MNNVL
node23D400692:1239:2627 [0] NCCL INFO Channel 11/0 : 8[0] -> 9[1] via P2P/MNNVL
node23D400692:1241:2629 [2] NCCL INFO Channel 09/0 : 10[2] -> 11[3] via P2P/MNNVL
node23D400692:1240:2628 [1] NCCL INFO Channel 10/0 : 9[1] -> 10[2] via P2P/MNNVL
node23D400692:1242:2630 [3] NCCL INFO Channel 07/0 : 11[3] -> 12[0] via P2P/MNNVL
node23D400692:1239:2627 [0] NCCL INFO Channel 12/0 : 8[0] -> 9[1] via P2P/MNNVL
node23D400692:1242:2630 [3] NCCL INFO Channel 08/0 : 11[3] -> 12[0] via P2P/MNNVL
node23D400692:1240:2628 [1] NCCL INFO Channel 11/0 : 9[1] -> 10[2] via P2P/MNNVL
node23D400692:1241:2629 [2] NCCL INFO Channel 10/0 : 10[2] -> 11[3] via P2P/MNNVL
node23D400692:1239:2627 [0] NCCL INFO Channel 13/0 : 8[0] -> 9[1] via P2P/MNNVL
node23D400692:1242:2630 [3] NCCL INFO Channel 09/0 : 11[3] -> 12[0] via P2P/MNNVL
node23D400692:1240:2628 [1] NCCL INFO Channel 12/0 : 9[1] -> 10[2] via P2P/MNNVL
node23D400692:1239:2627 [0] NCCL INFO Channel 14/0 : 8[0] -> 9[1] via P2P/MNNVL
node23D400692:1241:2629 [2] NCCL INFO Channel 11/0 : 10[2] -> 11[3] via P2P/MNNVL
node23D400692:1242:2630 [3] NCCL INFO Channel 10/0 : 11[3] -> 12[0] via P2P/MNNVL
node23D400692:1239:2627 [0] NCCL INFO Channel 15/0 : 8[0] -> 9[1] via P2P/MNNVL
node23D400692:1240:2628 [1] NCCL INFO Channel 13/0 : 9[1] -> 10[2] via P2P/MNNVL
node23D400692:1241:2629 [2] NCCL INFO Channel 12/0 : 10[2] -> 11[3] via P2P/MNNVL
node23D400692:1242:2630 [3] NCCL INFO Channel 11/0 : 11[3] -> 12[0] via P2P/MNNVL
node23D400692:1239:2627 [0] NCCL INFO Channel 16/0 : 8[0] -> 9[1] via P2P/MNNVL
node23D400692:1241:2629 [2] NCCL INFO Channel 13/0 : 10[2] -> 11[3] via P2P/MNNVL
node23D400692:1241:2629 [2] NCCL INFO Channel 14/0 : 10[2] -> 11[3] via P2P/MNNVL
node23D400692:1240:2628 [1] NCCL INFO Channel 14/0 : 9[1] -> 10[2] via P2P/MNNVL
node23D400692:1239:2627 [0] NCCL INFO Channel 17/0 : 8[0] -> 9[1] via P2P/MNNVL
node23D400692:1242:2630 [3] NCCL INFO Channel 12/0 : 11[3] -> 12[0] via P2P/MNNVL
node23D400692:1241:2629 [2] NCCL INFO Channel 15/0 : 10[2] -> 11[3] via P2P/MNNVL
node23D400692:1242:2630 [3] NCCL INFO Channel 13/0 : 11[3] -> 12[0] via P2P/MNNVL
node23D400692:1240:2628 [1] NCCL INFO Channel 15/0 : 9[1] -> 10[2] via P2P/MNNVL
node23D400692:1239:2627 [0] NCCL INFO Channel 18/0 : 8[0] -> 9[1] via P2P/MNNVL
node23D400692:1242:2630 [3] NCCL INFO Channel 14/0 : 11[3] -> 12[0] via P2P/MNNVL
node23D400692:1241:2629 [2] NCCL INFO Channel 16/0 : 10[2] -> 11[3] via P2P/MNNVL
node23D400692:1240:2628 [1] NCCL INFO Channel 16/0 : 9[1] -> 10[2] via P2P/MNNVL
node23D400692:1239:2627 [0] NCCL INFO Channel 19/0 : 8[0] -> 9[1] via P2P/MNNVL
node23D400692:1239:2627 [0] NCCL INFO Channel 20/0 : 8[0] -> 9[1] via P2P/MNNVL
node23D400692:1241:2629 [2] NCCL INFO Channel 17/0 : 10[2] -> 11[3] via P2P/MNNVL
node23D400692:1242:2630 [3] NCCL INFO Channel 15/0 : 11[3] -> 12[0] via P2P/MNNVL
node23D400692:1240:2628 [1] NCCL INFO Channel 17/0 : 9[1] -> 10[2] via P2P/MNNVL
node23D400692:1242:2630 [3] NCCL INFO Channel 16/0 : 11[3] -> 12[0] via P2P/MNNVL
node23D400692:1239:2627 [0] NCCL INFO Channel 21/0 : 8[0] -> 9[1] via P2P/MNNVL
node23D400692:1241:2629 [2] NCCL INFO Channel 18/0 : 10[2] -> 11[3] via P2P/MNNVL
node23D400692:1240:2628 [1] NCCL INFO Channel 18/0 : 9[1] -> 10[2] via P2P/MNNVL
node23D400692:1241:2629 [2] NCCL INFO Channel 19/0 : 10[2] -> 11[3] via P2P/MNNVL
node23D400692:1239:2627 [0] NCCL INFO Channel 22/0 : 8[0] -> 9[1] via P2P/MNNVL
node23D400692:1242:2630 [3] NCCL INFO Channel 17/0 : 11[3] -> 12[0] via P2P/MNNVL
node23D400692:1241:2629 [2] NCCL INFO Channel 20/0 : 10[2] -> 11[3] via P2P/MNNVL
node23D400692:1240:2628 [1] NCCL INFO Channel 19/0 : 9[1] -> 10[2] via P2P/MNNVL
node23D400692:1239:2627 [0] NCCL INFO Channel 23/0 : 8[0] -> 9[1] via P2P/MNNVL
node23D400692:1241:2629 [2] NCCL INFO Channel 21/0 : 10[2] -> 11[3] via P2P/MNNVL
node23D400692:1242:2630 [3] NCCL INFO Channel 18/0 : 11[3] -> 12[0] via P2P/MNNVL
node23D400692:1240:2628 [1] NCCL INFO Channel 20/0 : 9[1] -> 10[2] via P2P/MNNVL
node23D400692:1239:2627 [0] NCCL INFO Channel 24/0 : 8[0] -> 9[1] via P2P/MNNVL
node23D400692:1239:2627 [0] NCCL INFO Channel 25/0 : 8[0] -> 9[1] via P2P/MNNVL
node23D400692:1241:2629 [2] NCCL INFO Channel 22/0 : 10[2] -> 11[3] via P2P/MNNVL
node23D400692:1240:2628 [1] NCCL INFO Channel 21/0 : 9[1] -> 10[2] via P2P/MNNVL
node23D400692:1242:2630 [3] NCCL INFO Channel 19/0 : 11[3] -> 12[0] via P2P/MNNVL
node23D400692:1239:2627 [0] NCCL INFO Channel 26/0 : 8[0] -> 9[1] via P2P/MNNVL
node23D400692:1240:2628 [1] NCCL INFO Channel 22/0 : 9[1] -> 10[2] via P2P/MNNVL
node23D400692:1242:2630 [3] NCCL INFO Channel 20/0 : 11[3] -> 12[0] via P2P/MNNVL
node23D400692:1241:2629 [2] NCCL INFO Channel 23/0 : 10[2] -> 11[3] via P2P/MNNVL
node23D400692:1240:2628 [1] NCCL INFO Channel 23/0 : 9[1] -> 10[2] via P2P/MNNVL
node23D400692:1239:2627 [0] NCCL INFO Channel 27/0 : 8[0] -> 9[1] via P2P/MNNVL
node23D400692:1241:2629 [2] NCCL INFO Channel 24/0 : 10[2] -> 11[3] via P2P/MNNVL
node23D400692:1242:2630 [3] NCCL INFO Channel 21/0 : 11[3] -> 12[0] via P2P/MNNVL
node23D400692:1239:2627 [0] NCCL INFO Channel 28/0 : 8[0] -> 9[1] via P2P/MNNVL
node23D400692:1241:2629 [2] NCCL INFO Channel 25/0 : 10[2] -> 11[3] via P2P/MNNVL
node23D400692:1240:2628 [1] NCCL INFO Channel 24/0 : 9[1] -> 10[2] via P2P/MNNVL
node23D400692:1242:2630 [3] NCCL INFO Channel 22/0 : 11[3] -> 12[0] via P2P/MNNVL
node23D400692:1242:2630 [3] NCCL INFO Channel 23/0 : 11[3] -> 12[0] via P2P/MNNVL
node23D400692:1239:2627 [0] NCCL INFO Channel 29/0 : 8[0] -> 9[1] via P2P/MNNVL
node23D400692:1241:2629 [2] NCCL INFO Channel 26/0 : 10[2] -> 11[3] via P2P/MNNVL
node23D400692:1240:2628 [1] NCCL INFO Channel 25/0 : 9[1] -> 10[2] via P2P/MNNVL
node23D400692:1242:2630 [3] NCCL INFO Channel 24/0 : 11[3] -> 12[0] via P2P/MNNVL
node23D400692:1239:2627 [0] NCCL INFO Channel 30/0 : 8[0] -> 9[1] via P2P/MNNVL
node23D400692:1241:2629 [2] NCCL INFO Channel 27/0 : 10[2] -> 11[3] via P2P/MNNVL
node23D400692:1240:2628 [1] NCCL INFO Channel 26/0 : 9[1] -> 10[2] via P2P/MNNVL
node23D400692:1242:2630 [3] NCCL INFO Channel 25/0 : 11[3] -> 12[0] via P2P/MNNVL
node23D400692:1239:2627 [0] NCCL INFO Channel 31/0 : 8[0] -> 9[1] via P2P/MNNVL
node23D400692:1241:2629 [2] NCCL INFO Channel 28/0 : 10[2] -> 11[3] via P2P/MNNVL
node23D400692:1240:2628 [1] NCCL INFO Channel 27/0 : 9[1] -> 10[2] via P2P/MNNVL
node23D400692:1242:2630 [3] NCCL INFO Channel 26/0 : 11[3] -> 12[0] via P2P/MNNVL
node23D400692:1241:2629 [2] NCCL INFO Channel 29/0 : 10[2] -> 11[3] via P2P/MNNVL
node23D400692:1240:2628 [1] NCCL INFO Channel 28/0 : 9[1] -> 10[2] via P2P/MNNVL
node23D400692:1242:2630 [3] NCCL INFO Channel 27/0 : 11[3] -> 12[0] via P2P/MNNVL
node23D400692:1241:2629 [2] NCCL INFO Channel 30/0 : 10[2] -> 11[3] via P2P/MNNVL
node23D400692:1240:2628 [1] NCCL INFO Channel 29/0 : 9[1] -> 10[2] via P2P/MNNVL
node23D400692:1241:2629 [2] NCCL INFO Channel 31/0 : 10[2] -> 11[3] via P2P/MNNVL
node23D400692:1242:2630 [3] NCCL INFO Channel 28/0 : 11[3] -> 12[0] via P2P/MNNVL
node23D400692:1240:2628 [1] NCCL INFO Channel 30/0 : 9[1] -> 10[2] via P2P/MNNVL
node23D400692:1242:2630 [3] NCCL INFO Channel 29/0 : 11[3] -> 12[0] via P2P/MNNVL
node23D400692:1240:2628 [1] NCCL INFO Channel 31/0 : 9[1] -> 10[2] via P2P/MNNVL
node23D400692:1242:2630 [3] NCCL INFO Channel 30/0 : 11[3] -> 12[0] via P2P/MNNVL
node23D400692:1242:2630 [3] NCCL INFO Channel 31/0 : 11[3] -> 12[0] via P2P/MNNVL
node23D400692:1242:2630 [3] NCCL INFO Connected all rings, use ring PXN 0 GDR 1
node23D400692:1241:2629 [2] NCCL INFO Connected all rings, use ring PXN 0 GDR 1
node23D400692:1239:2627 [0] NCCL INFO Connected all rings, use ring PXN 0 GDR 1
node23D400692:1240:2628 [1] NCCL INFO Connected all rings, use ring PXN 0 GDR 1
node23D400692:1239:1239 [0] NCCL INFO Comm config Blocking set to 1
node23D400692:1239:2632 [0] NCCL INFO Assigned NET plugin Socket to comm
node23D400692:1239:2632 [0] NCCL INFO Using network Socket
node23D400692:1242:1242 [3] NCCL INFO Comm config Blocking set to 1
node23D400692:1241:1241 [2] NCCL INFO Comm config Blocking set to 1
node23D400692:1239:2632 [0] NCCL INFO ncclCommInitRankConfig comm 0x6dadbf00 rank 0 nranks 32 cudaDev 0 nvmlDev 0 busId 801000 commId 0x8c0c6cf73192f255 - Init START
node23D400692:1240:1240 [1] NCCL INFO Comm config Blocking set to 1
node23D400692:1242:2633 [3] NCCL INFO Assigned NET plugin Socket to comm
node23D400692:1242:2633 [3] NCCL INFO Using network Socket
node23D400692:1241:2634 [2] NCCL INFO Assigned NET plugin Socket to comm
node23D400692:1241:2634 [2] NCCL INFO Using network Socket
node23D400692:1240:2635 [1] NCCL INFO Assigned NET plugin Socket to comm
node23D400692:1240:2635 [1] NCCL INFO Using network Socket
node23D400692:1242:2633 [3] NCCL INFO ncclCommInitRankConfig comm 0x5e502330 rank 3 nranks 32 cudaDev 3 nvmlDev 3 busId 1901000 commId 0x8c0c6cf73192f255 - Init START
node23D400692:1241:2634 [2] NCCL INFO ncclCommInitRankConfig comm 0x4d608180 rank 2 nranks 32 cudaDev 2 nvmlDev 2 busId 1801000 commId 0x8c0c6cf73192f255 - Init START
node23D400692:1240:2635 [1] NCCL INFO ncclCommInitRankConfig comm 0x6e066bc0 rank 1 nranks 32 cudaDev 1 nvmlDev 1 busId 901000 commId 0x8c0c6cf73192f255 - Init START
node23D400692:1240:2635 [1] NCCL INFO Bootstrap timings total 0.850041 (create 0.000027, send 0.000081, recv 0.000216, ring 0.849597, delay 0.000000)
node23D400692:1239:2632 [0] NCCL INFO Bootstrap timings total 0.850422 (create 0.000037, send 0.000126, recv 0.000489, ring 0.848842, delay 0.000000)
node23D400692:1242:2633 [3] NCCL INFO Bootstrap timings total 0.850099 (create 0.000033, send 0.000121, recv 0.001112, ring 0.848675, delay 0.000000)
node23D400692:1241:2634 [2] NCCL INFO Bootstrap timings total 0.850074 (create 0.000028, send 0.000090, recv 0.000123, ring 0.849604, delay 0.000000)
node23D400692:1240:2635 [1] NCCL INFO MNNVL busId 0x901000 fabric UUID aa48724aeeaad6a8.b34b901796a1c18d cliqueId 0x7ffe state 3 healthMask 0xaa
node23D400692:1239:2632 [0] NCCL INFO MNNVL busId 0x801000 fabric UUID aa48724aeeaad6a8.b34b901796a1c18d cliqueId 0x7ffe state 3 healthMask 0xaa
node23D400692:1242:2633 [3] NCCL INFO MNNVL busId 0x1901000 fabric UUID aa48724aeeaad6a8.b34b901796a1c18d cliqueId 0x7ffe state 3 healthMask 0xaa
node23D400692:1241:2634 [2] NCCL INFO MNNVL busId 0x1801000 fabric UUID aa48724aeeaad6a8.b34b901796a1c18d cliqueId 0x7ffe state 3 healthMask 0xaa
node23D400692:1242:2633 [3] NCCL INFO MNNVL 1 cliqueId 7ffe cliqueSize 32 cliqueRank 3
node23D400692:1241:2634 [2] NCCL INFO MNNVL 1 cliqueId 7ffe cliqueSize 32 cliqueRank 2
node23D400692:1240:2635 [1] NCCL INFO MNNVL 1 cliqueId 7ffe cliqueSize 32 cliqueRank 1
node23D400692:1239:2632 [0] NCCL INFO MNNVL 1 cliqueId 7ffe cliqueSize 32 cliqueRank 0
node23D400692:1242:2633 [3] NCCL INFO Setting affinity for GPU 3 to 72-143
node23D400692:1241:2634 [2] NCCL INFO Setting affinity for GPU 2 to 72-143
node23D400692:1240:2635 [1] NCCL INFO Setting affinity for GPU 1 to 0-71
node23D400692:1239:2632 [0] NCCL INFO Setting affinity for GPU 0 to 0-71
node23D400692:1242:2633 [3] NCCL INFO comm 0x5e502330 rank 3 nRanks 32 nNodes 1 localRanks 32 localRank 3 MNNVL 1
node23D400692:1242:2633 [3] NCCL INFO Trees [0] 4/-1/-1->3->2 [1] 4/-1/-1->3->2 [2] 4/-1/-1->3->2 [3] 4/-1/-1->3->2 [4] 4/-1/-1->3->2 [5] 4/-1/-1->3->2 [6] 4/-1/-1->3->2 [7] 4/-1/-1->3->2 [8] 4/-1/-1->3->2 [9] 4/-1/-1->3->2 [10] 4/-1/-1->3->2 [11] 4/-1/-1->3->2 [12] 4/-1/-1->3->2 [13] 4/-1/-1->3->2 [14] 4/-1/-1->3->2 [15] 4/-1/-1->3->2 [16] 4/-1/-1->3->2 [17] 4/-1/-1->3->2 [18] 4/-1/-1->3->2 [19] 4/-1/-1->3->2 [20] 4/-1/-1->3->2 [21] 4/-1/-1->3->2 [22] 4/-1/-1->3->2 [23] 4/-1/-1->3->2 [24] 4/-1/-1->3->2 [25] 4/-1/-1->3->2 [26] 4/-1/-1->3->2 [27] 4/-1/-1->3->2 [28] 4/-1/-1->3->2 [29] 4/-1/-1->3->2 [30] 4/-1/-1->3->2 [31] 4/-1/-1->3->2
node23D400692:1242:2633 [3] NCCL INFO P2P Chunksize set to 524288
node23D400692:1239:2632 [0] NCCL INFO comm 0x6dadbf00 rank 0 nRanks 32 nNodes 1 localRanks 32 localRank 0 MNNVL 1
node23D400692:1240:2635 [1] NCCL INFO comm 0x6e066bc0 rank 1 nRanks 32 nNodes 1 localRanks 32 localRank 1 MNNVL 1
node23D400692:1241:2634 [2] NCCL INFO comm 0x4d608180 rank 2 nRanks 32 nNodes 1 localRanks 32 localRank 2 MNNVL 1
node23D400692:1239:2632 [0] NCCL INFO Channel 00/32 :  0  1  2  3  4  5  6  7  8  9 10 11 12 13 14 15 16 17 18 19 20 21 22 23 24 25 26 27 28 29 30 31
node23D400692:1239:2632 [0] NCCL INFO Channel 01/32 :  0  1  2  3  4  5  6  7  8  9 10 11 12 13 14 15 16 17 18 19 20 21 22 23 24 25 26 27 28 29 30 31
node23D400692:1239:2632 [0] NCCL INFO Channel 02/32 :  0  1  2  3  4  5  6  7  8  9 10 11 12 13 14 15 16 17 18 19 20 21 22 23 24 25 26 27 28 29 30 31
node23D400692:1240:2635 [1] NCCL INFO Trees [0] 2/-1/-1->1->0 [1] 2/-1/-1->1->0 [2] 2/-1/-1->1->0 [3] 2/-1/-1->1->0 [4] 2/-1/-1->1->0 [5] 2/-1/-1->1->0 [6] 2/-1/-1->1->0 [7] 2/-1/-1->1->0 [8] 2/-1/-1->1->0 [9] 2/-1/-1->1->0 [10] 2/-1/-1->1->0 [11] 2/-1/-1->1->0 [12] 2/-1/-1->1->0 [13] 2/-1/-1->1->0 [14] 2/-1/-1->1->0 [15] 2/-1/-1->1->0 [16] 2/-1/-1->1->0 [17] 2/-1/-1->1->0 [18] 2/-1/-1->1->0 [19] 2/-1/-1->1->0 [20] 2/-1/-1->1->0 [21] 2/-1/-1->1->0 [22] 2/-1/-1->1->0 [23] 2/-1/-1->1->0 [24] 2/-1/-1->1->0 [25] 2/-1/-1->1->0 [26] 2/-1/-1->1->0 [27] 2/-1/-1->1->0 [28] 2/-1/-1->1->0 [29] 2/-1/-1->1->0 [30] 2/-1/-1->1->0 [31] 2/-1/-1->1->0
node23D400692:1239:2632 [0] NCCL INFO Channel 03/32 :  0  1  2  3  4  5  6  7  8  9 10 11 12 13 14 15 16 17 18 19 20 21 22 23 24 25 26 27 28 29 30 31
node23D400692:1240:2635 [1] NCCL INFO P2P Chunksize set to 524288
node23D400692:1239:2632 [0] NCCL INFO Channel 04/32 :  0  1  2  3  4  5  6  7  8  9 10 11 12 13 14 15 16 17 18 19 20 21 22 23 24 25 26 27 28 29 30 31
node23D400692:1239:2632 [0] NCCL INFO Channel 05/32 :  0  1  2  3  4  5  6  7  8  9 10 11 12 13 14 15 16 17 18 19 20 21 22 23 24 25 26 27 28 29 30 31
node23D400692:1239:2632 [0] NCCL INFO Channel 06/32 :  0  1  2  3  4  5  6  7  8  9 10 11 12 13 14 15 16 17 18 19 20 21 22 23 24 25 26 27 28 29 30 31
node23D400692:1241:2634 [2] NCCL INFO Trees [0] 3/-1/-1->2->1 [1] 3/-1/-1->2->1 [2] 3/-1/-1->2->1 [3] 3/-1/-1->2->1 [4] 3/-1/-1->2->1 [5] 3/-1/-1->2->1 [6] 3/-1/-1->2->1 [7] 3/-1/-1->2->1 [8] 3/-1/-1->2->1 [9] 3/-1/-1->2->1 [10] 3/-1/-1->2->1 [11] 3/-1/-1->2->1 [12] 3/-1/-1->2->1 [13] 3/-1/-1->2->1 [14] 3/-1/-1->2->1 [15] 3/-1/-1->2->1 [16] 3/-1/-1->2->1 [17] 3/-1/-1->2->1 [18] 3/-1/-1->2->1 [19] 3/-1/-1->2->1 [20] 3/-1/-1->2->1 [21] 3/-1/-1->2->1 [22] 3/-1/-1->2->1 [23] 3/-1/-1->2->1 [24] 3/-1/-1->2->1 [25] 3/-1/-1->2->1 [26] 3/-1/-1->2->1 [27] 3/-1/-1->2->1 [28] 3/-1/-1->2->1 [29] 3/-1/-1->2->1 [30] 3/-1/-1->2->1 [31] 3/-1/-1->2->1
node23D400692:1239:2632 [0] NCCL INFO Channel 07/32 :  0  1  2  3  4  5  6  7  8  9 10 11 12 13 14 15 16 17 18 19 20 21 22 23 24 25 26 27 28 29 30 31
node23D400692:1241:2634 [2] NCCL INFO P2P Chunksize set to 524288
node23D400692:1239:2632 [0] NCCL INFO Channel 08/32 :  0  1  2  3  4  5  6  7  8  9 10 11 12 13 14 15 16 17 18 19 20 21 22 23 24 25 26 27 28 29 30 31
node23D400692:1239:2632 [0] NCCL INFO Channel 09/32 :  0  1  2  3  4  5  6  7  8  9 10 11 12 13 14 15 16 17 18 19 20 21 22 23 24 25 26 27 28 29 30 31
node23D400692:1239:2632 [0] NCCL INFO Channel 10/32 :  0  1  2  3  4  5  6  7  8  9 10 11 12 13 14 15 16 17 18 19 20 21 22 23 24 25 26 27 28 29 30 31
node23D400692:1239:2632 [0] NCCL INFO Channel 11/32 :  0  1  2  3  4  5  6  7  8  9 10 11 12 13 14 15 16 17 18 19 20 21 22 23 24 25 26 27 28 29 30 31
node23D400692:1239:2632 [0] NCCL INFO Channel 12/32 :  0  1  2  3  4  5  6  7  8  9 10 11 12 13 14 15 16 17 18 19 20 21 22 23 24 25 26 27 28 29 30 31
node23D400692:1239:2632 [0] NCCL INFO Channel 13/32 :  0  1  2  3  4  5  6  7  8  9 10 11 12 13 14 15 16 17 18 19 20 21 22 23 24 25 26 27 28 29 30 31
node23D400692:1239:2632 [0] NCCL INFO Channel 14/32 :  0  1  2  3  4  5  6  7  8  9 10 11 12 13 14 15 16 17 18 19 20 21 22 23 24 25 26 27 28 29 30 31
node23D400692:1242:2636 [3] NCCL INFO [Proxy Service] Device 3 CPU core 137
node23D400692:1239:2632 [0] NCCL INFO Channel 15/32 :  0  1  2  3  4  5  6  7  8  9 10 11 12 13 14 15 16 17 18 19 20 21 22 23 24 25 26 27 28 29 30 31
node23D400692:1239:2632 [0] NCCL INFO Channel 16/32 :  0  1  2  3  4  5  6  7  8  9 10 11 12 13 14 15 16 17 18 19 20 21 22 23 24 25 26 27 28 29 30 31
node23D400692:1239:2632 [0] NCCL INFO Channel 17/32 :  0  1  2  3  4  5  6  7  8  9 10 11 12 13 14 15 16 17 18 19 20 21 22 23 24 25 26 27 28 29 30 31
node23D400692:1239:2632 [0] NCCL INFO Channel 18/32 :  0  1  2  3  4  5  6  7  8  9 10 11 12 13 14 15 16 17 18 19 20 21 22 23 24 25 26 27 28 29 30 31
node23D400692:1239:2632 [0] NCCL INFO Channel 19/32 :  0  1  2  3  4  5  6  7  8  9 10 11 12 13 14 15 16 17 18 19 20 21 22 23 24 25 26 27 28 29 30 31
node23D400692:1239:2632 [0] NCCL INFO Channel 20/32 :  0  1  2  3  4  5  6  7  8  9 10 11 12 13 14 15 16 17 18 19 20 21 22 23 24 25 26 27 28 29 30 31
node23D400692:1239:2632 [0] NCCL INFO Channel 21/32 :  0  1  2  3  4  5  6  7  8  9 10 11 12 13 14 15 16 17 18 19 20 21 22 23 24 25 26 27 28 29 30 31
node23D400692:1239:2632 [0] NCCL INFO Channel 22/32 :  0  1  2  3  4  5  6  7  8  9 10 11 12 13 14 15 16 17 18 19 20 21 22 23 24 25 26 27 28 29 30 31
node23D400692:1239:2632 [0] NCCL INFO Channel 23/32 :  0  1  2  3  4  5  6  7  8  9 10 11 12 13 14 15 16 17 18 19 20 21 22 23 24 25 26 27 28 29 30 31
node23D400692:1239:2632 [0] NCCL INFO Channel 24/32 :  0  1  2  3  4  5  6  7  8  9 10 11 12 13 14 15 16 17 18 19 20 21 22 23 24 25 26 27 28 29 30 31
node23D400692:1239:2632 [0] NCCL INFO Channel 25/32 :  0  1  2  3  4  5  6  7  8  9 10 11 12 13 14 15 16 17 18 19 20 21 22 23 24 25 26 27 28 29 30 31
node23D400692:1239:2632 [0] NCCL INFO Channel 26/32 :  0  1  2  3  4  5  6  7  8  9 10 11 12 13 14 15 16 17 18 19 20 21 22 23 24 25 26 27 28 29 30 31
node23D400692:1239:2632 [0] NCCL INFO Channel 27/32 :  0  1  2  3  4  5  6  7  8  9 10 11 12 13 14 15 16 17 18 19 20 21 22 23 24 25 26 27 28 29 30 31
node23D400692:1239:2632 [0] NCCL INFO Channel 28/32 :  0  1  2  3  4  5  6  7  8  9 10 11 12 13 14 15 16 17 18 19 20 21 22 23 24 25 26 27 28 29 30 31
node23D400692:1239:2632 [0] NCCL INFO Channel 29/32 :  0  1  2  3  4  5  6  7  8  9 10 11 12 13 14 15 16 17 18 19 20 21 22 23 24 25 26 27 28 29 30 31
node23D400692:1242:2637 [3] NCCL INFO [Proxy Service UDS] Device 3 CPU core 138
node23D400692:1239:2632 [0] NCCL INFO Channel 30/32 :  0  1  2  3  4  5  6  7  8  9 10 11 12 13 14 15 16 17 18 19 20 21 22 23 24 25 26 27 28 29 30 31
node23D400692:1239:2632 [0] NCCL INFO Channel 31/32 :  0  1  2  3  4  5  6  7  8  9 10 11 12 13 14 15 16 17 18 19 20 21 22 23 24 25 26 27 28 29 30 31
node23D400692:1239:2632 [0] NCCL INFO Trees [0] 1/-1/-1->0->-1 [1] 1/-1/-1->0->-1 [2] 1/-1/-1->0->-1 [3] 1/-1/-1->0->-1 [4] 1/-1/-1->0->-1 [5] 1/-1/-1->0->-1 [6] 1/-1/-1->0->-1 [7] 1/-1/-1->0->-1 [8] 1/-1/-1->0->-1 [9] 1/-1/-1->0->-1 [10] 1/-1/-1->0->-1 [11] 1/-1/-1->0->-1 [12] 1/-1/-1->0->-1 [13] 1/-1/-1->0->-1 [14] 1/-1/-1->0->-1 [15] 1/-1/-1->0->-1 [16] 1/-1/-1->0->-1 [17] 1/-1/-1->0->-1 [18] 1/-1/-1->0->-1 [19] 1/-1/-1->0->-1 [20] 1/-1/-1->0->-1 [21] 1/-1/-1->0->-1 [22] 1/-1/-1->0->-1 [23] 1/-1/-1->0->-1 [24] 1/-1/-1->0->-1 [25] 1/-1/-1->0->-1 [26] 1/-1/-1->0->-1 [27] 1/-1/-1->0->-1 [28] 1/-1/-1->0->-1 [29] 1/-1/-1->0->-1 [30] 1/-1/-1->0->-1 [31] 1/-1/-1->0->-1
node23D400692:1239:2632 [0] NCCL INFO P2P Chunksize set to 524288
node23D400692:1239:2632 [0] NCCL INFO Check P2P Type isAllDirectP2p 1 directMode 0
node23D400692:1241:2639 [2] NCCL INFO [Proxy Service] Device 2 CPU core 143
node23D400692:1241:2641 [2] NCCL INFO [Proxy Service UDS] Device 2 CPU core 72
node23D400692:1240:2640 [1] NCCL INFO [Proxy Service UDS] Device 1 CPU core 63
node23D400692:1240:2638 [1] NCCL INFO [Proxy Service] Device 1 CPU core 62
node23D400692:1239:2642 [0] NCCL INFO [Proxy Service] Device 0 CPU core 0
node23D400692:1239:2643 [0] NCCL INFO [Proxy Service UDS] Device 0 CPU core 3
node23D400692:1240:2635 [1] NCCL INFO threadThresholds 8/8/64 | 256/8/64 | 512 | 512
node23D400692:1240:2635 [1] NCCL INFO 32 coll channels, 32 collnet channels, 0 nvls channels, 32 p2p channels, 32 p2p channels per peer
node23D400692:1239:2632 [0] NCCL INFO threadThresholds 8/8/64 | 256/8/64 | 512 | 512
node23D400692:1239:2632 [0] NCCL INFO 32 coll channels, 32 collnet channels, 0 nvls channels, 32 p2p channels, 32 p2p channels per peer
node23D400692:1239:2632 [0] NCCL INFO CC Off, workFifoBytes 1048576
node23D400692:1241:2634 [2] NCCL INFO threadThresholds 8/8/64 | 256/8/64 | 512 | 512
node23D400692:1241:2634 [2] NCCL INFO 32 coll channels, 32 collnet channels, 0 nvls channels, 32 p2p channels, 32 p2p channels per peer
node23D400692:1242:2633 [3] NCCL INFO threadThresholds 8/8/64 | 256/8/64 | 512 | 512
node23D400692:1242:2633 [3] NCCL INFO 32 coll channels, 32 collnet channels, 0 nvls channels, 32 p2p channels, 32 p2p channels per peer
node23D400692:1242:2633 [3] NCCL INFO ncclCommInitRankConfig comm 0x5e502330 rank 3 nranks 32 cudaDev 3 nvmlDev 3 busId 1901000 commId 0x8c0c6cf73192f255 - Init COMPLETE
node23D400692:1242:2633 [3] NCCL INFO Init timings - ncclCommInitRankConfig: rank 3 nranks 32 total 2.37 (kernels 0.00, alloc 0.00, bootstrap 0.85, allgathers 0.08, topo 1.25, graphs 0.02, connections 0.16, rest 0.01)
node23D400692:1239:2632 [0] NCCL INFO ncclCommInitRankConfig comm 0x6dadbf00 rank 0 nranks 32 cudaDev 0 nvmlDev 0 busId 801000 commId 0x8c0c6cf73192f255 - Init COMPLETE
node23D400692:1240:2635 [1] NCCL INFO ncclCommInitRankConfig comm 0x6e066bc0 rank 1 nranks 32 cudaDev 1 nvmlDev 1 busId 901000 commId 0x8c0c6cf73192f255 - Init COMPLETE
node23D400692:1239:2632 [0] NCCL INFO Init timings - ncclCommInitRankConfig: rank 0 nranks 32 total 2.37 (kernels 0.00, alloc 0.00, bootstrap 0.85, allgathers 0.05, topo 1.29, graphs 0.02, connections 0.16, rest 0.01)
node23D400692:1240:2635 [1] NCCL INFO Init timings - ncclCommInitRankConfig: rank 1 nranks 32 total 2.37 (kernels 0.00, alloc 0.00, bootstrap 0.85, allgathers 0.07, topo 1.27, graphs 0.02, connections 0.15, rest 0.02)
node23D400692:1241:2634 [2] NCCL INFO ncclCommInitRankConfig comm 0x4d608180 rank 2 nranks 32 cudaDev 2 nvmlDev 2 busId 1801000 commId 0x8c0c6cf73192f255 - Init COMPLETE
node23D400692:1241:2634 [2] NCCL INFO Init timings - ncclCommInitRankConfig: rank 2 nranks 32 total 2.37 (kernels 0.00, alloc 0.00, bootstrap 0.85, allgathers 0.07, topo 1.27, graphs 0.02, connections 0.16, rest 0.01)
node23D400692:1240:2644 [1] NCCL INFO Channel 00/0 : 1[1] -> 2[2] via P2P/MNNVL
node23D400692:1240:2644 [1] NCCL INFO Channel 01/0 : 1[1] -> 2[2] via P2P/MNNVL
node23D400692:1239:2646 [0] NCCL INFO Channel 00/0 : 0[0] -> 1[1] via P2P/MNNVL
node23D400692:1240:2644 [1] NCCL INFO Channel 02/0 : 1[1] -> 2[2] via P2P/MNNVL
node23D400692:1239:2646 [0] NCCL INFO Channel 01/0 : 0[0] -> 1[1] via P2P/MNNVL
node23D400692:1240:2644 [1] NCCL INFO Channel 03/0 : 1[1] -> 2[2] via P2P/MNNVL
node23D400692:1241:2647 [2] NCCL INFO Channel 00/0 : 2[2] -> 3[3] via P2P/MNNVL
node23D400692:1241:2647 [2] NCCL INFO Channel 01/0 : 2[2] -> 3[3] via P2P/MNNVL
node23D400692:1239:2646 [0] NCCL INFO Channel 02/0 : 0[0] -> 1[1] via P2P/MNNVL
node23D400692:1240:2644 [1] NCCL INFO Channel 04/0 : 1[1] -> 2[2] via P2P/MNNVL
node23D400692:1239:2646 [0] NCCL INFO Channel 03/0 : 0[0] -> 1[1] via P2P/MNNVL
node23D400692:1241:2647 [2] NCCL INFO Channel 02/0 : 2[2] -> 3[3] via P2P/MNNVL
node23D400692:1242:2645 [3] NCCL INFO Channel 00/0 : 3[3] -> 4[0] via P2P/MNNVL
node23D400692:1240:2644 [1] NCCL INFO Channel 05/0 : 1[1] -> 2[2] via P2P/MNNVL
node23D400692:1239:2646 [0] NCCL INFO Channel 04/0 : 0[0] -> 1[1] via P2P/MNNVL
node23D400692:1241:2647 [2] NCCL INFO Channel 03/0 : 2[2] -> 3[3] via P2P/MNNVL
node23D400692:1242:2645 [3] NCCL INFO Channel 01/0 : 3[3] -> 4[0] via P2P/MNNVL
node23D400692:1239:2646 [0] NCCL INFO Channel 05/0 : 0[0] -> 1[1] via P2P/MNNVL
node23D400692:1240:2644 [1] NCCL INFO Channel 06/0 : 1[1] -> 2[2] via P2P/MNNVL
node23D400692:1242:2645 [3] NCCL INFO Channel 02/0 : 3[3] -> 4[0] via P2P/MNNVL
node23D400692:1241:2647 [2] NCCL INFO Channel 04/0 : 2[2] -> 3[3] via P2P/MNNVL
node23D400692:1242:2645 [3] NCCL INFO Channel 03/0 : 3[3] -> 4[0] via P2P/MNNVL
node23D400692:1239:2646 [0] NCCL INFO Channel 06/0 : 0[0] -> 1[1] via P2P/MNNVL
node23D400692:1240:2644 [1] NCCL INFO Channel 07/0 : 1[1] -> 2[2] via P2P/MNNVL
node23D400692:1239:2646 [0] NCCL INFO Channel 07/0 : 0[0] -> 1[1] via P2P/MNNVL
node23D400692:1240:2644 [1] NCCL INFO Channel 08/0 : 1[1] -> 2[2] via P2P/MNNVL
node23D400692:1242:2645 [3] NCCL INFO Channel 04/0 : 3[3] -> 4[0] via P2P/MNNVL
node23D400692:1241:2647 [2] NCCL INFO Channel 05/0 : 2[2] -> 3[3] via P2P/MNNVL
node23D400692:1242:2645 [3] NCCL INFO Channel 05/0 : 3[3] -> 4[0] via P2P/MNNVL
node23D400692:1241:2647 [2] NCCL INFO Channel 06/0 : 2[2] -> 3[3] via P2P/MNNVL
node23D400692:1239:2646 [0] NCCL INFO Channel 08/0 : 0[0] -> 1[1] via P2P/MNNVL
node23D400692:1240:2644 [1] NCCL INFO Channel 09/0 : 1[1] -> 2[2] via P2P/MNNVL
node23D400692:1242:2645 [3] NCCL INFO Channel 06/0 : 3[3] -> 4[0] via P2P/MNNVL
node23D400692:1240:2644 [1] NCCL INFO Channel 10/0 : 1[1] -> 2[2] via P2P/MNNVL
node23D400692:1239:2646 [0] NCCL INFO Channel 09/0 : 0[0] -> 1[1] via P2P/MNNVL
node23D400692:1241:2647 [2] NCCL INFO Channel 07/0 : 2[2] -> 3[3] via P2P/MNNVL
node23D400692:1242:2645 [3] NCCL INFO Channel 07/0 : 3[3] -> 4[0] via P2P/MNNVL
node23D400692:1241:2647 [2] NCCL INFO Channel 08/0 : 2[2] -> 3[3] via P2P/MNNVL
node23D400692:1240:2644 [1] NCCL INFO Channel 11/0 : 1[1] -> 2[2] via P2P/MNNVL
node23D400692:1239:2646 [0] NCCL INFO Channel 10/0 : 0[0] -> 1[1] via P2P/MNNVL
node23D400692:1241:2647 [2] NCCL INFO Channel 09/0 : 2[2] -> 3[3] via P2P/MNNVL
node23D400692:1242:2645 [3] NCCL INFO Channel 08/0 : 3[3] -> 4[0] via P2P/MNNVL
node23D400692:1239:2646 [0] NCCL INFO Channel 11/0 : 0[0] -> 1[1] via P2P/MNNVL
node23D400692:1240:2644 [1] NCCL INFO Channel 12/0 : 1[1] -> 2[2] via P2P/MNNVL
node23D400692:1241:2647 [2] NCCL INFO Channel 10/0 : 2[2] -> 3[3] via P2P/MNNVL
node23D400692:1242:2645 [3] NCCL INFO Channel 09/0 : 3[3] -> 4[0] via P2P/MNNVL
node23D400692:1239:2646 [0] NCCL INFO Channel 12/0 : 0[0] -> 1[1] via P2P/MNNVL
node23D400692:1240:2644 [1] NCCL INFO Channel 13/0 : 1[1] -> 2[2] via P2P/MNNVL
node23D400692:1241:2647 [2] NCCL INFO Channel 11/0 : 2[2] -> 3[3] via P2P/MNNVL
node23D400692:1242:2645 [3] NCCL INFO Channel 10/0 : 3[3] -> 4[0] via P2P/MNNVL
node23D400692:1240:2644 [1] NCCL INFO Channel 14/0 : 1[1] -> 2[2] via P2P/MNNVL
node23D400692:1241:2647 [2] NCCL INFO Channel 12/0 : 2[2] -> 3[3] via P2P/MNNVL
node23D400692:1239:2646 [0] NCCL INFO Channel 13/0 : 0[0] -> 1[1] via P2P/MNNVL
node23D400692:1240:2644 [1] NCCL INFO Channel 15/0 : 1[1] -> 2[2] via P2P/MNNVL
node23D400692:1242:2645 [3] NCCL INFO Channel 11/0 : 3[3] -> 4[0] via P2P/MNNVL
node23D400692:1239:2646 [0] NCCL INFO Channel 14/0 : 0[0] -> 1[1] via P2P/MNNVL
node23D400692:1241:2647 [2] NCCL INFO Channel 13/0 : 2[2] -> 3[3] via P2P/MNNVL
node23D400692:1242:2645 [3] NCCL INFO Channel 12/0 : 3[3] -> 4[0] via P2P/MNNVL
node23D400692:1240:2644 [1] NCCL INFO Channel 16/0 : 1[1] -> 2[2] via P2P/MNNVL
node23D400692:1239:2646 [0] NCCL INFO Channel 15/0 : 0[0] -> 1[1] via P2P/MNNVL
node23D400692:1242:2645 [3] NCCL INFO Channel 13/0 : 3[3] -> 4[0] via P2P/MNNVL
node23D400692:1240:2644 [1] NCCL INFO Channel 17/0 : 1[1] -> 2[2] via P2P/MNNVL
node23D400692:1239:2646 [0] NCCL INFO Channel 16/0 : 0[0] -> 1[1] via P2P/MNNVL
node23D400692:1241:2647 [2] NCCL INFO Channel 14/0 : 2[2] -> 3[3] via P2P/MNNVL
node23D400692:1242:2645 [3] NCCL INFO Channel 14/0 : 3[3] -> 4[0] via P2P/MNNVL
node23D400692:1239:2646 [0] NCCL INFO Channel 17/0 : 0[0] -> 1[1] via P2P/MNNVL
node23D400692:1240:2644 [1] NCCL INFO Channel 18/0 : 1[1] -> 2[2] via P2P/MNNVL
node23D400692:1241:2647 [2] NCCL INFO Channel 15/0 : 2[2] -> 3[3] via P2P/MNNVL
node23D400692:1242:2645 [3] NCCL INFO Channel 15/0 : 3[3] -> 4[0] via P2P/MNNVL
node23D400692:1239:2646 [0] NCCL INFO Channel 18/0 : 0[0] -> 1[1] via P2P/MNNVL
node23D400692:1240:2644 [1] NCCL INFO Channel 19/0 : 1[1] -> 2[2] via P2P/MNNVL
node23D400692:1239:2646 [0] NCCL INFO Channel 19/0 : 0[0] -> 1[1] via P2P/MNNVL
node23D400692:1240:2644 [1] NCCL INFO Channel 20/0 : 1[1] -> 2[2] via P2P/MNNVL
node23D400692:1242:2645 [3] NCCL INFO Channel 16/0 : 3[3] -> 4[0] via P2P/MNNVL
node23D400692:1241:2647 [2] NCCL INFO Channel 16/0 : 2[2] -> 3[3] via P2P/MNNVL
node23D400692:1240:2644 [1] NCCL INFO Channel 21/0 : 1[1] -> 2[2] via P2P/MNNVL
node23D400692:1239:2646 [0] NCCL INFO Channel 20/0 : 0[0] -> 1[1] via P2P/MNNVL
node23D400692:1241:2647 [2] NCCL INFO Channel 17/0 : 2[2] -> 3[3] via P2P/MNNVL
node23D400692:1242:2645 [3] NCCL INFO Channel 17/0 : 3[3] -> 4[0] via P2P/MNNVL
node23D400692:1240:2644 [1] NCCL INFO Channel 22/0 : 1[1] -> 2[2] via P2P/MNNVL
node23D400692:1242:2645 [3] NCCL INFO Channel 18/0 : 3[3] -> 4[0] via P2P/MNNVL
node23D400692:1240:2644 [1] NCCL INFO Channel 23/0 : 1[1] -> 2[2] via P2P/MNNVL
node23D400692:1239:2646 [0] NCCL INFO Channel 21/0 : 0[0] -> 1[1] via P2P/MNNVL
node23D400692:1241:2647 [2] NCCL INFO Channel 18/0 : 2[2] -> 3[3] via P2P/MNNVL
node23D400692:1240:2644 [1] NCCL INFO Channel 24/0 : 1[1] -> 2[2] via P2P/MNNVL
node23D400692:1242:2645 [3] NCCL INFO Channel 19/0 : 3[3] -> 4[0] via P2P/MNNVL
node23D400692:1239:2646 [0] NCCL INFO Channel 22/0 : 0[0] -> 1[1] via P2P/MNNVL
node23D400692:1241:2647 [2] NCCL INFO Channel 19/0 : 2[2] -> 3[3] via P2P/MNNVL
node23D400692:1239:2646 [0] NCCL INFO Channel 23/0 : 0[0] -> 1[1] via P2P/MNNVL
node23D400692:1240:2644 [1] NCCL INFO Channel 25/0 : 1[1] -> 2[2] via P2P/MNNVL
node23D400692:1240:2644 [1] NCCL INFO Channel 26/0 : 1[1] -> 2[2] via P2P/MNNVL
node23D400692:1241:2647 [2] NCCL INFO Channel 20/0 : 2[2] -> 3[3] via P2P/MNNVL
node23D400692:1239:2646 [0] NCCL INFO Channel 24/0 : 0[0] -> 1[1] via P2P/MNNVL
node23D400692:1242:2645 [3] NCCL INFO Channel 20/0 : 3[3] -> 4[0] via P2P/MNNVL
node23D400692:1240:2644 [1] NCCL INFO Channel 27/0 : 1[1] -> 2[2] via P2P/MNNVL
node23D400692:1239:2646 [0] NCCL INFO Channel 25/0 : 0[0] -> 1[1] via P2P/MNNVL
node23D400692:1242:2645 [3] NCCL INFO Channel 21/0 : 3[3] -> 4[0] via P2P/MNNVL
node23D400692:1241:2647 [2] NCCL INFO Channel 21/0 : 2[2] -> 3[3] via P2P/MNNVL
node23D400692:1240:2644 [1] NCCL INFO Channel 28/0 : 1[1] -> 2[2] via P2P/MNNVL
node23D400692:1241:2647 [2] NCCL INFO Channel 22/0 : 2[2] -> 3[3] via P2P/MNNVL
node23D400692:1240:2644 [1] NCCL INFO Channel 29/0 : 1[1] -> 2[2] via P2P/MNNVL
node23D400692:1242:2645 [3] NCCL INFO Channel 22/0 : 3[3] -> 4[0] via P2P/MNNVL
node23D400692:1239:2646 [0] NCCL INFO Channel 26/0 : 0[0] -> 1[1] via P2P/MNNVL
node23D400692:1242:2645 [3] NCCL INFO Channel 23/0 : 3[3] -> 4[0] via P2P/MNNVL
node23D400692:1240:2644 [1] NCCL INFO Channel 30/0 : 1[1] -> 2[2] via P2P/MNNVL
node23D400692:1241:2647 [2] NCCL INFO Channel 23/0 : 2[2] -> 3[3] via P2P/MNNVL
node23D400692:1239:2646 [0] NCCL INFO Channel 27/0 : 0[0] -> 1[1] via P2P/MNNVL
node23D400692:1242:2645 [3] NCCL INFO Channel 24/0 : 3[3] -> 4[0] via P2P/MNNVL
node23D400692:1240:2644 [1] NCCL INFO Channel 31/0 : 1[1] -> 2[2] via P2P/MNNVL
node23D400692:1239:2646 [0] NCCL INFO Channel 28/0 : 0[0] -> 1[1] via P2P/MNNVL
node23D400692:1241:2647 [2] NCCL INFO Channel 24/0 : 2[2] -> 3[3] via P2P/MNNVL
node23D400692:1242:2645 [3] NCCL INFO Channel 25/0 : 3[3] -> 4[0] via P2P/MNNVL
node23D400692:1239:2646 [0] NCCL INFO Channel 29/0 : 0[0] -> 1[1] via P2P/MNNVL
node23D400692:1241:2647 [2] NCCL INFO Channel 25/0 : 2[2] -> 3[3] via P2P/MNNVL
node23D400692:1242:2645 [3] NCCL INFO Channel 26/0 : 3[3] -> 4[0] via P2P/MNNVL
node23D400692:1239:2646 [0] NCCL INFO Channel 30/0 : 0[0] -> 1[1] via P2P/MNNVL
node23D400692:1241:2647 [2] NCCL INFO Channel 26/0 : 2[2] -> 3[3] via P2P/MNNVL
node23D400692:1242:2645 [3] NCCL INFO Channel 27/0 : 3[3] -> 4[0] via P2P/MNNVL
node23D400692:1239:2646 [0] NCCL INFO Channel 31/0 : 0[0] -> 1[1] via P2P/MNNVL
node23D400692:1242:2645 [3] NCCL INFO Channel 28/0 : 3[3] -> 4[0] via P2P/MNNVL
node23D400692:1241:2647 [2] NCCL INFO Channel 27/0 : 2[2] -> 3[3] via P2P/MNNVL
node23D400692:1242:2645 [3] NCCL INFO Channel 29/0 : 3[3] -> 4[0] via P2P/MNNVL
node23D400692:1241:2647 [2] NCCL INFO Channel 28/0 : 2[2] -> 3[3] via P2P/MNNVL
node23D400692:1242:2645 [3] NCCL INFO Channel 30/0 : 3[3] -> 4[0] via P2P/MNNVL
node23D400692:1241:2647 [2] NCCL INFO Channel 29/0 : 2[2] -> 3[3] via P2P/MNNVL
node23D400692:1241:2647 [2] NCCL INFO Channel 30/0 : 2[2] -> 3[3] via P2P/MNNVL
node23D400692:1242:2645 [3] NCCL INFO Channel 31/0 : 3[3] -> 4[0] via P2P/MNNVL
node23D400692:1241:2647 [2] NCCL INFO Channel 31/0 : 2[2] -> 3[3] via P2P/MNNVL
node23D400692:1242:2645 [3] NCCL INFO Connected all rings, use ring PXN 0 GDR 1
node23D400692:1241:2647 [2] NCCL INFO Connected all rings, use ring PXN 0 GDR 1
node23D400692:1239:2646 [0] NCCL INFO Connected all rings, use ring PXN 0 GDR 1
node23D400692:1240:2644 [1] NCCL INFO Connected all rings, use ring PXN 0 GDR 1
