W1115 13:50:01.894000 1174 torch/distributed/run.py:766] 
W1115 13:50:01.894000 1174 torch/distributed/run.py:766] *****************************************
W1115 13:50:01.894000 1174 torch/distributed/run.py:766] Setting OMP_NUM_THREADS environment variable for each process to be 1 in default, to avoid your system being overloaded, please further tune the variable for optimal performance in your application as needed. 
W1115 13:50:01.894000 1174 torch/distributed/run.py:766] *****************************************
[Gloo] Rank 1 is connected to 1 peer ranks. Expected number of connected peer ranks is : 1
[Gloo] Rank 0 is connected to 0 peer ranks. Expected number of connected peer ranks is : 0
[Gloo] Rank 1 is connected to 1 peer ranks. Expected number of connected peer ranks is : 1
[rank8]:[W1115 13:50:46.159343403 ProcessGroupNCCL.cpp:4789] [PG ID 0 PG GUID 0 Rank 8]  using GPU 0 as device used by this process is currently unknown. This can potentially cause a hang if this rank to GPU mapping is incorrect. You can specify device_id in init_process_group() to force use of a particular device.
node23D400692:1239:1239 [0] NCCL INFO cudaDriverVersion 12080
node23D400692:1239:1239 [0] NCCL INFO Bootstrap: Using enP5p9s0:10.192.23.157<0>
node23D400692:1239:1239 [0] NCCL INFO NCCL version 2.27.3+cuda12.9
node23D400692:1239:1239 [0] NCCL INFO Comm config Blocking set to 1
[Gloo] Rank 1 is connected to 1 peer ranks. Expected number of connected peer ranks is : 1
[Gloo] Rank [Gloo] Rank 11 is connected to  is connected to 11 peer ranks.  peer ranks. Expected number of connected peer ranks is : Expected number of connected peer ranks is : 11

[Gloo] Rank 0[Gloo] Rank  is connected to 00 is connected to  peer ranks. 0Expected number of connected peer ranks is :  peer ranks. 0Expected number of connected peer ranks is : 
0
[Gloo] Rank 0 is connected to 0 peer ranks. Expected number of connected peer ranks is : 0
[Gloo] Rank 1 is connected to 1 peer ranks. Expected number of connected peer ranks is : 1
[Gloo] Rank 1 is connected to 1 peer ranks. Expected number of connected peer ranks is : 1
[Gloo] Rank 1 is connected to 1 peer ranks. Expected number of connected peer ranks is : 1
[rank11]:[W1115 13:50:47.391221268 ProcessGroupNCCL.cpp:4789] [PG ID 0 PG GUID 0 Rank 11]  using GPU 3 as device used by this process is currently unknown. This can potentially cause a hang if this rank to GPU mapping is incorrect. You can specify device_id in init_process_group() to force use of a particular device.
[rank10]:[W1115 13:50:47.391230099 ProcessGroupNCCL.cpp:4789] [PG ID 0 PG GUID 0 Rank 10]  using GPU 2 as device used by this process is currently unknown. This can potentially cause a hang if this rank to GPU mapping is incorrect. You can specify device_id in init_process_group() to force use of a particular device.
[rank9]:[W1115 13:50:47.391269875 ProcessGroupNCCL.cpp:4789] [PG ID 0 PG GUID 0 Rank 9]  using GPU 1 as device used by this process is currently unknown. This can potentially cause a hang if this rank to GPU mapping is incorrect. You can specify device_id in init_process_group() to force use of a particular device.
node23D400692:1240:1240 [1] NCCL INFO cudaDriverVersion 12080
node23D400692:1242:1242 [3] NCCL INFO cudaDriverVersion 12080
node23D400692:1241:1241 [2] NCCL INFO cudaDriverVersion 12080
node23D400692:1240:1240 [1] NCCL INFO Bootstrap: Using enP5p9s0:10.192.23.157<0>
node23D400692:1242:1242 [3] NCCL INFO Bootstrap: Using enP5p9s0:10.192.23.157<0>
node23D400692:1241:1241 [2] NCCL INFO Bootstrap: Using enP5p9s0:10.192.23.157<0>
node23D400692:1240:1240 [1] NCCL INFO NCCL version 2.27.3+cuda12.9
node23D400692:1242:1242 [3] NCCL INFO NCCL version 2.27.3+cuda12.9
node23D400692:1241:1241 [2] NCCL INFO NCCL version 2.27.3+cuda12.9
node23D400692:1241:1241 [2] NCCL INFO Comm config Blocking set to 1
node23D400692:1242:1242 [3] NCCL INFO Comm config Blocking set to 1
node23D400692:1240:1240 [1] NCCL INFO Comm config Blocking set to 1
node23D400692:1239:1603 [0] NCCL INFO NET/Plugin: Plugin name set by env to libnccl-net.so
node23D400692:1239:1603 [0] NCCL INFO NET/Plugin: Loaded net plugin NCCL RDMA Plugin v10 (v10)
node23D400692:1239:1603 [0] NCCL INFO NET/Plugin: Loaded collnet plugin NCCL RDMA Plugin v10 (v10)
node23D400692:1239:1603 [0] NCCL INFO Successfully loaded external plugin libnccl-net.so
node23D400692:1239:1603 [0] NCCL INFO Plugin Path : /opt/hpcx/nccl_rdma_sharp_plugin/lib/libnccl-net.so
node23D400692:1239:1603 [0] NCCL INFO P2P plugin v10 IBext_v10
node23D400692:1239:1603 [0] NCCL INFO NET/IB : No device found.
node23D400692:1239:1603 [0] NCCL INFO NET/IB : Using [RO]; OOB enP5p9s0:10.192.23.157<0>
node23D400692:1240:1726 [1] NCCL INFO NET/Plugin: Plugin name set by env to libnccl-net.so
node23D400692:1240:1726 [1] NCCL INFO NET/Plugin: Loaded net plugin NCCL RDMA Plugin v10 (v10)
node23D400692:1240:1726 [1] NCCL INFO NET/Plugin: Loaded collnet plugin NCCL RDMA Plugin v10 (v10)
node23D400692:1240:1726 [1] NCCL INFO Successfully loaded external plugin libnccl-net.so
node23D400692:1240:1726 [1] NCCL INFO Plugin Path : /opt/hpcx/nccl_rdma_sharp_plugin/lib/libnccl-net.so
node23D400692:1240:1726 [1] NCCL INFO P2P plugin v10 IBext_v10
node23D400692:1242:1725 [3] NCCL INFO NET/Plugin: Plugin name set by env to libnccl-net.so
node23D400692:1242:1725 [3] NCCL INFO NET/Plugin: Loaded net plugin NCCL RDMA Plugin v10 (v10)
node23D400692:1242:1725 [3] NCCL INFO NET/Plugin: Loaded collnet plugin NCCL RDMA Plugin v10 (v10)
node23D400692:1242:1725 [3] NCCL INFO Successfully loaded external plugin libnccl-net.so
node23D400692:1242:1725 [3] NCCL INFO Plugin Path : /opt/hpcx/nccl_rdma_sharp_plugin/lib/libnccl-net.so
node23D400692:1242:1725 [3] NCCL INFO P2P plugin v10 IBext_v10
node23D400692:1241:1724 [2] NCCL INFO NET/Plugin: Plugin name set by env to libnccl-net.so
node23D400692:1241:1724 [2] NCCL INFO NET/Plugin: Loaded net plugin NCCL RDMA Plugin v10 (v10)
node23D400692:1241:1724 [2] NCCL INFO NET/Plugin: Loaded collnet plugin NCCL RDMA Plugin v10 (v10)
node23D400692:1241:1724 [2] NCCL INFO Successfully loaded external plugin libnccl-net.so
node23D400692:1241:1724 [2] NCCL INFO Plugin Path : /opt/hpcx/nccl_rdma_sharp_plugin/lib/libnccl-net.so
node23D400692:1241:1724 [2] NCCL INFO P2P plugin v10 IBext_v10
node23D400692:1239:1603 [0] NCCL INFO NET/IB : No device found.
node23D400692:1239:1603 [0] NCCL INFO NET/IB : Using [RO]; OOB enP5p9s0:10.192.23.157<0>
node23D400692:1239:1603 [0] NCCL INFO NET/Socket : Using [0]enP5p9s0:10.192.23.157<0>
node23D400692:1239:1603 [0] NCCL INFO Initialized NET plugin Socket
node23D400692:1239:1603 [0] NCCL INFO Assigned NET plugin Socket to comm
node23D400692:1239:1603 [0] NCCL INFO Using network Socket
node23D400692:1241:1724 [2] NCCL INFO NET/IB : No device found.
node23D400692:1241:1724 [2] NCCL INFO NET/IB : Using [RO]; OOB enP5p9s0:10.192.23.157<0>
node23D400692:1239:1603 [0] NCCL INFO ncclCommInitRankConfig comm 0x535b01d0 rank 8 nranks 64 cudaDev 0 nvmlDev 0 busId 801000 commId 0xd0f8a826c702c9c7 - Init START
node23D400692:1240:1726 [1] NCCL INFO NET/IB : No device found.
node23D400692:1240:1726 [1] NCCL INFO NET/IB : Using [RO]; OOB enP5p9s0:10.192.23.157<0>
node23D400692:1242:1725 [3] NCCL INFO NET/IB : No device found.
node23D400692:1242:1725 [3] NCCL INFO NET/IB : Using [RO]; OOB enP5p9s0:10.192.23.157<0>
node23D400692:1241:1724 [2] NCCL INFO NET/IB : No device found.
node23D400692:1241:1724 [2] NCCL INFO NET/IB : Using [RO]; OOB enP5p9s0:10.192.23.157<0>
node23D400692:1241:1724 [2] NCCL INFO NET/Socket : Using [0]enP5p9s0:10.192.23.157<0>
node23D400692:1241:1724 [2] NCCL INFO Initialized NET plugin Socket
node23D400692:1241:1724 [2] NCCL INFO Assigned NET plugin Socket to comm
node23D400692:1241:1724 [2] NCCL INFO Using network Socket
node23D400692:1241:1724 [2] NCCL INFO ncclCommInitRankConfig comm 0x33e71b50 rank 10 nranks 64 cudaDev 2 nvmlDev 2 busId 1801000 commId 0xd0f8a826c702c9c7 - Init START
node23D400692:1240:1726 [1] NCCL INFO NET/IB : No device found.
node23D400692:1240:1726 [1] NCCL INFO NET/IB : Using [RO]; OOB enP5p9s0:10.192.23.157<0>
node23D400692:1240:1726 [1] NCCL INFO NET/Socket : Using [0]enP5p9s0:10.192.23.157<0>
node23D400692:1240:1726 [1] NCCL INFO Initialized NET plugin Socket
node23D400692:1240:1726 [1] NCCL INFO Assigned NET plugin Socket to comm
node23D400692:1240:1726 [1] NCCL INFO Using network Socket
node23D400692:1242:1725 [3] NCCL INFO NET/IB : No device found.
node23D400692:1242:1725 [3] NCCL INFO NET/IB : Using [RO]; OOB enP5p9s0:10.192.23.157<0>
node23D400692:1242:1725 [3] NCCL INFO NET/Socket : Using [0]enP5p9s0:10.192.23.157<0>
node23D400692:1242:1725 [3] NCCL INFO Initialized NET plugin Socket
node23D400692:1242:1725 [3] NCCL INFO Assigned NET plugin Socket to comm
node23D400692:1242:1725 [3] NCCL INFO Using network Socket
node23D400692:1240:1726 [1] NCCL INFO ncclCommInitRankConfig comm 0x53e91680 rank 9 nranks 64 cudaDev 1 nvmlDev 1 busId 901000 commId 0xd0f8a826c702c9c7 - Init START
node23D400692:1242:1725 [3] NCCL INFO ncclCommInitRankConfig comm 0x442a2bf0 rank 11 nranks 64 cudaDev 3 nvmlDev 3 busId 1901000 commId 0xd0f8a826c702c9c7 - Init START
node23D400692:1240:1726 [1] NCCL INFO RAS client listening socket at 127.0.0.1<28028>
node23D400692:1241:1724 [2] NCCL INFO RAS client listening socket at 127.0.0.1<28028>
node23D400692:1242:1725 [3] NCCL INFO RAS client listening socket at 127.0.0.1<28028>
node23D400692:1239:1603 [0] NCCL INFO RAS client listening socket at 127.0.0.1<28028>
node23D400692:1241:1724 [2] NCCL INFO Bootstrap timings total 0.352401 (create 0.000035, send 0.000140, recv 0.056459, ring 0.295497, delay 0.000000)
node23D400692:1242:1725 [3] NCCL INFO Bootstrap timings total 0.296470 (create 0.000027, send 0.000140, recv 0.232779, ring 0.063233, delay 0.000000)
node23D400692:1240:1726 [1] NCCL INFO Bootstrap timings total 0.296497 (create 0.000028, send 0.000111, recv 0.000433, ring 0.295639, delay 0.000000)
node23D400692:1239:1603 [0] NCCL INFO Bootstrap timings total 0.396183 (create 0.000038, send 0.000146, recv 0.099933, ring 0.043017, delay 0.000000)
node23D400692:1239:1603 [0] NCCL INFO MNNVL busId 0x801000 fabric UUID aa48724aeeaad6a8.b34b901796a1c18d cliqueId 0x7ffe state 3 healthMask 0xaa
node23D400692:1240:1726 [1] NCCL INFO MNNVL busId 0x901000 fabric UUID aa48724aeeaad6a8.b34b901796a1c18d cliqueId 0x7ffe state 3 healthMask 0xaa
node23D400692:1242:1725 [3] NCCL INFO MNNVL busId 0x1901000 fabric UUID aa48724aeeaad6a8.b34b901796a1c18d cliqueId 0x7ffe state 3 healthMask 0xaa
node23D400692:1241:1724 [2] NCCL INFO MNNVL busId 0x1801000 fabric UUID aa48724aeeaad6a8.b34b901796a1c18d cliqueId 0x7ffe state 3 healthMask 0xaa
node23D400692:1239:1603 [0] NCCL INFO MNNVL 1 cliqueId 7ffe cliqueSize 64 cliqueRank 8
node23D400692:1242:1725 [3] NCCL INFO MNNVL 1 cliqueId 7ffe cliqueSize 64 cliqueRank 11
node23D400692:1240:1726 [1] NCCL INFO MNNVL 1 cliqueId 7ffe cliqueSize 64 cliqueRank 9
node23D400692:1241:1724 [2] NCCL INFO MNNVL 1 cliqueId 7ffe cliqueSize 64 cliqueRank 10
node23D400692:1241:1724 [2] NCCL INFO Setting affinity for GPU 2 to 72-143
node23D400692:1241:1724 [2] NCCL INFO NCCL_NVLS_ENABLE set by environment to 0.
node23D400692:1240:1726 [1] NCCL INFO Setting affinity for GPU 1 to 0-71
node23D400692:1240:1726 [1] NCCL INFO NCCL_NVLS_ENABLE set by environment to 0.
node23D400692:1239:1603 [0] NCCL INFO Setting affinity for GPU 0 to 0-71
node23D400692:1239:1603 [0] NCCL INFO NCCL_NVLS_ENABLE set by environment to 0.
node23D400692:1242:1725 [3] NCCL INFO Setting affinity for GPU 3 to 72-143
node23D400692:1242:1725 [3] NCCL INFO NCCL_NVLS_ENABLE set by environment to 0.
node23D400692:1242:1725 [3] NCCL INFO comm 0x442a2bf0 rank 11 nRanks 64 nNodes 1 localRanks 64 localRank 11 MNNVL 1
node23D400692:1242:1725 [3] NCCL INFO Trees [0] 12/-1/-1->11->10 [1] 12/-1/-1->11->10 [2] 12/-1/-1->11->10 [3] 12/-1/-1->11->10 [4] 12/-1/-1->11->10 [5] 12/-1/-1->11->10 [6] 12/-1/-1->11->10 [7] 12/-1/-1->11->10 [8] 12/-1/-1->11->10 [9] 12/-1/-1->11->10 [10] 12/-1/-1->11->10 [11] 12/-1/-1->11->10 [12] 12/-1/-1->11->10 [13] 12/-1/-1->11->10 [14] 12/-1/-1->11->10 [15] 12/-1/-1->11->10 [16] 12/-1/-1->11->10 [17] 12/-1/-1->11->10 [18] 12/-1/-1->11->10 [19] 12/-1/-1->11->10 [20] 12/-1/-1->11->10 [21] 12/-1/-1->11->10 [22] 12/-1/-1->11->10 [23] 12/-1/-1->11->10 [24] 12/-1/-1->11->10 [25] 12/-1/-1->11->10 [26] 12/-1/-1->11->10 [27] 12/-1/-1->11->10 [28] 12/-1/-1->11->10 [29] 12/-1/-1->11->10 [30] 12/-1/-1->11->10 [31] 12/-1/-1->11->10
node23D400692:1242:1725 [3] NCCL INFO P2P Chunksize set to 524288
node23D400692:1240:1726 [1] NCCL INFO comm 0x53e91680 rank 9 nRanks 64 nNodes 1 localRanks 64 localRank 9 MNNVL 1
node23D400692:1241:1724 [2] NCCL INFO comm 0x33e71b50 rank 10 nRanks 64 nNodes 1 localRanks 64 localRank 10 MNNVL 1
node23D400692:1239:1603 [0] NCCL INFO comm 0x535b01d0 rank 8 nRanks 64 nNodes 1 localRanks 64 localRank 8 MNNVL 1
node23D400692:1240:1726 [1] NCCL INFO Trees [0] 10/-1/-1->9->8 [1] 10/-1/-1->9->8 [2] 10/-1/-1->9->8 [3] 10/-1/-1->9->8 [4] 10/-1/-1->9->8 [5] 10/-1/-1->9->8 [6] 10/-1/-1->9->8 [7] 10/-1/-1->9->8 [8] 10/-1/-1->9->8 [9] 10/-1/-1->9->8 [10] 10/-1/-1->9->8 [11] 10/-1/-1->9->8 [12] 10/-1/-1->9->8 [13] 10/-1/-1->9->8 [14] 10/-1/-1->9->8 [15] 10/-1/-1->9->8 [16] 10/-1/-1->9->8 [17] 10/-1/-1->9->8 [18] 10/-1/-1->9->8 [19] 10/-1/-1->9->8 [20] 10/-1/-1->9->8 [21] 10/-1/-1->9->8 [22] 10/-1/-1->9->8 [23] 10/-1/-1->9->8 [24] 10/-1/-1->9->8 [25] 10/-1/-1->9->8 [26] 10/-1/-1->9->8 [27] 10/-1/-1->9->8 [28] 10/-1/-1->9->8 [29] 10/-1/-1->9->8 [30] 10/-1/-1->9->8 [31] 10/-1/-1->9->8
node23D400692:1240:1726 [1] NCCL INFO P2P Chunksize set to 524288
node23D400692:1241:1724 [2] NCCL INFO Trees [0] 11/-1/-1->10->9 [1] 11/-1/-1->10->9 [2] 11/-1/-1->10->9 [3] 11/-1/-1->10->9 [4] 11/-1/-1->10->9 [5] 11/-1/-1->10->9 [6] 11/-1/-1->10->9 [7] 11/-1/-1->10->9 [8] 11/-1/-1->10->9 [9] 11/-1/-1->10->9 [10] 11/-1/-1->10->9 [11] 11/-1/-1->10->9 [12] 11/-1/-1->10->9 [13] 11/-1/-1->10->9 [14] 11/-1/-1->10->9 [15] 11/-1/-1->10->9 [16] 11/-1/-1->10->9 [17] 11/-1/-1->10->9 [18] 11/-1/-1->10->9 [19] 11/-1/-1->10->9 [20] 11/-1/-1->10->9 [21] 11/-1/-1->10->9 [22] 11/-1/-1->10->9 [23] 11/-1/-1->10->9 [24] 11/-1/-1->10->9 [25] 11/-1/-1->10->9 [26] 11/-1/-1->10->9 [27] 11/-1/-1->10->9 [28] 11/-1/-1->10->9 [29] 11/-1/-1->10->9 [30] 11/-1/-1->10->9 [31] 11/-1/-1->10->9
node23D400692:1239:1603 [0] NCCL INFO Trees [0] 9/-1/-1->8->7 [1] 9/-1/-1->8->7 [2] 9/-1/-1->8->7 [3] 9/-1/-1->8->7 [4] 9/-1/-1->8->7 [5] 9/-1/-1->8->7 [6] 9/-1/-1->8->7 [7] 9/-1/-1->8->7 [8] 9/-1/-1->8->7 [9] 9/-1/-1->8->7 [10] 9/-1/-1->8->7 [11] 9/-1/-1->8->7 [12] 9/-1/-1->8->7 [13] 9/-1/-1->8->7 [14] 9/-1/-1->8->7 [15] 9/-1/-1->8->7 [16] 9/-1/-1->8->7 [17] 9/-1/-1->8->7 [18] 9/-1/-1->8->7 [19] 9/-1/-1->8->7 [20] 9/-1/-1->8->7 [21] 9/-1/-1->8->7 [22] 9/-1/-1->8->7 [23] 9/-1/-1->8->7 [24] 9/-1/-1->8->7 [25] 9/-1/-1->8->7 [26] 9/-1/-1->8->7 [27] 9/-1/-1->8->7 [28] 9/-1/-1->8->7 [29] 9/-1/-1->8->7 [30] 9/-1/-1->8->7 [31] 9/-1/-1->8->7
node23D400692:1241:1724 [2] NCCL INFO P2P Chunksize set to 524288
node23D400692:1239:1603 [0] NCCL INFO P2P Chunksize set to 524288
node23D400692:1240:1726 [1] NCCL INFO PROFILER/Plugin: Could not find: libnccl-profiler.so. 
node23D400692:1239:1603 [0] NCCL INFO PROFILER/Plugin: Could not find: libnccl-profiler.so. 
node23D400692:1242:1725 [3] NCCL INFO PROFILER/Plugin: Could not find: libnccl-profiler.so. 
node23D400692:1239:1732 [0] NCCL INFO [Proxy Service] Device 0 CPU core 18
node23D400692:1240:1731 [1] NCCL INFO [Proxy Service] Device 1 CPU core 70
node23D400692:1241:1724 [2] NCCL INFO PROFILER/Plugin: Could not find: libnccl-profiler.so. 
node23D400692:1240:1733 [1] NCCL INFO [Proxy Service UDS] Device 1 CPU core 2
node23D400692:1239:1734 [0] NCCL INFO [Proxy Service UDS] Device 0 CPU core 0
node23D400692:1242:1735 [3] NCCL INFO [Proxy Service] Device 3 CPU core 143
node23D400692:1242:1736 [3] NCCL INFO [Proxy Service UDS] Device 3 CPU core 72
node23D400692:1241:1737 [2] NCCL INFO [Proxy Service] Device 2 CPU core 137
node23D400692:1241:1738 [2] NCCL INFO [Proxy Service UDS] Device 2 CPU core 138
node23D400692:1240:1726 [1] NCCL INFO threadThresholds 8/8/64 | 512/8/64 | 512 | 512
node23D400692:1240:1726 [1] NCCL INFO 32 coll channels, 32 collnet channels, 0 nvls channels, 32 p2p channels, 32 p2p channels per peer
node23D400692:1239:1603 [0] NCCL INFO threadThresholds 8/8/64 | 512/8/64 | 512 | 512
node23D400692:1239:1603 [0] NCCL INFO 32 coll channels, 32 collnet channels, 0 nvls channels, 32 p2p channels, 32 p2p channels per peer
node23D400692:1242:1725 [3] NCCL INFO threadThresholds 8/8/64 | 512/8/64 | 512 | 512
node23D400692:1242:1725 [3] NCCL INFO 32 coll channels, 32 collnet channels, 0 nvls channels, 32 p2p channels, 32 p2p channels per peer
node23D400692:1241:1724 [2] NCCL INFO threadThresholds 8/8/64 | 512/8/64 | 512 | 512
node23D400692:1241:1724 [2] NCCL INFO 32 coll channels, 32 collnet channels, 0 nvls channels, 32 p2p channels, 32 p2p channels per peer
node23D400692:1242:1725 [3] NCCL INFO TUNER/Plugin: Could not find: libnccl-tuner.so. Using internal tuner plugin.
node23D400692:1239:1603 [0] NCCL INFO TUNER/Plugin: Could not find: libnccl-tuner.so. Using internal tuner plugin.
node23D400692:1240:1726 [1] NCCL INFO TUNER/Plugin: Could not find: libnccl-tuner.so. Using internal tuner plugin.
node23D400692:1242:1725 [3] NCCL INFO TUNER/Plugin: Failed to find ncclTunerPlugin_v4 symbol.
node23D400692:1239:1603 [0] NCCL INFO TUNER/Plugin: Failed to find ncclTunerPlugin_v4 symbol.
node23D400692:1240:1726 [1] NCCL INFO TUNER/Plugin: Failed to find ncclTunerPlugin_v4 symbol.
node23D400692:1242:1725 [3] NCCL INFO TUNER/Plugin: Failed to find ncclTunerPlugin_v3 symbol.
node23D400692:1239:1603 [0] NCCL INFO TUNER/Plugin: Failed to find ncclTunerPlugin_v3 symbol.
node23D400692:1240:1726 [1] NCCL INFO TUNER/Plugin: Failed to find ncclTunerPlugin_v3 symbol.
node23D400692:1242:1725 [3] NCCL INFO TUNER/Plugin: Failed to find ncclTunerPlugin_v2 symbol, using internal tuner instead.
node23D400692:1239:1603 [0] NCCL INFO TUNER/Plugin: Failed to find ncclTunerPlugin_v2 symbol, using internal tuner instead.
node23D400692:1240:1726 [1] NCCL INFO TUNER/Plugin: Failed to find ncclTunerPlugin_v2 symbol, using internal tuner instead.
node23D400692:1242:1725 [3] NCCL INFO ncclCommInitRankConfig comm 0x442a2bf0 rank 11 nranks 64 cudaDev 3 nvmlDev 3 busId 1901000 commId 0xd0f8a826c702c9c7 - Init COMPLETE
node23D400692:1239:1603 [0] NCCL INFO ncclCommInitRankConfig comm 0x535b01d0 rank 8 nranks 64 cudaDev 0 nvmlDev 0 busId 801000 commId 0xd0f8a826c702c9c7 - Init COMPLETE
node23D400692:1240:1726 [1] NCCL INFO ncclCommInitRankConfig comm 0x53e91680 rank 9 nranks 64 cudaDev 1 nvmlDev 1 busId 901000 commId 0xd0f8a826c702c9c7 - Init COMPLETE
node23D400692:1239:1603 [0] NCCL INFO Init timings - ncclCommInitRankConfig: rank 8 nranks 64 total 3.13 (kernels 0.27, alloc 0.13, bootstrap 0.40, allgathers 0.09, topo 2.04, graphs 0.04, connections 0.15, rest 0.01)
node23D400692:1241:1724 [2] NCCL INFO TUNER/Plugin: Could not find: libnccl-tuner.so. Using internal tuner plugin.
node23D400692:1242:1725 [3] NCCL INFO Init timings - ncclCommInitRankConfig: rank 11 nranks 64 total 2.89 (kernels 0.12, alloc 0.14, bootstrap 0.30, allgathers 0.07, topo 2.05, graphs 0.04, connections 0.16, rest 0.01)
node23D400692:1240:1726 [1] NCCL INFO Init timings - ncclCommInitRankConfig: rank 9 nranks 64 total 2.89 (kernels 0.11, alloc 0.14, bootstrap 0.30, allgathers 0.11, topo 2.02, graphs 0.04, connections 0.15, rest 0.02)
node23D400692:1241:1724 [2] NCCL INFO TUNER/Plugin: Failed to find ncclTunerPlugin_v4 symbol.
node23D400692:1241:1724 [2] NCCL INFO TUNER/Plugin: Failed to find ncclTunerPlugin_v3 symbol.
node23D400692:1241:1724 [2] NCCL INFO TUNER/Plugin: Failed to find ncclTunerPlugin_v2 symbol, using internal tuner instead.
node23D400692:1241:1724 [2] NCCL INFO ncclCommInitRankConfig comm 0x33e71b50 rank 10 nranks 64 cudaDev 2 nvmlDev 2 busId 1801000 commId 0xd0f8a826c702c9c7 - Init COMPLETE
node23D400692:1241:1724 [2] NCCL INFO Init timings - ncclCommInitRankConfig: rank 10 nranks 64 total 2.89 (kernels 0.12, alloc 0.08, bootstrap 0.35, allgathers 0.11, topo 2.02, graphs 0.04, connections 0.16, rest 0.01)
node23D400692:1242:1742 [3] NCCL INFO Channel 00/0 : 11[3] -> 12[0] via P2P/MNNVL
node23D400692:1242:1742 [3] NCCL INFO Channel 01/0 : 11[3] -> 12[0] via P2P/MNNVL
node23D400692:1242:1742 [3] NCCL INFO Channel 02/0 : 11[3] -> 12[0] via P2P/MNNVL
node23D400692:1240:1739 [1] NCCL INFO Channel 00/0 : 9[1] -> 10[2] via P2P/MNNVL
node23D400692:1240:1739 [1] NCCL INFO Channel 01/0 : 9[1] -> 10[2] via P2P/MNNVL
node23D400692:1239:1740 [0] NCCL INFO Channel 00/0 : 8[0] -> 9[1] via P2P/MNNVL
node23D400692:1242:1742 [3] NCCL INFO Channel 03/0 : 11[3] -> 12[0] via P2P/MNNVL
node23D400692:1241:1741 [2] NCCL INFO Channel 00/0 : 10[2] -> 11[3] via P2P/MNNVL
node23D400692:1239:1740 [0] NCCL INFO Channel 01/0 : 8[0] -> 9[1] via P2P/MNNVL
node23D400692:1240:1739 [1] NCCL INFO Channel 02/0 : 9[1] -> 10[2] via P2P/MNNVL
node23D400692:1242:1742 [3] NCCL INFO Channel 04/0 : 11[3] -> 12[0] via P2P/MNNVL
node23D400692:1241:1741 [2] NCCL INFO Channel 01/0 : 10[2] -> 11[3] via P2P/MNNVL
node23D400692:1239:1740 [0] NCCL INFO Channel 02/0 : 8[0] -> 9[1] via P2P/MNNVL
node23D400692:1242:1742 [3] NCCL INFO Channel 05/0 : 11[3] -> 12[0] via P2P/MNNVL
node23D400692:1241:1741 [2] NCCL INFO Channel 02/0 : 10[2] -> 11[3] via P2P/MNNVL
node23D400692:1240:1739 [1] NCCL INFO Channel 03/0 : 9[1] -> 10[2] via P2P/MNNVL
node23D400692:1242:1742 [3] NCCL INFO Channel 06/0 : 11[3] -> 12[0] via P2P/MNNVL
node23D400692:1239:1740 [0] NCCL INFO Channel 03/0 : 8[0] -> 9[1] via P2P/MNNVL
node23D400692:1242:1742 [3] NCCL INFO Channel 07/0 : 11[3] -> 12[0] via P2P/MNNVL
node23D400692:1241:1741 [2] NCCL INFO Channel 03/0 : 10[2] -> 11[3] via P2P/MNNVL
node23D400692:1239:1740 [0] NCCL INFO Channel 04/0 : 8[0] -> 9[1] via P2P/MNNVL
node23D400692:1240:1739 [1] NCCL INFO Channel 04/0 : 9[1] -> 10[2] via P2P/MNNVL
node23D400692:1241:1741 [2] NCCL INFO Channel 04/0 : 10[2] -> 11[3] via P2P/MNNVL
node23D400692:1240:1739 [1] NCCL INFO Channel 05/0 : 9[1] -> 10[2] via P2P/MNNVL
node23D400692:1242:1742 [3] NCCL INFO Channel 08/0 : 11[3] -> 12[0] via P2P/MNNVL
node23D400692:1239:1740 [0] NCCL INFO Channel 05/0 : 8[0] -> 9[1] via P2P/MNNVL
node23D400692:1241:1741 [2] NCCL INFO Channel 05/0 : 10[2] -> 11[3] via P2P/MNNVL
node23D400692:1240:1739 [1] NCCL INFO Channel 06/0 : 9[1] -> 10[2] via P2P/MNNVL
node23D400692:1242:1742 [3] NCCL INFO Channel 09/0 : 11[3] -> 12[0] via P2P/MNNVL
node23D400692:1239:1740 [0] NCCL INFO Channel 06/0 : 8[0] -> 9[1] via P2P/MNNVL
node23D400692:1241:1741 [2] NCCL INFO Channel 06/0 : 10[2] -> 11[3] via P2P/MNNVL
node23D400692:1240:1739 [1] NCCL INFO Channel 07/0 : 9[1] -> 10[2] via P2P/MNNVL
node23D400692:1242:1742 [3] NCCL INFO Channel 10/0 : 11[3] -> 12[0] via P2P/MNNVL
node23D400692:1239:1740 [0] NCCL INFO Channel 07/0 : 8[0] -> 9[1] via P2P/MNNVL
node23D400692:1239:1740 [0] NCCL INFO Channel 08/0 : 8[0] -> 9[1] via P2P/MNNVL
node23D400692:1240:1739 [1] NCCL INFO Channel 08/0 : 9[1] -> 10[2] via P2P/MNNVL
node23D400692:1241:1741 [2] NCCL INFO Channel 07/0 : 10[2] -> 11[3] via P2P/MNNVL
node23D400692:1242:1742 [3] NCCL INFO Channel 11/0 : 11[3] -> 12[0] via P2P/MNNVL
node23D400692:1240:1739 [1] NCCL INFO Channel 09/0 : 9[1] -> 10[2] via P2P/MNNVL
node23D400692:1239:1740 [0] NCCL INFO Channel 09/0 : 8[0] -> 9[1] via P2P/MNNVL
node23D400692:1241:1741 [2] NCCL INFO Channel 08/0 : 10[2] -> 11[3] via P2P/MNNVL
node23D400692:1240:1739 [1] NCCL INFO Channel 10/0 : 9[1] -> 10[2] via P2P/MNNVL
node23D400692:1239:1740 [0] NCCL INFO Channel 10/0 : 8[0] -> 9[1] via P2P/MNNVL
node23D400692:1242:1742 [3] NCCL INFO Channel 12/0 : 11[3] -> 12[0] via P2P/MNNVL
node23D400692:1240:1739 [1] NCCL INFO Channel 11/0 : 9[1] -> 10[2] via P2P/MNNVL
node23D400692:1242:1742 [3] NCCL INFO Channel 13/0 : 11[3] -> 12[0] via P2P/MNNVL
node23D400692:1239:1740 [0] NCCL INFO Channel 11/0 : 8[0] -> 9[1] via P2P/MNNVL
node23D400692:1241:1741 [2] NCCL INFO Channel 09/0 : 10[2] -> 11[3] via P2P/MNNVL
node23D400692:1240:1739 [1] NCCL INFO Channel 12/0 : 9[1] -> 10[2] via P2P/MNNVL
node23D400692:1239:1740 [0] NCCL INFO Channel 12/0 : 8[0] -> 9[1] via P2P/MNNVL
node23D400692:1241:1741 [2] NCCL INFO Channel 10/0 : 10[2] -> 11[3] via P2P/MNNVL
node23D400692:1242:1742 [3] NCCL INFO Channel 14/0 : 11[3] -> 12[0] via P2P/MNNVL
node23D400692:1239:1740 [0] NCCL INFO Channel 13/0 : 8[0] -> 9[1] via P2P/MNNVL
node23D400692:1240:1739 [1] NCCL INFO Channel 13/0 : 9[1] -> 10[2] via P2P/MNNVL
node23D400692:1242:1742 [3] NCCL INFO Channel 15/0 : 11[3] -> 12[0] via P2P/MNNVL
node23D400692:1241:1741 [2] NCCL INFO Channel 11/0 : 10[2] -> 11[3] via P2P/MNNVL
node23D400692:1239:1740 [0] NCCL INFO Channel 14/0 : 8[0] -> 9[1] via P2P/MNNVL
node23D400692:1240:1739 [1] NCCL INFO Channel 14/0 : 9[1] -> 10[2] via P2P/MNNVL
node23D400692:1241:1741 [2] NCCL INFO Channel 12/0 : 10[2] -> 11[3] via P2P/MNNVL
node23D400692:1239:1740 [0] NCCL INFO Channel 15/0 : 8[0] -> 9[1] via P2P/MNNVL
node23D400692:1242:1742 [3] NCCL INFO Channel 16/0 : 11[3] -> 12[0] via P2P/MNNVL
node23D400692:1240:1739 [1] NCCL INFO Channel 15/0 : 9[1] -> 10[2] via P2P/MNNVL
node23D400692:1241:1741 [2] NCCL INFO Channel 13/0 : 10[2] -> 11[3] via P2P/MNNVL
node23D400692:1239:1740 [0] NCCL INFO Channel 16/0 : 8[0] -> 9[1] via P2P/MNNVL
node23D400692:1242:1742 [3] NCCL INFO Channel 17/0 : 11[3] -> 12[0] via P2P/MNNVL
node23D400692:1241:1741 [2] NCCL INFO Channel 14/0 : 10[2] -> 11[3] via P2P/MNNVL
node23D400692:1240:1739 [1] NCCL INFO Channel 16/0 : 9[1] -> 10[2] via P2P/MNNVL
node23D400692:1240:1739 [1] NCCL INFO Channel 17/0 : 9[1] -> 10[2] via P2P/MNNVL
node23D400692:1239:1740 [0] NCCL INFO Channel 17/0 : 8[0] -> 9[1] via P2P/MNNVL
node23D400692:1242:1742 [3] NCCL INFO Channel 18/0 : 11[3] -> 12[0] via P2P/MNNVL
node23D400692:1241:1741 [2] NCCL INFO Channel 15/0 : 10[2] -> 11[3] via P2P/MNNVL
node23D400692:1239:1740 [0] NCCL INFO Channel 18/0 : 8[0] -> 9[1] via P2P/MNNVL
node23D400692:1240:1739 [1] NCCL INFO Channel 18/0 : 9[1] -> 10[2] via P2P/MNNVL
node23D400692:1242:1742 [3] NCCL INFO Channel 19/0 : 11[3] -> 12[0] via P2P/MNNVL
node23D400692:1241:1741 [2] NCCL INFO Channel 16/0 : 10[2] -> 11[3] via P2P/MNNVL
node23D400692:1241:1741 [2] NCCL INFO Channel 17/0 : 10[2] -> 11[3] via P2P/MNNVL
node23D400692:1242:1742 [3] NCCL INFO Channel 20/0 : 11[3] -> 12[0] via P2P/MNNVL
node23D400692:1240:1739 [1] NCCL INFO Channel 19/0 : 9[1] -> 10[2] via P2P/MNNVL
node23D400692:1239:1740 [0] NCCL INFO Channel 19/0 : 8[0] -> 9[1] via P2P/MNNVL
node23D400692:1241:1741 [2] NCCL INFO Channel 18/0 : 10[2] -> 11[3] via P2P/MNNVL
node23D400692:1242:1742 [3] NCCL INFO Channel 21/0 : 11[3] -> 12[0] via P2P/MNNVL
node23D400692:1239:1740 [0] NCCL INFO Channel 20/0 : 8[0] -> 9[1] via P2P/MNNVL
node23D400692:1241:1741 [2] NCCL INFO Channel 19/0 : 10[2] -> 11[3] via P2P/MNNVL
node23D400692:1242:1742 [3] NCCL INFO Channel 22/0 : 11[3] -> 12[0] via P2P/MNNVL
node23D400692:1240:1739 [1] NCCL INFO Channel 20/0 : 9[1] -> 10[2] via P2P/MNNVL
node23D400692:1239:1740 [0] NCCL INFO Channel 21/0 : 8[0] -> 9[1] via P2P/MNNVL
node23D400692:1242:1742 [3] NCCL INFO Channel 23/0 : 11[3] -> 12[0] via P2P/MNNVL
node23D400692:1241:1741 [2] NCCL INFO Channel 20/0 : 10[2] -> 11[3] via P2P/MNNVL
node23D400692:1240:1739 [1] NCCL INFO Channel 21/0 : 9[1] -> 10[2] via P2P/MNNVL
node23D400692:1239:1740 [0] NCCL INFO Channel 22/0 : 8[0] -> 9[1] via P2P/MNNVL
node23D400692:1242:1742 [3] NCCL INFO Channel 24/0 : 11[3] -> 12[0] via P2P/MNNVL
node23D400692:1241:1741 [2] NCCL INFO Channel 21/0 : 10[2] -> 11[3] via P2P/MNNVL
node23D400692:1239:1740 [0] NCCL INFO Channel 23/0 : 8[0] -> 9[1] via P2P/MNNVL
node23D400692:1240:1739 [1] NCCL INFO Channel 22/0 : 9[1] -> 10[2] via P2P/MNNVL
node23D400692:1239:1740 [0] NCCL INFO Channel 24/0 : 8[0] -> 9[1] via P2P/MNNVL
node23D400692:1241:1741 [2] NCCL INFO Channel 22/0 : 10[2] -> 11[3] via P2P/MNNVL
node23D400692:1242:1742 [3] NCCL INFO Channel 25/0 : 11[3] -> 12[0] via P2P/MNNVL
node23D400692:1240:1739 [1] NCCL INFO Channel 23/0 : 9[1] -> 10[2] via P2P/MNNVL
node23D400692:1241:1741 [2] NCCL INFO Channel 23/0 : 10[2] -> 11[3] via P2P/MNNVL
node23D400692:1242:1742 [3] NCCL INFO Channel 26/0 : 11[3] -> 12[0] via P2P/MNNVL
node23D400692:1240:1739 [1] NCCL INFO Channel 24/0 : 9[1] -> 10[2] via P2P/MNNVL
node23D400692:1239:1740 [0] NCCL INFO Channel 25/0 : 8[0] -> 9[1] via P2P/MNNVL
node23D400692:1242:1742 [3] NCCL INFO Channel 27/0 : 11[3] -> 12[0] via P2P/MNNVL
node23D400692:1241:1741 [2] NCCL INFO Channel 24/0 : 10[2] -> 11[3] via P2P/MNNVL
node23D400692:1241:1741 [2] NCCL INFO Channel 25/0 : 10[2] -> 11[3] via P2P/MNNVL
node23D400692:1242:1742 [3] NCCL INFO Channel 28/0 : 11[3] -> 12[0] via P2P/MNNVL
node23D400692:1239:1740 [0] NCCL INFO Channel 26/0 : 8[0] -> 9[1] via P2P/MNNVL
node23D400692:1240:1739 [1] NCCL INFO Channel 25/0 : 9[1] -> 10[2] via P2P/MNNVL
node23D400692:1241:1741 [2] NCCL INFO Channel 26/0 : 10[2] -> 11[3] via P2P/MNNVL
node23D400692:1242:1742 [3] NCCL INFO Channel 29/0 : 11[3] -> 12[0] via P2P/MNNVL
node23D400692:1242:1742 [3] NCCL INFO Channel 30/0 : 11[3] -> 12[0] via P2P/MNNVL
node23D400692:1241:1741 [2] NCCL INFO Channel 27/0 : 10[2] -> 11[3] via P2P/MNNVL
node23D400692:1239:1740 [0] NCCL INFO Channel 27/0 : 8[0] -> 9[1] via P2P/MNNVL
node23D400692:1240:1739 [1] NCCL INFO Channel 26/0 : 9[1] -> 10[2] via P2P/MNNVL
node23D400692:1240:1739 [1] NCCL INFO Channel 27/0 : 9[1] -> 10[2] via P2P/MNNVL
node23D400692:1239:1740 [0] NCCL INFO Channel 28/0 : 8[0] -> 9[1] via P2P/MNNVL
node23D400692:1240:1739 [1] NCCL INFO Channel 28/0 : 9[1] -> 10[2] via P2P/MNNVL
node23D400692:1241:1741 [2] NCCL INFO Channel 28/0 : 10[2] -> 11[3] via P2P/MNNVL
node23D400692:1242:1742 [3] NCCL INFO Channel 31/0 : 11[3] -> 12[0] via P2P/MNNVL
node23D400692:1239:1740 [0] NCCL INFO Channel 29/0 : 8[0] -> 9[1] via P2P/MNNVL
node23D400692:1240:1739 [1] NCCL INFO Channel 29/0 : 9[1] -> 10[2] via P2P/MNNVL
node23D400692:1240:1739 [1] NCCL INFO Channel 30/0 : 9[1] -> 10[2] via P2P/MNNVL
node23D400692:1239:1740 [0] NCCL INFO Channel 30/0 : 8[0] -> 9[1] via P2P/MNNVL
node23D400692:1240:1739 [1] NCCL INFO Channel 31/0 : 9[1] -> 10[2] via P2P/MNNVL
node23D400692:1241:1741 [2] NCCL INFO Channel 29/0 : 10[2] -> 11[3] via P2P/MNNVL
node23D400692:1239:1740 [0] NCCL INFO Channel 31/0 : 8[0] -> 9[1] via P2P/MNNVL
node23D400692:1241:1741 [2] NCCL INFO Channel 30/0 : 10[2] -> 11[3] via P2P/MNNVL
node23D400692:1241:1741 [2] NCCL INFO Channel 31/0 : 10[2] -> 11[3] via P2P/MNNVL
node23D400692:1242:1742 [3] NCCL INFO Connected all rings, use ring PXN 0 GDR 1
node23D400692:1241:1741 [2] NCCL INFO Connected all rings, use ring PXN 0 GDR 1
node23D400692:1239:1740 [0] NCCL INFO Connected all rings, use ring PXN 0 GDR 1
node23D400692:1240:1739 [1] NCCL INFO Connected all rings, use ring PXN 0 GDR 1
node23D400692:1240:1240 [1] NCCL INFO Comm config Blocking set to 1
node23D400692:1242:1242 [3] NCCL INFO Comm config Blocking set to 1
node23D400692:1239:1239 [0] NCCL INFO Comm config Blocking set to 1
node23D400692:1241:1241 [2] NCCL INFO Comm config Blocking set to 1
node23D400692:1240:2111 [1] NCCL INFO Assigned NET plugin Socket to comm
node23D400692:1242:2112 [3] NCCL INFO Assigned NET plugin Socket to comm
node23D400692:1240:2111 [1] NCCL INFO Using network Socket
node23D400692:1242:2112 [3] NCCL INFO Using network Socket
node23D400692:1240:2111 [1] NCCL INFO ncclCommInitRankConfig comm 0x5ebdf9f0 rank 1 nranks 8 cudaDev 1 nvmlDev 1 busId 901000 commId 0x63147a02cc9309a2 - Init START
node23D400692:1242:2112 [3] NCCL INFO ncclCommInitRankConfig comm 0x4eea2670 rank 3 nranks 8 cudaDev 3 nvmlDev 3 busId 1901000 commId 0x63147a02cc9309a2 - Init START
node23D400692:1241:2114 [2] NCCL INFO Assigned NET plugin Socket to comm
node23D400692:1241:2114 [2] NCCL INFO Using network Socket
node23D400692:1241:2114 [2] NCCL INFO ncclCommInitRankConfig comm 0x3e1675a0 rank 2 nranks 8 cudaDev 2 nvmlDev 2 busId 1801000 commId 0x63147a02cc9309a2 - Init START
node23D400692:1239:2113 [0] NCCL INFO Assigned NET plugin Socket to comm
node23D400692:1239:2113 [0] NCCL INFO Using network Socket
node23D400692:1239:2113 [0] NCCL INFO ncclCommInitRankConfig comm 0x5e602d80 rank 0 nranks 8 cudaDev 0 nvmlDev 0 busId 801000 commId 0x63147a02cc9309a2 - Init START
node23D400692:1239:2113 [0] NCCL INFO Bootstrap timings total 0.000884 (create 0.000031, send 0.000101, recv 0.000328, ring 0.000205, delay 0.000000)
node23D400692:1240:2111 [1] NCCL INFO Bootstrap timings total 0.001682 (create 0.000039, send 0.000136, recv 0.000314, ring 0.000306, delay 0.000000)
node23D400692:1242:2112 [3] NCCL INFO Bootstrap timings total 0.001679 (create 0.000036, send 0.000134, recv 0.000483, ring 0.000851, delay 0.000000)
node23D400692:1241:2114 [2] NCCL INFO Bootstrap timings total 0.001475 (create 0.000032, send 0.000159, recv 0.000160, ring 0.000993, delay 0.000000)
node23D400692:1239:2113 [0] NCCL INFO MNNVL busId 0x801000 fabric UUID aa48724aeeaad6a8.b34b901796a1c18d cliqueId 0x7ffe state 3 healthMask 0xaa
node23D400692:1241:2114 [2] NCCL INFO MNNVL busId 0x1801000 fabric UUID aa48724aeeaad6a8.b34b901796a1c18d cliqueId 0x7ffe state 3 healthMask 0xaa
node23D400692:1240:2111 [1] NCCL INFO MNNVL busId 0x901000 fabric UUID aa48724aeeaad6a8.b34b901796a1c18d cliqueId 0x7ffe state 3 healthMask 0xaa
node23D400692:1242:2112 [3] NCCL INFO MNNVL busId 0x1901000 fabric UUID aa48724aeeaad6a8.b34b901796a1c18d cliqueId 0x7ffe state 3 healthMask 0xaa
node23D400692:1240:2111 [1] NCCL INFO MNNVL 1 cliqueId 7ffe cliqueSize 8 cliqueRank 1
node23D400692:1241:2114 [2] NCCL INFO MNNVL 1 cliqueId 7ffe cliqueSize 8 cliqueRank 2
node23D400692:1242:2112 [3] NCCL INFO MNNVL 1 cliqueId 7ffe cliqueSize 8 cliqueRank 3
node23D400692:1239:2113 [0] NCCL INFO MNNVL 1 cliqueId 7ffe cliqueSize 8 cliqueRank 0
node23D400692:1241:2114 [2] NCCL INFO Setting affinity for GPU 2 to 72-143
node23D400692:1240:2111 [1] NCCL INFO Setting affinity for GPU 1 to 0-71
node23D400692:1242:2112 [3] NCCL INFO Setting affinity for GPU 3 to 72-143
node23D400692:1239:2113 [0] NCCL INFO Setting affinity for GPU 0 to 0-71
node23D400692:1240:2111 [1] NCCL INFO comm 0x5ebdf9f0 rank 1 nRanks 8 nNodes 1 localRanks 8 localRank 1 MNNVL 1
node23D400692:1242:2112 [3] NCCL INFO comm 0x4eea2670 rank 3 nRanks 8 nNodes 1 localRanks 8 localRank 3 MNNVL 1
node23D400692:1241:2114 [2] NCCL INFO comm 0x3e1675a0 rank 2 nRanks 8 nNodes 1 localRanks 8 localRank 2 MNNVL 1
node23D400692:1239:2113 [0] NCCL INFO comm 0x5e602d80 rank 0 nRanks 8 nNodes 1 localRanks 8 localRank 0 MNNVL 1
node23D400692:1240:2111 [1] NCCL INFO Trees [0] 2/-1/-1->1->0 [1] 2/-1/-1->1->0 [2] 2/-1/-1->1->0 [3] 2/-1/-1->1->0 [4] 2/-1/-1->1->0 [5] 2/-1/-1->1->0 [6] 2/-1/-1->1->0 [7] 2/-1/-1->1->0 [8] 2/-1/-1->1->0 [9] 2/-1/-1->1->0 [10] 2/-1/-1->1->0 [11] 2/-1/-1->1->0 [12] 2/-1/-1->1->0 [13] 2/-1/-1->1->0 [14] 2/-1/-1->1->0 [15] 2/-1/-1->1->0 [16] 2/-1/-1->1->0 [17] 2/-1/-1->1->0 [18] 2/-1/-1->1->0 [19] 2/-1/-1->1->0 [20] 2/-1/-1->1->0 [21] 2/-1/-1->1->0 [22] 2/-1/-1->1->0 [23] 2/-1/-1->1->0 [24] 2/-1/-1->1->0 [25] 2/-1/-1->1->0 [26] 2/-1/-1->1->0 [27] 2/-1/-1->1->0 [28] 2/-1/-1->1->0 [29] 2/-1/-1->1->0 [30] 2/-1/-1->1->0 [31] 2/-1/-1->1->0
node23D400692:1242:2112 [3] NCCL INFO Trees [0] 4/-1/-1->3->2 [1] 4/-1/-1->3->2 [2] 4/-1/-1->3->2 [3] 4/-1/-1->3->2 [4] 4/-1/-1->3->2 [5] 4/-1/-1->3->2 [6] 4/-1/-1->3->2 [7] 4/-1/-1->3->2 [8] 4/-1/-1->3->2 [9] 4/-1/-1->3->2 [10] 4/-1/-1->3->2 [11] 4/-1/-1->3->2 [12] 4/-1/-1->3->2 [13] 4/-1/-1->3->2 [14] 4/-1/-1->3->2 [15] 4/-1/-1->3->2 [16] 4/-1/-1->3->2 [17] 4/-1/-1->3->2 [18] 4/-1/-1->3->2 [19] 4/-1/-1->3->2 [20] 4/-1/-1->3->2 [21] 4/-1/-1->3->2 [22] 4/-1/-1->3->2 [23] 4/-1/-1->3->2 [24] 4/-1/-1->3->2 [25] 4/-1/-1->3->2 [26] 4/-1/-1->3->2 [27] 4/-1/-1->3->2 [28] 4/-1/-1->3->2 [29] 4/-1/-1->3->2 [30] 4/-1/-1->3->2 [31] 4/-1/-1->3->2
node23D400692:1239:2113 [0] NCCL INFO Channel 00/32 : 0 1 2 3 4 5 6 7
node23D400692:1240:2111 [1] NCCL INFO P2P Chunksize set to 524288
node23D400692:1241:2114 [2] NCCL INFO Trees [0] 3/-1/-1->2->1 [1] 3/-1/-1->2->1 [2] 3/-1/-1->2->1 [3] 3/-1/-1->2->1 [4] 3/-1/-1->2->1 [5] 3/-1/-1->2->1 [6] 3/-1/-1->2->1 [7] 3/-1/-1->2->1 [8] 3/-1/-1->2->1 [9] 3/-1/-1->2->1 [10] 3/-1/-1->2->1 [11] 3/-1/-1->2->1 [12] 3/-1/-1->2->1 [13] 3/-1/-1->2->1 [14] 3/-1/-1->2->1 [15] 3/-1/-1->2->1 [16] 3/-1/-1->2->1 [17] 3/-1/-1->2->1 [18] 3/-1/-1->2->1 [19] 3/-1/-1->2->1 [20] 3/-1/-1->2->1 [21] 3/-1/-1->2->1 [22] 3/-1/-1->2->1 [23] 3/-1/-1->2->1 [24] 3/-1/-1->2->1 [25] 3/-1/-1->2->1 [26] 3/-1/-1->2->1 [27] 3/-1/-1->2->1 [28] 3/-1/-1->2->1 [29] 3/-1/-1->2->1 [30] 3/-1/-1->2->1 [31] 3/-1/-1->2->1
node23D400692:1242:2112 [3] NCCL INFO P2P Chunksize set to 524288
node23D400692:1239:2113 [0] NCCL INFO Channel 01/32 : 0 1 2 3 4 5 6 7
node23D400692:1241:2114 [2] NCCL INFO P2P Chunksize set to 524288
node23D400692:1239:2113 [0] NCCL INFO Channel 02/32 : 0 1 2 3 4 5 6 7
node23D400692:1239:2113 [0] NCCL INFO Channel 03/32 : 0 1 2 3 4 5 6 7
node23D400692:1239:2113 [0] NCCL INFO Channel 04/32 : 0 1 2 3 4 5 6 7
node23D400692:1239:2113 [0] NCCL INFO Channel 05/32 : 0 1 2 3 4 5 6 7
node23D400692:1239:2113 [0] NCCL INFO Channel 06/32 : 0 1 2 3 4 5 6 7
node23D400692:1239:2113 [0] NCCL INFO Channel 07/32 : 0 1 2 3 4 5 6 7
node23D400692:1239:2113 [0] NCCL INFO Channel 08/32 : 0 1 2 3 4 5 6 7
node23D400692:1239:2113 [0] NCCL INFO Channel 09/32 : 0 1 2 3 4 5 6 7
node23D400692:1239:2113 [0] NCCL INFO Channel 10/32 : 0 1 2 3 4 5 6 7
node23D400692:1239:2113 [0] NCCL INFO Channel 11/32 : 0 1 2 3 4 5 6 7
node23D400692:1239:2113 [0] NCCL INFO Channel 12/32 : 0 1 2 3 4 5 6 7
node23D400692:1239:2113 [0] NCCL INFO Channel 13/32 : 0 1 2 3 4 5 6 7
node23D400692:1239:2113 [0] NCCL INFO Channel 14/32 : 0 1 2 3 4 5 6 7
node23D400692:1239:2113 [0] NCCL INFO Channel 15/32 : 0 1 2 3 4 5 6 7
node23D400692:1239:2113 [0] NCCL INFO Channel 16/32 : 0 1 2 3 4 5 6 7
node23D400692:1239:2113 [0] NCCL INFO Channel 17/32 : 0 1 2 3 4 5 6 7
node23D400692:1239:2113 [0] NCCL INFO Channel 18/32 : 0 1 2 3 4 5 6 7
node23D400692:1239:2113 [0] NCCL INFO Channel 19/32 : 0 1 2 3 4 5 6 7
node23D400692:1239:2113 [0] NCCL INFO Channel 20/32 : 0 1 2 3 4 5 6 7
node23D400692:1239:2113 [0] NCCL INFO Channel 21/32 : 0 1 2 3 4 5 6 7
node23D400692:1239:2113 [0] NCCL INFO Channel 22/32 : 0 1 2 3 4 5 6 7
node23D400692:1239:2113 [0] NCCL INFO Channel 23/32 : 0 1 2 3 4 5 6 7
node23D400692:1239:2113 [0] NCCL INFO Channel 24/32 : 0 1 2 3 4 5 6 7
node23D400692:1239:2113 [0] NCCL INFO Channel 25/32 : 0 1 2 3 4 5 6 7
node23D400692:1239:2113 [0] NCCL INFO Channel 26/32 : 0 1 2 3 4 5 6 7
node23D400692:1239:2113 [0] NCCL INFO Channel 27/32 : 0 1 2 3 4 5 6 7
node23D400692:1239:2113 [0] NCCL INFO Channel 28/32 : 0 1 2 3 4 5 6 7
node23D400692:1239:2113 [0] NCCL INFO Channel 29/32 : 0 1 2 3 4 5 6 7
node23D400692:1239:2113 [0] NCCL INFO Channel 30/32 : 0 1 2 3 4 5 6 7
node23D400692:1239:2113 [0] NCCL INFO Channel 31/32 : 0 1 2 3 4 5 6 7
node23D400692:1239:2113 [0] NCCL INFO Trees [0] 1/-1/-1->0->-1 [1] 1/-1/-1->0->-1 [2] 1/-1/-1->0->-1 [3] 1/-1/-1->0->-1 [4] 1/-1/-1->0->-1 [5] 1/-1/-1->0->-1 [6] 1/-1/-1->0->-1 [7] 1/-1/-1->0->-1 [8] 1/-1/-1->0->-1 [9] 1/-1/-1->0->-1 [10] 1/-1/-1->0->-1 [11] 1/-1/-1->0->-1 [12] 1/-1/-1->0->-1 [13] 1/-1/-1->0->-1 [14] 1/-1/-1->0->-1 [15] 1/-1/-1->0->-1 [16] 1/-1/-1->0->-1 [17] 1/-1/-1->0->-1 [18] 1/-1/-1->0->-1 [19] 1/-1/-1->0->-1 [20] 1/-1/-1->0->-1 [21] 1/-1/-1->0->-1 [22] 1/-1/-1->0->-1 [23] 1/-1/-1->0->-1 [24] 1/-1/-1->0->-1 [25] 1/-1/-1->0->-1 [26] 1/-1/-1->0->-1 [27] 1/-1/-1->0->-1 [28] 1/-1/-1->0->-1 [29] 1/-1/-1->0->-1 [30] 1/-1/-1->0->-1 [31] 1/-1/-1->0->-1
node23D400692:1239:2113 [0] NCCL INFO P2P Chunksize set to 524288
node23D400692:1239:2113 [0] NCCL INFO Check P2P Type isAllDirectP2p 1 directMode 0
node23D400692:1240:2115 [1] NCCL INFO [Proxy Service] Device 1 CPU core 62
node23D400692:1239:2118 [0] NCCL INFO [Proxy Service] Device 0 CPU core 50
node23D400692:1240:2119 [1] NCCL INFO [Proxy Service UDS] Device 1 CPU core 63
node23D400692:1241:2117 [2] NCCL INFO [Proxy Service] Device 2 CPU core 137
node23D400692:1242:2116 [3] NCCL INFO [Proxy Service] Device 3 CPU core 143
node23D400692:1241:2122 [2] NCCL INFO [Proxy Service UDS] Device 2 CPU core 138
node23D400692:1239:2120 [0] NCCL INFO [Proxy Service UDS] Device 0 CPU core 51
node23D400692:1242:2121 [3] NCCL INFO [Proxy Service UDS] Device 3 CPU core 72
node23D400692:1240:2111 [1] NCCL INFO threadThresholds 8/8/64 | 64/8/64 | 512 | 512
node23D400692:1240:2111 [1] NCCL INFO 32 coll channels, 32 collnet channels, 0 nvls channels, 32 p2p channels, 32 p2p channels per peer
node23D400692:1239:2113 [0] NCCL INFO threadThresholds 8/8/64 | 64/8/64 | 512 | 512
node23D400692:1239:2113 [0] NCCL INFO 32 coll channels, 32 collnet channels, 0 nvls channels, 32 p2p channels, 32 p2p channels per peer
node23D400692:1242:2112 [3] NCCL INFO threadThresholds 8/8/64 | 64/8/64 | 512 | 512
node23D400692:1242:2112 [3] NCCL INFO 32 coll channels, 32 collnet channels, 0 nvls channels, 32 p2p channels, 32 p2p channels per peer
node23D400692:1239:2113 [0] NCCL INFO CC Off, workFifoBytes 1048576
node23D400692:1241:2114 [2] NCCL INFO threadThresholds 8/8/64 | 64/8/64 | 512 | 512
node23D400692:1241:2114 [2] NCCL INFO 32 coll channels, 32 collnet channels, 0 nvls channels, 32 p2p channels, 32 p2p channels per peer
node23D400692:1240:2111 [1] NCCL INFO ncclCommInitRankConfig comm 0x5ebdf9f0 rank 1 nranks 8 cudaDev 1 nvmlDev 1 busId 901000 commId 0x63147a02cc9309a2 - Init COMPLETE
node23D400692:1240:2111 [1] NCCL INFO Init timings - ncclCommInitRankConfig: rank 1 nranks 8 total 0.91 (kernels 0.00, alloc 0.00, bootstrap 0.00, allgathers 0.05, topo 0.70, graphs 0.00, connections 0.14, rest 0.02)
node23D400692:1241:2114 [2] NCCL INFO ncclCommInitRankConfig comm 0x3e1675a0 rank 2 nranks 8 cudaDev 2 nvmlDev 2 busId 1801000 commId 0x63147a02cc9309a2 - Init COMPLETE
node23D400692:1241:2114 [2] NCCL INFO Init timings - ncclCommInitRankConfig: rank 2 nranks 8 total 0.91 (kernels 0.00, alloc 0.00, bootstrap 0.00, allgathers 0.05, topo 0.70, graphs 0.00, connections 0.16, rest 0.00)
node23D400692:1239:2113 [0] NCCL INFO ncclCommInitRankConfig comm 0x5e602d80 rank 0 nranks 8 cudaDev 0 nvmlDev 0 busId 801000 commId 0x63147a02cc9309a2 - Init COMPLETE
node23D400692:1239:2113 [0] NCCL INFO Init timings - ncclCommInitRankConfig: rank 0 nranks 8 total 0.91 (kernels 0.00, alloc 0.00, bootstrap 0.00, allgathers 0.02, topo 0.72, graphs 0.00, connections 0.16, rest 0.01)
node23D400692:1242:2112 [3] NCCL INFO ncclCommInitRankConfig comm 0x4eea2670 rank 3 nranks 8 cudaDev 3 nvmlDev 3 busId 1901000 commId 0x63147a02cc9309a2 - Init COMPLETE
node23D400692:1242:2112 [3] NCCL INFO Init timings - ncclCommInitRankConfig: rank 3 nranks 8 total 0.91 (kernels 0.00, alloc 0.00, bootstrap 0.00, allgathers 0.03, topo 0.71, graphs 0.00, connections 0.16, rest 0.00)
node23D400692:1240:2123 [1] NCCL INFO Channel 00/0 : 1[1] -> 2[2] via P2P/MNNVL
node23D400692:1240:2123 [1] NCCL INFO Channel 01/0 : 1[1] -> 2[2] via P2P/MNNVL
node23D400692:1239:2124 [0] NCCL INFO Channel 00/0 : 0[0] -> 1[1] via P2P/MNNVL
node23D400692:1241:2125 [2] NCCL INFO Channel 00/0 : 2[2] -> 3[3] via P2P/MNNVL
node23D400692:1240:2123 [1] NCCL INFO Channel 02/0 : 1[1] -> 2[2] via P2P/MNNVL
node23D400692:1242:2126 [3] NCCL INFO Channel 00/0 : 3[3] -> 4[0] via P2P/MNNVL
node23D400692:1240:2123 [1] NCCL INFO Channel 03/0 : 1[1] -> 2[2] via P2P/MNNVL
node23D400692:1241:2125 [2] NCCL INFO Channel 01/0 : 2[2] -> 3[3] via P2P/MNNVL
node23D400692:1239:2124 [0] NCCL INFO Channel 01/0 : 0[0] -> 1[1] via P2P/MNNVL
node23D400692:1242:2126 [3] NCCL INFO Channel 01/0 : 3[3] -> 4[0] via P2P/MNNVL
node23D400692:1239:2124 [0] NCCL INFO Channel 02/0 : 0[0] -> 1[1] via P2P/MNNVL
node23D400692:1241:2125 [2] NCCL INFO Channel 02/0 : 2[2] -> 3[3] via P2P/MNNVL
node23D400692:1242:2126 [3] NCCL INFO Channel 02/0 : 3[3] -> 4[0] via P2P/MNNVL
node23D400692:1240:2123 [1] NCCL INFO Channel 04/0 : 1[1] -> 2[2] via P2P/MNNVL
node23D400692:1239:2124 [0] NCCL INFO Channel 03/0 : 0[0] -> 1[1] via P2P/MNNVL
node23D400692:1242:2126 [3] NCCL INFO Channel 03/0 : 3[3] -> 4[0] via P2P/MNNVL
node23D400692:1240:2123 [1] NCCL INFO Channel 05/0 : 1[1] -> 2[2] via P2P/MNNVL
node23D400692:1241:2125 [2] NCCL INFO Channel 03/0 : 2[2] -> 3[3] via P2P/MNNVL
node23D400692:1239:2124 [0] NCCL INFO Channel 04/0 : 0[0] -> 1[1] via P2P/MNNVL
node23D400692:1239:2124 [0] NCCL INFO Channel 05/0 : 0[0] -> 1[1] via P2P/MNNVL
node23D400692:1240:2123 [1] NCCL INFO Channel 06/0 : 1[1] -> 2[2] via P2P/MNNVL
node23D400692:1241:2125 [2] NCCL INFO Channel 04/0 : 2[2] -> 3[3] via P2P/MNNVL
node23D400692:1242:2126 [3] NCCL INFO Channel 04/0 : 3[3] -> 4[0] via P2P/MNNVL
node23D400692:1241:2125 [2] NCCL INFO Channel 05/0 : 2[2] -> 3[3] via P2P/MNNVL
node23D400692:1240:2123 [1] NCCL INFO Channel 07/0 : 1[1] -> 2[2] via P2P/MNNVL
node23D400692:1239:2124 [0] NCCL INFO Channel 06/0 : 0[0] -> 1[1] via P2P/MNNVL
node23D400692:1242:2126 [3] NCCL INFO Channel 05/0 : 3[3] -> 4[0] via P2P/MNNVL
node23D400692:1241:2125 [2] NCCL INFO Channel 06/0 : 2[2] -> 3[3] via P2P/MNNVL
node23D400692:1242:2126 [3] NCCL INFO Channel 06/0 : 3[3] -> 4[0] via P2P/MNNVL
node23D400692:1239:2124 [0] NCCL INFO Channel 07/0 : 0[0] -> 1[1] via P2P/MNNVL
node23D400692:1240:2123 [1] NCCL INFO Channel 08/0 : 1[1] -> 2[2] via P2P/MNNVL
node23D400692:1239:2124 [0] NCCL INFO Channel 08/0 : 0[0] -> 1[1] via P2P/MNNVL
node23D400692:1240:2123 [1] NCCL INFO Channel 09/0 : 1[1] -> 2[2] via P2P/MNNVL
node23D400692:1241:2125 [2] NCCL INFO Channel 07/0 : 2[2] -> 3[3] via P2P/MNNVL
node23D400692:1242:2126 [3] NCCL INFO Channel 07/0 : 3[3] -> 4[0] via P2P/MNNVL
node23D400692:1240:2123 [1] NCCL INFO Channel 10/0 : 1[1] -> 2[2] via P2P/MNNVL
node23D400692:1239:2124 [0] NCCL INFO Channel 09/0 : 0[0] -> 1[1] via P2P/MNNVL
node23D400692:1240:2123 [1] NCCL INFO Channel 11/0 : 1[1] -> 2[2] via P2P/MNNVL
node23D400692:1242:2126 [3] NCCL INFO Channel 08/0 : 3[3] -> 4[0] via P2P/MNNVL
node23D400692:1239:2124 [0] NCCL INFO Channel 10/0 : 0[0] -> 1[1] via P2P/MNNVL
node23D400692:1241:2125 [2] NCCL INFO Channel 08/0 : 2[2] -> 3[3] via P2P/MNNVL
node23D400692:1241:2125 [2] NCCL INFO Channel 09/0 : 2[2] -> 3[3] via P2P/MNNVL
node23D400692:1242:2126 [3] NCCL INFO Channel 09/0 : 3[3] -> 4[0] via P2P/MNNVL
node23D400692:1239:2124 [0] NCCL INFO Channel 11/0 : 0[0] -> 1[1] via P2P/MNNVL
node23D400692:1240:2123 [1] NCCL INFO Channel 12/0 : 1[1] -> 2[2] via P2P/MNNVL
node23D400692:1242:2126 [3] NCCL INFO Channel 10/0 : 3[3] -> 4[0] via P2P/MNNVL
node23D400692:1240:2123 [1] NCCL INFO Channel 13/0 : 1[1] -> 2[2] via P2P/MNNVL
node23D400692:1241:2125 [2] NCCL INFO Channel 10/0 : 2[2] -> 3[3] via P2P/MNNVL
node23D400692:1239:2124 [0] NCCL INFO Channel 12/0 : 0[0] -> 1[1] via P2P/MNNVL
node23D400692:1240:2123 [1] NCCL INFO Channel 14/0 : 1[1] -> 2[2] via P2P/MNNVL
node23D400692:1241:2125 [2] NCCL INFO Channel 11/0 : 2[2] -> 3[3] via P2P/MNNVL
node23D400692:1239:2124 [0] NCCL INFO Channel 13/0 : 0[0] -> 1[1] via P2P/MNNVL
node23D400692:1242:2126 [3] NCCL INFO Channel 11/0 : 3[3] -> 4[0] via P2P/MNNVL
node23D400692:1242:2126 [3] NCCL INFO Channel 12/0 : 3[3] -> 4[0] via P2P/MNNVL
node23D400692:1241:2125 [2] NCCL INFO Channel 12/0 : 2[2] -> 3[3] via P2P/MNNVL
node23D400692:1239:2124 [0] NCCL INFO Channel 14/0 : 0[0] -> 1[1] via P2P/MNNVL
node23D400692:1240:2123 [1] NCCL INFO Channel 15/0 : 1[1] -> 2[2] via P2P/MNNVL
node23D400692:1239:2124 [0] NCCL INFO Channel 15/0 : 0[0] -> 1[1] via P2P/MNNVL
node23D400692:1241:2125 [2] NCCL INFO Channel 13/0 : 2[2] -> 3[3] via P2P/MNNVL
node23D400692:1240:2123 [1] NCCL INFO Channel 16/0 : 1[1] -> 2[2] via P2P/MNNVL
node23D400692:1242:2126 [3] NCCL INFO Channel 13/0 : 3[3] -> 4[0] via P2P/MNNVL
node23D400692:1239:2124 [0] NCCL INFO Channel 16/0 : 0[0] -> 1[1] via P2P/MNNVL
node23D400692:1240:2123 [1] NCCL INFO Channel 17/0 : 1[1] -> 2[2] via P2P/MNNVL
node23D400692:1241:2125 [2] NCCL INFO Channel 14/0 : 2[2] -> 3[3] via P2P/MNNVL
node23D400692:1242:2126 [3] NCCL INFO Channel 14/0 : 3[3] -> 4[0] via P2P/MNNVL
node23D400692:1239:2124 [0] NCCL INFO Channel 17/0 : 0[0] -> 1[1] via P2P/MNNVL
node23D400692:1240:2123 [1] NCCL INFO Channel 18/0 : 1[1] -> 2[2] via P2P/MNNVL
node23D400692:1241:2125 [2] NCCL INFO Channel 15/0 : 2[2] -> 3[3] via P2P/MNNVL
node23D400692:1239:2124 [0] NCCL INFO Channel 18/0 : 0[0] -> 1[1] via P2P/MNNVL
node23D400692:1240:2123 [1] NCCL INFO Channel 19/0 : 1[1] -> 2[2] via P2P/MNNVL
node23D400692:1242:2126 [3] NCCL INFO Channel 15/0 : 3[3] -> 4[0] via P2P/MNNVL
node23D400692:1240:2123 [1] NCCL INFO Channel 20/0 : 1[1] -> 2[2] via P2P/MNNVL
node23D400692:1239:2124 [0] NCCL INFO Channel 19/0 : 0[0] -> 1[1] via P2P/MNNVL
node23D400692:1242:2126 [3] NCCL INFO Channel 16/0 : 3[3] -> 4[0] via P2P/MNNVL
node23D400692:1241:2125 [2] NCCL INFO Channel 16/0 : 2[2] -> 3[3] via P2P/MNNVL
node23D400692:1239:2124 [0] NCCL INFO Channel 20/0 : 0[0] -> 1[1] via P2P/MNNVL
node23D400692:1240:2123 [1] NCCL INFO Channel 21/0 : 1[1] -> 2[2] via P2P/MNNVL
node23D400692:1241:2125 [2] NCCL INFO Channel 17/0 : 2[2] -> 3[3] via P2P/MNNVL
node23D400692:1242:2126 [3] NCCL INFO Channel 17/0 : 3[3] -> 4[0] via P2P/MNNVL
node23D400692:1239:2124 [0] NCCL INFO Channel 21/0 : 0[0] -> 1[1] via P2P/MNNVL
node23D400692:1240:2123 [1] NCCL INFO Channel 22/0 : 1[1] -> 2[2] via P2P/MNNVL
node23D400692:1240:2123 [1] NCCL INFO Channel 23/0 : 1[1] -> 2[2] via P2P/MNNVL
node23D400692:1239:2124 [0] NCCL INFO Channel 22/0 : 0[0] -> 1[1] via P2P/MNNVL
node23D400692:1242:2126 [3] NCCL INFO Channel 18/0 : 3[3] -> 4[0] via P2P/MNNVL
node23D400692:1241:2125 [2] NCCL INFO Channel 18/0 : 2[2] -> 3[3] via P2P/MNNVL
node23D400692:1242:2126 [3] NCCL INFO Channel 19/0 : 3[3] -> 4[0] via P2P/MNNVL
