W1115 13:50:04.081000 1174 torch/distributed/run.py:766] 
W1115 13:50:04.081000 1174 torch/distributed/run.py:766] *****************************************
W1115 13:50:04.081000 1174 torch/distributed/run.py:766] Setting OMP_NUM_THREADS environment variable for each process to be 1 in default, to avoid your system being overloaded, please further tune the variable for optimal performance in your application as needed. 
W1115 13:50:04.081000 1174 torch/distributed/run.py:766] *****************************************
[Gloo] Rank [Gloo] Rank [Gloo] Rank 111 is connected to  is connected to  is connected to 111 peer ranks.  peer ranks.  peer ranks. Expected number of connected peer ranks is : Expected number of connected peer ranks is : Expected number of connected peer ranks is : 111


[Gloo] Rank 1 is connected to 1 peer ranks. Expected number of connected peer ranks is : 1
[Gloo] Rank 0 is connected to 0 peer ranks. [Gloo] Rank Expected number of connected peer ranks is : 00 is connected to 
0 peer ranks. Expected number of connected peer ranks is : 0
[Gloo] Rank 0 is connected to 0 peer ranks. Expected number of connected peer ranks is : 0
[Gloo] Rank 0 is connected to 0 peer ranks. Expected number of connected peer ranks is : 0
[Gloo] Rank 1 is connected to 1 peer ranks. Expected number of connected peer ranks is : 1
[Gloo] Rank 1 is connected to 1 peer ranks. Expected number of connected peer ranks is : 1
[Gloo] Rank 1 is connected to 1 peer ranks. Expected number of connected peer ranks is : 1
[Gloo] Rank 1 is connected to 1 peer ranks. Expected number of connected peer ranks is : 1
[rank13]:[W1115 13:50:47.304953482 ProcessGroupNCCL.cpp:4789] [PG ID 0 PG GUID 0 Rank 13]  using GPU 1 as device used by this process is currently unknown. This can potentially cause a hang if this rank to GPU mapping is incorrect. You can specify device_id in init_process_group() to force use of a particular device.
[rank14]:[W1115 13:50:47.304953226 ProcessGroupNCCL.cpp:4789] [PG ID 0 PG GUID 0 Rank 14]  using GPU 2 as device used by this process is currently unknown. This can potentially cause a hang if this rank to GPU mapping is incorrect. You can specify device_id in init_process_group() to force use of a particular device.
[rank15]:[W1115 13:50:47.306941540 ProcessGroupNCCL.cpp:4789] [PG ID 0 PG GUID 0 Rank 15]  using GPU 3 as device used by this process is currently unknown. This can potentially cause a hang if this rank to GPU mapping is incorrect. You can specify device_id in init_process_group() to force use of a particular device.
node23D400680:1240:1240 [1] NCCL INFO cudaDriverVersion 12080
node23D400680:1240:1240 [1] NCCL INFO Bootstrap: Using enP5p9s0:10.192.23.156<0>
node23D400680:1240:1240 [1] NCCL INFO NCCL version 2.27.3+cuda12.9
node23D400680:1240:1240 [1] NCCL INFO Comm config Blocking set to 1
node23D400680:1242:1242 [3] NCCL INFO cudaDriverVersion 12080
node23D400680:1241:1241 [2] NCCL INFO cudaDriverVersion 12080
node23D400680:1242:1242 [3] NCCL INFO Bootstrap: Using enP5p9s0:10.192.23.156<0>
node23D400680:1242:1242 [3] NCCL INFO NCCL version 2.27.3+cuda12.9
node23D400680:1242:1242 [3] NCCL INFO Comm config Blocking set to 1
node23D400680:1241:1241 [2] NCCL INFO Bootstrap: Using enP5p9s0:10.192.23.156<0>
node23D400680:1241:1241 [2] NCCL INFO NCCL version 2.27.3+cuda12.9
node23D400680:1241:1241 [2] NCCL INFO Comm config Blocking set to 1
[rank12]:[W1115 13:50:47.705639289 ProcessGroupNCCL.cpp:4789] [PG ID 0 PG GUID 0 Rank 12]  using GPU 0 as device used by this process is currently unknown. This can potentially cause a hang if this rank to GPU mapping is incorrect. You can specify device_id in init_process_group() to force use of a particular device.
node23D400680:1239:1239 [0] NCCL INFO cudaDriverVersion 12080
node23D400680:1239:1239 [0] NCCL INFO Bootstrap: Using enP5p9s0:10.192.23.156<0>
node23D400680:1239:1239 [0] NCCL INFO NCCL version 2.27.3+cuda12.9
node23D400680:1239:1239 [0] NCCL INFO Comm config Blocking set to 1
node23D400680:1240:1723 [1] NCCL INFO NET/Plugin: Plugin name set by env to libnccl-net.so
node23D400680:1240:1723 [1] NCCL INFO NET/Plugin: Loaded net plugin NCCL RDMA Plugin v10 (v10)
node23D400680:1240:1723 [1] NCCL INFO NET/Plugin: Loaded collnet plugin NCCL RDMA Plugin v10 (v10)
node23D400680:1240:1723 [1] NCCL INFO Successfully loaded external plugin libnccl-net.so
node23D400680:1240:1723 [1] NCCL INFO Plugin Path : /opt/hpcx/nccl_rdma_sharp_plugin/lib/libnccl-net.so
node23D400680:1240:1723 [1] NCCL INFO P2P plugin v10 IBext_v10
node23D400680:1242:1724 [3] NCCL INFO NET/Plugin: Plugin name set by env to libnccl-net.so
node23D400680:1242:1724 [3] NCCL INFO NET/Plugin: Loaded net plugin NCCL RDMA Plugin v10 (v10)
node23D400680:1242:1724 [3] NCCL INFO NET/Plugin: Loaded collnet plugin NCCL RDMA Plugin v10 (v10)
node23D400680:1242:1724 [3] NCCL INFO Successfully loaded external plugin libnccl-net.so
node23D400680:1242:1724 [3] NCCL INFO Plugin Path : /opt/hpcx/nccl_rdma_sharp_plugin/lib/libnccl-net.so
node23D400680:1242:1724 [3] NCCL INFO P2P plugin v10 IBext_v10
node23D400680:1241:1725 [2] NCCL INFO NET/Plugin: Plugin name set by env to libnccl-net.so
node23D400680:1241:1725 [2] NCCL INFO NET/Plugin: Loaded net plugin NCCL RDMA Plugin v10 (v10)
node23D400680:1241:1725 [2] NCCL INFO NET/Plugin: Loaded collnet plugin NCCL RDMA Plugin v10 (v10)
node23D400680:1241:1725 [2] NCCL INFO Successfully loaded external plugin libnccl-net.so
node23D400680:1241:1725 [2] NCCL INFO Plugin Path : /opt/hpcx/nccl_rdma_sharp_plugin/lib/libnccl-net.so
node23D400680:1241:1725 [2] NCCL INFO P2P plugin v10 IBext_v10
node23D400680:1239:1726 [0] NCCL INFO NET/Plugin: Plugin name set by env to libnccl-net.so
node23D400680:1239:1726 [0] NCCL INFO NET/Plugin: Loaded net plugin NCCL RDMA Plugin v10 (v10)
node23D400680:1239:1726 [0] NCCL INFO NET/Plugin: Loaded collnet plugin NCCL RDMA Plugin v10 (v10)
node23D400680:1239:1726 [0] NCCL INFO Successfully loaded external plugin libnccl-net.so
node23D400680:1239:1726 [0] NCCL INFO Plugin Path : /opt/hpcx/nccl_rdma_sharp_plugin/lib/libnccl-net.so
node23D400680:1239:1726 [0] NCCL INFO P2P plugin v10 IBext_v10
node23D400680:1241:1725 [2] NCCL INFO NET/IB : No device found.
node23D400680:1241:1725 [2] NCCL INFO NET/IB : Using [RO]; OOB enP5p9s0:10.192.23.156<0>
node23D400680:1242:1724 [3] NCCL INFO NET/IB : No device found.
node23D400680:1240:1723 [1] NCCL INFO NET/IB : No device found.
node23D400680:1242:1724 [3] NCCL INFO NET/IB : Using [RO]; OOB enP5p9s0:10.192.23.156<0>
node23D400680:1240:1723 [1] NCCL INFO NET/IB : Using [RO]; OOB enP5p9s0:10.192.23.156<0>
node23D400680:1239:1726 [0] NCCL INFO NET/IB : No device found.
node23D400680:1239:1726 [0] NCCL INFO NET/IB : Using [RO]; OOB enP5p9s0:10.192.23.156<0>
node23D400680:1241:1725 [2] NCCL INFO NET/IB : No device found.
node23D400680:1241:1725 [2] NCCL INFO NET/IB : Using [RO]; OOB enP5p9s0:10.192.23.156<0>
node23D400680:1241:1725 [2] NCCL INFO NET/Socket : Using [0]enP5p9s0:10.192.23.156<0>
node23D400680:1241:1725 [2] NCCL INFO Initialized NET plugin Socket
node23D400680:1241:1725 [2] NCCL INFO Assigned NET plugin Socket to comm
node23D400680:1241:1725 [2] NCCL INFO Using network Socket
node23D400680:1240:1723 [1] NCCL INFO NET/IB : No device found.
node23D400680:1240:1723 [1] NCCL INFO NET/IB : Using [RO]; OOB enP5p9s0:10.192.23.156<0>
node23D400680:1240:1723 [1] NCCL INFO NET/Socket : Using [0]enP5p9s0:10.192.23.156<0>
node23D400680:1240:1723 [1] NCCL INFO Initialized NET plugin Socket
node23D400680:1240:1723 [1] NCCL INFO Assigned NET plugin Socket to comm
node23D400680:1240:1723 [1] NCCL INFO Using network Socket
node23D400680:1242:1724 [3] NCCL INFO NET/IB : No device found.
node23D400680:1242:1724 [3] NCCL INFO NET/IB : Using [RO]; OOB enP5p9s0:10.192.23.156<0>
node23D400680:1242:1724 [3] NCCL INFO NET/Socket : Using [0]enP5p9s0:10.192.23.156<0>
node23D400680:1242:1724 [3] NCCL INFO Initialized NET plugin Socket
node23D400680:1242:1724 [3] NCCL INFO Assigned NET plugin Socket to comm
node23D400680:1242:1724 [3] NCCL INFO Using network Socket
node23D400680:1239:1726 [0] NCCL INFO NET/IB : No device found.
node23D400680:1239:1726 [0] NCCL INFO NET/IB : Using [RO]; OOB enP5p9s0:10.192.23.156<0>
node23D400680:1239:1726 [0] NCCL INFO NET/Socket : Using [0]enP5p9s0:10.192.23.156<0>
node23D400680:1239:1726 [0] NCCL INFO Initialized NET plugin Socket
node23D400680:1239:1726 [0] NCCL INFO Assigned NET plugin Socket to comm
node23D400680:1239:1726 [0] NCCL INFO Using network Socket
node23D400680:1241:1725 [2] NCCL INFO ncclCommInitRankConfig comm 0x376992a0 rank 14 nranks 64 cudaDev 2 nvmlDev 2 busId 1801000 commId 0xd0f8a826c702c9c7 - Init START
node23D400680:1240:1723 [1] NCCL INFO ncclCommInitRankConfig comm 0x2c092ba0 rank 13 nranks 64 cudaDev 1 nvmlDev 1 busId 901000 commId 0xd0f8a826c702c9c7 - Init START
node23D400680:1239:1726 [0] NCCL INFO ncclCommInitRankConfig comm 0x33f34e60 rank 12 nranks 64 cudaDev 0 nvmlDev 0 busId 801000 commId 0xd0f8a826c702c9c7 - Init START
node23D400680:1242:1724 [3] NCCL INFO ncclCommInitRankConfig comm 0x276ebcd0 rank 15 nranks 64 cudaDev 3 nvmlDev 3 busId 1901000 commId 0xd0f8a826c702c9c7 - Init START
node23D400680:1240:1723 [1] NCCL INFO RAS client listening socket at 127.0.0.1<28028>
node23D400680:1241:1725 [2] NCCL INFO RAS client listening socket at 127.0.0.1<28028>
node23D400680:1239:1726 [0] NCCL INFO RAS client listening socket at 127.0.0.1<28028>
node23D400680:1242:1724 [3] NCCL INFO RAS client listening socket at 127.0.0.1<28028>
node23D400680:1241:1725 [2] NCCL INFO Bootstrap timings total 0.068879 (create 0.000046, send 0.000169, recv 0.004661, ring 0.063473, delay 0.000000)
node23D400680:1239:1726 [0] NCCL INFO Bootstrap timings total 0.064545 (create 0.000029, send 0.000111, recv 0.000537, ring 0.063198, delay 0.000000)
node23D400680:1242:1724 [3] NCCL INFO Bootstrap timings total 0.064538 (create 0.000032, send 0.000129, recv 0.056350, ring 0.007732, delay 0.000000)
node23D400680:1240:1723 [1] NCCL INFO Bootstrap timings total 0.064560 (create 0.000034, send 0.000156, recv 0.000565, ring 0.063473, delay 0.000000)
node23D400680:1240:1723 [1] NCCL INFO MNNVL busId 0x901000 fabric UUID aa48724aeeaad6a8.b34b901796a1c18d cliqueId 0x7ffe state 3 healthMask 0xaa
node23D400680:1239:1726 [0] NCCL INFO MNNVL busId 0x801000 fabric UUID aa48724aeeaad6a8.b34b901796a1c18d cliqueId 0x7ffe state 3 healthMask 0xaa
node23D400680:1242:1724 [3] NCCL INFO MNNVL busId 0x1901000 fabric UUID aa48724aeeaad6a8.b34b901796a1c18d cliqueId 0x7ffe state 3 healthMask 0xaa
node23D400680:1241:1725 [2] NCCL INFO MNNVL busId 0x1801000 fabric UUID aa48724aeeaad6a8.b34b901796a1c18d cliqueId 0x7ffe state 3 healthMask 0xaa
node23D400680:1239:1726 [0] NCCL INFO MNNVL 1 cliqueId 7ffe cliqueSize 64 cliqueRank 12
node23D400680:1240:1723 [1] NCCL INFO MNNVL 1 cliqueId 7ffe cliqueSize 64 cliqueRank 13
node23D400680:1242:1724 [3] NCCL INFO MNNVL 1 cliqueId 7ffe cliqueSize 64 cliqueRank 15
node23D400680:1241:1725 [2] NCCL INFO MNNVL 1 cliqueId 7ffe cliqueSize 64 cliqueRank 14
node23D400680:1242:1724 [3] NCCL INFO Setting affinity for GPU 3 to 72-143
node23D400680:1242:1724 [3] NCCL INFO NCCL_NVLS_ENABLE set by environment to 0.
node23D400680:1240:1723 [1] NCCL INFO Setting affinity for GPU 1 to 0-71
node23D400680:1240:1723 [1] NCCL INFO NCCL_NVLS_ENABLE set by environment to 0.
node23D400680:1241:1725 [2] NCCL INFO Setting affinity for GPU 2 to 72-143
node23D400680:1241:1725 [2] NCCL INFO NCCL_NVLS_ENABLE set by environment to 0.
node23D400680:1239:1726 [0] NCCL INFO Setting affinity for GPU 0 to 0-71
node23D400680:1239:1726 [0] NCCL INFO NCCL_NVLS_ENABLE set by environment to 0.
node23D400680:1241:1725 [2] NCCL INFO comm 0x376992a0 rank 14 nRanks 64 nNodes 1 localRanks 64 localRank 14 MNNVL 1
node23D400680:1240:1723 [1] NCCL INFO comm 0x2c092ba0 rank 13 nRanks 64 nNodes 1 localRanks 64 localRank 13 MNNVL 1
node23D400680:1242:1724 [3] NCCL INFO comm 0x276ebcd0 rank 15 nRanks 64 nNodes 1 localRanks 64 localRank 15 MNNVL 1
node23D400680:1241:1725 [2] NCCL INFO Trees [0] 15/-1/-1->14->13 [1] 15/-1/-1->14->13 [2] 15/-1/-1->14->13 [3] 15/-1/-1->14->13 [4] 15/-1/-1->14->13 [5] 15/-1/-1->14->13 [6] 15/-1/-1->14->13 [7] 15/-1/-1->14->13 [8] 15/-1/-1->14->13 [9] 15/-1/-1->14->13 [10] 15/-1/-1->14->13 [11] 15/-1/-1->14->13 [12] 15/-1/-1->14->13 [13] 15/-1/-1->14->13 [14] 15/-1/-1->14->13 [15] 15/-1/-1->14->13 [16] 15/-1/-1->14->13 [17] 15/-1/-1->14->13 [18] 15/-1/-1->14->13 [19] 15/-1/-1->14->13 [20] 15/-1/-1->14->13 [21] 15/-1/-1->14->13 [22] 15/-1/-1->14->13 [23] 15/-1/-1->14->13 [24] 15/-1/-1->14->13 [25] 15/-1/-1->14->13 [26] 15/-1/-1->14->13 [27] 15/-1/-1->14->13 [28] 15/-1/-1->14->13 [29] 15/-1/-1->14->13 [30] 15/-1/-1->14->13 [31] 15/-1/-1->14->13
node23D400680:1241:1725 [2] NCCL INFO P2P Chunksize set to 524288
node23D400680:1240:1723 [1] NCCL INFO Trees [0] 14/-1/-1->13->12 [1] 14/-1/-1->13->12 [2] 14/-1/-1->13->12 [3] 14/-1/-1->13->12 [4] 14/-1/-1->13->12 [5] 14/-1/-1->13->12 [6] 14/-1/-1->13->12 [7] 14/-1/-1->13->12 [8] 14/-1/-1->13->12 [9] 14/-1/-1->13->12 [10] 14/-1/-1->13->12 [11] 14/-1/-1->13->12 [12] 14/-1/-1->13->12 [13] 14/-1/-1->13->12 [14] 14/-1/-1->13->12 [15] 14/-1/-1->13->12 [16] 14/-1/-1->13->12 [17] 14/-1/-1->13->12 [18] 14/-1/-1->13->12 [19] 14/-1/-1->13->12 [20] 14/-1/-1->13->12 [21] 14/-1/-1->13->12 [22] 14/-1/-1->13->12 [23] 14/-1/-1->13->12 [24] 14/-1/-1->13->12 [25] 14/-1/-1->13->12 [26] 14/-1/-1->13->12 [27] 14/-1/-1->13->12 [28] 14/-1/-1->13->12 [29] 14/-1/-1->13->12 [30] 14/-1/-1->13->12 [31] 14/-1/-1->13->12
node23D400680:1240:1723 [1] NCCL INFO P2P Chunksize set to 524288
node23D400680:1239:1726 [0] NCCL INFO comm 0x33f34e60 rank 12 nRanks 64 nNodes 1 localRanks 64 localRank 12 MNNVL 1
node23D400680:1242:1724 [3] NCCL INFO Trees [0] 16/-1/-1->15->14 [1] 16/-1/-1->15->14 [2] 16/-1/-1->15->14 [3] 16/-1/-1->15->14 [4] 16/-1/-1->15->14 [5] 16/-1/-1->15->14 [6] 16/-1/-1->15->14 [7] 16/-1/-1->15->14 [8] 16/-1/-1->15->14 [9] 16/-1/-1->15->14 [10] 16/-1/-1->15->14 [11] 16/-1/-1->15->14 [12] 16/-1/-1->15->14 [13] 16/-1/-1->15->14 [14] 16/-1/-1->15->14 [15] 16/-1/-1->15->14 [16] 16/-1/-1->15->14 [17] 16/-1/-1->15->14 [18] 16/-1/-1->15->14 [19] 16/-1/-1->15->14 [20] 16/-1/-1->15->14 [21] 16/-1/-1->15->14 [22] 16/-1/-1->15->14 [23] 16/-1/-1->15->14 [24] 16/-1/-1->15->14 [25] 16/-1/-1->15->14 [26] 16/-1/-1->15->14 [27] 16/-1/-1->15->14 [28] 16/-1/-1->15->14 [29] 16/-1/-1->15->14 [30] 16/-1/-1->15->14 [31] 16/-1/-1->15->14
node23D400680:1242:1724 [3] NCCL INFO P2P Chunksize set to 524288
node23D400680:1239:1726 [0] NCCL INFO Trees [0] 13/-1/-1->12->11 [1] 13/-1/-1->12->11 [2] 13/-1/-1->12->11 [3] 13/-1/-1->12->11 [4] 13/-1/-1->12->11 [5] 13/-1/-1->12->11 [6] 13/-1/-1->12->11 [7] 13/-1/-1->12->11 [8] 13/-1/-1->12->11 [9] 13/-1/-1->12->11 [10] 13/-1/-1->12->11 [11] 13/-1/-1->12->11 [12] 13/-1/-1->12->11 [13] 13/-1/-1->12->11 [14] 13/-1/-1->12->11 [15] 13/-1/-1->12->11 [16] 13/-1/-1->12->11 [17] 13/-1/-1->12->11 [18] 13/-1/-1->12->11 [19] 13/-1/-1->12->11 [20] 13/-1/-1->12->11 [21] 13/-1/-1->12->11 [22] 13/-1/-1->12->11 [23] 13/-1/-1->12->11 [24] 13/-1/-1->12->11 [25] 13/-1/-1->12->11 [26] 13/-1/-1->12->11 [27] 13/-1/-1->12->11 [28] 13/-1/-1->12->11 [29] 13/-1/-1->12->11 [30] 13/-1/-1->12->11 [31] 13/-1/-1->12->11
node23D400680:1239:1726 [0] NCCL INFO P2P Chunksize set to 524288
node23D400680:1240:1723 [1] NCCL INFO PROFILER/Plugin: Could not find: libnccl-profiler.so. 
node23D400680:1241:1725 [2] NCCL INFO PROFILER/Plugin: Could not find: libnccl-profiler.so. 
node23D400680:1240:1732 [1] NCCL INFO [Proxy Service UDS] Device 1 CPU core 51
node23D400680:1239:1726 [0] NCCL INFO PROFILER/Plugin: Could not find: libnccl-profiler.so. 
node23D400680:1240:1731 [1] NCCL INFO [Proxy Service] Device 1 CPU core 50
node23D400680:1241:1733 [2] NCCL INFO [Proxy Service] Device 2 CPU core 127
node23D400680:1241:1734 [2] NCCL INFO [Proxy Service UDS] Device 2 CPU core 128
node23D400680:1239:1735 [0] NCCL INFO [Proxy Service] Device 0 CPU core 19
node23D400680:1239:1736 [0] NCCL INFO [Proxy Service UDS] Device 0 CPU core 20
node23D400680:1242:1724 [3] NCCL INFO PROFILER/Plugin: Could not find: libnccl-profiler.so. 
node23D400680:1242:1737 [3] NCCL INFO [Proxy Service] Device 3 CPU core 79
node23D400680:1242:1738 [3] NCCL INFO [Proxy Service UDS] Device 3 CPU core 80
node23D400680:1239:1726 [0] NCCL INFO threadThresholds 8/8/64 | 512/8/64 | 512 | 512
node23D400680:1239:1726 [0] NCCL INFO 32 coll channels, 32 collnet channels, 0 nvls channels, 32 p2p channels, 32 p2p channels per peer
node23D400680:1240:1723 [1] NCCL INFO threadThresholds 8/8/64 | 512/8/64 | 512 | 512
node23D400680:1240:1723 [1] NCCL INFO 32 coll channels, 32 collnet channels, 0 nvls channels, 32 p2p channels, 32 p2p channels per peer
node23D400680:1241:1725 [2] NCCL INFO threadThresholds 8/8/64 | 512/8/64 | 512 | 512
node23D400680:1241:1725 [2] NCCL INFO 32 coll channels, 32 collnet channels, 0 nvls channels, 32 p2p channels, 32 p2p channels per peer
node23D400680:1242:1724 [3] NCCL INFO threadThresholds 8/8/64 | 512/8/64 | 512 | 512
node23D400680:1242:1724 [3] NCCL INFO 32 coll channels, 32 collnet channels, 0 nvls channels, 32 p2p channels, 32 p2p channels per peer
node23D400680:1239:1726 [0] NCCL INFO TUNER/Plugin: Could not find: libnccl-tuner.so. Using internal tuner plugin.
node23D400680:1240:1723 [1] NCCL INFO TUNER/Plugin: Could not find: libnccl-tuner.so. Using internal tuner plugin.
node23D400680:1239:1726 [0] NCCL INFO TUNER/Plugin: Failed to find ncclTunerPlugin_v4 symbol.
node23D400680:1240:1723 [1] NCCL INFO TUNER/Plugin: Failed to find ncclTunerPlugin_v4 symbol.
node23D400680:1239:1726 [0] NCCL INFO TUNER/Plugin: Failed to find ncclTunerPlugin_v3 symbol.
node23D400680:1240:1723 [1] NCCL INFO TUNER/Plugin: Failed to find ncclTunerPlugin_v3 symbol.
node23D400680:1239:1726 [0] NCCL INFO TUNER/Plugin: Failed to find ncclTunerPlugin_v2 symbol, using internal tuner instead.
node23D400680:1240:1723 [1] NCCL INFO TUNER/Plugin: Failed to find ncclTunerPlugin_v2 symbol, using internal tuner instead.
node23D400680:1239:1726 [0] NCCL INFO ncclCommInitRankConfig comm 0x33f34e60 rank 12 nranks 64 cudaDev 0 nvmlDev 0 busId 801000 commId 0xd0f8a826c702c9c7 - Init COMPLETE
node23D400680:1240:1723 [1] NCCL INFO ncclCommInitRankConfig comm 0x2c092ba0 rank 13 nranks 64 cudaDev 1 nvmlDev 1 busId 901000 commId 0xd0f8a826c702c9c7 - Init COMPLETE
node23D400680:1239:1726 [0] NCCL INFO Init timings - ncclCommInitRankConfig: rank 12 nranks 64 total 2.65 (kernels 0.08, alloc 0.16, bootstrap 0.06, allgathers 0.04, topo 2.08, graphs 0.04, connections 0.15, rest 0.02)
node23D400680:1240:1723 [1] NCCL INFO Init timings - ncclCommInitRankConfig: rank 13 nranks 64 total 2.87 (kernels 0.23, alloc 0.24, bootstrap 0.06, allgathers 0.06, topo 2.06, graphs 0.04, connections 0.16, rest 0.01)
node23D400680:1242:1724 [3] NCCL INFO TUNER/Plugin: Could not find: libnccl-tuner.so. Using internal tuner plugin.
node23D400680:1242:1724 [3] NCCL INFO TUNER/Plugin: Failed to find ncclTunerPlugin_v4 symbol.
node23D400680:1242:1724 [3] NCCL INFO TUNER/Plugin: Failed to find ncclTunerPlugin_v3 symbol.
node23D400680:1242:1724 [3] NCCL INFO TUNER/Plugin: Failed to find ncclTunerPlugin_v2 symbol, using internal tuner instead.
node23D400680:1242:1724 [3] NCCL INFO ncclCommInitRankConfig comm 0x276ebcd0 rank 15 nranks 64 cudaDev 3 nvmlDev 3 busId 1901000 commId 0xd0f8a826c702c9c7 - Init COMPLETE
node23D400680:1242:1724 [3] NCCL INFO Init timings - ncclCommInitRankConfig: rank 15 nranks 64 total 2.86 (kernels 0.22, alloc 0.24, bootstrap 0.06, allgathers 0.07, topo 2.05, graphs 0.04, connections 0.15, rest 0.01)
node23D400680:1241:1725 [2] NCCL INFO TUNER/Plugin: Could not find: libnccl-tuner.so. Using internal tuner plugin.
node23D400680:1241:1725 [2] NCCL INFO TUNER/Plugin: Failed to find ncclTunerPlugin_v4 symbol.
node23D400680:1241:1725 [2] NCCL INFO TUNER/Plugin: Failed to find ncclTunerPlugin_v3 symbol.
node23D400680:1241:1725 [2] NCCL INFO TUNER/Plugin: Failed to find ncclTunerPlugin_v2 symbol, using internal tuner instead.
node23D400680:1241:1725 [2] NCCL INFO ncclCommInitRankConfig comm 0x376992a0 rank 14 nranks 64 cudaDev 2 nvmlDev 2 busId 1801000 commId 0xd0f8a826c702c9c7 - Init COMPLETE
node23D400680:1241:1725 [2] NCCL INFO Init timings - ncclCommInitRankConfig: rank 14 nranks 64 total 2.86 (kernels 0.22, alloc 0.23, bootstrap 0.07, allgathers 0.06, topo 2.06, graphs 0.04, connections 0.16, rest 0.01)
node23D400680:1240:1739 [1] NCCL INFO Channel 00/0 : 13[1] -> 14[2] via P2P/MNNVL
node23D400680:1240:1739 [1] NCCL INFO Channel 01/0 : 13[1] -> 14[2] via P2P/MNNVL
node23D400680:1240:1739 [1] NCCL INFO Channel 02/0 : 13[1] -> 14[2] via P2P/MNNVL
node23D400680:1239:1741 [0] NCCL INFO Channel 00/0 : 12[0] -> 13[1] via P2P/MNNVL
node23D400680:1240:1739 [1] NCCL INFO Channel 03/0 : 13[1] -> 14[2] via P2P/MNNVL
node23D400680:1239:1741 [0] NCCL INFO Channel 01/0 : 12[0] -> 13[1] via P2P/MNNVL
node23D400680:1240:1739 [1] NCCL INFO Channel 04/0 : 13[1] -> 14[2] via P2P/MNNVL
node23D400680:1242:1742 [3] NCCL INFO Channel 00/0 : 15[3] -> 16[0] via P2P/MNNVL
node23D400680:1241:1740 [2] NCCL INFO Channel 00/0 : 14[2] -> 15[3] via P2P/MNNVL
node23D400680:1241:1740 [2] NCCL INFO Channel 01/0 : 14[2] -> 15[3] via P2P/MNNVL
node23D400680:1240:1739 [1] NCCL INFO Channel 05/0 : 13[1] -> 14[2] via P2P/MNNVL
node23D400680:1242:1742 [3] NCCL INFO Channel 01/0 : 15[3] -> 16[0] via P2P/MNNVL
node23D400680:1239:1741 [0] NCCL INFO Channel 02/0 : 12[0] -> 13[1] via P2P/MNNVL
node23D400680:1240:1739 [1] NCCL INFO Channel 06/0 : 13[1] -> 14[2] via P2P/MNNVL
node23D400680:1241:1740 [2] NCCL INFO Channel 02/0 : 14[2] -> 15[3] via P2P/MNNVL
node23D400680:1242:1742 [3] NCCL INFO Channel 02/0 : 15[3] -> 16[0] via P2P/MNNVL
node23D400680:1239:1741 [0] NCCL INFO Channel 03/0 : 12[0] -> 13[1] via P2P/MNNVL
node23D400680:1240:1739 [1] NCCL INFO Channel 07/0 : 13[1] -> 14[2] via P2P/MNNVL
node23D400680:1242:1742 [3] NCCL INFO Channel 03/0 : 15[3] -> 16[0] via P2P/MNNVL
node23D400680:1241:1740 [2] NCCL INFO Channel 03/0 : 14[2] -> 15[3] via P2P/MNNVL
node23D400680:1241:1740 [2] NCCL INFO Channel 04/0 : 14[2] -> 15[3] via P2P/MNNVL
node23D400680:1242:1742 [3] NCCL INFO Channel 04/0 : 15[3] -> 16[0] via P2P/MNNVL
node23D400680:1240:1739 [1] NCCL INFO Channel 08/0 : 13[1] -> 14[2] via P2P/MNNVL
node23D400680:1239:1741 [0] NCCL INFO Channel 04/0 : 12[0] -> 13[1] via P2P/MNNVL
node23D400680:1240:1739 [1] NCCL INFO Channel 09/0 : 13[1] -> 14[2] via P2P/MNNVL
node23D400680:1239:1741 [0] NCCL INFO Channel 05/0 : 12[0] -> 13[1] via P2P/MNNVL
node23D400680:1241:1740 [2] NCCL INFO Channel 05/0 : 14[2] -> 15[3] via P2P/MNNVL
node23D400680:1242:1742 [3] NCCL INFO Channel 05/0 : 15[3] -> 16[0] via P2P/MNNVL
node23D400680:1242:1742 [3] NCCL INFO Channel 06/0 : 15[3] -> 16[0] via P2P/MNNVL
node23D400680:1239:1741 [0] NCCL INFO Channel 06/0 : 12[0] -> 13[1] via P2P/MNNVL
node23D400680:1241:1740 [2] NCCL INFO Channel 06/0 : 14[2] -> 15[3] via P2P/MNNVL
node23D400680:1240:1739 [1] NCCL INFO Channel 10/0 : 13[1] -> 14[2] via P2P/MNNVL
node23D400680:1242:1742 [3] NCCL INFO Channel 07/0 : 15[3] -> 16[0] via P2P/MNNVL
node23D400680:1240:1739 [1] NCCL INFO Channel 11/0 : 13[1] -> 14[2] via P2P/MNNVL
node23D400680:1239:1741 [0] NCCL INFO Channel 07/0 : 12[0] -> 13[1] via P2P/MNNVL
node23D400680:1241:1740 [2] NCCL INFO Channel 07/0 : 14[2] -> 15[3] via P2P/MNNVL
node23D400680:1242:1742 [3] NCCL INFO Channel 08/0 : 15[3] -> 16[0] via P2P/MNNVL
node23D400680:1241:1740 [2] NCCL INFO Channel 08/0 : 14[2] -> 15[3] via P2P/MNNVL
node23D400680:1239:1741 [0] NCCL INFO Channel 08/0 : 12[0] -> 13[1] via P2P/MNNVL
node23D400680:1240:1739 [1] NCCL INFO Channel 12/0 : 13[1] -> 14[2] via P2P/MNNVL
node23D400680:1242:1742 [3] NCCL INFO Channel 09/0 : 15[3] -> 16[0] via P2P/MNNVL
node23D400680:1239:1741 [0] NCCL INFO Channel 09/0 : 12[0] -> 13[1] via P2P/MNNVL
node23D400680:1240:1739 [1] NCCL INFO Channel 13/0 : 13[1] -> 14[2] via P2P/MNNVL
node23D400680:1242:1742 [3] NCCL INFO Channel 10/0 : 15[3] -> 16[0] via P2P/MNNVL
node23D400680:1241:1740 [2] NCCL INFO Channel 09/0 : 14[2] -> 15[3] via P2P/MNNVL
node23D400680:1239:1741 [0] NCCL INFO Channel 10/0 : 12[0] -> 13[1] via P2P/MNNVL
node23D400680:1240:1739 [1] NCCL INFO Channel 14/0 : 13[1] -> 14[2] via P2P/MNNVL
node23D400680:1242:1742 [3] NCCL INFO Channel 11/0 : 15[3] -> 16[0] via P2P/MNNVL
node23D400680:1241:1740 [2] NCCL INFO Channel 10/0 : 14[2] -> 15[3] via P2P/MNNVL
node23D400680:1239:1741 [0] NCCL INFO Channel 11/0 : 12[0] -> 13[1] via P2P/MNNVL
node23D400680:1240:1739 [1] NCCL INFO Channel 15/0 : 13[1] -> 14[2] via P2P/MNNVL
node23D400680:1242:1742 [3] NCCL INFO Channel 12/0 : 15[3] -> 16[0] via P2P/MNNVL
node23D400680:1241:1740 [2] NCCL INFO Channel 11/0 : 14[2] -> 15[3] via P2P/MNNVL
node23D400680:1240:1739 [1] NCCL INFO Channel 16/0 : 13[1] -> 14[2] via P2P/MNNVL
node23D400680:1239:1741 [0] NCCL INFO Channel 12/0 : 12[0] -> 13[1] via P2P/MNNVL
node23D400680:1242:1742 [3] NCCL INFO Channel 13/0 : 15[3] -> 16[0] via P2P/MNNVL
node23D400680:1241:1740 [2] NCCL INFO Channel 12/0 : 14[2] -> 15[3] via P2P/MNNVL
node23D400680:1239:1741 [0] NCCL INFO Channel 13/0 : 12[0] -> 13[1] via P2P/MNNVL
node23D400680:1240:1739 [1] NCCL INFO Channel 17/0 : 13[1] -> 14[2] via P2P/MNNVL
node23D400680:1239:1741 [0] NCCL INFO Channel 14/0 : 12[0] -> 13[1] via P2P/MNNVL
node23D400680:1242:1742 [3] NCCL INFO Channel 14/0 : 15[3] -> 16[0] via P2P/MNNVL
node23D400680:1240:1739 [1] NCCL INFO Channel 18/0 : 13[1] -> 14[2] via P2P/MNNVL
node23D400680:1241:1740 [2] NCCL INFO Channel 13/0 : 14[2] -> 15[3] via P2P/MNNVL
node23D400680:1239:1741 [0] NCCL INFO Channel 15/0 : 12[0] -> 13[1] via P2P/MNNVL
node23D400680:1240:1739 [1] NCCL INFO Channel 19/0 : 13[1] -> 14[2] via P2P/MNNVL
node23D400680:1242:1742 [3] NCCL INFO Channel 15/0 : 15[3] -> 16[0] via P2P/MNNVL
node23D400680:1241:1740 [2] NCCL INFO Channel 14/0 : 14[2] -> 15[3] via P2P/MNNVL
node23D400680:1240:1739 [1] NCCL INFO Channel 20/0 : 13[1] -> 14[2] via P2P/MNNVL
node23D400680:1239:1741 [0] NCCL INFO Channel 16/0 : 12[0] -> 13[1] via P2P/MNNVL
node23D400680:1239:1741 [0] NCCL INFO Channel 17/0 : 12[0] -> 13[1] via P2P/MNNVL
node23D400680:1242:1742 [3] NCCL INFO Channel 16/0 : 15[3] -> 16[0] via P2P/MNNVL
node23D400680:1240:1739 [1] NCCL INFO Channel 21/0 : 13[1] -> 14[2] via P2P/MNNVL
node23D400680:1241:1740 [2] NCCL INFO Channel 15/0 : 14[2] -> 15[3] via P2P/MNNVL
node23D400680:1242:1742 [3] NCCL INFO Channel 17/0 : 15[3] -> 16[0] via P2P/MNNVL
node23D400680:1239:1741 [0] NCCL INFO Channel 18/0 : 12[0] -> 13[1] via P2P/MNNVL
node23D400680:1241:1740 [2] NCCL INFO Channel 16/0 : 14[2] -> 15[3] via P2P/MNNVL
node23D400680:1240:1739 [1] NCCL INFO Channel 22/0 : 13[1] -> 14[2] via P2P/MNNVL
node23D400680:1239:1741 [0] NCCL INFO Channel 19/0 : 12[0] -> 13[1] via P2P/MNNVL
node23D400680:1239:1741 [0] NCCL INFO Channel 20/0 : 12[0] -> 13[1] via P2P/MNNVL
node23D400680:1241:1740 [2] NCCL INFO Channel 17/0 : 14[2] -> 15[3] via P2P/MNNVL
node23D400680:1242:1742 [3] NCCL INFO Channel 18/0 : 15[3] -> 16[0] via P2P/MNNVL
node23D400680:1240:1739 [1] NCCL INFO Channel 23/0 : 13[1] -> 14[2] via P2P/MNNVL
node23D400680:1241:1740 [2] NCCL INFO Channel 18/0 : 14[2] -> 15[3] via P2P/MNNVL
node23D400680:1240:1739 [1] NCCL INFO Channel 24/0 : 13[1] -> 14[2] via P2P/MNNVL
node23D400680:1239:1741 [0] NCCL INFO Channel 21/0 : 12[0] -> 13[1] via P2P/MNNVL
node23D400680:1242:1742 [3] NCCL INFO Channel 19/0 : 15[3] -> 16[0] via P2P/MNNVL
node23D400680:1241:1740 [2] NCCL INFO Channel 19/0 : 14[2] -> 15[3] via P2P/MNNVL
node23D400680:1242:1742 [3] NCCL INFO Channel 20/0 : 15[3] -> 16[0] via P2P/MNNVL
node23D400680:1239:1741 [0] NCCL INFO Channel 22/0 : 12[0] -> 13[1] via P2P/MNNVL
node23D400680:1241:1740 [2] NCCL INFO Channel 20/0 : 14[2] -> 15[3] via P2P/MNNVL
node23D400680:1240:1739 [1] NCCL INFO Channel 25/0 : 13[1] -> 14[2] via P2P/MNNVL
node23D400680:1239:1741 [0] NCCL INFO Channel 23/0 : 12[0] -> 13[1] via P2P/MNNVL
node23D400680:1240:1739 [1] NCCL INFO Channel 26/0 : 13[1] -> 14[2] via P2P/MNNVL
node23D400680:1241:1740 [2] NCCL INFO Channel 21/0 : 14[2] -> 15[3] via P2P/MNNVL
node23D400680:1242:1742 [3] NCCL INFO Channel 21/0 : 15[3] -> 16[0] via P2P/MNNVL
node23D400680:1239:1741 [0] NCCL INFO Channel 24/0 : 12[0] -> 13[1] via P2P/MNNVL
node23D400680:1240:1739 [1] NCCL INFO Channel 27/0 : 13[1] -> 14[2] via P2P/MNNVL
node23D400680:1240:1739 [1] NCCL INFO Channel 28/0 : 13[1] -> 14[2] via P2P/MNNVL
node23D400680:1239:1741 [0] NCCL INFO Channel 25/0 : 12[0] -> 13[1] via P2P/MNNVL
node23D400680:1242:1742 [3] NCCL INFO Channel 22/0 : 15[3] -> 16[0] via P2P/MNNVL
node23D400680:1241:1740 [2] NCCL INFO Channel 22/0 : 14[2] -> 15[3] via P2P/MNNVL
node23D400680:1239:1741 [0] NCCL INFO Channel 26/0 : 12[0] -> 13[1] via P2P/MNNVL
node23D400680:1240:1739 [1] NCCL INFO Channel 29/0 : 13[1] -> 14[2] via P2P/MNNVL
node23D400680:1242:1742 [3] NCCL INFO Channel 23/0 : 15[3] -> 16[0] via P2P/MNNVL
node23D400680:1241:1740 [2] NCCL INFO Channel 23/0 : 14[2] -> 15[3] via P2P/MNNVL
node23D400680:1239:1741 [0] NCCL INFO Channel 27/0 : 12[0] -> 13[1] via P2P/MNNVL
node23D400680:1240:1739 [1] NCCL INFO Channel 30/0 : 13[1] -> 14[2] via P2P/MNNVL
node23D400680:1239:1741 [0] NCCL INFO Channel 28/0 : 12[0] -> 13[1] via P2P/MNNVL
node23D400680:1241:1740 [2] NCCL INFO Channel 24/0 : 14[2] -> 15[3] via P2P/MNNVL
node23D400680:1242:1742 [3] NCCL INFO Channel 24/0 : 15[3] -> 16[0] via P2P/MNNVL
node23D400680:1240:1739 [1] NCCL INFO Channel 31/0 : 13[1] -> 14[2] via P2P/MNNVL
node23D400680:1241:1740 [2] NCCL INFO Channel 25/0 : 14[2] -> 15[3] via P2P/MNNVL
node23D400680:1242:1742 [3] NCCL INFO Channel 25/0 : 15[3] -> 16[0] via P2P/MNNVL
node23D400680:1239:1741 [0] NCCL INFO Channel 29/0 : 12[0] -> 13[1] via P2P/MNNVL
node23D400680:1241:1740 [2] NCCL INFO Channel 26/0 : 14[2] -> 15[3] via P2P/MNNVL
node23D400680:1242:1742 [3] NCCL INFO Channel 26/0 : 15[3] -> 16[0] via P2P/MNNVL
node23D400680:1239:1741 [0] NCCL INFO Channel 30/0 : 12[0] -> 13[1] via P2P/MNNVL
node23D400680:1242:1742 [3] NCCL INFO Channel 27/0 : 15[3] -> 16[0] via P2P/MNNVL
node23D400680:1241:1740 [2] NCCL INFO Channel 27/0 : 14[2] -> 15[3] via P2P/MNNVL
node23D400680:1239:1741 [0] NCCL INFO Channel 31/0 : 12[0] -> 13[1] via P2P/MNNVL
node23D400680:1242:1742 [3] NCCL INFO Channel 28/0 : 15[3] -> 16[0] via P2P/MNNVL
node23D400680:1241:1740 [2] NCCL INFO Channel 28/0 : 14[2] -> 15[3] via P2P/MNNVL
node23D400680:1242:1742 [3] NCCL INFO Channel 29/0 : 15[3] -> 16[0] via P2P/MNNVL
node23D400680:1241:1740 [2] NCCL INFO Channel 29/0 : 14[2] -> 15[3] via P2P/MNNVL
node23D400680:1241:1740 [2] NCCL INFO Channel 30/0 : 14[2] -> 15[3] via P2P/MNNVL
node23D400680:1242:1742 [3] NCCL INFO Channel 30/0 : 15[3] -> 16[0] via P2P/MNNVL
node23D400680:1242:1742 [3] NCCL INFO Channel 31/0 : 15[3] -> 16[0] via P2P/MNNVL
node23D400680:1241:1740 [2] NCCL INFO Channel 31/0 : 14[2] -> 15[3] via P2P/MNNVL
node23D400680:1242:1742 [3] NCCL INFO Connected all rings, use ring PXN 0 GDR 1
node23D400680:1241:1740 [2] NCCL INFO Connected all rings, use ring PXN 0 GDR 1
node23D400680:1240:1739 [1] NCCL INFO Connected all rings, use ring PXN 0 GDR 1
node23D400680:1239:1741 [0] NCCL INFO Connected all rings, use ring PXN 0 GDR 1
node23D400680:1240:1240 [1] NCCL INFO Comm config Blocking set to 1
node23D400680:1241:1241 [2] NCCL INFO Comm config Blocking set to 1
node23D400680:1239:1239 [0] NCCL INFO Comm config Blocking set to 1
node23D400680:1242:1242 [3] NCCL INFO Comm config Blocking set to 1
node23D400680:1240:2096 [1] NCCL INFO Assigned NET plugin Socket to comm
node23D400680:1239:2095 [0] NCCL INFO Assigned NET plugin Socket to comm
node23D400680:1240:2096 [1] NCCL INFO Using network Socket
node23D400680:1241:2097 [2] NCCL INFO Assigned NET plugin Socket to comm
node23D400680:1239:2095 [0] NCCL INFO Using network Socket
node23D400680:1242:2098 [3] NCCL INFO Assigned NET plugin Socket to comm
node23D400680:1241:2097 [2] NCCL INFO Using network Socket
node23D400680:1242:2098 [3] NCCL INFO Using network Socket
node23D400680:1240:2096 [1] NCCL INFO ncclCommInitRankConfig comm 0x37016a70 rank 5 nranks 8 cudaDev 1 nvmlDev 1 busId 901000 commId 0x63147a02cc9309a2 - Init START
node23D400680:1239:2095 [0] NCCL INFO ncclCommInitRankConfig comm 0x3e883ca0 rank 4 nranks 8 cudaDev 0 nvmlDev 0 busId 801000 commId 0x63147a02cc9309a2 - Init START
node23D400680:1241:2097 [2] NCCL INFO ncclCommInitRankConfig comm 0x419710d0 rank 6 nranks 8 cudaDev 2 nvmlDev 2 busId 1801000 commId 0x63147a02cc9309a2 - Init START
node23D400680:1242:2098 [3] NCCL INFO ncclCommInitRankConfig comm 0x31fd4a20 rank 7 nranks 8 cudaDev 3 nvmlDev 3 busId 1901000 commId 0x63147a02cc9309a2 - Init START
node23D400680:1242:2098 [3] NCCL INFO Bootstrap timings total 0.001443 (create 0.000029, send 0.000139, recv 0.000879, ring 0.000213, delay 0.000000)
node23D400680:1241:2097 [2] NCCL INFO Bootstrap timings total 0.001519 (create 0.000034, send 0.000201, recv 0.000699, ring 0.000447, delay 0.000000)
node23D400680:1240:2096 [1] NCCL INFO Bootstrap timings total 0.001546 (create 0.000056, send 0.000157, recv 0.000634, ring 0.000568, delay 0.000000)
node23D400680:1239:2095 [0] NCCL INFO Bootstrap timings total 0.001575 (create 0.000053, send 0.000160, recv 0.000469, ring 0.000724, delay 0.000000)
node23D400680:1240:2096 [1] NCCL INFO MNNVL busId 0x901000 fabric UUID aa48724aeeaad6a8.b34b901796a1c18d cliqueId 0x7ffe state 3 healthMask 0xaa
node23D400680:1239:2095 [0] NCCL INFO MNNVL busId 0x801000 fabric UUID aa48724aeeaad6a8.b34b901796a1c18d cliqueId 0x7ffe state 3 healthMask 0xaa
node23D400680:1242:2098 [3] NCCL INFO MNNVL busId 0x1901000 fabric UUID aa48724aeeaad6a8.b34b901796a1c18d cliqueId 0x7ffe state 3 healthMask 0xaa
node23D400680:1241:2097 [2] NCCL INFO MNNVL busId 0x1801000 fabric UUID aa48724aeeaad6a8.b34b901796a1c18d cliqueId 0x7ffe state 3 healthMask 0xaa
node23D400680:1240:2096 [1] NCCL INFO MNNVL 1 cliqueId 7ffe cliqueSize 8 cliqueRank 5
node23D400680:1239:2095 [0] NCCL INFO MNNVL 1 cliqueId 7ffe cliqueSize 8 cliqueRank 4
node23D400680:1241:2097 [2] NCCL INFO MNNVL 1 cliqueId 7ffe cliqueSize 8 cliqueRank 6
node23D400680:1242:2098 [3] NCCL INFO MNNVL 1 cliqueId 7ffe cliqueSize 8 cliqueRank 7
node23D400680:1242:2098 [3] NCCL INFO Setting affinity for GPU 3 to 72-143
node23D400680:1241:2097 [2] NCCL INFO Setting affinity for GPU 2 to 72-143
node23D400680:1240:2096 [1] NCCL INFO Setting affinity for GPU 1 to 0-71
node23D400680:1239:2095 [0] NCCL INFO Setting affinity for GPU 0 to 0-71
node23D400680:1242:2098 [3] NCCL INFO comm 0x31fd4a20 rank 7 nRanks 8 nNodes 1 localRanks 8 localRank 7 MNNVL 1
node23D400680:1241:2097 [2] NCCL INFO comm 0x419710d0 rank 6 nRanks 8 nNodes 1 localRanks 8 localRank 6 MNNVL 1
node23D400680:1242:2098 [3] NCCL INFO Trees [0] -1/-1/-1->7->6 [1] -1/-1/-1->7->6 [2] -1/-1/-1->7->6 [3] -1/-1/-1->7->6 [4] -1/-1/-1->7->6 [5] -1/-1/-1->7->6 [6] -1/-1/-1->7->6 [7] -1/-1/-1->7->6 [8] -1/-1/-1->7->6 [9] -1/-1/-1->7->6 [10] -1/-1/-1->7->6 [11] -1/-1/-1->7->6 [12] -1/-1/-1->7->6 [13] -1/-1/-1->7->6 [14] -1/-1/-1->7->6 [15] -1/-1/-1->7->6 [16] -1/-1/-1->7->6 [17] -1/-1/-1->7->6 [18] -1/-1/-1->7->6 [19] -1/-1/-1->7->6 [20] -1/-1/-1->7->6 [21] -1/-1/-1->7->6 [22] -1/-1/-1->7->6 [23] -1/-1/-1->7->6 [24] -1/-1/-1->7->6 [25] -1/-1/-1->7->6 [26] -1/-1/-1->7->6 [27] -1/-1/-1->7->6 [28] -1/-1/-1->7->6 [29] -1/-1/-1->7->6 [30] -1/-1/-1->7->6 [31] -1/-1/-1->7->6
node23D400680:1241:2097 [2] NCCL INFO Trees [0] 7/-1/-1->6->5 [1] 7/-1/-1->6->5 [2] 7/-1/-1->6->5 [3] 7/-1/-1->6->5 [4] 7/-1/-1->6->5 [5] 7/-1/-1->6->5 [6] 7/-1/-1->6->5 [7] 7/-1/-1->6->5 [8] 7/-1/-1->6->5 [9] 7/-1/-1->6->5 [10] 7/-1/-1->6->5 [11] 7/-1/-1->6->5 [12] 7/-1/-1->6->5 [13] 7/-1/-1->6->5 [14] 7/-1/-1->6->5 [15] 7/-1/-1->6->5 [16] 7/-1/-1->6->5 [17] 7/-1/-1->6->5 [18] 7/-1/-1->6->5 [19] 7/-1/-1->6->5 [20] 7/-1/-1->6->5 [21] 7/-1/-1->6->5 [22] 7/-1/-1->6->5 [23] 7/-1/-1->6->5 [24] 7/-1/-1->6->5 [25] 7/-1/-1->6->5 [26] 7/-1/-1->6->5 [27] 7/-1/-1->6->5 [28] 7/-1/-1->6->5 [29] 7/-1/-1->6->5 [30] 7/-1/-1->6->5 [31] 7/-1/-1->6->5
node23D400680:1242:2098 [3] NCCL INFO P2P Chunksize set to 524288
node23D400680:1241:2097 [2] NCCL INFO P2P Chunksize set to 524288
node23D400680:1240:2096 [1] NCCL INFO comm 0x37016a70 rank 5 nRanks 8 nNodes 1 localRanks 8 localRank 5 MNNVL 1
node23D400680:1239:2095 [0] NCCL INFO comm 0x3e883ca0 rank 4 nRanks 8 nNodes 1 localRanks 8 localRank 4 MNNVL 1
node23D400680:1240:2096 [1] NCCL INFO Trees [0] 6/-1/-1->5->4 [1] 6/-1/-1->5->4 [2] 6/-1/-1->5->4 [3] 6/-1/-1->5->4 [4] 6/-1/-1->5->4 [5] 6/-1/-1->5->4 [6] 6/-1/-1->5->4 [7] 6/-1/-1->5->4 [8] 6/-1/-1->5->4 [9] 6/-1/-1->5->4 [10] 6/-1/-1->5->4 [11] 6/-1/-1->5->4 [12] 6/-1/-1->5->4 [13] 6/-1/-1->5->4 [14] 6/-1/-1->5->4 [15] 6/-1/-1->5->4 [16] 6/-1/-1->5->4 [17] 6/-1/-1->5->4 [18] 6/-1/-1->5->4 [19] 6/-1/-1->5->4 [20] 6/-1/-1->5->4 [21] 6/-1/-1->5->4 [22] 6/-1/-1->5->4 [23] 6/-1/-1->5->4 [24] 6/-1/-1->5->4 [25] 6/-1/-1->5->4 [26] 6/-1/-1->5->4 [27] 6/-1/-1->5->4 [28] 6/-1/-1->5->4 [29] 6/-1/-1->5->4 [30] 6/-1/-1->5->4 [31] 6/-1/-1->5->4
node23D400680:1239:2095 [0] NCCL INFO Trees [0] 5/-1/-1->4->3 [1] 5/-1/-1->4->3 [2] 5/-1/-1->4->3 [3] 5/-1/-1->4->3 [4] 5/-1/-1->4->3 [5] 5/-1/-1->4->3 [6] 5/-1/-1->4->3 [7] 5/-1/-1->4->3 [8] 5/-1/-1->4->3 [9] 5/-1/-1->4->3 [10] 5/-1/-1->4->3 [11] 5/-1/-1->4->3 [12] 5/-1/-1->4->3 [13] 5/-1/-1->4->3 [14] 5/-1/-1->4->3 [15] 5/-1/-1->4->3 [16] 5/-1/-1->4->3 [17] 5/-1/-1->4->3 [18] 5/-1/-1->4->3 [19] 5/-1/-1->4->3 [20] 5/-1/-1->4->3 [21] 5/-1/-1->4->3 [22] 5/-1/-1->4->3 [23] 5/-1/-1->4->3 [24] 5/-1/-1->4->3 [25] 5/-1/-1->4->3 [26] 5/-1/-1->4->3 [27] 5/-1/-1->4->3 [28] 5/-1/-1->4->3 [29] 5/-1/-1->4->3 [30] 5/-1/-1->4->3 [31] 5/-1/-1->4->3
node23D400680:1240:2096 [1] NCCL INFO P2P Chunksize set to 524288
node23D400680:1239:2095 [0] NCCL INFO P2P Chunksize set to 524288
node23D400680:1241:2099 [2] NCCL INFO [Proxy Service] Device 2 CPU core 128
node23D400680:1242:2100 [3] NCCL INFO [Proxy Service] Device 3 CPU core 79
node23D400680:1242:2104 [3] NCCL INFO [Proxy Service UDS] Device 3 CPU core 80
node23D400680:1241:2103 [2] NCCL INFO [Proxy Service UDS] Device 2 CPU core 130
node23D400680:1240:2101 [1] NCCL INFO [Proxy Service] Device 1 CPU core 24
node23D400680:1239:2102 [0] NCCL INFO [Proxy Service] Device 0 CPU core 21
node23D400680:1240:2105 [1] NCCL INFO [Proxy Service UDS] Device 1 CPU core 25
node23D400680:1239:2106 [0] NCCL INFO [Proxy Service UDS] Device 0 CPU core 18
node23D400680:1242:2098 [3] NCCL INFO threadThresholds 8/8/64 | 64/8/64 | 512 | 512
node23D400680:1242:2098 [3] NCCL INFO 32 coll channels, 32 collnet channels, 0 nvls channels, 32 p2p channels, 32 p2p channels per peer
node23D400680:1240:2096 [1] NCCL INFO threadThresholds 8/8/64 | 64/8/64 | 512 | 512
node23D400680:1240:2096 [1] NCCL INFO 32 coll channels, 32 collnet channels, 0 nvls channels, 32 p2p channels, 32 p2p channels per peer
node23D400680:1241:2097 [2] NCCL INFO threadThresholds 8/8/64 | 64/8/64 | 512 | 512
node23D400680:1241:2097 [2] NCCL INFO 32 coll channels, 32 collnet channels, 0 nvls channels, 32 p2p channels, 32 p2p channels per peer
node23D400680:1239:2095 [0] NCCL INFO threadThresholds 8/8/64 | 64/8/64 | 512 | 512
node23D400680:1239:2095 [0] NCCL INFO 32 coll channels, 32 collnet channels, 0 nvls channels, 32 p2p channels, 32 p2p channels per peer
node23D400680:1239:2095 [0] NCCL INFO ncclCommInitRankConfig comm 0x3e883ca0 rank 4 nranks 8 cudaDev 0 nvmlDev 0 busId 801000 commId 0x63147a02cc9309a2 - Init COMPLETE
node23D400680:1239:2095 [0] NCCL INFO Init timings - ncclCommInitRankConfig: rank 4 nranks 8 total 0.91 (kernels 0.00, alloc 0.00, bootstrap 0.00, allgathers 0.00, topo 0.74, graphs 0.00, connections 0.16, rest 0.00)
node23D400680:1240:2096 [1] NCCL INFO ncclCommInitRankConfig comm 0x37016a70 rank 5 nranks 8 cudaDev 1 nvmlDev 1 busId 901000 commId 0x63147a02cc9309a2 - Init COMPLETE
node23D400680:1240:2096 [1] NCCL INFO Init timings - ncclCommInitRankConfig: rank 5 nranks 8 total 0.91 (kernels 0.00, alloc 0.00, bootstrap 0.00, allgathers 0.02, topo 0.72, graphs 0.00, connections 0.15, rest 0.01)
node23D400680:1241:2097 [2] NCCL INFO ncclCommInitRankConfig comm 0x419710d0 rank 6 nranks 8 cudaDev 2 nvmlDev 2 busId 1801000 commId 0x63147a02cc9309a2 - Init COMPLETE
node23D400680:1242:2098 [3] NCCL INFO ncclCommInitRankConfig comm 0x31fd4a20 rank 7 nranks 8 cudaDev 3 nvmlDev 3 busId 1901000 commId 0x63147a02cc9309a2 - Init COMPLETE
node23D400680:1241:2097 [2] NCCL INFO Init timings - ncclCommInitRankConfig: rank 6 nranks 8 total 0.91 (kernels 0.00, alloc 0.00, bootstrap 0.00, allgathers 0.02, topo 0.72, graphs 0.00, connections 0.16, rest 0.00)
node23D400680:1242:2098 [3] NCCL INFO Init timings - ncclCommInitRankConfig: rank 7 nranks 8 total 0.91 (kernels 0.00, alloc 0.00, bootstrap 0.00, allgathers 0.05, topo 0.70, graphs 0.00, connections 0.15, rest 0.01)
node23D400680:1239:2108 [0] NCCL INFO Channel 00/0 : 4[0] -> 5[1] via P2P/MNNVL
node23D400680:1240:2107 [1] NCCL INFO Channel 00/0 : 5[1] -> 6[2] via P2P/MNNVL
node23D400680:1240:2107 [1] NCCL INFO Channel 01/0 : 5[1] -> 6[2] via P2P/MNNVL
node23D400680:1239:2108 [0] NCCL INFO Channel 01/0 : 4[0] -> 5[1] via P2P/MNNVL
node23D400680:1241:2109 [2] NCCL INFO Channel 00/0 : 6[2] -> 7[3] via P2P/MNNVL
node23D400680:1240:2107 [1] NCCL INFO Channel 02/0 : 5[1] -> 6[2] via P2P/MNNVL
node23D400680:1239:2108 [0] NCCL INFO Channel 02/0 : 4[0] -> 5[1] via P2P/MNNVL
node23D400680:1241:2109 [2] NCCL INFO Channel 01/0 : 6[2] -> 7[3] via P2P/MNNVL
node23D400680:1240:2107 [1] NCCL INFO Channel 03/0 : 5[1] -> 6[2] via P2P/MNNVL
node23D400680:1242:2110 [3] NCCL INFO Channel 00/0 : 7[3] -> 0[0] via P2P/MNNVL
node23D400680:1239:2108 [0] NCCL INFO Channel 03/0 : 4[0] -> 5[1] via P2P/MNNVL
node23D400680:1241:2109 [2] NCCL INFO Channel 02/0 : 6[2] -> 7[3] via P2P/MNNVL
node23D400680:1240:2107 [1] NCCL INFO Channel 04/0 : 5[1] -> 6[2] via P2P/MNNVL
node23D400680:1242:2110 [3] NCCL INFO Channel 01/0 : 7[3] -> 0[0] via P2P/MNNVL
node23D400680:1239:2108 [0] NCCL INFO Channel 04/0 : 4[0] -> 5[1] via P2P/MNNVL
node23D400680:1241:2109 [2] NCCL INFO Channel 03/0 : 6[2] -> 7[3] via P2P/MNNVL
node23D400680:1242:2110 [3] NCCL INFO Channel 02/0 : 7[3] -> 0[0] via P2P/MNNVL
node23D400680:1239:2108 [0] NCCL INFO Channel 05/0 : 4[0] -> 5[1] via P2P/MNNVL
node23D400680:1240:2107 [1] NCCL INFO Channel 05/0 : 5[1] -> 6[2] via P2P/MNNVL
node23D400680:1241:2109 [2] NCCL INFO Channel 04/0 : 6[2] -> 7[3] via P2P/MNNVL
node23D400680:1239:2108 [0] NCCL INFO Channel 06/0 : 4[0] -> 5[1] via P2P/MNNVL
node23D400680:1242:2110 [3] NCCL INFO Channel 03/0 : 7[3] -> 0[0] via P2P/MNNVL
node23D400680:1241:2109 [2] NCCL INFO Channel 05/0 : 6[2] -> 7[3] via P2P/MNNVL
node23D400680:1240:2107 [1] NCCL INFO Channel 06/0 : 5[1] -> 6[2] via P2P/MNNVL
node23D400680:1240:2107 [1] NCCL INFO Channel 07/0 : 5[1] -> 6[2] via P2P/MNNVL
node23D400680:1239:2108 [0] NCCL INFO Channel 07/0 : 4[0] -> 5[1] via P2P/MNNVL
node23D400680:1241:2109 [2] NCCL INFO Channel 06/0 : 6[2] -> 7[3] via P2P/MNNVL
node23D400680:1242:2110 [3] NCCL INFO Channel 04/0 : 7[3] -> 0[0] via P2P/MNNVL
node23D400680:1242:2110 [3] NCCL INFO Channel 05/0 : 7[3] -> 0[0] via P2P/MNNVL
node23D400680:1241:2109 [2] NCCL INFO Channel 07/0 : 6[2] -> 7[3] via P2P/MNNVL
node23D400680:1240:2107 [1] NCCL INFO Channel 08/0 : 5[1] -> 6[2] via P2P/MNNVL
node23D400680:1239:2108 [0] NCCL INFO Channel 08/0 : 4[0] -> 5[1] via P2P/MNNVL
node23D400680:1239:2108 [0] NCCL INFO Channel 09/0 : 4[0] -> 5[1] via P2P/MNNVL
node23D400680:1240:2107 [1] NCCL INFO Channel 09/0 : 5[1] -> 6[2] via P2P/MNNVL
node23D400680:1242:2110 [3] NCCL INFO Channel 06/0 : 7[3] -> 0[0] via P2P/MNNVL
node23D400680:1241:2109 [2] NCCL INFO Channel 08/0 : 6[2] -> 7[3] via P2P/MNNVL
node23D400680:1239:2108 [0] NCCL INFO Channel 10/0 : 4[0] -> 5[1] via P2P/MNNVL
node23D400680:1240:2107 [1] NCCL INFO Channel 10/0 : 5[1] -> 6[2] via P2P/MNNVL
node23D400680:1239:2108 [0] NCCL INFO Channel 11/0 : 4[0] -> 5[1] via P2P/MNNVL
node23D400680:1241:2109 [2] NCCL INFO Channel 09/0 : 6[2] -> 7[3] via P2P/MNNVL
node23D400680:1240:2107 [1] NCCL INFO Channel 11/0 : 5[1] -> 6[2] via P2P/MNNVL
node23D400680:1242:2110 [3] NCCL INFO Channel 07/0 : 7[3] -> 0[0] via P2P/MNNVL
node23D400680:1241:2109 [2] NCCL INFO Channel 10/0 : 6[2] -> 7[3] via P2P/MNNVL
node23D400680:1240:2107 [1] NCCL INFO Channel 12/0 : 5[1] -> 6[2] via P2P/MNNVL
node23D400680:1242:2110 [3] NCCL INFO Channel 08/0 : 7[3] -> 0[0] via P2P/MNNVL
node23D400680:1239:2108 [0] NCCL INFO Channel 12/0 : 4[0] -> 5[1] via P2P/MNNVL
node23D400680:1241:2109 [2] NCCL INFO Channel 11/0 : 6[2] -> 7[3] via P2P/MNNVL
node23D400680:1240:2107 [1] NCCL INFO Channel 13/0 : 5[1] -> 6[2] via P2P/MNNVL
node23D400680:1239:2108 [0] NCCL INFO Channel 13/0 : 4[0] -> 5[1] via P2P/MNNVL
node23D400680:1242:2110 [3] NCCL INFO Channel 09/0 : 7[3] -> 0[0] via P2P/MNNVL
node23D400680:1241:2109 [2] NCCL INFO Channel 12/0 : 6[2] -> 7[3] via P2P/MNNVL
node23D400680:1242:2110 [3] NCCL INFO Channel 10/0 : 7[3] -> 0[0] via P2P/MNNVL
node23D400680:1239:2108 [0] NCCL INFO Channel 14/0 : 4[0] -> 5[1] via P2P/MNNVL
node23D400680:1240:2107 [1] NCCL INFO Channel 14/0 : 5[1] -> 6[2] via P2P/MNNVL
node23D400680:1241:2109 [2] NCCL INFO Channel 13/0 : 6[2] -> 7[3] via P2P/MNNVL
node23D400680:1242:2110 [3] NCCL INFO Channel 11/0 : 7[3] -> 0[0] via P2P/MNNVL
node23D400680:1240:2107 [1] NCCL INFO Channel 15/0 : 5[1] -> 6[2] via P2P/MNNVL
node23D400680:1239:2108 [0] NCCL INFO Channel 15/0 : 4[0] -> 5[1] via P2P/MNNVL
node23D400680:1241:2109 [2] NCCL INFO Channel 14/0 : 6[2] -> 7[3] via P2P/MNNVL
node23D400680:1239:2108 [0] NCCL INFO Channel 16/0 : 4[0] -> 5[1] via P2P/MNNVL
node23D400680:1242:2110 [3] NCCL INFO Channel 12/0 : 7[3] -> 0[0] via P2P/MNNVL
node23D400680:1240:2107 [1] NCCL INFO Channel 16/0 : 5[1] -> 6[2] via P2P/MNNVL
node23D400680:1241:2109 [2] NCCL INFO Channel 15/0 : 6[2] -> 7[3] via P2P/MNNVL
node23D400680:1239:2108 [0] NCCL INFO Channel 17/0 : 4[0] -> 5[1] via P2P/MNNVL
node23D400680:1240:2107 [1] NCCL INFO Channel 17/0 : 5[1] -> 6[2] via P2P/MNNVL
node23D400680:1242:2110 [3] NCCL INFO Channel 13/0 : 7[3] -> 0[0] via P2P/MNNVL
node23D400680:1241:2109 [2] NCCL INFO Channel 16/0 : 6[2] -> 7[3] via P2P/MNNVL
node23D400680:1239:2108 [0] NCCL INFO Channel 18/0 : 4[0] -> 5[1] via P2P/MNNVL
node23D400680:1240:2107 [1] NCCL INFO Channel 18/0 : 5[1] -> 6[2] via P2P/MNNVL
node23D400680:1241:2109 [2] NCCL INFO Channel 17/0 : 6[2] -> 7[3] via P2P/MNNVL
node23D400680:1242:2110 [3] NCCL INFO Channel 14/0 : 7[3] -> 0[0] via P2P/MNNVL
node23D400680:1239:2108 [0] NCCL INFO Channel 19/0 : 4[0] -> 5[1] via P2P/MNNVL
node23D400680:1240:2107 [1] NCCL INFO Channel 19/0 : 5[1] -> 6[2] via P2P/MNNVL
node23D400680:1242:2110 [3] NCCL INFO Channel 15/0 : 7[3] -> 0[0] via P2P/MNNVL
node23D400680:1241:2109 [2] NCCL INFO Channel 18/0 : 6[2] -> 7[3] via P2P/MNNVL
node23D400680:1239:2108 [0] NCCL INFO Channel 20/0 : 4[0] -> 5[1] via P2P/MNNVL
node23D400680:1241:2109 [2] NCCL INFO Channel 19/0 : 6[2] -> 7[3] via P2P/MNNVL
node23D400680:1240:2107 [1] NCCL INFO Channel 20/0 : 5[1] -> 6[2] via P2P/MNNVL
node23D400680:1242:2110 [3] NCCL INFO Channel 16/0 : 7[3] -> 0[0] via P2P/MNNVL
node23D400680:1239:2108 [0] NCCL INFO Channel 21/0 : 4[0] -> 5[1] via P2P/MNNVL
node23D400680:1241:2109 [2] NCCL INFO Channel 20/0 : 6[2] -> 7[3] via P2P/MNNVL
node23D400680:1242:2110 [3] NCCL INFO Channel 17/0 : 7[3] -> 0[0] via P2P/MNNVL
node23D400680:1239:2108 [0] NCCL INFO Channel 22/0 : 4[0] -> 5[1] via P2P/MNNVL
node23D400680:1240:2107 [1] NCCL INFO Channel 21/0 : 5[1] -> 6[2] via P2P/MNNVL
node23D400680:1242:2110 [3] NCCL INFO Channel 18/0 : 7[3] -> 0[0] via P2P/MNNVL
node23D400680:1241:2109 [2] NCCL INFO Channel 21/0 : 6[2] -> 7[3] via P2P/MNNVL
node23D400680:1239:2108 [0] NCCL INFO Channel 23/0 : 4[0] -> 5[1] via P2P/MNNVL
node23D400680:1240:2107 [1] NCCL INFO Channel 22/0 : 5[1] -> 6[2] via P2P/MNNVL
node23D400680:1239:2108 [0] NCCL INFO Channel 24/0 : 4[0] -> 5[1] via P2P/MNNVL
node23D400680:1242:2110 [3] NCCL INFO Channel 19/0 : 7[3] -> 0[0] via P2P/MNNVL
node23D400680:1241:2109 [2] NCCL INFO Channel 22/0 : 6[2] -> 7[3] via P2P/MNNVL
node23D400680:1241:2109 [2] NCCL INFO Channel 23/0 : 6[2] -> 7[3] via P2P/MNNVL
node23D400680:1240:2107 [1] NCCL INFO Channel 23/0 : 5[1] -> 6[2] via P2P/MNNVL
node23D400680:1239:2108 [0] NCCL INFO Channel 25/0 : 4[0] -> 5[1] via P2P/MNNVL
node23D400680:1242:2110 [3] NCCL INFO Channel 20/0 : 7[3] -> 0[0] via P2P/MNNVL
node23D400680:1239:2108 [0] NCCL INFO Channel 26/0 : 4[0] -> 5[1] via P2P/MNNVL
node23D400680:1240:2107 [1] NCCL INFO Channel 24/0 : 5[1] -> 6[2] via P2P/MNNVL
node23D400680:1241:2109 [2] NCCL INFO Channel 24/0 : 6[2] -> 7[3] via P2P/MNNVL
node23D400680:1242:2110 [3] NCCL INFO Channel 21/0 : 7[3] -> 0[0] via P2P/MNNVL
node23D400680:1239:2108 [0] NCCL INFO Channel 27/0 : 4[0] -> 5[1] via P2P/MNNVL
node23D400680:1242:2110 [3] NCCL INFO Channel 22/0 : 7[3] -> 0[0] via P2P/MNNVL
node23D400680:1240:2107 [1] NCCL INFO Channel 25/0 : 5[1] -> 6[2] via P2P/MNNVL
node23D400680:1241:2109 [2] NCCL INFO Channel 25/0 : 6[2] -> 7[3] via P2P/MNNVL
node23D400680:1239:2108 [0] NCCL INFO Channel 28/0 : 4[0] -> 5[1] via P2P/MNNVL
node23D400680:1239:2108 [0] NCCL INFO Channel 29/0 : 4[0] -> 5[1] via P2P/MNNVL
node23D400680:1240:2107 [1] NCCL INFO Channel 26/0 : 5[1] -> 6[2] via P2P/MNNVL
node23D400680:1241:2109 [2] NCCL INFO Channel 26/0 : 6[2] -> 7[3] via P2P/MNNVL
node23D400680:1242:2110 [3] NCCL INFO Channel 23/0 : 7[3] -> 0[0] via P2P/MNNVL
node23D400680:1242:2110 [3] NCCL INFO Channel 24/0 : 7[3] -> 0[0] via P2P/MNNVL
node23D400680:1241:2109 [2] NCCL INFO Channel 27/0 : 6[2] -> 7[3] via P2P/MNNVL
node23D400680:1239:2108 [0] NCCL INFO Channel 30/0 : 4[0] -> 5[1] via P2P/MNNVL
node23D400680:1240:2107 [1] NCCL INFO Channel 27/0 : 5[1] -> 6[2] via P2P/MNNVL
