node23D400680:1242:2110 [3] NCCL INFO Channel 25/0 : 7[3] -> 0[0] via P2P/MNNVL
node23D400680:1241:2109 [2] NCCL INFO Channel 28/0 : 6[2] -> 7[3] via P2P/MNNVL
node23D400680:1240:2107 [1] NCCL INFO Channel 28/0 : 5[1] -> 6[2] via P2P/MNNVL
node23D400680:1239:2108 [0] NCCL INFO Channel 31/0 : 4[0] -> 5[1] via P2P/MNNVL
node23D400680:1241:2109 [2] NCCL INFO Channel 29/0 : 6[2] -> 7[3] via P2P/MNNVL
node23D400680:1240:2107 [1] NCCL INFO Channel 29/0 : 5[1] -> 6[2] via P2P/MNNVL
node23D400680:1242:2110 [3] NCCL INFO Channel 26/0 : 7[3] -> 0[0] via P2P/MNNVL
node23D400680:1242:2110 [3] NCCL INFO Channel 27/0 : 7[3] -> 0[0] via P2P/MNNVL
node23D400680:1241:2109 [2] NCCL INFO Channel 30/0 : 6[2] -> 7[3] via P2P/MNNVL
node23D400680:1240:2107 [1] NCCL INFO Channel 30/0 : 5[1] -> 6[2] via P2P/MNNVL
node23D400680:1241:2109 [2] NCCL INFO Channel 31/0 : 6[2] -> 7[3] via P2P/MNNVL
node23D400680:1242:2110 [3] NCCL INFO Channel 28/0 : 7[3] -> 0[0] via P2P/MNNVL
node23D400680:1240:2107 [1] NCCL INFO Channel 31/0 : 5[1] -> 6[2] via P2P/MNNVL
node23D400680:1242:2110 [3] NCCL INFO Channel 29/0 : 7[3] -> 0[0] via P2P/MNNVL
node23D400680:1242:2110 [3] NCCL INFO Channel 30/0 : 7[3] -> 0[0] via P2P/MNNVL
node23D400680:1242:2110 [3] NCCL INFO Channel 31/0 : 7[3] -> 0[0] via P2P/MNNVL
node23D400680:1242:2110 [3] NCCL INFO Connected all rings, use ring PXN 0 GDR 1
node23D400680:1241:2109 [2] NCCL INFO Connected all rings, use ring PXN 0 GDR 1
node23D400680:1240:2107 [1] NCCL INFO Connected all rings, use ring PXN 0 GDR 1
node23D400680:1239:2108 [0] NCCL INFO Connected all rings, use ring PXN 0 GDR 1
node23D400680:1239:1239 [0] NCCL INFO Comm config Blocking set to 1
node23D400680:1240:1240 [1] NCCL INFO Comm config Blocking set to 1
node23D400680:1239:2111 [0] NCCL INFO Assigned NET plugin Socket to comm
node23D400680:1239:2111 [0] NCCL INFO Using network Socket
node23D400680:1240:2112 [1] NCCL INFO Assigned NET plugin Socket to comm
node23D400680:1240:2112 [1] NCCL INFO Using network Socket
node23D400680:1240:2112 [1] NCCL INFO ncclCommInitRankConfig comm 0x4440dde0 rank 1 nranks 2 cudaDev 1 nvmlDev 1 busId 901000 commId 0xe9f5a01771ee6a22 - Init START
node23D400680:1239:2111 [0] NCCL INFO ncclCommInitRankConfig comm 0x4bc7ab50 rank 1 nranks 2 cudaDev 0 nvmlDev 0 busId 801000 commId 0x5eca6bb67bbc9b39 - Init START
node23D400680:1240:2112 [1] NCCL INFO Bootstrap timings total 0.000904 (create 0.000042, send 0.000134, recv 0.000330, ring 0.000152, delay 0.000000)
node23D400680:1239:2111 [0] NCCL INFO Bootstrap timings total 0.000894 (create 0.000032, send 0.000134, recv 0.000386, ring 0.000164, delay 0.000000)
node23D400680:1241:1241 [2] NCCL INFO Comm config Blocking set to 1
node23D400680:1241:2113 [2] NCCL INFO Assigned NET plugin Socket to comm
node23D400680:1241:2113 [2] NCCL INFO Using network Socket
node23D400680:1239:2111 [0] NCCL INFO MNNVL busId 0x801000 fabric UUID aa48724aeeaad6a8.b34b901796a1c18d cliqueId 0x7ffe state 3 healthMask 0xaa
node23D400680:1241:2113 [2] NCCL INFO ncclCommInitRankConfig comm 0x4ed6acb0 rank 1 nranks 2 cudaDev 2 nvmlDev 2 busId 1801000 commId 0xf6c4f7e1f22b08cb - Init START
node23D400680:1240:2112 [1] NCCL INFO MNNVL busId 0x901000 fabric UUID aa48724aeeaad6a8.b34b901796a1c18d cliqueId 0x7ffe state 3 healthMask 0xaa
node23D400680:1239:2111 [0] NCCL INFO MNNVL 1 cliqueId 7ffe cliqueSize 2 cliqueRank 1
node23D400680:1241:2113 [2] NCCL INFO Bootstrap timings total 0.000876 (create 0.000034, send 0.000104, recv 0.000356, ring 0.000087, delay 0.000000)
node23D400680:1242:1242 [3] NCCL INFO Comm config Blocking set to 1
node23D400680:1242:2114 [3] NCCL INFO Assigned NET plugin Socket to comm
node23D400680:1242:2114 [3] NCCL INFO Using network Socket
node23D400680:1242:2114 [3] NCCL INFO ncclCommInitRankConfig comm 0x3f3cc370 rank 1 nranks 2 cudaDev 3 nvmlDev 3 busId 1901000 commId 0x64a77d9822504383 - Init START
node23D400680:1242:2114 [3] NCCL INFO Bootstrap timings total 0.001015 (create 0.000036, send 0.000145, recv 0.000427, ring 0.000088, delay 0.000000)
node23D400680:1241:2113 [2] NCCL INFO MNNVL busId 0x1801000 fabric UUID aa48724aeeaad6a8.b34b901796a1c18d cliqueId 0x7ffe state 3 healthMask 0xaa
node23D400680:1242:2114 [3] NCCL INFO MNNVL busId 0x1901000 fabric UUID aa48724aeeaad6a8.b34b901796a1c18d cliqueId 0x7ffe state 3 healthMask 0xaa
node23D400680:1240:2112 [1] NCCL INFO MNNVL 1 cliqueId 7ffe cliqueSize 2 cliqueRank 1
node23D400680:1241:2113 [2] NCCL INFO MNNVL 1 cliqueId 7ffe cliqueSize 2 cliqueRank 1
node23D400680:1242:2114 [3] NCCL INFO MNNVL 1 cliqueId 7ffe cliqueSize 2 cliqueRank 1
node23D400680:1239:2111 [0] NCCL INFO Setting affinity for GPU 0 to 0-71
node23D400680:1239:2111 [0] NCCL INFO comm 0x4bc7ab50 rank 1 nRanks 2 nNodes 1 localRanks 2 localRank 1 MNNVL 1
node23D400680:1239:2111 [0] NCCL INFO Trees [0] -1/-1/-1->1->0 [1] -1/-1/-1->1->0 [2] -1/-1/-1->1->0 [3] -1/-1/-1->1->0 [4] -1/-1/-1->1->0 [5] -1/-1/-1->1->0 [6] -1/-1/-1->1->0 [7] -1/-1/-1->1->0 [8] 0/-1/-1->1->-1 [9] 0/-1/-1->1->-1 [10] 0/-1/-1->1->-1 [11] 0/-1/-1->1->-1 [12] 0/-1/-1->1->-1 [13] 0/-1/-1->1->-1 [14] 0/-1/-1->1->-1 [15] 0/-1/-1->1->-1 [16] -1/-1/-1->1->0 [17] -1/-1/-1->1->0 [18] -1/-1/-1->1->0 [19] -1/-1/-1->1->0 [20] -1/-1/-1->1->0 [21] -1/-1/-1->1->0 [22] -1/-1/-1->1->0 [23] -1/-1/-1->1->0 [24] 0/-1/-1->1->-1 [25] 0/-1/-1->1->-1 [26] 0/-1/-1->1->-1 [27] 0/-1/-1->1->-1 [28] 0/-1/-1->1->-1 [29] 0/-1/-1->1->-1 [30] 0/-1/-1->1->-1 [31] 0/-1/-1->1->-1
node23D400680:1239:2111 [0] NCCL INFO P2P Chunksize set to 524288
node23D400680:1239:2116 [0] NCCL INFO [Proxy Service UDS] Device 0 CPU core 29
node23D400680:1239:2115 [0] NCCL INFO [Proxy Service] Device 0 CPU core 28
node23D400680:1240:2112 [1] NCCL INFO Setting affinity for GPU 1 to 0-71
node23D400680:1240:2112 [1] NCCL INFO comm 0x4440dde0 rank 1 nRanks 2 nNodes 1 localRanks 2 localRank 1 MNNVL 1
node23D400680:1240:2112 [1] NCCL INFO Trees [0] -1/-1/-1->1->0 [1] -1/-1/-1->1->0 [2] -1/-1/-1->1->0 [3] -1/-1/-1->1->0 [4] -1/-1/-1->1->0 [5] -1/-1/-1->1->0 [6] -1/-1/-1->1->0 [7] -1/-1/-1->1->0 [8] 0/-1/-1->1->-1 [9] 0/-1/-1->1->-1 [10] 0/-1/-1->1->-1 [11] 0/-1/-1->1->-1 [12] 0/-1/-1->1->-1 [13] 0/-1/-1->1->-1 [14] 0/-1/-1->1->-1 [15] 0/-1/-1->1->-1 [16] -1/-1/-1->1->0 [17] -1/-1/-1->1->0 [18] -1/-1/-1->1->0 [19] -1/-1/-1->1->0 [20] -1/-1/-1->1->0 [21] -1/-1/-1->1->0 [22] -1/-1/-1->1->0 [23] -1/-1/-1->1->0 [24] 0/-1/-1->1->-1 [25] 0/-1/-1->1->-1 [26] 0/-1/-1->1->-1 [27] 0/-1/-1->1->-1 [28] 0/-1/-1->1->-1 [29] 0/-1/-1->1->-1 [30] 0/-1/-1->1->-1 [31] 0/-1/-1->1->-1
node23D400680:1240:2112 [1] NCCL INFO P2P Chunksize set to 524288
node23D400680:1240:2117 [1] NCCL INFO [Proxy Service] Device 1 CPU core 24
node23D400680:1240:2118 [1] NCCL INFO [Proxy Service UDS] Device 1 CPU core 25
node23D400680:1241:2113 [2] NCCL INFO Setting affinity for GPU 2 to 72-143
node23D400680:1241:2113 [2] NCCL INFO comm 0x4ed6acb0 rank 1 nRanks 2 nNodes 1 localRanks 2 localRank 1 MNNVL 1
node23D400680:1241:2113 [2] NCCL INFO Trees [0] -1/-1/-1->1->0 [1] -1/-1/-1->1->0 [2] -1/-1/-1->1->0 [3] -1/-1/-1->1->0 [4] -1/-1/-1->1->0 [5] -1/-1/-1->1->0 [6] -1/-1/-1->1->0 [7] -1/-1/-1->1->0 [8] 0/-1/-1->1->-1 [9] 0/-1/-1->1->-1 [10] 0/-1/-1->1->-1 [11] 0/-1/-1->1->-1 [12] 0/-1/-1->1->-1 [13] 0/-1/-1->1->-1 [14] 0/-1/-1->1->-1 [15] 0/-1/-1->1->-1 [16] -1/-1/-1->1->0 [17] -1/-1/-1->1->0 [18] -1/-1/-1->1->0 [19] -1/-1/-1->1->0 [20] -1/-1/-1->1->0 [21] -1/-1/-1->1->0 [22] -1/-1/-1->1->0 [23] -1/-1/-1->1->0 [24] 0/-1/-1->1->-1 [25] 0/-1/-1->1->-1 [26] 0/-1/-1->1->-1 [27] 0/-1/-1->1->-1 [28] 0/-1/-1->1->-1 [29] 0/-1/-1->1->-1 [30] 0/-1/-1->1->-1 [31] 0/-1/-1->1->-1
node23D400680:1241:2113 [2] NCCL INFO P2P Chunksize set to 524288
node23D400680:1241:2119 [2] NCCL INFO [Proxy Service] Device 2 CPU core 74
node23D400680:1241:2120 [2] NCCL INFO [Proxy Service UDS] Device 2 CPU core 75
node23D400680:1242:2114 [3] NCCL INFO Setting affinity for GPU 3 to 72-143
node23D400680:1242:2114 [3] NCCL INFO comm 0x3f3cc370 rank 1 nRanks 2 nNodes 1 localRanks 2 localRank 1 MNNVL 1
node23D400680:1242:2114 [3] NCCL INFO Trees [0] -1/-1/-1->1->0 [1] -1/-1/-1->1->0 [2] -1/-1/-1->1->0 [3] -1/-1/-1->1->0 [4] -1/-1/-1->1->0 [5] -1/-1/-1->1->0 [6] -1/-1/-1->1->0 [7] -1/-1/-1->1->0 [8] 0/-1/-1->1->-1 [9] 0/-1/-1->1->-1 [10] 0/-1/-1->1->-1 [11] 0/-1/-1->1->-1 [12] 0/-1/-1->1->-1 [13] 0/-1/-1->1->-1 [14] 0/-1/-1->1->-1 [15] 0/-1/-1->1->-1 [16] -1/-1/-1->1->0 [17] -1/-1/-1->1->0 [18] -1/-1/-1->1->0 [19] -1/-1/-1->1->0 [20] -1/-1/-1->1->0 [21] -1/-1/-1->1->0 [22] -1/-1/-1->1->0 [23] -1/-1/-1->1->0 [24] 0/-1/-1->1->-1 [25] 0/-1/-1->1->-1 [26] 0/-1/-1->1->-1 [27] 0/-1/-1->1->-1 [28] 0/-1/-1->1->-1 [29] 0/-1/-1->1->-1 [30] 0/-1/-1->1->-1 [31] 0/-1/-1->1->-1
node23D400680:1242:2114 [3] NCCL INFO P2P Chunksize set to 524288
node23D400680:1242:2121 [3] NCCL INFO [Proxy Service] Device 3 CPU core 76
node23D400680:1242:2122 [3] NCCL INFO [Proxy Service UDS] Device 3 CPU core 77
node23D400680:1240:2112 [1] NCCL INFO threadThresholds 8/8/64 | 16/8/64 | 512 | 512
node23D400680:1240:2112 [1] NCCL INFO 32 coll channels, 32 collnet channels, 0 nvls channels, 32 p2p channels, 32 p2p channels per peer
node23D400680:1239:2111 [0] NCCL INFO threadThresholds 8/8/64 | 16/8/64 | 512 | 512
node23D400680:1239:2111 [0] NCCL INFO 32 coll channels, 32 collnet channels, 0 nvls channels, 32 p2p channels, 32 p2p channels per peer
node23D400680:1240:2112 [1] NCCL INFO ncclCommInitRankConfig comm 0x4440dde0 rank 1 nranks 2 cudaDev 1 nvmlDev 1 busId 901000 commId 0xe9f5a01771ee6a22 - Init COMPLETE
node23D400680:1240:2112 [1] NCCL INFO Init timings - ncclCommInitRankConfig: rank 1 nranks 2 total 0.58 (kernels 0.00, alloc 0.00, bootstrap 0.00, allgathers 0.00, topo 0.43, graphs 0.00, connections 0.13, rest 0.02)
node23D400680:1239:2111 [0] NCCL INFO ncclCommInitRankConfig comm 0x4bc7ab50 rank 1 nranks 2 cudaDev 0 nvmlDev 0 busId 801000 commId 0x5eca6bb67bbc9b39 - Init COMPLETE
node23D400680:1239:2111 [0] NCCL INFO Init timings - ncclCommInitRankConfig: rank 1 nranks 2 total 0.58 (kernels 0.00, alloc 0.00, bootstrap 0.00, allgathers 0.00, topo 0.36, graphs 0.00, connections 0.21, rest 0.00)
node23D400680:1241:2113 [2] NCCL INFO threadThresholds 8/8/64 | 16/8/64 | 512 | 512
node23D400680:1241:2113 [2] NCCL INFO 32 coll channels, 32 collnet channels, 0 nvls channels, 32 p2p channels, 32 p2p channels per peer
node23D400680:1241:2113 [2] NCCL INFO ncclCommInitRankConfig comm 0x4ed6acb0 rank 1 nranks 2 cudaDev 2 nvmlDev 2 busId 1801000 commId 0xf6c4f7e1f22b08cb - Init COMPLETE
node23D400680:1241:2113 [2] NCCL INFO Init timings - ncclCommInitRankConfig: rank 1 nranks 2 total 0.71 (kernels 0.00, alloc 0.00, bootstrap 0.00, allgathers 0.02, topo 0.51, graphs 0.00, connections 0.17, rest 0.02)
node23D400680:1242:2114 [3] NCCL INFO threadThresholds 8/8/64 | 16/8/64 | 512 | 512
node23D400680:1242:2114 [3] NCCL INFO 32 coll channels, 32 collnet channels, 0 nvls channels, 32 p2p channels, 32 p2p channels per peer
node23D400680:1242:2114 [3] NCCL INFO ncclCommInitRankConfig comm 0x3f3cc370 rank 1 nranks 2 cudaDev 3 nvmlDev 3 busId 1901000 commId 0x64a77d9822504383 - Init COMPLETE
node23D400680:1242:2114 [3] NCCL INFO Init timings - ncclCommInitRankConfig: rank 1 nranks 2 total 0.72 (kernels 0.00, alloc 0.00, bootstrap 0.00, allgathers 0.02, topo 0.43, graphs 0.00, connections 0.16, rest 0.10)
node23D400680:1240:2127 [1] NCCL INFO Channel 00/1 : 1[1] -> 0[1] via P2P/MNNVL
node23D400680:1240:2127 [1] NCCL INFO Channel 01/1 : 1[1] -> 0[1] via P2P/MNNVL
node23D400680:1239:2128 [0] NCCL INFO Channel 00/1 : 1[0] -> 0[0] via P2P/MNNVL
node23D400680:1239:2128 [0] NCCL INFO Channel 01/1 : 1[0] -> 0[0] via P2P/MNNVL
node23D400680:1240:2127 [1] NCCL INFO Channel 02/1 : 1[1] -> 0[1] via P2P/MNNVL
node23D400680:1240:2127 [1] NCCL INFO Channel 03/1 : 1[1] -> 0[1] via P2P/MNNVL
node23D400680:1239:2128 [0] NCCL INFO Channel 02/1 : 1[0] -> 0[0] via P2P/MNNVL
node23D400680:1240:2127 [1] NCCL INFO Channel 04/1 : 1[1] -> 0[1] via P2P/MNNVL
node23D400680:1239:2128 [0] NCCL INFO Channel 03/1 : 1[0] -> 0[0] via P2P/MNNVL
node23D400680:1239:2128 [0] NCCL INFO Channel 04/1 : 1[0] -> 0[0] via P2P/MNNVL
node23D400680:1240:2127 [1] NCCL INFO Channel 05/1 : 1[1] -> 0[1] via P2P/MNNVL
node23D400680:1239:2128 [0] NCCL INFO Channel 05/1 : 1[0] -> 0[0] via P2P/MNNVL
node23D400680:1240:2127 [1] NCCL INFO Channel 06/1 : 1[1] -> 0[1] via P2P/MNNVL
node23D400680:1240:2127 [1] NCCL INFO Channel 07/1 : 1[1] -> 0[1] via P2P/MNNVL
node23D400680:1239:2128 [0] NCCL INFO Channel 06/1 : 1[0] -> 0[0] via P2P/MNNVL
node23D400680:1240:2127 [1] NCCL INFO Channel 08/1 : 1[1] -> 0[1] via P2P/MNNVL
node23D400680:1239:2128 [0] NCCL INFO Channel 07/1 : 1[0] -> 0[0] via P2P/MNNVL
node23D400680:1239:2128 [0] NCCL INFO Channel 08/1 : 1[0] -> 0[0] via P2P/MNNVL
node23D400680:1240:2127 [1] NCCL INFO Channel 09/1 : 1[1] -> 0[1] via P2P/MNNVL
node23D400680:1240:2127 [1] NCCL INFO Channel 10/1 : 1[1] -> 0[1] via P2P/MNNVL
node23D400680:1239:2128 [0] NCCL INFO Channel 09/1 : 1[0] -> 0[0] via P2P/MNNVL
node23D400680:1240:2127 [1] NCCL INFO Channel 11/1 : 1[1] -> 0[1] via P2P/MNNVL
node23D400680:1239:2128 [0] NCCL INFO Channel 10/1 : 1[0] -> 0[0] via P2P/MNNVL
node23D400680:1240:2127 [1] NCCL INFO Channel 12/1 : 1[1] -> 0[1] via P2P/MNNVL
node23D400680:1239:2128 [0] NCCL INFO Channel 11/1 : 1[0] -> 0[0] via P2P/MNNVL
node23D400680:1239:2128 [0] NCCL INFO Channel 12/1 : 1[0] -> 0[0] via P2P/MNNVL
node23D400680:1240:2127 [1] NCCL INFO Channel 13/1 : 1[1] -> 0[1] via P2P/MNNVL
node23D400680:1239:2128 [0] NCCL INFO Channel 13/1 : 1[0] -> 0[0] via P2P/MNNVL
node23D400680:1240:2127 [1] NCCL INFO Channel 14/1 : 1[1] -> 0[1] via P2P/MNNVL
node23D400680:1240:2127 [1] NCCL INFO Channel 15/1 : 1[1] -> 0[1] via P2P/MNNVL
node23D400680:1239:2128 [0] NCCL INFO Channel 14/1 : 1[0] -> 0[0] via P2P/MNNVL
node23D400680:1240:2127 [1] NCCL INFO Channel 16/1 : 1[1] -> 0[1] via P2P/MNNVL
node23D400680:1239:2128 [0] NCCL INFO Channel 15/1 : 1[0] -> 0[0] via P2P/MNNVL
node23D400680:1240:2127 [1] NCCL INFO Channel 17/1 : 1[1] -> 0[1] via P2P/MNNVL
node23D400680:1239:2128 [0] NCCL INFO Channel 16/1 : 1[0] -> 0[0] via P2P/MNNVL
node23D400680:1239:2128 [0] NCCL INFO Channel 17/1 : 1[0] -> 0[0] via P2P/MNNVL
node23D400680:1240:2127 [1] NCCL INFO Channel 18/1 : 1[1] -> 0[1] via P2P/MNNVL
node23D400680:1240:2127 [1] NCCL INFO Channel 19/1 : 1[1] -> 0[1] via P2P/MNNVL
node23D400680:1239:2128 [0] NCCL INFO Channel 18/1 : 1[0] -> 0[0] via P2P/MNNVL
node23D400680:1239:2128 [0] NCCL INFO Channel 19/1 : 1[0] -> 0[0] via P2P/MNNVL
node23D400680:1240:2127 [1] NCCL INFO Channel 20/1 : 1[1] -> 0[1] via P2P/MNNVL
node23D400680:1240:2127 [1] NCCL INFO Channel 21/1 : 1[1] -> 0[1] via P2P/MNNVL
node23D400680:1239:2128 [0] NCCL INFO Channel 20/1 : 1[0] -> 0[0] via P2P/MNNVL
node23D400680:1240:2127 [1] NCCL INFO Channel 22/1 : 1[1] -> 0[1] via P2P/MNNVL
node23D400680:1239:2128 [0] NCCL INFO Channel 21/1 : 1[0] -> 0[0] via P2P/MNNVL
node23D400680:1240:2127 [1] NCCL INFO Channel 23/1 : 1[1] -> 0[1] via P2P/MNNVL
node23D400680:1239:2128 [0] NCCL INFO Channel 22/1 : 1[0] -> 0[0] via P2P/MNNVL
node23D400680:1240:2127 [1] NCCL INFO Channel 24/1 : 1[1] -> 0[1] via P2P/MNNVL
node23D400680:1239:2128 [0] NCCL INFO Channel 23/1 : 1[0] -> 0[0] via P2P/MNNVL
node23D400680:1239:2128 [0] NCCL INFO Channel 24/1 : 1[0] -> 0[0] via P2P/MNNVL
node23D400680:1240:2127 [1] NCCL INFO Channel 25/1 : 1[1] -> 0[1] via P2P/MNNVL
node23D400680:1240:2127 [1] NCCL INFO Channel 26/1 : 1[1] -> 0[1] via P2P/MNNVL
node23D400680:1239:2128 [0] NCCL INFO Channel 25/1 : 1[0] -> 0[0] via P2P/MNNVL
node23D400680:1239:2128 [0] NCCL INFO Channel 26/1 : 1[0] -> 0[0] via P2P/MNNVL
node23D400680:1240:2127 [1] NCCL INFO Channel 27/1 : 1[1] -> 0[1] via P2P/MNNVL
node23D400680:1239:2128 [0] NCCL INFO Channel 27/1 : 1[0] -> 0[0] via P2P/MNNVL
node23D400680:1240:2127 [1] NCCL INFO Channel 28/1 : 1[1] -> 0[1] via P2P/MNNVL
node23D400680:1239:2128 [0] NCCL INFO Channel 28/1 : 1[0] -> 0[0] via P2P/MNNVL
node23D400680:1240:2127 [1] NCCL INFO Channel 29/1 : 1[1] -> 0[1] via P2P/MNNVL
node23D400680:1239:2128 [0] NCCL INFO Channel 29/1 : 1[0] -> 0[0] via P2P/MNNVL
node23D400680:1240:2127 [1] NCCL INFO Channel 30/1 : 1[1] -> 0[1] via P2P/MNNVL
node23D400680:1240:2127 [1] NCCL INFO Channel 31/1 : 1[1] -> 0[1] via P2P/MNNVL
node23D400680:1239:2128 [0] NCCL INFO Channel 30/1 : 1[0] -> 0[0] via P2P/MNNVL
node23D400680:1239:2128 [0] NCCL INFO Channel 31/1 : 1[0] -> 0[0] via P2P/MNNVL
node23D400680:1241:2129 [2] NCCL INFO Channel 00/1 : 1[2] -> 0[2] via P2P/MNNVL
node23D400680:1241:2129 [2] NCCL INFO Channel 01/1 : 1[2] -> 0[2] via P2P/MNNVL
node23D400680:1242:2130 [3] NCCL INFO Channel 00/1 : 1[3] -> 0[3] via P2P/MNNVL
node23D400680:1241:2129 [2] NCCL INFO Channel 02/1 : 1[2] -> 0[2] via P2P/MNNVL
node23D400680:1242:2130 [3] NCCL INFO Channel 01/1 : 1[3] -> 0[3] via P2P/MNNVL
node23D400680:1241:2129 [2] NCCL INFO Channel 03/1 : 1[2] -> 0[2] via P2P/MNNVL
node23D400680:1242:2130 [3] NCCL INFO Channel 02/1 : 1[3] -> 0[3] via P2P/MNNVL
node23D400680:1241:2129 [2] NCCL INFO Channel 04/1 : 1[2] -> 0[2] via P2P/MNNVL
node23D400680:1242:2130 [3] NCCL INFO Channel 03/1 : 1[3] -> 0[3] via P2P/MNNVL
node23D400680:1242:2130 [3] NCCL INFO Channel 04/1 : 1[3] -> 0[3] via P2P/MNNVL
node23D400680:1241:2129 [2] NCCL INFO Channel 05/1 : 1[2] -> 0[2] via P2P/MNNVL
node23D400680:1242:2130 [3] NCCL INFO Channel 05/1 : 1[3] -> 0[3] via P2P/MNNVL
node23D400680:1241:2129 [2] NCCL INFO Channel 06/1 : 1[2] -> 0[2] via P2P/MNNVL
node23D400680:1241:2129 [2] NCCL INFO Channel 07/1 : 1[2] -> 0[2] via P2P/MNNVL
node23D400680:1242:2130 [3] NCCL INFO Channel 06/1 : 1[3] -> 0[3] via P2P/MNNVL
node23D400680:1241:2129 [2] NCCL INFO Channel 08/1 : 1[2] -> 0[2] via P2P/MNNVL
node23D400680:1242:2130 [3] NCCL INFO Channel 07/1 : 1[3] -> 0[3] via P2P/MNNVL
node23D400680:1241:2129 [2] NCCL INFO Channel 09/1 : 1[2] -> 0[2] via P2P/MNNVL
node23D400680:1242:2130 [3] NCCL INFO Channel 08/1 : 1[3] -> 0[3] via P2P/MNNVL
node23D400680:1241:2129 [2] NCCL INFO Channel 10/1 : 1[2] -> 0[2] via P2P/MNNVL
node23D400680:1242:2130 [3] NCCL INFO Channel 09/1 : 1[3] -> 0[3] via P2P/MNNVL
node23D400680:1241:2129 [2] NCCL INFO Channel 11/1 : 1[2] -> 0[2] via P2P/MNNVL
node23D400680:1242:2130 [3] NCCL INFO Channel 10/1 : 1[3] -> 0[3] via P2P/MNNVL
node23D400680:1241:2129 [2] NCCL INFO Channel 12/1 : 1[2] -> 0[2] via P2P/MNNVL
node23D400680:1242:2130 [3] NCCL INFO Channel 11/1 : 1[3] -> 0[3] via P2P/MNNVL
node23D400680:1241:2129 [2] NCCL INFO Channel 13/1 : 1[2] -> 0[2] via P2P/MNNVL
node23D400680:1242:2130 [3] NCCL INFO Channel 12/1 : 1[3] -> 0[3] via P2P/MNNVL
node23D400680:1242:2130 [3] NCCL INFO Channel 13/1 : 1[3] -> 0[3] via P2P/MNNVL
node23D400680:1241:2129 [2] NCCL INFO Channel 14/1 : 1[2] -> 0[2] via P2P/MNNVL
node23D400680:1241:2129 [2] NCCL INFO Channel 15/1 : 1[2] -> 0[2] via P2P/MNNVL
node23D400680:1242:2130 [3] NCCL INFO Channel 14/1 : 1[3] -> 0[3] via P2P/MNNVL
node23D400680:1241:2129 [2] NCCL INFO Channel 16/1 : 1[2] -> 0[2] via P2P/MNNVL
node23D400680:1242:2130 [3] NCCL INFO Channel 15/1 : 1[3] -> 0[3] via P2P/MNNVL
node23D400680:1242:2130 [3] NCCL INFO Channel 16/1 : 1[3] -> 0[3] via P2P/MNNVL
node23D400680:1241:2129 [2] NCCL INFO Channel 17/1 : 1[2] -> 0[2] via P2P/MNNVL
node23D400680:1242:2130 [3] NCCL INFO Channel 17/1 : 1[3] -> 0[3] via P2P/MNNVL
node23D400680:1241:2129 [2] NCCL INFO Channel 18/1 : 1[2] -> 0[2] via P2P/MNNVL
node23D400680:1241:2129 [2] NCCL INFO Channel 19/1 : 1[2] -> 0[2] via P2P/MNNVL
node23D400680:1242:2130 [3] NCCL INFO Channel 18/1 : 1[3] -> 0[3] via P2P/MNNVL
node23D400680:1241:2129 [2] NCCL INFO Channel 20/1 : 1[2] -> 0[2] via P2P/MNNVL
node23D400680:1242:2130 [3] NCCL INFO Channel 19/1 : 1[3] -> 0[3] via P2P/MNNVL
node23D400680:1242:2130 [3] NCCL INFO Channel 20/1 : 1[3] -> 0[3] via P2P/MNNVL
node23D400680:1241:2129 [2] NCCL INFO Channel 21/1 : 1[2] -> 0[2] via P2P/MNNVL
node23D400680:1242:2130 [3] NCCL INFO Channel 21/1 : 1[3] -> 0[3] via P2P/MNNVL
node23D400680:1241:2129 [2] NCCL INFO Channel 22/1 : 1[2] -> 0[2] via P2P/MNNVL
node23D400680:1242:2130 [3] NCCL INFO Channel 22/1 : 1[3] -> 0[3] via P2P/MNNVL
node23D400680:1241:2129 [2] NCCL INFO Channel 23/1 : 1[2] -> 0[2] via P2P/MNNVL
node23D400680:1242:2130 [3] NCCL INFO Channel 23/1 : 1[3] -> 0[3] via P2P/MNNVL
node23D400680:1241:2129 [2] NCCL INFO Channel 24/1 : 1[2] -> 0[2] via P2P/MNNVL
node23D400680:1242:2130 [3] NCCL INFO Channel 24/1 : 1[3] -> 0[3] via P2P/MNNVL
node23D400680:1241:2129 [2] NCCL INFO Channel 25/1 : 1[2] -> 0[2] via P2P/MNNVL
node23D400680:1242:2130 [3] NCCL INFO Channel 25/1 : 1[3] -> 0[3] via P2P/MNNVL
node23D400680:1241:2129 [2] NCCL INFO Channel 26/1 : 1[2] -> 0[2] via P2P/MNNVL
node23D400680:1242:2130 [3] NCCL INFO Channel 26/1 : 1[3] -> 0[3] via P2P/MNNVL
node23D400680:1241:2129 [2] NCCL INFO Channel 27/1 : 1[2] -> 0[2] via P2P/MNNVL
node23D400680:1242:2130 [3] NCCL INFO Channel 27/1 : 1[3] -> 0[3] via P2P/MNNVL
node23D400680:1241:2129 [2] NCCL INFO Channel 28/1 : 1[2] -> 0[2] via P2P/MNNVL
node23D400680:1242:2130 [3] NCCL INFO Channel 28/1 : 1[3] -> 0[3] via P2P/MNNVL
node23D400680:1242:2130 [3] NCCL INFO Channel 29/1 : 1[3] -> 0[3] via P2P/MNNVL
node23D400680:1241:2129 [2] NCCL INFO Channel 29/1 : 1[2] -> 0[2] via P2P/MNNVL
node23D400680:1242:2130 [3] NCCL INFO Channel 30/1 : 1[3] -> 0[3] via P2P/MNNVL
node23D400680:1241:2129 [2] NCCL INFO Channel 30/1 : 1[2] -> 0[2] via P2P/MNNVL
node23D400680:1242:2130 [3] NCCL INFO Channel 31/1 : 1[3] -> 0[3] via P2P/MNNVL
node23D400680:1241:2129 [2] NCCL INFO Channel 31/1 : 1[2] -> 0[2] via P2P/MNNVL
node23D400680:1240:1240 [1] NCCL INFO Comm config Blocking set to 1
node23D400680:1239:1239 [0] NCCL INFO Comm config Blocking set to 1
node23D400680:1242:1242 [3] NCCL INFO Comm config Blocking set to 1
node23D400680:1241:1241 [2] NCCL INFO Comm config Blocking set to 1
node23D400680:1239:2480 [0] NCCL INFO Assigned NET plugin Socket to comm
node23D400680:1240:2479 [1] NCCL INFO Assigned NET plugin Socket to comm
node23D400680:1239:2480 [0] NCCL INFO Using network Socket
node23D400680:1242:2481 [3] NCCL INFO Assigned NET plugin Socket to comm
node23D400680:1240:2479 [1] NCCL INFO Using network Socket
node23D400680:1242:2481 [3] NCCL INFO Using network Socket
node23D400680:1241:2482 [2] NCCL INFO Assigned NET plugin Socket to comm
node23D400680:1241:2482 [2] NCCL INFO Using network Socket
node23D400680:1240:2479 [1] NCCL INFO ncclCommInitRankConfig comm 0x459cd4b0 rank 13 nranks 16 cudaDev 1 nvmlDev 1 busId 901000 commId 0x7bc04c67127dce45 - Init START
node23D400680:1239:2480 [0] NCCL INFO ncclCommInitRankConfig comm 0x4d7a8440 rank 12 nranks 16 cudaDev 0 nvmlDev 0 busId 801000 commId 0x7bc04c67127dce45 - Init START
node23D400680:1242:2481 [3] NCCL INFO ncclCommInitRankConfig comm 0x40721c60 rank 15 nranks 16 cudaDev 3 nvmlDev 3 busId 1901000 commId 0x7bc04c67127dce45 - Init START
node23D400680:1241:2482 [2] NCCL INFO ncclCommInitRankConfig comm 0x501574b0 rank 14 nranks 16 cudaDev 2 nvmlDev 2 busId 1801000 commId 0x7bc04c67127dce45 - Init START
node23D400680:1239:2480 [0] NCCL INFO Bootstrap timings total 0.001765 (create 0.000061, send 0.000188, recv 0.000791, ring 0.000499, delay 0.000000)
node23D400680:1240:2479 [1] NCCL INFO Bootstrap timings total 0.001775 (create 0.000077, send 0.000147, recv 0.000320, ring 0.000606, delay 0.000000)
node23D400680:1241:2482 [2] NCCL INFO Bootstrap timings total 0.001740 (create 0.000026, send 0.000158, recv 0.000475, ring 0.000925, delay 0.000000)
node23D400680:1242:2481 [3] NCCL INFO Bootstrap timings total 0.001774 (create 0.000048, send 0.000187, recv 0.000557, ring 0.000703, delay 0.000000)
node23D400680:1242:2481 [3] NCCL INFO MNNVL busId 0x1901000 fabric UUID aa48724aeeaad6a8.b34b901796a1c18d cliqueId 0x7ffe state 3 healthMask 0xaa
node23D400680:1240:2479 [1] NCCL INFO MNNVL busId 0x901000 fabric UUID aa48724aeeaad6a8.b34b901796a1c18d cliqueId 0x7ffe state 3 healthMask 0xaa
node23D400680:1241:2482 [2] NCCL INFO MNNVL busId 0x1801000 fabric UUID aa48724aeeaad6a8.b34b901796a1c18d cliqueId 0x7ffe state 3 healthMask 0xaa
node23D400680:1239:2480 [0] NCCL INFO MNNVL busId 0x801000 fabric UUID aa48724aeeaad6a8.b34b901796a1c18d cliqueId 0x7ffe state 3 healthMask 0xaa
node23D400680:1240:2479 [1] NCCL INFO MNNVL 1 cliqueId 7ffe cliqueSize 16 cliqueRank 13
node23D400680:1242:2481 [3] NCCL INFO MNNVL 1 cliqueId 7ffe cliqueSize 16 cliqueRank 15
node23D400680:1241:2482 [2] NCCL INFO MNNVL 1 cliqueId 7ffe cliqueSize 16 cliqueRank 14
node23D400680:1239:2480 [0] NCCL INFO MNNVL 1 cliqueId 7ffe cliqueSize 16 cliqueRank 12
node23D400680:1242:2481 [3] NCCL INFO Setting affinity for GPU 3 to 72-143
node23D400680:1240:2479 [1] NCCL INFO Setting affinity for GPU 1 to 0-71
node23D400680:1241:2482 [2] NCCL INFO Setting affinity for GPU 2 to 72-143
node23D400680:1239:2480 [0] NCCL INFO Setting affinity for GPU 0 to 0-71
node23D400680:1242:2481 [3] NCCL INFO comm 0x40721c60 rank 15 nRanks 16 nNodes 1 localRanks 16 localRank 15 MNNVL 1
node23D400680:1242:2481 [3] NCCL INFO Trees [0] -1/-1/-1->15->14 [1] -1/-1/-1->15->14 [2] -1/-1/-1->15->14 [3] -1/-1/-1->15->14 [4] -1/-1/-1->15->14 [5] -1/-1/-1->15->14 [6] -1/-1/-1->15->14 [7] -1/-1/-1->15->14 [8] -1/-1/-1->15->14 [9] -1/-1/-1->15->14 [10] -1/-1/-1->15->14 [11] -1/-1/-1->15->14 [12] -1/-1/-1->15->14 [13] -1/-1/-1->15->14 [14] -1/-1/-1->15->14 [15] -1/-1/-1->15->14 [16] -1/-1/-1->15->14 [17] -1/-1/-1->15->14 [18] -1/-1/-1->15->14 [19] -1/-1/-1->15->14 [20] -1/-1/-1->15->14 [21] -1/-1/-1->15->14 [22] -1/-1/-1->15->14 [23] -1/-1/-1->15->14 [24] -1/-1/-1->15->14 [25] -1/-1/-1->15->14 [26] -1/-1/-1->15->14 [27] -1/-1/-1->15->14 [28] -1/-1/-1->15->14 [29] -1/-1/-1->15->14 [30] -1/-1/-1->15->14 [31] -1/-1/-1->15->14
node23D400680:1242:2481 [3] NCCL INFO P2P Chunksize set to 524288
node23D400680:1240:2479 [1] NCCL INFO comm 0x459cd4b0 rank 13 nRanks 16 nNodes 1 localRanks 16 localRank 13 MNNVL 1
node23D400680:1241:2482 [2] NCCL INFO comm 0x501574b0 rank 14 nRanks 16 nNodes 1 localRanks 16 localRank 14 MNNVL 1
node23D400680:1240:2479 [1] NCCL INFO Trees [0] 14/-1/-1->13->12 [1] 14/-1/-1->13->12 [2] 14/-1/-1->13->12 [3] 14/-1/-1->13->12 [4] 14/-1/-1->13->12 [5] 14/-1/-1->13->12 [6] 14/-1/-1->13->12 [7] 14/-1/-1->13->12 [8] 14/-1/-1->13->12 [9] 14/-1/-1->13->12 [10] 14/-1/-1->13->12 [11] 14/-1/-1->13->12 [12] 14/-1/-1->13->12 [13] 14/-1/-1->13->12 [14] 14/-1/-1->13->12 [15] 14/-1/-1->13->12 [16] 14/-1/-1->13->12 [17] 14/-1/-1->13->12 [18] 14/-1/-1->13->12 [19] 14/-1/-1->13->12 [20] 14/-1/-1->13->12 [21] 14/-1/-1->13->12 [22] 14/-1/-1->13->12 [23] 14/-1/-1->13->12 [24] 14/-1/-1->13->12 [25] 14/-1/-1->13->12 [26] 14/-1/-1->13->12 [27] 14/-1/-1->13->12 [28] 14/-1/-1->13->12 [29] 14/-1/-1->13->12 [30] 14/-1/-1->13->12 [31] 14/-1/-1->13->12
node23D400680:1240:2479 [1] NCCL INFO P2P Chunksize set to 524288
node23D400680:1241:2482 [2] NCCL INFO Trees [0] 15/-1/-1->14->13 [1] 15/-1/-1->14->13 [2] 15/-1/-1->14->13 [3] 15/-1/-1->14->13 [4] 15/-1/-1->14->13 [5] 15/-1/-1->14->13 [6] 15/-1/-1->14->13 [7] 15/-1/-1->14->13 [8] 15/-1/-1->14->13 [9] 15/-1/-1->14->13 [10] 15/-1/-1->14->13 [11] 15/-1/-1->14->13 [12] 15/-1/-1->14->13 [13] 15/-1/-1->14->13 [14] 15/-1/-1->14->13 [15] 15/-1/-1->14->13 [16] 15/-1/-1->14->13 [17] 15/-1/-1->14->13 [18] 15/-1/-1->14->13 [19] 15/-1/-1->14->13 [20] 15/-1/-1->14->13 [21] 15/-1/-1->14->13 [22] 15/-1/-1->14->13 [23] 15/-1/-1->14->13 [24] 15/-1/-1->14->13 [25] 15/-1/-1->14->13 [26] 15/-1/-1->14->13 [27] 15/-1/-1->14->13 [28] 15/-1/-1->14->13 [29] 15/-1/-1->14->13 [30] 15/-1/-1->14->13 [31] 15/-1/-1->14->13
node23D400680:1241:2482 [2] NCCL INFO P2P Chunksize set to 524288
node23D400680:1242:2483 [3] NCCL INFO [Proxy Service] Device 3 CPU core 79
node23D400680:1242:2484 [3] NCCL INFO [Proxy Service UDS] Device 3 CPU core 80
node23D400680:1240:2485 [1] NCCL INFO [Proxy Service] Device 1 CPU core 58
node23D400680:1241:2486 [2] NCCL INFO [Proxy Service] Device 2 CPU core 128
node23D400680:1240:2487 [1] NCCL INFO [Proxy Service UDS] Device 1 CPU core 59
node23D400680:1239:2480 [0] NCCL INFO comm 0x4d7a8440 rank 12 nRanks 16 nNodes 1 localRanks 16 localRank 12 MNNVL 1
node23D400680:1241:2488 [2] NCCL INFO [Proxy Service UDS] Device 2 CPU core 130
node23D400680:1239:2480 [0] NCCL INFO Trees [0] 13/-1/-1->12->11 [1] 13/-1/-1->12->11 [2] 13/-1/-1->12->11 [3] 13/-1/-1->12->11 [4] 13/-1/-1->12->11 [5] 13/-1/-1->12->11 [6] 13/-1/-1->12->11 [7] 13/-1/-1->12->11 [8] 13/-1/-1->12->11 [9] 13/-1/-1->12->11 [10] 13/-1/-1->12->11 [11] 13/-1/-1->12->11 [12] 13/-1/-1->12->11 [13] 13/-1/-1->12->11 [14] 13/-1/-1->12->11 [15] 13/-1/-1->12->11 [16] 13/-1/-1->12->11 [17] 13/-1/-1->12->11 [18] 13/-1/-1->12->11 [19] 13/-1/-1->12->11 [20] 13/-1/-1->12->11 [21] 13/-1/-1->12->11 [22] 13/-1/-1->12->11 [23] 13/-1/-1->12->11 [24] 13/-1/-1->12->11 [25] 13/-1/-1->12->11 [26] 13/-1/-1->12->11 [27] 13/-1/-1->12->11 [28] 13/-1/-1->12->11 [29] 13/-1/-1->12->11 [30] 13/-1/-1->12->11 [31] 13/-1/-1->12->11
node23D400680:1239:2480 [0] NCCL INFO P2P Chunksize set to 524288
node23D400680:1239:2489 [0] NCCL INFO [Proxy Service] Device 0 CPU core 36
node23D400680:1239:2490 [0] NCCL INFO [Proxy Service UDS] Device 0 CPU core 37
node23D400680:1240:2479 [1] NCCL INFO threadThresholds 8/8/64 | 128/8/64 | 512 | 512
node23D400680:1240:2479 [1] NCCL INFO 32 coll channels, 32 collnet channels, 0 nvls channels, 32 p2p channels, 32 p2p channels per peer
node23D400680:1239:2480 [0] NCCL INFO threadThresholds 8/8/64 | 128/8/64 | 512 | 512
node23D400680:1239:2480 [0] NCCL INFO 32 coll channels, 32 collnet channels, 0 nvls channels, 32 p2p channels, 32 p2p channels per peer
node23D400680:1242:2481 [3] NCCL INFO threadThresholds 8/8/64 | 128/8/64 | 512 | 512
node23D400680:1242:2481 [3] NCCL INFO 32 coll channels, 32 collnet channels, 0 nvls channels, 32 p2p channels, 32 p2p channels per peer
node23D400680:1241:2482 [2] NCCL INFO threadThresholds 8/8/64 | 128/8/64 | 512 | 512
node23D400680:1241:2482 [2] NCCL INFO 32 coll channels, 32 collnet channels, 0 nvls channels, 32 p2p channels, 32 p2p channels per peer
node23D400680:1242:2481 [3] NCCL INFO ncclCommInitRankConfig comm 0x40721c60 rank 15 nranks 16 cudaDev 3 nvmlDev 3 busId 1901000 commId 0x7bc04c67127dce45 - Init COMPLETE
node23D400680:1240:2479 [1] NCCL INFO ncclCommInitRankConfig comm 0x459cd4b0 rank 13 nranks 16 cudaDev 1 nvmlDev 1 busId 901000 commId 0x7bc04c67127dce45 - Init COMPLETE
node23D400680:1242:2481 [3] NCCL INFO Init timings - ncclCommInitRankConfig: rank 15 nranks 16 total 1.13 (kernels 0.00, alloc 0.00, bootstrap 0.00, allgathers 0.05, topo 0.91, graphs 0.00, connections 0.16, rest 0.01)
node23D400680:1240:2479 [1] NCCL INFO Init timings - ncclCommInitRankConfig: rank 13 nranks 16 total 1.13 (kernels 0.00, alloc 0.00, bootstrap 0.00, allgathers 0.04, topo 0.92, graphs 0.00, connections 0.15, rest 0.02)
node23D400680:1239:2480 [0] NCCL INFO ncclCommInitRankConfig comm 0x4d7a8440 rank 12 nranks 16 cudaDev 0 nvmlDev 0 busId 801000 commId 0x7bc04c67127dce45 - Init COMPLETE
node23D400680:1239:2480 [0] NCCL INFO Init timings - ncclCommInitRankConfig: rank 12 nranks 16 total 1.14 (kernels 0.00, alloc 0.00, bootstrap 0.00, allgathers 0.01, topo 0.95, graphs 0.00, connections 0.15, rest 0.02)
node23D400680:1241:2482 [2] NCCL INFO ncclCommInitRankConfig comm 0x501574b0 rank 14 nranks 16 cudaDev 2 nvmlDev 2 busId 1801000 commId 0x7bc04c67127dce45 - Init COMPLETE
node23D400680:1241:2482 [2] NCCL INFO Init timings - ncclCommInitRankConfig: rank 14 nranks 16 total 1.14 (kernels 0.00, alloc 0.00, bootstrap 0.00, allgathers 0.04, topo 0.92, graphs 0.00, connections 0.16, rest 0.02)
node23D400680:1240:2491 [1] NCCL INFO Channel 00/0 : 13[1] -> 14[2] via P2P/MNNVL
node23D400680:1240:2491 [1] NCCL INFO Channel 01/0 : 13[1] -> 14[2] via P2P/MNNVL
node23D400680:1240:2491 [1] NCCL INFO Channel 02/0 : 13[1] -> 14[2] via P2P/MNNVL
node23D400680:1242:2492 [3] NCCL INFO Channel 00/0 : 15[3] -> 0[0] via P2P/MNNVL
node23D400680:1240:2491 [1] NCCL INFO Channel 03/0 : 13[1] -> 14[2] via P2P/MNNVL
node23D400680:1239:2493 [0] NCCL INFO Channel 00/0 : 12[0] -> 13[1] via P2P/MNNVL
node23D400680:1242:2492 [3] NCCL INFO Channel 01/0 : 15[3] -> 0[0] via P2P/MNNVL
node23D400680:1240:2491 [1] NCCL INFO Channel 04/0 : 13[1] -> 14[2] via P2P/MNNVL
node23D400680:1239:2493 [0] NCCL INFO Channel 01/0 : 12[0] -> 13[1] via P2P/MNNVL
node23D400680:1242:2492 [3] NCCL INFO Channel 02/0 : 15[3] -> 0[0] via P2P/MNNVL
node23D400680:1241:2494 [2] NCCL INFO Channel 00/0 : 14[2] -> 15[3] via P2P/MNNVL
node23D400680:1240:2491 [1] NCCL INFO Channel 05/0 : 13[1] -> 14[2] via P2P/MNNVL
node23D400680:1239:2493 [0] NCCL INFO Channel 02/0 : 12[0] -> 13[1] via P2P/MNNVL
node23D400680:1240:2491 [1] NCCL INFO Channel 06/0 : 13[1] -> 14[2] via P2P/MNNVL
node23D400680:1241:2494 [2] NCCL INFO Channel 01/0 : 14[2] -> 15[3] via P2P/MNNVL
node23D400680:1242:2492 [3] NCCL INFO Channel 03/0 : 15[3] -> 0[0] via P2P/MNNVL
node23D400680:1240:2491 [1] NCCL INFO Channel 07/0 : 13[1] -> 14[2] via P2P/MNNVL
node23D400680:1239:2493 [0] NCCL INFO Channel 03/0 : 12[0] -> 13[1] via P2P/MNNVL
node23D400680:1241:2494 [2] NCCL INFO Channel 02/0 : 14[2] -> 15[3] via P2P/MNNVL
node23D400680:1240:2491 [1] NCCL INFO Channel 08/0 : 13[1] -> 14[2] via P2P/MNNVL
node23D400680:1239:2493 [0] NCCL INFO Channel 04/0 : 12[0] -> 13[1] via P2P/MNNVL
node23D400680:1242:2492 [3] NCCL INFO Channel 04/0 : 15[3] -> 0[0] via P2P/MNNVL
node23D400680:1240:2491 [1] NCCL INFO Channel 09/0 : 13[1] -> 14[2] via P2P/MNNVL
node23D400680:1241:2494 [2] NCCL INFO Channel 03/0 : 14[2] -> 15[3] via P2P/MNNVL
node23D400680:1239:2493 [0] NCCL INFO Channel 05/0 : 12[0] -> 13[1] via P2P/MNNVL
node23D400680:1242:2492 [3] NCCL INFO Channel 05/0 : 15[3] -> 0[0] via P2P/MNNVL
node23D400680:1240:2491 [1] NCCL INFO Channel 10/0 : 13[1] -> 14[2] via P2P/MNNVL
node23D400680:1241:2494 [2] NCCL INFO Channel 04/0 : 14[2] -> 15[3] via P2P/MNNVL
node23D400680:1239:2493 [0] NCCL INFO Channel 06/0 : 12[0] -> 13[1] via P2P/MNNVL
node23D400680:1242:2492 [3] NCCL INFO Channel 06/0 : 15[3] -> 0[0] via P2P/MNNVL
node23D400680:1240:2491 [1] NCCL INFO Channel 11/0 : 13[1] -> 14[2] via P2P/MNNVL
node23D400680:1241:2494 [2] NCCL INFO Channel 05/0 : 14[2] -> 15[3] via P2P/MNNVL
node23D400680:1239:2493 [0] NCCL INFO Channel 07/0 : 12[0] -> 13[1] via P2P/MNNVL
node23D400680:1242:2492 [3] NCCL INFO Channel 07/0 : 15[3] -> 0[0] via P2P/MNNVL
node23D400680:1241:2494 [2] NCCL INFO Channel 06/0 : 14[2] -> 15[3] via P2P/MNNVL
node23D400680:1240:2491 [1] NCCL INFO Channel 12/0 : 13[1] -> 14[2] via P2P/MNNVL
node23D400680:1239:2493 [0] NCCL INFO Channel 08/0 : 12[0] -> 13[1] via P2P/MNNVL
node23D400680:1242:2492 [3] NCCL INFO Channel 08/0 : 15[3] -> 0[0] via P2P/MNNVL
node23D400680:1240:2491 [1] NCCL INFO Channel 13/0 : 13[1] -> 14[2] via P2P/MNNVL
node23D400680:1240:2491 [1] NCCL INFO Channel 14/0 : 13[1] -> 14[2] via P2P/MNNVL
node23D400680:1241:2494 [2] NCCL INFO Channel 07/0 : 14[2] -> 15[3] via P2P/MNNVL
node23D400680:1242:2492 [3] NCCL INFO Channel 09/0 : 15[3] -> 0[0] via P2P/MNNVL
node23D400680:1239:2493 [0] NCCL INFO Channel 09/0 : 12[0] -> 13[1] via P2P/MNNVL
node23D400680:1241:2494 [2] NCCL INFO Channel 08/0 : 14[2] -> 15[3] via P2P/MNNVL
node23D400680:1242:2492 [3] NCCL INFO Channel 10/0 : 15[3] -> 0[0] via P2P/MNNVL
node23D400680:1239:2493 [0] NCCL INFO Channel 10/0 : 12[0] -> 13[1] via P2P/MNNVL
node23D400680:1240:2491 [1] NCCL INFO Channel 15/0 : 13[1] -> 14[2] via P2P/MNNVL
node23D400680:1241:2494 [2] NCCL INFO Channel 09/0 : 14[2] -> 15[3] via P2P/MNNVL
node23D400680:1239:2493 [0] NCCL INFO Channel 11/0 : 12[0] -> 13[1] via P2P/MNNVL
node23D400680:1242:2492 [3] NCCL INFO Channel 11/0 : 15[3] -> 0[0] via P2P/MNNVL
node23D400680:1240:2491 [1] NCCL INFO Channel 16/0 : 13[1] -> 14[2] via P2P/MNNVL
node23D400680:1240:2491 [1] NCCL INFO Channel 17/0 : 13[1] -> 14[2] via P2P/MNNVL
node23D400680:1239:2493 [0] NCCL INFO Channel 12/0 : 12[0] -> 13[1] via P2P/MNNVL
node23D400680:1242:2492 [3] NCCL INFO Channel 12/0 : 15[3] -> 0[0] via P2P/MNNVL
node23D400680:1241:2494 [2] NCCL INFO Channel 10/0 : 14[2] -> 15[3] via P2P/MNNVL
node23D400680:1242:2492 [3] NCCL INFO Channel 13/0 : 15[3] -> 0[0] via P2P/MNNVL
node23D400680:1241:2494 [2] NCCL INFO Channel 11/0 : 14[2] -> 15[3] via P2P/MNNVL
node23D400680:1240:2491 [1] NCCL INFO Channel 18/0 : 13[1] -> 14[2] via P2P/MNNVL
node23D400680:1239:2493 [0] NCCL INFO Channel 13/0 : 12[0] -> 13[1] via P2P/MNNVL
node23D400680:1240:2491 [1] NCCL INFO Channel 19/0 : 13[1] -> 14[2] via P2P/MNNVL
node23D400680:1241:2494 [2] NCCL INFO Channel 12/0 : 14[2] -> 15[3] via P2P/MNNVL
node23D400680:1239:2493 [0] NCCL INFO Channel 14/0 : 12[0] -> 13[1] via P2P/MNNVL
node23D400680:1242:2492 [3] NCCL INFO Channel 14/0 : 15[3] -> 0[0] via P2P/MNNVL
node23D400680:1240:2491 [1] NCCL INFO Channel 20/0 : 13[1] -> 14[2] via P2P/MNNVL
node23D400680:1239:2493 [0] NCCL INFO Channel 15/0 : 12[0] -> 13[1] via P2P/MNNVL
node23D400680:1242:2492 [3] NCCL INFO Channel 15/0 : 15[3] -> 0[0] via P2P/MNNVL
node23D400680:1241:2494 [2] NCCL INFO Channel 13/0 : 14[2] -> 15[3] via P2P/MNNVL
node23D400680:1239:2493 [0] NCCL INFO Channel 16/0 : 12[0] -> 13[1] via P2P/MNNVL
node23D400680:1240:2491 [1] NCCL INFO Channel 21/0 : 13[1] -> 14[2] via P2P/MNNVL
node23D400680:1240:2491 [1] NCCL INFO Channel 22/0 : 13[1] -> 14[2] via P2P/MNNVL
node23D400680:1239:2493 [0] NCCL INFO Channel 17/0 : 12[0] -> 13[1] via P2P/MNNVL
node23D400680:1241:2494 [2] NCCL INFO Channel 14/0 : 14[2] -> 15[3] via P2P/MNNVL
node23D400680:1242:2492 [3] NCCL INFO Channel 16/0 : 15[3] -> 0[0] via P2P/MNNVL
node23D400680:1239:2493 [0] NCCL INFO Channel 18/0 : 12[0] -> 13[1] via P2P/MNNVL
node23D400680:1242:2492 [3] NCCL INFO Channel 17/0 : 15[3] -> 0[0] via P2P/MNNVL
node23D400680:1241:2494 [2] NCCL INFO Channel 15/0 : 14[2] -> 15[3] via P2P/MNNVL
node23D400680:1240:2491 [1] NCCL INFO Channel 23/0 : 13[1] -> 14[2] via P2P/MNNVL
node23D400680:1242:2492 [3] NCCL INFO Channel 18/0 : 15[3] -> 0[0] via P2P/MNNVL
node23D400680:1239:2493 [0] NCCL INFO Channel 19/0 : 12[0] -> 13[1] via P2P/MNNVL
node23D400680:1240:2491 [1] NCCL INFO Channel 24/0 : 13[1] -> 14[2] via P2P/MNNVL
node23D400680:1239:2493 [0] NCCL INFO Channel 20/0 : 12[0] -> 13[1] via P2P/MNNVL
node23D400680:1241:2494 [2] NCCL INFO Channel 16/0 : 14[2] -> 15[3] via P2P/MNNVL
node23D400680:1240:2491 [1] NCCL INFO Channel 25/0 : 13[1] -> 14[2] via P2P/MNNVL
node23D400680:1242:2492 [3] NCCL INFO Channel 19/0 : 15[3] -> 0[0] via P2P/MNNVL
node23D400680:1240:2491 [1] NCCL INFO Channel 26/0 : 13[1] -> 14[2] via P2P/MNNVL
node23D400680:1239:2493 [0] NCCL INFO Channel 21/0 : 12[0] -> 13[1] via P2P/MNNVL
node23D400680:1241:2494 [2] NCCL INFO Channel 17/0 : 14[2] -> 15[3] via P2P/MNNVL
node23D400680:1242:2492 [3] NCCL INFO Channel 20/0 : 15[3] -> 0[0] via P2P/MNNVL
node23D400680:1240:2491 [1] NCCL INFO Channel 27/0 : 13[1] -> 14[2] via P2P/MNNVL
node23D400680:1239:2493 [0] NCCL INFO Channel 22/0 : 12[0] -> 13[1] via P2P/MNNVL
node23D400680:1242:2492 [3] NCCL INFO Channel 21/0 : 15[3] -> 0[0] via P2P/MNNVL
node23D400680:1241:2494 [2] NCCL INFO Channel 18/0 : 14[2] -> 15[3] via P2P/MNNVL
node23D400680:1240:2491 [1] NCCL INFO Channel 28/0 : 13[1] -> 14[2] via P2P/MNNVL
node23D400680:1239:2493 [0] NCCL INFO Channel 23/0 : 12[0] -> 13[1] via P2P/MNNVL
node23D400680:1242:2492 [3] NCCL INFO Channel 22/0 : 15[3] -> 0[0] via P2P/MNNVL
node23D400680:1240:2491 [1] NCCL INFO Channel 29/0 : 13[1] -> 14[2] via P2P/MNNVL
node23D400680:1241:2494 [2] NCCL INFO Channel 19/0 : 14[2] -> 15[3] via P2P/MNNVL
node23D400680:1240:2491 [1] NCCL INFO Channel 30/0 : 13[1] -> 14[2] via P2P/MNNVL
node23D400680:1242:2492 [3] NCCL INFO Channel 23/0 : 15[3] -> 0[0] via P2P/MNNVL
node23D400680:1239:2493 [0] NCCL INFO Channel 24/0 : 12[0] -> 13[1] via P2P/MNNVL
node23D400680:1241:2494 [2] NCCL INFO Channel 20/0 : 14[2] -> 15[3] via P2P/MNNVL
node23D400680:1242:2492 [3] NCCL INFO Channel 24/0 : 15[3] -> 0[0] via P2P/MNNVL
node23D400680:1239:2493 [0] NCCL INFO Channel 25/0 : 12[0] -> 13[1] via P2P/MNNVL
node23D400680:1240:2491 [1] NCCL INFO Channel 31/0 : 13[1] -> 14[2] via P2P/MNNVL
node23D400680:1241:2494 [2] NCCL INFO Channel 21/0 : 14[2] -> 15[3] via P2P/MNNVL
node23D400680:1239:2493 [0] NCCL INFO Channel 26/0 : 12[0] -> 13[1] via P2P/MNNVL
node23D400680:1242:2492 [3] NCCL INFO Channel 25/0 : 15[3] -> 0[0] via P2P/MNNVL
node23D400680:1239:2493 [0] NCCL INFO Channel 27/0 : 12[0] -> 13[1] via P2P/MNNVL
node23D400680:1241:2494 [2] NCCL INFO Channel 22/0 : 14[2] -> 15[3] via P2P/MNNVL
node23D400680:1239:2493 [0] NCCL INFO Channel 28/0 : 12[0] -> 13[1] via P2P/MNNVL
node23D400680:1241:2494 [2] NCCL INFO Channel 23/0 : 14[2] -> 15[3] via P2P/MNNVL
node23D400680:1242:2492 [3] NCCL INFO Channel 26/0 : 15[3] -> 0[0] via P2P/MNNVL
node23D400680:1241:2494 [2] NCCL INFO Channel 24/0 : 14[2] -> 15[3] via P2P/MNNVL
node23D400680:1242:2492 [3] NCCL INFO Channel 27/0 : 15[3] -> 0[0] via P2P/MNNVL
node23D400680:1239:2493 [0] NCCL INFO Channel 29/0 : 12[0] -> 13[1] via P2P/MNNVL
node23D400680:1241:2494 [2] NCCL INFO Channel 25/0 : 14[2] -> 15[3] via P2P/MNNVL
node23D400680:1242:2492 [3] NCCL INFO Channel 28/0 : 15[3] -> 0[0] via P2P/MNNVL
node23D400680:1239:2493 [0] NCCL INFO Channel 30/0 : 12[0] -> 13[1] via P2P/MNNVL
node23D400680:1241:2494 [2] NCCL INFO Channel 26/0 : 14[2] -> 15[3] via P2P/MNNVL
node23D400680:1242:2492 [3] NCCL INFO Channel 29/0 : 15[3] -> 0[0] via P2P/MNNVL
node23D400680:1239:2493 [0] NCCL INFO Channel 31/0 : 12[0] -> 13[1] via P2P/MNNVL
node23D400680:1241:2494 [2] NCCL INFO Channel 27/0 : 14[2] -> 15[3] via P2P/MNNVL
node23D400680:1242:2492 [3] NCCL INFO Channel 30/0 : 15[3] -> 0[0] via P2P/MNNVL
node23D400680:1241:2494 [2] NCCL INFO Channel 28/0 : 14[2] -> 15[3] via P2P/MNNVL
node23D400680:1242:2492 [3] NCCL INFO Channel 31/0 : 15[3] -> 0[0] via P2P/MNNVL
node23D400680:1241:2494 [2] NCCL INFO Channel 29/0 : 14[2] -> 15[3] via P2P/MNNVL
node23D400680:1241:2494 [2] NCCL INFO Channel 30/0 : 14[2] -> 15[3] via P2P/MNNVL
node23D400680:1241:2494 [2] NCCL INFO Channel 31/0 : 14[2] -> 15[3] via P2P/MNNVL
node23D400680:1239:2493 [0] NCCL INFO Connected all rings, use ring PXN 0 GDR 1
node23D400680:1240:2491 [1] NCCL INFO Connected all rings, use ring PXN 0 GDR 1
node23D400680:1242:2492 [3] NCCL INFO Connected all rings, use ring PXN 0 GDR 1
node23D400680:1241:2494 [2] NCCL INFO Connected all rings, use ring PXN 0 GDR 1
node23D400680:1240:1240 [1] NCCL INFO Comm config Blocking set to 1
node23D400680:1239:1239 [0] NCCL INFO Comm config Blocking set to 1
node23D400680:1241:1241 [2] NCCL INFO Comm config Blocking set to 1
node23D400680:1242:1242 [3] NCCL INFO Comm config Blocking set to 1
node23D400680:1240:2499 [1] NCCL INFO Assigned NET plugin Socket to comm
node23D400680:1240:2499 [1] NCCL INFO Using network Socket
node23D400680:1241:2501 [2] NCCL INFO Assigned NET plugin Socket to comm
node23D400680:1241:2501 [2] NCCL INFO Using network Socket
node23D400680:1240:2499 [1] NCCL INFO ncclCommInitRankConfig comm 0x45f3b640 rank 0 nranks 4 cudaDev 1 nvmlDev 1 busId 901000 commId 0xfdd91ac96ed99526 - Init START
node23D400680:1241:2501 [2] NCCL INFO ncclCommInitRankConfig comm 0x506c7c30 rank 0 nranks 4 cudaDev 2 nvmlDev 2 busId 1801000 commId 0x270496ae70d275a2 - Init START
node23D400680:1240:2499 [1] NCCL INFO Bootstrap timings total 0.001870 (create 0.000041, send 0.000133, recv 0.000843, ring 0.000483, delay 0.000000)
node23D400680:1241:2501 [2] NCCL INFO Bootstrap timings total 0.001887 (create 0.000028, send 0.000113, recv 0.001011, ring 0.000526, delay 0.000000)
node23D400680:1240:2499 [1] NCCL INFO MNNVL busId 0x901000 fabric UUID aa48724aeeaad6a8.b34b901796a1c18d cliqueId 0x7ffe state 3 healthMask 0xaa
node23D400680:1241:2501 [2] NCCL INFO MNNVL busId 0x1801000 fabric UUID aa48724aeeaad6a8.b34b901796a1c18d cliqueId 0x7ffe state 3 healthMask 0xaa
node23D400680:1240:2499 [1] NCCL INFO MNNVL 1 cliqueId 7ffe cliqueSize 4 cliqueRank 0
node23D400680:1241:2501 [2] NCCL INFO MNNVL 1 cliqueId 7ffe cliqueSize 4 cliqueRank 0
node23D400680:1239:2500 [0] NCCL INFO Assigned NET plugin Socket to comm
node23D400680:1239:2500 [0] NCCL INFO Using network Socket
node23D400680:1242:2502 [3] NCCL INFO Assigned NET plugin Socket to comm
node23D400680:1242:2502 [3] NCCL INFO Using network Socket
node23D400680:1239:2500 [0] NCCL INFO ncclCommInitRankConfig comm 0x4e530970 rank 0 nranks 4 cudaDev 0 nvmlDev 0 busId 801000 commId 0x11331a05ae2e9281 - Init START
node23D400680:1242:2502 [3] NCCL INFO ncclCommInitRankConfig comm 0x40d282c0 rank 0 nranks 4 cudaDev 3 nvmlDev 3 busId 1901000 commId 0x527f250b8bc28043 - Init START
node23D400680:1239:2500 [0] NCCL INFO Bootstrap timings total 0.000917 (create 0.000027, send 0.000090, recv 0.000196, ring 0.000322, delay 0.000000)
node23D400680:1242:2502 [3] NCCL INFO Bootstrap timings total 0.000932 (create 0.000023, send 0.000115, recv 0.000180, ring 0.000269, delay 0.000000)
node23D400680:1242:2502 [3] NCCL INFO MNNVL busId 0x1901000 fabric UUID aa48724aeeaad6a8.b34b901796a1c18d cliqueId 0x7ffe state 3 healthMask 0xaa
node23D400680:1239:2500 [0] NCCL INFO MNNVL busId 0x801000 fabric UUID aa48724aeeaad6a8.b34b901796a1c18d cliqueId 0x7ffe state 3 healthMask 0xaa
node23D400680:1239:2500 [0] NCCL INFO MNNVL 1 cliqueId 7ffe cliqueSize 4 cliqueRank 0
node23D400680:1242:2502 [3] NCCL INFO MNNVL 1 cliqueId 7ffe cliqueSize 4 cliqueRank 0
node23D400680:1240:2499 [1] NCCL INFO Setting affinity for GPU 1 to 0-71
node23D400680:1240:2499 [1] NCCL INFO comm 0x45f3b640 rank 0 nRanks 4 nNodes 1 localRanks 4 localRank 0 MNNVL 1
node23D400680:1240:2499 [1] NCCL INFO Channel 00/32 : 0 1 2 3
node23D400680:1240:2499 [1] NCCL INFO Channel 01/32 : 0 1 2 3
node23D400680:1240:2499 [1] NCCL INFO Channel 02/32 : 0 1 2 3
node23D400680:1240:2499 [1] NCCL INFO Channel 03/32 : 0 1 2 3
node23D400680:1240:2499 [1] NCCL INFO Channel 04/32 : 0 1 2 3
node23D400680:1240:2499 [1] NCCL INFO Channel 05/32 : 0 1 2 3
node23D400680:1240:2499 [1] NCCL INFO Channel 06/32 : 0 1 2 3
node23D400680:1240:2499 [1] NCCL INFO Channel 07/32 : 0 1 2 3
node23D400680:1240:2499 [1] NCCL INFO Channel 08/32 : 0 1 2 3
node23D400680:1240:2499 [1] NCCL INFO Channel 09/32 : 0 1 2 3
node23D400680:1240:2499 [1] NCCL INFO Channel 10/32 : 0 1 2 3
node23D400680:1240:2499 [1] NCCL INFO Channel 11/32 : 0 1 2 3
node23D400680:1240:2499 [1] NCCL INFO Channel 12/32 : 0 1 2 3
node23D400680:1240:2499 [1] NCCL INFO Channel 13/32 : 0 1 2 3
node23D400680:1240:2499 [1] NCCL INFO Channel 14/32 : 0 1 2 3
node23D400680:1240:2499 [1] NCCL INFO Channel 15/32 : 0 1 2 3
node23D400680:1240:2499 [1] NCCL INFO Channel 16/32 : 0 1 2 3
node23D400680:1240:2499 [1] NCCL INFO Channel 17/32 : 0 1 2 3
node23D400680:1240:2499 [1] NCCL INFO Channel 18/32 : 0 1 2 3
node23D400680:1240:2499 [1] NCCL INFO Channel 19/32 : 0 1 2 3
node23D400680:1240:2499 [1] NCCL INFO Channel 20/32 : 0 1 2 3
node23D400680:1240:2499 [1] NCCL INFO Channel 21/32 : 0 1 2 3
node23D400680:1240:2499 [1] NCCL INFO Channel 22/32 : 0 1 2 3
node23D400680:1240:2499 [1] NCCL INFO Channel 23/32 : 0 1 2 3
node23D400680:1240:2499 [1] NCCL INFO Channel 24/32 : 0 1 2 3
node23D400680:1240:2499 [1] NCCL INFO Channel 25/32 : 0 1 2 3
node23D400680:1240:2499 [1] NCCL INFO Channel 26/32 : 0 1 2 3
node23D400680:1240:2499 [1] NCCL INFO Channel 27/32 : 0 1 2 3
node23D400680:1240:2499 [1] NCCL INFO Channel 28/32 : 0 1 2 3
node23D400680:1240:2499 [1] NCCL INFO Channel 29/32 : 0 1 2 3
node23D400680:1240:2499 [1] NCCL INFO Channel 30/32 : 0 1 2 3
node23D400680:1240:2499 [1] NCCL INFO Channel 31/32 : 0 1 2 3
node23D400680:1240:2499 [1] NCCL INFO Trees [0] 1/-1/-1->0->-1 [1] 1/-1/-1->0->-1 [2] 1/-1/-1->0->-1 [3] 1/-1/-1->0->-1 [4] 1/-1/-1->0->-1 [5] 1/-1/-1->0->-1 [6] 1/-1/-1->0->-1 [7] 1/-1/-1->0->-1 [8] 1/-1/-1->0->-1 [9] 1/-1/-1->0->-1 [10] -1/-1/-1->0->3 [11] -1/-1/-1->0->3 [12] 1/-1/-1->0->3 [13] 1/-1/-1->0->3 [14] 1/-1/-1->0->3 [15] 1/-1/-1->0->3 [16] 1/-1/-1->0->-1 [17] 1/-1/-1->0->-1 [18] 1/-1/-1->0->-1 [19] 1/-1/-1->0->-1 [20] 1/-1/-1->0->-1 [21] 1/-1/-1->0->-1 [22] 1/-1/-1->0->-1 [23] 1/-1/-1->0->-1 [24] 1/-1/-1->0->-1 [25] 1/-1/-1->0->-1 [26] -1/-1/-1->0->3 [27] -1/-1/-1->0->3 [28] 1/-1/-1->0->3 [29] 1/-1/-1->0->3 [30] 1/-1/-1->0->3 [31] 1/-1/-1->0->3
node23D400680:1240:2499 [1] NCCL INFO P2P Chunksize set to 524288
node23D400680:1240:2499 [1] NCCL INFO Check P2P Type isAllDirectP2p 1 directMode 0
node23D400680:1240:2503 [1] NCCL INFO [Proxy Service] Device 1 CPU core 54
node23D400680:1240:2504 [1] NCCL INFO [Proxy Service UDS] Device 1 CPU core 55
node23D400680:1241:2501 [2] NCCL INFO Setting affinity for GPU 2 to 72-143
node23D400680:1241:2501 [2] NCCL INFO comm 0x506c7c30 rank 0 nRanks 4 nNodes 1 localRanks 4 localRank 0 MNNVL 1
node23D400680:1241:2501 [2] NCCL INFO Channel 00/32 : 0 1 2 3
node23D400680:1241:2501 [2] NCCL INFO Channel 01/32 : 0 1 2 3
node23D400680:1241:2501 [2] NCCL INFO Channel 02/32 : 0 1 2 3
node23D400680:1241:2501 [2] NCCL INFO Channel 03/32 : 0 1 2 3
node23D400680:1241:2501 [2] NCCL INFO Channel 04/32 : 0 1 2 3
node23D400680:1241:2501 [2] NCCL INFO Channel 05/32 : 0 1 2 3
node23D400680:1241:2501 [2] NCCL INFO Channel 06/32 : 0 1 2 3
node23D400680:1241:2501 [2] NCCL INFO Channel 07/32 : 0 1 2 3
node23D400680:1241:2501 [2] NCCL INFO Channel 08/32 : 0 1 2 3
node23D400680:1241:2501 [2] NCCL INFO Channel 09/32 : 0 1 2 3
node23D400680:1241:2501 [2] NCCL INFO Channel 10/32 : 0 1 2 3
node23D400680:1241:2501 [2] NCCL INFO Channel 11/32 : 0 1 2 3
node23D400680:1241:2501 [2] NCCL INFO Channel 12/32 : 0 1 2 3
node23D400680:1241:2501 [2] NCCL INFO Channel 13/32 : 0 1 2 3
node23D400680:1241:2501 [2] NCCL INFO Channel 14/32 : 0 1 2 3
node23D400680:1241:2501 [2] NCCL INFO Channel 15/32 : 0 1 2 3
node23D400680:1241:2501 [2] NCCL INFO Channel 16/32 : 0 1 2 3
node23D400680:1241:2501 [2] NCCL INFO Channel 17/32 : 0 1 2 3
node23D400680:1241:2501 [2] NCCL INFO Channel 18/32 : 0 1 2 3
node23D400680:1241:2501 [2] NCCL INFO Channel 19/32 : 0 1 2 3
