W1115 13:50:06.337000 1174 torch/distributed/run.py:766] 
W1115 13:50:06.337000 1174 torch/distributed/run.py:766] *****************************************
W1115 13:50:06.337000 1174 torch/distributed/run.py:766] Setting OMP_NUM_THREADS environment variable for each process to be 1 in default, to avoid your system being overloaded, please further tune the variable for optimal performance in your application as needed. 
W1115 13:50:06.337000 1174 torch/distributed/run.py:766] *****************************************
[Gloo] Rank [Gloo] Rank 00 is connected to  is connected to 11 peer ranks.  peer ranks. Expected number of connected peer ranks is : Expected number of connected peer ranks is : 11

[Gloo] Rank 0 is connected to 1 peer ranks. Expected number of connected peer ranks is : 1
[Gloo] Rank 0 is connected to 1 peer ranks. Expected number of connected peer ranks is : 1
[Gloo] Rank 0 is connected to 0 peer ranks. Expected number of connected peer ranks is : 0
[Gloo] Rank 0 is connected to 0 peer ranks. [Gloo] Rank Expected number of connected peer ranks is : 00 is connected to 
0 peer ranks. Expected number of connected peer ranks is : 0
[Gloo] Rank 0 is connected to 0 peer ranks. Expected number of connected peer ranks is : 0
[Gloo] Rank [Gloo] Rank 00 is connected to  is connected to 11 peer ranks.  peer ranks. Expected number of connected peer ranks is : Expected number of connected peer ranks is : 11

[Gloo] Rank 0 is connected to 1 peer ranks. Expected number of connected peer ranks is : 1
[rank18]:[W1115 13:50:47.578797747 ProcessGroupNCCL.cpp:4789] [PG ID 0 PG GUID 0 Rank 18]  using GPU 2 as device used by this process is currently unknown. This can potentially cause a hang if this rank to GPU mapping is incorrect. You can specify device_id in init_process_group() to force use of a particular device.
[rank19]:[W1115 13:50:47.578797907 ProcessGroupNCCL.cpp:4789] [PG ID 0 PG GUID 0 Rank 19]  using GPU 3 as device used by this process is currently unknown. This can potentially cause a hang if this rank to GPU mapping is incorrect. You can specify device_id in init_process_group() to force use of a particular device.
[rank17]:[W1115 13:50:47.578797587 ProcessGroupNCCL.cpp:4789] [PG ID 0 PG GUID 0 Rank 17]  using GPU 1 as device used by this process is currently unknown. This can potentially cause a hang if this rank to GPU mapping is incorrect. You can specify device_id in init_process_group() to force use of a particular device.
[Gloo] Rank 0 is connected to 1 peer ranks. Expected number of connected peer ranks is : 1
node23D400665:1242:1242 [3] NCCL INFO cudaDriverVersion 12080
node23D400665:1242:1242 [3] NCCL INFO Bootstrap: Using enP5p9s0:10.192.23.154<0>
node23D400665:1242:1242 [3] NCCL INFO NCCL version 2.27.3+cuda12.9
node23D400665:1242:1242 [3] NCCL INFO Comm config Blocking set to 1
node23D400665:1241:1241 [2] NCCL INFO cudaDriverVersion 12080
node23D400665:1240:1240 [1] NCCL INFO cudaDriverVersion 12080
node23D400665:1241:1241 [2] NCCL INFO Bootstrap: Using enP5p9s0:10.192.23.154<0>
node23D400665:1241:1241 [2] NCCL INFO NCCL version 2.27.3+cuda12.9
node23D400665:1241:1241 [2] NCCL INFO Comm config Blocking set to 1
node23D400665:1240:1240 [1] NCCL INFO Bootstrap: Using enP5p9s0:10.192.23.154<0>
node23D400665:1240:1240 [1] NCCL INFO NCCL version 2.27.3+cuda12.9
node23D400665:1240:1240 [1] NCCL INFO Comm config Blocking set to 1
[rank16]:[W1115 13:50:47.992612722 ProcessGroupNCCL.cpp:4789] [PG ID 0 PG GUID 0 Rank 16]  using GPU 0 as device used by this process is currently unknown. This can potentially cause a hang if this rank to GPU mapping is incorrect. You can specify device_id in init_process_group() to force use of a particular device.
node23D400665:1239:1239 [0] NCCL INFO cudaDriverVersion 12080
node23D400665:1239:1239 [0] NCCL INFO Bootstrap: Using enP5p9s0:10.192.23.154<0>
node23D400665:1239:1239 [0] NCCL INFO NCCL version 2.27.3+cuda12.9
node23D400665:1239:1239 [0] NCCL INFO Comm config Blocking set to 1
node23D400665:1241:1708 [2] NCCL INFO NET/Plugin: Plugin name set by env to libnccl-net.so
node23D400665:1242:1707 [3] NCCL INFO NET/Plugin: Plugin name set by env to libnccl-net.so
node23D400665:1240:1709 [1] NCCL INFO NET/Plugin: Plugin name set by env to libnccl-net.so
node23D400665:1241:1708 [2] NCCL INFO NET/Plugin: Loaded net plugin NCCL RDMA Plugin v10 (v10)
node23D400665:1242:1707 [3] NCCL INFO NET/Plugin: Loaded net plugin NCCL RDMA Plugin v10 (v10)
node23D400665:1241:1708 [2] NCCL INFO NET/Plugin: Loaded collnet plugin NCCL RDMA Plugin v10 (v10)
node23D400665:1240:1709 [1] NCCL INFO NET/Plugin: Loaded net plugin NCCL RDMA Plugin v10 (v10)
node23D400665:1242:1707 [3] NCCL INFO NET/Plugin: Loaded collnet plugin NCCL RDMA Plugin v10 (v10)
node23D400665:1241:1708 [2] NCCL INFO Successfully loaded external plugin libnccl-net.so
node23D400665:1240:1709 [1] NCCL INFO NET/Plugin: Loaded collnet plugin NCCL RDMA Plugin v10 (v10)
node23D400665:1242:1707 [3] NCCL INFO Successfully loaded external plugin libnccl-net.so
node23D400665:1240:1709 [1] NCCL INFO Successfully loaded external plugin libnccl-net.so
node23D400665:1241:1708 [2] NCCL INFO Plugin Path : /opt/hpcx/nccl_rdma_sharp_plugin/lib/libnccl-net.so
node23D400665:1241:1708 [2] NCCL INFO P2P plugin v10 IBext_v10
node23D400665:1240:1709 [1] NCCL INFO Plugin Path : /opt/hpcx/nccl_rdma_sharp_plugin/lib/libnccl-net.so
node23D400665:1242:1707 [3] NCCL INFO Plugin Path : /opt/hpcx/nccl_rdma_sharp_plugin/lib/libnccl-net.so
node23D400665:1240:1709 [1] NCCL INFO P2P plugin v10 IBext_v10
node23D400665:1242:1707 [3] NCCL INFO P2P plugin v10 IBext_v10
node23D400665:1239:1710 [0] NCCL INFO NET/Plugin: Plugin name set by env to libnccl-net.so
node23D400665:1239:1710 [0] NCCL INFO NET/Plugin: Loaded net plugin NCCL RDMA Plugin v10 (v10)
node23D400665:1239:1710 [0] NCCL INFO NET/Plugin: Loaded collnet plugin NCCL RDMA Plugin v10 (v10)
node23D400665:1239:1710 [0] NCCL INFO Successfully loaded external plugin libnccl-net.so
node23D400665:1239:1710 [0] NCCL INFO Plugin Path : /opt/hpcx/nccl_rdma_sharp_plugin/lib/libnccl-net.so
node23D400665:1239:1710 [0] NCCL INFO P2P plugin v10 IBext_v10
node23D400665:1242:1707 [3] NCCL INFO NET/IB : No device found.
node23D400665:1242:1707 [3] NCCL INFO NET/IB : Using [RO]; OOB enP5p9s0:10.192.23.154<0>
node23D400665:1241:1708 [2] NCCL INFO NET/IB : No device found.
node23D400665:1240:1709 [1] NCCL INFO NET/IB : No device found.
node23D400665:1241:1708 [2] NCCL INFO NET/IB : Using [RO]; OOB enP5p9s0:10.192.23.154<0>
node23D400665:1240:1709 [1] NCCL INFO NET/IB : Using [RO]; OOB enP5p9s0:10.192.23.154<0>
node23D400665:1239:1710 [0] NCCL INFO NET/IB : No device found.
node23D400665:1239:1710 [0] NCCL INFO NET/IB : Using [RO]; OOB enP5p9s0:10.192.23.154<0>
node23D400665:1242:1707 [3] NCCL INFO NET/IB : No device found.
node23D400665:1242:1707 [3] NCCL INFO NET/IB : Using [RO]; OOB enP5p9s0:10.192.23.154<0>
node23D400665:1242:1707 [3] NCCL INFO NET/Socket : Using [0]enP5p9s0:10.192.23.154<0>
node23D400665:1242:1707 [3] NCCL INFO Initialized NET plugin Socket
node23D400665:1242:1707 [3] NCCL INFO Assigned NET plugin Socket to comm
node23D400665:1242:1707 [3] NCCL INFO Using network Socket
node23D400665:1240:1709 [1] NCCL INFO NET/IB : No device found.
node23D400665:1240:1709 [1] NCCL INFO NET/IB : Using [RO]; OOB enP5p9s0:10.192.23.154<0>
node23D400665:1240:1709 [1] NCCL INFO NET/Socket : Using [0]enP5p9s0:10.192.23.154<0>
node23D400665:1240:1709 [1] NCCL INFO Initialized NET plugin Socket
node23D400665:1240:1709 [1] NCCL INFO Assigned NET plugin Socket to comm
node23D400665:1240:1709 [1] NCCL INFO Using network Socket
node23D400665:1241:1708 [2] NCCL INFO NET/IB : No device found.
node23D400665:1241:1708 [2] NCCL INFO NET/IB : Using [RO]; OOB enP5p9s0:10.192.23.154<0>
node23D400665:1239:1710 [0] NCCL INFO NET/IB : No device found.
node23D400665:1239:1710 [0] NCCL INFO NET/IB : Using [RO]; OOB enP5p9s0:10.192.23.154<0>
node23D400665:1241:1708 [2] NCCL INFO NET/Socket : Using [0]enP5p9s0:10.192.23.154<0>
node23D400665:1239:1710 [0] NCCL INFO NET/Socket : Using [0]enP5p9s0:10.192.23.154<0>
node23D400665:1241:1708 [2] NCCL INFO Initialized NET plugin Socket
node23D400665:1239:1710 [0] NCCL INFO Initialized NET plugin Socket
node23D400665:1241:1708 [2] NCCL INFO Assigned NET plugin Socket to comm
node23D400665:1241:1708 [2] NCCL INFO Using network Socket
node23D400665:1239:1710 [0] NCCL INFO Assigned NET plugin Socket to comm
node23D400665:1239:1710 [0] NCCL INFO Using network Socket
node23D400665:1242:1707 [3] NCCL INFO ncclCommInitRankConfig comm 0x51773cc0 rank 19 nranks 64 cudaDev 3 nvmlDev 3 busId 1901000 commId 0xd0f8a826c702c9c7 - Init START
node23D400665:1239:1710 [0] NCCL INFO ncclCommInitRankConfig comm 0x14e417b0 rank 16 nranks 64 cudaDev 0 nvmlDev 0 busId 801000 commId 0xd0f8a826c702c9c7 - Init START
node23D400665:1240:1709 [1] NCCL INFO ncclCommInitRankConfig comm 0x49d8ddb0 rank 17 nranks 64 cudaDev 1 nvmlDev 1 busId 901000 commId 0xd0f8a826c702c9c7 - Init START
node23D400665:1241:1708 [2] NCCL INFO ncclCommInitRankConfig comm 0x40440170 rank 18 nranks 64 cudaDev 2 nvmlDev 2 busId 1801000 commId 0xd0f8a826c702c9c7 - Init START
node23D400665:1239:1710 [0] NCCL INFO RAS client listening socket at 127.0.0.1<28028>
node23D400665:1241:1708 [2] NCCL INFO RAS client listening socket at 127.0.0.1<28028>
node23D400665:1240:1709 [1] NCCL INFO RAS client listening socket at 127.0.0.1<28028>
node23D400665:1242:1707 [3] NCCL INFO RAS client listening socket at 127.0.0.1<28028>
node23D400665:1242:1707 [3] NCCL INFO Bootstrap timings total 0.008674 (create 0.000039, send 0.000169, recv 0.000986, ring 0.007179, delay 0.000000)
node23D400665:1239:1710 [0] NCCL INFO Bootstrap timings total 0.008685 (create 0.000029, send 0.000148, recv 0.000638, ring 0.007555, delay 0.000000)
node23D400665:1240:1709 [1] NCCL INFO Bootstrap timings total 0.008686 (create 0.000027, send 0.000176, recv 0.000681, ring 0.007543, delay 0.000000)
node23D400665:1241:1708 [2] NCCL INFO Bootstrap timings total 0.008641 (create 0.000024, send 0.000115, recv 0.000303, ring 0.007537, delay 0.000000)
node23D400665:1242:1707 [3] NCCL INFO MNNVL busId 0x1901000 fabric UUID aa48724aeeaad6a8.b34b901796a1c18d cliqueId 0x7ffe state 3 healthMask 0xaa
node23D400665:1241:1708 [2] NCCL INFO MNNVL busId 0x1801000 fabric UUID aa48724aeeaad6a8.b34b901796a1c18d cliqueId 0x7ffe state 3 healthMask 0xaa
node23D400665:1239:1710 [0] NCCL INFO MNNVL busId 0x801000 fabric UUID aa48724aeeaad6a8.b34b901796a1c18d cliqueId 0x7ffe state 3 healthMask 0xaa
node23D400665:1240:1709 [1] NCCL INFO MNNVL busId 0x901000 fabric UUID aa48724aeeaad6a8.b34b901796a1c18d cliqueId 0x7ffe state 3 healthMask 0xaa
node23D400665:1241:1708 [2] NCCL INFO MNNVL 1 cliqueId 7ffe cliqueSize 64 cliqueRank 18
node23D400665:1240:1709 [1] NCCL INFO MNNVL 1 cliqueId 7ffe cliqueSize 64 cliqueRank 17
node23D400665:1242:1707 [3] NCCL INFO MNNVL 1 cliqueId 7ffe cliqueSize 64 cliqueRank 19
node23D400665:1239:1710 [0] NCCL INFO MNNVL 1 cliqueId 7ffe cliqueSize 64 cliqueRank 16
node23D400665:1242:1707 [3] NCCL INFO Setting affinity for GPU 3 to 72-143
node23D400665:1242:1707 [3] NCCL INFO NCCL_NVLS_ENABLE set by environment to 0.
node23D400665:1241:1708 [2] NCCL INFO Setting affinity for GPU 2 to 72-143
node23D400665:1241:1708 [2] NCCL INFO NCCL_NVLS_ENABLE set by environment to 0.
node23D400665:1240:1709 [1] NCCL INFO Setting affinity for GPU 1 to 0-71
node23D400665:1240:1709 [1] NCCL INFO NCCL_NVLS_ENABLE set by environment to 0.
node23D400665:1239:1710 [0] NCCL INFO Setting affinity for GPU 0 to 0-71
node23D400665:1239:1710 [0] NCCL INFO NCCL_NVLS_ENABLE set by environment to 0.
node23D400665:1242:1707 [3] NCCL INFO comm 0x51773cc0 rank 19 nRanks 64 nNodes 1 localRanks 64 localRank 19 MNNVL 1
node23D400665:1242:1707 [3] NCCL INFO Trees [0] 20/-1/-1->19->18 [1] 20/-1/-1->19->18 [2] 20/-1/-1->19->18 [3] 20/-1/-1->19->18 [4] 20/-1/-1->19->18 [5] 20/-1/-1->19->18 [6] 20/-1/-1->19->18 [7] 20/-1/-1->19->18 [8] 20/-1/-1->19->18 [9] 20/-1/-1->19->18 [10] 20/-1/-1->19->18 [11] 20/-1/-1->19->18 [12] 20/-1/-1->19->18 [13] 20/-1/-1->19->18 [14] 20/-1/-1->19->18 [15] 20/-1/-1->19->18 [16] 20/-1/-1->19->18 [17] 20/-1/-1->19->18 [18] 20/-1/-1->19->18 [19] 20/-1/-1->19->18 [20] 20/-1/-1->19->18 [21] 20/-1/-1->19->18 [22] 20/-1/-1->19->18 [23] 20/-1/-1->19->18 [24] 20/-1/-1->19->18 [25] 20/-1/-1->19->18 [26] 20/-1/-1->19->18 [27] 20/-1/-1->19->18 [28] 20/-1/-1->19->18 [29] 20/-1/-1->19->18 [30] 20/-1/-1->19->18 [31] 20/-1/-1->19->18
node23D400665:1242:1707 [3] NCCL INFO P2P Chunksize set to 524288
node23D400665:1241:1708 [2] NCCL INFO comm 0x40440170 rank 18 nRanks 64 nNodes 1 localRanks 64 localRank 18 MNNVL 1
node23D400665:1241:1708 [2] NCCL INFO Trees [0] 19/-1/-1->18->17 [1] 19/-1/-1->18->17 [2] 19/-1/-1->18->17 [3] 19/-1/-1->18->17 [4] 19/-1/-1->18->17 [5] 19/-1/-1->18->17 [6] 19/-1/-1->18->17 [7] 19/-1/-1->18->17 [8] 19/-1/-1->18->17 [9] 19/-1/-1->18->17 [10] 19/-1/-1->18->17 [11] 19/-1/-1->18->17 [12] 19/-1/-1->18->17 [13] 19/-1/-1->18->17 [14] 19/-1/-1->18->17 [15] 19/-1/-1->18->17 [16] 19/-1/-1->18->17 [17] 19/-1/-1->18->17 [18] 19/-1/-1->18->17 [19] 19/-1/-1->18->17 [20] 19/-1/-1->18->17 [21] 19/-1/-1->18->17 [22] 19/-1/-1->18->17 [23] 19/-1/-1->18->17 [24] 19/-1/-1->18->17 [25] 19/-1/-1->18->17 [26] 19/-1/-1->18->17 [27] 19/-1/-1->18->17 [28] 19/-1/-1->18->17 [29] 19/-1/-1->18->17 [30] 19/-1/-1->18->17 [31] 19/-1/-1->18->17
node23D400665:1241:1708 [2] NCCL INFO P2P Chunksize set to 524288
node23D400665:1239:1710 [0] NCCL INFO comm 0x14e417b0 rank 16 nRanks 64 nNodes 1 localRanks 64 localRank 16 MNNVL 1
node23D400665:1240:1709 [1] NCCL INFO comm 0x49d8ddb0 rank 17 nRanks 64 nNodes 1 localRanks 64 localRank 17 MNNVL 1
node23D400665:1239:1710 [0] NCCL INFO Trees [0] 17/-1/-1->16->15 [1] 17/-1/-1->16->15 [2] 17/-1/-1->16->15 [3] 17/-1/-1->16->15 [4] 17/-1/-1->16->15 [5] 17/-1/-1->16->15 [6] 17/-1/-1->16->15 [7] 17/-1/-1->16->15 [8] 17/-1/-1->16->15 [9] 17/-1/-1->16->15 [10] 17/-1/-1->16->15 [11] 17/-1/-1->16->15 [12] 17/-1/-1->16->15 [13] 17/-1/-1->16->15 [14] 17/-1/-1->16->15 [15] 17/-1/-1->16->15 [16] 17/-1/-1->16->15 [17] 17/-1/-1->16->15 [18] 17/-1/-1->16->15 [19] 17/-1/-1->16->15 [20] 17/-1/-1->16->15 [21] 17/-1/-1->16->15 [22] 17/-1/-1->16->15 [23] 17/-1/-1->16->15 [24] 17/-1/-1->16->15 [25] 17/-1/-1->16->15 [26] 17/-1/-1->16->15 [27] 17/-1/-1->16->15 [28] 17/-1/-1->16->15 [29] 17/-1/-1->16->15 [30] 17/-1/-1->16->15 [31] 17/-1/-1->16->15
node23D400665:1239:1710 [0] NCCL INFO P2P Chunksize set to 524288
node23D400665:1240:1709 [1] NCCL INFO Trees [0] 18/-1/-1->17->16 [1] 18/-1/-1->17->16 [2] 18/-1/-1->17->16 [3] 18/-1/-1->17->16 [4] 18/-1/-1->17->16 [5] 18/-1/-1->17->16 [6] 18/-1/-1->17->16 [7] 18/-1/-1->17->16 [8] 18/-1/-1->17->16 [9] 18/-1/-1->17->16 [10] 18/-1/-1->17->16 [11] 18/-1/-1->17->16 [12] 18/-1/-1->17->16 [13] 18/-1/-1->17->16 [14] 18/-1/-1->17->16 [15] 18/-1/-1->17->16 [16] 18/-1/-1->17->16 [17] 18/-1/-1->17->16 [18] 18/-1/-1->17->16 [19] 18/-1/-1->17->16 [20] 18/-1/-1->17->16 [21] 18/-1/-1->17->16 [22] 18/-1/-1->17->16 [23] 18/-1/-1->17->16 [24] 18/-1/-1->17->16 [25] 18/-1/-1->17->16 [26] 18/-1/-1->17->16 [27] 18/-1/-1->17->16 [28] 18/-1/-1->17->16 [29] 18/-1/-1->17->16 [30] 18/-1/-1->17->16 [31] 18/-1/-1->17->16
node23D400665:1240:1709 [1] NCCL INFO P2P Chunksize set to 524288
node23D400665:1241:1708 [2] NCCL INFO PROFILER/Plugin: Could not find: libnccl-profiler.so. 
node23D400665:1242:1707 [3] NCCL INFO PROFILER/Plugin: Could not find: libnccl-profiler.so. 
node23D400665:1241:1715 [2] NCCL INFO [Proxy Service] Device 2 CPU core 143
node23D400665:1240:1709 [1] NCCL INFO PROFILER/Plugin: Could not find: libnccl-profiler.so. 
node23D400665:1241:1717 [2] NCCL INFO [Proxy Service UDS] Device 2 CPU core 72
node23D400665:1242:1716 [3] NCCL INFO [Proxy Service] Device 3 CPU core 135
node23D400665:1242:1718 [3] NCCL INFO [Proxy Service UDS] Device 3 CPU core 136
node23D400665:1239:1710 [0] NCCL INFO PROFILER/Plugin: Could not find: libnccl-profiler.so. 
node23D400665:1240:1719 [1] NCCL INFO [Proxy Service] Device 1 CPU core 21
node23D400665:1240:1720 [1] NCCL INFO [Proxy Service UDS] Device 1 CPU core 22
node23D400665:1239:1721 [0] NCCL INFO [Proxy Service] Device 0 CPU core 28
node23D400665:1239:1722 [0] NCCL INFO [Proxy Service UDS] Device 0 CPU core 29
node23D400665:1240:1709 [1] NCCL INFO threadThresholds 8/8/64 | 512/8/64 | 512 | 512
node23D400665:1240:1709 [1] NCCL INFO 32 coll channels, 32 collnet channels, 0 nvls channels, 32 p2p channels, 32 p2p channels per peer
node23D400665:1242:1707 [3] NCCL INFO threadThresholds 8/8/64 | 512/8/64 | 512 | 512
node23D400665:1242:1707 [3] NCCL INFO 32 coll channels, 32 collnet channels, 0 nvls channels, 32 p2p channels, 32 p2p channels per peer
node23D400665:1239:1710 [0] NCCL INFO threadThresholds 8/8/64 | 512/8/64 | 512 | 512
node23D400665:1239:1710 [0] NCCL INFO 32 coll channels, 32 collnet channels, 0 nvls channels, 32 p2p channels, 32 p2p channels per peer
node23D400665:1241:1708 [2] NCCL INFO threadThresholds 8/8/64 | 512/8/64 | 512 | 512
node23D400665:1241:1708 [2] NCCL INFO 32 coll channels, 32 collnet channels, 0 nvls channels, 32 p2p channels, 32 p2p channels per peer
node23D400665:1239:1710 [0] NCCL INFO TUNER/Plugin: Could not find: libnccl-tuner.so. Using internal tuner plugin.
node23D400665:1240:1709 [1] NCCL INFO TUNER/Plugin: Could not find: libnccl-tuner.so. Using internal tuner plugin.
node23D400665:1242:1707 [3] NCCL INFO TUNER/Plugin: Could not find: libnccl-tuner.so. Using internal tuner plugin.
node23D400665:1241:1708 [2] NCCL INFO TUNER/Plugin: Could not find: libnccl-tuner.so. Using internal tuner plugin.
node23D400665:1239:1710 [0] NCCL INFO TUNER/Plugin: Failed to find ncclTunerPlugin_v4 symbol.
node23D400665:1240:1709 [1] NCCL INFO TUNER/Plugin: Failed to find ncclTunerPlugin_v4 symbol.
node23D400665:1242:1707 [3] NCCL INFO TUNER/Plugin: Failed to find ncclTunerPlugin_v4 symbol.
node23D400665:1241:1708 [2] NCCL INFO TUNER/Plugin: Failed to find ncclTunerPlugin_v4 symbol.
node23D400665:1239:1710 [0] NCCL INFO TUNER/Plugin: Failed to find ncclTunerPlugin_v3 symbol.
node23D400665:1240:1709 [1] NCCL INFO TUNER/Plugin: Failed to find ncclTunerPlugin_v3 symbol.
node23D400665:1242:1707 [3] NCCL INFO TUNER/Plugin: Failed to find ncclTunerPlugin_v3 symbol.
node23D400665:1241:1708 [2] NCCL INFO TUNER/Plugin: Failed to find ncclTunerPlugin_v3 symbol.
node23D400665:1239:1710 [0] NCCL INFO TUNER/Plugin: Failed to find ncclTunerPlugin_v2 symbol, using internal tuner instead.
node23D400665:1240:1709 [1] NCCL INFO TUNER/Plugin: Failed to find ncclTunerPlugin_v2 symbol, using internal tuner instead.
node23D400665:1242:1707 [3] NCCL INFO TUNER/Plugin: Failed to find ncclTunerPlugin_v2 symbol, using internal tuner instead.
node23D400665:1241:1708 [2] NCCL INFO TUNER/Plugin: Failed to find ncclTunerPlugin_v2 symbol, using internal tuner instead.
node23D400665:1239:1710 [0] NCCL INFO ncclCommInitRankConfig comm 0x14e417b0 rank 16 nranks 64 cudaDev 0 nvmlDev 0 busId 801000 commId 0xd0f8a826c702c9c7 - Init COMPLETE
node23D400665:1240:1709 [1] NCCL INFO ncclCommInitRankConfig comm 0x49d8ddb0 rank 17 nranks 64 cudaDev 1 nvmlDev 1 busId 901000 commId 0xd0f8a826c702c9c7 - Init COMPLETE
node23D400665:1242:1707 [3] NCCL INFO ncclCommInitRankConfig comm 0x51773cc0 rank 19 nranks 64 cudaDev 3 nvmlDev 3 busId 1901000 commId 0xd0f8a826c702c9c7 - Init COMPLETE
node23D400665:1241:1708 [2] NCCL INFO ncclCommInitRankConfig comm 0x40440170 rank 18 nranks 64 cudaDev 2 nvmlDev 2 busId 1801000 commId 0xd0f8a826c702c9c7 - Init COMPLETE
node23D400665:1239:1710 [0] NCCL INFO Init timings - ncclCommInitRankConfig: rank 16 nranks 64 total 2.60 (kernels 0.09, alloc 0.17, bootstrap 0.01, allgathers 0.05, topo 2.07, graphs 0.04, connections 0.16, rest 0.01)
node23D400665:1240:1709 [1] NCCL INFO Init timings - ncclCommInitRankConfig: rank 17 nranks 64 total 2.88 (kernels 0.29, alloc 0.25, bootstrap 0.01, allgathers 0.07, topo 2.05, graphs 0.04, connections 0.16, rest 0.01)
node23D400665:1242:1707 [3] NCCL INFO Init timings - ncclCommInitRankConfig: rank 19 nranks 64 total 2.88 (kernels 0.29, alloc 0.25, bootstrap 0.01, allgathers 0.10, topo 2.03, graphs 0.04, connections 0.16, rest 0.01)
node23D400665:1241:1708 [2] NCCL INFO Init timings - ncclCommInitRankConfig: rank 18 nranks 64 total 2.88 (kernels 0.29, alloc 0.25, bootstrap 0.01, allgathers 0.08, topo 2.05, graphs 0.04, connections 0.16, rest 0.01)
node23D400665:1242:1724 [3] NCCL INFO Channel 00/0 : 19[3] -> 20[0] via P2P/MNNVL
node23D400665:1242:1724 [3] NCCL INFO Channel 01/0 : 19[3] -> 20[0] via P2P/MNNVL
node23D400665:1239:1726 [0] NCCL INFO Channel 00/0 : 16[0] -> 17[1] via P2P/MNNVL
node23D400665:1241:1723 [2] NCCL INFO Channel 00/0 : 18[2] -> 19[3] via P2P/MNNVL
node23D400665:1241:1723 [2] NCCL INFO Channel 01/0 : 18[2] -> 19[3] via P2P/MNNVL
node23D400665:1242:1724 [3] NCCL INFO Channel 02/0 : 19[3] -> 20[0] via P2P/MNNVL
node23D400665:1239:1726 [0] NCCL INFO Channel 01/0 : 16[0] -> 17[1] via P2P/MNNVL
node23D400665:1240:1725 [1] NCCL INFO Channel 00/0 : 17[1] -> 18[2] via P2P/MNNVL
node23D400665:1239:1726 [0] NCCL INFO Channel 02/0 : 16[0] -> 17[1] via P2P/MNNVL
node23D400665:1242:1724 [3] NCCL INFO Channel 03/0 : 19[3] -> 20[0] via P2P/MNNVL
node23D400665:1241:1723 [2] NCCL INFO Channel 02/0 : 18[2] -> 19[3] via P2P/MNNVL
node23D400665:1240:1725 [1] NCCL INFO Channel 01/0 : 17[1] -> 18[2] via P2P/MNNVL
node23D400665:1239:1726 [0] NCCL INFO Channel 03/0 : 16[0] -> 17[1] via P2P/MNNVL
node23D400665:1242:1724 [3] NCCL INFO Channel 04/0 : 19[3] -> 20[0] via P2P/MNNVL
node23D400665:1241:1723 [2] NCCL INFO Channel 03/0 : 18[2] -> 19[3] via P2P/MNNVL
node23D400665:1240:1725 [1] NCCL INFO Channel 02/0 : 17[1] -> 18[2] via P2P/MNNVL
node23D400665:1239:1726 [0] NCCL INFO Channel 04/0 : 16[0] -> 17[1] via P2P/MNNVL
node23D400665:1242:1724 [3] NCCL INFO Channel 05/0 : 19[3] -> 20[0] via P2P/MNNVL
node23D400665:1241:1723 [2] NCCL INFO Channel 04/0 : 18[2] -> 19[3] via P2P/MNNVL
node23D400665:1240:1725 [1] NCCL INFO Channel 03/0 : 17[1] -> 18[2] via P2P/MNNVL
node23D400665:1242:1724 [3] NCCL INFO Channel 06/0 : 19[3] -> 20[0] via P2P/MNNVL
node23D400665:1239:1726 [0] NCCL INFO Channel 05/0 : 16[0] -> 17[1] via P2P/MNNVL
node23D400665:1240:1725 [1] NCCL INFO Channel 04/0 : 17[1] -> 18[2] via P2P/MNNVL
node23D400665:1242:1724 [3] NCCL INFO Channel 07/0 : 19[3] -> 20[0] via P2P/MNNVL
node23D400665:1241:1723 [2] NCCL INFO Channel 05/0 : 18[2] -> 19[3] via P2P/MNNVL
node23D400665:1242:1724 [3] NCCL INFO Channel 08/0 : 19[3] -> 20[0] via P2P/MNNVL
node23D400665:1240:1725 [1] NCCL INFO Channel 05/0 : 17[1] -> 18[2] via P2P/MNNVL
node23D400665:1241:1723 [2] NCCL INFO Channel 06/0 : 18[2] -> 19[3] via P2P/MNNVL
node23D400665:1239:1726 [0] NCCL INFO Channel 06/0 : 16[0] -> 17[1] via P2P/MNNVL
node23D400665:1242:1724 [3] NCCL INFO Channel 09/0 : 19[3] -> 20[0] via P2P/MNNVL
node23D400665:1239:1726 [0] NCCL INFO Channel 07/0 : 16[0] -> 17[1] via P2P/MNNVL
node23D400665:1240:1725 [1] NCCL INFO Channel 06/0 : 17[1] -> 18[2] via P2P/MNNVL
node23D400665:1241:1723 [2] NCCL INFO Channel 07/0 : 18[2] -> 19[3] via P2P/MNNVL
node23D400665:1242:1724 [3] NCCL INFO Channel 10/0 : 19[3] -> 20[0] via P2P/MNNVL
node23D400665:1239:1726 [0] NCCL INFO Channel 08/0 : 16[0] -> 17[1] via P2P/MNNVL
node23D400665:1240:1725 [1] NCCL INFO Channel 07/0 : 17[1] -> 18[2] via P2P/MNNVL
node23D400665:1241:1723 [2] NCCL INFO Channel 08/0 : 18[2] -> 19[3] via P2P/MNNVL
node23D400665:1242:1724 [3] NCCL INFO Channel 11/0 : 19[3] -> 20[0] via P2P/MNNVL
node23D400665:1241:1723 [2] NCCL INFO Channel 09/0 : 18[2] -> 19[3] via P2P/MNNVL
node23D400665:1239:1726 [0] NCCL INFO Channel 09/0 : 16[0] -> 17[1] via P2P/MNNVL
node23D400665:1242:1724 [3] NCCL INFO Channel 12/0 : 19[3] -> 20[0] via P2P/MNNVL
node23D400665:1240:1725 [1] NCCL INFO Channel 08/0 : 17[1] -> 18[2] via P2P/MNNVL
node23D400665:1242:1724 [3] NCCL INFO Channel 13/0 : 19[3] -> 20[0] via P2P/MNNVL
node23D400665:1241:1723 [2] NCCL INFO Channel 10/0 : 18[2] -> 19[3] via P2P/MNNVL
node23D400665:1239:1726 [0] NCCL INFO Channel 10/0 : 16[0] -> 17[1] via P2P/MNNVL
node23D400665:1240:1725 [1] NCCL INFO Channel 09/0 : 17[1] -> 18[2] via P2P/MNNVL
node23D400665:1242:1724 [3] NCCL INFO Channel 14/0 : 19[3] -> 20[0] via P2P/MNNVL
node23D400665:1239:1726 [0] NCCL INFO Channel 11/0 : 16[0] -> 17[1] via P2P/MNNVL
node23D400665:1241:1723 [2] NCCL INFO Channel 11/0 : 18[2] -> 19[3] via P2P/MNNVL
node23D400665:1240:1725 [1] NCCL INFO Channel 10/0 : 17[1] -> 18[2] via P2P/MNNVL
node23D400665:1240:1725 [1] NCCL INFO Channel 11/0 : 17[1] -> 18[2] via P2P/MNNVL
node23D400665:1239:1726 [0] NCCL INFO Channel 12/0 : 16[0] -> 17[1] via P2P/MNNVL
node23D400665:1241:1723 [2] NCCL INFO Channel 12/0 : 18[2] -> 19[3] via P2P/MNNVL
node23D400665:1242:1724 [3] NCCL INFO Channel 15/0 : 19[3] -> 20[0] via P2P/MNNVL
node23D400665:1239:1726 [0] NCCL INFO Channel 13/0 : 16[0] -> 17[1] via P2P/MNNVL
node23D400665:1240:1725 [1] NCCL INFO Channel 12/0 : 17[1] -> 18[2] via P2P/MNNVL
node23D400665:1242:1724 [3] NCCL INFO Channel 16/0 : 19[3] -> 20[0] via P2P/MNNVL
node23D400665:1241:1723 [2] NCCL INFO Channel 13/0 : 18[2] -> 19[3] via P2P/MNNVL
node23D400665:1239:1726 [0] NCCL INFO Channel 14/0 : 16[0] -> 17[1] via P2P/MNNVL
node23D400665:1240:1725 [1] NCCL INFO Channel 13/0 : 17[1] -> 18[2] via P2P/MNNVL
node23D400665:1241:1723 [2] NCCL INFO Channel 14/0 : 18[2] -> 19[3] via P2P/MNNVL
node23D400665:1242:1724 [3] NCCL INFO Channel 17/0 : 19[3] -> 20[0] via P2P/MNNVL
node23D400665:1242:1724 [3] NCCL INFO Channel 18/0 : 19[3] -> 20[0] via P2P/MNNVL
node23D400665:1239:1726 [0] NCCL INFO Channel 15/0 : 16[0] -> 17[1] via P2P/MNNVL
node23D400665:1241:1723 [2] NCCL INFO Channel 15/0 : 18[2] -> 19[3] via P2P/MNNVL
node23D400665:1240:1725 [1] NCCL INFO Channel 14/0 : 17[1] -> 18[2] via P2P/MNNVL
node23D400665:1242:1724 [3] NCCL INFO Channel 19/0 : 19[3] -> 20[0] via P2P/MNNVL
node23D400665:1239:1726 [0] NCCL INFO Channel 16/0 : 16[0] -> 17[1] via P2P/MNNVL
node23D400665:1241:1723 [2] NCCL INFO Channel 16/0 : 18[2] -> 19[3] via P2P/MNNVL
node23D400665:1240:1725 [1] NCCL INFO Channel 15/0 : 17[1] -> 18[2] via P2P/MNNVL
node23D400665:1241:1723 [2] NCCL INFO Channel 17/0 : 18[2] -> 19[3] via P2P/MNNVL
node23D400665:1239:1726 [0] NCCL INFO Channel 17/0 : 16[0] -> 17[1] via P2P/MNNVL
node23D400665:1242:1724 [3] NCCL INFO Channel 20/0 : 19[3] -> 20[0] via P2P/MNNVL
node23D400665:1240:1725 [1] NCCL INFO Channel 16/0 : 17[1] -> 18[2] via P2P/MNNVL
node23D400665:1241:1723 [2] NCCL INFO Channel 18/0 : 18[2] -> 19[3] via P2P/MNNVL
node23D400665:1242:1724 [3] NCCL INFO Channel 21/0 : 19[3] -> 20[0] via P2P/MNNVL
node23D400665:1239:1726 [0] NCCL INFO Channel 18/0 : 16[0] -> 17[1] via P2P/MNNVL
node23D400665:1240:1725 [1] NCCL INFO Channel 17/0 : 17[1] -> 18[2] via P2P/MNNVL
node23D400665:1240:1725 [1] NCCL INFO Channel 18/0 : 17[1] -> 18[2] via P2P/MNNVL
node23D400665:1242:1724 [3] NCCL INFO Channel 22/0 : 19[3] -> 20[0] via P2P/MNNVL
node23D400665:1241:1723 [2] NCCL INFO Channel 19/0 : 18[2] -> 19[3] via P2P/MNNVL
node23D400665:1239:1726 [0] NCCL INFO Channel 19/0 : 16[0] -> 17[1] via P2P/MNNVL
node23D400665:1240:1725 [1] NCCL INFO Channel 19/0 : 17[1] -> 18[2] via P2P/MNNVL
node23D400665:1242:1724 [3] NCCL INFO Channel 23/0 : 19[3] -> 20[0] via P2P/MNNVL
node23D400665:1241:1723 [2] NCCL INFO Channel 20/0 : 18[2] -> 19[3] via P2P/MNNVL
node23D400665:1239:1726 [0] NCCL INFO Channel 20/0 : 16[0] -> 17[1] via P2P/MNNVL
node23D400665:1240:1725 [1] NCCL INFO Channel 20/0 : 17[1] -> 18[2] via P2P/MNNVL
node23D400665:1241:1723 [2] NCCL INFO Channel 21/0 : 18[2] -> 19[3] via P2P/MNNVL
node23D400665:1239:1726 [0] NCCL INFO Channel 21/0 : 16[0] -> 17[1] via P2P/MNNVL
node23D400665:1242:1724 [3] NCCL INFO Channel 24/0 : 19[3] -> 20[0] via P2P/MNNVL
node23D400665:1240:1725 [1] NCCL INFO Channel 21/0 : 17[1] -> 18[2] via P2P/MNNVL
node23D400665:1241:1723 [2] NCCL INFO Channel 22/0 : 18[2] -> 19[3] via P2P/MNNVL
node23D400665:1242:1724 [3] NCCL INFO Channel 25/0 : 19[3] -> 20[0] via P2P/MNNVL
node23D400665:1239:1726 [0] NCCL INFO Channel 22/0 : 16[0] -> 17[1] via P2P/MNNVL
node23D400665:1241:1723 [2] NCCL INFO Channel 23/0 : 18[2] -> 19[3] via P2P/MNNVL
node23D400665:1240:1725 [1] NCCL INFO Channel 22/0 : 17[1] -> 18[2] via P2P/MNNVL
node23D400665:1242:1724 [3] NCCL INFO Channel 26/0 : 19[3] -> 20[0] via P2P/MNNVL
node23D400665:1239:1726 [0] NCCL INFO Channel 23/0 : 16[0] -> 17[1] via P2P/MNNVL
node23D400665:1241:1723 [2] NCCL INFO Channel 24/0 : 18[2] -> 19[3] via P2P/MNNVL
node23D400665:1240:1725 [1] NCCL INFO Channel 23/0 : 17[1] -> 18[2] via P2P/MNNVL
node23D400665:1242:1724 [3] NCCL INFO Channel 27/0 : 19[3] -> 20[0] via P2P/MNNVL
node23D400665:1241:1723 [2] NCCL INFO Channel 25/0 : 18[2] -> 19[3] via P2P/MNNVL
node23D400665:1239:1726 [0] NCCL INFO Channel 24/0 : 16[0] -> 17[1] via P2P/MNNVL
node23D400665:1240:1725 [1] NCCL INFO Channel 24/0 : 17[1] -> 18[2] via P2P/MNNVL
node23D400665:1239:1726 [0] NCCL INFO Channel 25/0 : 16[0] -> 17[1] via P2P/MNNVL
node23D400665:1240:1725 [1] NCCL INFO Channel 25/0 : 17[1] -> 18[2] via P2P/MNNVL
node23D400665:1241:1723 [2] NCCL INFO Channel 26/0 : 18[2] -> 19[3] via P2P/MNNVL
node23D400665:1242:1724 [3] NCCL INFO Channel 28/0 : 19[3] -> 20[0] via P2P/MNNVL
node23D400665:1240:1725 [1] NCCL INFO Channel 26/0 : 17[1] -> 18[2] via P2P/MNNVL
node23D400665:1241:1723 [2] NCCL INFO Channel 27/0 : 18[2] -> 19[3] via P2P/MNNVL
node23D400665:1239:1726 [0] NCCL INFO Channel 26/0 : 16[0] -> 17[1] via P2P/MNNVL
node23D400665:1240:1725 [1] NCCL INFO Channel 27/0 : 17[1] -> 18[2] via P2P/MNNVL
node23D400665:1242:1724 [3] NCCL INFO Channel 29/0 : 19[3] -> 20[0] via P2P/MNNVL
node23D400665:1241:1723 [2] NCCL INFO Channel 28/0 : 18[2] -> 19[3] via P2P/MNNVL
node23D400665:1242:1724 [3] NCCL INFO Channel 30/0 : 19[3] -> 20[0] via P2P/MNNVL
node23D400665:1239:1726 [0] NCCL INFO Channel 27/0 : 16[0] -> 17[1] via P2P/MNNVL
node23D400665:1240:1725 [1] NCCL INFO Channel 28/0 : 17[1] -> 18[2] via P2P/MNNVL
node23D400665:1241:1723 [2] NCCL INFO Channel 29/0 : 18[2] -> 19[3] via P2P/MNNVL
node23D400665:1239:1726 [0] NCCL INFO Channel 28/0 : 16[0] -> 17[1] via P2P/MNNVL
node23D400665:1242:1724 [3] NCCL INFO Channel 31/0 : 19[3] -> 20[0] via P2P/MNNVL
node23D400665:1241:1723 [2] NCCL INFO Channel 30/0 : 18[2] -> 19[3] via P2P/MNNVL
node23D400665:1241:1723 [2] NCCL INFO Channel 31/0 : 18[2] -> 19[3] via P2P/MNNVL
node23D400665:1240:1725 [1] NCCL INFO Channel 29/0 : 17[1] -> 18[2] via P2P/MNNVL
node23D400665:1239:1726 [0] NCCL INFO Channel 29/0 : 16[0] -> 17[1] via P2P/MNNVL
node23D400665:1240:1725 [1] NCCL INFO Channel 30/0 : 17[1] -> 18[2] via P2P/MNNVL
node23D400665:1239:1726 [0] NCCL INFO Channel 30/0 : 16[0] -> 17[1] via P2P/MNNVL
node23D400665:1240:1725 [1] NCCL INFO Channel 31/0 : 17[1] -> 18[2] via P2P/MNNVL
node23D400665:1239:1726 [0] NCCL INFO Channel 31/0 : 16[0] -> 17[1] via P2P/MNNVL
node23D400665:1240:1725 [1] NCCL INFO Connected all rings, use ring PXN 0 GDR 1
node23D400665:1242:1724 [3] NCCL INFO Connected all rings, use ring PXN 0 GDR 1
node23D400665:1239:1726 [0] NCCL INFO Connected all rings, use ring PXN 0 GDR 1
node23D400665:1241:1723 [2] NCCL INFO Connected all rings, use ring PXN 0 GDR 1
 > number of parameters on (tensor, pipeline) model parallel rank (3, 1): 8023080960
 > number of parameters on (tensor, pipeline) model parallel rank (2, 1): 8023080960
 > number of parameters on (tensor, pipeline) model parallel rank (1, 1): 8023080960
 > number of parameters on (tensor, pipeline) model parallel rank (0, 1): 8023080960
INFO:megatron.core.distributed.param_and_grad_buffer:Number of buckets for gradient all-reduce / reduce-scatter: 1
Params for bucket 1 (8021606400 elements, 8021606400 padded size):
	module.decoder.layers.21.mlp.linear_fc2.weight
	module.decoder.layers.13.mlp.linear_fc2.weight
	module.decoder.layers.10.mlp.linear_fc1.weight
	module.decoder.layers.1.mlp.linear_fc2.weight
	module.decoder.layers.11.mlp.linear_fc2.weight
	module.decoder.layers.10.mlp.linear_fc2.weight
	module.decoder.layers.3.mlp.linear_fc2.weight
	module.decoder.layers.14.mlp.linear_fc1.weight
	module.decoder.layers.22.mlp.linear_fc1.weight
	module.decoder.layers.9.mlp.linear_fc2.weight
	module.decoder.layers.16.mlp.linear_fc2.weight
	module.decoder.layers.13.mlp.linear_fc1.weight
	module.decoder.layers.29.self_attention.linear_proj.weight
	module.decoder.layers.24.mlp.linear_fc2.weight
	module.decoder.layers.23.mlp.linear_fc2.weight
	module.decoder.layers.21.mlp.linear_fc1.weight
	module.decoder.layers.15.mlp.linear_fc2.weight
	module.decoder.layers.8.mlp.linear_fc2.weight
	module.decoder.layers.1.self_attention.linear_qkv.weight
	module.decoder.layers.0.self_attention.linear_qkv.weight
	module.decoder.layers.11.mlp.linear_fc1.weight
	module.decoder.layers.0.mlp.linear_fc2.weight
	module.decoder.layers.12.mlp.linear_fc2.weight
	module.decoder.layers.9.mlp.linear_fc1.weight
	module.decoder.layers.4.mlp.linear_fc2.weight
	module.decoder.layers.2.mlp.linear_fc1.weight
	module.decoder.layers.15.mlp.linear_fc1.weight
	module.decoder.layers.16.mlp.linear_fc1.weight
	module.decoder.layers.24.mlp.linear_fc1.weight
	module.decoder.layers.23.mlp.linear_fc1.weight
	module.decoder.layers.2.mlp.linear_fc2.weight
	module.decoder.layers.25.mlp.linear_fc2.weight
	module.decoder.layers.17.mlp.linear_fc2.weight
	module.decoder.layers.12.mlp.linear_fc1.weight
	module.decoder.layers.7.mlp.linear_fc2.weight
	module.decoder.layers.4.mlp.linear_fc1.weight
	module.decoder.layers.1.self_attention.linear_proj.weight
	module.decoder.layers.6.mlp.linear_fc2.weight
	module.decoder.layers.3.mlp.linear_fc1.weight
	module.decoder.layers.18.mlp.linear_fc1.weight
	module.decoder.layers.26.mlp.linear_fc1.weight
	module.decoder.layers.25.mlp.linear_fc1.weight
	module.decoder.layers.20.mlp.linear_fc2.weight
	module.decoder.layers.17.mlp.linear_fc1.weight
	module.decoder.layers.2.self_attention.linear_proj.weight
	module.decoder.layers.18.mlp.linear_fc2.weight
	module.decoder.layers.27.mlp.linear_fc2.weight
	module.decoder.layers.26.mlp.linear_fc2.weight
	module.decoder.layers.19.mlp.linear_fc2.weight
	module.decoder.layers.8.mlp.linear_fc1.weight
	module.decoder.layers.7.mlp.linear_fc1.weight
	module.decoder.layers.10.self_attention.linear_qkv.weight
	module.decoder.layers.6.mlp.linear_fc1.weight
	module.decoder.layers.20.mlp.linear_fc1.weight
	module.decoder.layers.1.mlp.linear_fc1.weight
	module.decoder.layers.15.self_attention.linear_qkv.weight
	module.decoder.layers.27.mlp.linear_fc1.weight
	module.decoder.layers.23.self_attention.linear_qkv.weight
	module.decoder.layers.22.self_attention.linear_qkv.weight
	module.decoder.layers.19.mlp.linear_fc1.weight
	module.decoder.layers.29.mlp.linear_fc2.weight
	module.decoder.layers.28.mlp.linear_fc2.weight
	module.decoder.layers.5.mlp.linear_fc2.weight
	module.decoder.layers.0.mlp.linear_fc1.weight
	module.decoder.layers.11.self_attention.linear_qkv.weight
	module.decoder.layers.9.self_attention.linear_qkv.weight
	module.decoder.layers.29.mlp.linear_fc1.weight
	module.decoder.layers.28.mlp.linear_fc1.weight
	module.decoder.layers.24.self_attention.linear_qkv.weight
	module.decoder.layers.16.self_attention.linear_qkv.weight
	module.decoder.layers.9.self_attention.linear_proj.weight
	module.decoder.layers.5.mlp.linear_fc1.weight
	module.decoder.layers.23.self_attention.linear_proj.weight
	module.decoder.layers.22.self_attention.linear_proj.weight
	module.decoder.layers.15.self_attention.linear_proj.weight
	module.decoder.layers.14.self_attention.linear_qkv.weight
	module.decoder.layers.7.self_attention.linear_qkv.weight
	module.decoder.layers.21.self_attention.linear_qkv.weight
	module.decoder.layers.13.self_attention.linear_qkv.weight
	module.decoder.layers.12.self_attention.linear_qkv.weight
	module.decoder.layers.4.self_attention.linear_qkv.weight
	module.decoder.layers.12.self_attention.linear_proj.weight
	module.decoder.layers.11.self_attention.linear_proj.weight
	module.decoder.layers.4.self_attention.linear_proj.weight
	module.decoder.layers.3.self_attention.linear_qkv.weight
	module.decoder.layers.0.self_attention.linear_proj.weight
	module.decoder.layers.17.self_attention.linear_qkv.weight
	module.decoder.layers.26.self_attention.linear_qkv.weight
	module.decoder.layers.25.self_attention.linear_qkv.weight
	module.decoder.layers.18.self_attention.linear_qkv.weight
	module.decoder.layers.10.self_attention.linear_proj.weight
	module.decoder.layers.2.self_attention.linear_qkv.weight
	module.decoder.layers.17.self_attention.linear_proj.weight
	module.decoder.layers.16.self_attention.linear_proj.weight
	module.decoder.layers.25.self_attention.linear_proj.weight
	module.decoder.layers.24.self_attention.linear_proj.weight
	module.decoder.layers.8.self_attention.linear_qkv.weight
	module.decoder.layers.14.self_attention.linear_proj.weight
	module.decoder.layers.6.self_attention.linear_qkv.weight
	module.decoder.layers.21.self_attention.linear_proj.weight
	module.decoder.layers.20.self_attention.linear_qkv.weight
	module.decoder.layers.13.self_attention.linear_proj.weight
	module.decoder.layers.5.self_attention.linear_qkv.weight
	module.decoder.layers.5.self_attention.linear_proj.weight
	module.decoder.layers.27.self_attention.linear_qkv.weight
	module.decoder.layers.20.self_attention.linear_proj.weight
	module.decoder.layers.19.self_attention.linear_qkv.weight
	module.decoder.layers.3.self_attention.linear_proj.weight
	module.decoder.layers.18.self_attention.linear_proj.weight
	module.decoder.layers.26.self_attention.linear_proj.weight
	module.decoder.layers.8.self_attention.linear_proj.weight
	module.decoder.layers.7.self_attention.linear_proj.weight
	module.decoder.layers.6.self_attention.linear_proj.weight
	module.decoder.layers.29.self_attention.linear_qkv.weight
	module.decoder.layers.28.self_attention.linear_qkv.weight
	module.decoder.layers.14.mlp.linear_fc2.weight
	module.decoder.layers.28.self_attention.linear_proj.weight
	module.decoder.layers.27.self_attention.linear_proj.weight
	module.decoder.layers.22.mlp.linear_fc2.weight
	module.decoder.layers.19.self_attention.linear_proj.weight
INFO:megatron.core.distributed.param_and_grad_buffer:Number of buckets for gradient all-reduce / reduce-scatter: 1
Params for bucket 1 (1474560 elements, 1474560 padded size):
	module.decoder.layers.21.mlp.linear_fc1.layer_norm_weight
	module.decoder.layers.13.mlp.linear_fc1.layer_norm_weight
	module.decoder.layers.12.mlp.linear_fc1.layer_norm_weight
	module.decoder.layers.4.mlp.linear_fc1.layer_norm_weight
	module.decoder.layers.0.self_attention.linear_qkv.layer_norm_bias
	module.decoder.layers.11.mlp.linear_fc1.layer_norm_bias
	module.decoder.layers.3.mlp.linear_fc1.layer_norm_weight
	module.decoder.layers.26.mlp.linear_fc1.layer_norm_weight
	module.decoder.layers.25.mlp.linear_fc1.layer_norm_weight
	module.decoder.layers.17.mlp.linear_fc1.layer_norm_weight
	module.decoder.layers.18.mlp.linear_fc1.layer_norm_weight
	module.decoder.layers.9.mlp.linear_fc1.layer_norm_bias
	module.decoder.layers.2.mlp.linear_fc1.layer_norm_bias
	module.decoder.layers.15.mlp.linear_fc1.layer_norm_bias
	module.decoder.layers.24.mlp.linear_fc1.layer_norm_bias
	module.decoder.layers.23.mlp.linear_fc1.layer_norm_bias
	module.decoder.layers.16.mlp.linear_fc1.layer_norm_bias
	module.decoder.layers.8.mlp.linear_fc1.layer_norm_weight
	module.decoder.layers.7.mlp.linear_fc1.layer_norm_weight
	module.decoder.layers.14.mlp.linear_fc1.layer_norm_bias
	module.decoder.layers.6.mlp.linear_fc1.layer_norm_weight
	module.decoder.layers.21.mlp.linear_fc1.layer_norm_bias
	module.decoder.layers.20.mlp.linear_fc1.layer_norm_weight
	module.decoder.layers.13.mlp.linear_fc1.layer_norm_bias
	module.decoder.layers.12.mlp.linear_fc1.layer_norm_bias
	module.decoder.layers.4.mlp.linear_fc1.layer_norm_bias
	module.decoder.layers.1.mlp.linear_fc1.layer_norm_weight
	module.decoder.layers.15.self_attention.linear_qkv.layer_norm_weight
	module.decoder.layers.27.mlp.linear_fc1.layer_norm_weight
	module.decoder.layers.23.self_attention.linear_qkv.layer_norm_weight
	module.decoder.layers.22.self_attention.linear_qkv.layer_norm_weight
	module.decoder.layers.19.mlp.linear_fc1.layer_norm_weight
	module.decoder.layers.3.mlp.linear_fc1.layer_norm_bias
	module.decoder.layers.17.mlp.linear_fc1.layer_norm_bias
	module.decoder.layers.26.mlp.linear_fc1.layer_norm_bias
	module.decoder.layers.25.mlp.linear_fc1.layer_norm_bias
	module.decoder.layers.18.mlp.linear_fc1.layer_norm_bias
	module.decoder.layers.0.mlp.linear_fc1.layer_norm_weight
	module.decoder.layers.12.self_attention.linear_qkv.layer_norm_weight
	module.decoder.layers.11.self_attention.linear_qkv.layer_norm_weight
	module.decoder.layers.8.mlp.linear_fc1.layer_norm_bias
	module.decoder.layers.7.mlp.linear_fc1.layer_norm_bias
	module.decoder.layers.4.self_attention.linear_qkv.layer_norm_weight
	module.decoder.layers.10.self_attention.linear_qkv.layer_norm_weight
	module.decoder.layers.9.self_attention.linear_qkv.layer_norm_weight
	module.decoder.layers.6.mlp.linear_fc1.layer_norm_bias
	module.decoder.layers.16.self_attention.linear_qkv.layer_norm_weight
	module.decoder.layers.29.mlp.linear_fc1.layer_norm_weight
	module.decoder.layers.28.mlp.linear_fc1.layer_norm_weight
	module.decoder.layers.24.self_attention.linear_qkv.layer_norm_weight
	module.decoder.layers.20.mlp.linear_fc1.layer_norm_bias
	module.decoder.layers.5.mlp.linear_fc1.layer_norm_weight
	module.decoder.layers.1.mlp.linear_fc1.layer_norm_bias
	module.decoder.layers.15.self_attention.linear_qkv.layer_norm_bias
	module.decoder.layers.27.mlp.linear_fc1.layer_norm_bias
	module.decoder.layers.23.self_attention.linear_qkv.layer_norm_bias
	module.decoder.layers.22.self_attention.linear_qkv.layer_norm_bias
	module.decoder.layers.19.mlp.linear_fc1.layer_norm_bias
	module.decoder.layers.14.self_attention.linear_qkv.layer_norm_weight
	module.decoder.layers.21.self_attention.linear_qkv.layer_norm_weight
	module.decoder.layers.13.self_attention.linear_qkv.layer_norm_weight
	module.decoder.layers.0.mlp.linear_fc1.layer_norm_bias
	module.decoder.layers.20.self_attention.linear_qkv.layer_norm_weight
	module.decoder.layers.12.self_attention.linear_qkv.layer_norm_bias
	module.decoder.layers.11.self_attention.linear_qkv.layer_norm_bias
	module.decoder.layers.4.self_attention.linear_qkv.layer_norm_bias
	module.decoder.layers.3.self_attention.linear_qkv.layer_norm_weight
	module.decoder.layers.17.self_attention.linear_qkv.layer_norm_weight
	module.decoder.layers.26.self_attention.linear_qkv.layer_norm_weight
	module.decoder.layers.25.self_attention.linear_qkv.layer_norm_weight
	module.decoder.layers.18.self_attention.linear_qkv.layer_norm_weight
	module.decoder.layers.10.self_attention.linear_qkv.layer_norm_bias
	module.decoder.layers.9.self_attention.linear_qkv.layer_norm_bias
	module.decoder.layers.16.self_attention.linear_qkv.layer_norm_bias
	module.decoder.layers.29.mlp.linear_fc1.layer_norm_bias
	module.decoder.layers.28.mlp.linear_fc1.layer_norm_bias
	module.decoder.layers.24.self_attention.linear_qkv.layer_norm_bias
	module.decoder.layers.8.self_attention.linear_qkv.layer_norm_weight
	module.decoder.layers.5.mlp.linear_fc1.layer_norm_bias
	module.decoder.layers.14.self_attention.linear_qkv.layer_norm_bias
	module.decoder.layers.7.self_attention.linear_qkv.layer_norm_weight
	module.decoder.layers.6.self_attention.linear_qkv.layer_norm_weight
	module.decoder.layers.21.self_attention.linear_qkv.layer_norm_bias
	module.decoder.layers.13.self_attention.linear_qkv.layer_norm_bias
	module.decoder.layers.5.self_attention.linear_qkv.layer_norm_weight
	module.decoder.layers.1.self_attention.linear_qkv.layer_norm_weight
	module.decoder.layers.28.self_attention.linear_qkv.layer_norm_weight
	module.decoder.layers.27.self_attention.linear_qkv.layer_norm_weight
	module.decoder.layers.20.self_attention.linear_qkv.layer_norm_bias
	module.decoder.layers.19.self_attention.linear_qkv.layer_norm_weight
	module.decoder.layers.3.self_attention.linear_qkv.layer_norm_bias
	module.decoder.layers.17.self_attention.linear_qkv.layer_norm_bias
	module.decoder.layers.26.self_attention.linear_qkv.layer_norm_bias
	module.decoder.layers.25.self_attention.linear_qkv.layer_norm_bias
	module.decoder.layers.18.self_attention.linear_qkv.layer_norm_bias
	module.decoder.layers.2.self_attention.linear_qkv.layer_norm_weight
	module.decoder.layers.8.self_attention.linear_qkv.layer_norm_bias
	module.decoder.layers.7.self_attention.linear_qkv.layer_norm_bias
	module.decoder.layers.6.self_attention.linear_qkv.layer_norm_bias
	module.decoder.layers.29.self_attention.linear_qkv.layer_norm_weight
	module.decoder.layers.5.self_attention.linear_qkv.layer_norm_bias
	module.decoder.layers.28.self_attention.linear_qkv.layer_norm_bias
	module.decoder.layers.27.self_attention.linear_qkv.layer_norm_bias
	module.decoder.layers.19.self_attention.linear_qkv.layer_norm_bias
	module.decoder.layers.10.mlp.linear_fc1.layer_norm_weight
	module.decoder.layers.2.self_attention.linear_qkv.layer_norm_bias
	module.decoder.layers.22.mlp.linear_fc1.layer_norm_weight
	module.decoder.layers.29.self_attention.linear_qkv.layer_norm_bias
	module.decoder.layers.1.self_attention.linear_qkv.layer_norm_bias
	module.decoder.layers.0.self_attention.linear_qkv.layer_norm_weight
	module.decoder.layers.11.mlp.linear_fc1.layer_norm_weight
	module.decoder.layers.10.mlp.linear_fc1.layer_norm_bias
	module.decoder.layers.9.mlp.linear_fc1.layer_norm_weight
	module.decoder.layers.2.mlp.linear_fc1.layer_norm_weight
	module.decoder.layers.16.mlp.linear_fc1.layer_norm_weight
	module.decoder.layers.15.mlp.linear_fc1.layer_norm_weight
	module.decoder.layers.24.mlp.linear_fc1.layer_norm_weight
	module.decoder.layers.23.mlp.linear_fc1.layer_norm_weight
	module.decoder.layers.14.mlp.linear_fc1.layer_norm_weight
	module.decoder.layers.22.mlp.linear_fc1.layer_norm_bias
node23D400665:1242:1242 [3] NCCL INFO Comm config Blocking set to 1
node23D400665:1239:1239 [0] NCCL INFO Comm config Blocking set to 1
node23D400665:1241:1241 [2] NCCL INFO Comm config Blocking set to 1
node23D400665:1240:1240 [1] NCCL INFO Comm config Blocking set to 1
node23D400665:1240:2082 [1] NCCL INFO Assigned NET plugin Socket to comm
node23D400665:1239:2080 [0] NCCL INFO Assigned NET plugin Socket to comm
node23D400665:1240:2082 [1] NCCL INFO Using network Socket
node23D400665:1242:2079 [3] NCCL INFO Assigned NET plugin Socket to comm
node23D400665:1239:2080 [0] NCCL INFO Using network Socket
node23D400665:1242:2079 [3] NCCL INFO Using network Socket
node23D400665:1241:2081 [2] NCCL INFO Assigned NET plugin Socket to comm
node23D400665:1241:2081 [2] NCCL INFO Using network Socket
node23D400665:1242:2079 [3] NCCL INFO ncclCommInitRankConfig comm 0x5bbfd850 rank 1 nranks 4 cudaDev 3 nvmlDev 3 busId 1901000 commId 0xb26d1dc2164784e7 - Init START
node23D400665:1240:2082 [1] NCCL INFO ncclCommInitRankConfig comm 0x546a3310 rank 1 nranks 4 cudaDev 1 nvmlDev 1 busId 901000 commId 0x78f0a526966a3654 - Init START
node23D400665:1241:2081 [2] NCCL INFO ncclCommInitRankConfig comm 0x4a6f1710 rank 1 nranks 4 cudaDev 2 nvmlDev 2 busId 1801000 commId 0x43fcf05696cebd85 - Init START
node23D400665:1239:2080 [0] NCCL INFO ncclCommInitRankConfig comm 0x1f0d7e40 rank 1 nranks 4 cudaDev 0 nvmlDev 0 busId 801000 commId 0x54e7e7ac76db0475 - Init START
node23D400665:1240:2082 [1] NCCL INFO Bootstrap timings total 0.001561 (create 0.000042, send 0.000198, recv 0.000682, ring 0.000421, delay 0.000000)
node23D400665:1242:2079 [3] NCCL INFO Bootstrap timings total 0.001600 (create 0.000045, send 0.000218, recv 0.000583, ring 0.000501, delay 0.000000)
node23D400665:1241:2081 [2] NCCL INFO Bootstrap timings total 0.001879 (create 0.000035, send 0.000185, recv 0.000861, ring 0.000603, delay 0.000000)
node23D400665:1239:2080 [0] NCCL INFO Bootstrap timings total 0.002572 (create 0.000031, send 0.000148, recv 0.000468, ring 0.001500, delay 0.000000)
node23D400665:1240:2082 [1] NCCL INFO MNNVL busId 0x901000 fabric UUID aa48724aeeaad6a8.b34b901796a1c18d cliqueId 0x7ffe state 3 healthMask 0xaa
node23D400665:1241:2081 [2] NCCL INFO MNNVL busId 0x1801000 fabric UUID aa48724aeeaad6a8.b34b901796a1c18d cliqueId 0x7ffe state 3 healthMask 0xaa
node23D400665:1239:2080 [0] NCCL INFO MNNVL busId 0x801000 fabric UUID aa48724aeeaad6a8.b34b901796a1c18d cliqueId 0x7ffe state 3 healthMask 0xaa
node23D400665:1242:2079 [3] NCCL INFO MNNVL busId 0x1901000 fabric UUID aa48724aeeaad6a8.b34b901796a1c18d cliqueId 0x7ffe state 3 healthMask 0xaa
node23D400665:1241:2081 [2] NCCL INFO MNNVL 1 cliqueId 7ffe cliqueSize 4 cliqueRank 1
node23D400665:1240:2082 [1] NCCL INFO MNNVL 1 cliqueId 7ffe cliqueSize 4 cliqueRank 1
node23D400665:1239:2080 [0] NCCL INFO MNNVL 1 cliqueId 7ffe cliqueSize 4 cliqueRank 1
node23D400665:1242:2079 [3] NCCL INFO MNNVL 1 cliqueId 7ffe cliqueSize 4 cliqueRank 1
node23D400665:1241:2081 [2] NCCL INFO Setting affinity for GPU 2 to 72-143
node23D400665:1241:2081 [2] NCCL INFO comm 0x4a6f1710 rank 1 nRanks 4 nNodes 1 localRanks 4 localRank 1 MNNVL 1
node23D400665:1241:2081 [2] NCCL INFO Trees [0] 2/-1/-1->1->0 [1] 2/-1/-1->1->0 [2] 2/-1/-1->1->0 [3] 2/-1/-1->1->0 [4] 2/-1/-1->1->0 [5] 2/-1/-1->1->0 [6] 2/-1/-1->1->0 [7] 2/-1/-1->1->0 [8] 2/-1/-1->1->0 [9] 2/-1/-1->1->0 [10] 2/-1/-1->1->-1 [11] 2/-1/-1->1->-1 [12] -1/-1/-1->1->0 [13] -1/-1/-1->1->0 [14] 2/-1/-1->1->0 [15] 2/-1/-1->1->0 [16] 2/-1/-1->1->0 [17] 2/-1/-1->1->0 [18] 2/-1/-1->1->0 [19] 2/-1/-1->1->0 [20] 2/-1/-1->1->0 [21] 2/-1/-1->1->0 [22] 2/-1/-1->1->0 [23] 2/-1/-1->1->0 [24] 2/-1/-1->1->0 [25] 2/-1/-1->1->0 [26] 2/-1/-1->1->-1 [27] 2/-1/-1->1->-1 [28] -1/-1/-1->1->0 [29] -1/-1/-1->1->0 [30] 2/-1/-1->1->0 [31] 2/-1/-1->1->0
node23D400665:1241:2081 [2] NCCL INFO P2P Chunksize set to 524288
node23D400665:1241:2083 [2] NCCL INFO [Proxy Service] Device 2 CPU core 136
