W1115 13:50:08.606000 1174 torch/distributed/run.py:766] 
W1115 13:50:08.606000 1174 torch/distributed/run.py:766] *****************************************
W1115 13:50:08.606000 1174 torch/distributed/run.py:766] Setting OMP_NUM_THREADS environment variable for each process to be 1 in default, to avoid your system being overloaded, please further tune the variable for optimal performance in your application as needed. 
W1115 13:50:08.606000 1174 torch/distributed/run.py:766] *****************************************
[Gloo] Rank [Gloo] Rank [Gloo] Rank [Gloo] Rank 0000 is connected to  is connected to  is connected to  is connected to 1111 peer ranks.  peer ranks.  peer ranks.  peer ranks. Expected number of connected peer ranks is : Expected number of connected peer ranks is : Expected number of connected peer ranks is : Expected number of connected peer ranks is : 1111



[Gloo] Rank 0 is connected to 0 peer ranks. Expected number of connected peer ranks is : 0
[Gloo] Rank [Gloo] Rank 00 is connected to  is connected to 00 peer ranks.  peer ranks. Expected number of connected peer ranks is : Expected number of connected peer ranks is : 00
[Gloo] Rank 
0 is connected to 0 peer ranks. Expected number of connected peer ranks is : 0
[Gloo] Rank 0 is connected to 1 peer ranks. Expected number of connected peer ranks is : 1
[Gloo] Rank 0 is connected to 1 peer ranks. Expected number of connected peer ranks is : 1
[Gloo] Rank 0 is connected to 1 peer ranks. Expected number of connected peer ranks is : [Gloo] Rank 10
 is connected to 1 peer ranks. Expected number of connected peer ranks is : 1
[rank23]:[W1115 13:50:47.899847358 ProcessGroupNCCL.cpp:4789] [PG ID 0 PG GUID 0 Rank 23]  using GPU 3 as device used by this process is currently unknown. This can potentially cause a hang if this rank to GPU mapping is incorrect. You can specify device_id in init_process_group() to force use of a particular device.
[rank22]:[W1115 13:50:47.899847614 ProcessGroupNCCL.cpp:4789] [PG ID 0 PG GUID 0 Rank 22]  using GPU 2 as device used by this process is currently unknown. This can potentially cause a hang if this rank to GPU mapping is incorrect. You can specify device_id in init_process_group() to force use of a particular device.
[rank21]:[W1115 13:50:47.899848094 ProcessGroupNCCL.cpp:4789] [PG ID 0 PG GUID 0 Rank 21]  using GPU 1 as device used by this process is currently unknown. This can potentially cause a hang if this rank to GPU mapping is incorrect. You can specify device_id in init_process_group() to force use of a particular device.
node23D400685:1241:1241 [2] NCCL INFO cudaDriverVersion 12080
node23D400685:1241:1241 [2] NCCL INFO Bootstrap: Using enP5p9s0:10.192.23.153<0>
node23D400685:1241:1241 [2] NCCL INFO NCCL version 2.27.3+cuda12.9
node23D400685:1241:1241 [2] NCCL INFO Comm config Blocking set to 1
node23D400685:1240:1240 [1] NCCL INFO cudaDriverVersion 12080
node23D400685:1242:1242 [3] NCCL INFO cudaDriverVersion 12080
node23D400685:1242:1242 [3] NCCL INFO Bootstrap: Using enP5p9s0:10.192.23.153<0>
node23D400685:1242:1242 [3] NCCL INFO NCCL version 2.27.3+cuda12.9
node23D400685:1242:1242 [3] NCCL INFO Comm config Blocking set to 1
node23D400685:1240:1240 [1] NCCL INFO Bootstrap: Using enP5p9s0:10.192.23.153<0>
node23D400685:1240:1240 [1] NCCL INFO NCCL version 2.27.3+cuda12.9
node23D400685:1240:1240 [1] NCCL INFO Comm config Blocking set to 1
[rank20]:[W1115 13:50:47.323175822 ProcessGroupNCCL.cpp:4789] [PG ID 0 PG GUID 0 Rank 20]  using GPU 0 as device used by this process is currently unknown. This can potentially cause a hang if this rank to GPU mapping is incorrect. You can specify device_id in init_process_group() to force use of a particular device.
node23D400685:1239:1239 [0] NCCL INFO cudaDriverVersion 12080
node23D400685:1239:1239 [0] NCCL INFO Bootstrap: Using enP5p9s0:10.192.23.153<0>
node23D400685:1239:1239 [0] NCCL INFO NCCL version 2.27.3+cuda12.9
node23D400685:1239:1239 [0] NCCL INFO Comm config Blocking set to 1
node23D400685:1241:1707 [2] NCCL INFO NET/Plugin: Plugin name set by env to libnccl-net.so
node23D400685:1242:1708 [3] NCCL INFO NET/Plugin: Plugin name set by env to libnccl-net.so
node23D400685:1241:1707 [2] NCCL INFO NET/Plugin: Loaded net plugin NCCL RDMA Plugin v10 (v10)
node23D400685:1241:1707 [2] NCCL INFO NET/Plugin: Loaded collnet plugin NCCL RDMA Plugin v10 (v10)
node23D400685:1242:1708 [3] NCCL INFO NET/Plugin: Loaded net plugin NCCL RDMA Plugin v10 (v10)
node23D400685:1241:1707 [2] NCCL INFO Successfully loaded external plugin libnccl-net.so
node23D400685:1242:1708 [3] NCCL INFO NET/Plugin: Loaded collnet plugin NCCL RDMA Plugin v10 (v10)
node23D400685:1242:1708 [3] NCCL INFO Successfully loaded external plugin libnccl-net.so
node23D400685:1242:1708 [3] NCCL INFO Plugin Path : /opt/hpcx/nccl_rdma_sharp_plugin/lib/libnccl-net.so
node23D400685:1241:1707 [2] NCCL INFO Plugin Path : /opt/hpcx/nccl_rdma_sharp_plugin/lib/libnccl-net.so
node23D400685:1242:1708 [3] NCCL INFO P2P plugin v10 IBext_v10
node23D400685:1241:1707 [2] NCCL INFO P2P plugin v10 IBext_v10
node23D400685:1240:1709 [1] NCCL INFO NET/Plugin: Plugin name set by env to libnccl-net.so
node23D400685:1240:1709 [1] NCCL INFO NET/Plugin: Loaded net plugin NCCL RDMA Plugin v10 (v10)
node23D400685:1240:1709 [1] NCCL INFO NET/Plugin: Loaded collnet plugin NCCL RDMA Plugin v10 (v10)
node23D400685:1240:1709 [1] NCCL INFO Successfully loaded external plugin libnccl-net.so
node23D400685:1240:1709 [1] NCCL INFO Plugin Path : /opt/hpcx/nccl_rdma_sharp_plugin/lib/libnccl-net.so
node23D400685:1240:1709 [1] NCCL INFO P2P plugin v10 IBext_v10
node23D400685:1239:1710 [0] NCCL INFO NET/Plugin: Plugin name set by env to libnccl-net.so
node23D400685:1239:1710 [0] NCCL INFO NET/Plugin: Loaded net plugin NCCL RDMA Plugin v10 (v10)
node23D400685:1239:1710 [0] NCCL INFO NET/Plugin: Loaded collnet plugin NCCL RDMA Plugin v10 (v10)
node23D400685:1239:1710 [0] NCCL INFO Successfully loaded external plugin libnccl-net.so
node23D400685:1239:1710 [0] NCCL INFO Plugin Path : /opt/hpcx/nccl_rdma_sharp_plugin/lib/libnccl-net.so
node23D400685:1239:1710 [0] NCCL INFO P2P plugin v10 IBext_v10
node23D400685:1242:1708 [3] NCCL INFO NET/IB : No device found.
node23D400685:1242:1708 [3] NCCL INFO NET/IB : Using [RO]; OOB enP5p9s0:10.192.23.153<0>
node23D400685:1241:1707 [2] NCCL INFO NET/IB : No device found.
node23D400685:1240:1709 [1] NCCL INFO NET/IB : No device found.
node23D400685:1241:1707 [2] NCCL INFO NET/IB : Using [RO]; OOB enP5p9s0:10.192.23.153<0>
node23D400685:1240:1709 [1] NCCL INFO NET/IB : Using [RO]; OOB enP5p9s0:10.192.23.153<0>
node23D400685:1239:1710 [0] NCCL INFO NET/IB : No device found.
node23D400685:1239:1710 [0] NCCL INFO NET/IB : Using [RO]; OOB enP5p9s0:10.192.23.153<0>
node23D400685:1242:1708 [3] NCCL INFO NET/IB : No device found.
node23D400685:1242:1708 [3] NCCL INFO NET/IB : Using [RO]; OOB enP5p9s0:10.192.23.153<0>
node23D400685:1242:1708 [3] NCCL INFO NET/Socket : Using [0]enP5p9s0:10.192.23.153<0>
node23D400685:1242:1708 [3] NCCL INFO Initialized NET plugin Socket
node23D400685:1242:1708 [3] NCCL INFO Assigned NET plugin Socket to comm
node23D400685:1242:1708 [3] NCCL INFO Using network Socket
node23D400685:1241:1707 [2] NCCL INFO NET/IB : No device found.
node23D400685:1241:1707 [2] NCCL INFO NET/IB : Using [RO]; OOB enP5p9s0:10.192.23.153<0>
node23D400685:1241:1707 [2] NCCL INFO NET/Socket : Using [0]enP5p9s0:10.192.23.153<0>
node23D400685:1241:1707 [2] NCCL INFO Initialized NET plugin Socket
node23D400685:1241:1707 [2] NCCL INFO Assigned NET plugin Socket to comm
node23D400685:1241:1707 [2] NCCL INFO Using network Socket
node23D400685:1240:1709 [1] NCCL INFO NET/IB : No device found.
node23D400685:1240:1709 [1] NCCL INFO NET/IB : Using [RO]; OOB enP5p9s0:10.192.23.153<0>
node23D400685:1239:1710 [0] NCCL INFO NET/IB : No device found.
node23D400685:1239:1710 [0] NCCL INFO NET/IB : Using [RO]; OOB enP5p9s0:10.192.23.153<0>
node23D400685:1239:1710 [0] NCCL INFO NET/Socket : Using [0]enP5p9s0:10.192.23.153<0>
node23D400685:1240:1709 [1] NCCL INFO NET/Socket : Using [0]enP5p9s0:10.192.23.153<0>
node23D400685:1239:1710 [0] NCCL INFO Initialized NET plugin Socket
node23D400685:1240:1709 [1] NCCL INFO Initialized NET plugin Socket
node23D400685:1239:1710 [0] NCCL INFO Assigned NET plugin Socket to comm
node23D400685:1239:1710 [0] NCCL INFO Using network Socket
node23D400685:1240:1709 [1] NCCL INFO Assigned NET plugin Socket to comm
node23D400685:1240:1709 [1] NCCL INFO Using network Socket
node23D400685:1242:1708 [3] NCCL INFO ncclCommInitRankConfig comm 0x475d31c0 rank 23 nranks 64 cudaDev 3 nvmlDev 3 busId 1901000 commId 0xd0f8a826c702c9c7 - Init START
node23D400685:1241:1707 [2] NCCL INFO ncclCommInitRankConfig comm 0x4a2406e0 rank 22 nranks 64 cudaDev 2 nvmlDev 2 busId 1801000 commId 0xd0f8a826c702c9c7 - Init START
node23D400685:1242:1708 [3] NCCL INFO RAS client listening socket at 127.0.0.1<28028>
node23D400685:1240:1709 [1] NCCL INFO ncclCommInitRankConfig comm 0x267c06e0 rank 21 nranks 64 cudaDev 1 nvmlDev 1 busId 901000 commId 0xd0f8a826c702c9c7 - Init START
node23D400685:1239:1710 [0] NCCL INFO ncclCommInitRankConfig comm 0x4a5c22f0 rank 20 nranks 64 cudaDev 0 nvmlDev 0 busId 801000 commId 0xd0f8a826c702c9c7 - Init START
node23D400685:1241:1707 [2] NCCL INFO RAS client listening socket at 127.0.0.1<28028>
node23D400685:1240:1709 [1] NCCL INFO RAS client listening socket at 127.0.0.1<28028>
node23D400685:1239:1710 [0] NCCL INFO RAS client listening socket at 127.0.0.1<28028>
node23D400685:1239:1710 [0] NCCL INFO Bootstrap timings total 0.008174 (create 0.000033, send 0.000128, recv 0.000596, ring 0.007128, delay 0.000000)
node23D400685:1241:1707 [2] NCCL INFO Bootstrap timings total 0.009367 (create 0.000039, send 0.000165, recv 0.000296, ring 0.007416, delay 0.000000)
node23D400685:1240:1709 [1] NCCL INFO Bootstrap timings total 0.008535 (create 0.000034, send 0.000180, recv 0.000609, ring 0.007146, delay 0.000000)
node23D400685:1242:1708 [3] NCCL INFO Bootstrap timings total 0.018992 (create 0.000048, send 0.000199, recv 0.000307, ring 0.008499, delay 0.000000)
node23D400685:1242:1708 [3] NCCL INFO MNNVL busId 0x1901000 fabric UUID aa48724aeeaad6a8.b34b901796a1c18d cliqueId 0x7ffe state 3 healthMask 0xaa
node23D400685:1239:1710 [0] NCCL INFO MNNVL busId 0x801000 fabric UUID aa48724aeeaad6a8.b34b901796a1c18d cliqueId 0x7ffe state 3 healthMask 0xaa
node23D400685:1241:1707 [2] NCCL INFO MNNVL busId 0x1801000 fabric UUID aa48724aeeaad6a8.b34b901796a1c18d cliqueId 0x7ffe state 3 healthMask 0xaa
node23D400685:1240:1709 [1] NCCL INFO MNNVL busId 0x901000 fabric UUID aa48724aeeaad6a8.b34b901796a1c18d cliqueId 0x7ffe state 3 healthMask 0xaa
node23D400685:1239:1710 [0] NCCL INFO MNNVL 1 cliqueId 7ffe cliqueSize 64 cliqueRank 20
node23D400685:1242:1708 [3] NCCL INFO MNNVL 1 cliqueId 7ffe cliqueSize 64 cliqueRank 23
node23D400685:1240:1709 [1] NCCL INFO MNNVL 1 cliqueId 7ffe cliqueSize 64 cliqueRank 21
node23D400685:1241:1707 [2] NCCL INFO MNNVL 1 cliqueId 7ffe cliqueSize 64 cliqueRank 22
node23D400685:1240:1709 [1] NCCL INFO Setting affinity for GPU 1 to 0-71
node23D400685:1241:1707 [2] NCCL INFO Setting affinity for GPU 2 to 72-143
node23D400685:1241:1707 [2] NCCL INFO NCCL_NVLS_ENABLE set by environment to 0.
node23D400685:1240:1709 [1] NCCL INFO NCCL_NVLS_ENABLE set by environment to 0.
node23D400685:1239:1710 [0] NCCL INFO Setting affinity for GPU 0 to 0-71
node23D400685:1239:1710 [0] NCCL INFO NCCL_NVLS_ENABLE set by environment to 0.
node23D400685:1242:1708 [3] NCCL INFO Setting affinity for GPU 3 to 72-143
node23D400685:1242:1708 [3] NCCL INFO NCCL_NVLS_ENABLE set by environment to 0.
node23D400685:1239:1710 [0] NCCL INFO comm 0x4a5c22f0 rank 20 nRanks 64 nNodes 1 localRanks 64 localRank 20 MNNVL 1
node23D400685:1242:1708 [3] NCCL INFO comm 0x475d31c0 rank 23 nRanks 64 nNodes 1 localRanks 64 localRank 23 MNNVL 1
node23D400685:1240:1709 [1] NCCL INFO comm 0x267c06e0 rank 21 nRanks 64 nNodes 1 localRanks 64 localRank 21 MNNVL 1
node23D400685:1241:1707 [2] NCCL INFO comm 0x4a2406e0 rank 22 nRanks 64 nNodes 1 localRanks 64 localRank 22 MNNVL 1
node23D400685:1239:1710 [0] NCCL INFO Trees [0] 21/-1/-1->20->19 [1] 21/-1/-1->20->19 [2] 21/-1/-1->20->19 [3] 21/-1/-1->20->19 [4] 21/-1/-1->20->19 [5] 21/-1/-1->20->19 [6] 21/-1/-1->20->19 [7] 21/-1/-1->20->19 [8] 21/-1/-1->20->19 [9] 21/-1/-1->20->19 [10] 21/-1/-1->20->19 [11] 21/-1/-1->20->19 [12] 21/-1/-1->20->19 [13] 21/-1/-1->20->19 [14] 21/-1/-1->20->19 [15] 21/-1/-1->20->19 [16] 21/-1/-1->20->19 [17] 21/-1/-1->20->19 [18] 21/-1/-1->20->19 [19] 21/-1/-1->20->19 [20] 21/-1/-1->20->19 [21] 21/-1/-1->20->19 [22] 21/-1/-1->20->19 [23] 21/-1/-1->20->19 [24] 21/-1/-1->20->19 [25] 21/-1/-1->20->19 [26] 21/-1/-1->20->19 [27] 21/-1/-1->20->19 [28] 21/-1/-1->20->19 [29] 21/-1/-1->20->19 [30] 21/-1/-1->20->19 [31] 21/-1/-1->20->19
node23D400685:1239:1710 [0] NCCL INFO P2P Chunksize set to 524288
node23D400685:1242:1708 [3] NCCL INFO Trees [0] 24/-1/-1->23->22 [1] 24/-1/-1->23->22 [2] 24/-1/-1->23->22 [3] 24/-1/-1->23->22 [4] 24/-1/-1->23->22 [5] 24/-1/-1->23->22 [6] 24/-1/-1->23->22 [7] 24/-1/-1->23->22 [8] 24/-1/-1->23->22 [9] 24/-1/-1->23->22 [10] 24/-1/-1->23->22 [11] 24/-1/-1->23->22 [12] 24/-1/-1->23->22 [13] 24/-1/-1->23->22 [14] 24/-1/-1->23->22 [15] 24/-1/-1->23->22 [16] 24/-1/-1->23->22 [17] 24/-1/-1->23->22 [18] 24/-1/-1->23->22 [19] 24/-1/-1->23->22 [20] 24/-1/-1->23->22 [21] 24/-1/-1->23->22 [22] 24/-1/-1->23->22 [23] 24/-1/-1->23->22 [24] 24/-1/-1->23->22 [25] 24/-1/-1->23->22 [26] 24/-1/-1->23->22 [27] 24/-1/-1->23->22 [28] 24/-1/-1->23->22 [29] 24/-1/-1->23->22 [30] 24/-1/-1->23->22 [31] 24/-1/-1->23->22
node23D400685:1242:1708 [3] NCCL INFO P2P Chunksize set to 524288
node23D400685:1240:1709 [1] NCCL INFO Trees [0] 22/-1/-1->21->20 [1] 22/-1/-1->21->20 [2] 22/-1/-1->21->20 [3] 22/-1/-1->21->20 [4] 22/-1/-1->21->20 [5] 22/-1/-1->21->20 [6] 22/-1/-1->21->20 [7] 22/-1/-1->21->20 [8] 22/-1/-1->21->20 [9] 22/-1/-1->21->20 [10] 22/-1/-1->21->20 [11] 22/-1/-1->21->20 [12] 22/-1/-1->21->20 [13] 22/-1/-1->21->20 [14] 22/-1/-1->21->20 [15] 22/-1/-1->21->20 [16] 22/-1/-1->21->20 [17] 22/-1/-1->21->20 [18] 22/-1/-1->21->20 [19] 22/-1/-1->21->20 [20] 22/-1/-1->21->20 [21] 22/-1/-1->21->20 [22] 22/-1/-1->21->20 [23] 22/-1/-1->21->20 [24] 22/-1/-1->21->20 [25] 22/-1/-1->21->20 [26] 22/-1/-1->21->20 [27] 22/-1/-1->21->20 [28] 22/-1/-1->21->20 [29] 22/-1/-1->21->20 [30] 22/-1/-1->21->20 [31] 22/-1/-1->21->20
node23D400685:1241:1707 [2] NCCL INFO Trees [0] 23/-1/-1->22->21 [1] 23/-1/-1->22->21 [2] 23/-1/-1->22->21 [3] 23/-1/-1->22->21 [4] 23/-1/-1->22->21 [5] 23/-1/-1->22->21 [6] 23/-1/-1->22->21 [7] 23/-1/-1->22->21 [8] 23/-1/-1->22->21 [9] 23/-1/-1->22->21 [10] 23/-1/-1->22->21 [11] 23/-1/-1->22->21 [12] 23/-1/-1->22->21 [13] 23/-1/-1->22->21 [14] 23/-1/-1->22->21 [15] 23/-1/-1->22->21 [16] 23/-1/-1->22->21 [17] 23/-1/-1->22->21 [18] 23/-1/-1->22->21 [19] 23/-1/-1->22->21 [20] 23/-1/-1->22->21 [21] 23/-1/-1->22->21 [22] 23/-1/-1->22->21 [23] 23/-1/-1->22->21 [24] 23/-1/-1->22->21 [25] 23/-1/-1->22->21 [26] 23/-1/-1->22->21 [27] 23/-1/-1->22->21 [28] 23/-1/-1->22->21 [29] 23/-1/-1->22->21 [30] 23/-1/-1->22->21 [31] 23/-1/-1->22->21
node23D400685:1240:1709 [1] NCCL INFO P2P Chunksize set to 524288
node23D400685:1241:1707 [2] NCCL INFO P2P Chunksize set to 524288
node23D400685:1241:1707 [2] NCCL INFO PROFILER/Plugin: Could not find: libnccl-profiler.so. 
node23D400685:1242:1708 [3] NCCL INFO PROFILER/Plugin: Could not find: libnccl-profiler.so. 
node23D400685:1240:1709 [1] NCCL INFO PROFILER/Plugin: Could not find: libnccl-profiler.so. 
node23D400685:1239:1710 [0] NCCL INFO PROFILER/Plugin: Could not find: libnccl-profiler.so. 
node23D400685:1242:1715 [3] NCCL INFO [Proxy Service] Device 3 CPU core 119
node23D400685:1241:1716 [2] NCCL INFO [Proxy Service] Device 2 CPU core 95
node23D400685:1242:1719 [3] NCCL INFO [Proxy Service UDS] Device 3 CPU core 120
node23D400685:1241:1720 [2] NCCL INFO [Proxy Service UDS] Device 2 CPU core 97
node23D400685:1239:1718 [0] NCCL INFO [Proxy Service] Device 0 CPU core 2
node23D400685:1239:1722 [0] NCCL INFO [Proxy Service UDS] Device 0 CPU core 3
node23D400685:1240:1721 [1] NCCL INFO [Proxy Service UDS] Device 1 CPU core 36
node23D400685:1240:1717 [1] NCCL INFO [Proxy Service] Device 1 CPU core 35
node23D400685:1242:1708 [3] NCCL INFO threadThresholds 8/8/64 | 512/8/64 | 512 | 512
node23D400685:1242:1708 [3] NCCL INFO 32 coll channels, 32 collnet channels, 0 nvls channels, 32 p2p channels, 32 p2p channels per peer
node23D400685:1241:1707 [2] NCCL INFO threadThresholds 8/8/64 | 512/8/64 | 512 | 512
node23D400685:1241:1707 [2] NCCL INFO 32 coll channels, 32 collnet channels, 0 nvls channels, 32 p2p channels, 32 p2p channels per peer
node23D400685:1239:1710 [0] NCCL INFO threadThresholds 8/8/64 | 512/8/64 | 512 | 512
node23D400685:1239:1710 [0] NCCL INFO 32 coll channels, 32 collnet channels, 0 nvls channels, 32 p2p channels, 32 p2p channels per peer
node23D400685:1240:1709 [1] NCCL INFO threadThresholds 8/8/64 | 512/8/64 | 512 | 512
node23D400685:1240:1709 [1] NCCL INFO 32 coll channels, 32 collnet channels, 0 nvls channels, 32 p2p channels, 32 p2p channels per peer
node23D400685:1239:1710 [0] NCCL INFO TUNER/Plugin: Could not find: libnccl-tuner.so. Using internal tuner plugin.
node23D400685:1240:1709 [1] NCCL INFO TUNER/Plugin: Could not find: libnccl-tuner.so. Using internal tuner plugin.
node23D400685:1241:1707 [2] NCCL INFO TUNER/Plugin: Could not find: libnccl-tuner.so. Using internal tuner plugin.
node23D400685:1242:1708 [3] NCCL INFO TUNER/Plugin: Could not find: libnccl-tuner.so. Using internal tuner plugin.
node23D400685:1239:1710 [0] NCCL INFO TUNER/Plugin: Failed to find ncclTunerPlugin_v4 symbol.
node23D400685:1240:1709 [1] NCCL INFO TUNER/Plugin: Failed to find ncclTunerPlugin_v4 symbol.
node23D400685:1241:1707 [2] NCCL INFO TUNER/Plugin: Failed to find ncclTunerPlugin_v4 symbol.
node23D400685:1242:1708 [3] NCCL INFO TUNER/Plugin: Failed to find ncclTunerPlugin_v4 symbol.
node23D400685:1239:1710 [0] NCCL INFO TUNER/Plugin: Failed to find ncclTunerPlugin_v3 symbol.
node23D400685:1240:1709 [1] NCCL INFO TUNER/Plugin: Failed to find ncclTunerPlugin_v3 symbol.
node23D400685:1241:1707 [2] NCCL INFO TUNER/Plugin: Failed to find ncclTunerPlugin_v3 symbol.
node23D400685:1242:1708 [3] NCCL INFO TUNER/Plugin: Failed to find ncclTunerPlugin_v3 symbol.
node23D400685:1239:1710 [0] NCCL INFO TUNER/Plugin: Failed to find ncclTunerPlugin_v2 symbol, using internal tuner instead.
node23D400685:1240:1709 [1] NCCL INFO TUNER/Plugin: Failed to find ncclTunerPlugin_v2 symbol, using internal tuner instead.
node23D400685:1241:1707 [2] NCCL INFO TUNER/Plugin: Failed to find ncclTunerPlugin_v2 symbol, using internal tuner instead.
node23D400685:1242:1708 [3] NCCL INFO TUNER/Plugin: Failed to find ncclTunerPlugin_v2 symbol, using internal tuner instead.
node23D400685:1239:1710 [0] NCCL INFO ncclCommInitRankConfig comm 0x4a5c22f0 rank 20 nranks 64 cudaDev 0 nvmlDev 0 busId 801000 commId 0xd0f8a826c702c9c7 - Init COMPLETE
node23D400685:1240:1709 [1] NCCL INFO ncclCommInitRankConfig comm 0x267c06e0 rank 21 nranks 64 cudaDev 1 nvmlDev 1 busId 901000 commId 0xd0f8a826c702c9c7 - Init COMPLETE
node23D400685:1241:1707 [2] NCCL INFO ncclCommInitRankConfig comm 0x4a2406e0 rank 22 nranks 64 cudaDev 2 nvmlDev 2 busId 1801000 commId 0xd0f8a826c702c9c7 - Init COMPLETE
node23D400685:1239:1710 [0] NCCL INFO Init timings - ncclCommInitRankConfig: rank 20 nranks 64 total 2.59 (kernels 0.09, alloc 0.16, bootstrap 0.01, allgathers 0.07, topo 2.05, graphs 0.04, connections 0.16, rest 0.01)
node23D400685:1242:1708 [3] NCCL INFO ncclCommInitRankConfig comm 0x475d31c0 rank 23 nranks 64 cudaDev 3 nvmlDev 3 busId 1901000 commId 0xd0f8a826c702c9c7 - Init COMPLETE
node23D400685:1240:1709 [1] NCCL INFO Init timings - ncclCommInitRankConfig: rank 21 nranks 64 total 2.87 (kernels 0.28, alloc 0.25, bootstrap 0.01, allgathers 0.09, topo 2.03, graphs 0.04, connections 0.16, rest 0.01)
node23D400685:1241:1707 [2] NCCL INFO Init timings - ncclCommInitRankConfig: rank 22 nranks 64 total 2.88 (kernels 0.29, alloc 0.25, bootstrap 0.01, allgathers 0.09, topo 2.03, graphs 0.04, connections 0.15, rest 0.01)
node23D400685:1242:1708 [3] NCCL INFO Init timings - ncclCommInitRankConfig: rank 23 nranks 64 total 2.87 (kernels 0.28, alloc 0.24, bootstrap 0.02, allgathers 0.06, topo 2.07, graphs 0.04, connections 0.15, rest 0.02)
node23D400685:1242:1723 [3] NCCL INFO Channel 00/0 : 23[3] -> 24[0] via P2P/MNNVL
node23D400685:1241:1724 [2] NCCL INFO Channel 00/0 : 22[2] -> 23[3] via P2P/MNNVL
node23D400685:1241:1724 [2] NCCL INFO Channel 01/0 : 22[2] -> 23[3] via P2P/MNNVL
node23D400685:1242:1723 [3] NCCL INFO Channel 01/0 : 23[3] -> 24[0] via P2P/MNNVL
node23D400685:1241:1724 [2] NCCL INFO Channel 02/0 : 22[2] -> 23[3] via P2P/MNNVL
node23D400685:1242:1723 [3] NCCL INFO Channel 02/0 : 23[3] -> 24[0] via P2P/MNNVL
node23D400685:1242:1723 [3] NCCL INFO Channel 03/0 : 23[3] -> 24[0] via P2P/MNNVL
node23D400685:1241:1724 [2] NCCL INFO Channel 03/0 : 22[2] -> 23[3] via P2P/MNNVL
node23D400685:1241:1724 [2] NCCL INFO Channel 04/0 : 22[2] -> 23[3] via P2P/MNNVL
node23D400685:1242:1723 [3] NCCL INFO Channel 04/0 : 23[3] -> 24[0] via P2P/MNNVL
node23D400685:1241:1724 [2] NCCL INFO Channel 05/0 : 22[2] -> 23[3] via P2P/MNNVL
node23D400685:1240:1725 [1] NCCL INFO Channel 00/0 : 21[1] -> 22[2] via P2P/MNNVL
node23D400685:1242:1723 [3] NCCL INFO Channel 05/0 : 23[3] -> 24[0] via P2P/MNNVL
node23D400685:1241:1724 [2] NCCL INFO Channel 06/0 : 22[2] -> 23[3] via P2P/MNNVL
node23D400685:1242:1723 [3] NCCL INFO Channel 06/0 : 23[3] -> 24[0] via P2P/MNNVL
node23D400685:1241:1724 [2] NCCL INFO Channel 07/0 : 22[2] -> 23[3] via P2P/MNNVL
node23D400685:1240:1725 [1] NCCL INFO Channel 01/0 : 21[1] -> 22[2] via P2P/MNNVL
node23D400685:1239:1726 [0] NCCL INFO Channel 00/0 : 20[0] -> 21[1] via P2P/MNNVL
node23D400685:1239:1726 [0] NCCL INFO Channel 01/0 : 20[0] -> 21[1] via P2P/MNNVL
node23D400685:1240:1725 [1] NCCL INFO Channel 02/0 : 21[1] -> 22[2] via P2P/MNNVL
node23D400685:1241:1724 [2] NCCL INFO Channel 08/0 : 22[2] -> 23[3] via P2P/MNNVL
node23D400685:1242:1723 [3] NCCL INFO Channel 07/0 : 23[3] -> 24[0] via P2P/MNNVL
node23D400685:1242:1723 [3] NCCL INFO Channel 08/0 : 23[3] -> 24[0] via P2P/MNNVL
node23D400685:1241:1724 [2] NCCL INFO Channel 09/0 : 22[2] -> 23[3] via P2P/MNNVL
node23D400685:1239:1726 [0] NCCL INFO Channel 02/0 : 20[0] -> 21[1] via P2P/MNNVL
node23D400685:1240:1725 [1] NCCL INFO Channel 03/0 : 21[1] -> 22[2] via P2P/MNNVL
node23D400685:1241:1724 [2] NCCL INFO Channel 10/0 : 22[2] -> 23[3] via P2P/MNNVL
node23D400685:1242:1723 [3] NCCL INFO Channel 09/0 : 23[3] -> 24[0] via P2P/MNNVL
node23D400685:1239:1726 [0] NCCL INFO Channel 03/0 : 20[0] -> 21[1] via P2P/MNNVL
node23D400685:1240:1725 [1] NCCL INFO Channel 04/0 : 21[1] -> 22[2] via P2P/MNNVL
node23D400685:1241:1724 [2] NCCL INFO Channel 11/0 : 22[2] -> 23[3] via P2P/MNNVL
node23D400685:1242:1723 [3] NCCL INFO Channel 10/0 : 23[3] -> 24[0] via P2P/MNNVL
node23D400685:1239:1726 [0] NCCL INFO Channel 04/0 : 20[0] -> 21[1] via P2P/MNNVL
node23D400685:1242:1723 [3] NCCL INFO Channel 11/0 : 23[3] -> 24[0] via P2P/MNNVL
node23D400685:1240:1725 [1] NCCL INFO Channel 05/0 : 21[1] -> 22[2] via P2P/MNNVL
node23D400685:1241:1724 [2] NCCL INFO Channel 12/0 : 22[2] -> 23[3] via P2P/MNNVL
node23D400685:1239:1726 [0] NCCL INFO Channel 05/0 : 20[0] -> 21[1] via P2P/MNNVL
node23D400685:1241:1724 [2] NCCL INFO Channel 13/0 : 22[2] -> 23[3] via P2P/MNNVL
node23D400685:1240:1725 [1] NCCL INFO Channel 06/0 : 21[1] -> 22[2] via P2P/MNNVL
node23D400685:1242:1723 [3] NCCL INFO Channel 12/0 : 23[3] -> 24[0] via P2P/MNNVL
node23D400685:1239:1726 [0] NCCL INFO Channel 06/0 : 20[0] -> 21[1] via P2P/MNNVL
node23D400685:1241:1724 [2] NCCL INFO Channel 14/0 : 22[2] -> 23[3] via P2P/MNNVL
node23D400685:1242:1723 [3] NCCL INFO Channel 13/0 : 23[3] -> 24[0] via P2P/MNNVL
node23D400685:1239:1726 [0] NCCL INFO Channel 07/0 : 20[0] -> 21[1] via P2P/MNNVL
node23D400685:1240:1725 [1] NCCL INFO Channel 07/0 : 21[1] -> 22[2] via P2P/MNNVL
node23D400685:1242:1723 [3] NCCL INFO Channel 14/0 : 23[3] -> 24[0] via P2P/MNNVL
node23D400685:1239:1726 [0] NCCL INFO Channel 08/0 : 20[0] -> 21[1] via P2P/MNNVL
node23D400685:1241:1724 [2] NCCL INFO Channel 15/0 : 22[2] -> 23[3] via P2P/MNNVL
node23D400685:1242:1723 [3] NCCL INFO Channel 15/0 : 23[3] -> 24[0] via P2P/MNNVL
node23D400685:1240:1725 [1] NCCL INFO Channel 08/0 : 21[1] -> 22[2] via P2P/MNNVL
node23D400685:1239:1726 [0] NCCL INFO Channel 09/0 : 20[0] -> 21[1] via P2P/MNNVL
node23D400685:1242:1723 [3] NCCL INFO Channel 16/0 : 23[3] -> 24[0] via P2P/MNNVL
node23D400685:1240:1725 [1] NCCL INFO Channel 09/0 : 21[1] -> 22[2] via P2P/MNNVL
node23D400685:1241:1724 [2] NCCL INFO Channel 16/0 : 22[2] -> 23[3] via P2P/MNNVL
node23D400685:1242:1723 [3] NCCL INFO Channel 17/0 : 23[3] -> 24[0] via P2P/MNNVL
node23D400685:1241:1724 [2] NCCL INFO Channel 17/0 : 22[2] -> 23[3] via P2P/MNNVL
node23D400685:1239:1726 [0] NCCL INFO Channel 10/0 : 20[0] -> 21[1] via P2P/MNNVL
node23D400685:1242:1723 [3] NCCL INFO Channel 18/0 : 23[3] -> 24[0] via P2P/MNNVL
node23D400685:1240:1725 [1] NCCL INFO Channel 10/0 : 21[1] -> 22[2] via P2P/MNNVL
node23D400685:1241:1724 [2] NCCL INFO Channel 18/0 : 22[2] -> 23[3] via P2P/MNNVL
node23D400685:1239:1726 [0] NCCL INFO Channel 11/0 : 20[0] -> 21[1] via P2P/MNNVL
node23D400685:1240:1725 [1] NCCL INFO Channel 11/0 : 21[1] -> 22[2] via P2P/MNNVL
node23D400685:1242:1723 [3] NCCL INFO Channel 19/0 : 23[3] -> 24[0] via P2P/MNNVL
node23D400685:1241:1724 [2] NCCL INFO Channel 19/0 : 22[2] -> 23[3] via P2P/MNNVL
node23D400685:1240:1725 [1] NCCL INFO Channel 12/0 : 21[1] -> 22[2] via P2P/MNNVL
node23D400685:1241:1724 [2] NCCL INFO Channel 20/0 : 22[2] -> 23[3] via P2P/MNNVL
node23D400685:1239:1726 [0] NCCL INFO Channel 12/0 : 20[0] -> 21[1] via P2P/MNNVL
node23D400685:1242:1723 [3] NCCL INFO Channel 20/0 : 23[3] -> 24[0] via P2P/MNNVL
node23D400685:1240:1725 [1] NCCL INFO Channel 13/0 : 21[1] -> 22[2] via P2P/MNNVL
node23D400685:1242:1723 [3] NCCL INFO Channel 21/0 : 23[3] -> 24[0] via P2P/MNNVL
node23D400685:1239:1726 [0] NCCL INFO Channel 13/0 : 20[0] -> 21[1] via P2P/MNNVL
node23D400685:1239:1726 [0] NCCL INFO Channel 14/0 : 20[0] -> 21[1] via P2P/MNNVL
node23D400685:1241:1724 [2] NCCL INFO Channel 21/0 : 22[2] -> 23[3] via P2P/MNNVL
node23D400685:1240:1725 [1] NCCL INFO Channel 14/0 : 21[1] -> 22[2] via P2P/MNNVL
node23D400685:1242:1723 [3] NCCL INFO Channel 22/0 : 23[3] -> 24[0] via P2P/MNNVL
node23D400685:1242:1723 [3] NCCL INFO Channel 23/0 : 23[3] -> 24[0] via P2P/MNNVL
node23D400685:1241:1724 [2] NCCL INFO Channel 22/0 : 22[2] -> 23[3] via P2P/MNNVL
node23D400685:1239:1726 [0] NCCL INFO Channel 15/0 : 20[0] -> 21[1] via P2P/MNNVL
node23D400685:1240:1725 [1] NCCL INFO Channel 15/0 : 21[1] -> 22[2] via P2P/MNNVL
node23D400685:1241:1724 [2] NCCL INFO Channel 23/0 : 22[2] -> 23[3] via P2P/MNNVL
node23D400685:1242:1723 [3] NCCL INFO Channel 24/0 : 23[3] -> 24[0] via P2P/MNNVL
node23D400685:1241:1724 [2] NCCL INFO Channel 24/0 : 22[2] -> 23[3] via P2P/MNNVL
node23D400685:1242:1723 [3] NCCL INFO Channel 25/0 : 23[3] -> 24[0] via P2P/MNNVL
node23D400685:1240:1725 [1] NCCL INFO Channel 16/0 : 21[1] -> 22[2] via P2P/MNNVL
node23D400685:1239:1726 [0] NCCL INFO Channel 16/0 : 20[0] -> 21[1] via P2P/MNNVL
node23D400685:1242:1723 [3] NCCL INFO Channel 26/0 : 23[3] -> 24[0] via P2P/MNNVL
node23D400685:1241:1724 [2] NCCL INFO Channel 25/0 : 22[2] -> 23[3] via P2P/MNNVL
node23D400685:1242:1723 [3] NCCL INFO Channel 27/0 : 23[3] -> 24[0] via P2P/MNNVL
node23D400685:1241:1724 [2] NCCL INFO Channel 26/0 : 22[2] -> 23[3] via P2P/MNNVL
node23D400685:1239:1726 [0] NCCL INFO Channel 17/0 : 20[0] -> 21[1] via P2P/MNNVL
node23D400685:1240:1725 [1] NCCL INFO Channel 17/0 : 21[1] -> 22[2] via P2P/MNNVL
node23D400685:1242:1723 [3] NCCL INFO Channel 28/0 : 23[3] -> 24[0] via P2P/MNNVL
node23D400685:1241:1724 [2] NCCL INFO Channel 27/0 : 22[2] -> 23[3] via P2P/MNNVL
node23D400685:1239:1726 [0] NCCL INFO Channel 18/0 : 20[0] -> 21[1] via P2P/MNNVL
node23D400685:1240:1725 [1] NCCL INFO Channel 18/0 : 21[1] -> 22[2] via P2P/MNNVL
node23D400685:1242:1723 [3] NCCL INFO Channel 29/0 : 23[3] -> 24[0] via P2P/MNNVL
node23D400685:1241:1724 [2] NCCL INFO Channel 28/0 : 22[2] -> 23[3] via P2P/MNNVL
node23D400685:1239:1726 [0] NCCL INFO Channel 19/0 : 20[0] -> 21[1] via P2P/MNNVL
node23D400685:1240:1725 [1] NCCL INFO Channel 19/0 : 21[1] -> 22[2] via P2P/MNNVL
node23D400685:1242:1723 [3] NCCL INFO Channel 30/0 : 23[3] -> 24[0] via P2P/MNNVL
node23D400685:1241:1724 [2] NCCL INFO Channel 29/0 : 22[2] -> 23[3] via P2P/MNNVL
node23D400685:1240:1725 [1] NCCL INFO Channel 20/0 : 21[1] -> 22[2] via P2P/MNNVL
node23D400685:1239:1726 [0] NCCL INFO Channel 20/0 : 20[0] -> 21[1] via P2P/MNNVL
node23D400685:1242:1723 [3] NCCL INFO Channel 31/0 : 23[3] -> 24[0] via P2P/MNNVL
node23D400685:1239:1726 [0] NCCL INFO Channel 21/0 : 20[0] -> 21[1] via P2P/MNNVL
node23D400685:1240:1725 [1] NCCL INFO Channel 21/0 : 21[1] -> 22[2] via P2P/MNNVL
node23D400685:1241:1724 [2] NCCL INFO Channel 30/0 : 22[2] -> 23[3] via P2P/MNNVL
node23D400685:1239:1726 [0] NCCL INFO Channel 22/0 : 20[0] -> 21[1] via P2P/MNNVL
node23D400685:1240:1725 [1] NCCL INFO Channel 22/0 : 21[1] -> 22[2] via P2P/MNNVL
node23D400685:1241:1724 [2] NCCL INFO Channel 31/0 : 22[2] -> 23[3] via P2P/MNNVL
node23D400685:1239:1726 [0] NCCL INFO Channel 23/0 : 20[0] -> 21[1] via P2P/MNNVL
node23D400685:1240:1725 [1] NCCL INFO Channel 23/0 : 21[1] -> 22[2] via P2P/MNNVL
node23D400685:1239:1726 [0] NCCL INFO Channel 24/0 : 20[0] -> 21[1] via P2P/MNNVL
node23D400685:1240:1725 [1] NCCL INFO Channel 24/0 : 21[1] -> 22[2] via P2P/MNNVL
node23D400685:1239:1726 [0] NCCL INFO Channel 25/0 : 20[0] -> 21[1] via P2P/MNNVL
node23D400685:1240:1725 [1] NCCL INFO Channel 25/0 : 21[1] -> 22[2] via P2P/MNNVL
node23D400685:1239:1726 [0] NCCL INFO Channel 26/0 : 20[0] -> 21[1] via P2P/MNNVL
node23D400685:1240:1725 [1] NCCL INFO Channel 26/0 : 21[1] -> 22[2] via P2P/MNNVL
node23D400685:1239:1726 [0] NCCL INFO Channel 27/0 : 20[0] -> 21[1] via P2P/MNNVL
node23D400685:1240:1725 [1] NCCL INFO Channel 27/0 : 21[1] -> 22[2] via P2P/MNNVL
node23D400685:1239:1726 [0] NCCL INFO Channel 28/0 : 20[0] -> 21[1] via P2P/MNNVL
node23D400685:1240:1725 [1] NCCL INFO Channel 28/0 : 21[1] -> 22[2] via P2P/MNNVL
node23D400685:1239:1726 [0] NCCL INFO Channel 29/0 : 20[0] -> 21[1] via P2P/MNNVL
node23D400685:1240:1725 [1] NCCL INFO Channel 29/0 : 21[1] -> 22[2] via P2P/MNNVL
node23D400685:1239:1726 [0] NCCL INFO Channel 30/0 : 20[0] -> 21[1] via P2P/MNNVL
node23D400685:1240:1725 [1] NCCL INFO Channel 30/0 : 21[1] -> 22[2] via P2P/MNNVL
node23D400685:1239:1726 [0] NCCL INFO Channel 31/0 : 20[0] -> 21[1] via P2P/MNNVL
node23D400685:1240:1725 [1] NCCL INFO Channel 31/0 : 21[1] -> 22[2] via P2P/MNNVL
node23D400685:1239:1726 [0] NCCL INFO Connected all rings, use ring PXN 0 GDR 1
node23D400685:1240:1725 [1] NCCL INFO Connected all rings, use ring PXN 0 GDR 1
node23D400685:1241:1724 [2] NCCL INFO Connected all rings, use ring PXN 0 GDR 1
node23D400685:1242:1723 [3] NCCL INFO Connected all rings, use ring PXN 0 GDR 1
 > number of parameters on (tensor, pipeline) model parallel rank (6, 1): 8023080960
 > number of parameters on (tensor, pipeline) model parallel rank (7, 1): 8023080960
 > number of parameters on (tensor, pipeline) model parallel rank (5, 1): 8023080960
 > number of parameters on (tensor, pipeline) model parallel rank (4, 1): 8023080960
node23D400685:1240:1240 [1] NCCL INFO Comm config Blocking set to 1
node23D400685:1239:1239 [0] NCCL INFO Comm config Blocking set to 1
node23D400685:1241:1241 [2] NCCL INFO Comm config Blocking set to 1
node23D400685:1242:1242 [3] NCCL INFO Comm config Blocking set to 1
node23D400685:1240:2080 [1] NCCL INFO Assigned NET plugin Socket to comm
node23D400685:1239:2079 [0] NCCL INFO Assigned NET plugin Socket to comm
node23D400685:1242:2082 [3] NCCL INFO Assigned NET plugin Socket to comm
node23D400685:1240:2080 [1] NCCL INFO Using network Socket
node23D400685:1241:2081 [2] NCCL INFO Assigned NET plugin Socket to comm
node23D400685:1239:2079 [0] NCCL INFO Using network Socket
node23D400685:1242:2082 [3] NCCL INFO Using network Socket
node23D400685:1241:2081 [2] NCCL INFO Using network Socket
node23D400685:1241:2081 [2] NCCL INFO ncclCommInitRankConfig comm 0x547db7e0 rank 1 nranks 4 cudaDev 2 nvmlDev 2 busId 1801000 commId 0x81ae2f5b75a872f0 - Init START
node23D400685:1242:2082 [3] NCCL INFO ncclCommInitRankConfig comm 0x5186c6f0 rank 1 nranks 4 cudaDev 3 nvmlDev 3 busId 1901000 commId 0x27f0998f4cab69e8 - Init START
node23D400685:1240:2080 [1] NCCL INFO ncclCommInitRankConfig comm 0x30a56aa0 rank 1 nranks 4 cudaDev 1 nvmlDev 1 busId 901000 commId 0x6c58956a4a030653 - Init START
node23D400685:1239:2079 [0] NCCL INFO ncclCommInitRankConfig comm 0x555093c0 rank 1 nranks 4 cudaDev 0 nvmlDev 0 busId 801000 commId 0x8ff5c3cec9070acb - Init START
node23D400685:1239:2079 [0] NCCL INFO Bootstrap timings total 0.001179 (create 0.000043, send 0.000221, recv 0.000325, ring 0.000276, delay 0.000000)
node23D400685:1242:2082 [3] NCCL INFO Bootstrap timings total 0.001468 (create 0.000053, send 0.000240, recv 0.000530, ring 0.000384, delay 0.000000)
node23D400685:1242:2082 [3] NCCL INFO MNNVL busId 0x1901000 fabric UUID aa48724aeeaad6a8.b34b901796a1c18d cliqueId 0x7ffe state 3 healthMask 0xaa
node23D400685:1239:2079 [0] NCCL INFO MNNVL busId 0x801000 fabric UUID aa48724aeeaad6a8.b34b901796a1c18d cliqueId 0x7ffe state 3 healthMask 0xaa
node23D400685:1239:2079 [0] NCCL INFO MNNVL 1 cliqueId 7ffe cliqueSize 4 cliqueRank 1
node23D400685:1242:2082 [3] NCCL INFO MNNVL 1 cliqueId 7ffe cliqueSize 4 cliqueRank 1
node23D400685:1241:2081 [2] NCCL INFO Bootstrap timings total 0.007525 (create 0.000062, send 0.000225, recv 0.000371, ring 0.006607, delay 0.000000)
node23D400685:1240:2080 [1] NCCL INFO Bootstrap timings total 0.030937 (create 0.000048, send 0.000192, recv 0.007160, ring 0.000211, delay 0.000000)
node23D400685:1241:2081 [2] NCCL INFO MNNVL busId 0x1801000 fabric UUID aa48724aeeaad6a8.b34b901796a1c18d cliqueId 0x7ffe state 3 healthMask 0xaa
node23D400685:1240:2080 [1] NCCL INFO MNNVL busId 0x901000 fabric UUID aa48724aeeaad6a8.b34b901796a1c18d cliqueId 0x7ffe state 3 healthMask 0xaa
node23D400685:1241:2081 [2] NCCL INFO MNNVL 1 cliqueId 7ffe cliqueSize 4 cliqueRank 1
node23D400685:1240:2080 [1] NCCL INFO MNNVL 1 cliqueId 7ffe cliqueSize 4 cliqueRank 1
node23D400685:1239:2079 [0] NCCL INFO Setting affinity for GPU 0 to 0-71
node23D400685:1239:2079 [0] NCCL INFO comm 0x555093c0 rank 1 nRanks 4 nNodes 1 localRanks 4 localRank 1 MNNVL 1
node23D400685:1239:2079 [0] NCCL INFO Trees [0] 2/-1/-1->1->0 [1] 2/-1/-1->1->0 [2] 2/-1/-1->1->0 [3] 2/-1/-1->1->0 [4] 2/-1/-1->1->0 [5] 2/-1/-1->1->0 [6] 2/-1/-1->1->0 [7] 2/-1/-1->1->0 [8] 2/-1/-1->1->0 [9] 2/-1/-1->1->0 [10] 2/-1/-1->1->-1 [11] 2/-1/-1->1->-1 [12] -1/-1/-1->1->0 [13] -1/-1/-1->1->0 [14] 2/-1/-1->1->0 [15] 2/-1/-1->1->0 [16] 2/-1/-1->1->0 [17] 2/-1/-1->1->0 [18] 2/-1/-1->1->0 [19] 2/-1/-1->1->0 [20] 2/-1/-1->1->0 [21] 2/-1/-1->1->0 [22] 2/-1/-1->1->0 [23] 2/-1/-1->1->0 [24] 2/-1/-1->1->0 [25] 2/-1/-1->1->0 [26] 2/-1/-1->1->-1 [27] 2/-1/-1->1->-1 [28] -1/-1/-1->1->0 [29] -1/-1/-1->1->0 [30] 2/-1/-1->1->0 [31] 2/-1/-1->1->0
node23D400685:1239:2079 [0] NCCL INFO P2P Chunksize set to 524288
node23D400685:1239:2083 [0] NCCL INFO [Proxy Service] Device 0 CPU core 35
node23D400685:1239:2084 [0] NCCL INFO [Proxy Service UDS] Device 0 CPU core 37
node23D400685:1242:2082 [3] NCCL INFO Setting affinity for GPU 3 to 72-143
node23D400685:1242:2082 [3] NCCL INFO comm 0x5186c6f0 rank 1 nRanks 4 nNodes 1 localRanks 4 localRank 1 MNNVL 1
node23D400685:1242:2082 [3] NCCL INFO Trees [0] 2/-1/-1->1->0 [1] 2/-1/-1->1->0 [2] 2/-1/-1->1->0 [3] 2/-1/-1->1->0 [4] 2/-1/-1->1->0 [5] 2/-1/-1->1->0 [6] 2/-1/-1->1->0 [7] 2/-1/-1->1->0 [8] 2/-1/-1->1->0 [9] 2/-1/-1->1->0 [10] 2/-1/-1->1->-1 [11] 2/-1/-1->1->-1 [12] -1/-1/-1->1->0 [13] -1/-1/-1->1->0 [14] 2/-1/-1->1->0 [15] 2/-1/-1->1->0 [16] 2/-1/-1->1->0 [17] 2/-1/-1->1->0 [18] 2/-1/-1->1->0 [19] 2/-1/-1->1->0 [20] 2/-1/-1->1->0 [21] 2/-1/-1->1->0 [22] 2/-1/-1->1->0 [23] 2/-1/-1->1->0 [24] 2/-1/-1->1->0 [25] 2/-1/-1->1->0 [26] 2/-1/-1->1->-1 [27] 2/-1/-1->1->-1 [28] -1/-1/-1->1->0 [29] -1/-1/-1->1->0 [30] 2/-1/-1->1->0 [31] 2/-1/-1->1->0
node23D400685:1242:2082 [3] NCCL INFO P2P Chunksize set to 524288
node23D400685:1242:2085 [3] NCCL INFO [Proxy Service] Device 3 CPU core 73
node23D400685:1242:2086 [3] NCCL INFO [Proxy Service UDS] Device 3 CPU core 74
node23D400685:1239:2079 [0] NCCL INFO threadThresholds 8/8/64 | 32/8/64 | 512 | 512
node23D400685:1239:2079 [0] NCCL INFO 32 coll channels, 32 collnet channels, 0 nvls channels, 32 p2p channels, 32 p2p channels per peer
node23D400685:1242:2082 [3] NCCL INFO threadThresholds 8/8/64 | 32/8/64 | 512 | 512
node23D400685:1242:2082 [3] NCCL INFO 32 coll channels, 32 collnet channels, 0 nvls channels, 32 p2p channels, 32 p2p channels per peer
node23D400685:1239:2079 [0] NCCL INFO ncclCommInitRankConfig comm 0x555093c0 rank 1 nranks 4 cudaDev 0 nvmlDev 0 busId 801000 commId 0x8ff5c3cec9070acb - Init COMPLETE
node23D400685:1239:2079 [0] NCCL INFO Init timings - ncclCommInitRankConfig: rank 1 nranks 4 total 0.43 (kernels 0.00, alloc 0.00, bootstrap 0.00, allgathers 0.00, topo 0.29, graphs 0.00, connections 0.10, rest 0.04)
node23D400685:1242:2082 [3] NCCL INFO ncclCommInitRankConfig comm 0x5186c6f0 rank 1 nranks 4 cudaDev 3 nvmlDev 3 busId 1901000 commId 0x27f0998f4cab69e8 - Init COMPLETE
node23D400685:1242:2082 [3] NCCL INFO Init timings - ncclCommInitRankConfig: rank 1 nranks 4 total 0.47 (kernels 0.00, alloc 0.00, bootstrap 0.00, allgathers 0.01, topo 0.37, graphs 0.00, connections 0.04, rest 0.05)
node23D400685:1241:2081 [2] NCCL INFO Setting affinity for GPU 2 to 72-143
node23D400685:1240:2080 [1] NCCL INFO Setting affinity for GPU 1 to 0-71
node23D400685:1241:2081 [2] NCCL INFO comm 0x547db7e0 rank 1 nRanks 4 nNodes 1 localRanks 4 localRank 1 MNNVL 1
node23D400685:1241:2081 [2] NCCL INFO Trees [0] 2/-1/-1->1->0 [1] 2/-1/-1->1->0 [2] 2/-1/-1->1->0 [3] 2/-1/-1->1->0 [4] 2/-1/-1->1->0 [5] 2/-1/-1->1->0 [6] 2/-1/-1->1->0 [7] 2/-1/-1->1->0 [8] 2/-1/-1->1->0 [9] 2/-1/-1->1->0 [10] 2/-1/-1->1->-1 [11] 2/-1/-1->1->-1 [12] -1/-1/-1->1->0 [13] -1/-1/-1->1->0 [14] 2/-1/-1->1->0 [15] 2/-1/-1->1->0 [16] 2/-1/-1->1->0 [17] 2/-1/-1->1->0 [18] 2/-1/-1->1->0 [19] 2/-1/-1->1->0 [20] 2/-1/-1->1->0 [21] 2/-1/-1->1->0 [22] 2/-1/-1->1->0 [23] 2/-1/-1->1->0 [24] 2/-1/-1->1->0 [25] 2/-1/-1->1->0 [26] 2/-1/-1->1->-1 [27] 2/-1/-1->1->-1 [28] -1/-1/-1->1->0 [29] -1/-1/-1->1->0 [30] 2/-1/-1->1->0 [31] 2/-1/-1->1->0
node23D400685:1241:2081 [2] NCCL INFO P2P Chunksize set to 524288
node23D400685:1241:2090 [2] NCCL INFO [Proxy Service UDS] Device 2 CPU core 78
node23D400685:1241:2089 [2] NCCL INFO [Proxy Service] Device 2 CPU core 77
node23D400685:1240:2080 [1] NCCL INFO comm 0x30a56aa0 rank 1 nRanks 4 nNodes 1 localRanks 4 localRank 1 MNNVL 1
node23D400685:1240:2080 [1] NCCL INFO Trees [0] 2/-1/-1->1->0 [1] 2/-1/-1->1->0 [2] 2/-1/-1->1->0 [3] 2/-1/-1->1->0 [4] 2/-1/-1->1->0 [5] 2/-1/-1->1->0 [6] 2/-1/-1->1->0 [7] 2/-1/-1->1->0 [8] 2/-1/-1->1->0 [9] 2/-1/-1->1->0 [10] 2/-1/-1->1->-1 [11] 2/-1/-1->1->-1 [12] -1/-1/-1->1->0 [13] -1/-1/-1->1->0 [14] 2/-1/-1->1->0 [15] 2/-1/-1->1->0 [16] 2/-1/-1->1->0 [17] 2/-1/-1->1->0 [18] 2/-1/-1->1->0 [19] 2/-1/-1->1->0 [20] 2/-1/-1->1->0 [21] 2/-1/-1->1->0 [22] 2/-1/-1->1->0 [23] 2/-1/-1->1->0 [24] 2/-1/-1->1->0 [25] 2/-1/-1->1->0 [26] 2/-1/-1->1->-1 [27] 2/-1/-1->1->-1 [28] -1/-1/-1->1->0 [29] -1/-1/-1->1->0 [30] 2/-1/-1->1->0 [31] 2/-1/-1->1->0
node23D400685:1240:2080 [1] NCCL INFO P2P Chunksize set to 524288
node23D400685:1240:2091 [1] NCCL INFO [Proxy Service] Device 1 CPU core 38
node23D400685:1240:2092 [1] NCCL INFO [Proxy Service UDS] Device 1 CPU core 39
node23D400685:1241:2081 [2] NCCL INFO threadThresholds 8/8/64 | 32/8/64 | 512 | 512
node23D400685:1241:2081 [2] NCCL INFO 32 coll channels, 32 collnet channels, 0 nvls channels, 32 p2p channels, 32 p2p channels per peer
node23D400685:1241:2081 [2] NCCL INFO ncclCommInitRankConfig comm 0x547db7e0 rank 1 nranks 4 cudaDev 2 nvmlDev 2 busId 1801000 commId 0x81ae2f5b75a872f0 - Init COMPLETE
node23D400685:1241:2081 [2] NCCL INFO Init timings - ncclCommInitRankConfig: rank 1 nranks 4 total 0.72 (kernels 0.00, alloc 0.00, bootstrap 0.01, allgathers 0.08, topo 0.36, graphs 0.00, connections 0.22, rest 0.06)
node23D400685:1240:2080 [1] NCCL INFO threadThresholds 8/8/64 | 32/8/64 | 512 | 512
node23D400685:1240:2080 [1] NCCL INFO 32 coll channels, 32 collnet channels, 0 nvls channels, 32 p2p channels, 32 p2p channels per peer
node23D400685:1240:2080 [1] NCCL INFO ncclCommInitRankConfig comm 0x30a56aa0 rank 1 nranks 4 cudaDev 1 nvmlDev 1 busId 901000 commId 0x6c58956a4a030653 - Init COMPLETE
node23D400685:1240:2080 [1] NCCL INFO Init timings - ncclCommInitRankConfig: rank 1 nranks 4 total 0.73 (kernels 0.00, alloc 0.00, bootstrap 0.03, allgathers 0.06, topo 0.34, graphs 0.01, connections 0.21, rest 0.09)
node23D400685:1239:1239 [0] NCCL INFO Comm config Blocking set to 1
node23D400685:1242:1242 [3] NCCL INFO Comm config Blocking set to 1
node23D400685:1241:1241 [2] NCCL INFO Comm config Blocking set to 1
node23D400685:1240:1240 [1] NCCL INFO Comm config Blocking set to 1
node23D400685:1239:2097 [0] NCCL INFO Assigned NET plugin Socket to comm
node23D400685:1241:2095 [2] NCCL INFO Assigned NET plugin Socket to comm
node23D400685:1239:2097 [0] NCCL INFO Using network Socket
node23D400685:1242:2096 [3] NCCL INFO Assigned NET plugin Socket to comm
node23D400685:1241:2095 [2] NCCL INFO Using network Socket
node23D400685:1242:2096 [3] NCCL INFO Using network Socket
node23D400685:1240:2098 [1] NCCL INFO Assigned NET plugin Socket to comm
node23D400685:1240:2098 [1] NCCL INFO Using network Socket
node23D400685:1242:2096 [3] NCCL INFO ncclCommInitRankConfig comm 0x5a9324c0 rank 7 nranks 8 cudaDev 3 nvmlDev 3 busId 1901000 commId 0x7507049c1c5538f9 - Init START
node23D400685:1241:2095 [2] NCCL INFO ncclCommInitRankConfig comm 0x5d8a09d0 rank 6 nranks 8 cudaDev 2 nvmlDev 2 busId 1801000 commId 0x7507049c1c5538f9 - Init START
node23D400685:1240:2098 [1] NCCL INFO ncclCommInitRankConfig comm 0x39b1bf40 rank 5 nranks 8 cudaDev 1 nvmlDev 1 busId 901000 commId 0x7507049c1c5538f9 - Init START
node23D400685:1239:2097 [0] NCCL INFO ncclCommInitRankConfig comm 0x5e5ceb20 rank 4 nranks 8 cudaDev 0 nvmlDev 0 busId 801000 commId 0x7507049c1c5538f9 - Init START
node23D400685:1241:2095 [2] NCCL INFO Bootstrap timings total 0.001318 (create 0.000030, send 0.000166, recv 0.000432, ring 0.000261, delay 0.000000)
node23D400685:1239:2097 [0] NCCL INFO Bootstrap timings total 0.001255 (create 0.000026, send 0.000118, recv 0.000606, ring 0.000339, delay 0.000000)
node23D400685:1242:2096 [3] NCCL INFO Bootstrap timings total 0.001325 (create 0.000036, send 0.000162, recv 0.000319, ring 0.000507, delay 0.000000)
node23D400685:1240:2098 [1] NCCL INFO Bootstrap timings total 0.001312 (create 0.000028, send 0.000184, recv 0.000696, ring 0.000259, delay 0.000000)
node23D400685:1241:2095 [2] NCCL INFO MNNVL busId 0x1801000 fabric UUID aa48724aeeaad6a8.b34b901796a1c18d cliqueId 0x7ffe state 3 healthMask 0xaa
node23D400685:1242:2096 [3] NCCL INFO MNNVL busId 0x1901000 fabric UUID aa48724aeeaad6a8.b34b901796a1c18d cliqueId 0x7ffe state 3 healthMask 0xaa
node23D400685:1239:2097 [0] NCCL INFO MNNVL busId 0x801000 fabric UUID aa48724aeeaad6a8.b34b901796a1c18d cliqueId 0x7ffe state 3 healthMask 0xaa
node23D400685:1240:2098 [1] NCCL INFO MNNVL busId 0x901000 fabric UUID aa48724aeeaad6a8.b34b901796a1c18d cliqueId 0x7ffe state 3 healthMask 0xaa
node23D400685:1241:2095 [2] NCCL INFO MNNVL 1 cliqueId 7ffe cliqueSize 8 cliqueRank 6
node23D400685:1239:2097 [0] NCCL INFO MNNVL 1 cliqueId 7ffe cliqueSize 8 cliqueRank 4
node23D400685:1240:2098 [1] NCCL INFO MNNVL 1 cliqueId 7ffe cliqueSize 8 cliqueRank 5
node23D400685:1242:2096 [3] NCCL INFO MNNVL 1 cliqueId 7ffe cliqueSize 8 cliqueRank 7
node23D400685:1241:2095 [2] NCCL INFO Setting affinity for GPU 2 to 72-143
node23D400685:1240:2098 [1] NCCL INFO Setting affinity for GPU 1 to 0-71
node23D400685:1242:2096 [3] NCCL INFO Setting affinity for GPU 3 to 72-143
node23D400685:1239:2097 [0] NCCL INFO Setting affinity for GPU 0 to 0-71
node23D400685:1242:2096 [3] NCCL INFO comm 0x5a9324c0 rank 7 nRanks 8 nNodes 1 localRanks 8 localRank 7 MNNVL 1
node23D400685:1242:2096 [3] NCCL INFO Trees [0] -1/-1/-1->7->6 [1] -1/-1/-1->7->6 [2] -1/-1/-1->7->6 [3] -1/-1/-1->7->6 [4] -1/-1/-1->7->6 [5] -1/-1/-1->7->6 [6] -1/-1/-1->7->6 [7] -1/-1/-1->7->6 [8] -1/-1/-1->7->6 [9] -1/-1/-1->7->6 [10] -1/-1/-1->7->6 [11] -1/-1/-1->7->6 [12] -1/-1/-1->7->6 [13] -1/-1/-1->7->6 [14] -1/-1/-1->7->6 [15] -1/-1/-1->7->6 [16] -1/-1/-1->7->6 [17] -1/-1/-1->7->6 [18] -1/-1/-1->7->6 [19] -1/-1/-1->7->6 [20] -1/-1/-1->7->6 [21] -1/-1/-1->7->6 [22] -1/-1/-1->7->6 [23] -1/-1/-1->7->6 [24] -1/-1/-1->7->6 [25] -1/-1/-1->7->6 [26] -1/-1/-1->7->6 [27] -1/-1/-1->7->6 [28] -1/-1/-1->7->6 [29] -1/-1/-1->7->6 [30] -1/-1/-1->7->6 [31] -1/-1/-1->7->6
node23D400685:1242:2096 [3] NCCL INFO P2P Chunksize set to 524288
node23D400685:1241:2095 [2] NCCL INFO comm 0x5d8a09d0 rank 6 nRanks 8 nNodes 1 localRanks 8 localRank 6 MNNVL 1
node23D400685:1241:2095 [2] NCCL INFO Trees [0] 7/-1/-1->6->5 [1] 7/-1/-1->6->5 [2] 7/-1/-1->6->5 [3] 7/-1/-1->6->5 [4] 7/-1/-1->6->5 [5] 7/-1/-1->6->5 [6] 7/-1/-1->6->5 [7] 7/-1/-1->6->5 [8] 7/-1/-1->6->5 [9] 7/-1/-1->6->5 [10] 7/-1/-1->6->5 [11] 7/-1/-1->6->5 [12] 7/-1/-1->6->5 [13] 7/-1/-1->6->5 [14] 7/-1/-1->6->5 [15] 7/-1/-1->6->5 [16] 7/-1/-1->6->5 [17] 7/-1/-1->6->5 [18] 7/-1/-1->6->5 [19] 7/-1/-1->6->5 [20] 7/-1/-1->6->5 [21] 7/-1/-1->6->5 [22] 7/-1/-1->6->5 [23] 7/-1/-1->6->5 [24] 7/-1/-1->6->5 [25] 7/-1/-1->6->5 [26] 7/-1/-1->6->5 [27] 7/-1/-1->6->5 [28] 7/-1/-1->6->5 [29] 7/-1/-1->6->5 [30] 7/-1/-1->6->5 [31] 7/-1/-1->6->5
node23D400685:1241:2095 [2] NCCL INFO P2P Chunksize set to 524288
node23D400685:1242:2100 [3] NCCL INFO [Proxy Service UDS] Device 3 CPU core 76
node23D400685:1240:2098 [1] NCCL INFO comm 0x39b1bf40 rank 5 nRanks 8 nNodes 1 localRanks 8 localRank 5 MNNVL 1
node23D400685:1239:2097 [0] NCCL INFO comm 0x5e5ceb20 rank 4 nRanks 8 nNodes 1 localRanks 8 localRank 4 MNNVL 1
node23D400685:1242:2099 [3] NCCL INFO [Proxy Service] Device 3 CPU core 73
node23D400685:1240:2098 [1] NCCL INFO Trees [0] 6/-1/-1->5->4 [1] 6/-1/-1->5->4 [2] 6/-1/-1->5->4 [3] 6/-1/-1->5->4 [4] 6/-1/-1->5->4 [5] 6/-1/-1->5->4 [6] 6/-1/-1->5->4 [7] 6/-1/-1->5->4 [8] 6/-1/-1->5->4 [9] 6/-1/-1->5->4 [10] 6/-1/-1->5->4 [11] 6/-1/-1->5->4 [12] 6/-1/-1->5->4 [13] 6/-1/-1->5->4 [14] 6/-1/-1->5->4 [15] 6/-1/-1->5->4 [16] 6/-1/-1->5->4 [17] 6/-1/-1->5->4 [18] 6/-1/-1->5->4 [19] 6/-1/-1->5->4 [20] 6/-1/-1->5->4 [21] 6/-1/-1->5->4 [22] 6/-1/-1->5->4 [23] 6/-1/-1->5->4 [24] 6/-1/-1->5->4 [25] 6/-1/-1->5->4 [26] 6/-1/-1->5->4 [27] 6/-1/-1->5->4 [28] 6/-1/-1->5->4 [29] 6/-1/-1->5->4 [30] 6/-1/-1->5->4 [31] 6/-1/-1->5->4
node23D400685:1239:2097 [0] NCCL INFO Trees [0] 5/-1/-1->4->3 [1] 5/-1/-1->4->3 [2] 5/-1/-1->4->3 [3] 5/-1/-1->4->3 [4] 5/-1/-1->4->3 [5] 5/-1/-1->4->3 [6] 5/-1/-1->4->3 [7] 5/-1/-1->4->3 [8] 5/-1/-1->4->3 [9] 5/-1/-1->4->3 [10] 5/-1/-1->4->3 [11] 5/-1/-1->4->3 [12] 5/-1/-1->4->3 [13] 5/-1/-1->4->3 [14] 5/-1/-1->4->3 [15] 5/-1/-1->4->3 [16] 5/-1/-1->4->3 [17] 5/-1/-1->4->3 [18] 5/-1/-1->4->3 [19] 5/-1/-1->4->3 [20] 5/-1/-1->4->3 [21] 5/-1/-1->4->3 [22] 5/-1/-1->4->3 [23] 5/-1/-1->4->3 [24] 5/-1/-1->4->3 [25] 5/-1/-1->4->3 [26] 5/-1/-1->4->3 [27] 5/-1/-1->4->3 [28] 5/-1/-1->4->3 [29] 5/-1/-1->4->3 [30] 5/-1/-1->4->3 [31] 5/-1/-1->4->3
node23D400685:1241:2101 [2] NCCL INFO [Proxy Service] Device 2 CPU core 77
node23D400685:1240:2098 [1] NCCL INFO P2P Chunksize set to 524288
node23D400685:1239:2097 [0] NCCL INFO P2P Chunksize set to 524288
node23D400685:1241:2102 [2] NCCL INFO [Proxy Service UDS] Device 2 CPU core 78
node23D400685:1239:2104 [0] NCCL INFO [Proxy Service] Device 0 CPU core 4
node23D400685:1240:2105 [1] NCCL INFO [Proxy Service UDS] Device 1 CPU core 36
node23D400685:1239:2106 [0] NCCL INFO [Proxy Service UDS] Device 0 CPU core 5
node23D400685:1240:2103 [1] NCCL INFO [Proxy Service] Device 1 CPU core 35
node23D400685:1242:2096 [3] NCCL INFO threadThresholds 8/8/64 | 64/8/64 | 512 | 512
node23D400685:1242:2096 [3] NCCL INFO 32 coll channels, 32 collnet channels, 0 nvls channels, 32 p2p channels, 32 p2p channels per peer
node23D400685:1241:2095 [2] NCCL INFO threadThresholds 8/8/64 | 64/8/64 | 512 | 512
node23D400685:1241:2095 [2] NCCL INFO 32 coll channels, 32 collnet channels, 0 nvls channels, 32 p2p channels, 32 p2p channels per peer
node23D400685:1240:2098 [1] NCCL INFO threadThresholds 8/8/64 | 64/8/64 | 512 | 512
node23D400685:1240:2098 [1] NCCL INFO 32 coll channels, 32 collnet channels, 0 nvls channels, 32 p2p channels, 32 p2p channels per peer
node23D400685:1239:2097 [0] NCCL INFO threadThresholds 8/8/64 | 64/8/64 | 512 | 512
node23D400685:1239:2097 [0] NCCL INFO 32 coll channels, 32 collnet channels, 0 nvls channels, 32 p2p channels, 32 p2p channels per peer
node23D400685:1240:2098 [1] NCCL INFO ncclCommInitRankConfig comm 0x39b1bf40 rank 5 nranks 8 cudaDev 1 nvmlDev 1 busId 901000 commId 0x7507049c1c5538f9 - Init COMPLETE
node23D400685:1240:2098 [1] NCCL INFO Init timings - ncclCommInitRankConfig: rank 5 nranks 8 total 0.95 (kernels 0.00, alloc 0.00, bootstrap 0.00, allgathers 0.04, topo 0.74, graphs 0.00, connections 0.16, rest 0.00)
node23D400685:1241:2095 [2] NCCL INFO ncclCommInitRankConfig comm 0x5d8a09d0 rank 6 nranks 8 cudaDev 2 nvmlDev 2 busId 1801000 commId 0x7507049c1c5538f9 - Init COMPLETE
