node23D400685:1242:2587 [3] NCCL INFO Channel 18/0 : 0[3] -> 1[3] via P2P/MNNVL
node23D400685:1242:2587 [3] NCCL INFO Channel 19/0 : 0[3] -> 1[3] via P2P/MNNVL
node23D400685:1241:2588 [2] NCCL INFO Channel 15/0 : 0[2] -> 1[2] via P2P/MNNVL
node23D400685:1242:2587 [3] NCCL INFO Channel 20/0 : 0[3] -> 1[3] via P2P/MNNVL
node23D400685:1239:2576 [0] NCCL INFO threadThresholds 8/8/64 | 16/8/64 | 512 | 512
node23D400685:1239:2576 [0] NCCL INFO 32 coll channels, 32 collnet channels, 0 nvls channels, 32 p2p channels, 32 p2p channels per peer
node23D400685:1242:2587 [3] NCCL INFO Channel 21/0 : 0[3] -> 1[3] via P2P/MNNVL
node23D400685:1241:2588 [2] NCCL INFO Channel 16/0 : 0[2] -> 1[2] via P2P/MNNVL
node23D400685:1241:2588 [2] NCCL INFO Channel 17/0 : 0[2] -> 1[2] via P2P/MNNVL
node23D400685:1239:2576 [0] NCCL INFO CC Off, workFifoBytes 1048576
node23D400685:1242:2587 [3] NCCL INFO Channel 22/0 : 0[3] -> 1[3] via P2P/MNNVL
node23D400685:1239:2576 [0] NCCL INFO ncclCommInitRankConfig comm 0x65bae600 rank 0 nranks 2 cudaDev 0 nvmlDev 0 busId 801000 commId 0x97ce4f0639cb1dd0 - Init COMPLETE
node23D400685:1239:2576 [0] NCCL INFO Init timings - ncclCommInitRankConfig: rank 0 nranks 2 total 0.73 (kernels 0.00, alloc 0.00, bootstrap 0.00, allgathers 0.01, topo 0.52, graphs 0.00, connections 0.20, rest 0.00)
node23D400685:1241:2588 [2] NCCL INFO Channel 18/0 : 0[2] -> 1[2] via P2P/MNNVL
node23D400685:1242:2587 [3] NCCL INFO Channel 23/0 : 0[3] -> 1[3] via P2P/MNNVL
node23D400685:1241:2588 [2] NCCL INFO Channel 19/0 : 0[2] -> 1[2] via P2P/MNNVL
node23D400685:1241:2588 [2] NCCL INFO Channel 20/0 : 0[2] -> 1[2] via P2P/MNNVL
node23D400685:1242:2587 [3] NCCL INFO Channel 24/0 : 0[3] -> 1[3] via P2P/MNNVL
node23D400685:1242:2587 [3] NCCL INFO Channel 25/0 : 0[3] -> 1[3] via P2P/MNNVL
node23D400685:1241:2588 [2] NCCL INFO Channel 21/0 : 0[2] -> 1[2] via P2P/MNNVL
node23D400685:1242:2587 [3] NCCL INFO Channel 26/0 : 0[3] -> 1[3] via P2P/MNNVL
node23D400685:1241:2588 [2] NCCL INFO Channel 22/0 : 0[2] -> 1[2] via P2P/MNNVL
node23D400685:1241:2588 [2] NCCL INFO Channel 23/0 : 0[2] -> 1[2] via P2P/MNNVL
node23D400685:1242:2587 [3] NCCL INFO Channel 27/0 : 0[3] -> 1[3] via P2P/MNNVL
node23D400685:1241:2588 [2] NCCL INFO Channel 24/0 : 0[2] -> 1[2] via P2P/MNNVL
node23D400685:1242:2587 [3] NCCL INFO Channel 28/0 : 0[3] -> 1[3] via P2P/MNNVL
node23D400685:1241:2588 [2] NCCL INFO Channel 25/0 : 0[2] -> 1[2] via P2P/MNNVL
node23D400685:1242:2587 [3] NCCL INFO Channel 29/0 : 0[3] -> 1[3] via P2P/MNNVL
node23D400685:1241:2588 [2] NCCL INFO Channel 26/0 : 0[2] -> 1[2] via P2P/MNNVL
node23D400685:1242:2587 [3] NCCL INFO Channel 30/0 : 0[3] -> 1[3] via P2P/MNNVL
node23D400685:1241:2588 [2] NCCL INFO Channel 27/0 : 0[2] -> 1[2] via P2P/MNNVL
node23D400685:1242:2587 [3] NCCL INFO Channel 31/0 : 0[3] -> 1[3] via P2P/MNNVL
node23D400685:1241:2588 [2] NCCL INFO Channel 28/0 : 0[2] -> 1[2] via P2P/MNNVL
node23D400685:1241:2588 [2] NCCL INFO Channel 29/0 : 0[2] -> 1[2] via P2P/MNNVL
node23D400685:1241:2588 [2] NCCL INFO Channel 30/0 : 0[2] -> 1[2] via P2P/MNNVL
node23D400685:1241:2588 [2] NCCL INFO Channel 31/0 : 0[2] -> 1[2] via P2P/MNNVL
node23D400685:1240:2589 [1] NCCL INFO Channel 00/0 : 0[1] -> 1[1] via P2P/MNNVL
node23D400685:1240:2589 [1] NCCL INFO Channel 01/0 : 0[1] -> 1[1] via P2P/MNNVL
node23D400685:1240:2589 [1] NCCL INFO Channel 02/0 : 0[1] -> 1[1] via P2P/MNNVL
node23D400685:1240:2589 [1] NCCL INFO Channel 03/0 : 0[1] -> 1[1] via P2P/MNNVL
node23D400685:1240:2589 [1] NCCL INFO Channel 04/0 : 0[1] -> 1[1] via P2P/MNNVL
node23D400685:1240:2589 [1] NCCL INFO Channel 05/0 : 0[1] -> 1[1] via P2P/MNNVL
node23D400685:1240:2589 [1] NCCL INFO Channel 06/0 : 0[1] -> 1[1] via P2P/MNNVL
node23D400685:1240:2589 [1] NCCL INFO Channel 07/0 : 0[1] -> 1[1] via P2P/MNNVL
node23D400685:1240:2589 [1] NCCL INFO Channel 08/0 : 0[1] -> 1[1] via P2P/MNNVL
node23D400685:1239:2590 [0] NCCL INFO Channel 00/0 : 0[0] -> 1[0] via P2P/MNNVL
node23D400685:1240:2589 [1] NCCL INFO Channel 09/0 : 0[1] -> 1[1] via P2P/MNNVL
node23D400685:1239:2590 [0] NCCL INFO Channel 01/0 : 0[0] -> 1[0] via P2P/MNNVL
node23D400685:1239:2590 [0] NCCL INFO Channel 02/0 : 0[0] -> 1[0] via P2P/MNNVL
node23D400685:1240:2589 [1] NCCL INFO Channel 10/0 : 0[1] -> 1[1] via P2P/MNNVL
node23D400685:1240:2589 [1] NCCL INFO Channel 11/0 : 0[1] -> 1[1] via P2P/MNNVL
node23D400685:1239:2590 [0] NCCL INFO Channel 03/0 : 0[0] -> 1[0] via P2P/MNNVL
node23D400685:1239:2590 [0] NCCL INFO Channel 04/0 : 0[0] -> 1[0] via P2P/MNNVL
node23D400685:1240:2589 [1] NCCL INFO Channel 12/0 : 0[1] -> 1[1] via P2P/MNNVL
node23D400685:1240:2589 [1] NCCL INFO Channel 13/0 : 0[1] -> 1[1] via P2P/MNNVL
node23D400685:1239:2590 [0] NCCL INFO Channel 05/0 : 0[0] -> 1[0] via P2P/MNNVL
node23D400685:1239:2590 [0] NCCL INFO Channel 06/0 : 0[0] -> 1[0] via P2P/MNNVL
node23D400685:1240:2589 [1] NCCL INFO Channel 14/0 : 0[1] -> 1[1] via P2P/MNNVL
node23D400685:1239:2590 [0] NCCL INFO Channel 07/0 : 0[0] -> 1[0] via P2P/MNNVL
node23D400685:1240:2589 [1] NCCL INFO Channel 15/0 : 0[1] -> 1[1] via P2P/MNNVL
node23D400685:1239:2590 [0] NCCL INFO Channel 08/0 : 0[0] -> 1[0] via P2P/MNNVL
node23D400685:1240:2589 [1] NCCL INFO Channel 16/0 : 0[1] -> 1[1] via P2P/MNNVL
node23D400685:1239:2590 [0] NCCL INFO Channel 09/0 : 0[0] -> 1[0] via P2P/MNNVL
node23D400685:1240:2589 [1] NCCL INFO Channel 17/0 : 0[1] -> 1[1] via P2P/MNNVL
node23D400685:1239:2590 [0] NCCL INFO Channel 10/0 : 0[0] -> 1[0] via P2P/MNNVL
node23D400685:1240:2589 [1] NCCL INFO Channel 18/0 : 0[1] -> 1[1] via P2P/MNNVL
node23D400685:1240:2589 [1] NCCL INFO Channel 19/0 : 0[1] -> 1[1] via P2P/MNNVL
node23D400685:1239:2590 [0] NCCL INFO Channel 11/0 : 0[0] -> 1[0] via P2P/MNNVL
node23D400685:1240:2589 [1] NCCL INFO Channel 20/0 : 0[1] -> 1[1] via P2P/MNNVL
node23D400685:1239:2590 [0] NCCL INFO Channel 12/0 : 0[0] -> 1[0] via P2P/MNNVL
node23D400685:1240:2589 [1] NCCL INFO Channel 21/0 : 0[1] -> 1[1] via P2P/MNNVL
node23D400685:1239:2590 [0] NCCL INFO Channel 13/0 : 0[0] -> 1[0] via P2P/MNNVL
node23D400685:1240:2589 [1] NCCL INFO Channel 22/0 : 0[1] -> 1[1] via P2P/MNNVL
node23D400685:1239:2590 [0] NCCL INFO Channel 14/0 : 0[0] -> 1[0] via P2P/MNNVL
node23D400685:1240:2589 [1] NCCL INFO Channel 23/0 : 0[1] -> 1[1] via P2P/MNNVL
node23D400685:1240:2589 [1] NCCL INFO Channel 24/0 : 0[1] -> 1[1] via P2P/MNNVL
node23D400685:1239:2590 [0] NCCL INFO Channel 15/0 : 0[0] -> 1[0] via P2P/MNNVL
node23D400685:1240:2589 [1] NCCL INFO Channel 25/0 : 0[1] -> 1[1] via P2P/MNNVL
node23D400685:1239:2590 [0] NCCL INFO Channel 16/0 : 0[0] -> 1[0] via P2P/MNNVL
node23D400685:1240:2589 [1] NCCL INFO Channel 26/0 : 0[1] -> 1[1] via P2P/MNNVL
node23D400685:1239:2590 [0] NCCL INFO Channel 17/0 : 0[0] -> 1[0] via P2P/MNNVL
node23D400685:1240:2589 [1] NCCL INFO Channel 27/0 : 0[1] -> 1[1] via P2P/MNNVL
node23D400685:1240:2589 [1] NCCL INFO Channel 28/0 : 0[1] -> 1[1] via P2P/MNNVL
node23D400685:1239:2590 [0] NCCL INFO Channel 18/0 : 0[0] -> 1[0] via P2P/MNNVL
node23D400685:1240:2589 [1] NCCL INFO Channel 29/0 : 0[1] -> 1[1] via P2P/MNNVL
node23D400685:1239:2590 [0] NCCL INFO Channel 19/0 : 0[0] -> 1[0] via P2P/MNNVL
node23D400685:1240:2589 [1] NCCL INFO Channel 30/0 : 0[1] -> 1[1] via P2P/MNNVL
node23D400685:1239:2590 [0] NCCL INFO Channel 20/0 : 0[0] -> 1[0] via P2P/MNNVL
node23D400685:1240:2589 [1] NCCL INFO Channel 31/0 : 0[1] -> 1[1] via P2P/MNNVL
node23D400685:1239:2590 [0] NCCL INFO Channel 21/0 : 0[0] -> 1[0] via P2P/MNNVL
node23D400685:1239:2590 [0] NCCL INFO Channel 22/0 : 0[0] -> 1[0] via P2P/MNNVL
node23D400685:1239:2590 [0] NCCL INFO Channel 23/0 : 0[0] -> 1[0] via P2P/MNNVL
node23D400685:1239:2590 [0] NCCL INFO Channel 24/0 : 0[0] -> 1[0] via P2P/MNNVL
node23D400685:1239:2590 [0] NCCL INFO Channel 25/0 : 0[0] -> 1[0] via P2P/MNNVL
node23D400685:1239:2590 [0] NCCL INFO Channel 26/0 : 0[0] -> 1[0] via P2P/MNNVL
node23D400685:1239:2590 [0] NCCL INFO Channel 27/0 : 0[0] -> 1[0] via P2P/MNNVL
node23D400685:1239:2590 [0] NCCL INFO Channel 28/0 : 0[0] -> 1[0] via P2P/MNNVL
node23D400685:1239:2590 [0] NCCL INFO Channel 29/0 : 0[0] -> 1[0] via P2P/MNNVL
node23D400685:1239:2590 [0] NCCL INFO Channel 30/0 : 0[0] -> 1[0] via P2P/MNNVL
node23D400685:1239:2590 [0] NCCL INFO Channel 31/0 : 0[0] -> 1[0] via P2P/MNNVL
node23D400685:1242:2587 [3] NCCL INFO Connected all rings, use ring PXN 0 GDR 1
node23D400685:1241:2588 [2] NCCL INFO Connected all rings, use ring PXN 0 GDR 1
node23D400685:1242:2591 [3] NCCL INFO Channel 00/0 : 1[3] -> 2[3] via P2P/MNNVL
node23D400685:1241:2592 [2] NCCL INFO Channel 00/0 : 1[2] -> 2[2] via P2P/MNNVL
node23D400685:1242:2591 [3] NCCL INFO Channel 01/0 : 1[3] -> 2[3] via P2P/MNNVL
node23D400685:1241:2592 [2] NCCL INFO Channel 01/0 : 1[2] -> 2[2] via P2P/MNNVL
node23D400685:1242:2591 [3] NCCL INFO Channel 02/0 : 1[3] -> 2[3] via P2P/MNNVL
node23D400685:1242:2591 [3] NCCL INFO Channel 03/0 : 1[3] -> 2[3] via P2P/MNNVL
node23D400685:1241:2592 [2] NCCL INFO Channel 02/0 : 1[2] -> 2[2] via P2P/MNNVL
node23D400685:1242:2591 [3] NCCL INFO Channel 04/0 : 1[3] -> 2[3] via P2P/MNNVL
node23D400685:1241:2592 [2] NCCL INFO Channel 03/0 : 1[2] -> 2[2] via P2P/MNNVL
node23D400685:1240:2589 [1] NCCL INFO Connected all rings, use ring PXN 0 GDR 1
node23D400685:1242:2591 [3] NCCL INFO Channel 05/0 : 1[3] -> 2[3] via P2P/MNNVL
node23D400685:1241:2592 [2] NCCL INFO Channel 04/0 : 1[2] -> 2[2] via P2P/MNNVL
node23D400685:1242:2591 [3] NCCL INFO Channel 06/0 : 1[3] -> 2[3] via P2P/MNNVL
node23D400685:1241:2592 [2] NCCL INFO Channel 05/0 : 1[2] -> 2[2] via P2P/MNNVL
node23D400685:1242:2591 [3] NCCL INFO Channel 07/0 : 1[3] -> 2[3] via P2P/MNNVL
node23D400685:1241:2592 [2] NCCL INFO Channel 06/0 : 1[2] -> 2[2] via P2P/MNNVL
node23D400685:1242:2591 [3] NCCL INFO Channel 08/0 : 1[3] -> 2[3] via P2P/MNNVL
node23D400685:1241:2592 [2] NCCL INFO Channel 07/0 : 1[2] -> 2[2] via P2P/MNNVL
node23D400685:1241:2592 [2] NCCL INFO Channel 08/0 : 1[2] -> 2[2] via P2P/MNNVL
node23D400685:1242:2591 [3] NCCL INFO Channel 09/0 : 1[3] -> 2[3] via P2P/MNNVL
node23D400685:1241:2592 [2] NCCL INFO Channel 09/0 : 1[2] -> 2[2] via P2P/MNNVL
node23D400685:1242:2591 [3] NCCL INFO Channel 10/0 : 1[3] -> 2[3] via P2P/MNNVL
node23D400685:1242:2591 [3] NCCL INFO Channel 11/0 : 1[3] -> 2[3] via P2P/MNNVL
node23D400685:1241:2592 [2] NCCL INFO Channel 10/0 : 1[2] -> 2[2] via P2P/MNNVL
node23D400685:1241:2592 [2] NCCL INFO Channel 11/0 : 1[2] -> 2[2] via P2P/MNNVL
node23D400685:1242:2591 [3] NCCL INFO Channel 12/0 : 1[3] -> 2[3] via P2P/MNNVL
node23D400685:1239:2590 [0] NCCL INFO Connected all rings, use ring PXN 0 GDR 1
node23D400685:1242:2591 [3] NCCL INFO Channel 13/0 : 1[3] -> 2[3] via P2P/MNNVL
node23D400685:1241:2592 [2] NCCL INFO Channel 12/0 : 1[2] -> 2[2] via P2P/MNNVL
node23D400685:1241:2592 [2] NCCL INFO Channel 13/0 : 1[2] -> 2[2] via P2P/MNNVL
node23D400685:1242:2591 [3] NCCL INFO Channel 14/0 : 1[3] -> 2[3] via P2P/MNNVL
node23D400685:1241:2592 [2] NCCL INFO Channel 14/0 : 1[2] -> 2[2] via P2P/MNNVL
node23D400685:1242:2591 [3] NCCL INFO Channel 15/0 : 1[3] -> 2[3] via P2P/MNNVL
node23D400685:1241:2592 [2] NCCL INFO Channel 15/0 : 1[2] -> 2[2] via P2P/MNNVL
node23D400685:1242:2591 [3] NCCL INFO Channel 16/0 : 1[3] -> 2[3] via P2P/MNNVL
node23D400685:1241:2592 [2] NCCL INFO Channel 16/0 : 1[2] -> 2[2] via P2P/MNNVL
node23D400685:1242:2591 [3] NCCL INFO Channel 17/0 : 1[3] -> 2[3] via P2P/MNNVL
node23D400685:1242:2591 [3] NCCL INFO Channel 18/0 : 1[3] -> 2[3] via P2P/MNNVL
node23D400685:1241:2592 [2] NCCL INFO Channel 17/0 : 1[2] -> 2[2] via P2P/MNNVL
node23D400685:1242:2591 [3] NCCL INFO Channel 19/0 : 1[3] -> 2[3] via P2P/MNNVL
node23D400685:1241:2592 [2] NCCL INFO Channel 18/0 : 1[2] -> 2[2] via P2P/MNNVL
node23D400685:1241:2592 [2] NCCL INFO Channel 19/0 : 1[2] -> 2[2] via P2P/MNNVL
node23D400685:1242:2591 [3] NCCL INFO Channel 20/0 : 1[3] -> 2[3] via P2P/MNNVL
node23D400685:1241:2592 [2] NCCL INFO Channel 20/0 : 1[2] -> 2[2] via P2P/MNNVL
node23D400685:1242:2591 [3] NCCL INFO Channel 21/0 : 1[3] -> 2[3] via P2P/MNNVL
node23D400685:1241:2592 [2] NCCL INFO Channel 21/0 : 1[2] -> 2[2] via P2P/MNNVL
node23D400685:1242:2591 [3] NCCL INFO Channel 22/0 : 1[3] -> 2[3] via P2P/MNNVL
node23D400685:1241:2592 [2] NCCL INFO Channel 22/0 : 1[2] -> 2[2] via P2P/MNNVL
node23D400685:1242:2591 [3] NCCL INFO Channel 23/0 : 1[3] -> 2[3] via P2P/MNNVL
node23D400685:1241:2592 [2] NCCL INFO Channel 23/0 : 1[2] -> 2[2] via P2P/MNNVL
node23D400685:1242:2591 [3] NCCL INFO Channel 24/0 : 1[3] -> 2[3] via P2P/MNNVL
node23D400685:1241:2592 [2] NCCL INFO Channel 24/0 : 1[2] -> 2[2] via P2P/MNNVL
node23D400685:1242:2591 [3] NCCL INFO Channel 25/0 : 1[3] -> 2[3] via P2P/MNNVL
node23D400685:1241:2592 [2] NCCL INFO Channel 25/0 : 1[2] -> 2[2] via P2P/MNNVL
node23D400685:1242:2591 [3] NCCL INFO Channel 26/0 : 1[3] -> 2[3] via P2P/MNNVL
node23D400685:1242:2591 [3] NCCL INFO Channel 27/0 : 1[3] -> 2[3] via P2P/MNNVL
node23D400685:1241:2592 [2] NCCL INFO Channel 26/0 : 1[2] -> 2[2] via P2P/MNNVL
node23D400685:1242:2591 [3] NCCL INFO Channel 28/0 : 1[3] -> 2[3] via P2P/MNNVL
node23D400685:1241:2592 [2] NCCL INFO Channel 27/0 : 1[2] -> 2[2] via P2P/MNNVL
node23D400685:1241:2592 [2] NCCL INFO Channel 28/0 : 1[2] -> 2[2] via P2P/MNNVL
node23D400685:1242:2591 [3] NCCL INFO Channel 29/0 : 1[3] -> 2[3] via P2P/MNNVL
node23D400685:1241:2592 [2] NCCL INFO Channel 29/0 : 1[2] -> 2[2] via P2P/MNNVL
node23D400685:1241:2592 [2] NCCL INFO Channel 30/0 : 1[2] -> 2[2] via P2P/MNNVL
node23D400685:1242:2591 [3] NCCL INFO Channel 30/0 : 1[3] -> 2[3] via P2P/MNNVL
node23D400685:1242:2591 [3] NCCL INFO Channel 31/0 : 1[3] -> 2[3] via P2P/MNNVL
node23D400685:1241:2592 [2] NCCL INFO Channel 31/0 : 1[2] -> 2[2] via P2P/MNNVL
node23D400685:1240:2593 [1] NCCL INFO Channel 00/0 : 1[1] -> 2[1] via P2P/MNNVL
node23D400685:1240:2593 [1] NCCL INFO Channel 01/0 : 1[1] -> 2[1] via P2P/MNNVL
node23D400685:1240:2593 [1] NCCL INFO Channel 02/0 : 1[1] -> 2[1] via P2P/MNNVL
node23D400685:1240:2593 [1] NCCL INFO Channel 03/0 : 1[1] -> 2[1] via P2P/MNNVL
node23D400685:1240:2593 [1] NCCL INFO Channel 04/0 : 1[1] -> 2[1] via P2P/MNNVL
node23D400685:1240:2593 [1] NCCL INFO Channel 05/0 : 1[1] -> 2[1] via P2P/MNNVL
node23D400685:1239:2594 [0] NCCL INFO Channel 00/0 : 1[0] -> 2[0] via P2P/MNNVL
node23D400685:1240:2593 [1] NCCL INFO Channel 06/0 : 1[1] -> 2[1] via P2P/MNNVL
node23D400685:1239:2594 [0] NCCL INFO Channel 01/0 : 1[0] -> 2[0] via P2P/MNNVL
node23D400685:1240:2593 [1] NCCL INFO Channel 07/0 : 1[1] -> 2[1] via P2P/MNNVL
node23D400685:1240:2593 [1] NCCL INFO Channel 08/0 : 1[1] -> 2[1] via P2P/MNNVL
node23D400685:1239:2594 [0] NCCL INFO Channel 02/0 : 1[0] -> 2[0] via P2P/MNNVL
node23D400685:1240:2593 [1] NCCL INFO Channel 09/0 : 1[1] -> 2[1] via P2P/MNNVL
node23D400685:1239:2594 [0] NCCL INFO Channel 03/0 : 1[0] -> 2[0] via P2P/MNNVL
node23D400685:1239:2594 [0] NCCL INFO Channel 04/0 : 1[0] -> 2[0] via P2P/MNNVL
node23D400685:1240:2593 [1] NCCL INFO Channel 10/0 : 1[1] -> 2[1] via P2P/MNNVL
node23D400685:1239:2594 [0] NCCL INFO Channel 05/0 : 1[0] -> 2[0] via P2P/MNNVL
node23D400685:1240:2593 [1] NCCL INFO Channel 11/0 : 1[1] -> 2[1] via P2P/MNNVL
node23D400685:1240:2593 [1] NCCL INFO Channel 12/0 : 1[1] -> 2[1] via P2P/MNNVL
node23D400685:1239:2594 [0] NCCL INFO Channel 06/0 : 1[0] -> 2[0] via P2P/MNNVL
node23D400685:1239:2594 [0] NCCL INFO Channel 07/0 : 1[0] -> 2[0] via P2P/MNNVL
node23D400685:1240:2593 [1] NCCL INFO Channel 13/0 : 1[1] -> 2[1] via P2P/MNNVL
node23D400685:1240:2593 [1] NCCL INFO Channel 14/0 : 1[1] -> 2[1] via P2P/MNNVL
node23D400685:1239:2594 [0] NCCL INFO Channel 08/0 : 1[0] -> 2[0] via P2P/MNNVL
node23D400685:1240:2593 [1] NCCL INFO Channel 15/0 : 1[1] -> 2[1] via P2P/MNNVL
node23D400685:1239:2594 [0] NCCL INFO Channel 09/0 : 1[0] -> 2[0] via P2P/MNNVL
node23D400685:1239:2594 [0] NCCL INFO Channel 10/0 : 1[0] -> 2[0] via P2P/MNNVL
node23D400685:1240:2593 [1] NCCL INFO Channel 16/0 : 1[1] -> 2[1] via P2P/MNNVL
node23D400685:1239:2594 [0] NCCL INFO Channel 11/0 : 1[0] -> 2[0] via P2P/MNNVL
node23D400685:1240:2593 [1] NCCL INFO Channel 17/0 : 1[1] -> 2[1] via P2P/MNNVL
node23D400685:1240:2593 [1] NCCL INFO Channel 18/0 : 1[1] -> 2[1] via P2P/MNNVL
node23D400685:1239:2594 [0] NCCL INFO Channel 12/0 : 1[0] -> 2[0] via P2P/MNNVL
node23D400685:1240:2593 [1] NCCL INFO Channel 19/0 : 1[1] -> 2[1] via P2P/MNNVL
node23D400685:1239:2594 [0] NCCL INFO Channel 13/0 : 1[0] -> 2[0] via P2P/MNNVL
node23D400685:1239:2594 [0] NCCL INFO Channel 14/0 : 1[0] -> 2[0] via P2P/MNNVL
node23D400685:1240:2593 [1] NCCL INFO Channel 20/0 : 1[1] -> 2[1] via P2P/MNNVL
node23D400685:1239:2594 [0] NCCL INFO Channel 15/0 : 1[0] -> 2[0] via P2P/MNNVL
node23D400685:1240:2593 [1] NCCL INFO Channel 21/0 : 1[1] -> 2[1] via P2P/MNNVL
node23D400685:1239:2594 [0] NCCL INFO Channel 16/0 : 1[0] -> 2[0] via P2P/MNNVL
node23D400685:1240:2593 [1] NCCL INFO Channel 22/0 : 1[1] -> 2[1] via P2P/MNNVL
node23D400685:1240:2593 [1] NCCL INFO Channel 23/0 : 1[1] -> 2[1] via P2P/MNNVL
node23D400685:1239:2594 [0] NCCL INFO Channel 17/0 : 1[0] -> 2[0] via P2P/MNNVL
node23D400685:1239:2594 [0] NCCL INFO Channel 18/0 : 1[0] -> 2[0] via P2P/MNNVL
node23D400685:1240:2593 [1] NCCL INFO Channel 24/0 : 1[1] -> 2[1] via P2P/MNNVL
node23D400685:1240:2593 [1] NCCL INFO Channel 25/0 : 1[1] -> 2[1] via P2P/MNNVL
node23D400685:1239:2594 [0] NCCL INFO Channel 19/0 : 1[0] -> 2[0] via P2P/MNNVL
node23D400685:1240:2593 [1] NCCL INFO Channel 26/0 : 1[1] -> 2[1] via P2P/MNNVL
node23D400685:1239:2594 [0] NCCL INFO Channel 20/0 : 1[0] -> 2[0] via P2P/MNNVL
node23D400685:1239:2594 [0] NCCL INFO Channel 21/0 : 1[0] -> 2[0] via P2P/MNNVL
node23D400685:1240:2593 [1] NCCL INFO Channel 27/0 : 1[1] -> 2[1] via P2P/MNNVL
node23D400685:1240:2593 [1] NCCL INFO Channel 28/0 : 1[1] -> 2[1] via P2P/MNNVL
node23D400685:1239:2594 [0] NCCL INFO Channel 22/0 : 1[0] -> 2[0] via P2P/MNNVL
node23D400685:1239:2594 [0] NCCL INFO Channel 23/0 : 1[0] -> 2[0] via P2P/MNNVL
node23D400685:1240:2593 [1] NCCL INFO Channel 29/0 : 1[1] -> 2[1] via P2P/MNNVL
node23D400685:1239:2594 [0] NCCL INFO Channel 24/0 : 1[0] -> 2[0] via P2P/MNNVL
node23D400685:1240:2593 [1] NCCL INFO Channel 30/0 : 1[1] -> 2[1] via P2P/MNNVL
node23D400685:1240:2593 [1] NCCL INFO Channel 31/0 : 1[1] -> 2[1] via P2P/MNNVL
node23D400685:1239:2594 [0] NCCL INFO Channel 25/0 : 1[0] -> 2[0] via P2P/MNNVL
node23D400685:1239:2594 [0] NCCL INFO Channel 26/0 : 1[0] -> 2[0] via P2P/MNNVL
node23D400685:1239:2594 [0] NCCL INFO Channel 27/0 : 1[0] -> 2[0] via P2P/MNNVL
node23D400685:1239:2594 [0] NCCL INFO Channel 28/0 : 1[0] -> 2[0] via P2P/MNNVL
node23D400685:1239:2594 [0] NCCL INFO Channel 29/0 : 1[0] -> 2[0] via P2P/MNNVL
node23D400685:1239:2594 [0] NCCL INFO Channel 30/0 : 1[0] -> 2[0] via P2P/MNNVL
node23D400685:1239:2594 [0] NCCL INFO Channel 31/0 : 1[0] -> 2[0] via P2P/MNNVL
node23D400685:1242:2591 [3] NCCL INFO Connected all rings, use ring PXN 0 GDR 1
node23D400685:1240:2593 [1] NCCL INFO Connected all rings, use ring PXN 0 GDR 1
node23D400685:1239:2594 [0] NCCL INFO Connected all rings, use ring PXN 0 GDR 1
node23D400685:1241:2592 [2] NCCL INFO Connected all rings, use ring PXN 0 GDR 1
node23D400685:1240:1240 [1] NCCL INFO Comm config Blocking set to 1
node23D400685:1242:1242 [3] NCCL INFO Comm config Blocking set to 1
node23D400685:1239:1239 [0] NCCL INFO Comm config Blocking set to 1
node23D400685:1241:1241 [2] NCCL INFO Comm config Blocking set to 1
node23D400685:1240:2595 [1] NCCL INFO Assigned NET plugin Socket to comm
node23D400685:1239:2597 [0] NCCL INFO Assigned NET plugin Socket to comm
node23D400685:1242:2596 [3] NCCL INFO Assigned NET plugin Socket to comm
node23D400685:1240:2595 [1] NCCL INFO Using network Socket
node23D400685:1239:2597 [0] NCCL INFO Using network Socket
node23D400685:1242:2596 [3] NCCL INFO Using network Socket
node23D400685:1241:2598 [2] NCCL INFO Assigned NET plugin Socket to comm
node23D400685:1241:2598 [2] NCCL INFO Using network Socket
node23D400685:1239:2597 [0] NCCL INFO ncclCommInitRankConfig comm 0x65d63690 rank 20 nranks 64 cudaDev 0 nvmlDev 0 busId 801000 commId 0x4ad3bd25942cc00 - Init START
node23D400685:1242:2596 [3] NCCL INFO ncclCommInitRankConfig comm 0x6350e050 rank 23 nranks 64 cudaDev 3 nvmlDev 3 busId 1901000 commId 0x4ad3bd25942cc00 - Init START
node23D400685:1241:2598 [2] NCCL INFO ncclCommInitRankConfig comm 0x66646540 rank 22 nranks 64 cudaDev 2 nvmlDev 2 busId 1801000 commId 0x4ad3bd25942cc00 - Init START
node23D400685:1240:2595 [1] NCCL INFO ncclCommInitRankConfig comm 0x412aba90 rank 21 nranks 64 cudaDev 1 nvmlDev 1 busId 901000 commId 0x4ad3bd25942cc00 - Init START
node23D400685:1242:2596 [3] NCCL INFO Bootstrap timings total 0.011905 (create 0.000041, send 0.000235, recv 0.004547, ring 0.006836, delay 0.000000)
node23D400685:1241:2598 [2] NCCL INFO Bootstrap timings total 0.011908 (create 0.000035, send 0.000230, recv 0.004365, ring 0.006378, delay 0.000000)
node23D400685:1240:2595 [1] NCCL INFO Bootstrap timings total 0.011901 (create 0.000036, send 0.000186, recv 0.005065, ring 0.006139, delay 0.000000)
node23D400685:1239:2597 [0] NCCL INFO Bootstrap timings total 0.011993 (create 0.000045, send 0.000262, recv 0.005401, ring 0.006128, delay 0.000000)
node23D400685:1241:2598 [2] NCCL INFO MNNVL busId 0x1801000 fabric UUID aa48724aeeaad6a8.b34b901796a1c18d cliqueId 0x7ffe state 3 healthMask 0xaa
node23D400685:1242:2596 [3] NCCL INFO MNNVL busId 0x1901000 fabric UUID aa48724aeeaad6a8.b34b901796a1c18d cliqueId 0x7ffe state 3 healthMask 0xaa
node23D400685:1239:2597 [0] NCCL INFO MNNVL busId 0x801000 fabric UUID aa48724aeeaad6a8.b34b901796a1c18d cliqueId 0x7ffe state 3 healthMask 0xaa
node23D400685:1240:2595 [1] NCCL INFO MNNVL busId 0x901000 fabric UUID aa48724aeeaad6a8.b34b901796a1c18d cliqueId 0x7ffe state 3 healthMask 0xaa
node23D400685:1241:2598 [2] NCCL INFO MNNVL 1 cliqueId 7ffe cliqueSize 64 cliqueRank 22
node23D400685:1240:2595 [1] NCCL INFO MNNVL 1 cliqueId 7ffe cliqueSize 64 cliqueRank 21
node23D400685:1242:2596 [3] NCCL INFO MNNVL 1 cliqueId 7ffe cliqueSize 64 cliqueRank 23
node23D400685:1239:2597 [0] NCCL INFO MNNVL 1 cliqueId 7ffe cliqueSize 64 cliqueRank 20
node23D400685:1242:2596 [3] NCCL INFO Setting affinity for GPU 3 to 72-143
node23D400685:1241:2598 [2] NCCL INFO Setting affinity for GPU 2 to 72-143
node23D400685:1240:2595 [1] NCCL INFO Setting affinity for GPU 1 to 0-71
node23D400685:1239:2597 [0] NCCL INFO Setting affinity for GPU 0 to 0-71
node23D400685:1242:2596 [3] NCCL INFO comm 0x6350e050 rank 23 nRanks 64 nNodes 1 localRanks 64 localRank 23 MNNVL 1
node23D400685:1242:2596 [3] NCCL INFO Trees [0] 24/-1/-1->23->22 [1] 24/-1/-1->23->22 [2] 24/-1/-1->23->22 [3] 24/-1/-1->23->22 [4] 24/-1/-1->23->22 [5] 24/-1/-1->23->22 [6] 24/-1/-1->23->22 [7] 24/-1/-1->23->22 [8] 24/-1/-1->23->22 [9] 24/-1/-1->23->22 [10] 24/-1/-1->23->22 [11] 24/-1/-1->23->22 [12] 24/-1/-1->23->22 [13] 24/-1/-1->23->22 [14] 24/-1/-1->23->22 [15] 24/-1/-1->23->22 [16] 24/-1/-1->23->22 [17] 24/-1/-1->23->22 [18] 24/-1/-1->23->22 [19] 24/-1/-1->23->22 [20] 24/-1/-1->23->22 [21] 24/-1/-1->23->22 [22] 24/-1/-1->23->22 [23] 24/-1/-1->23->22 [24] 24/-1/-1->23->22 [25] 24/-1/-1->23->22 [26] 24/-1/-1->23->22 [27] 24/-1/-1->23->22 [28] 24/-1/-1->23->22 [29] 24/-1/-1->23->22 [30] 24/-1/-1->23->22 [31] 24/-1/-1->23->22
node23D400685:1242:2596 [3] NCCL INFO P2P Chunksize set to 524288
node23D400685:1239:2597 [0] NCCL INFO comm 0x65d63690 rank 20 nRanks 64 nNodes 1 localRanks 64 localRank 20 MNNVL 1
node23D400685:1241:2598 [2] NCCL INFO comm 0x66646540 rank 22 nRanks 64 nNodes 1 localRanks 64 localRank 22 MNNVL 1
node23D400685:1240:2595 [1] NCCL INFO comm 0x412aba90 rank 21 nRanks 64 nNodes 1 localRanks 64 localRank 21 MNNVL 1
node23D400685:1239:2597 [0] NCCL INFO Trees [0] 21/-1/-1->20->19 [1] 21/-1/-1->20->19 [2] 21/-1/-1->20->19 [3] 21/-1/-1->20->19 [4] 21/-1/-1->20->19 [5] 21/-1/-1->20->19 [6] 21/-1/-1->20->19 [7] 21/-1/-1->20->19 [8] 21/-1/-1->20->19 [9] 21/-1/-1->20->19 [10] 21/-1/-1->20->19 [11] 21/-1/-1->20->19 [12] 21/-1/-1->20->19 [13] 21/-1/-1->20->19 [14] 21/-1/-1->20->19 [15] 21/-1/-1->20->19 [16] 21/-1/-1->20->19 [17] 21/-1/-1->20->19 [18] 21/-1/-1->20->19 [19] 21/-1/-1->20->19 [20] 21/-1/-1->20->19 [21] 21/-1/-1->20->19 [22] 21/-1/-1->20->19 [23] 21/-1/-1->20->19 [24] 21/-1/-1->20->19 [25] 21/-1/-1->20->19 [26] 21/-1/-1->20->19 [27] 21/-1/-1->20->19 [28] 21/-1/-1->20->19 [29] 21/-1/-1->20->19 [30] 21/-1/-1->20->19 [31] 21/-1/-1->20->19
node23D400685:1241:2598 [2] NCCL INFO Trees [0] 23/-1/-1->22->21 [1] 23/-1/-1->22->21 [2] 23/-1/-1->22->21 [3] 23/-1/-1->22->21 [4] 23/-1/-1->22->21 [5] 23/-1/-1->22->21 [6] 23/-1/-1->22->21 [7] 23/-1/-1->22->21 [8] 23/-1/-1->22->21 [9] 23/-1/-1->22->21 [10] 23/-1/-1->22->21 [11] 23/-1/-1->22->21 [12] 23/-1/-1->22->21 [13] 23/-1/-1->22->21 [14] 23/-1/-1->22->21 [15] 23/-1/-1->22->21 [16] 23/-1/-1->22->21 [17] 23/-1/-1->22->21 [18] 23/-1/-1->22->21 [19] 23/-1/-1->22->21 [20] 23/-1/-1->22->21 [21] 23/-1/-1->22->21 [22] 23/-1/-1->22->21 [23] 23/-1/-1->22->21 [24] 23/-1/-1->22->21 [25] 23/-1/-1->22->21 [26] 23/-1/-1->22->21 [27] 23/-1/-1->22->21 [28] 23/-1/-1->22->21 [29] 23/-1/-1->22->21 [30] 23/-1/-1->22->21 [31] 23/-1/-1->22->21
node23D400685:1239:2597 [0] NCCL INFO P2P Chunksize set to 524288
node23D400685:1241:2598 [2] NCCL INFO P2P Chunksize set to 524288
node23D400685:1240:2595 [1] NCCL INFO Trees [0] 22/-1/-1->21->20 [1] 22/-1/-1->21->20 [2] 22/-1/-1->21->20 [3] 22/-1/-1->21->20 [4] 22/-1/-1->21->20 [5] 22/-1/-1->21->20 [6] 22/-1/-1->21->20 [7] 22/-1/-1->21->20 [8] 22/-1/-1->21->20 [9] 22/-1/-1->21->20 [10] 22/-1/-1->21->20 [11] 22/-1/-1->21->20 [12] 22/-1/-1->21->20 [13] 22/-1/-1->21->20 [14] 22/-1/-1->21->20 [15] 22/-1/-1->21->20 [16] 22/-1/-1->21->20 [17] 22/-1/-1->21->20 [18] 22/-1/-1->21->20 [19] 22/-1/-1->21->20 [20] 22/-1/-1->21->20 [21] 22/-1/-1->21->20 [22] 22/-1/-1->21->20 [23] 22/-1/-1->21->20 [24] 22/-1/-1->21->20 [25] 22/-1/-1->21->20 [26] 22/-1/-1->21->20 [27] 22/-1/-1->21->20 [28] 22/-1/-1->21->20 [29] 22/-1/-1->21->20 [30] 22/-1/-1->21->20 [31] 22/-1/-1->21->20
node23D400685:1240:2595 [1] NCCL INFO P2P Chunksize set to 524288
node23D400685:1242:2599 [3] NCCL INFO [Proxy Service] Device 3 CPU core 138
node23D400685:1242:2600 [3] NCCL INFO [Proxy Service UDS] Device 3 CPU core 139
node23D400685:1241:2601 [2] NCCL INFO [Proxy Service] Device 2 CPU core 84
node23D400685:1240:2603 [1] NCCL INFO [Proxy Service] Device 1 CPU core 35
node23D400685:1239:2602 [0] NCCL INFO [Proxy Service] Device 0 CPU core 2
node23D400685:1241:2604 [2] NCCL INFO [Proxy Service UDS] Device 2 CPU core 85
node23D400685:1240:2606 [1] NCCL INFO [Proxy Service UDS] Device 1 CPU core 36
node23D400685:1239:2605 [0] NCCL INFO [Proxy Service UDS] Device 0 CPU core 4
node23D400685:1241:2598 [2] NCCL INFO threadThresholds 8/8/64 | 512/8/64 | 512 | 512
node23D400685:1241:2598 [2] NCCL INFO 32 coll channels, 32 collnet channels, 0 nvls channels, 32 p2p channels, 32 p2p channels per peer
node23D400685:1242:2596 [3] NCCL INFO threadThresholds 8/8/64 | 512/8/64 | 512 | 512
node23D400685:1242:2596 [3] NCCL INFO 32 coll channels, 32 collnet channels, 0 nvls channels, 32 p2p channels, 32 p2p channels per peer
node23D400685:1240:2595 [1] NCCL INFO threadThresholds 8/8/64 | 512/8/64 | 512 | 512
node23D400685:1240:2595 [1] NCCL INFO 32 coll channels, 32 collnet channels, 0 nvls channels, 32 p2p channels, 32 p2p channels per peer
node23D400685:1239:2597 [0] NCCL INFO threadThresholds 8/8/64 | 512/8/64 | 512 | 512
node23D400685:1239:2597 [0] NCCL INFO 32 coll channels, 32 collnet channels, 0 nvls channels, 32 p2p channels, 32 p2p channels per peer
node23D400685:1242:2596 [3] NCCL INFO ncclCommInitRankConfig comm 0x6350e050 rank 23 nranks 64 cudaDev 3 nvmlDev 3 busId 1901000 commId 0x4ad3bd25942cc00 - Init COMPLETE
node23D400685:1242:2596 [3] NCCL INFO Init timings - ncclCommInitRankConfig: rank 23 nranks 64 total 2.37 (kernels 0.00, alloc 0.00, bootstrap 0.01, allgathers 0.07, topo 2.08, graphs 0.04, connections 0.16, rest 0.01)
node23D400685:1240:2595 [1] NCCL INFO ncclCommInitRankConfig comm 0x412aba90 rank 21 nranks 64 cudaDev 1 nvmlDev 1 busId 901000 commId 0x4ad3bd25942cc00 - Init COMPLETE
node23D400685:1240:2595 [1] NCCL INFO Init timings - ncclCommInitRankConfig: rank 21 nranks 64 total 2.37 (kernels 0.00, alloc 0.00, bootstrap 0.01, allgathers 0.05, topo 2.10, graphs 0.04, connections 0.16, rest 0.01)
node23D400685:1239:2597 [0] NCCL INFO ncclCommInitRankConfig comm 0x65d63690 rank 20 nranks 64 cudaDev 0 nvmlDev 0 busId 801000 commId 0x4ad3bd25942cc00 - Init COMPLETE
node23D400685:1239:2597 [0] NCCL INFO Init timings - ncclCommInitRankConfig: rank 20 nranks 64 total 2.37 (kernels 0.00, alloc 0.00, bootstrap 0.01, allgathers 0.02, topo 2.12, graphs 0.04, connections 0.16, rest 0.01)
node23D400685:1241:2598 [2] NCCL INFO ncclCommInitRankConfig comm 0x66646540 rank 22 nranks 64 cudaDev 2 nvmlDev 2 busId 1801000 commId 0x4ad3bd25942cc00 - Init COMPLETE
node23D400685:1241:2598 [2] NCCL INFO Init timings - ncclCommInitRankConfig: rank 22 nranks 64 total 2.37 (kernels 0.00, alloc 0.00, bootstrap 0.01, allgathers 0.05, topo 2.10, graphs 0.04, connections 0.15, rest 0.01)
node23D400685:1241:2610 [2] NCCL INFO Channel 00/0 : 22[2] -> 23[3] via P2P/MNNVL
node23D400685:1242:2607 [3] NCCL INFO Channel 00/0 : 23[3] -> 24[0] via P2P/MNNVL
node23D400685:1242:2607 [3] NCCL INFO Channel 01/0 : 23[3] -> 24[0] via P2P/MNNVL
node23D400685:1241:2610 [2] NCCL INFO Channel 01/0 : 22[2] -> 23[3] via P2P/MNNVL
node23D400685:1242:2607 [3] NCCL INFO Channel 02/0 : 23[3] -> 24[0] via P2P/MNNVL
node23D400685:1241:2610 [2] NCCL INFO Channel 02/0 : 22[2] -> 23[3] via P2P/MNNVL
node23D400685:1242:2607 [3] NCCL INFO Channel 03/0 : 23[3] -> 24[0] via P2P/MNNVL
node23D400685:1240:2608 [1] NCCL INFO Channel 00/0 : 21[1] -> 22[2] via P2P/MNNVL
node23D400685:1241:2610 [2] NCCL INFO Channel 03/0 : 22[2] -> 23[3] via P2P/MNNVL
node23D400685:1242:2607 [3] NCCL INFO Channel 04/0 : 23[3] -> 24[0] via P2P/MNNVL
node23D400685:1241:2610 [2] NCCL INFO Channel 04/0 : 22[2] -> 23[3] via P2P/MNNVL
node23D400685:1239:2609 [0] NCCL INFO Channel 00/0 : 20[0] -> 21[1] via P2P/MNNVL
node23D400685:1242:2607 [3] NCCL INFO Channel 05/0 : 23[3] -> 24[0] via P2P/MNNVL
node23D400685:1240:2608 [1] NCCL INFO Channel 01/0 : 21[1] -> 22[2] via P2P/MNNVL
node23D400685:1242:2607 [3] NCCL INFO Channel 06/0 : 23[3] -> 24[0] via P2P/MNNVL
node23D400685:1241:2610 [2] NCCL INFO Channel 05/0 : 22[2] -> 23[3] via P2P/MNNVL
node23D400685:1239:2609 [0] NCCL INFO Channel 01/0 : 20[0] -> 21[1] via P2P/MNNVL
node23D400685:1241:2610 [2] NCCL INFO Channel 06/0 : 22[2] -> 23[3] via P2P/MNNVL
node23D400685:1242:2607 [3] NCCL INFO Channel 07/0 : 23[3] -> 24[0] via P2P/MNNVL
node23D400685:1240:2608 [1] NCCL INFO Channel 02/0 : 21[1] -> 22[2] via P2P/MNNVL
node23D400685:1239:2609 [0] NCCL INFO Channel 02/0 : 20[0] -> 21[1] via P2P/MNNVL
node23D400685:1241:2610 [2] NCCL INFO Channel 07/0 : 22[2] -> 23[3] via P2P/MNNVL
node23D400685:1242:2607 [3] NCCL INFO Channel 08/0 : 23[3] -> 24[0] via P2P/MNNVL
node23D400685:1240:2608 [1] NCCL INFO Channel 03/0 : 21[1] -> 22[2] via P2P/MNNVL
node23D400685:1242:2607 [3] NCCL INFO Channel 09/0 : 23[3] -> 24[0] via P2P/MNNVL
node23D400685:1239:2609 [0] NCCL INFO Channel 03/0 : 20[0] -> 21[1] via P2P/MNNVL
node23D400685:1241:2610 [2] NCCL INFO Channel 08/0 : 22[2] -> 23[3] via P2P/MNNVL
node23D400685:1240:2608 [1] NCCL INFO Channel 04/0 : 21[1] -> 22[2] via P2P/MNNVL
node23D400685:1242:2607 [3] NCCL INFO Channel 10/0 : 23[3] -> 24[0] via P2P/MNNVL
node23D400685:1241:2610 [2] NCCL INFO Channel 09/0 : 22[2] -> 23[3] via P2P/MNNVL
node23D400685:1240:2608 [1] NCCL INFO Channel 05/0 : 21[1] -> 22[2] via P2P/MNNVL
node23D400685:1239:2609 [0] NCCL INFO Channel 04/0 : 20[0] -> 21[1] via P2P/MNNVL
node23D400685:1239:2609 [0] NCCL INFO Channel 05/0 : 20[0] -> 21[1] via P2P/MNNVL
node23D400685:1242:2607 [3] NCCL INFO Channel 11/0 : 23[3] -> 24[0] via P2P/MNNVL
node23D400685:1240:2608 [1] NCCL INFO Channel 06/0 : 21[1] -> 22[2] via P2P/MNNVL
node23D400685:1239:2609 [0] NCCL INFO Channel 06/0 : 20[0] -> 21[1] via P2P/MNNVL
node23D400685:1241:2610 [2] NCCL INFO Channel 10/0 : 22[2] -> 23[3] via P2P/MNNVL
node23D400685:1240:2608 [1] NCCL INFO Channel 07/0 : 21[1] -> 22[2] via P2P/MNNVL
node23D400685:1242:2607 [3] NCCL INFO Channel 12/0 : 23[3] -> 24[0] via P2P/MNNVL
node23D400685:1241:2610 [2] NCCL INFO Channel 11/0 : 22[2] -> 23[3] via P2P/MNNVL
node23D400685:1240:2608 [1] NCCL INFO Channel 08/0 : 21[1] -> 22[2] via P2P/MNNVL
node23D400685:1242:2607 [3] NCCL INFO Channel 13/0 : 23[3] -> 24[0] via P2P/MNNVL
node23D400685:1239:2609 [0] NCCL INFO Channel 07/0 : 20[0] -> 21[1] via P2P/MNNVL
node23D400685:1240:2608 [1] NCCL INFO Channel 09/0 : 21[1] -> 22[2] via P2P/MNNVL
node23D400685:1241:2610 [2] NCCL INFO Channel 12/0 : 22[2] -> 23[3] via P2P/MNNVL
node23D400685:1239:2609 [0] NCCL INFO Channel 08/0 : 20[0] -> 21[1] via P2P/MNNVL
node23D400685:1242:2607 [3] NCCL INFO Channel 14/0 : 23[3] -> 24[0] via P2P/MNNVL
node23D400685:1241:2610 [2] NCCL INFO Channel 13/0 : 22[2] -> 23[3] via P2P/MNNVL
node23D400685:1239:2609 [0] NCCL INFO Channel 09/0 : 20[0] -> 21[1] via P2P/MNNVL
node23D400685:1240:2608 [1] NCCL INFO Channel 10/0 : 21[1] -> 22[2] via P2P/MNNVL
node23D400685:1242:2607 [3] NCCL INFO Channel 15/0 : 23[3] -> 24[0] via P2P/MNNVL
node23D400685:1241:2610 [2] NCCL INFO Channel 14/0 : 22[2] -> 23[3] via P2P/MNNVL
node23D400685:1242:2607 [3] NCCL INFO Channel 16/0 : 23[3] -> 24[0] via P2P/MNNVL
node23D400685:1239:2609 [0] NCCL INFO Channel 10/0 : 20[0] -> 21[1] via P2P/MNNVL
node23D400685:1241:2610 [2] NCCL INFO Channel 15/0 : 22[2] -> 23[3] via P2P/MNNVL
node23D400685:1240:2608 [1] NCCL INFO Channel 11/0 : 21[1] -> 22[2] via P2P/MNNVL
node23D400685:1241:2610 [2] NCCL INFO Channel 16/0 : 22[2] -> 23[3] via P2P/MNNVL
node23D400685:1239:2609 [0] NCCL INFO Channel 11/0 : 20[0] -> 21[1] via P2P/MNNVL
node23D400685:1242:2607 [3] NCCL INFO Channel 17/0 : 23[3] -> 24[0] via P2P/MNNVL
node23D400685:1240:2608 [1] NCCL INFO Channel 12/0 : 21[1] -> 22[2] via P2P/MNNVL
node23D400685:1241:2610 [2] NCCL INFO Channel 17/0 : 22[2] -> 23[3] via P2P/MNNVL
node23D400685:1242:2607 [3] NCCL INFO Channel 18/0 : 23[3] -> 24[0] via P2P/MNNVL
node23D400685:1239:2609 [0] NCCL INFO Channel 12/0 : 20[0] -> 21[1] via P2P/MNNVL
node23D400685:1240:2608 [1] NCCL INFO Channel 13/0 : 21[1] -> 22[2] via P2P/MNNVL
node23D400685:1242:2607 [3] NCCL INFO Channel 19/0 : 23[3] -> 24[0] via P2P/MNNVL
node23D400685:1241:2610 [2] NCCL INFO Channel 18/0 : 22[2] -> 23[3] via P2P/MNNVL
node23D400685:1240:2608 [1] NCCL INFO Channel 14/0 : 21[1] -> 22[2] via P2P/MNNVL
node23D400685:1239:2609 [0] NCCL INFO Channel 13/0 : 20[0] -> 21[1] via P2P/MNNVL
node23D400685:1242:2607 [3] NCCL INFO Channel 20/0 : 23[3] -> 24[0] via P2P/MNNVL
node23D400685:1241:2610 [2] NCCL INFO Channel 19/0 : 22[2] -> 23[3] via P2P/MNNVL
node23D400685:1239:2609 [0] NCCL INFO Channel 14/0 : 20[0] -> 21[1] via P2P/MNNVL
node23D400685:1242:2607 [3] NCCL INFO Channel 21/0 : 23[3] -> 24[0] via P2P/MNNVL
node23D400685:1240:2608 [1] NCCL INFO Channel 15/0 : 21[1] -> 22[2] via P2P/MNNVL
node23D400685:1241:2610 [2] NCCL INFO Channel 20/0 : 22[2] -> 23[3] via P2P/MNNVL
node23D400685:1239:2609 [0] NCCL INFO Channel 15/0 : 20[0] -> 21[1] via P2P/MNNVL
node23D400685:1240:2608 [1] NCCL INFO Channel 16/0 : 21[1] -> 22[2] via P2P/MNNVL
node23D400685:1242:2607 [3] NCCL INFO Channel 22/0 : 23[3] -> 24[0] via P2P/MNNVL
node23D400685:1241:2610 [2] NCCL INFO Channel 21/0 : 22[2] -> 23[3] via P2P/MNNVL
node23D400685:1240:2608 [1] NCCL INFO Channel 17/0 : 21[1] -> 22[2] via P2P/MNNVL
node23D400685:1242:2607 [3] NCCL INFO Channel 23/0 : 23[3] -> 24[0] via P2P/MNNVL
node23D400685:1239:2609 [0] NCCL INFO Channel 16/0 : 20[0] -> 21[1] via P2P/MNNVL
node23D400685:1241:2610 [2] NCCL INFO Channel 22/0 : 22[2] -> 23[3] via P2P/MNNVL
node23D400685:1242:2607 [3] NCCL INFO Channel 24/0 : 23[3] -> 24[0] via P2P/MNNVL
node23D400685:1239:2609 [0] NCCL INFO Channel 17/0 : 20[0] -> 21[1] via P2P/MNNVL
node23D400685:1240:2608 [1] NCCL INFO Channel 18/0 : 21[1] -> 22[2] via P2P/MNNVL
node23D400685:1241:2610 [2] NCCL INFO Channel 23/0 : 22[2] -> 23[3] via P2P/MNNVL
node23D400685:1240:2608 [1] NCCL INFO Channel 19/0 : 21[1] -> 22[2] via P2P/MNNVL
node23D400685:1239:2609 [0] NCCL INFO Channel 18/0 : 20[0] -> 21[1] via P2P/MNNVL
node23D400685:1242:2607 [3] NCCL INFO Channel 25/0 : 23[3] -> 24[0] via P2P/MNNVL
node23D400685:1240:2608 [1] NCCL INFO Channel 20/0 : 21[1] -> 22[2] via P2P/MNNVL
node23D400685:1241:2610 [2] NCCL INFO Channel 24/0 : 22[2] -> 23[3] via P2P/MNNVL
node23D400685:1239:2609 [0] NCCL INFO Channel 19/0 : 20[0] -> 21[1] via P2P/MNNVL
node23D400685:1241:2610 [2] NCCL INFO Channel 25/0 : 22[2] -> 23[3] via P2P/MNNVL
node23D400685:1242:2607 [3] NCCL INFO Channel 26/0 : 23[3] -> 24[0] via P2P/MNNVL
node23D400685:1240:2608 [1] NCCL INFO Channel 21/0 : 21[1] -> 22[2] via P2P/MNNVL
node23D400685:1239:2609 [0] NCCL INFO Channel 20/0 : 20[0] -> 21[1] via P2P/MNNVL
node23D400685:1242:2607 [3] NCCL INFO Channel 27/0 : 23[3] -> 24[0] via P2P/MNNVL
node23D400685:1241:2610 [2] NCCL INFO Channel 26/0 : 22[2] -> 23[3] via P2P/MNNVL
node23D400685:1240:2608 [1] NCCL INFO Channel 22/0 : 21[1] -> 22[2] via P2P/MNNVL
node23D400685:1241:2610 [2] NCCL INFO Channel 27/0 : 22[2] -> 23[3] via P2P/MNNVL
node23D400685:1242:2607 [3] NCCL INFO Channel 28/0 : 23[3] -> 24[0] via P2P/MNNVL
node23D400685:1239:2609 [0] NCCL INFO Channel 21/0 : 20[0] -> 21[1] via P2P/MNNVL
node23D400685:1242:2607 [3] NCCL INFO Channel 29/0 : 23[3] -> 24[0] via P2P/MNNVL
node23D400685:1239:2609 [0] NCCL INFO Channel 22/0 : 20[0] -> 21[1] via P2P/MNNVL
node23D400685:1241:2610 [2] NCCL INFO Channel 28/0 : 22[2] -> 23[3] via P2P/MNNVL
node23D400685:1240:2608 [1] NCCL INFO Channel 23/0 : 21[1] -> 22[2] via P2P/MNNVL
node23D400685:1239:2609 [0] NCCL INFO Channel 23/0 : 20[0] -> 21[1] via P2P/MNNVL
node23D400685:1241:2610 [2] NCCL INFO Channel 29/0 : 22[2] -> 23[3] via P2P/MNNVL
node23D400685:1240:2608 [1] NCCL INFO Channel 24/0 : 21[1] -> 22[2] via P2P/MNNVL
node23D400685:1242:2607 [3] NCCL INFO Channel 30/0 : 23[3] -> 24[0] via P2P/MNNVL
node23D400685:1240:2608 [1] NCCL INFO Channel 25/0 : 21[1] -> 22[2] via P2P/MNNVL
node23D400685:1241:2610 [2] NCCL INFO Channel 30/0 : 22[2] -> 23[3] via P2P/MNNVL
node23D400685:1241:2610 [2] NCCL INFO Channel 31/0 : 22[2] -> 23[3] via P2P/MNNVL
node23D400685:1239:2609 [0] NCCL INFO Channel 24/0 : 20[0] -> 21[1] via P2P/MNNVL
node23D400685:1240:2608 [1] NCCL INFO Channel 26/0 : 21[1] -> 22[2] via P2P/MNNVL
node23D400685:1242:2607 [3] NCCL INFO Channel 31/0 : 23[3] -> 24[0] via P2P/MNNVL
node23D400685:1239:2609 [0] NCCL INFO Channel 25/0 : 20[0] -> 21[1] via P2P/MNNVL
node23D400685:1240:2608 [1] NCCL INFO Channel 27/0 : 21[1] -> 22[2] via P2P/MNNVL
node23D400685:1240:2608 [1] NCCL INFO Channel 28/0 : 21[1] -> 22[2] via P2P/MNNVL
node23D400685:1239:2609 [0] NCCL INFO Channel 26/0 : 20[0] -> 21[1] via P2P/MNNVL
node23D400685:1240:2608 [1] NCCL INFO Channel 29/0 : 21[1] -> 22[2] via P2P/MNNVL
node23D400685:1239:2609 [0] NCCL INFO Channel 27/0 : 20[0] -> 21[1] via P2P/MNNVL
node23D400685:1239:2609 [0] NCCL INFO Channel 28/0 : 20[0] -> 21[1] via P2P/MNNVL
node23D400685:1240:2608 [1] NCCL INFO Channel 30/0 : 21[1] -> 22[2] via P2P/MNNVL
node23D400685:1240:2608 [1] NCCL INFO Channel 31/0 : 21[1] -> 22[2] via P2P/MNNVL
node23D400685:1239:2609 [0] NCCL INFO Channel 29/0 : 20[0] -> 21[1] via P2P/MNNVL
node23D400685:1239:2609 [0] NCCL INFO Channel 30/0 : 20[0] -> 21[1] via P2P/MNNVL
node23D400685:1239:2609 [0] NCCL INFO Channel 31/0 : 20[0] -> 21[1] via P2P/MNNVL
node23D400685:1242:2607 [3] NCCL INFO Connected all rings, use ring PXN 0 GDR 1
node23D400685:1241:2610 [2] NCCL INFO Connected all rings, use ring PXN 0 GDR 1
node23D400685:1239:2609 [0] NCCL INFO Connected all rings, use ring PXN 0 GDR 1
node23D400685:1240:2608 [1] NCCL INFO Connected all rings, use ring PXN 0 GDR 1
node23D400685:1242:1242 [3] NCCL INFO Comm config Blocking set to 1
node23D400685:1239:1239 [0] NCCL INFO Comm config Blocking set to 1
node23D400685:1241:1241 [2] NCCL INFO Comm config Blocking set to 1
node23D400685:1240:1240 [1] NCCL INFO Comm config Blocking set to 1
node23D400685:1240:2613 [1] NCCL INFO Assigned NET plugin Socket to comm
node23D400685:1241:2612 [2] NCCL INFO Assigned NET plugin Socket to comm
node23D400685:1242:2611 [3] NCCL INFO Assigned NET plugin Socket to comm
node23D400685:1240:2613 [1] NCCL INFO Using network Socket
node23D400685:1241:2612 [2] NCCL INFO Using network Socket
node23D400685:1242:2611 [3] NCCL INFO Using network Socket
node23D400685:1239:2614 [0] NCCL INFO Assigned NET plugin Socket to comm
node23D400685:1239:2614 [0] NCCL INFO Using network Socket
node23D400685:1242:2611 [3] NCCL INFO ncclCommInitRankConfig comm 0x63a64980 rank 15 nranks 32 cudaDev 3 nvmlDev 3 busId 1901000 commId 0xd804d16d8b39a0c9 - Init START
node23D400685:1241:2612 [2] NCCL INFO ncclCommInitRankConfig comm 0x66b9ce70 rank 14 nranks 32 cudaDev 2 nvmlDev 2 busId 1801000 commId 0xd804d16d8b39a0c9 - Init START
node23D400685:1240:2613 [1] NCCL INFO ncclCommInitRankConfig comm 0x418023c0 rank 13 nranks 32 cudaDev 1 nvmlDev 1 busId 901000 commId 0xd804d16d8b39a0c9 - Init START
node23D400685:1239:2614 [0] NCCL INFO ncclCommInitRankConfig comm 0x662b9fc0 rank 12 nranks 32 cudaDev 0 nvmlDev 0 busId 801000 commId 0xd804d16d8b39a0c9 - Init START
node23D400685:1242:2611 [3] NCCL INFO Bootstrap timings total 0.855187 (create 0.000069, send 0.000159, recv 0.001755, ring 0.852984, delay 0.000000)
node23D400685:1241:2612 [2] NCCL INFO Bootstrap timings total 0.855222 (create 0.000051, send 0.000175, recv 0.000360, ring 0.854317, delay 0.000000)
node23D400685:1240:2613 [1] NCCL INFO Bootstrap timings total 0.855256 (create 0.000055, send 0.000174, recv 0.000504, ring 0.854153, delay 0.000000)
node23D400685:1239:2614 [0] NCCL INFO Bootstrap timings total 0.855219 (create 0.000026, send 0.000133, recv 0.000710, ring 0.693156, delay 0.000000)
node23D400685:1241:2612 [2] NCCL INFO MNNVL busId 0x1801000 fabric UUID aa48724aeeaad6a8.b34b901796a1c18d cliqueId 0x7ffe state 3 healthMask 0xaa
node23D400685:1242:2611 [3] NCCL INFO MNNVL busId 0x1901000 fabric UUID aa48724aeeaad6a8.b34b901796a1c18d cliqueId 0x7ffe state 3 healthMask 0xaa
node23D400685:1240:2613 [1] NCCL INFO MNNVL busId 0x901000 fabric UUID aa48724aeeaad6a8.b34b901796a1c18d cliqueId 0x7ffe state 3 healthMask 0xaa
node23D400685:1239:2614 [0] NCCL INFO MNNVL busId 0x801000 fabric UUID aa48724aeeaad6a8.b34b901796a1c18d cliqueId 0x7ffe state 3 healthMask 0xaa
node23D400685:1241:2612 [2] NCCL INFO MNNVL 1 cliqueId 7ffe cliqueSize 32 cliqueRank 14
node23D400685:1242:2611 [3] NCCL INFO MNNVL 1 cliqueId 7ffe cliqueSize 32 cliqueRank 15
node23D400685:1240:2613 [1] NCCL INFO MNNVL 1 cliqueId 7ffe cliqueSize 32 cliqueRank 13
node23D400685:1239:2614 [0] NCCL INFO MNNVL 1 cliqueId 7ffe cliqueSize 32 cliqueRank 12
node23D400685:1242:2611 [3] NCCL INFO Setting affinity for GPU 3 to 72-143
node23D400685:1241:2612 [2] NCCL INFO Setting affinity for GPU 2 to 72-143
node23D400685:1240:2613 [1] NCCL INFO Setting affinity for GPU 1 to 0-71
node23D400685:1239:2614 [0] NCCL INFO Setting affinity for GPU 0 to 0-71
node23D400685:1242:2611 [3] NCCL INFO comm 0x63a64980 rank 15 nRanks 32 nNodes 1 localRanks 32 localRank 15 MNNVL 1
node23D400685:1241:2612 [2] NCCL INFO comm 0x66b9ce70 rank 14 nRanks 32 nNodes 1 localRanks 32 localRank 14 MNNVL 1
node23D400685:1240:2613 [1] NCCL INFO comm 0x418023c0 rank 13 nRanks 32 nNodes 1 localRanks 32 localRank 13 MNNVL 1
node23D400685:1242:2611 [3] NCCL INFO Trees [0] 16/-1/-1->15->14 [1] 16/-1/-1->15->14 [2] 16/-1/-1->15->14 [3] 16/-1/-1->15->14 [4] 16/-1/-1->15->14 [5] 16/-1/-1->15->14 [6] 16/-1/-1->15->14 [7] 16/-1/-1->15->14 [8] 16/-1/-1->15->14 [9] 16/-1/-1->15->14 [10] 16/-1/-1->15->14 [11] 16/-1/-1->15->14 [12] 16/-1/-1->15->14 [13] 16/-1/-1->15->14 [14] 16/-1/-1->15->14 [15] 16/-1/-1->15->14 [16] 16/-1/-1->15->14 [17] 16/-1/-1->15->14 [18] 16/-1/-1->15->14 [19] 16/-1/-1->15->14 [20] 16/-1/-1->15->14 [21] 16/-1/-1->15->14 [22] 16/-1/-1->15->14 [23] 16/-1/-1->15->14 [24] 16/-1/-1->15->14 [25] 16/-1/-1->15->14 [26] 16/-1/-1->15->14 [27] 16/-1/-1->15->14 [28] 16/-1/-1->15->14 [29] 16/-1/-1->15->14 [30] 16/-1/-1->15->14 [31] 16/-1/-1->15->14
node23D400685:1241:2612 [2] NCCL INFO Trees [0] 15/-1/-1->14->13 [1] 15/-1/-1->14->13 [2] 15/-1/-1->14->13 [3] 15/-1/-1->14->13 [4] 15/-1/-1->14->13 [5] 15/-1/-1->14->13 [6] 15/-1/-1->14->13 [7] 15/-1/-1->14->13 [8] 15/-1/-1->14->13 [9] 15/-1/-1->14->13 [10] 15/-1/-1->14->13 [11] 15/-1/-1->14->13 [12] 15/-1/-1->14->13 [13] 15/-1/-1->14->13 [14] 15/-1/-1->14->13 [15] 15/-1/-1->14->13 [16] 15/-1/-1->14->13 [17] 15/-1/-1->14->13 [18] 15/-1/-1->14->13 [19] 15/-1/-1->14->13 [20] 15/-1/-1->14->13 [21] 15/-1/-1->14->13 [22] 15/-1/-1->14->13 [23] 15/-1/-1->14->13 [24] 15/-1/-1->14->13 [25] 15/-1/-1->14->13 [26] 15/-1/-1->14->13 [27] 15/-1/-1->14->13 [28] 15/-1/-1->14->13 [29] 15/-1/-1->14->13 [30] 15/-1/-1->14->13 [31] 15/-1/-1->14->13
node23D400685:1242:2611 [3] NCCL INFO P2P Chunksize set to 524288
node23D400685:1241:2612 [2] NCCL INFO P2P Chunksize set to 524288
node23D400685:1240:2613 [1] NCCL INFO Trees [0] 14/-1/-1->13->12 [1] 14/-1/-1->13->12 [2] 14/-1/-1->13->12 [3] 14/-1/-1->13->12 [4] 14/-1/-1->13->12 [5] 14/-1/-1->13->12 [6] 14/-1/-1->13->12 [7] 14/-1/-1->13->12 [8] 14/-1/-1->13->12 [9] 14/-1/-1->13->12 [10] 14/-1/-1->13->12 [11] 14/-1/-1->13->12 [12] 14/-1/-1->13->12 [13] 14/-1/-1->13->12 [14] 14/-1/-1->13->12 [15] 14/-1/-1->13->12 [16] 14/-1/-1->13->12 [17] 14/-1/-1->13->12 [18] 14/-1/-1->13->12 [19] 14/-1/-1->13->12 [20] 14/-1/-1->13->12 [21] 14/-1/-1->13->12 [22] 14/-1/-1->13->12 [23] 14/-1/-1->13->12 [24] 14/-1/-1->13->12 [25] 14/-1/-1->13->12 [26] 14/-1/-1->13->12 [27] 14/-1/-1->13->12 [28] 14/-1/-1->13->12 [29] 14/-1/-1->13->12 [30] 14/-1/-1->13->12 [31] 14/-1/-1->13->12
node23D400685:1240:2613 [1] NCCL INFO P2P Chunksize set to 524288
node23D400685:1239:2614 [0] NCCL INFO comm 0x662b9fc0 rank 12 nRanks 32 nNodes 1 localRanks 32 localRank 12 MNNVL 1
node23D400685:1239:2614 [0] NCCL INFO Trees [0] 13/-1/-1->12->11 [1] 13/-1/-1->12->11 [2] 13/-1/-1->12->11 [3] 13/-1/-1->12->11 [4] 13/-1/-1->12->11 [5] 13/-1/-1->12->11 [6] 13/-1/-1->12->11 [7] 13/-1/-1->12->11 [8] 13/-1/-1->12->11 [9] 13/-1/-1->12->11 [10] 13/-1/-1->12->11 [11] 13/-1/-1->12->11 [12] 13/-1/-1->12->11 [13] 13/-1/-1->12->11 [14] 13/-1/-1->12->11 [15] 13/-1/-1->12->11 [16] 13/-1/-1->12->11 [17] 13/-1/-1->12->11 [18] 13/-1/-1->12->11 [19] 13/-1/-1->12->11 [20] 13/-1/-1->12->11 [21] 13/-1/-1->12->11 [22] 13/-1/-1->12->11 [23] 13/-1/-1->12->11 [24] 13/-1/-1->12->11 [25] 13/-1/-1->12->11 [26] 13/-1/-1->12->11 [27] 13/-1/-1->12->11 [28] 13/-1/-1->12->11 [29] 13/-1/-1->12->11 [30] 13/-1/-1->12->11 [31] 13/-1/-1->12->11
node23D400685:1239:2614 [0] NCCL INFO P2P Chunksize set to 524288
node23D400685:1241:2616 [2] NCCL INFO [Proxy Service] Device 2 CPU core 97
node23D400685:1240:2617 [1] NCCL INFO [Proxy Service] Device 1 CPU core 35
node23D400685:1242:2618 [3] NCCL INFO [Proxy Service UDS] Device 3 CPU core 141
node23D400685:1241:2619 [2] NCCL INFO [Proxy Service UDS] Device 2 CPU core 98
node23D400685:1242:2615 [3] NCCL INFO [Proxy Service] Device 3 CPU core 140
node23D400685:1240:2620 [1] NCCL INFO [Proxy Service UDS] Device 1 CPU core 36
node23D400685:1239:2622 [0] NCCL INFO [Proxy Service UDS] Device 0 CPU core 3
node23D400685:1239:2621 [0] NCCL INFO [Proxy Service] Device 0 CPU core 2
node23D400685:1241:2612 [2] NCCL INFO threadThresholds 8/8/64 | 256/8/64 | 512 | 512
node23D400685:1241:2612 [2] NCCL INFO 32 coll channels, 32 collnet channels, 0 nvls channels, 32 p2p channels, 32 p2p channels per peer
node23D400685:1242:2611 [3] NCCL INFO threadThresholds 8/8/64 | 256/8/64 | 512 | 512
node23D400685:1242:2611 [3] NCCL INFO 32 coll channels, 32 collnet channels, 0 nvls channels, 32 p2p channels, 32 p2p channels per peer
node23D400685:1240:2613 [1] NCCL INFO threadThresholds 8/8/64 | 256/8/64 | 512 | 512
node23D400685:1240:2613 [1] NCCL INFO 32 coll channels, 32 collnet channels, 0 nvls channels, 32 p2p channels, 32 p2p channels per peer
node23D400685:1239:2614 [0] NCCL INFO threadThresholds 8/8/64 | 256/8/64 | 512 | 512
node23D400685:1239:2614 [0] NCCL INFO 32 coll channels, 32 collnet channels, 0 nvls channels, 32 p2p channels, 32 p2p channels per peer
node23D400685:1240:2613 [1] NCCL INFO ncclCommInitRankConfig comm 0x418023c0 rank 13 nranks 32 cudaDev 1 nvmlDev 1 busId 901000 commId 0xd804d16d8b39a0c9 - Init COMPLETE
node23D400685:1240:2613 [1] NCCL INFO Init timings - ncclCommInitRankConfig: rank 13 nranks 32 total 2.42 (kernels 0.00, alloc 0.00, bootstrap 0.86, allgathers 0.08, topo 1.30, graphs 0.02, connections 0.16, rest 0.01)
node23D400685:1239:2614 [0] NCCL INFO ncclCommInitRankConfig comm 0x662b9fc0 rank 12 nranks 32 cudaDev 0 nvmlDev 0 busId 801000 commId 0xd804d16d8b39a0c9 - Init COMPLETE
node23D400685:1239:2614 [0] NCCL INFO Init timings - ncclCommInitRankConfig: rank 12 nranks 32 total 2.42 (kernels 0.00, alloc 0.00, bootstrap 0.86, allgathers 0.06, topo 1.32, graphs 0.02, connections 0.16, rest 0.01)
node23D400685:1242:2611 [3] NCCL INFO ncclCommInitRankConfig comm 0x63a64980 rank 15 nranks 32 cudaDev 3 nvmlDev 3 busId 1901000 commId 0xd804d16d8b39a0c9 - Init COMPLETE
node23D400685:1242:2611 [3] NCCL INFO Init timings - ncclCommInitRankConfig: rank 15 nranks 32 total 2.42 (kernels 0.00, alloc 0.00, bootstrap 0.86, allgathers 0.10, topo 1.28, graphs 0.02, connections 0.15, rest 0.02)
node23D400685:1241:2612 [2] NCCL INFO ncclCommInitRankConfig comm 0x66b9ce70 rank 14 nranks 32 cudaDev 2 nvmlDev 2 busId 1801000 commId 0xd804d16d8b39a0c9 - Init COMPLETE
