node23D400688:1240:2097 [1] NCCL INFO [Proxy Service UDS] Device 1 CPU core 51
node23D400688:1240:2095 [1] NCCL INFO [Proxy Service] Device 1 CPU core 50
node23D400688:1242:2099 [3] NCCL INFO [Proxy Service UDS] Device 3 CPU core 110
node23D400688:1241:2100 [2] NCCL INFO [Proxy Service] Device 2 CPU core 135
node23D400688:1242:2096 [3] NCCL INFO [Proxy Service] Device 3 CPU core 109
node23D400688:1239:2101 [0] NCCL INFO [Proxy Service UDS] Device 0 CPU core 66
node23D400688:1241:2102 [2] NCCL INFO [Proxy Service UDS] Device 2 CPU core 136
node23D400688:1241:2092 [2] NCCL INFO threadThresholds 8/8/64 | 64/8/64 | 512 | 512
node23D400688:1241:2092 [2] NCCL INFO 32 coll channels, 32 collnet channels, 0 nvls channels, 32 p2p channels, 32 p2p channels per peer
node23D400688:1242:2093 [3] NCCL INFO threadThresholds 8/8/64 | 64/8/64 | 512 | 512
node23D400688:1242:2093 [3] NCCL INFO 32 coll channels, 32 collnet channels, 0 nvls channels, 32 p2p channels, 32 p2p channels per peer
node23D400688:1239:2091 [0] NCCL INFO threadThresholds 8/8/64 | 64/8/64 | 512 | 512
node23D400688:1239:2091 [0] NCCL INFO 32 coll channels, 32 collnet channels, 0 nvls channels, 32 p2p channels, 32 p2p channels per peer
node23D400688:1239:2091 [0] NCCL INFO CC Off, workFifoBytes 1048576
node23D400688:1240:2094 [1] NCCL INFO threadThresholds 8/8/64 | 64/8/64 | 512 | 512
node23D400688:1240:2094 [1] NCCL INFO 32 coll channels, 32 collnet channels, 0 nvls channels, 32 p2p channels, 32 p2p channels per peer
node23D400688:1240:2094 [1] NCCL INFO ncclCommInitRankConfig comm 0x42437790 rank 1 nranks 8 cudaDev 1 nvmlDev 1 busId 901000 commId 0x8d533d18a1f8c741 - Init COMPLETE
node23D400688:1239:2091 [0] NCCL INFO ncclCommInitRankConfig comm 0x46156c30 rank 0 nranks 8 cudaDev 0 nvmlDev 0 busId 801000 commId 0x8d533d18a1f8c741 - Init COMPLETE
node23D400688:1240:2094 [1] NCCL INFO Init timings - ncclCommInitRankConfig: rank 1 nranks 8 total 1.02 (kernels 0.00, alloc 0.00, bootstrap 0.00, allgathers 0.02, topo 0.83, graphs 0.00, connections 0.16, rest 0.01)
node23D400688:1241:2092 [2] NCCL INFO ncclCommInitRankConfig comm 0x4f6c4380 rank 2 nranks 8 cudaDev 2 nvmlDev 2 busId 1801000 commId 0x8d533d18a1f8c741 - Init COMPLETE
node23D400688:1239:2091 [0] NCCL INFO Init timings - ncclCommInitRankConfig: rank 0 nranks 8 total 1.02 (kernels 0.00, alloc 0.00, bootstrap 0.00, allgathers 0.00, topo 0.85, graphs 0.00, connections 0.15, rest 0.01)
node23D400688:1241:2092 [2] NCCL INFO Init timings - ncclCommInitRankConfig: rank 2 nranks 8 total 1.02 (kernels 0.00, alloc 0.00, bootstrap 0.00, allgathers 0.02, topo 0.83, graphs 0.01, connections 0.15, rest 0.01)
node23D400688:1242:2093 [3] NCCL INFO ncclCommInitRankConfig comm 0x634d8990 rank 3 nranks 8 cudaDev 3 nvmlDev 3 busId 1901000 commId 0x8d533d18a1f8c741 - Init COMPLETE
node23D400688:1242:2093 [3] NCCL INFO Init timings - ncclCommInitRankConfig: rank 3 nranks 8 total 1.02 (kernels 0.00, alloc 0.00, bootstrap 0.00, allgathers 0.05, topo 0.81, graphs 0.00, connections 0.15, rest 0.01)
node23D400688:1240:2103 [1] NCCL INFO Channel 00/0 : 1[1] -> 2[2] via P2P/MNNVL
node23D400688:1241:2106 [2] NCCL INFO Channel 00/0 : 2[2] -> 3[3] via P2P/MNNVL
node23D400688:1240:2103 [1] NCCL INFO Channel 01/0 : 1[1] -> 2[2] via P2P/MNNVL
node23D400688:1240:2103 [1] NCCL INFO Channel 02/0 : 1[1] -> 2[2] via P2P/MNNVL
node23D400688:1239:2104 [0] NCCL INFO Channel 00/0 : 0[0] -> 1[1] via P2P/MNNVL
node23D400688:1240:2103 [1] NCCL INFO Channel 03/0 : 1[1] -> 2[2] via P2P/MNNVL
node23D400688:1241:2106 [2] NCCL INFO Channel 01/0 : 2[2] -> 3[3] via P2P/MNNVL
node23D400688:1239:2104 [0] NCCL INFO Channel 01/0 : 0[0] -> 1[1] via P2P/MNNVL
node23D400688:1240:2103 [1] NCCL INFO Channel 04/0 : 1[1] -> 2[2] via P2P/MNNVL
node23D400688:1242:2105 [3] NCCL INFO Channel 00/0 : 3[3] -> 4[0] via P2P/MNNVL
node23D400688:1241:2106 [2] NCCL INFO Channel 02/0 : 2[2] -> 3[3] via P2P/MNNVL
node23D400688:1239:2104 [0] NCCL INFO Channel 02/0 : 0[0] -> 1[1] via P2P/MNNVL
node23D400688:1242:2105 [3] NCCL INFO Channel 01/0 : 3[3] -> 4[0] via P2P/MNNVL
node23D400688:1240:2103 [1] NCCL INFO Channel 05/0 : 1[1] -> 2[2] via P2P/MNNVL
node23D400688:1241:2106 [2] NCCL INFO Channel 03/0 : 2[2] -> 3[3] via P2P/MNNVL
node23D400688:1239:2104 [0] NCCL INFO Channel 03/0 : 0[0] -> 1[1] via P2P/MNNVL
node23D400688:1240:2103 [1] NCCL INFO Channel 06/0 : 1[1] -> 2[2] via P2P/MNNVL
node23D400688:1242:2105 [3] NCCL INFO Channel 02/0 : 3[3] -> 4[0] via P2P/MNNVL
node23D400688:1241:2106 [2] NCCL INFO Channel 04/0 : 2[2] -> 3[3] via P2P/MNNVL
node23D400688:1239:2104 [0] NCCL INFO Channel 04/0 : 0[0] -> 1[1] via P2P/MNNVL
node23D400688:1242:2105 [3] NCCL INFO Channel 03/0 : 3[3] -> 4[0] via P2P/MNNVL
node23D400688:1240:2103 [1] NCCL INFO Channel 07/0 : 1[1] -> 2[2] via P2P/MNNVL
node23D400688:1239:2104 [0] NCCL INFO Channel 05/0 : 0[0] -> 1[1] via P2P/MNNVL
node23D400688:1239:2104 [0] NCCL INFO Channel 06/0 : 0[0] -> 1[1] via P2P/MNNVL
node23D400688:1240:2103 [1] NCCL INFO Channel 08/0 : 1[1] -> 2[2] via P2P/MNNVL
node23D400688:1241:2106 [2] NCCL INFO Channel 05/0 : 2[2] -> 3[3] via P2P/MNNVL
node23D400688:1242:2105 [3] NCCL INFO Channel 04/0 : 3[3] -> 4[0] via P2P/MNNVL
node23D400688:1240:2103 [1] NCCL INFO Channel 09/0 : 1[1] -> 2[2] via P2P/MNNVL
node23D400688:1239:2104 [0] NCCL INFO Channel 07/0 : 0[0] -> 1[1] via P2P/MNNVL
node23D400688:1242:2105 [3] NCCL INFO Channel 05/0 : 3[3] -> 4[0] via P2P/MNNVL
node23D400688:1241:2106 [2] NCCL INFO Channel 06/0 : 2[2] -> 3[3] via P2P/MNNVL
node23D400688:1240:2103 [1] NCCL INFO Channel 10/0 : 1[1] -> 2[2] via P2P/MNNVL
node23D400688:1240:2103 [1] NCCL INFO Channel 11/0 : 1[1] -> 2[2] via P2P/MNNVL
node23D400688:1239:2104 [0] NCCL INFO Channel 08/0 : 0[0] -> 1[1] via P2P/MNNVL
node23D400688:1241:2106 [2] NCCL INFO Channel 07/0 : 2[2] -> 3[3] via P2P/MNNVL
node23D400688:1242:2105 [3] NCCL INFO Channel 06/0 : 3[3] -> 4[0] via P2P/MNNVL
node23D400688:1240:2103 [1] NCCL INFO Channel 12/0 : 1[1] -> 2[2] via P2P/MNNVL
node23D400688:1239:2104 [0] NCCL INFO Channel 09/0 : 0[0] -> 1[1] via P2P/MNNVL
node23D400688:1241:2106 [2] NCCL INFO Channel 08/0 : 2[2] -> 3[3] via P2P/MNNVL
node23D400688:1242:2105 [3] NCCL INFO Channel 07/0 : 3[3] -> 4[0] via P2P/MNNVL
node23D400688:1241:2106 [2] NCCL INFO Channel 09/0 : 2[2] -> 3[3] via P2P/MNNVL
node23D400688:1239:2104 [0] NCCL INFO Channel 10/0 : 0[0] -> 1[1] via P2P/MNNVL
node23D400688:1240:2103 [1] NCCL INFO Channel 13/0 : 1[1] -> 2[2] via P2P/MNNVL
node23D400688:1242:2105 [3] NCCL INFO Channel 08/0 : 3[3] -> 4[0] via P2P/MNNVL
node23D400688:1241:2106 [2] NCCL INFO Channel 10/0 : 2[2] -> 3[3] via P2P/MNNVL
node23D400688:1242:2105 [3] NCCL INFO Channel 09/0 : 3[3] -> 4[0] via P2P/MNNVL
node23D400688:1240:2103 [1] NCCL INFO Channel 14/0 : 1[1] -> 2[2] via P2P/MNNVL
node23D400688:1239:2104 [0] NCCL INFO Channel 11/0 : 0[0] -> 1[1] via P2P/MNNVL
node23D400688:1242:2105 [3] NCCL INFO Channel 10/0 : 3[3] -> 4[0] via P2P/MNNVL
node23D400688:1241:2106 [2] NCCL INFO Channel 11/0 : 2[2] -> 3[3] via P2P/MNNVL
node23D400688:1242:2105 [3] NCCL INFO Channel 11/0 : 3[3] -> 4[0] via P2P/MNNVL
node23D400688:1241:2106 [2] NCCL INFO Channel 12/0 : 2[2] -> 3[3] via P2P/MNNVL
node23D400688:1240:2103 [1] NCCL INFO Channel 15/0 : 1[1] -> 2[2] via P2P/MNNVL
node23D400688:1241:2106 [2] NCCL INFO Channel 13/0 : 2[2] -> 3[3] via P2P/MNNVL
node23D400688:1239:2104 [0] NCCL INFO Channel 12/0 : 0[0] -> 1[1] via P2P/MNNVL
node23D400688:1242:2105 [3] NCCL INFO Channel 12/0 : 3[3] -> 4[0] via P2P/MNNVL
node23D400688:1241:2106 [2] NCCL INFO Channel 14/0 : 2[2] -> 3[3] via P2P/MNNVL
node23D400688:1239:2104 [0] NCCL INFO Channel 13/0 : 0[0] -> 1[1] via P2P/MNNVL
node23D400688:1242:2105 [3] NCCL INFO Channel 13/0 : 3[3] -> 4[0] via P2P/MNNVL
node23D400688:1240:2103 [1] NCCL INFO Channel 16/0 : 1[1] -> 2[2] via P2P/MNNVL
node23D400688:1242:2105 [3] NCCL INFO Channel 14/0 : 3[3] -> 4[0] via P2P/MNNVL
node23D400688:1240:2103 [1] NCCL INFO Channel 17/0 : 1[1] -> 2[2] via P2P/MNNVL
node23D400688:1239:2104 [0] NCCL INFO Channel 14/0 : 0[0] -> 1[1] via P2P/MNNVL
node23D400688:1241:2106 [2] NCCL INFO Channel 15/0 : 2[2] -> 3[3] via P2P/MNNVL
node23D400688:1242:2105 [3] NCCL INFO Channel 15/0 : 3[3] -> 4[0] via P2P/MNNVL
node23D400688:1239:2104 [0] NCCL INFO Channel 15/0 : 0[0] -> 1[1] via P2P/MNNVL
node23D400688:1241:2106 [2] NCCL INFO Channel 16/0 : 2[2] -> 3[3] via P2P/MNNVL
node23D400688:1240:2103 [1] NCCL INFO Channel 18/0 : 1[1] -> 2[2] via P2P/MNNVL
node23D400688:1242:2105 [3] NCCL INFO Channel 16/0 : 3[3] -> 4[0] via P2P/MNNVL
node23D400688:1240:2103 [1] NCCL INFO Channel 19/0 : 1[1] -> 2[2] via P2P/MNNVL
node23D400688:1242:2105 [3] NCCL INFO Channel 17/0 : 3[3] -> 4[0] via P2P/MNNVL
node23D400688:1241:2106 [2] NCCL INFO Channel 17/0 : 2[2] -> 3[3] via P2P/MNNVL
node23D400688:1239:2104 [0] NCCL INFO Channel 16/0 : 0[0] -> 1[1] via P2P/MNNVL
node23D400688:1240:2103 [1] NCCL INFO Channel 20/0 : 1[1] -> 2[2] via P2P/MNNVL
node23D400688:1242:2105 [3] NCCL INFO Channel 18/0 : 3[3] -> 4[0] via P2P/MNNVL
node23D400688:1241:2106 [2] NCCL INFO Channel 18/0 : 2[2] -> 3[3] via P2P/MNNVL
node23D400688:1239:2104 [0] NCCL INFO Channel 17/0 : 0[0] -> 1[1] via P2P/MNNVL
node23D400688:1241:2106 [2] NCCL INFO Channel 19/0 : 2[2] -> 3[3] via P2P/MNNVL
node23D400688:1240:2103 [1] NCCL INFO Channel 21/0 : 1[1] -> 2[2] via P2P/MNNVL
node23D400688:1242:2105 [3] NCCL INFO Channel 19/0 : 3[3] -> 4[0] via P2P/MNNVL
node23D400688:1239:2104 [0] NCCL INFO Channel 18/0 : 0[0] -> 1[1] via P2P/MNNVL
node23D400688:1241:2106 [2] NCCL INFO Channel 20/0 : 2[2] -> 3[3] via P2P/MNNVL
node23D400688:1240:2103 [1] NCCL INFO Channel 22/0 : 1[1] -> 2[2] via P2P/MNNVL
node23D400688:1239:2104 [0] NCCL INFO Channel 19/0 : 0[0] -> 1[1] via P2P/MNNVL
node23D400688:1242:2105 [3] NCCL INFO Channel 20/0 : 3[3] -> 4[0] via P2P/MNNVL
node23D400688:1241:2106 [2] NCCL INFO Channel 21/0 : 2[2] -> 3[3] via P2P/MNNVL
node23D400688:1239:2104 [0] NCCL INFO Channel 20/0 : 0[0] -> 1[1] via P2P/MNNVL
node23D400688:1240:2103 [1] NCCL INFO Channel 23/0 : 1[1] -> 2[2] via P2P/MNNVL
node23D400688:1240:2103 [1] NCCL INFO Channel 24/0 : 1[1] -> 2[2] via P2P/MNNVL
node23D400688:1239:2104 [0] NCCL INFO Channel 21/0 : 0[0] -> 1[1] via P2P/MNNVL
node23D400688:1242:2105 [3] NCCL INFO Channel 21/0 : 3[3] -> 4[0] via P2P/MNNVL
node23D400688:1241:2106 [2] NCCL INFO Channel 22/0 : 2[2] -> 3[3] via P2P/MNNVL
node23D400688:1240:2103 [1] NCCL INFO Channel 25/0 : 1[1] -> 2[2] via P2P/MNNVL
node23D400688:1239:2104 [0] NCCL INFO Channel 22/0 : 0[0] -> 1[1] via P2P/MNNVL
node23D400688:1241:2106 [2] NCCL INFO Channel 23/0 : 2[2] -> 3[3] via P2P/MNNVL
node23D400688:1242:2105 [3] NCCL INFO Channel 22/0 : 3[3] -> 4[0] via P2P/MNNVL
node23D400688:1240:2103 [1] NCCL INFO Channel 26/0 : 1[1] -> 2[2] via P2P/MNNVL
node23D400688:1239:2104 [0] NCCL INFO Channel 23/0 : 0[0] -> 1[1] via P2P/MNNVL
node23D400688:1242:2105 [3] NCCL INFO Channel 23/0 : 3[3] -> 4[0] via P2P/MNNVL
node23D400688:1239:2104 [0] NCCL INFO Channel 24/0 : 0[0] -> 1[1] via P2P/MNNVL
node23D400688:1241:2106 [2] NCCL INFO Channel 24/0 : 2[2] -> 3[3] via P2P/MNNVL
node23D400688:1240:2103 [1] NCCL INFO Channel 27/0 : 1[1] -> 2[2] via P2P/MNNVL
node23D400688:1242:2105 [3] NCCL INFO Channel 24/0 : 3[3] -> 4[0] via P2P/MNNVL
node23D400688:1240:2103 [1] NCCL INFO Channel 28/0 : 1[1] -> 2[2] via P2P/MNNVL
node23D400688:1239:2104 [0] NCCL INFO Channel 25/0 : 0[0] -> 1[1] via P2P/MNNVL
node23D400688:1239:2104 [0] NCCL INFO Channel 26/0 : 0[0] -> 1[1] via P2P/MNNVL
node23D400688:1241:2106 [2] NCCL INFO Channel 25/0 : 2[2] -> 3[3] via P2P/MNNVL
node23D400688:1240:2103 [1] NCCL INFO Channel 29/0 : 1[1] -> 2[2] via P2P/MNNVL
node23D400688:1242:2105 [3] NCCL INFO Channel 25/0 : 3[3] -> 4[0] via P2P/MNNVL
node23D400688:1241:2106 [2] NCCL INFO Channel 26/0 : 2[2] -> 3[3] via P2P/MNNVL
node23D400688:1239:2104 [0] NCCL INFO Channel 27/0 : 0[0] -> 1[1] via P2P/MNNVL
node23D400688:1240:2103 [1] NCCL INFO Channel 30/0 : 1[1] -> 2[2] via P2P/MNNVL
node23D400688:1240:2103 [1] NCCL INFO Channel 31/0 : 1[1] -> 2[2] via P2P/MNNVL
node23D400688:1239:2104 [0] NCCL INFO Channel 28/0 : 0[0] -> 1[1] via P2P/MNNVL
node23D400688:1242:2105 [3] NCCL INFO Channel 26/0 : 3[3] -> 4[0] via P2P/MNNVL
node23D400688:1241:2106 [2] NCCL INFO Channel 27/0 : 2[2] -> 3[3] via P2P/MNNVL
node23D400688:1241:2106 [2] NCCL INFO Channel 28/0 : 2[2] -> 3[3] via P2P/MNNVL
node23D400688:1242:2105 [3] NCCL INFO Channel 27/0 : 3[3] -> 4[0] via P2P/MNNVL
node23D400688:1239:2104 [0] NCCL INFO Channel 29/0 : 0[0] -> 1[1] via P2P/MNNVL
node23D400688:1241:2106 [2] NCCL INFO Channel 29/0 : 2[2] -> 3[3] via P2P/MNNVL
node23D400688:1242:2105 [3] NCCL INFO Channel 28/0 : 3[3] -> 4[0] via P2P/MNNVL
node23D400688:1239:2104 [0] NCCL INFO Channel 30/0 : 0[0] -> 1[1] via P2P/MNNVL
node23D400688:1239:2104 [0] NCCL INFO Channel 31/0 : 0[0] -> 1[1] via P2P/MNNVL
node23D400688:1241:2106 [2] NCCL INFO Channel 30/0 : 2[2] -> 3[3] via P2P/MNNVL
node23D400688:1242:2105 [3] NCCL INFO Channel 29/0 : 3[3] -> 4[0] via P2P/MNNVL
node23D400688:1242:2105 [3] NCCL INFO Channel 30/0 : 3[3] -> 4[0] via P2P/MNNVL
node23D400688:1241:2106 [2] NCCL INFO Channel 31/0 : 2[2] -> 3[3] via P2P/MNNVL
node23D400688:1242:2105 [3] NCCL INFO Channel 31/0 : 3[3] -> 4[0] via P2P/MNNVL
node23D400688:1242:2105 [3] NCCL INFO Connected all rings, use ring PXN 0 GDR 1
node23D400688:1241:2106 [2] NCCL INFO Connected all rings, use ring PXN 0 GDR 1
node23D400688:1240:2103 [1] NCCL INFO Connected all rings, use ring PXN 0 GDR 1
node23D400688:1239:2104 [0] NCCL INFO Connected all rings, use ring PXN 0 GDR 1
node23D400688:1241:1241 [2] NCCL INFO Comm config Blocking set to 1
node23D400688:1242:1242 [3] NCCL INFO Comm config Blocking set to 1
node23D400688:1240:1240 [1] NCCL INFO Comm config Blocking set to 1
node23D400688:1239:1239 [0] NCCL INFO Comm config Blocking set to 1
node23D400688:1240:2109 [1] NCCL INFO Assigned NET plugin Socket to comm
node23D400688:1242:2108 [3] NCCL INFO Assigned NET plugin Socket to comm
node23D400688:1240:2109 [1] NCCL INFO Using network Socket
node23D400688:1241:2107 [2] NCCL INFO Assigned NET plugin Socket to comm
node23D400688:1242:2108 [3] NCCL INFO Using network Socket
node23D400688:1241:2107 [2] NCCL INFO Using network Socket
node23D400688:1239:2110 [0] NCCL INFO Assigned NET plugin Socket to comm
node23D400688:1239:2110 [0] NCCL INFO Using network Socket
node23D400688:1240:2109 [1] NCCL INFO ncclCommInitRankConfig comm 0x44bb2c50 rank 1 nranks 2 cudaDev 1 nvmlDev 1 busId 901000 commId 0xd5b739e5cf24ba99 - Init START
node23D400688:1242:2108 [3] NCCL INFO ncclCommInitRankConfig comm 0x65c53790 rank 1 nranks 2 cudaDev 3 nvmlDev 3 busId 1901000 commId 0xbc21a9ae8e91bf69 - Init START
node23D400688:1241:2107 [2] NCCL INFO ncclCommInitRankConfig comm 0x51e3f8f0 rank 1 nranks 2 cudaDev 2 nvmlDev 2 busId 1801000 commId 0xfc595985277d5b9 - Init START
node23D400688:1239:2110 [0] NCCL INFO ncclCommInitRankConfig comm 0x488d2270 rank 1 nranks 2 cudaDev 0 nvmlDev 0 busId 801000 commId 0x6410ce5e35cd6d23 - Init START
node23D400688:1242:2108 [3] NCCL INFO Bootstrap timings total 0.000900 (create 0.000032, send 0.000115, recv 0.000325, ring 0.000158, delay 0.000000)
node23D400688:1241:2107 [2] NCCL INFO Bootstrap timings total 0.000994 (create 0.000029, send 0.000136, recv 0.000372, ring 0.000239, delay 0.000000)
node23D400688:1240:2109 [1] NCCL INFO Bootstrap timings total 0.001032 (create 0.000035, send 0.000121, recv 0.000394, ring 0.000223, delay 0.000000)
node23D400688:1239:2110 [0] NCCL INFO Bootstrap timings total 0.001013 (create 0.000024, send 0.000113, recv 0.000438, ring 0.000231, delay 0.000000)
node23D400688:1242:2108 [3] NCCL INFO MNNVL busId 0x1901000 fabric UUID aa48724aeeaad6a8.b34b901796a1c18d cliqueId 0x7ffe state 3 healthMask 0xaa
node23D400688:1240:2109 [1] NCCL INFO MNNVL busId 0x901000 fabric UUID aa48724aeeaad6a8.b34b901796a1c18d cliqueId 0x7ffe state 3 healthMask 0xaa
node23D400688:1241:2107 [2] NCCL INFO MNNVL busId 0x1801000 fabric UUID aa48724aeeaad6a8.b34b901796a1c18d cliqueId 0x7ffe state 3 healthMask 0xaa
node23D400688:1239:2110 [0] NCCL INFO MNNVL busId 0x801000 fabric UUID aa48724aeeaad6a8.b34b901796a1c18d cliqueId 0x7ffe state 3 healthMask 0xaa
node23D400688:1240:2109 [1] NCCL INFO MNNVL 1 cliqueId 7ffe cliqueSize 2 cliqueRank 1
node23D400688:1241:2107 [2] NCCL INFO MNNVL 1 cliqueId 7ffe cliqueSize 2 cliqueRank 1
node23D400688:1242:2108 [3] NCCL INFO MNNVL 1 cliqueId 7ffe cliqueSize 2 cliqueRank 1
node23D400688:1239:2110 [0] NCCL INFO MNNVL 1 cliqueId 7ffe cliqueSize 2 cliqueRank 1
node23D400688:1241:2107 [2] NCCL INFO Setting affinity for GPU 2 to 72-143
node23D400688:1241:2107 [2] NCCL INFO comm 0x51e3f8f0 rank 1 nRanks 2 nNodes 1 localRanks 2 localRank 1 MNNVL 1
node23D400688:1241:2107 [2] NCCL INFO Trees [0] -1/-1/-1->1->0 [1] -1/-1/-1->1->0 [2] -1/-1/-1->1->0 [3] -1/-1/-1->1->0 [4] -1/-1/-1->1->0 [5] -1/-1/-1->1->0 [6] -1/-1/-1->1->0 [7] -1/-1/-1->1->0 [8] 0/-1/-1->1->-1 [9] 0/-1/-1->1->-1 [10] 0/-1/-1->1->-1 [11] 0/-1/-1->1->-1 [12] 0/-1/-1->1->-1 [13] 0/-1/-1->1->-1 [14] 0/-1/-1->1->-1 [15] 0/-1/-1->1->-1 [16] -1/-1/-1->1->0 [17] -1/-1/-1->1->0 [18] -1/-1/-1->1->0 [19] -1/-1/-1->1->0 [20] -1/-1/-1->1->0 [21] -1/-1/-1->1->0 [22] -1/-1/-1->1->0 [23] -1/-1/-1->1->0 [24] 0/-1/-1->1->-1 [25] 0/-1/-1->1->-1 [26] 0/-1/-1->1->-1 [27] 0/-1/-1->1->-1 [28] 0/-1/-1->1->-1 [29] 0/-1/-1->1->-1 [30] 0/-1/-1->1->-1 [31] 0/-1/-1->1->-1
node23D400688:1241:2107 [2] NCCL INFO P2P Chunksize set to 524288
node23D400688:1241:2111 [2] NCCL INFO [Proxy Service] Device 2 CPU core 75
node23D400688:1241:2112 [2] NCCL INFO [Proxy Service UDS] Device 2 CPU core 76
node23D400688:1240:2109 [1] NCCL INFO Setting affinity for GPU 1 to 0-71
node23D400688:1240:2109 [1] NCCL INFO comm 0x44bb2c50 rank 1 nRanks 2 nNodes 1 localRanks 2 localRank 1 MNNVL 1
node23D400688:1240:2109 [1] NCCL INFO Trees [0] -1/-1/-1->1->0 [1] -1/-1/-1->1->0 [2] -1/-1/-1->1->0 [3] -1/-1/-1->1->0 [4] -1/-1/-1->1->0 [5] -1/-1/-1->1->0 [6] -1/-1/-1->1->0 [7] -1/-1/-1->1->0 [8] 0/-1/-1->1->-1 [9] 0/-1/-1->1->-1 [10] 0/-1/-1->1->-1 [11] 0/-1/-1->1->-1 [12] 0/-1/-1->1->-1 [13] 0/-1/-1->1->-1 [14] 0/-1/-1->1->-1 [15] 0/-1/-1->1->-1 [16] -1/-1/-1->1->0 [17] -1/-1/-1->1->0 [18] -1/-1/-1->1->0 [19] -1/-1/-1->1->0 [20] -1/-1/-1->1->0 [21] -1/-1/-1->1->0 [22] -1/-1/-1->1->0 [23] -1/-1/-1->1->0 [24] 0/-1/-1->1->-1 [25] 0/-1/-1->1->-1 [26] 0/-1/-1->1->-1 [27] 0/-1/-1->1->-1 [28] 0/-1/-1->1->-1 [29] 0/-1/-1->1->-1 [30] 0/-1/-1->1->-1 [31] 0/-1/-1->1->-1
node23D400688:1240:2109 [1] NCCL INFO P2P Chunksize set to 524288
node23D400688:1240:2114 [1] NCCL INFO [Proxy Service UDS] Device 1 CPU core 65
node23D400688:1240:2113 [1] NCCL INFO [Proxy Service] Device 1 CPU core 64
node23D400688:1241:2107 [2] NCCL INFO threadThresholds 8/8/64 | 16/8/64 | 512 | 512
node23D400688:1241:2107 [2] NCCL INFO 32 coll channels, 32 collnet channels, 0 nvls channels, 32 p2p channels, 32 p2p channels per peer
node23D400688:1242:2108 [3] NCCL INFO Setting affinity for GPU 3 to 72-143
node23D400688:1242:2108 [3] NCCL INFO comm 0x65c53790 rank 1 nRanks 2 nNodes 1 localRanks 2 localRank 1 MNNVL 1
node23D400688:1242:2108 [3] NCCL INFO Trees [0] -1/-1/-1->1->0 [1] -1/-1/-1->1->0 [2] -1/-1/-1->1->0 [3] -1/-1/-1->1->0 [4] -1/-1/-1->1->0 [5] -1/-1/-1->1->0 [6] -1/-1/-1->1->0 [7] -1/-1/-1->1->0 [8] 0/-1/-1->1->-1 [9] 0/-1/-1->1->-1 [10] 0/-1/-1->1->-1 [11] 0/-1/-1->1->-1 [12] 0/-1/-1->1->-1 [13] 0/-1/-1->1->-1 [14] 0/-1/-1->1->-1 [15] 0/-1/-1->1->-1 [16] -1/-1/-1->1->0 [17] -1/-1/-1->1->0 [18] -1/-1/-1->1->0 [19] -1/-1/-1->1->0 [20] -1/-1/-1->1->0 [21] -1/-1/-1->1->0 [22] -1/-1/-1->1->0 [23] -1/-1/-1->1->0 [24] 0/-1/-1->1->-1 [25] 0/-1/-1->1->-1 [26] 0/-1/-1->1->-1 [27] 0/-1/-1->1->-1 [28] 0/-1/-1->1->-1 [29] 0/-1/-1->1->-1 [30] 0/-1/-1->1->-1 [31] 0/-1/-1->1->-1
node23D400688:1242:2108 [3] NCCL INFO P2P Chunksize set to 524288
node23D400688:1242:2115 [3] NCCL INFO [Proxy Service] Device 3 CPU core 109
node23D400688:1242:2116 [3] NCCL INFO [Proxy Service UDS] Device 3 CPU core 110
node23D400688:1240:2109 [1] NCCL INFO threadThresholds 8/8/64 | 16/8/64 | 512 | 512
node23D400688:1240:2109 [1] NCCL INFO 32 coll channels, 32 collnet channels, 0 nvls channels, 32 p2p channels, 32 p2p channels per peer
node23D400688:1239:2110 [0] NCCL INFO Setting affinity for GPU 0 to 0-71
node23D400688:1239:2110 [0] NCCL INFO comm 0x488d2270 rank 1 nRanks 2 nNodes 1 localRanks 2 localRank 1 MNNVL 1
node23D400688:1239:2110 [0] NCCL INFO Trees [0] -1/-1/-1->1->0 [1] -1/-1/-1->1->0 [2] -1/-1/-1->1->0 [3] -1/-1/-1->1->0 [4] -1/-1/-1->1->0 [5] -1/-1/-1->1->0 [6] -1/-1/-1->1->0 [7] -1/-1/-1->1->0 [8] 0/-1/-1->1->-1 [9] 0/-1/-1->1->-1 [10] 0/-1/-1->1->-1 [11] 0/-1/-1->1->-1 [12] 0/-1/-1->1->-1 [13] 0/-1/-1->1->-1 [14] 0/-1/-1->1->-1 [15] 0/-1/-1->1->-1 [16] -1/-1/-1->1->0 [17] -1/-1/-1->1->0 [18] -1/-1/-1->1->0 [19] -1/-1/-1->1->0 [20] -1/-1/-1->1->0 [21] -1/-1/-1->1->0 [22] -1/-1/-1->1->0 [23] -1/-1/-1->1->0 [24] 0/-1/-1->1->-1 [25] 0/-1/-1->1->-1 [26] 0/-1/-1->1->-1 [27] 0/-1/-1->1->-1 [28] 0/-1/-1->1->-1 [29] 0/-1/-1->1->-1 [30] 0/-1/-1->1->-1 [31] 0/-1/-1->1->-1
node23D400688:1239:2110 [0] NCCL INFO P2P Chunksize set to 524288
node23D400688:1239:2117 [0] NCCL INFO [Proxy Service] Device 0 CPU core 69
node23D400688:1239:2118 [0] NCCL INFO [Proxy Service UDS] Device 0 CPU core 0
node23D400688:1242:2108 [3] NCCL INFO threadThresholds 8/8/64 | 16/8/64 | 512 | 512
node23D400688:1242:2108 [3] NCCL INFO 32 coll channels, 32 collnet channels, 0 nvls channels, 32 p2p channels, 32 p2p channels per peer
node23D400688:1239:2110 [0] NCCL INFO threadThresholds 8/8/64 | 16/8/64 | 512 | 512
node23D400688:1239:2110 [0] NCCL INFO 32 coll channels, 32 collnet channels, 0 nvls channels, 32 p2p channels, 32 p2p channels per peer
node23D400688:1241:2107 [2] NCCL INFO ncclCommInitRankConfig comm 0x51e3f8f0 rank 1 nranks 2 cudaDev 2 nvmlDev 2 busId 1801000 commId 0xfc595985277d5b9 - Init COMPLETE
node23D400688:1241:2107 [2] NCCL INFO Init timings - ncclCommInitRankConfig: rank 1 nranks 2 total 0.77 (kernels 0.00, alloc 0.00, bootstrap 0.00, allgathers 0.01, topo 0.56, graphs 0.00, connections 0.09, rest 0.11)
node23D400688:1240:2109 [1] NCCL INFO ncclCommInitRankConfig comm 0x44bb2c50 rank 1 nranks 2 cudaDev 1 nvmlDev 1 busId 901000 commId 0xd5b739e5cf24ba99 - Init COMPLETE
node23D400688:1240:2109 [1] NCCL INFO Init timings - ncclCommInitRankConfig: rank 1 nranks 2 total 0.79 (kernels 0.00, alloc 0.00, bootstrap 0.00, allgathers 0.01, topo 0.63, graphs 0.00, connections 0.06, rest 0.09)
node23D400688:1242:2108 [3] NCCL INFO ncclCommInitRankConfig comm 0x65c53790 rank 1 nranks 2 cudaDev 3 nvmlDev 3 busId 1901000 commId 0xbc21a9ae8e91bf69 - Init COMPLETE
node23D400688:1242:2108 [3] NCCL INFO Init timings - ncclCommInitRankConfig: rank 1 nranks 2 total 0.81 (kernels 0.00, alloc 0.00, bootstrap 0.00, allgathers 0.00, topo 0.67, graphs 0.00, connections 0.07, rest 0.07)
node23D400688:1239:2110 [0] NCCL INFO ncclCommInitRankConfig comm 0x488d2270 rank 1 nranks 2 cudaDev 0 nvmlDev 0 busId 801000 commId 0x6410ce5e35cd6d23 - Init COMPLETE
node23D400688:1239:2110 [0] NCCL INFO Init timings - ncclCommInitRankConfig: rank 1 nranks 2 total 0.85 (kernels 0.00, alloc 0.00, bootstrap 0.00, allgathers 0.01, topo 0.69, graphs 0.00, connections 0.05, rest 0.09)
node23D400688:1241:2123 [2] NCCL INFO Channel 00/1 : 1[2] -> 0[2] via P2P/MNNVL
node23D400688:1241:2123 [2] NCCL INFO Channel 01/1 : 1[2] -> 0[2] via P2P/MNNVL
node23D400688:1241:2123 [2] NCCL INFO Channel 02/1 : 1[2] -> 0[2] via P2P/MNNVL
node23D400688:1241:2123 [2] NCCL INFO Channel 03/1 : 1[2] -> 0[2] via P2P/MNNVL
node23D400688:1241:2123 [2] NCCL INFO Channel 04/1 : 1[2] -> 0[2] via P2P/MNNVL
node23D400688:1241:2123 [2] NCCL INFO Channel 05/1 : 1[2] -> 0[2] via P2P/MNNVL
node23D400688:1241:2123 [2] NCCL INFO Channel 06/1 : 1[2] -> 0[2] via P2P/MNNVL
node23D400688:1241:2123 [2] NCCL INFO Channel 07/1 : 1[2] -> 0[2] via P2P/MNNVL
node23D400688:1241:2123 [2] NCCL INFO Channel 08/1 : 1[2] -> 0[2] via P2P/MNNVL
node23D400688:1241:2123 [2] NCCL INFO Channel 09/1 : 1[2] -> 0[2] via P2P/MNNVL
node23D400688:1241:2123 [2] NCCL INFO Channel 10/1 : 1[2] -> 0[2] via P2P/MNNVL
node23D400688:1241:2123 [2] NCCL INFO Channel 11/1 : 1[2] -> 0[2] via P2P/MNNVL
node23D400688:1241:2123 [2] NCCL INFO Channel 12/1 : 1[2] -> 0[2] via P2P/MNNVL
node23D400688:1241:2123 [2] NCCL INFO Channel 13/1 : 1[2] -> 0[2] via P2P/MNNVL
node23D400688:1241:2123 [2] NCCL INFO Channel 14/1 : 1[2] -> 0[2] via P2P/MNNVL
node23D400688:1241:2123 [2] NCCL INFO Channel 15/1 : 1[2] -> 0[2] via P2P/MNNVL
node23D400688:1241:2123 [2] NCCL INFO Channel 16/1 : 1[2] -> 0[2] via P2P/MNNVL
node23D400688:1241:2123 [2] NCCL INFO Channel 17/1 : 1[2] -> 0[2] via P2P/MNNVL
node23D400688:1241:2123 [2] NCCL INFO Channel 18/1 : 1[2] -> 0[2] via P2P/MNNVL
node23D400688:1241:2123 [2] NCCL INFO Channel 19/1 : 1[2] -> 0[2] via P2P/MNNVL
node23D400688:1241:2123 [2] NCCL INFO Channel 20/1 : 1[2] -> 0[2] via P2P/MNNVL
node23D400688:1241:2123 [2] NCCL INFO Channel 21/1 : 1[2] -> 0[2] via P2P/MNNVL
node23D400688:1241:2123 [2] NCCL INFO Channel 22/1 : 1[2] -> 0[2] via P2P/MNNVL
node23D400688:1241:2123 [2] NCCL INFO Channel 23/1 : 1[2] -> 0[2] via P2P/MNNVL
node23D400688:1241:2123 [2] NCCL INFO Channel 24/1 : 1[2] -> 0[2] via P2P/MNNVL
node23D400688:1241:2123 [2] NCCL INFO Channel 25/1 : 1[2] -> 0[2] via P2P/MNNVL
node23D400688:1241:2123 [2] NCCL INFO Channel 26/1 : 1[2] -> 0[2] via P2P/MNNVL
node23D400688:1241:2123 [2] NCCL INFO Channel 27/1 : 1[2] -> 0[2] via P2P/MNNVL
node23D400688:1241:2123 [2] NCCL INFO Channel 28/1 : 1[2] -> 0[2] via P2P/MNNVL
node23D400688:1241:2123 [2] NCCL INFO Channel 29/1 : 1[2] -> 0[2] via P2P/MNNVL
node23D400688:1241:2123 [2] NCCL INFO Channel 30/1 : 1[2] -> 0[2] via P2P/MNNVL
node23D400688:1241:2123 [2] NCCL INFO Channel 31/1 : 1[2] -> 0[2] via P2P/MNNVL
node23D400688:1240:2124 [1] NCCL INFO Channel 00/1 : 1[1] -> 0[1] via P2P/MNNVL
node23D400688:1240:2124 [1] NCCL INFO Channel 01/1 : 1[1] -> 0[1] via P2P/MNNVL
node23D400688:1240:2124 [1] NCCL INFO Channel 02/1 : 1[1] -> 0[1] via P2P/MNNVL
node23D400688:1240:2124 [1] NCCL INFO Channel 03/1 : 1[1] -> 0[1] via P2P/MNNVL
node23D400688:1240:2124 [1] NCCL INFO Channel 04/1 : 1[1] -> 0[1] via P2P/MNNVL
node23D400688:1240:2124 [1] NCCL INFO Channel 05/1 : 1[1] -> 0[1] via P2P/MNNVL
node23D400688:1240:2124 [1] NCCL INFO Channel 06/1 : 1[1] -> 0[1] via P2P/MNNVL
node23D400688:1240:2124 [1] NCCL INFO Channel 07/1 : 1[1] -> 0[1] via P2P/MNNVL
node23D400688:1240:2124 [1] NCCL INFO Channel 08/1 : 1[1] -> 0[1] via P2P/MNNVL
node23D400688:1240:2124 [1] NCCL INFO Channel 09/1 : 1[1] -> 0[1] via P2P/MNNVL
node23D400688:1240:2124 [1] NCCL INFO Channel 10/1 : 1[1] -> 0[1] via P2P/MNNVL
node23D400688:1240:2124 [1] NCCL INFO Channel 11/1 : 1[1] -> 0[1] via P2P/MNNVL
node23D400688:1240:2124 [1] NCCL INFO Channel 12/1 : 1[1] -> 0[1] via P2P/MNNVL
node23D400688:1240:2124 [1] NCCL INFO Channel 13/1 : 1[1] -> 0[1] via P2P/MNNVL
node23D400688:1240:2124 [1] NCCL INFO Channel 14/1 : 1[1] -> 0[1] via P2P/MNNVL
node23D400688:1240:2124 [1] NCCL INFO Channel 15/1 : 1[1] -> 0[1] via P2P/MNNVL
node23D400688:1240:2124 [1] NCCL INFO Channel 16/1 : 1[1] -> 0[1] via P2P/MNNVL
node23D400688:1240:2124 [1] NCCL INFO Channel 17/1 : 1[1] -> 0[1] via P2P/MNNVL
node23D400688:1240:2124 [1] NCCL INFO Channel 18/1 : 1[1] -> 0[1] via P2P/MNNVL
node23D400688:1240:2124 [1] NCCL INFO Channel 19/1 : 1[1] -> 0[1] via P2P/MNNVL
node23D400688:1240:2124 [1] NCCL INFO Channel 20/1 : 1[1] -> 0[1] via P2P/MNNVL
node23D400688:1240:2124 [1] NCCL INFO Channel 21/1 : 1[1] -> 0[1] via P2P/MNNVL
node23D400688:1240:2124 [1] NCCL INFO Channel 22/1 : 1[1] -> 0[1] via P2P/MNNVL
node23D400688:1240:2124 [1] NCCL INFO Channel 23/1 : 1[1] -> 0[1] via P2P/MNNVL
node23D400688:1240:2124 [1] NCCL INFO Channel 24/1 : 1[1] -> 0[1] via P2P/MNNVL
node23D400688:1240:2124 [1] NCCL INFO Channel 25/1 : 1[1] -> 0[1] via P2P/MNNVL
node23D400688:1240:2124 [1] NCCL INFO Channel 26/1 : 1[1] -> 0[1] via P2P/MNNVL
node23D400688:1240:2124 [1] NCCL INFO Channel 27/1 : 1[1] -> 0[1] via P2P/MNNVL
node23D400688:1240:2124 [1] NCCL INFO Channel 28/1 : 1[1] -> 0[1] via P2P/MNNVL
node23D400688:1240:2124 [1] NCCL INFO Channel 29/1 : 1[1] -> 0[1] via P2P/MNNVL
node23D400688:1240:2124 [1] NCCL INFO Channel 30/1 : 1[1] -> 0[1] via P2P/MNNVL
node23D400688:1240:2124 [1] NCCL INFO Channel 31/1 : 1[1] -> 0[1] via P2P/MNNVL
node23D400688:1242:2125 [3] NCCL INFO Channel 00/1 : 1[3] -> 0[3] via P2P/MNNVL
node23D400688:1242:2125 [3] NCCL INFO Channel 01/1 : 1[3] -> 0[3] via P2P/MNNVL
node23D400688:1242:2125 [3] NCCL INFO Channel 02/1 : 1[3] -> 0[3] via P2P/MNNVL
node23D400688:1242:2125 [3] NCCL INFO Channel 03/1 : 1[3] -> 0[3] via P2P/MNNVL
node23D400688:1242:2125 [3] NCCL INFO Channel 04/1 : 1[3] -> 0[3] via P2P/MNNVL
node23D400688:1242:2125 [3] NCCL INFO Channel 05/1 : 1[3] -> 0[3] via P2P/MNNVL
node23D400688:1242:2125 [3] NCCL INFO Channel 06/1 : 1[3] -> 0[3] via P2P/MNNVL
node23D400688:1242:2125 [3] NCCL INFO Channel 07/1 : 1[3] -> 0[3] via P2P/MNNVL
node23D400688:1242:2125 [3] NCCL INFO Channel 08/1 : 1[3] -> 0[3] via P2P/MNNVL
node23D400688:1242:2125 [3] NCCL INFO Channel 09/1 : 1[3] -> 0[3] via P2P/MNNVL
node23D400688:1242:2125 [3] NCCL INFO Channel 10/1 : 1[3] -> 0[3] via P2P/MNNVL
node23D400688:1242:2125 [3] NCCL INFO Channel 11/1 : 1[3] -> 0[3] via P2P/MNNVL
node23D400688:1242:2125 [3] NCCL INFO Channel 12/1 : 1[3] -> 0[3] via P2P/MNNVL
node23D400688:1242:2125 [3] NCCL INFO Channel 13/1 : 1[3] -> 0[3] via P2P/MNNVL
node23D400688:1242:2125 [3] NCCL INFO Channel 14/1 : 1[3] -> 0[3] via P2P/MNNVL
node23D400688:1242:2125 [3] NCCL INFO Channel 15/1 : 1[3] -> 0[3] via P2P/MNNVL
node23D400688:1242:2125 [3] NCCL INFO Channel 16/1 : 1[3] -> 0[3] via P2P/MNNVL
node23D400688:1242:2125 [3] NCCL INFO Channel 17/1 : 1[3] -> 0[3] via P2P/MNNVL
node23D400688:1242:2125 [3] NCCL INFO Channel 18/1 : 1[3] -> 0[3] via P2P/MNNVL
node23D400688:1242:2125 [3] NCCL INFO Channel 19/1 : 1[3] -> 0[3] via P2P/MNNVL
node23D400688:1242:2125 [3] NCCL INFO Channel 20/1 : 1[3] -> 0[3] via P2P/MNNVL
node23D400688:1242:2125 [3] NCCL INFO Channel 21/1 : 1[3] -> 0[3] via P2P/MNNVL
node23D400688:1242:2125 [3] NCCL INFO Channel 22/1 : 1[3] -> 0[3] via P2P/MNNVL
node23D400688:1242:2125 [3] NCCL INFO Channel 23/1 : 1[3] -> 0[3] via P2P/MNNVL
node23D400688:1242:2125 [3] NCCL INFO Channel 24/1 : 1[3] -> 0[3] via P2P/MNNVL
node23D400688:1242:2125 [3] NCCL INFO Channel 25/1 : 1[3] -> 0[3] via P2P/MNNVL
node23D400688:1242:2125 [3] NCCL INFO Channel 26/1 : 1[3] -> 0[3] via P2P/MNNVL
node23D400688:1242:2125 [3] NCCL INFO Channel 27/1 : 1[3] -> 0[3] via P2P/MNNVL
node23D400688:1242:2125 [3] NCCL INFO Channel 28/1 : 1[3] -> 0[3] via P2P/MNNVL
node23D400688:1242:2125 [3] NCCL INFO Channel 29/1 : 1[3] -> 0[3] via P2P/MNNVL
node23D400688:1242:2125 [3] NCCL INFO Channel 30/1 : 1[3] -> 0[3] via P2P/MNNVL
node23D400688:1242:2125 [3] NCCL INFO Channel 31/1 : 1[3] -> 0[3] via P2P/MNNVL
node23D400688:1239:2126 [0] NCCL INFO Channel 00/1 : 1[0] -> 0[0] via P2P/MNNVL
node23D400688:1239:2126 [0] NCCL INFO Channel 01/1 : 1[0] -> 0[0] via P2P/MNNVL
node23D400688:1239:2126 [0] NCCL INFO Channel 02/1 : 1[0] -> 0[0] via P2P/MNNVL
node23D400688:1239:2126 [0] NCCL INFO Channel 03/1 : 1[0] -> 0[0] via P2P/MNNVL
node23D400688:1239:2126 [0] NCCL INFO Channel 04/1 : 1[0] -> 0[0] via P2P/MNNVL
node23D400688:1239:2126 [0] NCCL INFO Channel 05/1 : 1[0] -> 0[0] via P2P/MNNVL
node23D400688:1239:2126 [0] NCCL INFO Channel 06/1 : 1[0] -> 0[0] via P2P/MNNVL
node23D400688:1239:2126 [0] NCCL INFO Channel 07/1 : 1[0] -> 0[0] via P2P/MNNVL
node23D400688:1239:2126 [0] NCCL INFO Channel 08/1 : 1[0] -> 0[0] via P2P/MNNVL
node23D400688:1239:2126 [0] NCCL INFO Channel 09/1 : 1[0] -> 0[0] via P2P/MNNVL
node23D400688:1239:2126 [0] NCCL INFO Channel 10/1 : 1[0] -> 0[0] via P2P/MNNVL
node23D400688:1239:2126 [0] NCCL INFO Channel 11/1 : 1[0] -> 0[0] via P2P/MNNVL
node23D400688:1239:2126 [0] NCCL INFO Channel 12/1 : 1[0] -> 0[0] via P2P/MNNVL
node23D400688:1239:2126 [0] NCCL INFO Channel 13/1 : 1[0] -> 0[0] via P2P/MNNVL
node23D400688:1239:2126 [0] NCCL INFO Channel 14/1 : 1[0] -> 0[0] via P2P/MNNVL
node23D400688:1239:2126 [0] NCCL INFO Channel 15/1 : 1[0] -> 0[0] via P2P/MNNVL
node23D400688:1239:2126 [0] NCCL INFO Channel 16/1 : 1[0] -> 0[0] via P2P/MNNVL
node23D400688:1239:2126 [0] NCCL INFO Channel 17/1 : 1[0] -> 0[0] via P2P/MNNVL
node23D400688:1239:2126 [0] NCCL INFO Channel 18/1 : 1[0] -> 0[0] via P2P/MNNVL
node23D400688:1239:2126 [0] NCCL INFO Channel 19/1 : 1[0] -> 0[0] via P2P/MNNVL
node23D400688:1239:2126 [0] NCCL INFO Channel 20/1 : 1[0] -> 0[0] via P2P/MNNVL
node23D400688:1239:2126 [0] NCCL INFO Channel 21/1 : 1[0] -> 0[0] via P2P/MNNVL
node23D400688:1239:2126 [0] NCCL INFO Channel 22/1 : 1[0] -> 0[0] via P2P/MNNVL
node23D400688:1239:2126 [0] NCCL INFO Channel 23/1 : 1[0] -> 0[0] via P2P/MNNVL
node23D400688:1239:2126 [0] NCCL INFO Channel 24/1 : 1[0] -> 0[0] via P2P/MNNVL
node23D400688:1239:2126 [0] NCCL INFO Channel 25/1 : 1[0] -> 0[0] via P2P/MNNVL
node23D400688:1239:2126 [0] NCCL INFO Channel 26/1 : 1[0] -> 0[0] via P2P/MNNVL
node23D400688:1239:2126 [0] NCCL INFO Channel 27/1 : 1[0] -> 0[0] via P2P/MNNVL
node23D400688:1239:2126 [0] NCCL INFO Channel 28/1 : 1[0] -> 0[0] via P2P/MNNVL
node23D400688:1239:2126 [0] NCCL INFO Channel 29/1 : 1[0] -> 0[0] via P2P/MNNVL
node23D400688:1239:2126 [0] NCCL INFO Channel 30/1 : 1[0] -> 0[0] via P2P/MNNVL
node23D400688:1239:2126 [0] NCCL INFO Channel 31/1 : 1[0] -> 0[0] via P2P/MNNVL
node23D400688:1240:1240 [1] NCCL INFO Comm config Blocking set to 1
node23D400688:1242:1242 [3] NCCL INFO Comm config Blocking set to 1
node23D400688:1239:1239 [0] NCCL INFO Comm config Blocking set to 1
node23D400688:1241:1241 [2] NCCL INFO Comm config Blocking set to 1
node23D400688:1240:2475 [1] NCCL INFO Assigned NET plugin Socket to comm
node23D400688:1242:2476 [3] NCCL INFO Assigned NET plugin Socket to comm
node23D400688:1240:2475 [1] NCCL INFO Using network Socket
node23D400688:1242:2476 [3] NCCL INFO Using network Socket
node23D400688:1239:2477 [0] NCCL INFO Assigned NET plugin Socket to comm
node23D400688:1239:2477 [0] NCCL INFO Using network Socket
node23D400688:1241:2478 [2] NCCL INFO Assigned NET plugin Socket to comm
node23D400688:1241:2478 [2] NCCL INFO Using network Socket
node23D400688:1240:2475 [1] NCCL INFO ncclCommInitRankConfig comm 0x45f0d3d0 rank 9 nranks 16 cudaDev 1 nvmlDev 1 busId 901000 commId 0x123f15e883d45da8 - Init START
node23D400688:1239:2477 [0] NCCL INFO ncclCommInitRankConfig comm 0x4a22e440 rank 8 nranks 16 cudaDev 0 nvmlDev 0 busId 801000 commId 0x123f15e883d45da8 - Init START
node23D400688:1242:2476 [3] NCCL INFO ncclCommInitRankConfig comm 0x66f9ae60 rank 11 nranks 16 cudaDev 3 nvmlDev 3 busId 1901000 commId 0x123f15e883d45da8 - Init START
node23D400688:1241:2478 [2] NCCL INFO ncclCommInitRankConfig comm 0x546e6ef0 rank 10 nranks 16 cudaDev 2 nvmlDev 2 busId 1801000 commId 0x123f15e883d45da8 - Init START
node23D400688:1239:2477 [0] NCCL INFO Bootstrap timings total 0.020115 (create 0.000030, send 0.000131, recv 0.000322, ring 0.000644, delay 0.000000)
node23D400688:1242:2476 [3] NCCL INFO Bootstrap timings total 0.020089 (create 0.000029, send 0.000139, recv 0.000440, ring 0.019065, delay 0.000000)
node23D400688:1241:2478 [2] NCCL INFO Bootstrap timings total 0.020010 (create 0.000028, send 0.000137, recv 0.000651, ring 0.019064, delay 0.000000)
node23D400688:1240:2475 [1] NCCL INFO Bootstrap timings total 0.020136 (create 0.000047, send 0.000153, recv 0.000601, ring 0.019168, delay 0.000000)
node23D400688:1240:2475 [1] NCCL INFO MNNVL busId 0x901000 fabric UUID aa48724aeeaad6a8.b34b901796a1c18d cliqueId 0x7ffe state 3 healthMask 0xaa
node23D400688:1241:2478 [2] NCCL INFO MNNVL busId 0x1801000 fabric UUID aa48724aeeaad6a8.b34b901796a1c18d cliqueId 0x7ffe state 3 healthMask 0xaa
node23D400688:1239:2477 [0] NCCL INFO MNNVL busId 0x801000 fabric UUID aa48724aeeaad6a8.b34b901796a1c18d cliqueId 0x7ffe state 3 healthMask 0xaa
node23D400688:1242:2476 [3] NCCL INFO MNNVL busId 0x1901000 fabric UUID aa48724aeeaad6a8.b34b901796a1c18d cliqueId 0x7ffe state 3 healthMask 0xaa
node23D400688:1241:2478 [2] NCCL INFO MNNVL 1 cliqueId 7ffe cliqueSize 16 cliqueRank 10
node23D400688:1242:2476 [3] NCCL INFO MNNVL 1 cliqueId 7ffe cliqueSize 16 cliqueRank 11
node23D400688:1240:2475 [1] NCCL INFO MNNVL 1 cliqueId 7ffe cliqueSize 16 cliqueRank 9
node23D400688:1239:2477 [0] NCCL INFO MNNVL 1 cliqueId 7ffe cliqueSize 16 cliqueRank 8
node23D400688:1242:2476 [3] NCCL INFO Setting affinity for GPU 3 to 72-143
node23D400688:1241:2478 [2] NCCL INFO Setting affinity for GPU 2 to 72-143
node23D400688:1240:2475 [1] NCCL INFO Setting affinity for GPU 1 to 0-71
node23D400688:1239:2477 [0] NCCL INFO Setting affinity for GPU 0 to 0-71
node23D400688:1242:2476 [3] NCCL INFO comm 0x66f9ae60 rank 11 nRanks 16 nNodes 1 localRanks 16 localRank 11 MNNVL 1
node23D400688:1242:2476 [3] NCCL INFO Trees [0] 12/-1/-1->11->10 [1] 12/-1/-1->11->10 [2] 12/-1/-1->11->10 [3] 12/-1/-1->11->10 [4] 12/-1/-1->11->10 [5] 12/-1/-1->11->10 [6] 12/-1/-1->11->10 [7] 12/-1/-1->11->10 [8] 12/-1/-1->11->10 [9] 12/-1/-1->11->10 [10] 12/-1/-1->11->10 [11] 12/-1/-1->11->10 [12] 12/-1/-1->11->10 [13] 12/-1/-1->11->10 [14] 12/-1/-1->11->10 [15] 12/-1/-1->11->10 [16] 12/-1/-1->11->10 [17] 12/-1/-1->11->10 [18] 12/-1/-1->11->10 [19] 12/-1/-1->11->10 [20] 12/-1/-1->11->10 [21] 12/-1/-1->11->10 [22] 12/-1/-1->11->10 [23] 12/-1/-1->11->10 [24] 12/-1/-1->11->10 [25] 12/-1/-1->11->10 [26] 12/-1/-1->11->10 [27] 12/-1/-1->11->10 [28] 12/-1/-1->11->10 [29] 12/-1/-1->11->10 [30] 12/-1/-1->11->10 [31] 12/-1/-1->11->10
node23D400688:1242:2476 [3] NCCL INFO P2P Chunksize set to 524288
node23D400688:1239:2477 [0] NCCL INFO comm 0x4a22e440 rank 8 nRanks 16 nNodes 1 localRanks 16 localRank 8 MNNVL 1
node23D400688:1240:2475 [1] NCCL INFO comm 0x45f0d3d0 rank 9 nRanks 16 nNodes 1 localRanks 16 localRank 9 MNNVL 1
node23D400688:1241:2478 [2] NCCL INFO comm 0x546e6ef0 rank 10 nRanks 16 nNodes 1 localRanks 16 localRank 10 MNNVL 1
node23D400688:1242:2479 [3] NCCL INFO [Proxy Service] Device 3 CPU core 109
node23D400688:1239:2477 [0] NCCL INFO Trees [0] 9/-1/-1->8->7 [1] 9/-1/-1->8->7 [2] 9/-1/-1->8->7 [3] 9/-1/-1->8->7 [4] 9/-1/-1->8->7 [5] 9/-1/-1->8->7 [6] 9/-1/-1->8->7 [7] 9/-1/-1->8->7 [8] 9/-1/-1->8->7 [9] 9/-1/-1->8->7 [10] 9/-1/-1->8->7 [11] 9/-1/-1->8->7 [12] 9/-1/-1->8->7 [13] 9/-1/-1->8->7 [14] 9/-1/-1->8->7 [15] 9/-1/-1->8->7 [16] 9/-1/-1->8->7 [17] 9/-1/-1->8->7 [18] 9/-1/-1->8->7 [19] 9/-1/-1->8->7 [20] 9/-1/-1->8->7 [21] 9/-1/-1->8->7 [22] 9/-1/-1->8->7 [23] 9/-1/-1->8->7 [24] 9/-1/-1->8->7 [25] 9/-1/-1->8->7 [26] 9/-1/-1->8->7 [27] 9/-1/-1->8->7 [28] 9/-1/-1->8->7 [29] 9/-1/-1->8->7 [30] 9/-1/-1->8->7 [31] 9/-1/-1->8->7
node23D400688:1240:2475 [1] NCCL INFO Trees [0] 10/-1/-1->9->8 [1] 10/-1/-1->9->8 [2] 10/-1/-1->9->8 [3] 10/-1/-1->9->8 [4] 10/-1/-1->9->8 [5] 10/-1/-1->9->8 [6] 10/-1/-1->9->8 [7] 10/-1/-1->9->8 [8] 10/-1/-1->9->8 [9] 10/-1/-1->9->8 [10] 10/-1/-1->9->8 [11] 10/-1/-1->9->8 [12] 10/-1/-1->9->8 [13] 10/-1/-1->9->8 [14] 10/-1/-1->9->8 [15] 10/-1/-1->9->8 [16] 10/-1/-1->9->8 [17] 10/-1/-1->9->8 [18] 10/-1/-1->9->8 [19] 10/-1/-1->9->8 [20] 10/-1/-1->9->8 [21] 10/-1/-1->9->8 [22] 10/-1/-1->9->8 [23] 10/-1/-1->9->8 [24] 10/-1/-1->9->8 [25] 10/-1/-1->9->8 [26] 10/-1/-1->9->8 [27] 10/-1/-1->9->8 [28] 10/-1/-1->9->8 [29] 10/-1/-1->9->8 [30] 10/-1/-1->9->8 [31] 10/-1/-1->9->8
node23D400688:1239:2477 [0] NCCL INFO P2P Chunksize set to 524288
node23D400688:1240:2475 [1] NCCL INFO P2P Chunksize set to 524288
node23D400688:1241:2478 [2] NCCL INFO Trees [0] 11/-1/-1->10->9 [1] 11/-1/-1->10->9 [2] 11/-1/-1->10->9 [3] 11/-1/-1->10->9 [4] 11/-1/-1->10->9 [5] 11/-1/-1->10->9 [6] 11/-1/-1->10->9 [7] 11/-1/-1->10->9 [8] 11/-1/-1->10->9 [9] 11/-1/-1->10->9 [10] 11/-1/-1->10->9 [11] 11/-1/-1->10->9 [12] 11/-1/-1->10->9 [13] 11/-1/-1->10->9 [14] 11/-1/-1->10->9 [15] 11/-1/-1->10->9 [16] 11/-1/-1->10->9 [17] 11/-1/-1->10->9 [18] 11/-1/-1->10->9 [19] 11/-1/-1->10->9 [20] 11/-1/-1->10->9 [21] 11/-1/-1->10->9 [22] 11/-1/-1->10->9 [23] 11/-1/-1->10->9 [24] 11/-1/-1->10->9 [25] 11/-1/-1->10->9 [26] 11/-1/-1->10->9 [27] 11/-1/-1->10->9 [28] 11/-1/-1->10->9 [29] 11/-1/-1->10->9 [30] 11/-1/-1->10->9 [31] 11/-1/-1->10->9
node23D400688:1242:2480 [3] NCCL INFO [Proxy Service UDS] Device 3 CPU core 110
node23D400688:1241:2478 [2] NCCL INFO P2P Chunksize set to 524288
node23D400688:1239:2481 [0] NCCL INFO [Proxy Service] Device 0 CPU core 50
node23D400688:1240:2482 [1] NCCL INFO [Proxy Service] Device 1 CPU core 1
node23D400688:1241:2483 [2] NCCL INFO [Proxy Service] Device 2 CPU core 135
node23D400688:1240:2484 [1] NCCL INFO [Proxy Service UDS] Device 1 CPU core 3
node23D400688:1239:2485 [0] NCCL INFO [Proxy Service UDS] Device 0 CPU core 51
node23D400688:1241:2486 [2] NCCL INFO [Proxy Service UDS] Device 2 CPU core 136
node23D400688:1239:2477 [0] NCCL INFO threadThresholds 8/8/64 | 128/8/64 | 512 | 512
node23D400688:1239:2477 [0] NCCL INFO 32 coll channels, 32 collnet channels, 0 nvls channels, 32 p2p channels, 32 p2p channels per peer
node23D400688:1240:2475 [1] NCCL INFO threadThresholds 8/8/64 | 128/8/64 | 512 | 512
node23D400688:1240:2475 [1] NCCL INFO 32 coll channels, 32 collnet channels, 0 nvls channels, 32 p2p channels, 32 p2p channels per peer
node23D400688:1241:2478 [2] NCCL INFO threadThresholds 8/8/64 | 128/8/64 | 512 | 512
node23D400688:1241:2478 [2] NCCL INFO 32 coll channels, 32 collnet channels, 0 nvls channels, 32 p2p channels, 32 p2p channels per peer
node23D400688:1242:2476 [3] NCCL INFO threadThresholds 8/8/64 | 128/8/64 | 512 | 512
node23D400688:1242:2476 [3] NCCL INFO 32 coll channels, 32 collnet channels, 0 nvls channels, 32 p2p channels, 32 p2p channels per peer
node23D400688:1239:2477 [0] NCCL INFO ncclCommInitRankConfig comm 0x4a22e440 rank 8 nranks 16 cudaDev 0 nvmlDev 0 busId 801000 commId 0x123f15e883d45da8 - Init COMPLETE
node23D400688:1239:2477 [0] NCCL INFO Init timings - ncclCommInitRankConfig: rank 8 nranks 16 total 1.10 (kernels 0.00, alloc 0.00, bootstrap 0.02, allgathers 0.02, topo 0.88, graphs 0.00, connections 0.15, rest 0.03)
node23D400688:1242:2476 [3] NCCL INFO ncclCommInitRankConfig comm 0x66f9ae60 rank 11 nranks 16 cudaDev 3 nvmlDev 3 busId 1901000 commId 0x123f15e883d45da8 - Init COMPLETE
node23D400688:1242:2476 [3] NCCL INFO Init timings - ncclCommInitRankConfig: rank 11 nranks 16 total 1.10 (kernels 0.00, alloc 0.00, bootstrap 0.02, allgathers 0.06, topo 0.84, graphs 0.00, connections 0.16, rest 0.02)
node23D400688:1240:2475 [1] NCCL INFO ncclCommInitRankConfig comm 0x45f0d3d0 rank 9 nranks 16 cudaDev 1 nvmlDev 1 busId 901000 commId 0x123f15e883d45da8 - Init COMPLETE
node23D400688:1240:2475 [1] NCCL INFO Init timings - ncclCommInitRankConfig: rank 9 nranks 16 total 1.10 (kernels 0.00, alloc 0.00, bootstrap 0.02, allgathers 0.04, topo 0.86, graphs 0.00, connections 0.15, rest 0.03)
node23D400688:1241:2478 [2] NCCL INFO ncclCommInitRankConfig comm 0x546e6ef0 rank 10 nranks 16 cudaDev 2 nvmlDev 2 busId 1801000 commId 0x123f15e883d45da8 - Init COMPLETE
node23D400688:1241:2478 [2] NCCL INFO Init timings - ncclCommInitRankConfig: rank 10 nranks 16 total 1.10 (kernels 0.00, alloc 0.00, bootstrap 0.02, allgathers 0.04, topo 0.87, graphs 0.00, connections 0.15, rest 0.01)
node23D400688:1239:2487 [0] NCCL INFO Channel 00/0 : 8[0] -> 9[1] via P2P/MNNVL
node23D400688:1239:2487 [0] NCCL INFO Channel 01/0 : 8[0] -> 9[1] via P2P/MNNVL
node23D400688:1240:2488 [1] NCCL INFO Channel 00/0 : 9[1] -> 10[2] via P2P/MNNVL
node23D400688:1242:2489 [3] NCCL INFO Channel 00/0 : 11[3] -> 12[0] via P2P/MNNVL
node23D400688:1240:2488 [1] NCCL INFO Channel 01/0 : 9[1] -> 10[2] via P2P/MNNVL
node23D400688:1239:2487 [0] NCCL INFO Channel 02/0 : 8[0] -> 9[1] via P2P/MNNVL
node23D400688:1242:2489 [3] NCCL INFO Channel 01/0 : 11[3] -> 12[0] via P2P/MNNVL
node23D400688:1239:2487 [0] NCCL INFO Channel 03/0 : 8[0] -> 9[1] via P2P/MNNVL
node23D400688:1240:2488 [1] NCCL INFO Channel 02/0 : 9[1] -> 10[2] via P2P/MNNVL
node23D400688:1239:2487 [0] NCCL INFO Channel 04/0 : 8[0] -> 9[1] via P2P/MNNVL
node23D400688:1242:2489 [3] NCCL INFO Channel 02/0 : 11[3] -> 12[0] via P2P/MNNVL
node23D400688:1240:2488 [1] NCCL INFO Channel 03/0 : 9[1] -> 10[2] via P2P/MNNVL
node23D400688:1242:2489 [3] NCCL INFO Channel 03/0 : 11[3] -> 12[0] via P2P/MNNVL
node23D400688:1241:2490 [2] NCCL INFO Channel 00/0 : 10[2] -> 11[3] via P2P/MNNVL
node23D400688:1239:2487 [0] NCCL INFO Channel 05/0 : 8[0] -> 9[1] via P2P/MNNVL
node23D400688:1242:2489 [3] NCCL INFO Channel 04/0 : 11[3] -> 12[0] via P2P/MNNVL
node23D400688:1240:2488 [1] NCCL INFO Channel 04/0 : 9[1] -> 10[2] via P2P/MNNVL
node23D400688:1239:2487 [0] NCCL INFO Channel 06/0 : 8[0] -> 9[1] via P2P/MNNVL
node23D400688:1242:2489 [3] NCCL INFO Channel 05/0 : 11[3] -> 12[0] via P2P/MNNVL
node23D400688:1240:2488 [1] NCCL INFO Channel 05/0 : 9[1] -> 10[2] via P2P/MNNVL
node23D400688:1241:2490 [2] NCCL INFO Channel 01/0 : 10[2] -> 11[3] via P2P/MNNVL
node23D400688:1239:2487 [0] NCCL INFO Channel 07/0 : 8[0] -> 9[1] via P2P/MNNVL
node23D400688:1242:2489 [3] NCCL INFO Channel 06/0 : 11[3] -> 12[0] via P2P/MNNVL
node23D400688:1239:2487 [0] NCCL INFO Channel 08/0 : 8[0] -> 9[1] via P2P/MNNVL
node23D400688:1241:2490 [2] NCCL INFO Channel 02/0 : 10[2] -> 11[3] via P2P/MNNVL
node23D400688:1239:2487 [0] NCCL INFO Channel 09/0 : 8[0] -> 9[1] via P2P/MNNVL
node23D400688:1241:2490 [2] NCCL INFO Channel 03/0 : 10[2] -> 11[3] via P2P/MNNVL
node23D400688:1240:2488 [1] NCCL INFO Channel 06/0 : 9[1] -> 10[2] via P2P/MNNVL
node23D400688:1242:2489 [3] NCCL INFO Channel 07/0 : 11[3] -> 12[0] via P2P/MNNVL
node23D400688:1240:2488 [1] NCCL INFO Channel 07/0 : 9[1] -> 10[2] via P2P/MNNVL
node23D400688:1241:2490 [2] NCCL INFO Channel 04/0 : 10[2] -> 11[3] via P2P/MNNVL
node23D400688:1242:2489 [3] NCCL INFO Channel 08/0 : 11[3] -> 12[0] via P2P/MNNVL
node23D400688:1239:2487 [0] NCCL INFO Channel 10/0 : 8[0] -> 9[1] via P2P/MNNVL
node23D400688:1241:2490 [2] NCCL INFO Channel 05/0 : 10[2] -> 11[3] via P2P/MNNVL
node23D400688:1240:2488 [1] NCCL INFO Channel 08/0 : 9[1] -> 10[2] via P2P/MNNVL
node23D400688:1239:2487 [0] NCCL INFO Channel 11/0 : 8[0] -> 9[1] via P2P/MNNVL
node23D400688:1239:2487 [0] NCCL INFO Channel 12/0 : 8[0] -> 9[1] via P2P/MNNVL
node23D400688:1242:2489 [3] NCCL INFO Channel 09/0 : 11[3] -> 12[0] via P2P/MNNVL
node23D400688:1240:2488 [1] NCCL INFO Channel 09/0 : 9[1] -> 10[2] via P2P/MNNVL
node23D400688:1241:2490 [2] NCCL INFO Channel 06/0 : 10[2] -> 11[3] via P2P/MNNVL
node23D400688:1239:2487 [0] NCCL INFO Channel 13/0 : 8[0] -> 9[1] via P2P/MNNVL
node23D400688:1240:2488 [1] NCCL INFO Channel 10/0 : 9[1] -> 10[2] via P2P/MNNVL
node23D400688:1242:2489 [3] NCCL INFO Channel 10/0 : 11[3] -> 12[0] via P2P/MNNVL
node23D400688:1241:2490 [2] NCCL INFO Channel 07/0 : 10[2] -> 11[3] via P2P/MNNVL
node23D400688:1239:2487 [0] NCCL INFO Channel 14/0 : 8[0] -> 9[1] via P2P/MNNVL
node23D400688:1241:2490 [2] NCCL INFO Channel 08/0 : 10[2] -> 11[3] via P2P/MNNVL
node23D400688:1239:2487 [0] NCCL INFO Channel 15/0 : 8[0] -> 9[1] via P2P/MNNVL
node23D400688:1242:2489 [3] NCCL INFO Channel 11/0 : 11[3] -> 12[0] via P2P/MNNVL
node23D400688:1240:2488 [1] NCCL INFO Channel 11/0 : 9[1] -> 10[2] via P2P/MNNVL
node23D400688:1239:2487 [0] NCCL INFO Channel 16/0 : 8[0] -> 9[1] via P2P/MNNVL
node23D400688:1241:2490 [2] NCCL INFO Channel 09/0 : 10[2] -> 11[3] via P2P/MNNVL
node23D400688:1242:2489 [3] NCCL INFO Channel 12/0 : 11[3] -> 12[0] via P2P/MNNVL
node23D400688:1239:2487 [0] NCCL INFO Channel 17/0 : 8[0] -> 9[1] via P2P/MNNVL
node23D400688:1241:2490 [2] NCCL INFO Channel 10/0 : 10[2] -> 11[3] via P2P/MNNVL
node23D400688:1242:2489 [3] NCCL INFO Channel 13/0 : 11[3] -> 12[0] via P2P/MNNVL
node23D400688:1240:2488 [1] NCCL INFO Channel 12/0 : 9[1] -> 10[2] via P2P/MNNVL
node23D400688:1241:2490 [2] NCCL INFO Channel 11/0 : 10[2] -> 11[3] via P2P/MNNVL
node23D400688:1239:2487 [0] NCCL INFO Channel 18/0 : 8[0] -> 9[1] via P2P/MNNVL
node23D400688:1242:2489 [3] NCCL INFO Channel 14/0 : 11[3] -> 12[0] via P2P/MNNVL
node23D400688:1240:2488 [1] NCCL INFO Channel 13/0 : 9[1] -> 10[2] via P2P/MNNVL
node23D400688:1239:2487 [0] NCCL INFO Channel 19/0 : 8[0] -> 9[1] via P2P/MNNVL
node23D400688:1241:2490 [2] NCCL INFO Channel 12/0 : 10[2] -> 11[3] via P2P/MNNVL
node23D400688:1242:2489 [3] NCCL INFO Channel 15/0 : 11[3] -> 12[0] via P2P/MNNVL
node23D400688:1240:2488 [1] NCCL INFO Channel 14/0 : 9[1] -> 10[2] via P2P/MNNVL
node23D400688:1242:2489 [3] NCCL INFO Channel 16/0 : 11[3] -> 12[0] via P2P/MNNVL
node23D400688:1241:2490 [2] NCCL INFO Channel 13/0 : 10[2] -> 11[3] via P2P/MNNVL
node23D400688:1239:2487 [0] NCCL INFO Channel 20/0 : 8[0] -> 9[1] via P2P/MNNVL
node23D400688:1240:2488 [1] NCCL INFO Channel 15/0 : 9[1] -> 10[2] via P2P/MNNVL
node23D400688:1241:2490 [2] NCCL INFO Channel 14/0 : 10[2] -> 11[3] via P2P/MNNVL
node23D400688:1240:2488 [1] NCCL INFO Channel 16/0 : 9[1] -> 10[2] via P2P/MNNVL
node23D400688:1239:2487 [0] NCCL INFO Channel 21/0 : 8[0] -> 9[1] via P2P/MNNVL
node23D400688:1242:2489 [3] NCCL INFO Channel 17/0 : 11[3] -> 12[0] via P2P/MNNVL
node23D400688:1239:2487 [0] NCCL INFO Channel 22/0 : 8[0] -> 9[1] via P2P/MNNVL
node23D400688:1240:2488 [1] NCCL INFO Channel 17/0 : 9[1] -> 10[2] via P2P/MNNVL
node23D400688:1241:2490 [2] NCCL INFO Channel 15/0 : 10[2] -> 11[3] via P2P/MNNVL
node23D400688:1242:2489 [3] NCCL INFO Channel 18/0 : 11[3] -> 12[0] via P2P/MNNVL
node23D400688:1242:2489 [3] NCCL INFO Channel 19/0 : 11[3] -> 12[0] via P2P/MNNVL
node23D400688:1239:2487 [0] NCCL INFO Channel 23/0 : 8[0] -> 9[1] via P2P/MNNVL
node23D400688:1240:2488 [1] NCCL INFO Channel 18/0 : 9[1] -> 10[2] via P2P/MNNVL
node23D400688:1241:2490 [2] NCCL INFO Channel 16/0 : 10[2] -> 11[3] via P2P/MNNVL
node23D400688:1239:2487 [0] NCCL INFO Channel 24/0 : 8[0] -> 9[1] via P2P/MNNVL
