W1115 13:50:12.927000 1174 torch/distributed/run.py:766] 
W1115 13:50:12.927000 1174 torch/distributed/run.py:766] *****************************************
W1115 13:50:12.927000 1174 torch/distributed/run.py:766] Setting OMP_NUM_THREADS environment variable for each process to be 1 in default, to avoid your system being overloaded, please further tune the variable for optimal performance in your application as needed. 
W1115 13:50:12.927000 1174 torch/distributed/run.py:766] *****************************************
[Gloo] Rank [Gloo] Rank [Gloo] Rank [Gloo] Rank 1111 is connected to  is connected to  is connected to  is connected to 1111 peer ranks.  peer ranks.  peer ranks.  peer ranks. Expected number of connected peer ranks is : Expected number of connected peer ranks is : Expected number of connected peer ranks is : Expected number of connected peer ranks is : 1111



[Gloo] Rank 0 is connected to 0 peer ranks. Expected number of connected peer ranks is : 0
[Gloo] Rank 0 is connected to 0 peer ranks. Expected number of connected peer ranks is : 0
[Gloo] Rank 0 is connected to 0 peer ranks. Expected number of connected peer ranks is : 0
[Gloo] Rank 0 is connected to 0 peer ranks. Expected number of connected peer ranks is : 0
[Gloo] Rank 1 is connected to 1 peer ranks. Expected number of connected peer ranks is : 1
[Gloo] Rank 1 is connected to 1 peer ranks. Expected number of connected peer ranks is : 1
[Gloo] Rank 1 is connected to 1 peer ranks. Expected number of connected peer ranks is : 1
[rank31]:[W1115 13:50:47.977457179 ProcessGroupNCCL.cpp:4789] [PG ID 0 PG GUID 0 Rank 31]  using GPU 3 as device used by this process is currently unknown. This can potentially cause a hang if this rank to GPU mapping is incorrect. You can specify device_id in init_process_group() to force use of a particular device.
[rank29]:[W1115 13:50:47.977456795 ProcessGroupNCCL.cpp:4789] [PG ID 0 PG GUID 0 Rank 29]  using GPU 1 as device used by this process is currently unknown. This can potentially cause a hang if this rank to GPU mapping is incorrect. You can specify device_id in init_process_group() to force use of a particular device.
[rank30]:[W1115 13:50:47.977456891 ProcessGroupNCCL.cpp:4789] [PG ID 0 PG GUID 0 Rank 30]  using GPU 2 as device used by this process is currently unknown. This can potentially cause a hang if this rank to GPU mapping is incorrect. You can specify device_id in init_process_group() to force use of a particular device.
[Gloo] Rank 1 is connected to 1 peer ranks. Expected number of connected peer ranks is : 1
node23D400662:1240:1240 [1] NCCL INFO cudaDriverVersion 12080
node23D400662:1240:1240 [1] NCCL INFO Bootstrap: Using enP5p9s0:10.192.23.151<0>
node23D400662:1240:1240 [1] NCCL INFO NCCL version 2.27.3+cuda12.9
node23D400662:1240:1240 [1] NCCL INFO Comm config Blocking set to 1
node23D400662:1242:1242 [3] NCCL INFO cudaDriverVersion 12080
node23D400662:1242:1242 [3] NCCL INFO Bootstrap: Using enP5p9s0:10.192.23.151<0>
node23D400662:1242:1242 [3] NCCL INFO NCCL version 2.27.3+cuda12.9
node23D400662:1242:1242 [3] NCCL INFO Comm config Blocking set to 1
node23D400662:1241:1241 [2] NCCL INFO cudaDriverVersion 12080
node23D400662:1241:1241 [2] NCCL INFO Bootstrap: Using enP5p9s0:10.192.23.151<0>
node23D400662:1241:1241 [2] NCCL INFO NCCL version 2.27.3+cuda12.9
node23D400662:1241:1241 [2] NCCL INFO Comm config Blocking set to 1
[rank28]:[W1115 13:50:47.378381718 ProcessGroupNCCL.cpp:4789] [PG ID 0 PG GUID 0 Rank 28]  using GPU 0 as device used by this process is currently unknown. This can potentially cause a hang if this rank to GPU mapping is incorrect. You can specify device_id in init_process_group() to force use of a particular device.
node23D400662:1239:1239 [0] NCCL INFO cudaDriverVersion 12080
node23D400662:1239:1239 [0] NCCL INFO Bootstrap: Using enP5p9s0:10.192.23.151<0>
node23D400662:1239:1239 [0] NCCL INFO NCCL version 2.27.3+cuda12.9
node23D400662:1239:1239 [0] NCCL INFO Comm config Blocking set to 1
node23D400662:1242:1708 [3] NCCL INFO NET/Plugin: Plugin name set by env to libnccl-net.so
node23D400662:1241:1709 [2] NCCL INFO NET/Plugin: Plugin name set by env to libnccl-net.so
node23D400662:1242:1708 [3] NCCL INFO NET/Plugin: Loaded net plugin NCCL RDMA Plugin v10 (v10)
node23D400662:1242:1708 [3] NCCL INFO NET/Plugin: Loaded collnet plugin NCCL RDMA Plugin v10 (v10)
node23D400662:1241:1709 [2] NCCL INFO NET/Plugin: Loaded net plugin NCCL RDMA Plugin v10 (v10)
node23D400662:1242:1708 [3] NCCL INFO Successfully loaded external plugin libnccl-net.so
node23D400662:1241:1709 [2] NCCL INFO NET/Plugin: Loaded collnet plugin NCCL RDMA Plugin v10 (v10)
node23D400662:1241:1709 [2] NCCL INFO Successfully loaded external plugin libnccl-net.so
node23D400662:1242:1708 [3] NCCL INFO Plugin Path : /opt/hpcx/nccl_rdma_sharp_plugin/lib/libnccl-net.so
node23D400662:1242:1708 [3] NCCL INFO P2P plugin v10 IBext_v10
node23D400662:1241:1709 [2] NCCL INFO Plugin Path : /opt/hpcx/nccl_rdma_sharp_plugin/lib/libnccl-net.so
node23D400662:1241:1709 [2] NCCL INFO P2P plugin v10 IBext_v10
node23D400662:1240:1707 [1] NCCL INFO NET/Plugin: Plugin name set by env to libnccl-net.so
node23D400662:1240:1707 [1] NCCL INFO NET/Plugin: Loaded net plugin NCCL RDMA Plugin v10 (v10)
node23D400662:1240:1707 [1] NCCL INFO NET/Plugin: Loaded collnet plugin NCCL RDMA Plugin v10 (v10)
node23D400662:1240:1707 [1] NCCL INFO Successfully loaded external plugin libnccl-net.so
node23D400662:1240:1707 [1] NCCL INFO Plugin Path : /opt/hpcx/nccl_rdma_sharp_plugin/lib/libnccl-net.so
node23D400662:1240:1707 [1] NCCL INFO P2P plugin v10 IBext_v10
node23D400662:1239:1710 [0] NCCL INFO NET/Plugin: Plugin name set by env to libnccl-net.so
node23D400662:1239:1710 [0] NCCL INFO NET/Plugin: Loaded net plugin NCCL RDMA Plugin v10 (v10)
node23D400662:1239:1710 [0] NCCL INFO NET/Plugin: Loaded collnet plugin NCCL RDMA Plugin v10 (v10)
node23D400662:1239:1710 [0] NCCL INFO Successfully loaded external plugin libnccl-net.so
node23D400662:1239:1710 [0] NCCL INFO Plugin Path : /opt/hpcx/nccl_rdma_sharp_plugin/lib/libnccl-net.so
node23D400662:1239:1710 [0] NCCL INFO P2P plugin v10 IBext_v10
node23D400662:1240:1707 [1] NCCL INFO NET/IB : No device found.
node23D400662:1240:1707 [1] NCCL INFO NET/IB : Using [RO]; OOB enP5p9s0:10.192.23.151<0>
node23D400662:1241:1709 [2] NCCL INFO NET/IB : No device found.
node23D400662:1241:1709 [2] NCCL INFO NET/IB : Using [RO]; OOB enP5p9s0:10.192.23.151<0>
node23D400662:1242:1708 [3] NCCL INFO NET/IB : No device found.
node23D400662:1242:1708 [3] NCCL INFO NET/IB : Using [RO]; OOB enP5p9s0:10.192.23.151<0>
node23D400662:1239:1710 [0] NCCL INFO NET/IB : No device found.
node23D400662:1239:1710 [0] NCCL INFO NET/IB : Using [RO]; OOB enP5p9s0:10.192.23.151<0>
node23D400662:1240:1707 [1] NCCL INFO NET/IB : No device found.
node23D400662:1240:1707 [1] NCCL INFO NET/IB : Using [RO]; OOB enP5p9s0:10.192.23.151<0>
node23D400662:1240:1707 [1] NCCL INFO NET/Socket : Using [0]enP5p9s0:10.192.23.151<0>
node23D400662:1240:1707 [1] NCCL INFO Initialized NET plugin Socket
node23D400662:1240:1707 [1] NCCL INFO Assigned NET plugin Socket to comm
node23D400662:1240:1707 [1] NCCL INFO Using network Socket
node23D400662:1241:1709 [2] NCCL INFO NET/IB : No device found.
node23D400662:1241:1709 [2] NCCL INFO NET/IB : Using [RO]; OOB enP5p9s0:10.192.23.151<0>
node23D400662:1241:1709 [2] NCCL INFO NET/Socket : Using [0]enP5p9s0:10.192.23.151<0>
node23D400662:1241:1709 [2] NCCL INFO Initialized NET plugin Socket
node23D400662:1241:1709 [2] NCCL INFO Assigned NET plugin Socket to comm
node23D400662:1241:1709 [2] NCCL INFO Using network Socket
node23D400662:1242:1708 [3] NCCL INFO NET/IB : No device found.
node23D400662:1242:1708 [3] NCCL INFO NET/IB : Using [RO]; OOB enP5p9s0:10.192.23.151<0>
node23D400662:1239:1710 [0] NCCL INFO NET/IB : No device found.
node23D400662:1239:1710 [0] NCCL INFO NET/IB : Using [RO]; OOB enP5p9s0:10.192.23.151<0>
node23D400662:1242:1708 [3] NCCL INFO NET/Socket : Using [0]enP5p9s0:10.192.23.151<0>
node23D400662:1242:1708 [3] NCCL INFO Initialized NET plugin Socket
node23D400662:1239:1710 [0] NCCL INFO NET/Socket : Using [0]enP5p9s0:10.192.23.151<0>
node23D400662:1239:1710 [0] NCCL INFO Initialized NET plugin Socket
node23D400662:1242:1708 [3] NCCL INFO Assigned NET plugin Socket to comm
node23D400662:1242:1708 [3] NCCL INFO Using network Socket
node23D400662:1239:1710 [0] NCCL INFO Assigned NET plugin Socket to comm
node23D400662:1239:1710 [0] NCCL INFO Using network Socket
node23D400662:1240:1707 [1] NCCL INFO ncclCommInitRankConfig comm 0x430d63f0 rank 29 nranks 64 cudaDev 1 nvmlDev 1 busId 901000 commId 0xd0f8a826c702c9c7 - Init START
node23D400662:1241:1709 [2] NCCL INFO ncclCommInitRankConfig comm 0x17d4f010 rank 30 nranks 64 cudaDev 2 nvmlDev 2 busId 1801000 commId 0xd0f8a826c702c9c7 - Init START
node23D400662:1242:1708 [3] NCCL INFO ncclCommInitRankConfig comm 0x293ca0d0 rank 31 nranks 64 cudaDev 3 nvmlDev 3 busId 1901000 commId 0xd0f8a826c702c9c7 - Init START
node23D400662:1239:1710 [0] NCCL INFO ncclCommInitRankConfig comm 0x3d9e1980 rank 28 nranks 64 cudaDev 0 nvmlDev 0 busId 801000 commId 0xd0f8a826c702c9c7 - Init START
node23D400662:1240:1707 [1] NCCL INFO RAS client listening socket at 127.0.0.1<28028>
node23D400662:1239:1710 [0] NCCL INFO RAS client listening socket at 127.0.0.1<28028>
node23D400662:1241:1709 [2] NCCL INFO RAS client listening socket at 127.0.0.1<28028>
node23D400662:1242:1708 [3] NCCL INFO RAS client listening socket at 127.0.0.1<28028>
node23D400662:1241:1709 [2] NCCL INFO Bootstrap timings total 0.042665 (create 0.000035, send 0.000159, recv 0.009555, ring 0.032651, delay 0.000000)
node23D400662:1242:1708 [3] NCCL INFO Bootstrap timings total 0.034064 (create 0.000031, send 0.000179, recv 0.001057, ring 0.032516, delay 0.000000)
node23D400662:1240:1707 [1] NCCL INFO Bootstrap timings total 0.050778 (create 0.000050, send 0.000154, recv 0.008332, ring 0.032709, delay 0.000000)
node23D400662:1239:1710 [0] NCCL INFO Bootstrap timings total 0.034061 (create 0.000030, send 0.000156, recv 0.000821, ring 0.032709, delay 0.000000)
node23D400662:1242:1708 [3] NCCL INFO MNNVL busId 0x1901000 fabric UUID aa48724aeeaad6a8.b34b901796a1c18d cliqueId 0x7ffe state 3 healthMask 0xaa
node23D400662:1239:1710 [0] NCCL INFO MNNVL busId 0x801000 fabric UUID aa48724aeeaad6a8.b34b901796a1c18d cliqueId 0x7ffe state 3 healthMask 0xaa
node23D400662:1240:1707 [1] NCCL INFO MNNVL busId 0x901000 fabric UUID aa48724aeeaad6a8.b34b901796a1c18d cliqueId 0x7ffe state 3 healthMask 0xaa
node23D400662:1241:1709 [2] NCCL INFO MNNVL busId 0x1801000 fabric UUID aa48724aeeaad6a8.b34b901796a1c18d cliqueId 0x7ffe state 3 healthMask 0xaa
node23D400662:1240:1707 [1] NCCL INFO MNNVL 1 cliqueId 7ffe cliqueSize 64 cliqueRank 29
node23D400662:1241:1709 [2] NCCL INFO MNNVL 1 cliqueId 7ffe cliqueSize 64 cliqueRank 30
node23D400662:1239:1710 [0] NCCL INFO MNNVL 1 cliqueId 7ffe cliqueSize 64 cliqueRank 28
node23D400662:1242:1708 [3] NCCL INFO MNNVL 1 cliqueId 7ffe cliqueSize 64 cliqueRank 31
node23D400662:1242:1708 [3] NCCL INFO Setting affinity for GPU 3 to 72-143
node23D400662:1242:1708 [3] NCCL INFO NCCL_NVLS_ENABLE set by environment to 0.
node23D400662:1240:1707 [1] NCCL INFO Setting affinity for GPU 1 to 0-71
node23D400662:1240:1707 [1] NCCL INFO NCCL_NVLS_ENABLE set by environment to 0.
node23D400662:1241:1709 [2] NCCL INFO Setting affinity for GPU 2 to 72-143
node23D400662:1241:1709 [2] NCCL INFO NCCL_NVLS_ENABLE set by environment to 0.
node23D400662:1239:1710 [0] NCCL INFO Setting affinity for GPU 0 to 0-71
node23D400662:1239:1710 [0] NCCL INFO NCCL_NVLS_ENABLE set by environment to 0.
node23D400662:1242:1708 [3] NCCL INFO comm 0x293ca0d0 rank 31 nRanks 64 nNodes 1 localRanks 64 localRank 31 MNNVL 1
node23D400662:1242:1708 [3] NCCL INFO Trees [0] 32/-1/-1->31->30 [1] 32/-1/-1->31->30 [2] 32/-1/-1->31->30 [3] 32/-1/-1->31->30 [4] 32/-1/-1->31->30 [5] 32/-1/-1->31->30 [6] 32/-1/-1->31->30 [7] 32/-1/-1->31->30 [8] 32/-1/-1->31->30 [9] 32/-1/-1->31->30 [10] 32/-1/-1->31->30 [11] 32/-1/-1->31->30 [12] 32/-1/-1->31->30 [13] 32/-1/-1->31->30 [14] 32/-1/-1->31->30 [15] 32/-1/-1->31->30 [16] 32/-1/-1->31->30 [17] 32/-1/-1->31->30 [18] 32/-1/-1->31->30 [19] 32/-1/-1->31->30 [20] 32/-1/-1->31->30 [21] 32/-1/-1->31->30 [22] 32/-1/-1->31->30 [23] 32/-1/-1->31->30 [24] 32/-1/-1->31->30 [25] 32/-1/-1->31->30 [26] 32/-1/-1->31->30 [27] 32/-1/-1->31->30 [28] 32/-1/-1->31->30 [29] 32/-1/-1->31->30 [30] 32/-1/-1->31->30 [31] 32/-1/-1->31->30
node23D400662:1242:1708 [3] NCCL INFO P2P Chunksize set to 524288
node23D400662:1239:1710 [0] NCCL INFO comm 0x3d9e1980 rank 28 nRanks 64 nNodes 1 localRanks 64 localRank 28 MNNVL 1
node23D400662:1241:1709 [2] NCCL INFO comm 0x17d4f010 rank 30 nRanks 64 nNodes 1 localRanks 64 localRank 30 MNNVL 1
node23D400662:1240:1707 [1] NCCL INFO comm 0x430d63f0 rank 29 nRanks 64 nNodes 1 localRanks 64 localRank 29 MNNVL 1
node23D400662:1239:1710 [0] NCCL INFO Trees [0] 29/-1/-1->28->27 [1] 29/-1/-1->28->27 [2] 29/-1/-1->28->27 [3] 29/-1/-1->28->27 [4] 29/-1/-1->28->27 [5] 29/-1/-1->28->27 [6] 29/-1/-1->28->27 [7] 29/-1/-1->28->27 [8] 29/-1/-1->28->27 [9] 29/-1/-1->28->27 [10] 29/-1/-1->28->27 [11] 29/-1/-1->28->27 [12] 29/-1/-1->28->27 [13] 29/-1/-1->28->27 [14] 29/-1/-1->28->27 [15] 29/-1/-1->28->27 [16] 29/-1/-1->28->27 [17] 29/-1/-1->28->27 [18] 29/-1/-1->28->27 [19] 29/-1/-1->28->27 [20] 29/-1/-1->28->27 [21] 29/-1/-1->28->27 [22] 29/-1/-1->28->27 [23] 29/-1/-1->28->27 [24] 29/-1/-1->28->27 [25] 29/-1/-1->28->27 [26] 29/-1/-1->28->27 [27] 29/-1/-1->28->27 [28] 29/-1/-1->28->27 [29] 29/-1/-1->28->27 [30] 29/-1/-1->28->27 [31] 29/-1/-1->28->27
node23D400662:1241:1709 [2] NCCL INFO Trees [0] 31/-1/-1->30->29 [1] 31/-1/-1->30->29 [2] 31/-1/-1->30->29 [3] 31/-1/-1->30->29 [4] 31/-1/-1->30->29 [5] 31/-1/-1->30->29 [6] 31/-1/-1->30->29 [7] 31/-1/-1->30->29 [8] 31/-1/-1->30->29 [9] 31/-1/-1->30->29 [10] 31/-1/-1->30->29 [11] 31/-1/-1->30->29 [12] 31/-1/-1->30->29 [13] 31/-1/-1->30->29 [14] 31/-1/-1->30->29 [15] 31/-1/-1->30->29 [16] 31/-1/-1->30->29 [17] 31/-1/-1->30->29 [18] 31/-1/-1->30->29 [19] 31/-1/-1->30->29 [20] 31/-1/-1->30->29 [21] 31/-1/-1->30->29 [22] 31/-1/-1->30->29 [23] 31/-1/-1->30->29 [24] 31/-1/-1->30->29 [25] 31/-1/-1->30->29 [26] 31/-1/-1->30->29 [27] 31/-1/-1->30->29 [28] 31/-1/-1->30->29 [29] 31/-1/-1->30->29 [30] 31/-1/-1->30->29 [31] 31/-1/-1->30->29
node23D400662:1239:1710 [0] NCCL INFO P2P Chunksize set to 524288
node23D400662:1241:1709 [2] NCCL INFO P2P Chunksize set to 524288
node23D400662:1240:1707 [1] NCCL INFO Trees [0] 30/-1/-1->29->28 [1] 30/-1/-1->29->28 [2] 30/-1/-1->29->28 [3] 30/-1/-1->29->28 [4] 30/-1/-1->29->28 [5] 30/-1/-1->29->28 [6] 30/-1/-1->29->28 [7] 30/-1/-1->29->28 [8] 30/-1/-1->29->28 [9] 30/-1/-1->29->28 [10] 30/-1/-1->29->28 [11] 30/-1/-1->29->28 [12] 30/-1/-1->29->28 [13] 30/-1/-1->29->28 [14] 30/-1/-1->29->28 [15] 30/-1/-1->29->28 [16] 30/-1/-1->29->28 [17] 30/-1/-1->29->28 [18] 30/-1/-1->29->28 [19] 30/-1/-1->29->28 [20] 30/-1/-1->29->28 [21] 30/-1/-1->29->28 [22] 30/-1/-1->29->28 [23] 30/-1/-1->29->28 [24] 30/-1/-1->29->28 [25] 30/-1/-1->29->28 [26] 30/-1/-1->29->28 [27] 30/-1/-1->29->28 [28] 30/-1/-1->29->28 [29] 30/-1/-1->29->28 [30] 30/-1/-1->29->28 [31] 30/-1/-1->29->28
node23D400662:1240:1707 [1] NCCL INFO P2P Chunksize set to 524288
node23D400662:1242:1708 [3] NCCL INFO PROFILER/Plugin: Could not find: libnccl-profiler.so. 
node23D400662:1240:1707 [1] NCCL INFO PROFILER/Plugin: Could not find: libnccl-profiler.so. 
node23D400662:1239:1710 [0] NCCL INFO PROFILER/Plugin: Could not find: libnccl-profiler.so. 
node23D400662:1241:1709 [2] NCCL INFO PROFILER/Plugin: Could not find: libnccl-profiler.so. 
node23D400662:1242:1715 [3] NCCL INFO [Proxy Service] Device 3 CPU core 84
node23D400662:1242:1716 [3] NCCL INFO [Proxy Service UDS] Device 3 CPU core 85
node23D400662:1239:1718 [0] NCCL INFO [Proxy Service] Device 0 CPU core 0
node23D400662:1240:1717 [1] NCCL INFO [Proxy Service] Device 1 CPU core 2
node23D400662:1241:1721 [2] NCCL INFO [Proxy Service] Device 2 CPU core 133
node23D400662:1239:1720 [0] NCCL INFO [Proxy Service UDS] Device 0 CPU core 1
node23D400662:1240:1719 [1] NCCL INFO [Proxy Service UDS] Device 1 CPU core 3
node23D400662:1241:1722 [2] NCCL INFO [Proxy Service UDS] Device 2 CPU core 134
node23D400662:1242:1708 [3] NCCL INFO threadThresholds 8/8/64 | 512/8/64 | 512 | 512
node23D400662:1242:1708 [3] NCCL INFO 32 coll channels, 32 collnet channels, 0 nvls channels, 32 p2p channels, 32 p2p channels per peer
node23D400662:1239:1710 [0] NCCL INFO threadThresholds 8/8/64 | 512/8/64 | 512 | 512
node23D400662:1239:1710 [0] NCCL INFO 32 coll channels, 32 collnet channels, 0 nvls channels, 32 p2p channels, 32 p2p channels per peer
node23D400662:1241:1709 [2] NCCL INFO threadThresholds 8/8/64 | 512/8/64 | 512 | 512
node23D400662:1241:1709 [2] NCCL INFO 32 coll channels, 32 collnet channels, 0 nvls channels, 32 p2p channels, 32 p2p channels per peer
node23D400662:1240:1707 [1] NCCL INFO threadThresholds 8/8/64 | 512/8/64 | 512 | 512
node23D400662:1240:1707 [1] NCCL INFO 32 coll channels, 32 collnet channels, 0 nvls channels, 32 p2p channels, 32 p2p channels per peer
node23D400662:1239:1710 [0] NCCL INFO TUNER/Plugin: Could not find: libnccl-tuner.so. Using internal tuner plugin.
node23D400662:1242:1708 [3] NCCL INFO TUNER/Plugin: Could not find: libnccl-tuner.so. Using internal tuner plugin.
node23D400662:1240:1707 [1] NCCL INFO TUNER/Plugin: Could not find: libnccl-tuner.so. Using internal tuner plugin.
node23D400662:1239:1710 [0] NCCL INFO TUNER/Plugin: Failed to find ncclTunerPlugin_v4 symbol.
node23D400662:1242:1708 [3] NCCL INFO TUNER/Plugin: Failed to find ncclTunerPlugin_v4 symbol.
node23D400662:1240:1707 [1] NCCL INFO TUNER/Plugin: Failed to find ncclTunerPlugin_v4 symbol.
node23D400662:1239:1710 [0] NCCL INFO TUNER/Plugin: Failed to find ncclTunerPlugin_v3 symbol.
node23D400662:1242:1708 [3] NCCL INFO TUNER/Plugin: Failed to find ncclTunerPlugin_v3 symbol.
node23D400662:1240:1707 [1] NCCL INFO TUNER/Plugin: Failed to find ncclTunerPlugin_v3 symbol.
node23D400662:1239:1710 [0] NCCL INFO TUNER/Plugin: Failed to find ncclTunerPlugin_v2 symbol, using internal tuner instead.
node23D400662:1242:1708 [3] NCCL INFO TUNER/Plugin: Failed to find ncclTunerPlugin_v2 symbol, using internal tuner instead.
node23D400662:1240:1707 [1] NCCL INFO TUNER/Plugin: Failed to find ncclTunerPlugin_v2 symbol, using internal tuner instead.
node23D400662:1239:1710 [0] NCCL INFO ncclCommInitRankConfig comm 0x3d9e1980 rank 28 nranks 64 cudaDev 0 nvmlDev 0 busId 801000 commId 0xd0f8a826c702c9c7 - Init COMPLETE
node23D400662:1242:1708 [3] NCCL INFO ncclCommInitRankConfig comm 0x293ca0d0 rank 31 nranks 64 cudaDev 3 nvmlDev 3 busId 1901000 commId 0xd0f8a826c702c9c7 - Init COMPLETE
node23D400662:1241:1709 [2] NCCL INFO TUNER/Plugin: Could not find: libnccl-tuner.so. Using internal tuner plugin.
node23D400662:1240:1707 [1] NCCL INFO ncclCommInitRankConfig comm 0x430d63f0 rank 29 nranks 64 cudaDev 1 nvmlDev 1 busId 901000 commId 0xd0f8a826c702c9c7 - Init COMPLETE
node23D400662:1239:1710 [0] NCCL INFO Init timings - ncclCommInitRankConfig: rank 28 nranks 64 total 2.61 (kernels 0.09, alloc 0.15, bootstrap 0.03, allgathers 0.01, topo 2.11, graphs 0.04, connections 0.16, rest 0.01)
node23D400662:1242:1708 [3] NCCL INFO Init timings - ncclCommInitRankConfig: rank 31 nranks 64 total 2.89 (kernels 0.28, alloc 0.23, bootstrap 0.03, allgathers 0.05, topo 2.07, graphs 0.04, connections 0.15, rest 0.02)
node23D400662:1241:1709 [2] NCCL INFO TUNER/Plugin: Failed to find ncclTunerPlugin_v4 symbol.
node23D400662:1240:1707 [1] NCCL INFO Init timings - ncclCommInitRankConfig: rank 29 nranks 64 total 2.89 (kernels 0.29, alloc 0.22, bootstrap 0.05, allgathers 0.03, topo 2.09, graphs 0.04, connections 0.16, rest 0.01)
node23D400662:1241:1709 [2] NCCL INFO TUNER/Plugin: Failed to find ncclTunerPlugin_v3 symbol.
node23D400662:1241:1709 [2] NCCL INFO TUNER/Plugin: Failed to find ncclTunerPlugin_v2 symbol, using internal tuner instead.
node23D400662:1241:1709 [2] NCCL INFO ncclCommInitRankConfig comm 0x17d4f010 rank 30 nranks 64 cudaDev 2 nvmlDev 2 busId 1801000 commId 0xd0f8a826c702c9c7 - Init COMPLETE
node23D400662:1241:1709 [2] NCCL INFO Init timings - ncclCommInitRankConfig: rank 30 nranks 64 total 2.89 (kernels 0.28, alloc 0.23, bootstrap 0.04, allgathers 0.03, topo 2.09, graphs 0.04, connections 0.16, rest 0.01)
node23D400662:1242:1723 [3] NCCL INFO Channel 00/0 : 31[3] -> 32[0] via P2P/MNNVL
node23D400662:1240:1724 [1] NCCL INFO Channel 00/0 : 29[1] -> 30[2] via P2P/MNNVL
node23D400662:1242:1723 [3] NCCL INFO Channel 01/0 : 31[3] -> 32[0] via P2P/MNNVL
node23D400662:1240:1724 [1] NCCL INFO Channel 01/0 : 29[1] -> 30[2] via P2P/MNNVL
node23D400662:1242:1723 [3] NCCL INFO Channel 02/0 : 31[3] -> 32[0] via P2P/MNNVL
node23D400662:1242:1723 [3] NCCL INFO Channel 03/0 : 31[3] -> 32[0] via P2P/MNNVL
node23D400662:1240:1724 [1] NCCL INFO Channel 02/0 : 29[1] -> 30[2] via P2P/MNNVL
node23D400662:1240:1724 [1] NCCL INFO Channel 03/0 : 29[1] -> 30[2] via P2P/MNNVL
node23D400662:1241:1725 [2] NCCL INFO Channel 00/0 : 30[2] -> 31[3] via P2P/MNNVL
node23D400662:1242:1723 [3] NCCL INFO Channel 04/0 : 31[3] -> 32[0] via P2P/MNNVL
node23D400662:1240:1724 [1] NCCL INFO Channel 04/0 : 29[1] -> 30[2] via P2P/MNNVL
node23D400662:1241:1725 [2] NCCL INFO Channel 01/0 : 30[2] -> 31[3] via P2P/MNNVL
node23D400662:1242:1723 [3] NCCL INFO Channel 05/0 : 31[3] -> 32[0] via P2P/MNNVL
node23D400662:1240:1724 [1] NCCL INFO Channel 05/0 : 29[1] -> 30[2] via P2P/MNNVL
node23D400662:1241:1725 [2] NCCL INFO Channel 02/0 : 30[2] -> 31[3] via P2P/MNNVL
node23D400662:1242:1723 [3] NCCL INFO Channel 06/0 : 31[3] -> 32[0] via P2P/MNNVL
node23D400662:1240:1724 [1] NCCL INFO Channel 06/0 : 29[1] -> 30[2] via P2P/MNNVL
node23D400662:1241:1725 [2] NCCL INFO Channel 03/0 : 30[2] -> 31[3] via P2P/MNNVL
node23D400662:1241:1725 [2] NCCL INFO Channel 04/0 : 30[2] -> 31[3] via P2P/MNNVL
node23D400662:1239:1726 [0] NCCL INFO Channel 00/0 : 28[0] -> 29[1] via P2P/MNNVL
node23D400662:1240:1724 [1] NCCL INFO Channel 07/0 : 29[1] -> 30[2] via P2P/MNNVL
node23D400662:1242:1723 [3] NCCL INFO Channel 07/0 : 31[3] -> 32[0] via P2P/MNNVL
node23D400662:1241:1725 [2] NCCL INFO Channel 05/0 : 30[2] -> 31[3] via P2P/MNNVL
node23D400662:1242:1723 [3] NCCL INFO Channel 08/0 : 31[3] -> 32[0] via P2P/MNNVL
node23D400662:1240:1724 [1] NCCL INFO Channel 08/0 : 29[1] -> 30[2] via P2P/MNNVL
node23D400662:1239:1726 [0] NCCL INFO Channel 01/0 : 28[0] -> 29[1] via P2P/MNNVL
node23D400662:1241:1725 [2] NCCL INFO Channel 06/0 : 30[2] -> 31[3] via P2P/MNNVL
node23D400662:1240:1724 [1] NCCL INFO Channel 09/0 : 29[1] -> 30[2] via P2P/MNNVL
node23D400662:1242:1723 [3] NCCL INFO Channel 09/0 : 31[3] -> 32[0] via P2P/MNNVL
node23D400662:1239:1726 [0] NCCL INFO Channel 02/0 : 28[0] -> 29[1] via P2P/MNNVL
node23D400662:1241:1725 [2] NCCL INFO Channel 07/0 : 30[2] -> 31[3] via P2P/MNNVL
node23D400662:1240:1724 [1] NCCL INFO Channel 10/0 : 29[1] -> 30[2] via P2P/MNNVL
node23D400662:1242:1723 [3] NCCL INFO Channel 10/0 : 31[3] -> 32[0] via P2P/MNNVL
node23D400662:1239:1726 [0] NCCL INFO Channel 03/0 : 28[0] -> 29[1] via P2P/MNNVL
node23D400662:1241:1725 [2] NCCL INFO Channel 08/0 : 30[2] -> 31[3] via P2P/MNNVL
node23D400662:1240:1724 [1] NCCL INFO Channel 11/0 : 29[1] -> 30[2] via P2P/MNNVL
node23D400662:1242:1723 [3] NCCL INFO Channel 11/0 : 31[3] -> 32[0] via P2P/MNNVL
node23D400662:1239:1726 [0] NCCL INFO Channel 04/0 : 28[0] -> 29[1] via P2P/MNNVL
node23D400662:1240:1724 [1] NCCL INFO Channel 12/0 : 29[1] -> 30[2] via P2P/MNNVL
node23D400662:1242:1723 [3] NCCL INFO Channel 12/0 : 31[3] -> 32[0] via P2P/MNNVL
node23D400662:1241:1725 [2] NCCL INFO Channel 09/0 : 30[2] -> 31[3] via P2P/MNNVL
node23D400662:1239:1726 [0] NCCL INFO Channel 05/0 : 28[0] -> 29[1] via P2P/MNNVL
node23D400662:1240:1724 [1] NCCL INFO Channel 13/0 : 29[1] -> 30[2] via P2P/MNNVL
node23D400662:1242:1723 [3] NCCL INFO Channel 13/0 : 31[3] -> 32[0] via P2P/MNNVL
node23D400662:1240:1724 [1] NCCL INFO Channel 14/0 : 29[1] -> 30[2] via P2P/MNNVL
node23D400662:1239:1726 [0] NCCL INFO Channel 06/0 : 28[0] -> 29[1] via P2P/MNNVL
node23D400662:1241:1725 [2] NCCL INFO Channel 10/0 : 30[2] -> 31[3] via P2P/MNNVL
node23D400662:1239:1726 [0] NCCL INFO Channel 07/0 : 28[0] -> 29[1] via P2P/MNNVL
node23D400662:1240:1724 [1] NCCL INFO Channel 15/0 : 29[1] -> 30[2] via P2P/MNNVL
node23D400662:1241:1725 [2] NCCL INFO Channel 11/0 : 30[2] -> 31[3] via P2P/MNNVL
node23D400662:1242:1723 [3] NCCL INFO Channel 14/0 : 31[3] -> 32[0] via P2P/MNNVL
node23D400662:1240:1724 [1] NCCL INFO Channel 16/0 : 29[1] -> 30[2] via P2P/MNNVL
node23D400662:1239:1726 [0] NCCL INFO Channel 08/0 : 28[0] -> 29[1] via P2P/MNNVL
node23D400662:1242:1723 [3] NCCL INFO Channel 15/0 : 31[3] -> 32[0] via P2P/MNNVL
node23D400662:1240:1724 [1] NCCL INFO Channel 17/0 : 29[1] -> 30[2] via P2P/MNNVL
node23D400662:1241:1725 [2] NCCL INFO Channel 12/0 : 30[2] -> 31[3] via P2P/MNNVL
node23D400662:1239:1726 [0] NCCL INFO Channel 09/0 : 28[0] -> 29[1] via P2P/MNNVL
node23D400662:1242:1723 [3] NCCL INFO Channel 16/0 : 31[3] -> 32[0] via P2P/MNNVL
node23D400662:1240:1724 [1] NCCL INFO Channel 18/0 : 29[1] -> 30[2] via P2P/MNNVL
node23D400662:1241:1725 [2] NCCL INFO Channel 13/0 : 30[2] -> 31[3] via P2P/MNNVL
node23D400662:1242:1723 [3] NCCL INFO Channel 17/0 : 31[3] -> 32[0] via P2P/MNNVL
node23D400662:1239:1726 [0] NCCL INFO Channel 10/0 : 28[0] -> 29[1] via P2P/MNNVL
node23D400662:1241:1725 [2] NCCL INFO Channel 14/0 : 30[2] -> 31[3] via P2P/MNNVL
node23D400662:1242:1723 [3] NCCL INFO Channel 18/0 : 31[3] -> 32[0] via P2P/MNNVL
node23D400662:1239:1726 [0] NCCL INFO Channel 11/0 : 28[0] -> 29[1] via P2P/MNNVL
node23D400662:1240:1724 [1] NCCL INFO Channel 19/0 : 29[1] -> 30[2] via P2P/MNNVL
node23D400662:1241:1725 [2] NCCL INFO Channel 15/0 : 30[2] -> 31[3] via P2P/MNNVL
node23D400662:1242:1723 [3] NCCL INFO Channel 19/0 : 31[3] -> 32[0] via P2P/MNNVL
node23D400662:1242:1723 [3] NCCL INFO Channel 20/0 : 31[3] -> 32[0] via P2P/MNNVL
node23D400662:1239:1726 [0] NCCL INFO Channel 12/0 : 28[0] -> 29[1] via P2P/MNNVL
node23D400662:1240:1724 [1] NCCL INFO Channel 20/0 : 29[1] -> 30[2] via P2P/MNNVL
node23D400662:1241:1725 [2] NCCL INFO Channel 16/0 : 30[2] -> 31[3] via P2P/MNNVL
node23D400662:1239:1726 [0] NCCL INFO Channel 13/0 : 28[0] -> 29[1] via P2P/MNNVL
node23D400662:1242:1723 [3] NCCL INFO Channel 21/0 : 31[3] -> 32[0] via P2P/MNNVL
node23D400662:1240:1724 [1] NCCL INFO Channel 21/0 : 29[1] -> 30[2] via P2P/MNNVL
node23D400662:1241:1725 [2] NCCL INFO Channel 17/0 : 30[2] -> 31[3] via P2P/MNNVL
node23D400662:1240:1724 [1] NCCL INFO Channel 22/0 : 29[1] -> 30[2] via P2P/MNNVL
node23D400662:1239:1726 [0] NCCL INFO Channel 14/0 : 28[0] -> 29[1] via P2P/MNNVL
node23D400662:1241:1725 [2] NCCL INFO Channel 18/0 : 30[2] -> 31[3] via P2P/MNNVL
node23D400662:1242:1723 [3] NCCL INFO Channel 22/0 : 31[3] -> 32[0] via P2P/MNNVL
node23D400662:1240:1724 [1] NCCL INFO Channel 23/0 : 29[1] -> 30[2] via P2P/MNNVL
node23D400662:1241:1725 [2] NCCL INFO Channel 19/0 : 30[2] -> 31[3] via P2P/MNNVL
node23D400662:1239:1726 [0] NCCL INFO Channel 15/0 : 28[0] -> 29[1] via P2P/MNNVL
node23D400662:1242:1723 [3] NCCL INFO Channel 23/0 : 31[3] -> 32[0] via P2P/MNNVL
node23D400662:1240:1724 [1] NCCL INFO Channel 24/0 : 29[1] -> 30[2] via P2P/MNNVL
node23D400662:1241:1725 [2] NCCL INFO Channel 20/0 : 30[2] -> 31[3] via P2P/MNNVL
node23D400662:1240:1724 [1] NCCL INFO Channel 25/0 : 29[1] -> 30[2] via P2P/MNNVL
node23D400662:1239:1726 [0] NCCL INFO Channel 16/0 : 28[0] -> 29[1] via P2P/MNNVL
node23D400662:1242:1723 [3] NCCL INFO Channel 24/0 : 31[3] -> 32[0] via P2P/MNNVL
node23D400662:1241:1725 [2] NCCL INFO Channel 21/0 : 30[2] -> 31[3] via P2P/MNNVL
node23D400662:1239:1726 [0] NCCL INFO Channel 17/0 : 28[0] -> 29[1] via P2P/MNNVL
node23D400662:1240:1724 [1] NCCL INFO Channel 26/0 : 29[1] -> 30[2] via P2P/MNNVL
node23D400662:1242:1723 [3] NCCL INFO Channel 25/0 : 31[3] -> 32[0] via P2P/MNNVL
node23D400662:1241:1725 [2] NCCL INFO Channel 22/0 : 30[2] -> 31[3] via P2P/MNNVL
node23D400662:1239:1726 [0] NCCL INFO Channel 18/0 : 28[0] -> 29[1] via P2P/MNNVL
node23D400662:1240:1724 [1] NCCL INFO Channel 27/0 : 29[1] -> 30[2] via P2P/MNNVL
node23D400662:1242:1723 [3] NCCL INFO Channel 26/0 : 31[3] -> 32[0] via P2P/MNNVL
node23D400662:1239:1726 [0] NCCL INFO Channel 19/0 : 28[0] -> 29[1] via P2P/MNNVL
node23D400662:1240:1724 [1] NCCL INFO Channel 28/0 : 29[1] -> 30[2] via P2P/MNNVL
node23D400662:1241:1725 [2] NCCL INFO Channel 23/0 : 30[2] -> 31[3] via P2P/MNNVL
node23D400662:1242:1723 [3] NCCL INFO Channel 27/0 : 31[3] -> 32[0] via P2P/MNNVL
node23D400662:1240:1724 [1] NCCL INFO Channel 29/0 : 29[1] -> 30[2] via P2P/MNNVL
node23D400662:1241:1725 [2] NCCL INFO Channel 24/0 : 30[2] -> 31[3] via P2P/MNNVL
node23D400662:1239:1726 [0] NCCL INFO Channel 20/0 : 28[0] -> 29[1] via P2P/MNNVL
node23D400662:1242:1723 [3] NCCL INFO Channel 28/0 : 31[3] -> 32[0] via P2P/MNNVL
node23D400662:1241:1725 [2] NCCL INFO Channel 25/0 : 30[2] -> 31[3] via P2P/MNNVL
node23D400662:1240:1724 [1] NCCL INFO Channel 30/0 : 29[1] -> 30[2] via P2P/MNNVL
node23D400662:1239:1726 [0] NCCL INFO Channel 21/0 : 28[0] -> 29[1] via P2P/MNNVL
node23D400662:1242:1723 [3] NCCL INFO Channel 29/0 : 31[3] -> 32[0] via P2P/MNNVL
node23D400662:1240:1724 [1] NCCL INFO Channel 31/0 : 29[1] -> 30[2] via P2P/MNNVL
node23D400662:1239:1726 [0] NCCL INFO Channel 22/0 : 28[0] -> 29[1] via P2P/MNNVL
node23D400662:1241:1725 [2] NCCL INFO Channel 26/0 : 30[2] -> 31[3] via P2P/MNNVL
node23D400662:1242:1723 [3] NCCL INFO Channel 30/0 : 31[3] -> 32[0] via P2P/MNNVL
node23D400662:1242:1723 [3] NCCL INFO Channel 31/0 : 31[3] -> 32[0] via P2P/MNNVL
node23D400662:1239:1726 [0] NCCL INFO Channel 23/0 : 28[0] -> 29[1] via P2P/MNNVL
node23D400662:1241:1725 [2] NCCL INFO Channel 27/0 : 30[2] -> 31[3] via P2P/MNNVL
node23D400662:1239:1726 [0] NCCL INFO Channel 24/0 : 28[0] -> 29[1] via P2P/MNNVL
node23D400662:1241:1725 [2] NCCL INFO Channel 28/0 : 30[2] -> 31[3] via P2P/MNNVL
node23D400662:1239:1726 [0] NCCL INFO Channel 25/0 : 28[0] -> 29[1] via P2P/MNNVL
node23D400662:1241:1725 [2] NCCL INFO Channel 29/0 : 30[2] -> 31[3] via P2P/MNNVL
node23D400662:1241:1725 [2] NCCL INFO Channel 30/0 : 30[2] -> 31[3] via P2P/MNNVL
node23D400662:1239:1726 [0] NCCL INFO Channel 26/0 : 28[0] -> 29[1] via P2P/MNNVL
node23D400662:1239:1726 [0] NCCL INFO Channel 27/0 : 28[0] -> 29[1] via P2P/MNNVL
node23D400662:1241:1725 [2] NCCL INFO Channel 31/0 : 30[2] -> 31[3] via P2P/MNNVL
node23D400662:1239:1726 [0] NCCL INFO Channel 28/0 : 28[0] -> 29[1] via P2P/MNNVL
node23D400662:1239:1726 [0] NCCL INFO Channel 29/0 : 28[0] -> 29[1] via P2P/MNNVL
node23D400662:1239:1726 [0] NCCL INFO Channel 30/0 : 28[0] -> 29[1] via P2P/MNNVL
node23D400662:1239:1726 [0] NCCL INFO Channel 31/0 : 28[0] -> 29[1] via P2P/MNNVL
node23D400662:1240:1724 [1] NCCL INFO Connected all rings, use ring PXN 0 GDR 1
node23D400662:1242:1723 [3] NCCL INFO Connected all rings, use ring PXN 0 GDR 1
node23D400662:1239:1726 [0] NCCL INFO Connected all rings, use ring PXN 0 GDR 1
node23D400662:1241:1725 [2] NCCL INFO Connected all rings, use ring PXN 0 GDR 1
node23D400662:1241:1241 [2] NCCL INFO Comm config Blocking set to 1
node23D400662:1239:1239 [0] NCCL INFO Comm config Blocking set to 1
node23D400662:1242:1242 [3] NCCL INFO Comm config Blocking set to 1
node23D400662:1240:1240 [1] NCCL INFO Comm config Blocking set to 1
node23D400662:1241:2081 [2] NCCL INFO Assigned NET plugin Socket to comm
node23D400662:1240:2082 [1] NCCL INFO Assigned NET plugin Socket to comm
node23D400662:1241:2081 [2] NCCL INFO Using network Socket
node23D400662:1242:2079 [3] NCCL INFO Assigned NET plugin Socket to comm
node23D400662:1240:2082 [1] NCCL INFO Using network Socket
node23D400662:1239:2080 [0] NCCL INFO Assigned NET plugin Socket to comm
node23D400662:1242:2079 [3] NCCL INFO Using network Socket
node23D400662:1239:2080 [0] NCCL INFO Using network Socket
node23D400662:1242:2079 [3] NCCL INFO ncclCommInitRankConfig comm 0x340fdee0 rank 1 nranks 4 cudaDev 3 nvmlDev 3 busId 1901000 commId 0x527f250b8bc28043 - Init START
node23D400662:1239:2080 [0] NCCL INFO ncclCommInitRankConfig comm 0x47d65400 rank 1 nranks 4 cudaDev 0 nvmlDev 0 busId 801000 commId 0x11331a05ae2e9281 - Init START
node23D400662:1240:2082 [1] NCCL INFO ncclCommInitRankConfig comm 0x4d3f68a0 rank 1 nranks 4 cudaDev 1 nvmlDev 1 busId 901000 commId 0xfdd91ac96ed99526 - Init START
node23D400662:1241:2081 [2] NCCL INFO ncclCommInitRankConfig comm 0x22c95d00 rank 1 nranks 4 cudaDev 2 nvmlDev 2 busId 1801000 commId 0x270496ae70d275a2 - Init START
node23D400662:1240:2082 [1] NCCL INFO Bootstrap timings total 0.001365 (create 0.000039, send 0.000179, recv 0.000506, ring 0.000402, delay 0.000000)
node23D400662:1241:2081 [2] NCCL INFO Bootstrap timings total 0.001449 (create 0.000031, send 0.000210, recv 0.000642, ring 0.000372, delay 0.000000)
node23D400662:1240:2082 [1] NCCL INFO MNNVL busId 0x901000 fabric UUID aa48724aeeaad6a8.b34b901796a1c18d cliqueId 0x7ffe state 3 healthMask 0xaa
node23D400662:1241:2081 [2] NCCL INFO MNNVL busId 0x1801000 fabric UUID aa48724aeeaad6a8.b34b901796a1c18d cliqueId 0x7ffe state 3 healthMask 0xaa
node23D400662:1241:2081 [2] NCCL INFO MNNVL 1 cliqueId 7ffe cliqueSize 4 cliqueRank 1
node23D400662:1240:2082 [1] NCCL INFO MNNVL 1 cliqueId 7ffe cliqueSize 4 cliqueRank 1
node23D400662:1239:2080 [0] NCCL INFO Bootstrap timings total 0.028643 (create 0.000046, send 0.000236, recv 0.010706, ring 0.000363, delay 0.000000)
node23D400662:1242:2079 [3] NCCL INFO Bootstrap timings total 0.028996 (create 0.000057, send 0.000193, recv 0.010705, ring 0.000375, delay 0.000000)
node23D400662:1242:2079 [3] NCCL INFO MNNVL busId 0x1901000 fabric UUID aa48724aeeaad6a8.b34b901796a1c18d cliqueId 0x7ffe state 3 healthMask 0xaa
node23D400662:1239:2080 [0] NCCL INFO MNNVL busId 0x801000 fabric UUID aa48724aeeaad6a8.b34b901796a1c18d cliqueId 0x7ffe state 3 healthMask 0xaa
node23D400662:1242:2079 [3] NCCL INFO MNNVL 1 cliqueId 7ffe cliqueSize 4 cliqueRank 1
node23D400662:1239:2080 [0] NCCL INFO MNNVL 1 cliqueId 7ffe cliqueSize 4 cliqueRank 1
node23D400662:1240:2082 [1] NCCL INFO Setting affinity for GPU 1 to 0-71
node23D400662:1240:2082 [1] NCCL INFO comm 0x4d3f68a0 rank 1 nRanks 4 nNodes 1 localRanks 4 localRank 1 MNNVL 1
node23D400662:1240:2082 [1] NCCL INFO Trees [0] 2/-1/-1->1->0 [1] 2/-1/-1->1->0 [2] 2/-1/-1->1->0 [3] 2/-1/-1->1->0 [4] 2/-1/-1->1->0 [5] 2/-1/-1->1->0 [6] 2/-1/-1->1->0 [7] 2/-1/-1->1->0 [8] 2/-1/-1->1->0 [9] 2/-1/-1->1->0 [10] 2/-1/-1->1->-1 [11] 2/-1/-1->1->-1 [12] -1/-1/-1->1->0 [13] -1/-1/-1->1->0 [14] 2/-1/-1->1->0 [15] 2/-1/-1->1->0 [16] 2/-1/-1->1->0 [17] 2/-1/-1->1->0 [18] 2/-1/-1->1->0 [19] 2/-1/-1->1->0 [20] 2/-1/-1->1->0 [21] 2/-1/-1->1->0 [22] 2/-1/-1->1->0 [23] 2/-1/-1->1->0 [24] 2/-1/-1->1->0 [25] 2/-1/-1->1->0 [26] 2/-1/-1->1->-1 [27] 2/-1/-1->1->-1 [28] -1/-1/-1->1->0 [29] -1/-1/-1->1->0 [30] 2/-1/-1->1->0 [31] 2/-1/-1->1->0
node23D400662:1240:2082 [1] NCCL INFO P2P Chunksize set to 524288
node23D400662:1240:2083 [1] NCCL INFO [Proxy Service] Device 1 CPU core 0
node23D400662:1240:2084 [1] NCCL INFO [Proxy Service UDS] Device 1 CPU core 4
node23D400662:1241:2081 [2] NCCL INFO Setting affinity for GPU 2 to 72-143
node23D400662:1241:2081 [2] NCCL INFO comm 0x22c95d00 rank 1 nRanks 4 nNodes 1 localRanks 4 localRank 1 MNNVL 1
node23D400662:1241:2081 [2] NCCL INFO Trees [0] 2/-1/-1->1->0 [1] 2/-1/-1->1->0 [2] 2/-1/-1->1->0 [3] 2/-1/-1->1->0 [4] 2/-1/-1->1->0 [5] 2/-1/-1->1->0 [6] 2/-1/-1->1->0 [7] 2/-1/-1->1->0 [8] 2/-1/-1->1->0 [9] 2/-1/-1->1->0 [10] 2/-1/-1->1->-1 [11] 2/-1/-1->1->-1 [12] -1/-1/-1->1->0 [13] -1/-1/-1->1->0 [14] 2/-1/-1->1->0 [15] 2/-1/-1->1->0 [16] 2/-1/-1->1->0 [17] 2/-1/-1->1->0 [18] 2/-1/-1->1->0 [19] 2/-1/-1->1->0 [20] 2/-1/-1->1->0 [21] 2/-1/-1->1->0 [22] 2/-1/-1->1->0 [23] 2/-1/-1->1->0 [24] 2/-1/-1->1->0 [25] 2/-1/-1->1->0 [26] 2/-1/-1->1->-1 [27] 2/-1/-1->1->-1 [28] -1/-1/-1->1->0 [29] -1/-1/-1->1->0 [30] 2/-1/-1->1->0 [31] 2/-1/-1->1->0
node23D400662:1241:2081 [2] NCCL INFO P2P Chunksize set to 524288
node23D400662:1241:2085 [2] NCCL INFO [Proxy Service] Device 2 CPU core 83
node23D400662:1241:2086 [2] NCCL INFO [Proxy Service UDS] Device 2 CPU core 113
node23D400662:1241:2081 [2] NCCL INFO threadThresholds 8/8/64 | 32/8/64 | 512 | 512
node23D400662:1241:2081 [2] NCCL INFO 32 coll channels, 32 collnet channels, 0 nvls channels, 32 p2p channels, 32 p2p channels per peer
node23D400662:1240:2082 [1] NCCL INFO threadThresholds 8/8/64 | 32/8/64 | 512 | 512
node23D400662:1240:2082 [1] NCCL INFO 32 coll channels, 32 collnet channels, 0 nvls channels, 32 p2p channels, 32 p2p channels per peer
node23D400662:1241:2081 [2] NCCL INFO ncclCommInitRankConfig comm 0x22c95d00 rank 1 nranks 4 cudaDev 2 nvmlDev 2 busId 1801000 commId 0x270496ae70d275a2 - Init COMPLETE
node23D400662:1241:2081 [2] NCCL INFO Init timings - ncclCommInitRankConfig: rank 1 nranks 4 total 0.47 (kernels 0.00, alloc 0.00, bootstrap 0.00, allgathers 0.00, topo 0.32, graphs 0.00, connections 0.13, rest 0.01)
node23D400662:1240:2082 [1] NCCL INFO ncclCommInitRankConfig comm 0x4d3f68a0 rank 1 nranks 4 cudaDev 1 nvmlDev 1 busId 901000 commId 0xfdd91ac96ed99526 - Init COMPLETE
node23D400662:1240:2082 [1] NCCL INFO Init timings - ncclCommInitRankConfig: rank 1 nranks 4 total 0.47 (kernels 0.00, alloc 0.00, bootstrap 0.00, allgathers 0.01, topo 0.27, graphs 0.01, connections 0.17, rest 0.01)
node23D400662:1239:2080 [0] NCCL INFO Setting affinity for GPU 0 to 0-71
node23D400662:1239:2080 [0] NCCL INFO comm 0x47d65400 rank 1 nRanks 4 nNodes 1 localRanks 4 localRank 1 MNNVL 1
node23D400662:1239:2080 [0] NCCL INFO Trees [0] 2/-1/-1->1->0 [1] 2/-1/-1->1->0 [2] 2/-1/-1->1->0 [3] 2/-1/-1->1->0 [4] 2/-1/-1->1->0 [5] 2/-1/-1->1->0 [6] 2/-1/-1->1->0 [7] 2/-1/-1->1->0 [8] 2/-1/-1->1->0 [9] 2/-1/-1->1->0 [10] 2/-1/-1->1->-1 [11] 2/-1/-1->1->-1 [12] -1/-1/-1->1->0 [13] -1/-1/-1->1->0 [14] 2/-1/-1->1->0 [15] 2/-1/-1->1->0 [16] 2/-1/-1->1->0 [17] 2/-1/-1->1->0 [18] 2/-1/-1->1->0 [19] 2/-1/-1->1->0 [20] 2/-1/-1->1->0 [21] 2/-1/-1->1->0 [22] 2/-1/-1->1->0 [23] 2/-1/-1->1->0 [24] 2/-1/-1->1->0 [25] 2/-1/-1->1->0 [26] 2/-1/-1->1->-1 [27] 2/-1/-1->1->-1 [28] -1/-1/-1->1->0 [29] -1/-1/-1->1->0 [30] 2/-1/-1->1->0 [31] 2/-1/-1->1->0
node23D400662:1239:2080 [0] NCCL INFO P2P Chunksize set to 524288
node23D400662:1239:2089 [0] NCCL INFO [Proxy Service] Device 0 CPU core 6
node23D400662:1239:2090 [0] NCCL INFO [Proxy Service UDS] Device 0 CPU core 8
node23D400662:1242:2079 [3] NCCL INFO Setting affinity for GPU 3 to 72-143
node23D400662:1242:2079 [3] NCCL INFO comm 0x340fdee0 rank 1 nRanks 4 nNodes 1 localRanks 4 localRank 1 MNNVL 1
node23D400662:1242:2079 [3] NCCL INFO Trees [0] 2/-1/-1->1->0 [1] 2/-1/-1->1->0 [2] 2/-1/-1->1->0 [3] 2/-1/-1->1->0 [4] 2/-1/-1->1->0 [5] 2/-1/-1->1->0 [6] 2/-1/-1->1->0 [7] 2/-1/-1->1->0 [8] 2/-1/-1->1->0 [9] 2/-1/-1->1->0 [10] 2/-1/-1->1->-1 [11] 2/-1/-1->1->-1 [12] -1/-1/-1->1->0 [13] -1/-1/-1->1->0 [14] 2/-1/-1->1->0 [15] 2/-1/-1->1->0 [16] 2/-1/-1->1->0 [17] 2/-1/-1->1->0 [18] 2/-1/-1->1->0 [19] 2/-1/-1->1->0 [20] 2/-1/-1->1->0 [21] 2/-1/-1->1->0 [22] 2/-1/-1->1->0 [23] 2/-1/-1->1->0 [24] 2/-1/-1->1->0 [25] 2/-1/-1->1->0 [26] 2/-1/-1->1->-1 [27] 2/-1/-1->1->-1 [28] -1/-1/-1->1->0 [29] -1/-1/-1->1->0 [30] 2/-1/-1->1->0 [31] 2/-1/-1->1->0
node23D400662:1242:2079 [3] NCCL INFO P2P Chunksize set to 524288
node23D400662:1242:2091 [3] NCCL INFO [Proxy Service] Device 3 CPU core 81
node23D400662:1242:2092 [3] NCCL INFO [Proxy Service UDS] Device 3 CPU core 85
node23D400662:1239:2080 [0] NCCL INFO threadThresholds 8/8/64 | 32/8/64 | 512 | 512
node23D400662:1239:2080 [0] NCCL INFO 32 coll channels, 32 collnet channels, 0 nvls channels, 32 p2p channels, 32 p2p channels per peer
node23D400662:1242:2079 [3] NCCL INFO threadThresholds 8/8/64 | 32/8/64 | 512 | 512
node23D400662:1242:2079 [3] NCCL INFO 32 coll channels, 32 collnet channels, 0 nvls channels, 32 p2p channels, 32 p2p channels per peer
node23D400662:1242:2079 [3] NCCL INFO ncclCommInitRankConfig comm 0x340fdee0 rank 1 nranks 4 cudaDev 3 nvmlDev 3 busId 1901000 commId 0x527f250b8bc28043 - Init COMPLETE
node23D400662:1242:2079 [3] NCCL INFO Init timings - ncclCommInitRankConfig: rank 1 nranks 4 total 0.63 (kernels 0.00, alloc 0.00, bootstrap 0.03, allgathers 0.05, topo 0.34, graphs 0.00, connections 0.12, rest 0.09)
node23D400662:1239:2080 [0] NCCL INFO ncclCommInitRankConfig comm 0x47d65400 rank 1 nranks 4 cudaDev 0 nvmlDev 0 busId 801000 commId 0x11331a05ae2e9281 - Init COMPLETE
node23D400662:1239:2080 [0] NCCL INFO Init timings - ncclCommInitRankConfig: rank 1 nranks 4 total 0.63 (kernels 0.00, alloc 0.00, bootstrap 0.03, allgathers 0.06, topo 0.30, graphs 0.00, connections 0.15, rest 0.09)
node23D400662:1242:1242 [3] NCCL INFO Comm config Blocking set to 1
node23D400662:1241:1241 [2] NCCL INFO Comm config Blocking set to 1
node23D400662:1240:1240 [1] NCCL INFO Comm config Blocking set to 1
node23D400662:1239:1239 [0] NCCL INFO Comm config Blocking set to 1
node23D400662:1242:2095 [3] NCCL INFO Assigned NET plugin Socket to comm
node23D400662:1241:2096 [2] NCCL INFO Assigned NET plugin Socket to comm
node23D400662:1242:2095 [3] NCCL INFO Using network Socket
node23D400662:1240:2097 [1] NCCL INFO Assigned NET plugin Socket to comm
node23D400662:1241:2096 [2] NCCL INFO Using network Socket
node23D400662:1239:2098 [0] NCCL INFO Assigned NET plugin Socket to comm
node23D400662:1240:2097 [1] NCCL INFO Using network Socket
node23D400662:1239:2098 [0] NCCL INFO Using network Socket
node23D400662:1242:2095 [3] NCCL INFO ncclCommInitRankConfig comm 0x3d1c6290 rank 7 nranks 8 cudaDev 3 nvmlDev 3 busId 1901000 commId 0x8d533d18a1f8c741 - Init START
node23D400662:1241:2096 [2] NCCL INFO ncclCommInitRankConfig comm 0x2bd5d0c0 rank 6 nranks 8 cudaDev 2 nvmlDev 2 busId 1801000 commId 0x8d533d18a1f8c741 - Init START
node23D400662:1240:2097 [1] NCCL INFO ncclCommInitRankConfig comm 0x564be7d0 rank 5 nranks 8 cudaDev 1 nvmlDev 1 busId 901000 commId 0x8d533d18a1f8c741 - Init START
node23D400662:1239:2098 [0] NCCL INFO ncclCommInitRankConfig comm 0x50e2d2c0 rank 4 nranks 8 cudaDev 0 nvmlDev 0 busId 801000 commId 0x8d533d18a1f8c741 - Init START
node23D400662:1241:2096 [2] NCCL INFO Bootstrap timings total 0.001316 (create 0.000035, send 0.000198, recv 0.000538, ring 0.000377, delay 0.000000)
node23D400662:1242:2095 [3] NCCL INFO Bootstrap timings total 0.001322 (create 0.000040, send 0.000150, recv 0.000390, ring 0.000374, delay 0.000000)
node23D400662:1240:2097 [1] NCCL INFO Bootstrap timings total 0.001296 (create 0.000028, send 0.000149, recv 0.000481, ring 0.000225, delay 0.000000)
node23D400662:1239:2098 [0] NCCL INFO Bootstrap timings total 0.001284 (create 0.000026, send 0.000216, recv 0.000660, ring 0.000234, delay 0.000000)
node23D400662:1242:2095 [3] NCCL INFO MNNVL busId 0x1901000 fabric UUID aa48724aeeaad6a8.b34b901796a1c18d cliqueId 0x7ffe state 3 healthMask 0xaa
node23D400662:1241:2096 [2] NCCL INFO MNNVL busId 0x1801000 fabric UUID aa48724aeeaad6a8.b34b901796a1c18d cliqueId 0x7ffe state 3 healthMask 0xaa
node23D400662:1239:2098 [0] NCCL INFO MNNVL busId 0x801000 fabric UUID aa48724aeeaad6a8.b34b901796a1c18d cliqueId 0x7ffe state 3 healthMask 0xaa
node23D400662:1240:2097 [1] NCCL INFO MNNVL busId 0x901000 fabric UUID aa48724aeeaad6a8.b34b901796a1c18d cliqueId 0x7ffe state 3 healthMask 0xaa
node23D400662:1242:2095 [3] NCCL INFO MNNVL 1 cliqueId 7ffe cliqueSize 8 cliqueRank 7
node23D400662:1241:2096 [2] NCCL INFO MNNVL 1 cliqueId 7ffe cliqueSize 8 cliqueRank 6
node23D400662:1240:2097 [1] NCCL INFO MNNVL 1 cliqueId 7ffe cliqueSize 8 cliqueRank 5
node23D400662:1239:2098 [0] NCCL INFO MNNVL 1 cliqueId 7ffe cliqueSize 8 cliqueRank 4
node23D400662:1241:2096 [2] NCCL INFO Setting affinity for GPU 2 to 72-143
node23D400662:1240:2097 [1] NCCL INFO Setting affinity for GPU 1 to 0-71
node23D400662:1242:2095 [3] NCCL INFO Setting affinity for GPU 3 to 72-143
node23D400662:1239:2098 [0] NCCL INFO Setting affinity for GPU 0 to 0-71
node23D400662:1242:2095 [3] NCCL INFO comm 0x3d1c6290 rank 7 nRanks 8 nNodes 1 localRanks 8 localRank 7 MNNVL 1
node23D400662:1242:2095 [3] NCCL INFO Trees [0] -1/-1/-1->7->6 [1] -1/-1/-1->7->6 [2] -1/-1/-1->7->6 [3] -1/-1/-1->7->6 [4] -1/-1/-1->7->6 [5] -1/-1/-1->7->6 [6] -1/-1/-1->7->6 [7] -1/-1/-1->7->6 [8] -1/-1/-1->7->6 [9] -1/-1/-1->7->6 [10] -1/-1/-1->7->6 [11] -1/-1/-1->7->6 [12] -1/-1/-1->7->6 [13] -1/-1/-1->7->6 [14] -1/-1/-1->7->6 [15] -1/-1/-1->7->6 [16] -1/-1/-1->7->6 [17] -1/-1/-1->7->6 [18] -1/-1/-1->7->6 [19] -1/-1/-1->7->6 [20] -1/-1/-1->7->6 [21] -1/-1/-1->7->6 [22] -1/-1/-1->7->6 [23] -1/-1/-1->7->6 [24] -1/-1/-1->7->6 [25] -1/-1/-1->7->6 [26] -1/-1/-1->7->6 [27] -1/-1/-1->7->6 [28] -1/-1/-1->7->6 [29] -1/-1/-1->7->6 [30] -1/-1/-1->7->6 [31] -1/-1/-1->7->6
node23D400662:1242:2095 [3] NCCL INFO P2P Chunksize set to 524288
node23D400662:1242:2099 [3] NCCL INFO [Proxy Service] Device 3 CPU core 113
node23D400662:1242:2100 [3] NCCL INFO [Proxy Service UDS] Device 3 CPU core 114
node23D400662:1241:2096 [2] NCCL INFO comm 0x2bd5d0c0 rank 6 nRanks 8 nNodes 1 localRanks 8 localRank 6 MNNVL 1
node23D400662:1241:2096 [2] NCCL INFO Trees [0] 7/-1/-1->6->5 [1] 7/-1/-1->6->5 [2] 7/-1/-1->6->5 [3] 7/-1/-1->6->5 [4] 7/-1/-1->6->5 [5] 7/-1/-1->6->5 [6] 7/-1/-1->6->5 [7] 7/-1/-1->6->5 [8] 7/-1/-1->6->5 [9] 7/-1/-1->6->5 [10] 7/-1/-1->6->5 [11] 7/-1/-1->6->5 [12] 7/-1/-1->6->5 [13] 7/-1/-1->6->5 [14] 7/-1/-1->6->5 [15] 7/-1/-1->6->5 [16] 7/-1/-1->6->5 [17] 7/-1/-1->6->5 [18] 7/-1/-1->6->5 [19] 7/-1/-1->6->5 [20] 7/-1/-1->6->5 [21] 7/-1/-1->6->5 [22] 7/-1/-1->6->5 [23] 7/-1/-1->6->5 [24] 7/-1/-1->6->5 [25] 7/-1/-1->6->5 [26] 7/-1/-1->6->5 [27] 7/-1/-1->6->5 [28] 7/-1/-1->6->5 [29] 7/-1/-1->6->5 [30] 7/-1/-1->6->5 [31] 7/-1/-1->6->5
node23D400662:1241:2096 [2] NCCL INFO P2P Chunksize set to 524288
node23D400662:1240:2097 [1] NCCL INFO comm 0x564be7d0 rank 5 nRanks 8 nNodes 1 localRanks 8 localRank 5 MNNVL 1
node23D400662:1239:2098 [0] NCCL INFO comm 0x50e2d2c0 rank 4 nRanks 8 nNodes 1 localRanks 8 localRank 4 MNNVL 1
node23D400662:1240:2097 [1] NCCL INFO Trees [0] 6/-1/-1->5->4 [1] 6/-1/-1->5->4 [2] 6/-1/-1->5->4 [3] 6/-1/-1->5->4 [4] 6/-1/-1->5->4 [5] 6/-1/-1->5->4 [6] 6/-1/-1->5->4 [7] 6/-1/-1->5->4 [8] 6/-1/-1->5->4 [9] 6/-1/-1->5->4 [10] 6/-1/-1->5->4 [11] 6/-1/-1->5->4 [12] 6/-1/-1->5->4 [13] 6/-1/-1->5->4 [14] 6/-1/-1->5->4 [15] 6/-1/-1->5->4 [16] 6/-1/-1->5->4 [17] 6/-1/-1->5->4 [18] 6/-1/-1->5->4 [19] 6/-1/-1->5->4 [20] 6/-1/-1->5->4 [21] 6/-1/-1->5->4 [22] 6/-1/-1->5->4 [23] 6/-1/-1->5->4 [24] 6/-1/-1->5->4 [25] 6/-1/-1->5->4 [26] 6/-1/-1->5->4 [27] 6/-1/-1->5->4 [28] 6/-1/-1->5->4 [29] 6/-1/-1->5->4 [30] 6/-1/-1->5->4 [31] 6/-1/-1->5->4
node23D400662:1240:2097 [1] NCCL INFO P2P Chunksize set to 524288
node23D400662:1239:2098 [0] NCCL INFO Trees [0] 5/-1/-1->4->3 [1] 5/-1/-1->4->3 [2] 5/-1/-1->4->3 [3] 5/-1/-1->4->3 [4] 5/-1/-1->4->3 [5] 5/-1/-1->4->3 [6] 5/-1/-1->4->3 [7] 5/-1/-1->4->3 [8] 5/-1/-1->4->3 [9] 5/-1/-1->4->3 [10] 5/-1/-1->4->3 [11] 5/-1/-1->4->3 [12] 5/-1/-1->4->3 [13] 5/-1/-1->4->3 [14] 5/-1/-1->4->3 [15] 5/-1/-1->4->3 [16] 5/-1/-1->4->3 [17] 5/-1/-1->4->3 [18] 5/-1/-1->4->3 [19] 5/-1/-1->4->3 [20] 5/-1/-1->4->3 [21] 5/-1/-1->4->3 [22] 5/-1/-1->4->3 [23] 5/-1/-1->4->3 [24] 5/-1/-1->4->3 [25] 5/-1/-1->4->3 [26] 5/-1/-1->4->3 [27] 5/-1/-1->4->3 [28] 5/-1/-1->4->3 [29] 5/-1/-1->4->3 [30] 5/-1/-1->4->3 [31] 5/-1/-1->4->3
node23D400662:1239:2098 [0] NCCL INFO P2P Chunksize set to 524288
node23D400662:1241:2101 [2] NCCL INFO [Proxy Service] Device 2 CPU core 83
node23D400662:1241:2102 [2] NCCL INFO [Proxy Service UDS] Device 2 CPU core 84
node23D400662:1240:2103 [1] NCCL INFO [Proxy Service] Device 1 CPU core 0
node23D400662:1240:2104 [1] NCCL INFO [Proxy Service UDS] Device 1 CPU core 3
node23D400662:1239:2105 [0] NCCL INFO [Proxy Service] Device 0 CPU core 6
node23D400662:1239:2106 [0] NCCL INFO [Proxy Service UDS] Device 0 CPU core 8
node23D400662:1241:2096 [2] NCCL INFO threadThresholds 8/8/64 | 64/8/64 | 512 | 512
node23D400662:1241:2096 [2] NCCL INFO 32 coll channels, 32 collnet channels, 0 nvls channels, 32 p2p channels, 32 p2p channels per peer
node23D400662:1242:2095 [3] NCCL INFO threadThresholds 8/8/64 | 64/8/64 | 512 | 512
node23D400662:1242:2095 [3] NCCL INFO 32 coll channels, 32 collnet channels, 0 nvls channels, 32 p2p channels, 32 p2p channels per peer
node23D400662:1239:2098 [0] NCCL INFO threadThresholds 8/8/64 | 64/8/64 | 512 | 512
node23D400662:1239:2098 [0] NCCL INFO 32 coll channels, 32 collnet channels, 0 nvls channels, 32 p2p channels, 32 p2p channels per peer
node23D400662:1240:2097 [1] NCCL INFO threadThresholds 8/8/64 | 64/8/64 | 512 | 512
node23D400662:1240:2097 [1] NCCL INFO 32 coll channels, 32 collnet channels, 0 nvls channels, 32 p2p channels, 32 p2p channels per peer
node23D400662:1240:2097 [1] NCCL INFO ncclCommInitRankConfig comm 0x564be7d0 rank 5 nranks 8 cudaDev 1 nvmlDev 1 busId 901000 commId 0x8d533d18a1f8c741 - Init COMPLETE
node23D400662:1240:2097 [1] NCCL INFO Init timings - ncclCommInitRankConfig: rank 5 nranks 8 total 1.02 (kernels 0.00, alloc 0.00, bootstrap 0.00, allgathers 0.05, topo 0.81, graphs 0.00, connections 0.16, rest 0.00)
node23D400662:1241:2096 [2] NCCL INFO ncclCommInitRankConfig comm 0x2bd5d0c0 rank 6 nranks 8 cudaDev 2 nvmlDev 2 busId 1801000 commId 0x8d533d18a1f8c741 - Init COMPLETE
node23D400662:1241:2096 [2] NCCL INFO Init timings - ncclCommInitRankConfig: rank 6 nranks 8 total 1.02 (kernels 0.00, alloc 0.00, bootstrap 0.00, allgathers 0.05, topo 0.81, graphs 0.00, connections 0.15, rest 0.01)
node23D400662:1242:2095 [3] NCCL INFO ncclCommInitRankConfig comm 0x3d1c6290 rank 7 nranks 8 cudaDev 3 nvmlDev 3 busId 1901000 commId 0x8d533d18a1f8c741 - Init COMPLETE
