node23D400662:1240:2585 [1] NCCL INFO Channel 16/0 : 1[1] -> 2[1] via P2P/MNNVL
node23D400662:1239:2586 [0] NCCL INFO Channel 10/0 : 1[0] -> 2[0] via P2P/MNNVL
node23D400662:1239:2586 [0] NCCL INFO Channel 11/0 : 1[0] -> 2[0] via P2P/MNNVL
node23D400662:1240:2585 [1] NCCL INFO Channel 17/0 : 1[1] -> 2[1] via P2P/MNNVL
node23D400662:1239:2586 [0] NCCL INFO Channel 12/0 : 1[0] -> 2[0] via P2P/MNNVL
node23D400662:1240:2585 [1] NCCL INFO Channel 18/0 : 1[1] -> 2[1] via P2P/MNNVL
node23D400662:1239:2586 [0] NCCL INFO Channel 13/0 : 1[0] -> 2[0] via P2P/MNNVL
node23D400662:1240:2585 [1] NCCL INFO Channel 19/0 : 1[1] -> 2[1] via P2P/MNNVL
node23D400662:1239:2586 [0] NCCL INFO Channel 14/0 : 1[0] -> 2[0] via P2P/MNNVL
node23D400662:1240:2585 [1] NCCL INFO Channel 20/0 : 1[1] -> 2[1] via P2P/MNNVL
node23D400662:1239:2586 [0] NCCL INFO Channel 15/0 : 1[0] -> 2[0] via P2P/MNNVL
node23D400662:1240:2585 [1] NCCL INFO Channel 21/0 : 1[1] -> 2[1] via P2P/MNNVL
node23D400662:1239:2586 [0] NCCL INFO Channel 16/0 : 1[0] -> 2[0] via P2P/MNNVL
node23D400662:1240:2585 [1] NCCL INFO Channel 22/0 : 1[1] -> 2[1] via P2P/MNNVL
node23D400662:1240:2585 [1] NCCL INFO Channel 23/0 : 1[1] -> 2[1] via P2P/MNNVL
node23D400662:1239:2586 [0] NCCL INFO Channel 17/0 : 1[0] -> 2[0] via P2P/MNNVL
node23D400662:1240:2585 [1] NCCL INFO Channel 24/0 : 1[1] -> 2[1] via P2P/MNNVL
node23D400662:1239:2586 [0] NCCL INFO Channel 18/0 : 1[0] -> 2[0] via P2P/MNNVL
node23D400662:1240:2585 [1] NCCL INFO Channel 25/0 : 1[1] -> 2[1] via P2P/MNNVL
node23D400662:1239:2586 [0] NCCL INFO Channel 19/0 : 1[0] -> 2[0] via P2P/MNNVL
node23D400662:1240:2585 [1] NCCL INFO Channel 26/0 : 1[1] -> 2[1] via P2P/MNNVL
node23D400662:1239:2586 [0] NCCL INFO Channel 20/0 : 1[0] -> 2[0] via P2P/MNNVL
node23D400662:1239:2586 [0] NCCL INFO Channel 21/0 : 1[0] -> 2[0] via P2P/MNNVL
node23D400662:1240:2585 [1] NCCL INFO Channel 27/0 : 1[1] -> 2[1] via P2P/MNNVL
node23D400662:1239:2586 [0] NCCL INFO Channel 22/0 : 1[0] -> 2[0] via P2P/MNNVL
node23D400662:1240:2585 [1] NCCL INFO Channel 28/0 : 1[1] -> 2[1] via P2P/MNNVL
node23D400662:1239:2586 [0] NCCL INFO Channel 23/0 : 1[0] -> 2[0] via P2P/MNNVL
node23D400662:1240:2585 [1] NCCL INFO Channel 29/0 : 1[1] -> 2[1] via P2P/MNNVL
node23D400662:1239:2586 [0] NCCL INFO Channel 24/0 : 1[0] -> 2[0] via P2P/MNNVL
node23D400662:1240:2585 [1] NCCL INFO Channel 30/0 : 1[1] -> 2[1] via P2P/MNNVL
node23D400662:1239:2586 [0] NCCL INFO Channel 25/0 : 1[0] -> 2[0] via P2P/MNNVL
node23D400662:1240:2585 [1] NCCL INFO Channel 31/0 : 1[1] -> 2[1] via P2P/MNNVL
node23D400662:1239:2586 [0] NCCL INFO Channel 26/0 : 1[0] -> 2[0] via P2P/MNNVL
node23D400662:1239:2586 [0] NCCL INFO Channel 27/0 : 1[0] -> 2[0] via P2P/MNNVL
node23D400662:1239:2586 [0] NCCL INFO Channel 28/0 : 1[0] -> 2[0] via P2P/MNNVL
node23D400662:1239:2586 [0] NCCL INFO Channel 29/0 : 1[0] -> 2[0] via P2P/MNNVL
node23D400662:1239:2586 [0] NCCL INFO Channel 30/0 : 1[0] -> 2[0] via P2P/MNNVL
node23D400662:1239:2586 [0] NCCL INFO Channel 31/0 : 1[0] -> 2[0] via P2P/MNNVL
node23D400662:1240:2585 [1] NCCL INFO Connected all rings, use ring PXN 0 GDR 1
node23D400662:1239:2586 [0] NCCL INFO Connected all rings, use ring PXN 0 GDR 1
node23D400662:1241:2584 [2] NCCL INFO Connected all rings, use ring PXN 0 GDR 1
node23D400662:1242:2583 [3] NCCL INFO Connected all rings, use ring PXN 0 GDR 1
node23D400662:1239:1239 [0] NCCL INFO Comm config Blocking set to 1
node23D400662:1240:1240 [1] NCCL INFO Comm config Blocking set to 1
node23D400662:1242:1242 [3] NCCL INFO Comm config Blocking set to 1
node23D400662:1241:1241 [2] NCCL INFO Comm config Blocking set to 1
node23D400662:1242:2589 [3] NCCL INFO Assigned NET plugin Socket to comm
node23D400662:1239:2588 [0] NCCL INFO Assigned NET plugin Socket to comm
node23D400662:1242:2589 [3] NCCL INFO Using network Socket
node23D400662:1240:2587 [1] NCCL INFO Assigned NET plugin Socket to comm
node23D400662:1239:2588 [0] NCCL INFO Using network Socket
node23D400662:1241:2590 [2] NCCL INFO Assigned NET plugin Socket to comm
node23D400662:1240:2587 [1] NCCL INFO Using network Socket
node23D400662:1241:2590 [2] NCCL INFO Using network Socket
node23D400662:1242:2589 [3] NCCL INFO ncclCommInitRankConfig comm 0x449353d0 rank 31 nranks 64 cudaDev 3 nvmlDev 3 busId 1901000 commId 0x4ad3bd25942cc00 - Init START
node23D400662:1241:2590 [2] NCCL INFO ncclCommInitRankConfig comm 0x34b0b3f0 rank 30 nranks 64 cudaDev 2 nvmlDev 2 busId 1801000 commId 0x4ad3bd25942cc00 - Init START
node23D400662:1239:2588 [0] NCCL INFO ncclCommInitRankConfig comm 0x599e0350 rank 28 nranks 64 cudaDev 0 nvmlDev 0 busId 801000 commId 0x4ad3bd25942cc00 - Init START
node23D400662:1240:2587 [1] NCCL INFO ncclCommInitRankConfig comm 0x5f073a90 rank 29 nranks 64 cudaDev 1 nvmlDev 1 busId 901000 commId 0x4ad3bd25942cc00 - Init START
node23D400662:1240:2587 [1] NCCL INFO Bootstrap timings total 0.011531 (create 0.000026, send 0.000165, recv 0.006381, ring 0.004024, delay 0.000000)
node23D400662:1242:2589 [3] NCCL INFO Bootstrap timings total 0.011587 (create 0.000067, send 0.000241, recv 0.007317, ring 0.003787, delay 0.000000)
node23D400662:1241:2590 [2] NCCL INFO Bootstrap timings total 0.011542 (create 0.000037, send 0.000166, recv 0.007242, ring 0.003941, delay 0.000000)
node23D400662:1239:2588 [0] NCCL INFO Bootstrap timings total 0.011559 (create 0.000029, send 0.000175, recv 0.007117, ring 0.004053, delay 0.000000)
node23D400662:1242:2589 [3] NCCL INFO MNNVL busId 0x1901000 fabric UUID aa48724aeeaad6a8.b34b901796a1c18d cliqueId 0x7ffe state 3 healthMask 0xaa
node23D400662:1241:2590 [2] NCCL INFO MNNVL busId 0x1801000 fabric UUID aa48724aeeaad6a8.b34b901796a1c18d cliqueId 0x7ffe state 3 healthMask 0xaa
node23D400662:1240:2587 [1] NCCL INFO MNNVL busId 0x901000 fabric UUID aa48724aeeaad6a8.b34b901796a1c18d cliqueId 0x7ffe state 3 healthMask 0xaa
node23D400662:1239:2588 [0] NCCL INFO MNNVL busId 0x801000 fabric UUID aa48724aeeaad6a8.b34b901796a1c18d cliqueId 0x7ffe state 3 healthMask 0xaa
node23D400662:1240:2587 [1] NCCL INFO MNNVL 1 cliqueId 7ffe cliqueSize 64 cliqueRank 29
node23D400662:1242:2589 [3] NCCL INFO MNNVL 1 cliqueId 7ffe cliqueSize 64 cliqueRank 31
node23D400662:1241:2590 [2] NCCL INFO MNNVL 1 cliqueId 7ffe cliqueSize 64 cliqueRank 30
node23D400662:1239:2588 [0] NCCL INFO MNNVL 1 cliqueId 7ffe cliqueSize 64 cliqueRank 28
node23D400662:1242:2589 [3] NCCL INFO Setting affinity for GPU 3 to 72-143
node23D400662:1240:2587 [1] NCCL INFO Setting affinity for GPU 1 to 0-71
node23D400662:1241:2590 [2] NCCL INFO Setting affinity for GPU 2 to 72-143
node23D400662:1239:2588 [0] NCCL INFO Setting affinity for GPU 0 to 0-71
node23D400662:1242:2589 [3] NCCL INFO comm 0x449353d0 rank 31 nRanks 64 nNodes 1 localRanks 64 localRank 31 MNNVL 1
node23D400662:1242:2589 [3] NCCL INFO Trees [0] 32/-1/-1->31->30 [1] 32/-1/-1->31->30 [2] 32/-1/-1->31->30 [3] 32/-1/-1->31->30 [4] 32/-1/-1->31->30 [5] 32/-1/-1->31->30 [6] 32/-1/-1->31->30 [7] 32/-1/-1->31->30 [8] 32/-1/-1->31->30 [9] 32/-1/-1->31->30 [10] 32/-1/-1->31->30 [11] 32/-1/-1->31->30 [12] 32/-1/-1->31->30 [13] 32/-1/-1->31->30 [14] 32/-1/-1->31->30 [15] 32/-1/-1->31->30 [16] 32/-1/-1->31->30 [17] 32/-1/-1->31->30 [18] 32/-1/-1->31->30 [19] 32/-1/-1->31->30 [20] 32/-1/-1->31->30 [21] 32/-1/-1->31->30 [22] 32/-1/-1->31->30 [23] 32/-1/-1->31->30 [24] 32/-1/-1->31->30 [25] 32/-1/-1->31->30 [26] 32/-1/-1->31->30 [27] 32/-1/-1->31->30 [28] 32/-1/-1->31->30 [29] 32/-1/-1->31->30 [30] 32/-1/-1->31->30 [31] 32/-1/-1->31->30
node23D400662:1242:2589 [3] NCCL INFO P2P Chunksize set to 524288
node23D400662:1239:2588 [0] NCCL INFO comm 0x599e0350 rank 28 nRanks 64 nNodes 1 localRanks 64 localRank 28 MNNVL 1
node23D400662:1241:2590 [2] NCCL INFO comm 0x34b0b3f0 rank 30 nRanks 64 nNodes 1 localRanks 64 localRank 30 MNNVL 1
node23D400662:1240:2587 [1] NCCL INFO comm 0x5f073a90 rank 29 nRanks 64 nNodes 1 localRanks 64 localRank 29 MNNVL 1
node23D400662:1239:2588 [0] NCCL INFO Trees [0] 29/-1/-1->28->27 [1] 29/-1/-1->28->27 [2] 29/-1/-1->28->27 [3] 29/-1/-1->28->27 [4] 29/-1/-1->28->27 [5] 29/-1/-1->28->27 [6] 29/-1/-1->28->27 [7] 29/-1/-1->28->27 [8] 29/-1/-1->28->27 [9] 29/-1/-1->28->27 [10] 29/-1/-1->28->27 [11] 29/-1/-1->28->27 [12] 29/-1/-1->28->27 [13] 29/-1/-1->28->27 [14] 29/-1/-1->28->27 [15] 29/-1/-1->28->27 [16] 29/-1/-1->28->27 [17] 29/-1/-1->28->27 [18] 29/-1/-1->28->27 [19] 29/-1/-1->28->27 [20] 29/-1/-1->28->27 [21] 29/-1/-1->28->27 [22] 29/-1/-1->28->27 [23] 29/-1/-1->28->27 [24] 29/-1/-1->28->27 [25] 29/-1/-1->28->27 [26] 29/-1/-1->28->27 [27] 29/-1/-1->28->27 [28] 29/-1/-1->28->27 [29] 29/-1/-1->28->27 [30] 29/-1/-1->28->27 [31] 29/-1/-1->28->27
node23D400662:1241:2590 [2] NCCL INFO Trees [0] 31/-1/-1->30->29 [1] 31/-1/-1->30->29 [2] 31/-1/-1->30->29 [3] 31/-1/-1->30->29 [4] 31/-1/-1->30->29 [5] 31/-1/-1->30->29 [6] 31/-1/-1->30->29 [7] 31/-1/-1->30->29 [8] 31/-1/-1->30->29 [9] 31/-1/-1->30->29 [10] 31/-1/-1->30->29 [11] 31/-1/-1->30->29 [12] 31/-1/-1->30->29 [13] 31/-1/-1->30->29 [14] 31/-1/-1->30->29 [15] 31/-1/-1->30->29 [16] 31/-1/-1->30->29 [17] 31/-1/-1->30->29 [18] 31/-1/-1->30->29 [19] 31/-1/-1->30->29 [20] 31/-1/-1->30->29 [21] 31/-1/-1->30->29 [22] 31/-1/-1->30->29 [23] 31/-1/-1->30->29 [24] 31/-1/-1->30->29 [25] 31/-1/-1->30->29 [26] 31/-1/-1->30->29 [27] 31/-1/-1->30->29 [28] 31/-1/-1->30->29 [29] 31/-1/-1->30->29 [30] 31/-1/-1->30->29 [31] 31/-1/-1->30->29
node23D400662:1239:2588 [0] NCCL INFO P2P Chunksize set to 524288
node23D400662:1241:2590 [2] NCCL INFO P2P Chunksize set to 524288
node23D400662:1240:2587 [1] NCCL INFO Trees [0] 30/-1/-1->29->28 [1] 30/-1/-1->29->28 [2] 30/-1/-1->29->28 [3] 30/-1/-1->29->28 [4] 30/-1/-1->29->28 [5] 30/-1/-1->29->28 [6] 30/-1/-1->29->28 [7] 30/-1/-1->29->28 [8] 30/-1/-1->29->28 [9] 30/-1/-1->29->28 [10] 30/-1/-1->29->28 [11] 30/-1/-1->29->28 [12] 30/-1/-1->29->28 [13] 30/-1/-1->29->28 [14] 30/-1/-1->29->28 [15] 30/-1/-1->29->28 [16] 30/-1/-1->29->28 [17] 30/-1/-1->29->28 [18] 30/-1/-1->29->28 [19] 30/-1/-1->29->28 [20] 30/-1/-1->29->28 [21] 30/-1/-1->29->28 [22] 30/-1/-1->29->28 [23] 30/-1/-1->29->28 [24] 30/-1/-1->29->28 [25] 30/-1/-1->29->28 [26] 30/-1/-1->29->28 [27] 30/-1/-1->29->28 [28] 30/-1/-1->29->28 [29] 30/-1/-1->29->28 [30] 30/-1/-1->29->28 [31] 30/-1/-1->29->28
node23D400662:1240:2587 [1] NCCL INFO P2P Chunksize set to 524288
node23D400662:1242:2591 [3] NCCL INFO [Proxy Service] Device 3 CPU core 137
node23D400662:1242:2592 [3] NCCL INFO [Proxy Service UDS] Device 3 CPU core 138
node23D400662:1241:2593 [2] NCCL INFO [Proxy Service] Device 2 CPU core 78
node23D400662:1241:2596 [2] NCCL INFO [Proxy Service UDS] Device 2 CPU core 79
node23D400662:1239:2595 [0] NCCL INFO [Proxy Service] Device 0 CPU core 2
node23D400662:1240:2597 [1] NCCL INFO [Proxy Service UDS] Device 1 CPU core 3
node23D400662:1240:2594 [1] NCCL INFO [Proxy Service] Device 1 CPU core 2
node23D400662:1239:2598 [0] NCCL INFO [Proxy Service UDS] Device 0 CPU core 3
node23D400662:1239:2588 [0] NCCL INFO threadThresholds 8/8/64 | 512/8/64 | 512 | 512
node23D400662:1239:2588 [0] NCCL INFO 32 coll channels, 32 collnet channels, 0 nvls channels, 32 p2p channels, 32 p2p channels per peer
node23D400662:1240:2587 [1] NCCL INFO threadThresholds 8/8/64 | 512/8/64 | 512 | 512
node23D400662:1240:2587 [1] NCCL INFO 32 coll channels, 32 collnet channels, 0 nvls channels, 32 p2p channels, 32 p2p channels per peer
node23D400662:1242:2589 [3] NCCL INFO threadThresholds 8/8/64 | 512/8/64 | 512 | 512
node23D400662:1242:2589 [3] NCCL INFO 32 coll channels, 32 collnet channels, 0 nvls channels, 32 p2p channels, 32 p2p channels per peer
node23D400662:1241:2590 [2] NCCL INFO threadThresholds 8/8/64 | 512/8/64 | 512 | 512
node23D400662:1241:2590 [2] NCCL INFO 32 coll channels, 32 collnet channels, 0 nvls channels, 32 p2p channels, 32 p2p channels per peer
node23D400662:1240:2587 [1] NCCL INFO ncclCommInitRankConfig comm 0x5f073a90 rank 29 nranks 64 cudaDev 1 nvmlDev 1 busId 901000 commId 0x4ad3bd25942cc00 - Init COMPLETE
node23D400662:1240:2587 [1] NCCL INFO Init timings - ncclCommInitRankConfig: rank 29 nranks 64 total 2.37 (kernels 0.00, alloc 0.00, bootstrap 0.01, allgathers 0.09, topo 2.06, graphs 0.04, connections 0.16, rest 0.01)
node23D400662:1239:2588 [0] NCCL INFO ncclCommInitRankConfig comm 0x599e0350 rank 28 nranks 64 cudaDev 0 nvmlDev 0 busId 801000 commId 0x4ad3bd25942cc00 - Init COMPLETE
node23D400662:1239:2588 [0] NCCL INFO Init timings - ncclCommInitRankConfig: rank 28 nranks 64 total 2.37 (kernels 0.00, alloc 0.00, bootstrap 0.01, allgathers 0.07, topo 2.08, graphs 0.04, connections 0.16, rest 0.01)
node23D400662:1242:2589 [3] NCCL INFO ncclCommInitRankConfig comm 0x449353d0 rank 31 nranks 64 cudaDev 3 nvmlDev 3 busId 1901000 commId 0x4ad3bd25942cc00 - Init COMPLETE
node23D400662:1242:2589 [3] NCCL INFO Init timings - ncclCommInitRankConfig: rank 31 nranks 64 total 2.37 (kernels 0.00, alloc 0.00, bootstrap 0.01, allgathers 0.11, topo 2.03, graphs 0.04, connections 0.16, rest 0.01)
node23D400662:1241:2590 [2] NCCL INFO ncclCommInitRankConfig comm 0x34b0b3f0 rank 30 nranks 64 cudaDev 2 nvmlDev 2 busId 1801000 commId 0x4ad3bd25942cc00 - Init COMPLETE
node23D400662:1241:2590 [2] NCCL INFO Init timings - ncclCommInitRankConfig: rank 30 nranks 64 total 2.37 (kernels 0.00, alloc 0.00, bootstrap 0.01, allgathers 0.09, topo 2.06, graphs 0.04, connections 0.16, rest 0.01)
node23D400662:1242:2601 [3] NCCL INFO Channel 00/0 : 31[3] -> 32[0] via P2P/MNNVL
node23D400662:1242:2601 [3] NCCL INFO Channel 01/0 : 31[3] -> 32[0] via P2P/MNNVL
node23D400662:1241:2602 [2] NCCL INFO Channel 00/0 : 30[2] -> 31[3] via P2P/MNNVL
node23D400662:1242:2601 [3] NCCL INFO Channel 02/0 : 31[3] -> 32[0] via P2P/MNNVL
node23D400662:1239:2599 [0] NCCL INFO Channel 00/0 : 28[0] -> 29[1] via P2P/MNNVL
node23D400662:1239:2599 [0] NCCL INFO Channel 01/0 : 28[0] -> 29[1] via P2P/MNNVL
node23D400662:1241:2602 [2] NCCL INFO Channel 01/0 : 30[2] -> 31[3] via P2P/MNNVL
node23D400662:1242:2601 [3] NCCL INFO Channel 03/0 : 31[3] -> 32[0] via P2P/MNNVL
node23D400662:1239:2599 [0] NCCL INFO Channel 02/0 : 28[0] -> 29[1] via P2P/MNNVL
node23D400662:1241:2602 [2] NCCL INFO Channel 02/0 : 30[2] -> 31[3] via P2P/MNNVL
node23D400662:1242:2601 [3] NCCL INFO Channel 04/0 : 31[3] -> 32[0] via P2P/MNNVL
node23D400662:1241:2602 [2] NCCL INFO Channel 03/0 : 30[2] -> 31[3] via P2P/MNNVL
node23D400662:1240:2600 [1] NCCL INFO Channel 00/0 : 29[1] -> 30[2] via P2P/MNNVL
node23D400662:1242:2601 [3] NCCL INFO Channel 05/0 : 31[3] -> 32[0] via P2P/MNNVL
node23D400662:1239:2599 [0] NCCL INFO Channel 03/0 : 28[0] -> 29[1] via P2P/MNNVL
node23D400662:1241:2602 [2] NCCL INFO Channel 04/0 : 30[2] -> 31[3] via P2P/MNNVL
node23D400662:1240:2600 [1] NCCL INFO Channel 01/0 : 29[1] -> 30[2] via P2P/MNNVL
node23D400662:1242:2601 [3] NCCL INFO Channel 06/0 : 31[3] -> 32[0] via P2P/MNNVL
node23D400662:1241:2602 [2] NCCL INFO Channel 05/0 : 30[2] -> 31[3] via P2P/MNNVL
node23D400662:1242:2601 [3] NCCL INFO Channel 07/0 : 31[3] -> 32[0] via P2P/MNNVL
node23D400662:1239:2599 [0] NCCL INFO Channel 04/0 : 28[0] -> 29[1] via P2P/MNNVL
node23D400662:1241:2602 [2] NCCL INFO Channel 06/0 : 30[2] -> 31[3] via P2P/MNNVL
node23D400662:1242:2601 [3] NCCL INFO Channel 08/0 : 31[3] -> 32[0] via P2P/MNNVL
node23D400662:1240:2600 [1] NCCL INFO Channel 02/0 : 29[1] -> 30[2] via P2P/MNNVL
node23D400662:1241:2602 [2] NCCL INFO Channel 07/0 : 30[2] -> 31[3] via P2P/MNNVL
node23D400662:1239:2599 [0] NCCL INFO Channel 05/0 : 28[0] -> 29[1] via P2P/MNNVL
node23D400662:1241:2602 [2] NCCL INFO Channel 08/0 : 30[2] -> 31[3] via P2P/MNNVL
node23D400662:1240:2600 [1] NCCL INFO Channel 03/0 : 29[1] -> 30[2] via P2P/MNNVL
node23D400662:1242:2601 [3] NCCL INFO Channel 09/0 : 31[3] -> 32[0] via P2P/MNNVL
node23D400662:1242:2601 [3] NCCL INFO Channel 10/0 : 31[3] -> 32[0] via P2P/MNNVL
node23D400662:1241:2602 [2] NCCL INFO Channel 09/0 : 30[2] -> 31[3] via P2P/MNNVL
node23D400662:1240:2600 [1] NCCL INFO Channel 04/0 : 29[1] -> 30[2] via P2P/MNNVL
node23D400662:1239:2599 [0] NCCL INFO Channel 06/0 : 28[0] -> 29[1] via P2P/MNNVL
node23D400662:1240:2600 [1] NCCL INFO Channel 05/0 : 29[1] -> 30[2] via P2P/MNNVL
node23D400662:1241:2602 [2] NCCL INFO Channel 10/0 : 30[2] -> 31[3] via P2P/MNNVL
node23D400662:1239:2599 [0] NCCL INFO Channel 07/0 : 28[0] -> 29[1] via P2P/MNNVL
node23D400662:1242:2601 [3] NCCL INFO Channel 11/0 : 31[3] -> 32[0] via P2P/MNNVL
node23D400662:1240:2600 [1] NCCL INFO Channel 06/0 : 29[1] -> 30[2] via P2P/MNNVL
node23D400662:1242:2601 [3] NCCL INFO Channel 12/0 : 31[3] -> 32[0] via P2P/MNNVL
node23D400662:1239:2599 [0] NCCL INFO Channel 08/0 : 28[0] -> 29[1] via P2P/MNNVL
node23D400662:1240:2600 [1] NCCL INFO Channel 07/0 : 29[1] -> 30[2] via P2P/MNNVL
node23D400662:1241:2602 [2] NCCL INFO Channel 11/0 : 30[2] -> 31[3] via P2P/MNNVL
node23D400662:1239:2599 [0] NCCL INFO Channel 09/0 : 28[0] -> 29[1] via P2P/MNNVL
node23D400662:1242:2601 [3] NCCL INFO Channel 13/0 : 31[3] -> 32[0] via P2P/MNNVL
node23D400662:1241:2602 [2] NCCL INFO Channel 12/0 : 30[2] -> 31[3] via P2P/MNNVL
node23D400662:1241:2602 [2] NCCL INFO Channel 13/0 : 30[2] -> 31[3] via P2P/MNNVL
node23D400662:1240:2600 [1] NCCL INFO Channel 08/0 : 29[1] -> 30[2] via P2P/MNNVL
node23D400662:1239:2599 [0] NCCL INFO Channel 10/0 : 28[0] -> 29[1] via P2P/MNNVL
node23D400662:1242:2601 [3] NCCL INFO Channel 14/0 : 31[3] -> 32[0] via P2P/MNNVL
node23D400662:1241:2602 [2] NCCL INFO Channel 14/0 : 30[2] -> 31[3] via P2P/MNNVL
node23D400662:1239:2599 [0] NCCL INFO Channel 11/0 : 28[0] -> 29[1] via P2P/MNNVL
node23D400662:1242:2601 [3] NCCL INFO Channel 15/0 : 31[3] -> 32[0] via P2P/MNNVL
node23D400662:1240:2600 [1] NCCL INFO Channel 09/0 : 29[1] -> 30[2] via P2P/MNNVL
node23D400662:1241:2602 [2] NCCL INFO Channel 15/0 : 30[2] -> 31[3] via P2P/MNNVL
node23D400662:1240:2600 [1] NCCL INFO Channel 10/0 : 29[1] -> 30[2] via P2P/MNNVL
node23D400662:1242:2601 [3] NCCL INFO Channel 16/0 : 31[3] -> 32[0] via P2P/MNNVL
node23D400662:1239:2599 [0] NCCL INFO Channel 12/0 : 28[0] -> 29[1] via P2P/MNNVL
node23D400662:1241:2602 [2] NCCL INFO Channel 16/0 : 30[2] -> 31[3] via P2P/MNNVL
node23D400662:1240:2600 [1] NCCL INFO Channel 11/0 : 29[1] -> 30[2] via P2P/MNNVL
node23D400662:1239:2599 [0] NCCL INFO Channel 13/0 : 28[0] -> 29[1] via P2P/MNNVL
node23D400662:1242:2601 [3] NCCL INFO Channel 17/0 : 31[3] -> 32[0] via P2P/MNNVL
node23D400662:1241:2602 [2] NCCL INFO Channel 17/0 : 30[2] -> 31[3] via P2P/MNNVL
node23D400662:1240:2600 [1] NCCL INFO Channel 12/0 : 29[1] -> 30[2] via P2P/MNNVL
node23D400662:1239:2599 [0] NCCL INFO Channel 14/0 : 28[0] -> 29[1] via P2P/MNNVL
node23D400662:1242:2601 [3] NCCL INFO Channel 18/0 : 31[3] -> 32[0] via P2P/MNNVL
node23D400662:1240:2600 [1] NCCL INFO Channel 13/0 : 29[1] -> 30[2] via P2P/MNNVL
node23D400662:1239:2599 [0] NCCL INFO Channel 15/0 : 28[0] -> 29[1] via P2P/MNNVL
node23D400662:1241:2602 [2] NCCL INFO Channel 18/0 : 30[2] -> 31[3] via P2P/MNNVL
node23D400662:1239:2599 [0] NCCL INFO Channel 16/0 : 28[0] -> 29[1] via P2P/MNNVL
node23D400662:1242:2601 [3] NCCL INFO Channel 19/0 : 31[3] -> 32[0] via P2P/MNNVL
node23D400662:1239:2599 [0] NCCL INFO Channel 17/0 : 28[0] -> 29[1] via P2P/MNNVL
node23D400662:1241:2602 [2] NCCL INFO Channel 19/0 : 30[2] -> 31[3] via P2P/MNNVL
node23D400662:1240:2600 [1] NCCL INFO Channel 14/0 : 29[1] -> 30[2] via P2P/MNNVL
node23D400662:1242:2601 [3] NCCL INFO Channel 20/0 : 31[3] -> 32[0] via P2P/MNNVL
node23D400662:1240:2600 [1] NCCL INFO Channel 15/0 : 29[1] -> 30[2] via P2P/MNNVL
node23D400662:1239:2599 [0] NCCL INFO Channel 18/0 : 28[0] -> 29[1] via P2P/MNNVL
node23D400662:1241:2602 [2] NCCL INFO Channel 20/0 : 30[2] -> 31[3] via P2P/MNNVL
node23D400662:1242:2601 [3] NCCL INFO Channel 21/0 : 31[3] -> 32[0] via P2P/MNNVL
node23D400662:1242:2601 [3] NCCL INFO Channel 22/0 : 31[3] -> 32[0] via P2P/MNNVL
node23D400662:1239:2599 [0] NCCL INFO Channel 19/0 : 28[0] -> 29[1] via P2P/MNNVL
node23D400662:1241:2602 [2] NCCL INFO Channel 21/0 : 30[2] -> 31[3] via P2P/MNNVL
node23D400662:1240:2600 [1] NCCL INFO Channel 16/0 : 29[1] -> 30[2] via P2P/MNNVL
node23D400662:1242:2601 [3] NCCL INFO Channel 23/0 : 31[3] -> 32[0] via P2P/MNNVL
node23D400662:1240:2600 [1] NCCL INFO Channel 17/0 : 29[1] -> 30[2] via P2P/MNNVL
node23D400662:1241:2602 [2] NCCL INFO Channel 22/0 : 30[2] -> 31[3] via P2P/MNNVL
node23D400662:1240:2600 [1] NCCL INFO Channel 18/0 : 29[1] -> 30[2] via P2P/MNNVL
node23D400662:1239:2599 [0] NCCL INFO Channel 20/0 : 28[0] -> 29[1] via P2P/MNNVL
node23D400662:1241:2602 [2] NCCL INFO Channel 23/0 : 30[2] -> 31[3] via P2P/MNNVL
node23D400662:1242:2601 [3] NCCL INFO Channel 24/0 : 31[3] -> 32[0] via P2P/MNNVL
node23D400662:1241:2602 [2] NCCL INFO Channel 24/0 : 30[2] -> 31[3] via P2P/MNNVL
node23D400662:1240:2600 [1] NCCL INFO Channel 19/0 : 29[1] -> 30[2] via P2P/MNNVL
node23D400662:1242:2601 [3] NCCL INFO Channel 25/0 : 31[3] -> 32[0] via P2P/MNNVL
node23D400662:1239:2599 [0] NCCL INFO Channel 21/0 : 28[0] -> 29[1] via P2P/MNNVL
node23D400662:1241:2602 [2] NCCL INFO Channel 25/0 : 30[2] -> 31[3] via P2P/MNNVL
node23D400662:1240:2600 [1] NCCL INFO Channel 20/0 : 29[1] -> 30[2] via P2P/MNNVL
node23D400662:1239:2599 [0] NCCL INFO Channel 22/0 : 28[0] -> 29[1] via P2P/MNNVL
node23D400662:1241:2602 [2] NCCL INFO Channel 26/0 : 30[2] -> 31[3] via P2P/MNNVL
node23D400662:1242:2601 [3] NCCL INFO Channel 26/0 : 31[3] -> 32[0] via P2P/MNNVL
node23D400662:1242:2601 [3] NCCL INFO Channel 27/0 : 31[3] -> 32[0] via P2P/MNNVL
node23D400662:1241:2602 [2] NCCL INFO Channel 27/0 : 30[2] -> 31[3] via P2P/MNNVL
node23D400662:1239:2599 [0] NCCL INFO Channel 23/0 : 28[0] -> 29[1] via P2P/MNNVL
node23D400662:1240:2600 [1] NCCL INFO Channel 21/0 : 29[1] -> 30[2] via P2P/MNNVL
node23D400662:1242:2601 [3] NCCL INFO Channel 28/0 : 31[3] -> 32[0] via P2P/MNNVL
node23D400662:1240:2600 [1] NCCL INFO Channel 22/0 : 29[1] -> 30[2] via P2P/MNNVL
node23D400662:1241:2602 [2] NCCL INFO Channel 28/0 : 30[2] -> 31[3] via P2P/MNNVL
node23D400662:1239:2599 [0] NCCL INFO Channel 24/0 : 28[0] -> 29[1] via P2P/MNNVL
node23D400662:1239:2599 [0] NCCL INFO Channel 25/0 : 28[0] -> 29[1] via P2P/MNNVL
node23D400662:1242:2601 [3] NCCL INFO Channel 29/0 : 31[3] -> 32[0] via P2P/MNNVL
node23D400662:1240:2600 [1] NCCL INFO Channel 23/0 : 29[1] -> 30[2] via P2P/MNNVL
node23D400662:1241:2602 [2] NCCL INFO Channel 29/0 : 30[2] -> 31[3] via P2P/MNNVL
node23D400662:1239:2599 [0] NCCL INFO Channel 26/0 : 28[0] -> 29[1] via P2P/MNNVL
node23D400662:1242:2601 [3] NCCL INFO Channel 30/0 : 31[3] -> 32[0] via P2P/MNNVL
node23D400662:1241:2602 [2] NCCL INFO Channel 30/0 : 30[2] -> 31[3] via P2P/MNNVL
node23D400662:1240:2600 [1] NCCL INFO Channel 24/0 : 29[1] -> 30[2] via P2P/MNNVL
node23D400662:1239:2599 [0] NCCL INFO Channel 27/0 : 28[0] -> 29[1] via P2P/MNNVL
node23D400662:1240:2600 [1] NCCL INFO Channel 25/0 : 29[1] -> 30[2] via P2P/MNNVL
node23D400662:1241:2602 [2] NCCL INFO Channel 31/0 : 30[2] -> 31[3] via P2P/MNNVL
node23D400662:1242:2601 [3] NCCL INFO Channel 31/0 : 31[3] -> 32[0] via P2P/MNNVL
node23D400662:1240:2600 [1] NCCL INFO Channel 26/0 : 29[1] -> 30[2] via P2P/MNNVL
node23D400662:1239:2599 [0] NCCL INFO Channel 28/0 : 28[0] -> 29[1] via P2P/MNNVL
node23D400662:1239:2599 [0] NCCL INFO Channel 29/0 : 28[0] -> 29[1] via P2P/MNNVL
node23D400662:1240:2600 [1] NCCL INFO Channel 27/0 : 29[1] -> 30[2] via P2P/MNNVL
node23D400662:1240:2600 [1] NCCL INFO Channel 28/0 : 29[1] -> 30[2] via P2P/MNNVL
node23D400662:1239:2599 [0] NCCL INFO Channel 30/0 : 28[0] -> 29[1] via P2P/MNNVL
node23D400662:1239:2599 [0] NCCL INFO Channel 31/0 : 28[0] -> 29[1] via P2P/MNNVL
node23D400662:1240:2600 [1] NCCL INFO Channel 29/0 : 29[1] -> 30[2] via P2P/MNNVL
node23D400662:1240:2600 [1] NCCL INFO Channel 30/0 : 29[1] -> 30[2] via P2P/MNNVL
node23D400662:1240:2600 [1] NCCL INFO Channel 31/0 : 29[1] -> 30[2] via P2P/MNNVL
node23D400662:1242:2601 [3] NCCL INFO Connected all rings, use ring PXN 0 GDR 1
node23D400662:1240:2600 [1] NCCL INFO Connected all rings, use ring PXN 0 GDR 1
node23D400662:1241:2602 [2] NCCL INFO Connected all rings, use ring PXN 0 GDR 1
node23D400662:1239:2599 [0] NCCL INFO Connected all rings, use ring PXN 0 GDR 1
node23D400662:1242:1242 [3] NCCL INFO Comm config Blocking set to 1
node23D400662:1240:1240 [1] NCCL INFO Comm config Blocking set to 1
node23D400662:1239:1239 [0] NCCL INFO Comm config Blocking set to 1
node23D400662:1241:1241 [2] NCCL INFO Comm config Blocking set to 1
node23D400662:1239:2604 [0] NCCL INFO Assigned NET plugin Socket to comm
node23D400662:1239:2604 [0] NCCL INFO Using network Socket
node23D400662:1242:2603 [3] NCCL INFO Assigned NET plugin Socket to comm
node23D400662:1242:2603 [3] NCCL INFO Using network Socket
node23D400662:1240:2605 [1] NCCL INFO Assigned NET plugin Socket to comm
node23D400662:1241:2606 [2] NCCL INFO Assigned NET plugin Socket to comm
node23D400662:1240:2605 [1] NCCL INFO Using network Socket
node23D400662:1241:2606 [2] NCCL INFO Using network Socket
node23D400662:1242:2603 [3] NCCL INFO ncclCommInitRankConfig comm 0x44e8bd00 rank 15 nranks 32 cudaDev 3 nvmlDev 3 busId 1901000 commId 0x8c0c6cf73192f255 - Init START
node23D400662:1239:2604 [0] NCCL INFO ncclCommInitRankConfig comm 0x59f36c80 rank 12 nranks 32 cudaDev 0 nvmlDev 0 busId 801000 commId 0x8c0c6cf73192f255 - Init START
node23D400662:1241:2606 [2] NCCL INFO ncclCommInitRankConfig comm 0x35061d20 rank 14 nranks 32 cudaDev 2 nvmlDev 2 busId 1801000 commId 0x8c0c6cf73192f255 - Init START
node23D400662:1240:2605 [1] NCCL INFO ncclCommInitRankConfig comm 0x5f5ca3c0 rank 13 nranks 32 cudaDev 1 nvmlDev 1 busId 901000 commId 0x8c0c6cf73192f255 - Init START
node23D400662:1240:2605 [1] NCCL INFO Bootstrap timings total 0.850202 (create 0.000028, send 0.000165, recv 0.001527, ring 0.848301, delay 0.000000)
node23D400662:1241:2606 [2] NCCL INFO Bootstrap timings total 0.850229 (create 0.000029, send 0.000214, recv 0.001598, ring 0.848232, delay 0.000000)
node23D400662:1242:2603 [3] NCCL INFO Bootstrap timings total 0.850295 (create 0.000060, send 0.000227, recv 0.000904, ring 0.848243, delay 0.000000)
node23D400662:1239:2604 [0] NCCL INFO Bootstrap timings total 0.850273 (create 0.000036, send 0.000240, recv 0.000990, ring 0.693899, delay 0.000000)
node23D400662:1240:2605 [1] NCCL INFO MNNVL busId 0x901000 fabric UUID aa48724aeeaad6a8.b34b901796a1c18d cliqueId 0x7ffe state 3 healthMask 0xaa
node23D400662:1241:2606 [2] NCCL INFO MNNVL busId 0x1801000 fabric UUID aa48724aeeaad6a8.b34b901796a1c18d cliqueId 0x7ffe state 3 healthMask 0xaa
node23D400662:1239:2604 [0] NCCL INFO MNNVL busId 0x801000 fabric UUID aa48724aeeaad6a8.b34b901796a1c18d cliqueId 0x7ffe state 3 healthMask 0xaa
node23D400662:1242:2603 [3] NCCL INFO MNNVL busId 0x1901000 fabric UUID aa48724aeeaad6a8.b34b901796a1c18d cliqueId 0x7ffe state 3 healthMask 0xaa
node23D400662:1239:2604 [0] NCCL INFO MNNVL 1 cliqueId 7ffe cliqueSize 32 cliqueRank 12
node23D400662:1242:2603 [3] NCCL INFO MNNVL 1 cliqueId 7ffe cliqueSize 32 cliqueRank 15
node23D400662:1240:2605 [1] NCCL INFO MNNVL 1 cliqueId 7ffe cliqueSize 32 cliqueRank 13
node23D400662:1241:2606 [2] NCCL INFO MNNVL 1 cliqueId 7ffe cliqueSize 32 cliqueRank 14
node23D400662:1242:2603 [3] NCCL INFO Setting affinity for GPU 3 to 72-143
node23D400662:1241:2606 [2] NCCL INFO Setting affinity for GPU 2 to 72-143
node23D400662:1240:2605 [1] NCCL INFO Setting affinity for GPU 1 to 0-71
node23D400662:1239:2604 [0] NCCL INFO Setting affinity for GPU 0 to 0-71
node23D400662:1242:2603 [3] NCCL INFO comm 0x44e8bd00 rank 15 nRanks 32 nNodes 1 localRanks 32 localRank 15 MNNVL 1
node23D400662:1240:2605 [1] NCCL INFO comm 0x5f5ca3c0 rank 13 nRanks 32 nNodes 1 localRanks 32 localRank 13 MNNVL 1
node23D400662:1241:2606 [2] NCCL INFO comm 0x35061d20 rank 14 nRanks 32 nNodes 1 localRanks 32 localRank 14 MNNVL 1
node23D400662:1242:2603 [3] NCCL INFO Trees [0] 16/-1/-1->15->14 [1] 16/-1/-1->15->14 [2] 16/-1/-1->15->14 [3] 16/-1/-1->15->14 [4] 16/-1/-1->15->14 [5] 16/-1/-1->15->14 [6] 16/-1/-1->15->14 [7] 16/-1/-1->15->14 [8] 16/-1/-1->15->14 [9] 16/-1/-1->15->14 [10] 16/-1/-1->15->14 [11] 16/-1/-1->15->14 [12] 16/-1/-1->15->14 [13] 16/-1/-1->15->14 [14] 16/-1/-1->15->14 [15] 16/-1/-1->15->14 [16] 16/-1/-1->15->14 [17] 16/-1/-1->15->14 [18] 16/-1/-1->15->14 [19] 16/-1/-1->15->14 [20] 16/-1/-1->15->14 [21] 16/-1/-1->15->14 [22] 16/-1/-1->15->14 [23] 16/-1/-1->15->14 [24] 16/-1/-1->15->14 [25] 16/-1/-1->15->14 [26] 16/-1/-1->15->14 [27] 16/-1/-1->15->14 [28] 16/-1/-1->15->14 [29] 16/-1/-1->15->14 [30] 16/-1/-1->15->14 [31] 16/-1/-1->15->14
node23D400662:1242:2603 [3] NCCL INFO P2P Chunksize set to 524288
node23D400662:1240:2605 [1] NCCL INFO Trees [0] 14/-1/-1->13->12 [1] 14/-1/-1->13->12 [2] 14/-1/-1->13->12 [3] 14/-1/-1->13->12 [4] 14/-1/-1->13->12 [5] 14/-1/-1->13->12 [6] 14/-1/-1->13->12 [7] 14/-1/-1->13->12 [8] 14/-1/-1->13->12 [9] 14/-1/-1->13->12 [10] 14/-1/-1->13->12 [11] 14/-1/-1->13->12 [12] 14/-1/-1->13->12 [13] 14/-1/-1->13->12 [14] 14/-1/-1->13->12 [15] 14/-1/-1->13->12 [16] 14/-1/-1->13->12 [17] 14/-1/-1->13->12 [18] 14/-1/-1->13->12 [19] 14/-1/-1->13->12 [20] 14/-1/-1->13->12 [21] 14/-1/-1->13->12 [22] 14/-1/-1->13->12 [23] 14/-1/-1->13->12 [24] 14/-1/-1->13->12 [25] 14/-1/-1->13->12 [26] 14/-1/-1->13->12 [27] 14/-1/-1->13->12 [28] 14/-1/-1->13->12 [29] 14/-1/-1->13->12 [30] 14/-1/-1->13->12 [31] 14/-1/-1->13->12
node23D400662:1241:2606 [2] NCCL INFO Trees [0] 15/-1/-1->14->13 [1] 15/-1/-1->14->13 [2] 15/-1/-1->14->13 [3] 15/-1/-1->14->13 [4] 15/-1/-1->14->13 [5] 15/-1/-1->14->13 [6] 15/-1/-1->14->13 [7] 15/-1/-1->14->13 [8] 15/-1/-1->14->13 [9] 15/-1/-1->14->13 [10] 15/-1/-1->14->13 [11] 15/-1/-1->14->13 [12] 15/-1/-1->14->13 [13] 15/-1/-1->14->13 [14] 15/-1/-1->14->13 [15] 15/-1/-1->14->13 [16] 15/-1/-1->14->13 [17] 15/-1/-1->14->13 [18] 15/-1/-1->14->13 [19] 15/-1/-1->14->13 [20] 15/-1/-1->14->13 [21] 15/-1/-1->14->13 [22] 15/-1/-1->14->13 [23] 15/-1/-1->14->13 [24] 15/-1/-1->14->13 [25] 15/-1/-1->14->13 [26] 15/-1/-1->14->13 [27] 15/-1/-1->14->13 [28] 15/-1/-1->14->13 [29] 15/-1/-1->14->13 [30] 15/-1/-1->14->13 [31] 15/-1/-1->14->13
node23D400662:1240:2605 [1] NCCL INFO P2P Chunksize set to 524288
node23D400662:1241:2606 [2] NCCL INFO P2P Chunksize set to 524288
node23D400662:1239:2604 [0] NCCL INFO comm 0x59f36c80 rank 12 nRanks 32 nNodes 1 localRanks 32 localRank 12 MNNVL 1
node23D400662:1242:2607 [3] NCCL INFO [Proxy Service] Device 3 CPU core 139
node23D400662:1239:2604 [0] NCCL INFO Trees [0] 13/-1/-1->12->11 [1] 13/-1/-1->12->11 [2] 13/-1/-1->12->11 [3] 13/-1/-1->12->11 [4] 13/-1/-1->12->11 [5] 13/-1/-1->12->11 [6] 13/-1/-1->12->11 [7] 13/-1/-1->12->11 [8] 13/-1/-1->12->11 [9] 13/-1/-1->12->11 [10] 13/-1/-1->12->11 [11] 13/-1/-1->12->11 [12] 13/-1/-1->12->11 [13] 13/-1/-1->12->11 [14] 13/-1/-1->12->11 [15] 13/-1/-1->12->11 [16] 13/-1/-1->12->11 [17] 13/-1/-1->12->11 [18] 13/-1/-1->12->11 [19] 13/-1/-1->12->11 [20] 13/-1/-1->12->11 [21] 13/-1/-1->12->11 [22] 13/-1/-1->12->11 [23] 13/-1/-1->12->11 [24] 13/-1/-1->12->11 [25] 13/-1/-1->12->11 [26] 13/-1/-1->12->11 [27] 13/-1/-1->12->11 [28] 13/-1/-1->12->11 [29] 13/-1/-1->12->11 [30] 13/-1/-1->12->11 [31] 13/-1/-1->12->11
node23D400662:1239:2604 [0] NCCL INFO P2P Chunksize set to 524288
node23D400662:1241:2608 [2] NCCL INFO [Proxy Service] Device 2 CPU core 81
node23D400662:1242:2610 [3] NCCL INFO [Proxy Service UDS] Device 3 CPU core 140
node23D400662:1240:2609 [1] NCCL INFO [Proxy Service] Device 1 CPU core 2
node23D400662:1240:2611 [1] NCCL INFO [Proxy Service UDS] Device 1 CPU core 3
node23D400662:1241:2612 [2] NCCL INFO [Proxy Service UDS] Device 2 CPU core 82
node23D400662:1239:2613 [0] NCCL INFO [Proxy Service] Device 0 CPU core 0
node23D400662:1239:2614 [0] NCCL INFO [Proxy Service UDS] Device 0 CPU core 4
node23D400662:1242:2603 [3] NCCL INFO threadThresholds 8/8/64 | 256/8/64 | 512 | 512
node23D400662:1242:2603 [3] NCCL INFO 32 coll channels, 32 collnet channels, 0 nvls channels, 32 p2p channels, 32 p2p channels per peer
node23D400662:1239:2604 [0] NCCL INFO threadThresholds 8/8/64 | 256/8/64 | 512 | 512
node23D400662:1240:2605 [1] NCCL INFO threadThresholds 8/8/64 | 256/8/64 | 512 | 512
node23D400662:1239:2604 [0] NCCL INFO 32 coll channels, 32 collnet channels, 0 nvls channels, 32 p2p channels, 32 p2p channels per peer
node23D400662:1240:2605 [1] NCCL INFO 32 coll channels, 32 collnet channels, 0 nvls channels, 32 p2p channels, 32 p2p channels per peer
node23D400662:1241:2606 [2] NCCL INFO threadThresholds 8/8/64 | 256/8/64 | 512 | 512
node23D400662:1241:2606 [2] NCCL INFO 32 coll channels, 32 collnet channels, 0 nvls channels, 32 p2p channels, 32 p2p channels per peer
node23D400662:1240:2605 [1] NCCL INFO ncclCommInitRankConfig comm 0x5f5ca3c0 rank 13 nranks 32 cudaDev 1 nvmlDev 1 busId 901000 commId 0x8c0c6cf73192f255 - Init COMPLETE
node23D400662:1240:2605 [1] NCCL INFO Init timings - ncclCommInitRankConfig: rank 13 nranks 32 total 2.37 (kernels 0.00, alloc 0.00, bootstrap 0.85, allgathers 0.03, topo 1.31, graphs 0.02, connections 0.16, rest 0.01)
node23D400662:1239:2604 [0] NCCL INFO ncclCommInitRankConfig comm 0x59f36c80 rank 12 nranks 32 cudaDev 0 nvmlDev 0 busId 801000 commId 0x8c0c6cf73192f255 - Init COMPLETE
node23D400662:1242:2603 [3] NCCL INFO ncclCommInitRankConfig comm 0x44e8bd00 rank 15 nranks 32 cudaDev 3 nvmlDev 3 busId 1901000 commId 0x8c0c6cf73192f255 - Init COMPLETE
node23D400662:1241:2606 [2] NCCL INFO ncclCommInitRankConfig comm 0x35061d20 rank 14 nranks 32 cudaDev 2 nvmlDev 2 busId 1801000 commId 0x8c0c6cf73192f255 - Init COMPLETE
node23D400662:1239:2604 [0] NCCL INFO Init timings - ncclCommInitRankConfig: rank 12 nranks 32 total 2.37 (kernels 0.00, alloc 0.00, bootstrap 0.85, allgathers 0.01, topo 1.33, graphs 0.02, connections 0.16, rest 0.01)
node23D400662:1242:2603 [3] NCCL INFO Init timings - ncclCommInitRankConfig: rank 15 nranks 32 total 2.37 (kernels 0.00, alloc 0.00, bootstrap 0.85, allgathers 0.05, topo 1.29, graphs 0.02, connections 0.15, rest 0.01)
node23D400662:1241:2606 [2] NCCL INFO Init timings - ncclCommInitRankConfig: rank 14 nranks 32 total 2.37 (kernels 0.00, alloc 0.00, bootstrap 0.85, allgathers 0.03, topo 1.31, graphs 0.02, connections 0.16, rest 0.01)
node23D400662:1241:2617 [2] NCCL INFO Channel 00/0 : 14[2] -> 15[3] via P2P/MNNVL
node23D400662:1242:2616 [3] NCCL INFO Channel 00/0 : 15[3] -> 16[0] via P2P/MNNVL
node23D400662:1241:2617 [2] NCCL INFO Channel 01/0 : 14[2] -> 15[3] via P2P/MNNVL
node23D400662:1242:2616 [3] NCCL INFO Channel 01/0 : 15[3] -> 16[0] via P2P/MNNVL
node23D400662:1239:2618 [0] NCCL INFO Channel 00/0 : 12[0] -> 13[1] via P2P/MNNVL
node23D400662:1242:2616 [3] NCCL INFO Channel 02/0 : 15[3] -> 16[0] via P2P/MNNVL
node23D400662:1241:2617 [2] NCCL INFO Channel 02/0 : 14[2] -> 15[3] via P2P/MNNVL
node23D400662:1239:2618 [0] NCCL INFO Channel 01/0 : 12[0] -> 13[1] via P2P/MNNVL
node23D400662:1241:2617 [2] NCCL INFO Channel 03/0 : 14[2] -> 15[3] via P2P/MNNVL
node23D400662:1242:2616 [3] NCCL INFO Channel 03/0 : 15[3] -> 16[0] via P2P/MNNVL
node23D400662:1242:2616 [3] NCCL INFO Channel 04/0 : 15[3] -> 16[0] via P2P/MNNVL
node23D400662:1240:2615 [1] NCCL INFO Channel 00/0 : 13[1] -> 14[2] via P2P/MNNVL
node23D400662:1241:2617 [2] NCCL INFO Channel 04/0 : 14[2] -> 15[3] via P2P/MNNVL
node23D400662:1242:2616 [3] NCCL INFO Channel 05/0 : 15[3] -> 16[0] via P2P/MNNVL
node23D400662:1239:2618 [0] NCCL INFO Channel 02/0 : 12[0] -> 13[1] via P2P/MNNVL
node23D400662:1239:2618 [0] NCCL INFO Channel 03/0 : 12[0] -> 13[1] via P2P/MNNVL
node23D400662:1242:2616 [3] NCCL INFO Channel 06/0 : 15[3] -> 16[0] via P2P/MNNVL
node23D400662:1241:2617 [2] NCCL INFO Channel 05/0 : 14[2] -> 15[3] via P2P/MNNVL
node23D400662:1240:2615 [1] NCCL INFO Channel 01/0 : 13[1] -> 14[2] via P2P/MNNVL
node23D400662:1239:2618 [0] NCCL INFO Channel 04/0 : 12[0] -> 13[1] via P2P/MNNVL
node23D400662:1241:2617 [2] NCCL INFO Channel 06/0 : 14[2] -> 15[3] via P2P/MNNVL
node23D400662:1240:2615 [1] NCCL INFO Channel 02/0 : 13[1] -> 14[2] via P2P/MNNVL
node23D400662:1242:2616 [3] NCCL INFO Channel 07/0 : 15[3] -> 16[0] via P2P/MNNVL
node23D400662:1241:2617 [2] NCCL INFO Channel 07/0 : 14[2] -> 15[3] via P2P/MNNVL
node23D400662:1240:2615 [1] NCCL INFO Channel 03/0 : 13[1] -> 14[2] via P2P/MNNVL
node23D400662:1242:2616 [3] NCCL INFO Channel 08/0 : 15[3] -> 16[0] via P2P/MNNVL
node23D400662:1239:2618 [0] NCCL INFO Channel 05/0 : 12[0] -> 13[1] via P2P/MNNVL
node23D400662:1241:2617 [2] NCCL INFO Channel 08/0 : 14[2] -> 15[3] via P2P/MNNVL
node23D400662:1242:2616 [3] NCCL INFO Channel 09/0 : 15[3] -> 16[0] via P2P/MNNVL
node23D400662:1239:2618 [0] NCCL INFO Channel 06/0 : 12[0] -> 13[1] via P2P/MNNVL
node23D400662:1240:2615 [1] NCCL INFO Channel 04/0 : 13[1] -> 14[2] via P2P/MNNVL
node23D400662:1241:2617 [2] NCCL INFO Channel 09/0 : 14[2] -> 15[3] via P2P/MNNVL
node23D400662:1242:2616 [3] NCCL INFO Channel 10/0 : 15[3] -> 16[0] via P2P/MNNVL
node23D400662:1240:2615 [1] NCCL INFO Channel 05/0 : 13[1] -> 14[2] via P2P/MNNVL
node23D400662:1239:2618 [0] NCCL INFO Channel 07/0 : 12[0] -> 13[1] via P2P/MNNVL
node23D400662:1241:2617 [2] NCCL INFO Channel 10/0 : 14[2] -> 15[3] via P2P/MNNVL
node23D400662:1240:2615 [1] NCCL INFO Channel 06/0 : 13[1] -> 14[2] via P2P/MNNVL
node23D400662:1242:2616 [3] NCCL INFO Channel 11/0 : 15[3] -> 16[0] via P2P/MNNVL
node23D400662:1241:2617 [2] NCCL INFO Channel 11/0 : 14[2] -> 15[3] via P2P/MNNVL
node23D400662:1242:2616 [3] NCCL INFO Channel 12/0 : 15[3] -> 16[0] via P2P/MNNVL
node23D400662:1239:2618 [0] NCCL INFO Channel 08/0 : 12[0] -> 13[1] via P2P/MNNVL
node23D400662:1240:2615 [1] NCCL INFO Channel 07/0 : 13[1] -> 14[2] via P2P/MNNVL
node23D400662:1242:2616 [3] NCCL INFO Channel 13/0 : 15[3] -> 16[0] via P2P/MNNVL
node23D400662:1241:2617 [2] NCCL INFO Channel 12/0 : 14[2] -> 15[3] via P2P/MNNVL
node23D400662:1239:2618 [0] NCCL INFO Channel 09/0 : 12[0] -> 13[1] via P2P/MNNVL
node23D400662:1242:2616 [3] NCCL INFO Channel 14/0 : 15[3] -> 16[0] via P2P/MNNVL
node23D400662:1240:2615 [1] NCCL INFO Channel 08/0 : 13[1] -> 14[2] via P2P/MNNVL
node23D400662:1241:2617 [2] NCCL INFO Channel 13/0 : 14[2] -> 15[3] via P2P/MNNVL
node23D400662:1242:2616 [3] NCCL INFO Channel 15/0 : 15[3] -> 16[0] via P2P/MNNVL
node23D400662:1239:2618 [0] NCCL INFO Channel 10/0 : 12[0] -> 13[1] via P2P/MNNVL
node23D400662:1240:2615 [1] NCCL INFO Channel 09/0 : 13[1] -> 14[2] via P2P/MNNVL
node23D400662:1241:2617 [2] NCCL INFO Channel 14/0 : 14[2] -> 15[3] via P2P/MNNVL
node23D400662:1242:2616 [3] NCCL INFO Channel 16/0 : 15[3] -> 16[0] via P2P/MNNVL
node23D400662:1239:2618 [0] NCCL INFO Channel 11/0 : 12[0] -> 13[1] via P2P/MNNVL
node23D400662:1240:2615 [1] NCCL INFO Channel 10/0 : 13[1] -> 14[2] via P2P/MNNVL
node23D400662:1242:2616 [3] NCCL INFO Channel 17/0 : 15[3] -> 16[0] via P2P/MNNVL
node23D400662:1240:2615 [1] NCCL INFO Channel 11/0 : 13[1] -> 14[2] via P2P/MNNVL
node23D400662:1239:2618 [0] NCCL INFO Channel 12/0 : 12[0] -> 13[1] via P2P/MNNVL
node23D400662:1241:2617 [2] NCCL INFO Channel 15/0 : 14[2] -> 15[3] via P2P/MNNVL
node23D400662:1240:2615 [1] NCCL INFO Channel 12/0 : 13[1] -> 14[2] via P2P/MNNVL
node23D400662:1242:2616 [3] NCCL INFO Channel 18/0 : 15[3] -> 16[0] via P2P/MNNVL
node23D400662:1239:2618 [0] NCCL INFO Channel 13/0 : 12[0] -> 13[1] via P2P/MNNVL
node23D400662:1241:2617 [2] NCCL INFO Channel 16/0 : 14[2] -> 15[3] via P2P/MNNVL
node23D400662:1242:2616 [3] NCCL INFO Channel 19/0 : 15[3] -> 16[0] via P2P/MNNVL
node23D400662:1239:2618 [0] NCCL INFO Channel 14/0 : 12[0] -> 13[1] via P2P/MNNVL
node23D400662:1241:2617 [2] NCCL INFO Channel 17/0 : 14[2] -> 15[3] via P2P/MNNVL
node23D400662:1240:2615 [1] NCCL INFO Channel 13/0 : 13[1] -> 14[2] via P2P/MNNVL
node23D400662:1241:2617 [2] NCCL INFO Channel 18/0 : 14[2] -> 15[3] via P2P/MNNVL
node23D400662:1239:2618 [0] NCCL INFO Channel 15/0 : 12[0] -> 13[1] via P2P/MNNVL
node23D400662:1240:2615 [1] NCCL INFO Channel 14/0 : 13[1] -> 14[2] via P2P/MNNVL
node23D400662:1242:2616 [3] NCCL INFO Channel 20/0 : 15[3] -> 16[0] via P2P/MNNVL
node23D400662:1241:2617 [2] NCCL INFO Channel 19/0 : 14[2] -> 15[3] via P2P/MNNVL
node23D400662:1242:2616 [3] NCCL INFO Channel 21/0 : 15[3] -> 16[0] via P2P/MNNVL
node23D400662:1240:2615 [1] NCCL INFO Channel 15/0 : 13[1] -> 14[2] via P2P/MNNVL
node23D400662:1239:2618 [0] NCCL INFO Channel 16/0 : 12[0] -> 13[1] via P2P/MNNVL
node23D400662:1241:2617 [2] NCCL INFO Channel 20/0 : 14[2] -> 15[3] via P2P/MNNVL
node23D400662:1242:2616 [3] NCCL INFO Channel 22/0 : 15[3] -> 16[0] via P2P/MNNVL
node23D400662:1240:2615 [1] NCCL INFO Channel 16/0 : 13[1] -> 14[2] via P2P/MNNVL
node23D400662:1239:2618 [0] NCCL INFO Channel 17/0 : 12[0] -> 13[1] via P2P/MNNVL
node23D400662:1241:2617 [2] NCCL INFO Channel 21/0 : 14[2] -> 15[3] via P2P/MNNVL
node23D400662:1242:2616 [3] NCCL INFO Channel 23/0 : 15[3] -> 16[0] via P2P/MNNVL
node23D400662:1241:2617 [2] NCCL INFO Channel 22/0 : 14[2] -> 15[3] via P2P/MNNVL
node23D400662:1242:2616 [3] NCCL INFO Channel 24/0 : 15[3] -> 16[0] via P2P/MNNVL
node23D400662:1239:2618 [0] NCCL INFO Channel 18/0 : 12[0] -> 13[1] via P2P/MNNVL
node23D400662:1240:2615 [1] NCCL INFO Channel 17/0 : 13[1] -> 14[2] via P2P/MNNVL
node23D400662:1242:2616 [3] NCCL INFO Channel 25/0 : 15[3] -> 16[0] via P2P/MNNVL
node23D400662:1239:2618 [0] NCCL INFO Channel 19/0 : 12[0] -> 13[1] via P2P/MNNVL
node23D400662:1241:2617 [2] NCCL INFO Channel 23/0 : 14[2] -> 15[3] via P2P/MNNVL
node23D400662:1240:2615 [1] NCCL INFO Channel 18/0 : 13[1] -> 14[2] via P2P/MNNVL
node23D400662:1242:2616 [3] NCCL INFO Channel 26/0 : 15[3] -> 16[0] via P2P/MNNVL
node23D400662:1240:2615 [1] NCCL INFO Channel 19/0 : 13[1] -> 14[2] via P2P/MNNVL
node23D400662:1241:2617 [2] NCCL INFO Channel 24/0 : 14[2] -> 15[3] via P2P/MNNVL
node23D400662:1239:2618 [0] NCCL INFO Channel 20/0 : 12[0] -> 13[1] via P2P/MNNVL
node23D400662:1240:2615 [1] NCCL INFO Channel 20/0 : 13[1] -> 14[2] via P2P/MNNVL
node23D400662:1239:2618 [0] NCCL INFO Channel 21/0 : 12[0] -> 13[1] via P2P/MNNVL
node23D400662:1241:2617 [2] NCCL INFO Channel 25/0 : 14[2] -> 15[3] via P2P/MNNVL
node23D400662:1242:2616 [3] NCCL INFO Channel 27/0 : 15[3] -> 16[0] via P2P/MNNVL
node23D400662:1240:2615 [1] NCCL INFO Channel 21/0 : 13[1] -> 14[2] via P2P/MNNVL
node23D400662:1239:2618 [0] NCCL INFO Channel 22/0 : 12[0] -> 13[1] via P2P/MNNVL
node23D400662:1241:2617 [2] NCCL INFO Channel 26/0 : 14[2] -> 15[3] via P2P/MNNVL
node23D400662:1242:2616 [3] NCCL INFO Channel 28/0 : 15[3] -> 16[0] via P2P/MNNVL
node23D400662:1242:2616 [3] NCCL INFO Channel 29/0 : 15[3] -> 16[0] via P2P/MNNVL
node23D400662:1241:2617 [2] NCCL INFO Channel 27/0 : 14[2] -> 15[3] via P2P/MNNVL
node23D400662:1239:2618 [0] NCCL INFO Channel 23/0 : 12[0] -> 13[1] via P2P/MNNVL
node23D400662:1240:2615 [1] NCCL INFO Channel 22/0 : 13[1] -> 14[2] via P2P/MNNVL
node23D400662:1242:2616 [3] NCCL INFO Channel 30/0 : 15[3] -> 16[0] via P2P/MNNVL
node23D400662:1240:2615 [1] NCCL INFO Channel 23/0 : 13[1] -> 14[2] via P2P/MNNVL
node23D400662:1242:2616 [3] NCCL INFO Channel 31/0 : 15[3] -> 16[0] via P2P/MNNVL
node23D400662:1239:2618 [0] NCCL INFO Channel 24/0 : 12[0] -> 13[1] via P2P/MNNVL
node23D400662:1241:2617 [2] NCCL INFO Channel 28/0 : 14[2] -> 15[3] via P2P/MNNVL
node23D400662:1241:2617 [2] NCCL INFO Channel 29/0 : 14[2] -> 15[3] via P2P/MNNVL
node23D400662:1239:2618 [0] NCCL INFO Channel 25/0 : 12[0] -> 13[1] via P2P/MNNVL
node23D400662:1240:2615 [1] NCCL INFO Channel 24/0 : 13[1] -> 14[2] via P2P/MNNVL
node23D400662:1241:2617 [2] NCCL INFO Channel 30/0 : 14[2] -> 15[3] via P2P/MNNVL
node23D400662:1240:2615 [1] NCCL INFO Channel 25/0 : 13[1] -> 14[2] via P2P/MNNVL
node23D400662:1239:2618 [0] NCCL INFO Channel 26/0 : 12[0] -> 13[1] via P2P/MNNVL
node23D400662:1240:2615 [1] NCCL INFO Channel 26/0 : 13[1] -> 14[2] via P2P/MNNVL
node23D400662:1239:2618 [0] NCCL INFO Channel 27/0 : 12[0] -> 13[1] via P2P/MNNVL
node23D400662:1241:2617 [2] NCCL INFO Channel 31/0 : 14[2] -> 15[3] via P2P/MNNVL
node23D400662:1240:2615 [1] NCCL INFO Channel 27/0 : 13[1] -> 14[2] via P2P/MNNVL
node23D400662:1239:2618 [0] NCCL INFO Channel 28/0 : 12[0] -> 13[1] via P2P/MNNVL
node23D400662:1239:2618 [0] NCCL INFO Channel 29/0 : 12[0] -> 13[1] via P2P/MNNVL
node23D400662:1240:2615 [1] NCCL INFO Channel 28/0 : 13[1] -> 14[2] via P2P/MNNVL
node23D400662:1239:2618 [0] NCCL INFO Channel 30/0 : 12[0] -> 13[1] via P2P/MNNVL
node23D400662:1240:2615 [1] NCCL INFO Channel 29/0 : 13[1] -> 14[2] via P2P/MNNVL
node23D400662:1239:2618 [0] NCCL INFO Channel 31/0 : 12[0] -> 13[1] via P2P/MNNVL
node23D400662:1240:2615 [1] NCCL INFO Channel 30/0 : 13[1] -> 14[2] via P2P/MNNVL
node23D400662:1240:2615 [1] NCCL INFO Channel 31/0 : 13[1] -> 14[2] via P2P/MNNVL
node23D400662:1242:2616 [3] NCCL INFO Connected all rings, use ring PXN 0 GDR 1
node23D400662:1241:2617 [2] NCCL INFO Connected all rings, use ring PXN 0 GDR 1
node23D400662:1240:2615 [1] NCCL INFO Connected all rings, use ring PXN 0 GDR 1
node23D400662:1239:2618 [0] NCCL INFO Connected all rings, use ring PXN 0 GDR 1
[Rank 31] (after 1 iterations) memory (MB) | allocated: 84739.185546875 | max allocated: 92389.1875 | reserved: 85544.0 | max reserved: 92726.0[Rank 28] (after 1 iterations) memory (MB) | allocated: 84739.185546875 | max allocated: 92389.1875 | reserved: 85510.0 | max reserved: 92692.0[Rank 29] (after 1 iterations) memory (MB) | allocated: 84739.185546875 | max allocated: 92389.1875 | reserved: 85582.0 | max reserved: 92686.0


[Rank 30] (after 1 iterations) memory (MB) | allocated: 84739.185546875 | max allocated: 92389.1875 | reserved: 85582.0 | max reserved: 92686.0
node23D400662:1241:2619 [2] NCCL INFO Channel 00/1 : 30[2] -> 0[0] via P2P/MNNVL
node23D400662:1242:2620 [3] NCCL INFO Channel 00/1 : 31[3] -> 0[0] via P2P/MNNVL
node23D400662:1240:2622 [1] NCCL INFO Channel 00/1 : 29[1] -> 0[0] via P2P/MNNVL
node23D400662:1239:2621 [0] NCCL INFO Channel 00/1 : 28[0] -> 0[0] via P2P/MNNVL
node23D400662:1242:2620 [3] NCCL INFO Channel 01/1 : 31[3] -> 0[0] via P2P/MNNVL
node23D400662:1241:2619 [2] NCCL INFO Channel 01/1 : 30[2] -> 0[0] via P2P/MNNVL
node23D400662:1242:2620 [3] NCCL INFO Channel 02/1 : 31[3] -> 0[0] via P2P/MNNVL
node23D400662:1239:2621 [0] NCCL INFO Channel 01/1 : 28[0] -> 0[0] via P2P/MNNVL
node23D400662:1240:2622 [1] NCCL INFO Channel 01/1 : 29[1] -> 0[0] via P2P/MNNVL
node23D400662:1239:2621 [0] NCCL INFO Channel 02/1 : 28[0] -> 0[0] via P2P/MNNVL
node23D400662:1241:2619 [2] NCCL INFO Channel 02/1 : 30[2] -> 0[0] via P2P/MNNVL
node23D400662:1242:2620 [3] NCCL INFO Channel 03/1 : 31[3] -> 0[0] via P2P/MNNVL
node23D400662:1240:2622 [1] NCCL INFO Channel 02/1 : 29[1] -> 0[0] via P2P/MNNVL
node23D400662:1241:2619 [2] NCCL INFO Channel 03/1 : 30[2] -> 0[0] via P2P/MNNVL
node23D400662:1240:2622 [1] NCCL INFO Channel 03/1 : 29[1] -> 0[0] via P2P/MNNVL
node23D400662:1242:2620 [3] NCCL INFO Channel 04/1 : 31[3] -> 0[0] via P2P/MNNVL
node23D400662:1239:2621 [0] NCCL INFO Channel 03/1 : 28[0] -> 0[0] via P2P/MNNVL
node23D400662:1240:2622 [1] NCCL INFO Channel 04/1 : 29[1] -> 0[0] via P2P/MNNVL
node23D400662:1241:2619 [2] NCCL INFO Channel 04/1 : 30[2] -> 0[0] via P2P/MNNVL
node23D400662:1239:2621 [0] NCCL INFO Channel 04/1 : 28[0] -> 0[0] via P2P/MNNVL
node23D400662:1242:2620 [3] NCCL INFO Channel 05/1 : 31[3] -> 0[0] via P2P/MNNVL
node23D400662:1241:2619 [2] NCCL INFO Channel 05/1 : 30[2] -> 0[0] via P2P/MNNVL
node23D400662:1242:2620 [3] NCCL INFO Channel 06/1 : 31[3] -> 0[0] via P2P/MNNVL
node23D400662:1239:2621 [0] NCCL INFO Channel 05/1 : 28[0] -> 0[0] via P2P/MNNVL
node23D400662:1240:2622 [1] NCCL INFO Channel 05/1 : 29[1] -> 0[0] via P2P/MNNVL
node23D400662:1241:2619 [2] NCCL INFO Channel 06/1 : 30[2] -> 0[0] via P2P/MNNVL
node23D400662:1239:2621 [0] NCCL INFO Channel 06/1 : 28[0] -> 0[0] via P2P/MNNVL
node23D400662:1240:2622 [1] NCCL INFO Channel 06/1 : 29[1] -> 0[0] via P2P/MNNVL
node23D400662:1242:2620 [3] NCCL INFO Channel 07/1 : 31[3] -> 0[0] via P2P/MNNVL
node23D400662:1241:2619 [2] NCCL INFO Channel 07/1 : 30[2] -> 0[0] via P2P/MNNVL
node23D400662:1239:2621 [0] NCCL INFO Channel 07/1 : 28[0] -> 0[0] via P2P/MNNVL
node23D400662:1241:2619 [2] NCCL INFO Channel 08/1 : 30[2] -> 0[0] via P2P/MNNVL
node23D400662:1242:2620 [3] NCCL INFO Channel 08/1 : 31[3] -> 0[0] via P2P/MNNVL
node23D400662:1240:2622 [1] NCCL INFO Channel 07/1 : 29[1] -> 0[0] via P2P/MNNVL
node23D400662:1239:2621 [0] NCCL INFO Channel 08/1 : 28[0] -> 0[0] via P2P/MNNVL
node23D400662:1242:2620 [3] NCCL INFO Channel 09/1 : 31[3] -> 0[0] via P2P/MNNVL
node23D400662:1240:2622 [1] NCCL INFO Channel 08/1 : 29[1] -> 0[0] via P2P/MNNVL
node23D400662:1241:2619 [2] NCCL INFO Channel 09/1 : 30[2] -> 0[0] via P2P/MNNVL
node23D400662:1239:2621 [0] NCCL INFO Channel 09/1 : 28[0] -> 0[0] via P2P/MNNVL
node23D400662:1242:2620 [3] NCCL INFO Channel 10/1 : 31[3] -> 0[0] via P2P/MNNVL
node23D400662:1240:2622 [1] NCCL INFO Channel 09/1 : 29[1] -> 0[0] via P2P/MNNVL
node23D400662:1239:2621 [0] NCCL INFO Channel 10/1 : 28[0] -> 0[0] via P2P/MNNVL
node23D400662:1241:2619 [2] NCCL INFO Channel 10/1 : 30[2] -> 0[0] via P2P/MNNVL
node23D400662:1242:2620 [3] NCCL INFO Channel 11/1 : 31[3] -> 0[0] via P2P/MNNVL
node23D400662:1239:2621 [0] NCCL INFO Channel 11/1 : 28[0] -> 0[0] via P2P/MNNVL
node23D400662:1242:2620 [3] NCCL INFO Channel 12/1 : 31[3] -> 0[0] via P2P/MNNVL
node23D400662:1240:2622 [1] NCCL INFO Channel 10/1 : 29[1] -> 0[0] via P2P/MNNVL
node23D400662:1241:2619 [2] NCCL INFO Channel 11/1 : 30[2] -> 0[0] via P2P/MNNVL
node23D400662:1241:2619 [2] NCCL INFO Channel 12/1 : 30[2] -> 0[0] via P2P/MNNVL
node23D400662:1242:2620 [3] NCCL INFO Channel 13/1 : 31[3] -> 0[0] via P2P/MNNVL
node23D400662:1240:2622 [1] NCCL INFO Channel 11/1 : 29[1] -> 0[0] via P2P/MNNVL
node23D400662:1239:2621 [0] NCCL INFO Channel 12/1 : 28[0] -> 0[0] via P2P/MNNVL
node23D400662:1240:2622 [1] NCCL INFO Channel 12/1 : 29[1] -> 0[0] via P2P/MNNVL
