node23D400661:1240:2588 [1] NCCL INFO Channel 06/0 : 0[1] -> 1[1] via P2P/MNNVL
node23D400661:1239:2575 [0] NCCL INFO ncclCommInitRankConfig comm 0x48ddbd50 rank 0 nranks 2 cudaDev 0 nvmlDev 0 busId 801000 commId 0xf46162085c65b10e - Init COMPLETE
node23D400661:1239:2575 [0] NCCL INFO Init timings - ncclCommInitRankConfig: rank 0 nranks 2 total 0.62 (kernels 0.00, alloc 0.00, bootstrap 0.00, allgathers 0.01, topo 0.43, graphs 0.00, connections 0.17, rest 0.01)
node23D400661:1240:2588 [1] NCCL INFO Channel 07/0 : 0[1] -> 1[1] via P2P/MNNVL
node23D400661:1240:2588 [1] NCCL INFO Channel 08/0 : 0[1] -> 1[1] via P2P/MNNVL
node23D400661:1240:2588 [1] NCCL INFO Channel 09/0 : 0[1] -> 1[1] via P2P/MNNVL
node23D400661:1240:2588 [1] NCCL INFO Channel 10/0 : 0[1] -> 1[1] via P2P/MNNVL
node23D400661:1240:2588 [1] NCCL INFO Channel 11/0 : 0[1] -> 1[1] via P2P/MNNVL
node23D400661:1240:2588 [1] NCCL INFO Channel 12/0 : 0[1] -> 1[1] via P2P/MNNVL
node23D400661:1241:2578 [2] NCCL INFO threadThresholds 8/8/64 | 16/8/64 | 512 | 512
node23D400661:1241:2578 [2] NCCL INFO 32 coll channels, 32 collnet channels, 0 nvls channels, 32 p2p channels, 32 p2p channels per peer
node23D400661:1240:2588 [1] NCCL INFO Channel 13/0 : 0[1] -> 1[1] via P2P/MNNVL
node23D400661:1241:2578 [2] NCCL INFO CC Off, workFifoBytes 1048576
node23D400661:1240:2588 [1] NCCL INFO Channel 14/0 : 0[1] -> 1[1] via P2P/MNNVL
node23D400661:1240:2588 [1] NCCL INFO Channel 15/0 : 0[1] -> 1[1] via P2P/MNNVL
node23D400661:1240:2588 [1] NCCL INFO Channel 16/0 : 0[1] -> 1[1] via P2P/MNNVL
node23D400661:1240:2588 [1] NCCL INFO Channel 17/0 : 0[1] -> 1[1] via P2P/MNNVL
node23D400661:1240:2588 [1] NCCL INFO Channel 18/0 : 0[1] -> 1[1] via P2P/MNNVL
node23D400661:1241:2578 [2] NCCL INFO ncclCommInitRankConfig comm 0x6f932660 rank 0 nranks 2 cudaDev 2 nvmlDev 2 busId 1801000 commId 0x4b5b7d98220ee301 - Init COMPLETE
node23D400661:1241:2578 [2] NCCL INFO Init timings - ncclCommInitRankConfig: rank 0 nranks 2 total 0.64 (kernels 0.00, alloc 0.00, bootstrap 0.00, allgathers 0.00, topo 0.43, graphs 0.00, connections 0.19, rest 0.01)
node23D400661:1240:2588 [1] NCCL INFO Channel 19/0 : 0[1] -> 1[1] via P2P/MNNVL
node23D400661:1240:2588 [1] NCCL INFO Channel 20/0 : 0[1] -> 1[1] via P2P/MNNVL
node23D400661:1240:2588 [1] NCCL INFO Channel 21/0 : 0[1] -> 1[1] via P2P/MNNVL
node23D400661:1240:2588 [1] NCCL INFO Channel 22/0 : 0[1] -> 1[1] via P2P/MNNVL
node23D400661:1240:2588 [1] NCCL INFO Channel 23/0 : 0[1] -> 1[1] via P2P/MNNVL
node23D400661:1240:2588 [1] NCCL INFO Channel 24/0 : 0[1] -> 1[1] via P2P/MNNVL
node23D400661:1240:2588 [1] NCCL INFO Channel 25/0 : 0[1] -> 1[1] via P2P/MNNVL
node23D400661:1240:2588 [1] NCCL INFO Channel 26/0 : 0[1] -> 1[1] via P2P/MNNVL
node23D400661:1240:2588 [1] NCCL INFO Channel 27/0 : 0[1] -> 1[1] via P2P/MNNVL
node23D400661:1240:2588 [1] NCCL INFO Channel 28/0 : 0[1] -> 1[1] via P2P/MNNVL
node23D400661:1240:2588 [1] NCCL INFO Channel 29/0 : 0[1] -> 1[1] via P2P/MNNVL
node23D400661:1240:2588 [1] NCCL INFO Channel 30/0 : 0[1] -> 1[1] via P2P/MNNVL
node23D400661:1240:2588 [1] NCCL INFO Channel 31/0 : 0[1] -> 1[1] via P2P/MNNVL
node23D400661:1239:2589 [0] NCCL INFO Channel 00/0 : 0[0] -> 1[0] via P2P/MNNVL
node23D400661:1239:2589 [0] NCCL INFO Channel 01/0 : 0[0] -> 1[0] via P2P/MNNVL
node23D400661:1239:2589 [0] NCCL INFO Channel 02/0 : 0[0] -> 1[0] via P2P/MNNVL
node23D400661:1239:2589 [0] NCCL INFO Channel 03/0 : 0[0] -> 1[0] via P2P/MNNVL
node23D400661:1239:2589 [0] NCCL INFO Channel 04/0 : 0[0] -> 1[0] via P2P/MNNVL
node23D400661:1239:2589 [0] NCCL INFO Channel 05/0 : 0[0] -> 1[0] via P2P/MNNVL
node23D400661:1239:2589 [0] NCCL INFO Channel 06/0 : 0[0] -> 1[0] via P2P/MNNVL
node23D400661:1239:2589 [0] NCCL INFO Channel 07/0 : 0[0] -> 1[0] via P2P/MNNVL
node23D400661:1239:2589 [0] NCCL INFO Channel 08/0 : 0[0] -> 1[0] via P2P/MNNVL
node23D400661:1239:2589 [0] NCCL INFO Channel 09/0 : 0[0] -> 1[0] via P2P/MNNVL
node23D400661:1239:2589 [0] NCCL INFO Channel 10/0 : 0[0] -> 1[0] via P2P/MNNVL
node23D400661:1239:2589 [0] NCCL INFO Channel 11/0 : 0[0] -> 1[0] via P2P/MNNVL
node23D400661:1239:2589 [0] NCCL INFO Channel 12/0 : 0[0] -> 1[0] via P2P/MNNVL
node23D400661:1239:2589 [0] NCCL INFO Channel 13/0 : 0[0] -> 1[0] via P2P/MNNVL
node23D400661:1239:2589 [0] NCCL INFO Channel 14/0 : 0[0] -> 1[0] via P2P/MNNVL
node23D400661:1239:2589 [0] NCCL INFO Channel 15/0 : 0[0] -> 1[0] via P2P/MNNVL
node23D400661:1239:2589 [0] NCCL INFO Channel 16/0 : 0[0] -> 1[0] via P2P/MNNVL
node23D400661:1241:2590 [2] NCCL INFO Channel 00/0 : 0[2] -> 1[2] via P2P/MNNVL
node23D400661:1241:2590 [2] NCCL INFO Channel 01/0 : 0[2] -> 1[2] via P2P/MNNVL
node23D400661:1239:2589 [0] NCCL INFO Channel 17/0 : 0[0] -> 1[0] via P2P/MNNVL
node23D400661:1239:2589 [0] NCCL INFO Channel 18/0 : 0[0] -> 1[0] via P2P/MNNVL
node23D400661:1241:2590 [2] NCCL INFO Channel 02/0 : 0[2] -> 1[2] via P2P/MNNVL
node23D400661:1239:2589 [0] NCCL INFO Channel 19/0 : 0[0] -> 1[0] via P2P/MNNVL
node23D400661:1241:2590 [2] NCCL INFO Channel 03/0 : 0[2] -> 1[2] via P2P/MNNVL
node23D400661:1239:2589 [0] NCCL INFO Channel 20/0 : 0[0] -> 1[0] via P2P/MNNVL
node23D400661:1241:2590 [2] NCCL INFO Channel 04/0 : 0[2] -> 1[2] via P2P/MNNVL
node23D400661:1239:2589 [0] NCCL INFO Channel 21/0 : 0[0] -> 1[0] via P2P/MNNVL
node23D400661:1239:2589 [0] NCCL INFO Channel 22/0 : 0[0] -> 1[0] via P2P/MNNVL
node23D400661:1241:2590 [2] NCCL INFO Channel 05/0 : 0[2] -> 1[2] via P2P/MNNVL
node23D400661:1239:2589 [0] NCCL INFO Channel 23/0 : 0[0] -> 1[0] via P2P/MNNVL
node23D400661:1241:2590 [2] NCCL INFO Channel 06/0 : 0[2] -> 1[2] via P2P/MNNVL
node23D400661:1239:2589 [0] NCCL INFO Channel 24/0 : 0[0] -> 1[0] via P2P/MNNVL
node23D400661:1239:2589 [0] NCCL INFO Channel 25/0 : 0[0] -> 1[0] via P2P/MNNVL
node23D400661:1241:2590 [2] NCCL INFO Channel 07/0 : 0[2] -> 1[2] via P2P/MNNVL
node23D400661:1239:2589 [0] NCCL INFO Channel 26/0 : 0[0] -> 1[0] via P2P/MNNVL
node23D400661:1241:2590 [2] NCCL INFO Channel 08/0 : 0[2] -> 1[2] via P2P/MNNVL
node23D400661:1239:2589 [0] NCCL INFO Channel 27/0 : 0[0] -> 1[0] via P2P/MNNVL
node23D400661:1241:2590 [2] NCCL INFO Channel 09/0 : 0[2] -> 1[2] via P2P/MNNVL
node23D400661:1239:2589 [0] NCCL INFO Channel 28/0 : 0[0] -> 1[0] via P2P/MNNVL
node23D400661:1241:2590 [2] NCCL INFO Channel 10/0 : 0[2] -> 1[2] via P2P/MNNVL
node23D400661:1239:2589 [0] NCCL INFO Channel 29/0 : 0[0] -> 1[0] via P2P/MNNVL
node23D400661:1239:2589 [0] NCCL INFO Channel 30/0 : 0[0] -> 1[0] via P2P/MNNVL
node23D400661:1241:2590 [2] NCCL INFO Channel 11/0 : 0[2] -> 1[2] via P2P/MNNVL
node23D400661:1239:2589 [0] NCCL INFO Channel 31/0 : 0[0] -> 1[0] via P2P/MNNVL
node23D400661:1241:2590 [2] NCCL INFO Channel 12/0 : 0[2] -> 1[2] via P2P/MNNVL
node23D400661:1241:2590 [2] NCCL INFO Channel 13/0 : 0[2] -> 1[2] via P2P/MNNVL
node23D400661:1241:2590 [2] NCCL INFO Channel 14/0 : 0[2] -> 1[2] via P2P/MNNVL
node23D400661:1241:2590 [2] NCCL INFO Channel 15/0 : 0[2] -> 1[2] via P2P/MNNVL
node23D400661:1241:2590 [2] NCCL INFO Channel 16/0 : 0[2] -> 1[2] via P2P/MNNVL
node23D400661:1241:2590 [2] NCCL INFO Channel 17/0 : 0[2] -> 1[2] via P2P/MNNVL
node23D400661:1241:2590 [2] NCCL INFO Channel 18/0 : 0[2] -> 1[2] via P2P/MNNVL
node23D400661:1241:2590 [2] NCCL INFO Channel 19/0 : 0[2] -> 1[2] via P2P/MNNVL
node23D400661:1241:2590 [2] NCCL INFO Channel 20/0 : 0[2] -> 1[2] via P2P/MNNVL
node23D400661:1241:2590 [2] NCCL INFO Channel 21/0 : 0[2] -> 1[2] via P2P/MNNVL
node23D400661:1241:2590 [2] NCCL INFO Channel 22/0 : 0[2] -> 1[2] via P2P/MNNVL
node23D400661:1241:2590 [2] NCCL INFO Channel 23/0 : 0[2] -> 1[2] via P2P/MNNVL
node23D400661:1241:2590 [2] NCCL INFO Channel 24/0 : 0[2] -> 1[2] via P2P/MNNVL
node23D400661:1241:2590 [2] NCCL INFO Channel 25/0 : 0[2] -> 1[2] via P2P/MNNVL
node23D400661:1241:2590 [2] NCCL INFO Channel 26/0 : 0[2] -> 1[2] via P2P/MNNVL
node23D400661:1241:2590 [2] NCCL INFO Channel 27/0 : 0[2] -> 1[2] via P2P/MNNVL
node23D400661:1241:2590 [2] NCCL INFO Channel 28/0 : 0[2] -> 1[2] via P2P/MNNVL
node23D400661:1241:2590 [2] NCCL INFO Channel 29/0 : 0[2] -> 1[2] via P2P/MNNVL
node23D400661:1241:2590 [2] NCCL INFO Channel 30/0 : 0[2] -> 1[2] via P2P/MNNVL
node23D400661:1241:2590 [2] NCCL INFO Channel 31/0 : 0[2] -> 1[2] via P2P/MNNVL
node23D400661:1242:2583 [3] NCCL INFO Connected all rings, use ring PXN 0 GDR 1
node23D400661:1242:2591 [3] NCCL INFO Channel 00/0 : 2[3] -> 3[3] via P2P/MNNVL
node23D400661:1242:2591 [3] NCCL INFO Channel 01/0 : 2[3] -> 3[3] via P2P/MNNVL
node23D400661:1242:2591 [3] NCCL INFO Channel 02/0 : 2[3] -> 3[3] via P2P/MNNVL
node23D400661:1242:2591 [3] NCCL INFO Channel 03/0 : 2[3] -> 3[3] via P2P/MNNVL
node23D400661:1242:2591 [3] NCCL INFO Channel 04/0 : 2[3] -> 3[3] via P2P/MNNVL
node23D400661:1242:2591 [3] NCCL INFO Channel 05/0 : 2[3] -> 3[3] via P2P/MNNVL
node23D400661:1242:2591 [3] NCCL INFO Channel 06/0 : 2[3] -> 3[3] via P2P/MNNVL
node23D400661:1240:2588 [1] NCCL INFO Connected all rings, use ring PXN 0 GDR 1
node23D400661:1242:2591 [3] NCCL INFO Channel 07/0 : 2[3] -> 3[3] via P2P/MNNVL
node23D400661:1242:2591 [3] NCCL INFO Channel 08/0 : 2[3] -> 3[3] via P2P/MNNVL
node23D400661:1242:2591 [3] NCCL INFO Channel 09/0 : 2[3] -> 3[3] via P2P/MNNVL
node23D400661:1242:2591 [3] NCCL INFO Channel 10/0 : 2[3] -> 3[3] via P2P/MNNVL
node23D400661:1242:2591 [3] NCCL INFO Channel 11/0 : 2[3] -> 3[3] via P2P/MNNVL
node23D400661:1242:2591 [3] NCCL INFO Channel 12/0 : 2[3] -> 3[3] via P2P/MNNVL
node23D400661:1242:2591 [3] NCCL INFO Channel 13/0 : 2[3] -> 3[3] via P2P/MNNVL
node23D400661:1242:2591 [3] NCCL INFO Channel 14/0 : 2[3] -> 3[3] via P2P/MNNVL
node23D400661:1242:2591 [3] NCCL INFO Channel 15/0 : 2[3] -> 3[3] via P2P/MNNVL
node23D400661:1242:2591 [3] NCCL INFO Channel 16/0 : 2[3] -> 3[3] via P2P/MNNVL
node23D400661:1242:2591 [3] NCCL INFO Channel 17/0 : 2[3] -> 3[3] via P2P/MNNVL
node23D400661:1242:2591 [3] NCCL INFO Channel 18/0 : 2[3] -> 3[3] via P2P/MNNVL
node23D400661:1242:2591 [3] NCCL INFO Channel 19/0 : 2[3] -> 3[3] via P2P/MNNVL
node23D400661:1242:2591 [3] NCCL INFO Channel 20/0 : 2[3] -> 3[3] via P2P/MNNVL
node23D400661:1242:2591 [3] NCCL INFO Channel 21/0 : 2[3] -> 3[3] via P2P/MNNVL
node23D400661:1242:2591 [3] NCCL INFO Channel 22/0 : 2[3] -> 3[3] via P2P/MNNVL
node23D400661:1242:2591 [3] NCCL INFO Channel 23/0 : 2[3] -> 3[3] via P2P/MNNVL
node23D400661:1242:2591 [3] NCCL INFO Channel 24/0 : 2[3] -> 3[3] via P2P/MNNVL
node23D400661:1242:2591 [3] NCCL INFO Channel 25/0 : 2[3] -> 3[3] via P2P/MNNVL
node23D400661:1242:2591 [3] NCCL INFO Channel 26/0 : 2[3] -> 3[3] via P2P/MNNVL
node23D400661:1242:2591 [3] NCCL INFO Channel 27/0 : 2[3] -> 3[3] via P2P/MNNVL
node23D400661:1242:2591 [3] NCCL INFO Channel 28/0 : 2[3] -> 3[3] via P2P/MNNVL
node23D400661:1242:2591 [3] NCCL INFO Channel 29/0 : 2[3] -> 3[3] via P2P/MNNVL
node23D400661:1242:2591 [3] NCCL INFO Channel 30/0 : 2[3] -> 3[3] via P2P/MNNVL
node23D400661:1242:2591 [3] NCCL INFO Channel 31/0 : 2[3] -> 3[3] via P2P/MNNVL
node23D400661:1239:2589 [0] NCCL INFO Connected all rings, use ring PXN 0 GDR 1
node23D400661:1240:2592 [1] NCCL INFO Channel 00/0 : 2[1] -> 3[1] via P2P/MNNVL
node23D400661:1240:2592 [1] NCCL INFO Channel 01/0 : 2[1] -> 3[1] via P2P/MNNVL
node23D400661:1240:2592 [1] NCCL INFO Channel 02/0 : 2[1] -> 3[1] via P2P/MNNVL
node23D400661:1240:2592 [1] NCCL INFO Channel 03/0 : 2[1] -> 3[1] via P2P/MNNVL
node23D400661:1240:2592 [1] NCCL INFO Channel 04/0 : 2[1] -> 3[1] via P2P/MNNVL
node23D400661:1240:2592 [1] NCCL INFO Channel 05/0 : 2[1] -> 3[1] via P2P/MNNVL
node23D400661:1240:2592 [1] NCCL INFO Channel 06/0 : 2[1] -> 3[1] via P2P/MNNVL
node23D400661:1240:2592 [1] NCCL INFO Channel 07/0 : 2[1] -> 3[1] via P2P/MNNVL
node23D400661:1240:2592 [1] NCCL INFO Channel 08/0 : 2[1] -> 3[1] via P2P/MNNVL
node23D400661:1240:2592 [1] NCCL INFO Channel 09/0 : 2[1] -> 3[1] via P2P/MNNVL
node23D400661:1241:2590 [2] NCCL INFO Connected all rings, use ring PXN 0 GDR 1
node23D400661:1240:2592 [1] NCCL INFO Channel 10/0 : 2[1] -> 3[1] via P2P/MNNVL
node23D400661:1240:2592 [1] NCCL INFO Channel 11/0 : 2[1] -> 3[1] via P2P/MNNVL
node23D400661:1240:2592 [1] NCCL INFO Channel 12/0 : 2[1] -> 3[1] via P2P/MNNVL
node23D400661:1240:2592 [1] NCCL INFO Channel 13/0 : 2[1] -> 3[1] via P2P/MNNVL
node23D400661:1240:2592 [1] NCCL INFO Channel 14/0 : 2[1] -> 3[1] via P2P/MNNVL
node23D400661:1240:2592 [1] NCCL INFO Channel 15/0 : 2[1] -> 3[1] via P2P/MNNVL
node23D400661:1240:2592 [1] NCCL INFO Channel 16/0 : 2[1] -> 3[1] via P2P/MNNVL
node23D400661:1240:2592 [1] NCCL INFO Channel 17/0 : 2[1] -> 3[1] via P2P/MNNVL
node23D400661:1240:2592 [1] NCCL INFO Channel 18/0 : 2[1] -> 3[1] via P2P/MNNVL
node23D400661:1240:2592 [1] NCCL INFO Channel 19/0 : 2[1] -> 3[1] via P2P/MNNVL
node23D400661:1240:2592 [1] NCCL INFO Channel 20/0 : 2[1] -> 3[1] via P2P/MNNVL
node23D400661:1240:2592 [1] NCCL INFO Channel 21/0 : 2[1] -> 3[1] via P2P/MNNVL
node23D400661:1240:2592 [1] NCCL INFO Channel 22/0 : 2[1] -> 3[1] via P2P/MNNVL
node23D400661:1240:2592 [1] NCCL INFO Channel 23/0 : 2[1] -> 3[1] via P2P/MNNVL
node23D400661:1240:2592 [1] NCCL INFO Channel 24/0 : 2[1] -> 3[1] via P2P/MNNVL
node23D400661:1240:2592 [1] NCCL INFO Channel 25/0 : 2[1] -> 3[1] via P2P/MNNVL
node23D400661:1240:2592 [1] NCCL INFO Channel 26/0 : 2[1] -> 3[1] via P2P/MNNVL
node23D400661:1240:2592 [1] NCCL INFO Channel 27/0 : 2[1] -> 3[1] via P2P/MNNVL
node23D400661:1239:2593 [0] NCCL INFO Channel 00/0 : 2[0] -> 3[0] via P2P/MNNVL
node23D400661:1240:2592 [1] NCCL INFO Channel 28/0 : 2[1] -> 3[1] via P2P/MNNVL
node23D400661:1240:2592 [1] NCCL INFO Channel 29/0 : 2[1] -> 3[1] via P2P/MNNVL
node23D400661:1239:2593 [0] NCCL INFO Channel 01/0 : 2[0] -> 3[0] via P2P/MNNVL
node23D400661:1240:2592 [1] NCCL INFO Channel 30/0 : 2[1] -> 3[1] via P2P/MNNVL
node23D400661:1239:2593 [0] NCCL INFO Channel 02/0 : 2[0] -> 3[0] via P2P/MNNVL
node23D400661:1240:2592 [1] NCCL INFO Channel 31/0 : 2[1] -> 3[1] via P2P/MNNVL
node23D400661:1239:2593 [0] NCCL INFO Channel 03/0 : 2[0] -> 3[0] via P2P/MNNVL
node23D400661:1239:2593 [0] NCCL INFO Channel 04/0 : 2[0] -> 3[0] via P2P/MNNVL
node23D400661:1239:2593 [0] NCCL INFO Channel 05/0 : 2[0] -> 3[0] via P2P/MNNVL
node23D400661:1239:2593 [0] NCCL INFO Channel 06/0 : 2[0] -> 3[0] via P2P/MNNVL
node23D400661:1239:2593 [0] NCCL INFO Channel 07/0 : 2[0] -> 3[0] via P2P/MNNVL
node23D400661:1239:2593 [0] NCCL INFO Channel 08/0 : 2[0] -> 3[0] via P2P/MNNVL
node23D400661:1239:2593 [0] NCCL INFO Channel 09/0 : 2[0] -> 3[0] via P2P/MNNVL
node23D400661:1239:2593 [0] NCCL INFO Channel 10/0 : 2[0] -> 3[0] via P2P/MNNVL
node23D400661:1239:2593 [0] NCCL INFO Channel 11/0 : 2[0] -> 3[0] via P2P/MNNVL
node23D400661:1239:2593 [0] NCCL INFO Channel 12/0 : 2[0] -> 3[0] via P2P/MNNVL
node23D400661:1239:2593 [0] NCCL INFO Channel 13/0 : 2[0] -> 3[0] via P2P/MNNVL
node23D400661:1239:2593 [0] NCCL INFO Channel 14/0 : 2[0] -> 3[0] via P2P/MNNVL
node23D400661:1239:2593 [0] NCCL INFO Channel 15/0 : 2[0] -> 3[0] via P2P/MNNVL
node23D400661:1239:2593 [0] NCCL INFO Channel 16/0 : 2[0] -> 3[0] via P2P/MNNVL
node23D400661:1239:2593 [0] NCCL INFO Channel 17/0 : 2[0] -> 3[0] via P2P/MNNVL
node23D400661:1239:2593 [0] NCCL INFO Channel 18/0 : 2[0] -> 3[0] via P2P/MNNVL
node23D400661:1239:2593 [0] NCCL INFO Channel 19/0 : 2[0] -> 3[0] via P2P/MNNVL
node23D400661:1239:2593 [0] NCCL INFO Channel 20/0 : 2[0] -> 3[0] via P2P/MNNVL
node23D400661:1239:2593 [0] NCCL INFO Channel 21/0 : 2[0] -> 3[0] via P2P/MNNVL
node23D400661:1239:2593 [0] NCCL INFO Channel 22/0 : 2[0] -> 3[0] via P2P/MNNVL
node23D400661:1239:2593 [0] NCCL INFO Channel 23/0 : 2[0] -> 3[0] via P2P/MNNVL
node23D400661:1239:2593 [0] NCCL INFO Channel 24/0 : 2[0] -> 3[0] via P2P/MNNVL
node23D400661:1241:2594 [2] NCCL INFO Channel 00/0 : 2[2] -> 3[2] via P2P/MNNVL
node23D400661:1241:2594 [2] NCCL INFO Channel 01/0 : 2[2] -> 3[2] via P2P/MNNVL
node23D400661:1239:2593 [0] NCCL INFO Channel 25/0 : 2[0] -> 3[0] via P2P/MNNVL
node23D400661:1241:2594 [2] NCCL INFO Channel 02/0 : 2[2] -> 3[2] via P2P/MNNVL
node23D400661:1239:2593 [0] NCCL INFO Channel 26/0 : 2[0] -> 3[0] via P2P/MNNVL
node23D400661:1241:2594 [2] NCCL INFO Channel 03/0 : 2[2] -> 3[2] via P2P/MNNVL
node23D400661:1239:2593 [0] NCCL INFO Channel 27/0 : 2[0] -> 3[0] via P2P/MNNVL
node23D400661:1241:2594 [2] NCCL INFO Channel 04/0 : 2[2] -> 3[2] via P2P/MNNVL
node23D400661:1239:2593 [0] NCCL INFO Channel 28/0 : 2[0] -> 3[0] via P2P/MNNVL
node23D400661:1239:2593 [0] NCCL INFO Channel 29/0 : 2[0] -> 3[0] via P2P/MNNVL
node23D400661:1241:2594 [2] NCCL INFO Channel 05/0 : 2[2] -> 3[2] via P2P/MNNVL
node23D400661:1241:2594 [2] NCCL INFO Channel 06/0 : 2[2] -> 3[2] via P2P/MNNVL
node23D400661:1239:2593 [0] NCCL INFO Channel 30/0 : 2[0] -> 3[0] via P2P/MNNVL
node23D400661:1241:2594 [2] NCCL INFO Channel 07/0 : 2[2] -> 3[2] via P2P/MNNVL
node23D400661:1239:2593 [0] NCCL INFO Channel 31/0 : 2[0] -> 3[0] via P2P/MNNVL
node23D400661:1241:2594 [2] NCCL INFO Channel 08/0 : 2[2] -> 3[2] via P2P/MNNVL
node23D400661:1241:2594 [2] NCCL INFO Channel 09/0 : 2[2] -> 3[2] via P2P/MNNVL
node23D400661:1241:2594 [2] NCCL INFO Channel 10/0 : 2[2] -> 3[2] via P2P/MNNVL
node23D400661:1241:2594 [2] NCCL INFO Channel 11/0 : 2[2] -> 3[2] via P2P/MNNVL
node23D400661:1241:2594 [2] NCCL INFO Channel 12/0 : 2[2] -> 3[2] via P2P/MNNVL
node23D400661:1241:2594 [2] NCCL INFO Channel 13/0 : 2[2] -> 3[2] via P2P/MNNVL
node23D400661:1241:2594 [2] NCCL INFO Channel 14/0 : 2[2] -> 3[2] via P2P/MNNVL
node23D400661:1241:2594 [2] NCCL INFO Channel 15/0 : 2[2] -> 3[2] via P2P/MNNVL
node23D400661:1241:2594 [2] NCCL INFO Channel 16/0 : 2[2] -> 3[2] via P2P/MNNVL
node23D400661:1241:2594 [2] NCCL INFO Channel 17/0 : 2[2] -> 3[2] via P2P/MNNVL
node23D400661:1241:2594 [2] NCCL INFO Channel 18/0 : 2[2] -> 3[2] via P2P/MNNVL
node23D400661:1241:2594 [2] NCCL INFO Channel 19/0 : 2[2] -> 3[2] via P2P/MNNVL
node23D400661:1241:2594 [2] NCCL INFO Channel 20/0 : 2[2] -> 3[2] via P2P/MNNVL
node23D400661:1241:2594 [2] NCCL INFO Channel 21/0 : 2[2] -> 3[2] via P2P/MNNVL
node23D400661:1241:2594 [2] NCCL INFO Channel 22/0 : 2[2] -> 3[2] via P2P/MNNVL
node23D400661:1241:2594 [2] NCCL INFO Channel 23/0 : 2[2] -> 3[2] via P2P/MNNVL
node23D400661:1241:2594 [2] NCCL INFO Channel 24/0 : 2[2] -> 3[2] via P2P/MNNVL
node23D400661:1241:2594 [2] NCCL INFO Channel 25/0 : 2[2] -> 3[2] via P2P/MNNVL
node23D400661:1241:2594 [2] NCCL INFO Channel 26/0 : 2[2] -> 3[2] via P2P/MNNVL
node23D400661:1241:2594 [2] NCCL INFO Channel 27/0 : 2[2] -> 3[2] via P2P/MNNVL
node23D400661:1241:2594 [2] NCCL INFO Channel 28/0 : 2[2] -> 3[2] via P2P/MNNVL
node23D400661:1241:2594 [2] NCCL INFO Channel 29/0 : 2[2] -> 3[2] via P2P/MNNVL
node23D400661:1241:2594 [2] NCCL INFO Channel 30/0 : 2[2] -> 3[2] via P2P/MNNVL
node23D400661:1241:2594 [2] NCCL INFO Channel 31/0 : 2[2] -> 3[2] via P2P/MNNVL
node23D400661:1242:2591 [3] NCCL INFO Connected all rings, use ring PXN 0 GDR 1
node23D400661:1240:2592 [1] NCCL INFO Connected all rings, use ring PXN 0 GDR 1
node23D400661:1239:2593 [0] NCCL INFO Connected all rings, use ring PXN 0 GDR 1
node23D400661:1241:2594 [2] NCCL INFO Connected all rings, use ring PXN 0 GDR 1
node23D400661:1240:1240 [1] NCCL INFO Comm config Blocking set to 1
node23D400661:1239:1239 [0] NCCL INFO Comm config Blocking set to 1
node23D400661:1241:1241 [2] NCCL INFO Comm config Blocking set to 1
node23D400661:1242:1242 [3] NCCL INFO Comm config Blocking set to 1
node23D400661:1240:2595 [1] NCCL INFO Assigned NET plugin Socket to comm
node23D400661:1240:2595 [1] NCCL INFO Using network Socket
node23D400661:1239:2596 [0] NCCL INFO Assigned NET plugin Socket to comm
node23D400661:1239:2596 [0] NCCL INFO Using network Socket
node23D400661:1241:2597 [2] NCCL INFO Assigned NET plugin Socket to comm
node23D400661:1241:2597 [2] NCCL INFO Using network Socket
node23D400661:1242:2598 [3] NCCL INFO Assigned NET plugin Socket to comm
node23D400661:1242:2598 [3] NCCL INFO Using network Socket
node23D400661:1239:2596 [0] NCCL INFO ncclCommInitRankConfig comm 0x48f90de0 rank 36 nranks 64 cudaDev 0 nvmlDev 0 busId 801000 commId 0x4ad3bd25942cc00 - Init START
node23D400661:1240:2595 [1] NCCL INFO ncclCommInitRankConfig comm 0x40e77530 rank 37 nranks 64 cudaDev 1 nvmlDev 1 busId 901000 commId 0x4ad3bd25942cc00 - Init START
node23D400661:1241:2597 [2] NCCL INFO ncclCommInitRankConfig comm 0x6fae76f0 rank 38 nranks 64 cudaDev 2 nvmlDev 2 busId 1801000 commId 0x4ad3bd25942cc00 - Init START
node23D400661:1242:2598 [3] NCCL INFO ncclCommInitRankConfig comm 0x53ccf450 rank 39 nranks 64 cudaDev 3 nvmlDev 3 busId 1901000 commId 0x4ad3bd25942cc00 - Init START
node23D400661:1242:2598 [3] NCCL INFO Bootstrap timings total 0.011887 (create 0.000027, send 0.000233, recv 0.002056, ring 0.009408, delay 0.000000)
node23D400661:1240:2595 [1] NCCL INFO Bootstrap timings total 0.011920 (create 0.000031, send 0.000214, recv 0.001675, ring 0.009861, delay 0.000000)
node23D400661:1241:2597 [2] NCCL INFO Bootstrap timings total 0.011897 (create 0.000031, send 0.000198, recv 0.001991, ring 0.009534, delay 0.000000)
node23D400661:1239:2596 [0] NCCL INFO Bootstrap timings total 0.012011 (create 0.000052, send 0.000184, recv 0.001568, ring 0.010047, delay 0.000000)
node23D400661:1240:2595 [1] NCCL INFO MNNVL busId 0x901000 fabric UUID aa48724aeeaad6a8.b34b901796a1c18d cliqueId 0x7ffe state 3 healthMask 0xaa
node23D400661:1241:2597 [2] NCCL INFO MNNVL busId 0x1801000 fabric UUID aa48724aeeaad6a8.b34b901796a1c18d cliqueId 0x7ffe state 3 healthMask 0xaa
node23D400661:1242:2598 [3] NCCL INFO MNNVL busId 0x1901000 fabric UUID aa48724aeeaad6a8.b34b901796a1c18d cliqueId 0x7ffe state 3 healthMask 0xaa
node23D400661:1239:2596 [0] NCCL INFO MNNVL busId 0x801000 fabric UUID aa48724aeeaad6a8.b34b901796a1c18d cliqueId 0x7ffe state 3 healthMask 0xaa
node23D400661:1239:2596 [0] NCCL INFO MNNVL 1 cliqueId 7ffe cliqueSize 64 cliqueRank 36
node23D400661:1241:2597 [2] NCCL INFO MNNVL 1 cliqueId 7ffe cliqueSize 64 cliqueRank 38
node23D400661:1240:2595 [1] NCCL INFO MNNVL 1 cliqueId 7ffe cliqueSize 64 cliqueRank 37
node23D400661:1242:2598 [3] NCCL INFO MNNVL 1 cliqueId 7ffe cliqueSize 64 cliqueRank 39
node23D400661:1242:2598 [3] NCCL INFO Setting affinity for GPU 3 to 72-143
node23D400661:1241:2597 [2] NCCL INFO Setting affinity for GPU 2 to 72-143
node23D400661:1240:2595 [1] NCCL INFO Setting affinity for GPU 1 to 0-71
node23D400661:1239:2596 [0] NCCL INFO Setting affinity for GPU 0 to 0-71
node23D400661:1240:2595 [1] NCCL INFO comm 0x40e77530 rank 37 nRanks 64 nNodes 1 localRanks 64 localRank 37 MNNVL 1
node23D400661:1242:2598 [3] NCCL INFO comm 0x53ccf450 rank 39 nRanks 64 nNodes 1 localRanks 64 localRank 39 MNNVL 1
node23D400661:1241:2597 [2] NCCL INFO comm 0x6fae76f0 rank 38 nRanks 64 nNodes 1 localRanks 64 localRank 38 MNNVL 1
node23D400661:1240:2595 [1] NCCL INFO Trees [0] 38/-1/-1->37->36 [1] 38/-1/-1->37->36 [2] 38/-1/-1->37->36 [3] 38/-1/-1->37->36 [4] 38/-1/-1->37->36 [5] 38/-1/-1->37->36 [6] 38/-1/-1->37->36 [7] 38/-1/-1->37->36 [8] 38/-1/-1->37->36 [9] 38/-1/-1->37->36 [10] 38/-1/-1->37->36 [11] 38/-1/-1->37->36 [12] 38/-1/-1->37->36 [13] 38/-1/-1->37->36 [14] 38/-1/-1->37->36 [15] 38/-1/-1->37->36 [16] 38/-1/-1->37->36 [17] 38/-1/-1->37->36 [18] 38/-1/-1->37->36 [19] 38/-1/-1->37->36 [20] 38/-1/-1->37->36 [21] 38/-1/-1->37->36 [22] 38/-1/-1->37->36 [23] 38/-1/-1->37->36 [24] 38/-1/-1->37->36 [25] 38/-1/-1->37->36 [26] 38/-1/-1->37->36 [27] 38/-1/-1->37->36 [28] 38/-1/-1->37->36 [29] 38/-1/-1->37->36 [30] 38/-1/-1->37->36 [31] 38/-1/-1->37->36
node23D400661:1240:2595 [1] NCCL INFO P2P Chunksize set to 524288
node23D400661:1242:2598 [3] NCCL INFO Trees [0] 40/-1/-1->39->38 [1] 40/-1/-1->39->38 [2] 40/-1/-1->39->38 [3] 40/-1/-1->39->38 [4] 40/-1/-1->39->38 [5] 40/-1/-1->39->38 [6] 40/-1/-1->39->38 [7] 40/-1/-1->39->38 [8] 40/-1/-1->39->38 [9] 40/-1/-1->39->38 [10] 40/-1/-1->39->38 [11] 40/-1/-1->39->38 [12] 40/-1/-1->39->38 [13] 40/-1/-1->39->38 [14] 40/-1/-1->39->38 [15] 40/-1/-1->39->38 [16] 40/-1/-1->39->38 [17] 40/-1/-1->39->38 [18] 40/-1/-1->39->38 [19] 40/-1/-1->39->38 [20] 40/-1/-1->39->38 [21] 40/-1/-1->39->38 [22] 40/-1/-1->39->38 [23] 40/-1/-1->39->38 [24] 40/-1/-1->39->38 [25] 40/-1/-1->39->38 [26] 40/-1/-1->39->38 [27] 40/-1/-1->39->38 [28] 40/-1/-1->39->38 [29] 40/-1/-1->39->38 [30] 40/-1/-1->39->38 [31] 40/-1/-1->39->38
node23D400661:1242:2598 [3] NCCL INFO P2P Chunksize set to 524288
node23D400661:1241:2597 [2] NCCL INFO Trees [0] 39/-1/-1->38->37 [1] 39/-1/-1->38->37 [2] 39/-1/-1->38->37 [3] 39/-1/-1->38->37 [4] 39/-1/-1->38->37 [5] 39/-1/-1->38->37 [6] 39/-1/-1->38->37 [7] 39/-1/-1->38->37 [8] 39/-1/-1->38->37 [9] 39/-1/-1->38->37 [10] 39/-1/-1->38->37 [11] 39/-1/-1->38->37 [12] 39/-1/-1->38->37 [13] 39/-1/-1->38->37 [14] 39/-1/-1->38->37 [15] 39/-1/-1->38->37 [16] 39/-1/-1->38->37 [17] 39/-1/-1->38->37 [18] 39/-1/-1->38->37 [19] 39/-1/-1->38->37 [20] 39/-1/-1->38->37 [21] 39/-1/-1->38->37 [22] 39/-1/-1->38->37 [23] 39/-1/-1->38->37 [24] 39/-1/-1->38->37 [25] 39/-1/-1->38->37 [26] 39/-1/-1->38->37 [27] 39/-1/-1->38->37 [28] 39/-1/-1->38->37 [29] 39/-1/-1->38->37 [30] 39/-1/-1->38->37 [31] 39/-1/-1->38->37
node23D400661:1241:2597 [2] NCCL INFO P2P Chunksize set to 524288
node23D400661:1239:2596 [0] NCCL INFO comm 0x48f90de0 rank 36 nRanks 64 nNodes 1 localRanks 64 localRank 36 MNNVL 1
node23D400661:1239:2596 [0] NCCL INFO Trees [0] 37/-1/-1->36->35 [1] 37/-1/-1->36->35 [2] 37/-1/-1->36->35 [3] 37/-1/-1->36->35 [4] 37/-1/-1->36->35 [5] 37/-1/-1->36->35 [6] 37/-1/-1->36->35 [7] 37/-1/-1->36->35 [8] 37/-1/-1->36->35 [9] 37/-1/-1->36->35 [10] 37/-1/-1->36->35 [11] 37/-1/-1->36->35 [12] 37/-1/-1->36->35 [13] 37/-1/-1->36->35 [14] 37/-1/-1->36->35 [15] 37/-1/-1->36->35 [16] 37/-1/-1->36->35 [17] 37/-1/-1->36->35 [18] 37/-1/-1->36->35 [19] 37/-1/-1->36->35 [20] 37/-1/-1->36->35 [21] 37/-1/-1->36->35 [22] 37/-1/-1->36->35 [23] 37/-1/-1->36->35 [24] 37/-1/-1->36->35 [25] 37/-1/-1->36->35 [26] 37/-1/-1->36->35 [27] 37/-1/-1->36->35 [28] 37/-1/-1->36->35 [29] 37/-1/-1->36->35 [30] 37/-1/-1->36->35 [31] 37/-1/-1->36->35
node23D400661:1239:2596 [0] NCCL INFO P2P Chunksize set to 524288
node23D400661:1240:2599 [1] NCCL INFO [Proxy Service] Device 1 CPU core 22
node23D400661:1240:2602 [1] NCCL INFO [Proxy Service UDS] Device 1 CPU core 23
node23D400661:1242:2600 [3] NCCL INFO [Proxy Service] Device 3 CPU core 140
node23D400661:1241:2601 [2] NCCL INFO [Proxy Service] Device 2 CPU core 74
node23D400661:1242:2603 [3] NCCL INFO [Proxy Service UDS] Device 3 CPU core 141
node23D400661:1241:2604 [2] NCCL INFO [Proxy Service UDS] Device 2 CPU core 75
node23D400661:1239:2605 [0] NCCL INFO [Proxy Service] Device 0 CPU core 10
node23D400661:1239:2606 [0] NCCL INFO [Proxy Service UDS] Device 0 CPU core 13
node23D400661:1240:2595 [1] NCCL INFO threadThresholds 8/8/64 | 512/8/64 | 512 | 512
node23D400661:1240:2595 [1] NCCL INFO 32 coll channels, 32 collnet channels, 0 nvls channels, 32 p2p channels, 32 p2p channels per peer
node23D400661:1239:2596 [0] NCCL INFO threadThresholds 8/8/64 | 512/8/64 | 512 | 512
node23D400661:1239:2596 [0] NCCL INFO 32 coll channels, 32 collnet channels, 0 nvls channels, 32 p2p channels, 32 p2p channels per peer
node23D400661:1241:2597 [2] NCCL INFO threadThresholds 8/8/64 | 512/8/64 | 512 | 512
node23D400661:1242:2598 [3] NCCL INFO threadThresholds 8/8/64 | 512/8/64 | 512 | 512
node23D400661:1241:2597 [2] NCCL INFO 32 coll channels, 32 collnet channels, 0 nvls channels, 32 p2p channels, 32 p2p channels per peer
node23D400661:1242:2598 [3] NCCL INFO 32 coll channels, 32 collnet channels, 0 nvls channels, 32 p2p channels, 32 p2p channels per peer
node23D400661:1242:2598 [3] NCCL INFO ncclCommInitRankConfig comm 0x53ccf450 rank 39 nranks 64 cudaDev 3 nvmlDev 3 busId 1901000 commId 0x4ad3bd25942cc00 - Init COMPLETE
node23D400661:1242:2598 [3] NCCL INFO Init timings - ncclCommInitRankConfig: rank 39 nranks 64 total 2.37 (kernels 0.00, alloc 0.00, bootstrap 0.01, allgathers 0.16, topo 1.99, graphs 0.04, connections 0.16, rest 0.01)
node23D400661:1239:2596 [0] NCCL INFO ncclCommInitRankConfig comm 0x48f90de0 rank 36 nranks 64 cudaDev 0 nvmlDev 0 busId 801000 commId 0x4ad3bd25942cc00 - Init COMPLETE
node23D400661:1239:2596 [0] NCCL INFO Init timings - ncclCommInitRankConfig: rank 36 nranks 64 total 2.37 (kernels 0.00, alloc 0.00, bootstrap 0.01, allgathers 0.11, topo 2.04, graphs 0.04, connections 0.15, rest 0.01)
node23D400661:1240:2595 [1] NCCL INFO ncclCommInitRankConfig comm 0x40e77530 rank 37 nranks 64 cudaDev 1 nvmlDev 1 busId 901000 commId 0x4ad3bd25942cc00 - Init COMPLETE
node23D400661:1240:2595 [1] NCCL INFO Init timings - ncclCommInitRankConfig: rank 37 nranks 64 total 2.37 (kernels 0.00, alloc 0.00, bootstrap 0.01, allgathers 0.13, topo 2.01, graphs 0.04, connections 0.15, rest 0.02)
node23D400661:1241:2597 [2] NCCL INFO ncclCommInitRankConfig comm 0x6fae76f0 rank 38 nranks 64 cudaDev 2 nvmlDev 2 busId 1801000 commId 0x4ad3bd25942cc00 - Init COMPLETE
node23D400661:1241:2597 [2] NCCL INFO Init timings - ncclCommInitRankConfig: rank 38 nranks 64 total 2.37 (kernels 0.00, alloc 0.00, bootstrap 0.01, allgathers 0.13, topo 2.01, graphs 0.04, connections 0.16, rest 0.01)
node23D400661:1239:2607 [0] NCCL INFO Channel 00/0 : 36[0] -> 37[1] via P2P/MNNVL
node23D400661:1239:2607 [0] NCCL INFO Channel 01/0 : 36[0] -> 37[1] via P2P/MNNVL
node23D400661:1240:2609 [1] NCCL INFO Channel 00/0 : 37[1] -> 38[2] via P2P/MNNVL
node23D400661:1239:2607 [0] NCCL INFO Channel 02/0 : 36[0] -> 37[1] via P2P/MNNVL
node23D400661:1240:2609 [1] NCCL INFO Channel 01/0 : 37[1] -> 38[2] via P2P/MNNVL
node23D400661:1242:2608 [3] NCCL INFO Channel 00/0 : 39[3] -> 40[0] via P2P/MNNVL
node23D400661:1239:2607 [0] NCCL INFO Channel 03/0 : 36[0] -> 37[1] via P2P/MNNVL
node23D400661:1240:2609 [1] NCCL INFO Channel 02/0 : 37[1] -> 38[2] via P2P/MNNVL
node23D400661:1242:2608 [3] NCCL INFO Channel 01/0 : 39[3] -> 40[0] via P2P/MNNVL
node23D400661:1239:2607 [0] NCCL INFO Channel 04/0 : 36[0] -> 37[1] via P2P/MNNVL
node23D400661:1240:2609 [1] NCCL INFO Channel 03/0 : 37[1] -> 38[2] via P2P/MNNVL
node23D400661:1242:2608 [3] NCCL INFO Channel 02/0 : 39[3] -> 40[0] via P2P/MNNVL
node23D400661:1239:2607 [0] NCCL INFO Channel 05/0 : 36[0] -> 37[1] via P2P/MNNVL
node23D400661:1241:2610 [2] NCCL INFO Channel 00/0 : 38[2] -> 39[3] via P2P/MNNVL
node23D400661:1240:2609 [1] NCCL INFO Channel 04/0 : 37[1] -> 38[2] via P2P/MNNVL
node23D400661:1239:2607 [0] NCCL INFO Channel 06/0 : 36[0] -> 37[1] via P2P/MNNVL
node23D400661:1242:2608 [3] NCCL INFO Channel 03/0 : 39[3] -> 40[0] via P2P/MNNVL
node23D400661:1240:2609 [1] NCCL INFO Channel 05/0 : 37[1] -> 38[2] via P2P/MNNVL
node23D400661:1239:2607 [0] NCCL INFO Channel 07/0 : 36[0] -> 37[1] via P2P/MNNVL
node23D400661:1241:2610 [2] NCCL INFO Channel 01/0 : 38[2] -> 39[3] via P2P/MNNVL
node23D400661:1239:2607 [0] NCCL INFO Channel 08/0 : 36[0] -> 37[1] via P2P/MNNVL
node23D400661:1242:2608 [3] NCCL INFO Channel 04/0 : 39[3] -> 40[0] via P2P/MNNVL
node23D400661:1240:2609 [1] NCCL INFO Channel 06/0 : 37[1] -> 38[2] via P2P/MNNVL
node23D400661:1239:2607 [0] NCCL INFO Channel 09/0 : 36[0] -> 37[1] via P2P/MNNVL
node23D400661:1242:2608 [3] NCCL INFO Channel 05/0 : 39[3] -> 40[0] via P2P/MNNVL
node23D400661:1240:2609 [1] NCCL INFO Channel 07/0 : 37[1] -> 38[2] via P2P/MNNVL
node23D400661:1241:2610 [2] NCCL INFO Channel 02/0 : 38[2] -> 39[3] via P2P/MNNVL
node23D400661:1239:2607 [0] NCCL INFO Channel 10/0 : 36[0] -> 37[1] via P2P/MNNVL
node23D400661:1239:2607 [0] NCCL INFO Channel 11/0 : 36[0] -> 37[1] via P2P/MNNVL
node23D400661:1240:2609 [1] NCCL INFO Channel 08/0 : 37[1] -> 38[2] via P2P/MNNVL
node23D400661:1241:2610 [2] NCCL INFO Channel 03/0 : 38[2] -> 39[3] via P2P/MNNVL
node23D400661:1242:2608 [3] NCCL INFO Channel 06/0 : 39[3] -> 40[0] via P2P/MNNVL
node23D400661:1239:2607 [0] NCCL INFO Channel 12/0 : 36[0] -> 37[1] via P2P/MNNVL
node23D400661:1240:2609 [1] NCCL INFO Channel 09/0 : 37[1] -> 38[2] via P2P/MNNVL
node23D400661:1242:2608 [3] NCCL INFO Channel 07/0 : 39[3] -> 40[0] via P2P/MNNVL
node23D400661:1241:2610 [2] NCCL INFO Channel 04/0 : 38[2] -> 39[3] via P2P/MNNVL
node23D400661:1240:2609 [1] NCCL INFO Channel 10/0 : 37[1] -> 38[2] via P2P/MNNVL
node23D400661:1242:2608 [3] NCCL INFO Channel 08/0 : 39[3] -> 40[0] via P2P/MNNVL
node23D400661:1241:2610 [2] NCCL INFO Channel 05/0 : 38[2] -> 39[3] via P2P/MNNVL
node23D400661:1239:2607 [0] NCCL INFO Channel 13/0 : 36[0] -> 37[1] via P2P/MNNVL
node23D400661:1240:2609 [1] NCCL INFO Channel 11/0 : 37[1] -> 38[2] via P2P/MNNVL
node23D400661:1239:2607 [0] NCCL INFO Channel 14/0 : 36[0] -> 37[1] via P2P/MNNVL
node23D400661:1241:2610 [2] NCCL INFO Channel 06/0 : 38[2] -> 39[3] via P2P/MNNVL
node23D400661:1242:2608 [3] NCCL INFO Channel 09/0 : 39[3] -> 40[0] via P2P/MNNVL
node23D400661:1240:2609 [1] NCCL INFO Channel 12/0 : 37[1] -> 38[2] via P2P/MNNVL
node23D400661:1241:2610 [2] NCCL INFO Channel 07/0 : 38[2] -> 39[3] via P2P/MNNVL
node23D400661:1239:2607 [0] NCCL INFO Channel 15/0 : 36[0] -> 37[1] via P2P/MNNVL
node23D400661:1242:2608 [3] NCCL INFO Channel 10/0 : 39[3] -> 40[0] via P2P/MNNVL
node23D400661:1241:2610 [2] NCCL INFO Channel 08/0 : 38[2] -> 39[3] via P2P/MNNVL
node23D400661:1239:2607 [0] NCCL INFO Channel 16/0 : 36[0] -> 37[1] via P2P/MNNVL
node23D400661:1240:2609 [1] NCCL INFO Channel 13/0 : 37[1] -> 38[2] via P2P/MNNVL
node23D400661:1241:2610 [2] NCCL INFO Channel 09/0 : 38[2] -> 39[3] via P2P/MNNVL
node23D400661:1239:2607 [0] NCCL INFO Channel 17/0 : 36[0] -> 37[1] via P2P/MNNVL
node23D400661:1240:2609 [1] NCCL INFO Channel 14/0 : 37[1] -> 38[2] via P2P/MNNVL
node23D400661:1242:2608 [3] NCCL INFO Channel 11/0 : 39[3] -> 40[0] via P2P/MNNVL
node23D400661:1240:2609 [1] NCCL INFO Channel 15/0 : 37[1] -> 38[2] via P2P/MNNVL
node23D400661:1242:2608 [3] NCCL INFO Channel 12/0 : 39[3] -> 40[0] via P2P/MNNVL
node23D400661:1239:2607 [0] NCCL INFO Channel 18/0 : 36[0] -> 37[1] via P2P/MNNVL
node23D400661:1241:2610 [2] NCCL INFO Channel 10/0 : 38[2] -> 39[3] via P2P/MNNVL
node23D400661:1240:2609 [1] NCCL INFO Channel 16/0 : 37[1] -> 38[2] via P2P/MNNVL
node23D400661:1239:2607 [0] NCCL INFO Channel 19/0 : 36[0] -> 37[1] via P2P/MNNVL
node23D400661:1242:2608 [3] NCCL INFO Channel 13/0 : 39[3] -> 40[0] via P2P/MNNVL
node23D400661:1240:2609 [1] NCCL INFO Channel 17/0 : 37[1] -> 38[2] via P2P/MNNVL
node23D400661:1241:2610 [2] NCCL INFO Channel 11/0 : 38[2] -> 39[3] via P2P/MNNVL
node23D400661:1242:2608 [3] NCCL INFO Channel 14/0 : 39[3] -> 40[0] via P2P/MNNVL
node23D400661:1239:2607 [0] NCCL INFO Channel 20/0 : 36[0] -> 37[1] via P2P/MNNVL
node23D400661:1240:2609 [1] NCCL INFO Channel 18/0 : 37[1] -> 38[2] via P2P/MNNVL
node23D400661:1242:2608 [3] NCCL INFO Channel 15/0 : 39[3] -> 40[0] via P2P/MNNVL
node23D400661:1239:2607 [0] NCCL INFO Channel 21/0 : 36[0] -> 37[1] via P2P/MNNVL
node23D400661:1241:2610 [2] NCCL INFO Channel 12/0 : 38[2] -> 39[3] via P2P/MNNVL
node23D400661:1240:2609 [1] NCCL INFO Channel 19/0 : 37[1] -> 38[2] via P2P/MNNVL
node23D400661:1240:2609 [1] NCCL INFO Channel 20/0 : 37[1] -> 38[2] via P2P/MNNVL
node23D400661:1239:2607 [0] NCCL INFO Channel 22/0 : 36[0] -> 37[1] via P2P/MNNVL
node23D400661:1241:2610 [2] NCCL INFO Channel 13/0 : 38[2] -> 39[3] via P2P/MNNVL
node23D400661:1242:2608 [3] NCCL INFO Channel 16/0 : 39[3] -> 40[0] via P2P/MNNVL
node23D400661:1241:2610 [2] NCCL INFO Channel 14/0 : 38[2] -> 39[3] via P2P/MNNVL
node23D400661:1239:2607 [0] NCCL INFO Channel 23/0 : 36[0] -> 37[1] via P2P/MNNVL
node23D400661:1242:2608 [3] NCCL INFO Channel 17/0 : 39[3] -> 40[0] via P2P/MNNVL
node23D400661:1240:2609 [1] NCCL INFO Channel 21/0 : 37[1] -> 38[2] via P2P/MNNVL
node23D400661:1241:2610 [2] NCCL INFO Channel 15/0 : 38[2] -> 39[3] via P2P/MNNVL
node23D400661:1240:2609 [1] NCCL INFO Channel 22/0 : 37[1] -> 38[2] via P2P/MNNVL
node23D400661:1239:2607 [0] NCCL INFO Channel 24/0 : 36[0] -> 37[1] via P2P/MNNVL
node23D400661:1241:2610 [2] NCCL INFO Channel 16/0 : 38[2] -> 39[3] via P2P/MNNVL
node23D400661:1242:2608 [3] NCCL INFO Channel 18/0 : 39[3] -> 40[0] via P2P/MNNVL
node23D400661:1239:2607 [0] NCCL INFO Channel 25/0 : 36[0] -> 37[1] via P2P/MNNVL
node23D400661:1241:2610 [2] NCCL INFO Channel 17/0 : 38[2] -> 39[3] via P2P/MNNVL
node23D400661:1242:2608 [3] NCCL INFO Channel 19/0 : 39[3] -> 40[0] via P2P/MNNVL
node23D400661:1240:2609 [1] NCCL INFO Channel 23/0 : 37[1] -> 38[2] via P2P/MNNVL
node23D400661:1241:2610 [2] NCCL INFO Channel 18/0 : 38[2] -> 39[3] via P2P/MNNVL
node23D400661:1239:2607 [0] NCCL INFO Channel 26/0 : 36[0] -> 37[1] via P2P/MNNVL
node23D400661:1242:2608 [3] NCCL INFO Channel 20/0 : 39[3] -> 40[0] via P2P/MNNVL
node23D400661:1240:2609 [1] NCCL INFO Channel 24/0 : 37[1] -> 38[2] via P2P/MNNVL
node23D400661:1240:2609 [1] NCCL INFO Channel 25/0 : 37[1] -> 38[2] via P2P/MNNVL
node23D400661:1239:2607 [0] NCCL INFO Channel 27/0 : 36[0] -> 37[1] via P2P/MNNVL
node23D400661:1242:2608 [3] NCCL INFO Channel 21/0 : 39[3] -> 40[0] via P2P/MNNVL
node23D400661:1241:2610 [2] NCCL INFO Channel 19/0 : 38[2] -> 39[3] via P2P/MNNVL
node23D400661:1240:2609 [1] NCCL INFO Channel 26/0 : 37[1] -> 38[2] via P2P/MNNVL
node23D400661:1242:2608 [3] NCCL INFO Channel 22/0 : 39[3] -> 40[0] via P2P/MNNVL
node23D400661:1239:2607 [0] NCCL INFO Channel 28/0 : 36[0] -> 37[1] via P2P/MNNVL
node23D400661:1241:2610 [2] NCCL INFO Channel 20/0 : 38[2] -> 39[3] via P2P/MNNVL
node23D400661:1240:2609 [1] NCCL INFO Channel 27/0 : 37[1] -> 38[2] via P2P/MNNVL
node23D400661:1239:2607 [0] NCCL INFO Channel 29/0 : 36[0] -> 37[1] via P2P/MNNVL
node23D400661:1240:2609 [1] NCCL INFO Channel 28/0 : 37[1] -> 38[2] via P2P/MNNVL
node23D400661:1241:2610 [2] NCCL INFO Channel 21/0 : 38[2] -> 39[3] via P2P/MNNVL
node23D400661:1242:2608 [3] NCCL INFO Channel 23/0 : 39[3] -> 40[0] via P2P/MNNVL
node23D400661:1239:2607 [0] NCCL INFO Channel 30/0 : 36[0] -> 37[1] via P2P/MNNVL
node23D400661:1240:2609 [1] NCCL INFO Channel 29/0 : 37[1] -> 38[2] via P2P/MNNVL
node23D400661:1241:2610 [2] NCCL INFO Channel 22/0 : 38[2] -> 39[3] via P2P/MNNVL
node23D400661:1242:2608 [3] NCCL INFO Channel 24/0 : 39[3] -> 40[0] via P2P/MNNVL
node23D400661:1241:2610 [2] NCCL INFO Channel 23/0 : 38[2] -> 39[3] via P2P/MNNVL
node23D400661:1239:2607 [0] NCCL INFO Channel 31/0 : 36[0] -> 37[1] via P2P/MNNVL
node23D400661:1240:2609 [1] NCCL INFO Channel 30/0 : 37[1] -> 38[2] via P2P/MNNVL
node23D400661:1242:2608 [3] NCCL INFO Channel 25/0 : 39[3] -> 40[0] via P2P/MNNVL
node23D400661:1241:2610 [2] NCCL INFO Channel 24/0 : 38[2] -> 39[3] via P2P/MNNVL
node23D400661:1242:2608 [3] NCCL INFO Channel 26/0 : 39[3] -> 40[0] via P2P/MNNVL
node23D400661:1240:2609 [1] NCCL INFO Channel 31/0 : 37[1] -> 38[2] via P2P/MNNVL
node23D400661:1241:2610 [2] NCCL INFO Channel 25/0 : 38[2] -> 39[3] via P2P/MNNVL
node23D400661:1242:2608 [3] NCCL INFO Channel 27/0 : 39[3] -> 40[0] via P2P/MNNVL
node23D400661:1241:2610 [2] NCCL INFO Channel 26/0 : 38[2] -> 39[3] via P2P/MNNVL
node23D400661:1242:2608 [3] NCCL INFO Channel 28/0 : 39[3] -> 40[0] via P2P/MNNVL
node23D400661:1241:2610 [2] NCCL INFO Channel 27/0 : 38[2] -> 39[3] via P2P/MNNVL
node23D400661:1242:2608 [3] NCCL INFO Channel 29/0 : 39[3] -> 40[0] via P2P/MNNVL
node23D400661:1241:2610 [2] NCCL INFO Channel 28/0 : 38[2] -> 39[3] via P2P/MNNVL
node23D400661:1242:2608 [3] NCCL INFO Channel 30/0 : 39[3] -> 40[0] via P2P/MNNVL
node23D400661:1241:2610 [2] NCCL INFO Channel 29/0 : 38[2] -> 39[3] via P2P/MNNVL
node23D400661:1242:2608 [3] NCCL INFO Channel 31/0 : 39[3] -> 40[0] via P2P/MNNVL
node23D400661:1241:2610 [2] NCCL INFO Channel 30/0 : 38[2] -> 39[3] via P2P/MNNVL
node23D400661:1241:2610 [2] NCCL INFO Channel 31/0 : 38[2] -> 39[3] via P2P/MNNVL
node23D400661:1240:2609 [1] NCCL INFO Connected all rings, use ring PXN 0 GDR 1
node23D400661:1242:2608 [3] NCCL INFO Connected all rings, use ring PXN 0 GDR 1
node23D400661:1239:2607 [0] NCCL INFO Connected all rings, use ring PXN 0 GDR 1
node23D400661:1241:2610 [2] NCCL INFO Connected all rings, use ring PXN 0 GDR 1
node23D400661:1240:1240 [1] NCCL INFO Comm config Blocking set to 1
node23D400661:1242:1242 [3] NCCL INFO Comm config Blocking set to 1
node23D400661:1239:1239 [0] NCCL INFO Comm config Blocking set to 1
node23D400661:1241:1241 [2] NCCL INFO Comm config Blocking set to 1
node23D400661:1242:2612 [3] NCCL INFO Assigned NET plugin Socket to comm
node23D400661:1240:2611 [1] NCCL INFO Assigned NET plugin Socket to comm
node23D400661:1239:2613 [0] NCCL INFO Assigned NET plugin Socket to comm
node23D400661:1242:2612 [3] NCCL INFO Using network Socket
node23D400661:1240:2611 [1] NCCL INFO Using network Socket
node23D400661:1241:2614 [2] NCCL INFO Assigned NET plugin Socket to comm
node23D400661:1239:2613 [0] NCCL INFO Using network Socket
node23D400661:1241:2614 [2] NCCL INFO Using network Socket
node23D400661:1239:2613 [0] NCCL INFO ncclCommInitRankConfig comm 0x494e9740 rank 20 nranks 32 cudaDev 0 nvmlDev 0 busId 801000 commId 0xd804d16d8b39a0c9 - Init START
node23D400661:1240:2611 [1] NCCL INFO ncclCommInitRankConfig comm 0x413cde60 rank 21 nranks 32 cudaDev 1 nvmlDev 1 busId 901000 commId 0xd804d16d8b39a0c9 - Init START
node23D400661:1242:2612 [3] NCCL INFO ncclCommInitRankConfig comm 0x54227db0 rank 23 nranks 32 cudaDev 3 nvmlDev 3 busId 1901000 commId 0xd804d16d8b39a0c9 - Init START
node23D400661:1241:2614 [2] NCCL INFO ncclCommInitRankConfig comm 0x7003e020 rank 22 nranks 32 cudaDev 2 nvmlDev 2 busId 1801000 commId 0xd804d16d8b39a0c9 - Init START
node23D400661:1239:2613 [0] NCCL INFO Bootstrap timings total 0.855251 (create 0.000055, send 0.000214, recv 0.000872, ring 0.853663, delay 0.000000)
node23D400661:1240:2611 [1] NCCL INFO Bootstrap timings total 0.855248 (create 0.000052, send 0.000164, recv 0.001221, ring 0.853668, delay 0.000000)
node23D400661:1242:2612 [3] NCCL INFO Bootstrap timings total 0.855238 (create 0.000042, send 0.000209, recv 0.852806, ring 0.001829, delay 0.000000)
node23D400661:1241:2614 [2] NCCL INFO Bootstrap timings total 0.855226 (create 0.000026, send 0.000192, recv 0.001266, ring 0.853591, delay 0.000000)
node23D400661:1240:2611 [1] NCCL INFO MNNVL busId 0x901000 fabric UUID aa48724aeeaad6a8.b34b901796a1c18d cliqueId 0x7ffe state 3 healthMask 0xaa
node23D400661:1242:2612 [3] NCCL INFO MNNVL busId 0x1901000 fabric UUID aa48724aeeaad6a8.b34b901796a1c18d cliqueId 0x7ffe state 3 healthMask 0xaa
node23D400661:1239:2613 [0] NCCL INFO MNNVL busId 0x801000 fabric UUID aa48724aeeaad6a8.b34b901796a1c18d cliqueId 0x7ffe state 3 healthMask 0xaa
node23D400661:1241:2614 [2] NCCL INFO MNNVL busId 0x1801000 fabric UUID aa48724aeeaad6a8.b34b901796a1c18d cliqueId 0x7ffe state 3 healthMask 0xaa
node23D400661:1242:2612 [3] NCCL INFO MNNVL 1 cliqueId 7ffe cliqueSize 32 cliqueRank 23
node23D400661:1240:2611 [1] NCCL INFO MNNVL 1 cliqueId 7ffe cliqueSize 32 cliqueRank 21
node23D400661:1239:2613 [0] NCCL INFO MNNVL 1 cliqueId 7ffe cliqueSize 32 cliqueRank 20
node23D400661:1241:2614 [2] NCCL INFO MNNVL 1 cliqueId 7ffe cliqueSize 32 cliqueRank 22
node23D400661:1242:2612 [3] NCCL INFO Setting affinity for GPU 3 to 72-143
node23D400661:1241:2614 [2] NCCL INFO Setting affinity for GPU 2 to 72-143
node23D400661:1240:2611 [1] NCCL INFO Setting affinity for GPU 1 to 0-71
node23D400661:1239:2613 [0] NCCL INFO Setting affinity for GPU 0 to 0-71
node23D400661:1240:2611 [1] NCCL INFO comm 0x413cde60 rank 21 nRanks 32 nNodes 1 localRanks 32 localRank 21 MNNVL 1
node23D400661:1242:2612 [3] NCCL INFO comm 0x54227db0 rank 23 nRanks 32 nNodes 1 localRanks 32 localRank 23 MNNVL 1
node23D400661:1241:2614 [2] NCCL INFO comm 0x7003e020 rank 22 nRanks 32 nNodes 1 localRanks 32 localRank 22 MNNVL 1
node23D400661:1239:2613 [0] NCCL INFO comm 0x494e9740 rank 20 nRanks 32 nNodes 1 localRanks 32 localRank 20 MNNVL 1
node23D400661:1240:2611 [1] NCCL INFO Trees [0] 22/-1/-1->21->20 [1] 22/-1/-1->21->20 [2] 22/-1/-1->21->20 [3] 22/-1/-1->21->20 [4] 22/-1/-1->21->20 [5] 22/-1/-1->21->20 [6] 22/-1/-1->21->20 [7] 22/-1/-1->21->20 [8] 22/-1/-1->21->20 [9] 22/-1/-1->21->20 [10] 22/-1/-1->21->20 [11] 22/-1/-1->21->20 [12] 22/-1/-1->21->20 [13] 22/-1/-1->21->20 [14] 22/-1/-1->21->20 [15] 22/-1/-1->21->20 [16] 22/-1/-1->21->20 [17] 22/-1/-1->21->20 [18] 22/-1/-1->21->20 [19] 22/-1/-1->21->20 [20] 22/-1/-1->21->20 [21] 22/-1/-1->21->20 [22] 22/-1/-1->21->20 [23] 22/-1/-1->21->20 [24] 22/-1/-1->21->20 [25] 22/-1/-1->21->20 [26] 22/-1/-1->21->20 [27] 22/-1/-1->21->20 [28] 22/-1/-1->21->20 [29] 22/-1/-1->21->20 [30] 22/-1/-1->21->20 [31] 22/-1/-1->21->20
node23D400661:1240:2611 [1] NCCL INFO P2P Chunksize set to 524288
node23D400661:1242:2612 [3] NCCL INFO Trees [0] 24/-1/-1->23->22 [1] 24/-1/-1->23->22 [2] 24/-1/-1->23->22 [3] 24/-1/-1->23->22 [4] 24/-1/-1->23->22 [5] 24/-1/-1->23->22 [6] 24/-1/-1->23->22 [7] 24/-1/-1->23->22 [8] 24/-1/-1->23->22 [9] 24/-1/-1->23->22 [10] 24/-1/-1->23->22 [11] 24/-1/-1->23->22 [12] 24/-1/-1->23->22 [13] 24/-1/-1->23->22 [14] 24/-1/-1->23->22 [15] 24/-1/-1->23->22 [16] 24/-1/-1->23->22 [17] 24/-1/-1->23->22 [18] 24/-1/-1->23->22 [19] 24/-1/-1->23->22 [20] 24/-1/-1->23->22 [21] 24/-1/-1->23->22 [22] 24/-1/-1->23->22 [23] 24/-1/-1->23->22 [24] 24/-1/-1->23->22 [25] 24/-1/-1->23->22 [26] 24/-1/-1->23->22 [27] 24/-1/-1->23->22 [28] 24/-1/-1->23->22 [29] 24/-1/-1->23->22 [30] 24/-1/-1->23->22 [31] 24/-1/-1->23->22
node23D400661:1242:2612 [3] NCCL INFO P2P Chunksize set to 524288
node23D400661:1241:2614 [2] NCCL INFO Trees [0] 23/-1/-1->22->21 [1] 23/-1/-1->22->21 [2] 23/-1/-1->22->21 [3] 23/-1/-1->22->21 [4] 23/-1/-1->22->21 [5] 23/-1/-1->22->21 [6] 23/-1/-1->22->21 [7] 23/-1/-1->22->21 [8] 23/-1/-1->22->21 [9] 23/-1/-1->22->21 [10] 23/-1/-1->22->21 [11] 23/-1/-1->22->21 [12] 23/-1/-1->22->21 [13] 23/-1/-1->22->21 [14] 23/-1/-1->22->21 [15] 23/-1/-1->22->21 [16] 23/-1/-1->22->21 [17] 23/-1/-1->22->21 [18] 23/-1/-1->22->21 [19] 23/-1/-1->22->21 [20] 23/-1/-1->22->21 [21] 23/-1/-1->22->21 [22] 23/-1/-1->22->21 [23] 23/-1/-1->22->21 [24] 23/-1/-1->22->21 [25] 23/-1/-1->22->21 [26] 23/-1/-1->22->21 [27] 23/-1/-1->22->21 [28] 23/-1/-1->22->21 [29] 23/-1/-1->22->21 [30] 23/-1/-1->22->21 [31] 23/-1/-1->22->21
node23D400661:1241:2614 [2] NCCL INFO P2P Chunksize set to 524288
node23D400661:1239:2613 [0] NCCL INFO Trees [0] 21/-1/-1->20->19 [1] 21/-1/-1->20->19 [2] 21/-1/-1->20->19 [3] 21/-1/-1->20->19 [4] 21/-1/-1->20->19 [5] 21/-1/-1->20->19 [6] 21/-1/-1->20->19 [7] 21/-1/-1->20->19 [8] 21/-1/-1->20->19 [9] 21/-1/-1->20->19 [10] 21/-1/-1->20->19 [11] 21/-1/-1->20->19 [12] 21/-1/-1->20->19 [13] 21/-1/-1->20->19 [14] 21/-1/-1->20->19 [15] 21/-1/-1->20->19 [16] 21/-1/-1->20->19 [17] 21/-1/-1->20->19 [18] 21/-1/-1->20->19 [19] 21/-1/-1->20->19 [20] 21/-1/-1->20->19 [21] 21/-1/-1->20->19 [22] 21/-1/-1->20->19 [23] 21/-1/-1->20->19 [24] 21/-1/-1->20->19 [25] 21/-1/-1->20->19 [26] 21/-1/-1->20->19 [27] 21/-1/-1->20->19 [28] 21/-1/-1->20->19 [29] 21/-1/-1->20->19 [30] 21/-1/-1->20->19 [31] 21/-1/-1->20->19
node23D400661:1239:2613 [0] NCCL INFO P2P Chunksize set to 524288
node23D400661:1240:2615 [1] NCCL INFO [Proxy Service] Device 1 CPU core 24
node23D400661:1240:2619 [1] NCCL INFO [Proxy Service UDS] Device 1 CPU core 25
node23D400661:1239:2618 [0] NCCL INFO [Proxy Service] Device 0 CPU core 10
node23D400661:1242:2616 [3] NCCL INFO [Proxy Service] Device 3 CPU core 140
node23D400661:1241:2617 [2] NCCL INFO [Proxy Service] Device 2 CPU core 74
node23D400661:1242:2621 [3] NCCL INFO [Proxy Service UDS] Device 3 CPU core 141
node23D400661:1239:2622 [0] NCCL INFO [Proxy Service UDS] Device 0 CPU core 11
node23D400661:1241:2620 [2] NCCL INFO [Proxy Service UDS] Device 2 CPU core 75
node23D400661:1239:2613 [0] NCCL INFO threadThresholds 8/8/64 | 256/8/64 | 512 | 512
node23D400661:1239:2613 [0] NCCL INFO 32 coll channels, 32 collnet channels, 0 nvls channels, 32 p2p channels, 32 p2p channels per peer
node23D400661:1240:2611 [1] NCCL INFO threadThresholds 8/8/64 | 256/8/64 | 512 | 512
node23D400661:1240:2611 [1] NCCL INFO 32 coll channels, 32 collnet channels, 0 nvls channels, 32 p2p channels, 32 p2p channels per peer
node23D400661:1241:2614 [2] NCCL INFO threadThresholds 8/8/64 | 256/8/64 | 512 | 512
node23D400661:1242:2612 [3] NCCL INFO threadThresholds 8/8/64 | 256/8/64 | 512 | 512
node23D400661:1241:2614 [2] NCCL INFO 32 coll channels, 32 collnet channels, 0 nvls channels, 32 p2p channels, 32 p2p channels per peer
node23D400661:1242:2612 [3] NCCL INFO 32 coll channels, 32 collnet channels, 0 nvls channels, 32 p2p channels, 32 p2p channels per peer
node23D400661:1240:2611 [1] NCCL INFO ncclCommInitRankConfig comm 0x413cde60 rank 21 nranks 32 cudaDev 1 nvmlDev 1 busId 901000 commId 0xd804d16d8b39a0c9 - Init COMPLETE
node23D400661:1240:2611 [1] NCCL INFO Init timings - ncclCommInitRankConfig: rank 21 nranks 32 total 2.42 (kernels 0.00, alloc 0.00, bootstrap 0.86, allgathers 0.12, topo 1.26, graphs 0.02, connections 0.15, rest 0.01)
node23D400661:1239:2613 [0] NCCL INFO ncclCommInitRankConfig comm 0x494e9740 rank 20 nranks 32 cudaDev 0 nvmlDev 0 busId 801000 commId 0xd804d16d8b39a0c9 - Init COMPLETE
node23D400661:1239:2613 [0] NCCL INFO Init timings - ncclCommInitRankConfig: rank 20 nranks 32 total 2.42 (kernels 0.00, alloc 0.00, bootstrap 0.86, allgathers 0.10, topo 1.28, graphs 0.02, connections 0.15, rest 0.02)
node23D400661:1241:2614 [2] NCCL INFO ncclCommInitRankConfig comm 0x7003e020 rank 22 nranks 32 cudaDev 2 nvmlDev 2 busId 1801000 commId 0xd804d16d8b39a0c9 - Init COMPLETE
node23D400661:1241:2614 [2] NCCL INFO Init timings - ncclCommInitRankConfig: rank 22 nranks 32 total 2.42 (kernels 0.00, alloc 0.00, bootstrap 0.86, allgathers 0.12, topo 1.26, graphs 0.02, connections 0.16, rest 0.01)
node23D400661:1242:2612 [3] NCCL INFO ncclCommInitRankConfig comm 0x54227db0 rank 23 nranks 32 cudaDev 3 nvmlDev 3 busId 1901000 commId 0xd804d16d8b39a0c9 - Init COMPLETE
